interactions:
- request:
    body: "--2f380ccac8413964894e7e4deb012492\r\nContent-Disposition: form-data; name=\"workflowSource\";
      filename=\"mapTypeTest.wdl\"\r\nContent-Type: application/octet-stream\r\n\r\nversion
      1.0\n\nworkflow enhanced_map_test {\n    input {\n        # Original inputs\n
      \       Array[String] samples\n        Map[String, String] sample_metadata\n
      \       Map[String, Int] read_lengths\n\n        # New test inputs\n        Map[String,
      Map[String, String]] nested_map = {\n            \"patient1\": {\n                \"sample1\":
      \"normal\",\n                \"sample2\": \"tumor\"\n            },\n            \"patient2\":
      {\n                \"sample3\": \"normal\",\n                \"sample4\": \"tumor\"\n
      \           }\n        }\n        # We need to provide keys as arrays since
      WDL 1.0 doesn't have a keys() function\n        Array[String] patient_ids =
      [\"patient1\", \"patient2\"]\n    }\n\n    # Test nested map processing\n    scatter
      (patient_id in patient_ids) {\n        call process_nested_map {\n            input:\n
      \               patient_id = patient_id,\n                patient_data = nested_map[patient_id],\n
      \               # We need to provide the sample names explicitly\n                samples_for_patient
      = if patient_id == \"patient1\" then [\"sample1\", \"sample2\"] else [\"sample3\",
      \"sample4\"]\n        }\n    }\n\n    # Original sample processing with output
      map generation\n    scatter (sample in samples) {\n        call process_sample
      {\n            input:\n                sample_name = sample,\n                sample_type
      = sample_metadata[sample],\n                read_length = read_lengths[sample]\n
      \       }\n    }\n\n    # Aggregate results into a map\n    call create_result_map
      {\n        input:\n            sample_names = samples,\n            processing_messages
      = process_sample.message\n    }\n\n    output {\n        Map[String, String]
      result_map = create_result_map.output_map\n        Array[String] nested_map_results
      = process_nested_map.message\n    }\n}\n\ntask process_nested_map {\n    input
      {\n        String patient_id\n        Map[String, String] patient_data\n        Array[String]
      samples_for_patient\n    }\n\n    # First get the first sample ID\n    String
      first_sample = samples_for_patient[0]\n    # Then use it to index the patient
      data\n    String sample_type = patient_data[first_sample]\n\n    command {\n
      \       echo \"Processing patient ${patient_id} with sample type ${sample_type}\"\n
      \       for sample in ${sep=' ' samples_for_patient}; do\n            echo \"Sample:
      $sample\"\n        done\n    }\n\n    output {\n        String message = read_string(stdout())\n
      \   }\n\n    runtime {\n        docker: \"ubuntu:noble-20241118.1\"\n    }\n}\n\ntask
      process_sample {\n    input {\n        String sample_name\n        String sample_type\n
      \       Int read_length\n    }\n\n    command <<<\n        echo \"Processing
      ~{sample_name} (~{sample_type}) with read length ~{read_length}\"\n    >>>\n\n
      \   output {\n        String message = read_string(stdout())\n    }\n\n    runtime
      {\n        docker: \"ubuntu:noble-20241118.1\"\n    }\n}\n\ntask create_result_map
      {\n    input {\n        Array[String] sample_names\n        Array[String] processing_messages\n
      \   }\n\n    command <<<\n        python <<CODE\n        samples = '~{sep=\",\"
      sample_names}'.split(',')\n        messages = '~{sep=\",\" processing_messages}'.split(',')\n
      \       result = dict(zip(samples, messages))\n        with open('output.txt',
      'w') as f:\n            for sample, message in result.items():\n                f.write(f\"{sample}\\t{message}\\n\")\n
      \       CODE\n    >>>\n\n    output {\n        Map[String, String] output_map
      = read_map('output.txt')\n    }\n\n    runtime {\n        docker: \"python:3.8-slim\"\n
      \   }\n}\r\n--2f380ccac8413964894e7e4deb012492\r\nContent-Disposition: form-data;
      name=\"workflowInputs\"; filename=\"inputs.json\"\r\nContent-Type: application/json\r\n\r\n{\n
      \   \"enhanced_map_test.samples\": [\"sample1\", \"sample2\", \"sample3\"],\n
      \   \"enhanced_map_test.sample_metadata\": {\n        \"sample1\": \"normal\",\n
      \       \"sample2\": \"tumor\",\n        \"sample3\": \"normal\"\n    },\n    \"enhanced_map_test.read_lengths\":
      {\n        \"sample1\": 100,\n        \"sample2\": 150,\n        \"sample3\":
      100\n    },\n    \"enhanced_map_test.nested_map\": {\n        \"patient1\":
      {\n            \"sample1\": \"normal\",\n            \"sample2\": \"tumor\"\n
      \       },\n        \"patient2\": {\n            \"sample3\": \"normal\",\n
      \           \"sample4\": \"tumor\"\n        }\n    },\n    \"enhanced_map_test.patient_ids\":
      [\"patient1\", \"patient2\"]\n}\r\n--2f380ccac8413964894e7e4deb012492\r\nContent-Disposition:
      form-data; name=\"workflowOptions\"; filename=\"options.json\"\r\nContent-Type:
      application/json\r\n\r\n{\n    \"workflow_failure_mode\": \"ContinueWhilePossible\",\n
      \   \"write_to_cache\": false,\n    \"read_from_cache\": false\n}\n\r\n--2f380ccac8413964894e7e4deb012492--\r\n"
    headers:
      Accept:
      - '*/*'
      Accept-Encoding:
      - gzip, deflate
      Connection:
      - keep-alive
      Content-Length:
      - '4653'
      Content-Type:
      - multipart/form-data; boundary=2f380ccac8413964894e7e4deb012492
      Host:
      - gizmok66.fhcrc.org:39539
      User-Agent:
      - python-httpx/0.28.1
    method: POST
    uri: https://gizmok66.fhcrc.org:39539/api/workflows/v1
  response:
    body:
      string: '{"id":"12bf9cbd-1e54-44b1-8db1-daef1d1250f0","status":"Submitted"}'
    headers:
      Connection:
      - keep-alive
      Content-Length:
      - '66'
      Content-Type:
      - application/json
      Date:
      - Sun, 04 Jan 2026 04:28:24 GMT
      Server:
      - nginx/1.25.3
    status:
      code: 201
      message: Created
- request:
    body: ''
    headers:
      Accept:
      - '*/*'
      Accept-Encoding:
      - gzip, deflate
      Connection:
      - keep-alive
      Host:
      - gizmok66.fhcrc.org:39539
      User-Agent:
      - python-httpx/0.28.1
    method: GET
    uri: https://gizmok66.fhcrc.org:39539/api/workflows/v1/12bf9cbd-1e54-44b1-8db1-daef1d1250f0/metadata?includeKey=status&includeKey=failures&includeKey=jobId
  response:
    body:
      string: '{"status":"Submitted","calls":{},"id":"12bf9cbd-1e54-44b1-8db1-daef1d1250f0"}'
    headers:
      Connection:
      - keep-alive
      Content-Type:
      - application/json
      Date:
      - Sun, 04 Jan 2026 04:28:29 GMT
      Server:
      - nginx/1.25.3
      Transfer-Encoding:
      - chunked
      content-length:
      - '77'
    status:
      code: 200
      message: OK
- request:
    body: ''
    headers:
      Accept:
      - '*/*'
      Accept-Encoding:
      - gzip, deflate
      Connection:
      - keep-alive
      Host:
      - gizmok66.fhcrc.org:39539
      User-Agent:
      - python-httpx/0.28.1
    method: GET
    uri: https://gizmok66.fhcrc.org:39539/api/workflows/v1/12bf9cbd-1e54-44b1-8db1-daef1d1250f0/metadata?includeKey=status&includeKey=failures&includeKey=jobId
  response:
    body:
      string: '{"status":"Submitted","calls":{},"id":"12bf9cbd-1e54-44b1-8db1-daef1d1250f0"}'
    headers:
      Connection:
      - keep-alive
      Content-Type:
      - application/json
      Date:
      - Sun, 04 Jan 2026 04:28:34 GMT
      Server:
      - nginx/1.25.3
      Transfer-Encoding:
      - chunked
      content-length:
      - '77'
    status:
      code: 200
      message: OK
- request:
    body: ''
    headers:
      Accept:
      - '*/*'
      Accept-Encoding:
      - gzip, deflate
      Connection:
      - keep-alive
      Host:
      - gizmok66.fhcrc.org:39539
      User-Agent:
      - python-httpx/0.28.1
    method: GET
    uri: https://gizmok66.fhcrc.org:39539/api/workflows/v1/12bf9cbd-1e54-44b1-8db1-daef1d1250f0/metadata?includeKey=status&includeKey=failures&includeKey=jobId
  response:
    body:
      string: '{"status":"Submitted","calls":{},"id":"12bf9cbd-1e54-44b1-8db1-daef1d1250f0"}'
    headers:
      Connection:
      - keep-alive
      Content-Type:
      - application/json
      Date:
      - Sun, 04 Jan 2026 04:28:39 GMT
      Server:
      - nginx/1.25.3
      Transfer-Encoding:
      - chunked
      content-length:
      - '77'
    status:
      code: 200
      message: OK
- request:
    body: ''
    headers:
      Accept:
      - '*/*'
      Accept-Encoding:
      - gzip, deflate
      Connection:
      - keep-alive
      Host:
      - gizmok66.fhcrc.org:39539
      User-Agent:
      - python-httpx/0.28.1
    method: GET
    uri: https://gizmok66.fhcrc.org:39539/api/workflows/v1/12bf9cbd-1e54-44b1-8db1-daef1d1250f0/metadata?includeKey=status&includeKey=failures&includeKey=jobId
  response:
    body:
      string: '{"status":"Submitted","calls":{},"id":"12bf9cbd-1e54-44b1-8db1-daef1d1250f0"}'
    headers:
      Connection:
      - keep-alive
      Content-Type:
      - application/json
      Date:
      - Sun, 04 Jan 2026 04:28:44 GMT
      Server:
      - nginx/1.25.3
      Transfer-Encoding:
      - chunked
      content-length:
      - '77'
    status:
      code: 200
      message: OK
- request:
    body: ''
    headers:
      Accept:
      - '*/*'
      Accept-Encoding:
      - gzip, deflate
      Connection:
      - keep-alive
      Host:
      - gizmok66.fhcrc.org:39539
      User-Agent:
      - python-httpx/0.28.1
    method: GET
    uri: https://gizmok66.fhcrc.org:39539/api/workflows/v1/12bf9cbd-1e54-44b1-8db1-daef1d1250f0/metadata?includeKey=status&includeKey=failures&includeKey=jobId
  response:
    body:
      string: '{"status":"Submitted","calls":{},"id":"12bf9cbd-1e54-44b1-8db1-daef1d1250f0"}'
    headers:
      Connection:
      - keep-alive
      Content-Type:
      - application/json
      Date:
      - Sun, 04 Jan 2026 04:28:49 GMT
      Server:
      - nginx/1.25.3
      Transfer-Encoding:
      - chunked
      content-length:
      - '77'
    status:
      code: 200
      message: OK
- request:
    body: ''
    headers:
      Accept:
      - '*/*'
      Accept-Encoding:
      - gzip, deflate
      Connection:
      - keep-alive
      Host:
      - gizmok66.fhcrc.org:39539
      User-Agent:
      - python-httpx/0.28.1
    method: GET
    uri: https://gizmok66.fhcrc.org:39539/api/workflows/v1/12bf9cbd-1e54-44b1-8db1-daef1d1250f0/metadata?includeKey=status&includeKey=failures&includeKey=jobId
  response:
    body:
      string: '{"status":"Submitted","calls":{},"id":"12bf9cbd-1e54-44b1-8db1-daef1d1250f0"}'
    headers:
      Connection:
      - keep-alive
      Content-Type:
      - application/json
      Date:
      - Sun, 04 Jan 2026 04:28:54 GMT
      Server:
      - nginx/1.25.3
      Transfer-Encoding:
      - chunked
      content-length:
      - '77'
    status:
      code: 200
      message: OK
- request:
    body: ''
    headers:
      Accept:
      - '*/*'
      Accept-Encoding:
      - gzip, deflate
      Connection:
      - keep-alive
      Host:
      - gizmok66.fhcrc.org:39539
      User-Agent:
      - python-httpx/0.28.1
    method: GET
    uri: https://gizmok66.fhcrc.org:39539/api/workflows/v1/12bf9cbd-1e54-44b1-8db1-daef1d1250f0/metadata?includeKey=status&includeKey=failures&includeKey=jobId
  response:
    body:
      string: '{"status":"Submitted","calls":{},"id":"12bf9cbd-1e54-44b1-8db1-daef1d1250f0"}'
    headers:
      Connection:
      - keep-alive
      Content-Type:
      - application/json
      Date:
      - Sun, 04 Jan 2026 04:28:59 GMT
      Server:
      - nginx/1.25.3
      Transfer-Encoding:
      - chunked
      content-length:
      - '77'
    status:
      code: 200
      message: OK
- request:
    body: ''
    headers:
      Accept:
      - '*/*'
      Accept-Encoding:
      - gzip, deflate
      Connection:
      - keep-alive
      Host:
      - gizmok66.fhcrc.org:39539
      User-Agent:
      - python-httpx/0.28.1
    method: GET
    uri: https://gizmok66.fhcrc.org:39539/api/workflows/v1/12bf9cbd-1e54-44b1-8db1-daef1d1250f0/metadata?includeKey=status&includeKey=failures&includeKey=jobId
  response:
    body:
      string: '{"status":"Submitted","calls":{},"id":"12bf9cbd-1e54-44b1-8db1-daef1d1250f0"}'
    headers:
      Connection:
      - keep-alive
      Content-Type:
      - application/json
      Date:
      - Sun, 04 Jan 2026 04:29:04 GMT
      Server:
      - nginx/1.25.3
      Transfer-Encoding:
      - chunked
      content-length:
      - '77'
    status:
      code: 200
      message: OK
- request:
    body: ''
    headers:
      Accept:
      - '*/*'
      Accept-Encoding:
      - gzip, deflate
      Connection:
      - keep-alive
      Host:
      - gizmok66.fhcrc.org:39539
      User-Agent:
      - python-httpx/0.28.1
    method: GET
    uri: https://gizmok66.fhcrc.org:39539/api/workflows/v1/12bf9cbd-1e54-44b1-8db1-daef1d1250f0/metadata?includeKey=status&includeKey=failures&includeKey=jobId
  response:
    body:
      string: '{"status":"Submitted","calls":{},"id":"12bf9cbd-1e54-44b1-8db1-daef1d1250f0"}'
    headers:
      Connection:
      - keep-alive
      Content-Type:
      - application/json
      Date:
      - Sun, 04 Jan 2026 04:29:09 GMT
      Server:
      - nginx/1.25.3
      Transfer-Encoding:
      - chunked
      content-length:
      - '77'
    status:
      code: 200
      message: OK
- request:
    body: ''
    headers:
      Accept:
      - '*/*'
      Accept-Encoding:
      - gzip, deflate
      Connection:
      - keep-alive
      Host:
      - gizmok66.fhcrc.org:39539
      User-Agent:
      - python-httpx/0.28.1
    method: GET
    uri: https://gizmok66.fhcrc.org:39539/api/workflows/v1/12bf9cbd-1e54-44b1-8db1-daef1d1250f0/metadata?includeKey=status&includeKey=failures&includeKey=jobId
  response:
    body:
      string: '{"status":"Submitted","calls":{},"id":"12bf9cbd-1e54-44b1-8db1-daef1d1250f0"}'
    headers:
      Connection:
      - keep-alive
      Content-Type:
      - application/json
      Date:
      - Sun, 04 Jan 2026 04:29:14 GMT
      Server:
      - nginx/1.25.3
      Transfer-Encoding:
      - chunked
      content-length:
      - '77'
    status:
      code: 200
      message: OK
- request:
    body: ''
    headers:
      Accept:
      - '*/*'
      Accept-Encoding:
      - gzip, deflate
      Connection:
      - keep-alive
      Host:
      - gizmok66.fhcrc.org:39539
      User-Agent:
      - python-httpx/0.28.1
    method: GET
    uri: https://gizmok66.fhcrc.org:39539/api/workflows/v1/12bf9cbd-1e54-44b1-8db1-daef1d1250f0/metadata?includeKey=status&includeKey=failures&includeKey=jobId
  response:
    body:
      string: '{"status":"Submitted","calls":{},"id":"12bf9cbd-1e54-44b1-8db1-daef1d1250f0"}'
    headers:
      Connection:
      - keep-alive
      Content-Type:
      - application/json
      Date:
      - Sun, 04 Jan 2026 04:29:20 GMT
      Server:
      - nginx/1.25.3
      Transfer-Encoding:
      - chunked
      content-length:
      - '77'
    status:
      code: 200
      message: OK
- request:
    body: ''
    headers:
      Accept:
      - '*/*'
      Accept-Encoding:
      - gzip, deflate
      Connection:
      - keep-alive
      Host:
      - gizmok66.fhcrc.org:39539
      User-Agent:
      - python-httpx/0.28.1
    method: GET
    uri: https://gizmok66.fhcrc.org:39539/api/workflows/v1/12bf9cbd-1e54-44b1-8db1-daef1d1250f0/metadata?includeKey=status&includeKey=failures&includeKey=jobId
  response:
    body:
      string: '{"status":"Submitted","calls":{},"id":"12bf9cbd-1e54-44b1-8db1-daef1d1250f0"}'
    headers:
      Connection:
      - keep-alive
      Content-Type:
      - application/json
      Date:
      - Sun, 04 Jan 2026 04:29:25 GMT
      Server:
      - nginx/1.25.3
      Transfer-Encoding:
      - chunked
      content-length:
      - '77'
    status:
      code: 200
      message: OK
- request:
    body: ''
    headers:
      Accept:
      - '*/*'
      Accept-Encoding:
      - gzip, deflate
      Connection:
      - keep-alive
      Host:
      - gizmok66.fhcrc.org:39539
      User-Agent:
      - python-httpx/0.28.1
    method: GET
    uri: https://gizmok66.fhcrc.org:39539/api/workflows/v1/12bf9cbd-1e54-44b1-8db1-daef1d1250f0/metadata?includeKey=status&includeKey=failures&includeKey=jobId
  response:
    body:
      string: '{"status":"Submitted","calls":{},"id":"12bf9cbd-1e54-44b1-8db1-daef1d1250f0"}'
    headers:
      Connection:
      - keep-alive
      Content-Type:
      - application/json
      Date:
      - Sun, 04 Jan 2026 04:29:30 GMT
      Server:
      - nginx/1.25.3
      Transfer-Encoding:
      - chunked
      content-length:
      - '77'
    status:
      code: 200
      message: OK
- request:
    body: ''
    headers:
      Accept:
      - '*/*'
      Accept-Encoding:
      - gzip, deflate
      Connection:
      - keep-alive
      Host:
      - gizmok66.fhcrc.org:39539
      User-Agent:
      - python-httpx/0.28.1
    method: GET
    uri: https://gizmok66.fhcrc.org:39539/api/workflows/v1/12bf9cbd-1e54-44b1-8db1-daef1d1250f0/metadata?includeKey=status&includeKey=failures&includeKey=jobId
  response:
    body:
      string: '{"status":"Submitted","calls":{},"id":"12bf9cbd-1e54-44b1-8db1-daef1d1250f0"}'
    headers:
      Connection:
      - keep-alive
      Content-Type:
      - application/json
      Date:
      - Sun, 04 Jan 2026 04:29:35 GMT
      Server:
      - nginx/1.25.3
      Transfer-Encoding:
      - chunked
      content-length:
      - '77'
    status:
      code: 200
      message: OK
- request:
    body: ''
    headers:
      Accept:
      - '*/*'
      Accept-Encoding:
      - gzip, deflate
      Connection:
      - keep-alive
      Host:
      - gizmok66.fhcrc.org:39539
      User-Agent:
      - python-httpx/0.28.1
    method: GET
    uri: https://gizmok66.fhcrc.org:39539/api/workflows/v1/12bf9cbd-1e54-44b1-8db1-daef1d1250f0/metadata?includeKey=status&includeKey=failures&includeKey=jobId
  response:
    body:
      string: '{"status":"Submitted","calls":{},"id":"12bf9cbd-1e54-44b1-8db1-daef1d1250f0"}'
    headers:
      Connection:
      - keep-alive
      Content-Type:
      - application/json
      Date:
      - Sun, 04 Jan 2026 04:29:40 GMT
      Server:
      - nginx/1.25.3
      Transfer-Encoding:
      - chunked
      content-length:
      - '77'
    status:
      code: 200
      message: OK
- request:
    body: ''
    headers:
      Accept:
      - '*/*'
      Accept-Encoding:
      - gzip, deflate
      Connection:
      - keep-alive
      Host:
      - gizmok66.fhcrc.org:39539
      User-Agent:
      - python-httpx/0.28.1
    method: GET
    uri: https://gizmok66.fhcrc.org:39539/api/workflows/v1/12bf9cbd-1e54-44b1-8db1-daef1d1250f0/metadata?includeKey=status&includeKey=failures&includeKey=jobId
  response:
    body:
      string: '{"status":"Submitted","calls":{},"id":"12bf9cbd-1e54-44b1-8db1-daef1d1250f0"}'
    headers:
      Connection:
      - keep-alive
      Content-Type:
      - application/json
      Date:
      - Sun, 04 Jan 2026 04:29:45 GMT
      Server:
      - nginx/1.25.3
      Transfer-Encoding:
      - chunked
      content-length:
      - '77'
    status:
      code: 200
      message: OK
- request:
    body: ''
    headers:
      Accept:
      - '*/*'
      Accept-Encoding:
      - gzip, deflate
      Connection:
      - keep-alive
      Host:
      - gizmok66.fhcrc.org:39539
      User-Agent:
      - python-httpx/0.28.1
    method: GET
    uri: https://gizmok66.fhcrc.org:39539/api/workflows/v1/12bf9cbd-1e54-44b1-8db1-daef1d1250f0/metadata?includeKey=status&includeKey=failures&includeKey=jobId
  response:
    body:
      string: '{"status":"Submitted","calls":{},"id":"12bf9cbd-1e54-44b1-8db1-daef1d1250f0"}'
    headers:
      Connection:
      - keep-alive
      Content-Type:
      - application/json
      Date:
      - Sun, 04 Jan 2026 04:29:50 GMT
      Server:
      - nginx/1.25.3
      Transfer-Encoding:
      - chunked
      content-length:
      - '77'
    status:
      code: 200
      message: OK
- request:
    body: ''
    headers:
      Accept:
      - '*/*'
      Accept-Encoding:
      - gzip, deflate
      Connection:
      - keep-alive
      Host:
      - gizmok66.fhcrc.org:39539
      User-Agent:
      - python-httpx/0.28.1
    method: GET
    uri: https://gizmok66.fhcrc.org:39539/api/workflows/v1/12bf9cbd-1e54-44b1-8db1-daef1d1250f0/metadata?includeKey=status&includeKey=failures&includeKey=jobId
  response:
    body:
      string: '{"status":"Submitted","calls":{},"id":"12bf9cbd-1e54-44b1-8db1-daef1d1250f0"}'
    headers:
      Connection:
      - keep-alive
      Content-Type:
      - application/json
      Date:
      - Sun, 04 Jan 2026 04:29:55 GMT
      Server:
      - nginx/1.25.3
      Transfer-Encoding:
      - chunked
      content-length:
      - '77'
    status:
      code: 200
      message: OK
- request:
    body: ''
    headers:
      Accept:
      - '*/*'
      Accept-Encoding:
      - gzip, deflate
      Connection:
      - keep-alive
      Host:
      - gizmok66.fhcrc.org:39539
      User-Agent:
      - python-httpx/0.28.1
    method: GET
    uri: https://gizmok66.fhcrc.org:39539/api/workflows/v1/12bf9cbd-1e54-44b1-8db1-daef1d1250f0/metadata?includeKey=status&includeKey=failures&includeKey=jobId
  response:
    body:
      string: '{"status":"Submitted","calls":{},"id":"12bf9cbd-1e54-44b1-8db1-daef1d1250f0"}'
    headers:
      Connection:
      - keep-alive
      Content-Type:
      - application/json
      Date:
      - Sun, 04 Jan 2026 04:30:00 GMT
      Server:
      - nginx/1.25.3
      Transfer-Encoding:
      - chunked
      content-length:
      - '77'
    status:
      code: 200
      message: OK
- request:
    body: ''
    headers:
      Accept:
      - '*/*'
      Accept-Encoding:
      - gzip, deflate
      Connection:
      - keep-alive
      Host:
      - gizmok66.fhcrc.org:39539
      User-Agent:
      - python-httpx/0.28.1
    method: GET
    uri: https://gizmok66.fhcrc.org:39539/api/workflows/v1/12bf9cbd-1e54-44b1-8db1-daef1d1250f0/metadata?includeKey=status&includeKey=failures&includeKey=jobId
  response:
    body:
      string: '{"status":"Submitted","calls":{},"id":"12bf9cbd-1e54-44b1-8db1-daef1d1250f0"}'
    headers:
      Connection:
      - keep-alive
      Content-Type:
      - application/json
      Date:
      - Sun, 04 Jan 2026 04:30:05 GMT
      Server:
      - nginx/1.25.3
      Transfer-Encoding:
      - chunked
      content-length:
      - '77'
    status:
      code: 200
      message: OK
- request:
    body: ''
    headers:
      Accept:
      - '*/*'
      Accept-Encoding:
      - gzip, deflate
      Connection:
      - keep-alive
      Host:
      - gizmok66.fhcrc.org:39539
      User-Agent:
      - python-httpx/0.28.1
    method: GET
    uri: https://gizmok66.fhcrc.org:39539/api/workflows/v1/12bf9cbd-1e54-44b1-8db1-daef1d1250f0/metadata?includeKey=status&includeKey=failures&includeKey=jobId
  response:
    body:
      string: '{"status":"Submitted","calls":{},"id":"12bf9cbd-1e54-44b1-8db1-daef1d1250f0"}'
    headers:
      Connection:
      - keep-alive
      Content-Type:
      - application/json
      Date:
      - Sun, 04 Jan 2026 04:30:10 GMT
      Server:
      - nginx/1.25.3
      Transfer-Encoding:
      - chunked
      content-length:
      - '77'
    status:
      code: 200
      message: OK
- request:
    body: ''
    headers:
      Accept:
      - '*/*'
      Accept-Encoding:
      - gzip, deflate
      Connection:
      - keep-alive
      Host:
      - gizmok66.fhcrc.org:39539
      User-Agent:
      - python-httpx/0.28.1
    method: GET
    uri: https://gizmok66.fhcrc.org:39539/api/workflows/v1/12bf9cbd-1e54-44b1-8db1-daef1d1250f0/metadata?includeKey=status&includeKey=failures&includeKey=jobId
  response:
    body:
      string: '{"status":"Submitted","calls":{},"id":"12bf9cbd-1e54-44b1-8db1-daef1d1250f0"}'
    headers:
      Connection:
      - keep-alive
      Content-Type:
      - application/json
      Date:
      - Sun, 04 Jan 2026 04:30:15 GMT
      Server:
      - nginx/1.25.3
      Transfer-Encoding:
      - chunked
      content-length:
      - '77'
    status:
      code: 200
      message: OK
- request:
    body: ''
    headers:
      Accept:
      - '*/*'
      Accept-Encoding:
      - gzip, deflate
      Connection:
      - keep-alive
      Host:
      - gizmok66.fhcrc.org:39539
      User-Agent:
      - python-httpx/0.28.1
    method: GET
    uri: https://gizmok66.fhcrc.org:39539/api/workflows/v1/12bf9cbd-1e54-44b1-8db1-daef1d1250f0/metadata?includeKey=status&includeKey=failures&includeKey=jobId
  response:
    body:
      string: '{"status":"Submitted","calls":{},"id":"12bf9cbd-1e54-44b1-8db1-daef1d1250f0"}'
    headers:
      Connection:
      - keep-alive
      Content-Type:
      - application/json
      Date:
      - Sun, 04 Jan 2026 04:30:20 GMT
      Server:
      - nginx/1.25.3
      Transfer-Encoding:
      - chunked
      content-length:
      - '77'
    status:
      code: 200
      message: OK
- request:
    body: ''
    headers:
      Accept:
      - '*/*'
      Accept-Encoding:
      - gzip, deflate
      Connection:
      - keep-alive
      Host:
      - gizmok66.fhcrc.org:39539
      User-Agent:
      - python-httpx/0.28.1
    method: GET
    uri: https://gizmok66.fhcrc.org:39539/api/workflows/v1/12bf9cbd-1e54-44b1-8db1-daef1d1250f0/metadata?includeKey=status&includeKey=failures&includeKey=jobId
  response:
    body:
      string: '{"status":"Submitted","calls":{},"id":"12bf9cbd-1e54-44b1-8db1-daef1d1250f0"}'
    headers:
      Connection:
      - keep-alive
      Content-Type:
      - application/json
      Date:
      - Sun, 04 Jan 2026 04:30:25 GMT
      Server:
      - nginx/1.25.3
      Transfer-Encoding:
      - chunked
      content-length:
      - '77'
    status:
      code: 200
      message: OK
- request:
    body: ''
    headers:
      Accept:
      - '*/*'
      Accept-Encoding:
      - gzip, deflate
      Connection:
      - keep-alive
      Host:
      - gizmok66.fhcrc.org:39539
      User-Agent:
      - python-httpx/0.28.1
    method: GET
    uri: https://gizmok66.fhcrc.org:39539/api/workflows/v1/12bf9cbd-1e54-44b1-8db1-daef1d1250f0/metadata?includeKey=status&includeKey=failures&includeKey=jobId
  response:
    body:
      string: '{"status":"Submitted","calls":{},"id":"12bf9cbd-1e54-44b1-8db1-daef1d1250f0"}'
    headers:
      Connection:
      - keep-alive
      Content-Type:
      - application/json
      Date:
      - Sun, 04 Jan 2026 04:30:30 GMT
      Server:
      - nginx/1.25.3
      Transfer-Encoding:
      - chunked
      content-length:
      - '77'
    status:
      code: 200
      message: OK
- request:
    body: ''
    headers:
      Accept:
      - '*/*'
      Accept-Encoding:
      - gzip, deflate
      Connection:
      - keep-alive
      Host:
      - gizmok66.fhcrc.org:39539
      User-Agent:
      - python-httpx/0.28.1
    method: GET
    uri: https://gizmok66.fhcrc.org:39539/api/workflows/v1/12bf9cbd-1e54-44b1-8db1-daef1d1250f0/metadata?includeKey=status&includeKey=failures&includeKey=jobId
  response:
    body:
      string: '{"status":"Submitted","calls":{},"id":"12bf9cbd-1e54-44b1-8db1-daef1d1250f0"}'
    headers:
      Connection:
      - keep-alive
      Content-Type:
      - application/json
      Date:
      - Sun, 04 Jan 2026 04:30:35 GMT
      Server:
      - nginx/1.25.3
      Transfer-Encoding:
      - chunked
      content-length:
      - '77'
    status:
      code: 200
      message: OK
- request:
    body: ''
    headers:
      Accept:
      - '*/*'
      Accept-Encoding:
      - gzip, deflate
      Connection:
      - keep-alive
      Host:
      - gizmok66.fhcrc.org:39539
      User-Agent:
      - python-httpx/0.28.1
    method: GET
    uri: https://gizmok66.fhcrc.org:39539/api/workflows/v1/12bf9cbd-1e54-44b1-8db1-daef1d1250f0/metadata?includeKey=status&includeKey=failures&includeKey=jobId
  response:
    body:
      string: '{"status":"Submitted","calls":{},"id":"12bf9cbd-1e54-44b1-8db1-daef1d1250f0"}'
    headers:
      Connection:
      - keep-alive
      Content-Type:
      - application/json
      Date:
      - Sun, 04 Jan 2026 04:30:40 GMT
      Server:
      - nginx/1.25.3
      Transfer-Encoding:
      - chunked
      content-length:
      - '77'
    status:
      code: 200
      message: OK
- request:
    body: ''
    headers:
      Accept:
      - '*/*'
      Accept-Encoding:
      - gzip, deflate
      Connection:
      - keep-alive
      Host:
      - gizmok66.fhcrc.org:39539
      User-Agent:
      - python-httpx/0.28.1
    method: GET
    uri: https://gizmok66.fhcrc.org:39539/api/workflows/v1/12bf9cbd-1e54-44b1-8db1-daef1d1250f0/metadata?includeKey=status&includeKey=failures&includeKey=jobId
  response:
    body:
      string: '{"status":"Submitted","calls":{},"id":"12bf9cbd-1e54-44b1-8db1-daef1d1250f0"}'
    headers:
      Connection:
      - keep-alive
      Content-Type:
      - application/json
      Date:
      - Sun, 04 Jan 2026 04:30:45 GMT
      Server:
      - nginx/1.25.3
      Transfer-Encoding:
      - chunked
      content-length:
      - '77'
    status:
      code: 200
      message: OK
- request:
    body: ''
    headers:
      Accept:
      - '*/*'
      Accept-Encoding:
      - gzip, deflate
      Connection:
      - keep-alive
      Host:
      - gizmok66.fhcrc.org:39539
      User-Agent:
      - python-httpx/0.28.1
    method: GET
    uri: https://gizmok66.fhcrc.org:39539/api/workflows/v1/12bf9cbd-1e54-44b1-8db1-daef1d1250f0/metadata?includeKey=status&includeKey=failures&includeKey=jobId
  response:
    body:
      string: '{"status":"Submitted","calls":{},"id":"12bf9cbd-1e54-44b1-8db1-daef1d1250f0"}'
    headers:
      Connection:
      - keep-alive
      Content-Type:
      - application/json
      Date:
      - Sun, 04 Jan 2026 04:30:50 GMT
      Server:
      - nginx/1.25.3
      Transfer-Encoding:
      - chunked
      content-length:
      - '77'
    status:
      code: 200
      message: OK
- request:
    body: ''
    headers:
      Accept:
      - '*/*'
      Accept-Encoding:
      - gzip, deflate
      Connection:
      - keep-alive
      Host:
      - gizmok66.fhcrc.org:39539
      User-Agent:
      - python-httpx/0.28.1
    method: GET
    uri: https://gizmok66.fhcrc.org:39539/api/workflows/v1/12bf9cbd-1e54-44b1-8db1-daef1d1250f0/metadata?includeKey=status&includeKey=failures&includeKey=jobId
  response:
    body:
      string: '{"status":"Submitted","calls":{},"id":"12bf9cbd-1e54-44b1-8db1-daef1d1250f0"}'
    headers:
      Connection:
      - keep-alive
      Content-Type:
      - application/json
      Date:
      - Sun, 04 Jan 2026 04:30:55 GMT
      Server:
      - nginx/1.25.3
      Transfer-Encoding:
      - chunked
      content-length:
      - '77'
    status:
      code: 200
      message: OK
- request:
    body: ''
    headers:
      Accept:
      - '*/*'
      Accept-Encoding:
      - gzip, deflate
      Connection:
      - keep-alive
      Host:
      - gizmok66.fhcrc.org:39539
      User-Agent:
      - python-httpx/0.28.1
    method: GET
    uri: https://gizmok66.fhcrc.org:39539/api/workflows/v1/12bf9cbd-1e54-44b1-8db1-daef1d1250f0/metadata?includeKey=status&includeKey=failures&includeKey=jobId
  response:
    body:
      string: '{"status":"Submitted","calls":{},"id":"12bf9cbd-1e54-44b1-8db1-daef1d1250f0"}'
    headers:
      Connection:
      - keep-alive
      Content-Type:
      - application/json
      Date:
      - Sun, 04 Jan 2026 04:31:00 GMT
      Server:
      - nginx/1.25.3
      Transfer-Encoding:
      - chunked
      content-length:
      - '77'
    status:
      code: 200
      message: OK
- request:
    body: ''
    headers:
      Accept:
      - '*/*'
      Accept-Encoding:
      - gzip, deflate
      Connection:
      - keep-alive
      Host:
      - gizmok66.fhcrc.org:39539
      User-Agent:
      - python-httpx/0.28.1
    method: GET
    uri: https://gizmok66.fhcrc.org:39539/api/workflows/v1/12bf9cbd-1e54-44b1-8db1-daef1d1250f0/metadata?includeKey=status&includeKey=failures&includeKey=jobId
  response:
    body:
      string: '{"status":"Submitted","calls":{},"id":"12bf9cbd-1e54-44b1-8db1-daef1d1250f0"}'
    headers:
      Connection:
      - keep-alive
      Content-Type:
      - application/json
      Date:
      - Sun, 04 Jan 2026 04:31:05 GMT
      Server:
      - nginx/1.25.3
      Transfer-Encoding:
      - chunked
      content-length:
      - '77'
    status:
      code: 200
      message: OK
- request:
    body: ''
    headers:
      Accept:
      - '*/*'
      Accept-Encoding:
      - gzip, deflate
      Connection:
      - keep-alive
      Host:
      - gizmok66.fhcrc.org:39539
      User-Agent:
      - python-httpx/0.28.1
    method: GET
    uri: https://gizmok66.fhcrc.org:39539/api/workflows/v1/12bf9cbd-1e54-44b1-8db1-daef1d1250f0/metadata?includeKey=status&includeKey=failures&includeKey=jobId
  response:
    body:
      string: '{"status":"Submitted","calls":{},"id":"12bf9cbd-1e54-44b1-8db1-daef1d1250f0"}'
    headers:
      Connection:
      - keep-alive
      Content-Type:
      - application/json
      Date:
      - Sun, 04 Jan 2026 04:31:10 GMT
      Server:
      - nginx/1.25.3
      Transfer-Encoding:
      - chunked
      content-length:
      - '77'
    status:
      code: 200
      message: OK
- request:
    body: ''
    headers:
      Accept:
      - '*/*'
      Accept-Encoding:
      - gzip, deflate
      Connection:
      - keep-alive
      Host:
      - gizmok66.fhcrc.org:39539
      User-Agent:
      - python-httpx/0.28.1
    method: GET
    uri: https://gizmok66.fhcrc.org:39539/api/workflows/v1/12bf9cbd-1e54-44b1-8db1-daef1d1250f0/metadata?includeKey=status&includeKey=failures&includeKey=jobId
  response:
    body:
      string: '{"status":"Submitted","calls":{},"id":"12bf9cbd-1e54-44b1-8db1-daef1d1250f0"}'
    headers:
      Connection:
      - keep-alive
      Content-Type:
      - application/json
      Date:
      - Sun, 04 Jan 2026 04:31:15 GMT
      Server:
      - nginx/1.25.3
      Transfer-Encoding:
      - chunked
      content-length:
      - '77'
    status:
      code: 200
      message: OK
- request:
    body: ''
    headers:
      Accept:
      - '*/*'
      Accept-Encoding:
      - gzip, deflate
      Connection:
      - keep-alive
      Host:
      - gizmok66.fhcrc.org:39539
      User-Agent:
      - python-httpx/0.28.1
    method: GET
    uri: https://gizmok66.fhcrc.org:39539/api/workflows/v1/12bf9cbd-1e54-44b1-8db1-daef1d1250f0/metadata?includeKey=status&includeKey=failures&includeKey=jobId
  response:
    body:
      string: '{"status":"Submitted","calls":{},"id":"12bf9cbd-1e54-44b1-8db1-daef1d1250f0"}'
    headers:
      Connection:
      - keep-alive
      Content-Type:
      - application/json
      Date:
      - Sun, 04 Jan 2026 04:31:20 GMT
      Server:
      - nginx/1.25.3
      Transfer-Encoding:
      - chunked
      content-length:
      - '77'
    status:
      code: 200
      message: OK
- request:
    body: ''
    headers:
      Accept:
      - '*/*'
      Accept-Encoding:
      - gzip, deflate
      Connection:
      - keep-alive
      Host:
      - gizmok66.fhcrc.org:39539
      User-Agent:
      - python-httpx/0.28.1
    method: GET
    uri: https://gizmok66.fhcrc.org:39539/api/workflows/v1/12bf9cbd-1e54-44b1-8db1-daef1d1250f0/metadata?includeKey=status&includeKey=failures&includeKey=jobId
  response:
    body:
      string: '{"status":"Submitted","calls":{},"id":"12bf9cbd-1e54-44b1-8db1-daef1d1250f0"}'
    headers:
      Connection:
      - keep-alive
      Content-Type:
      - application/json
      Date:
      - Sun, 04 Jan 2026 04:31:26 GMT
      Server:
      - nginx/1.25.3
      Transfer-Encoding:
      - chunked
      content-length:
      - '77'
    status:
      code: 200
      message: OK
- request:
    body: ''
    headers:
      Accept:
      - '*/*'
      Accept-Encoding:
      - gzip, deflate
      Connection:
      - keep-alive
      Host:
      - gizmok66.fhcrc.org:39539
      User-Agent:
      - python-httpx/0.28.1
    method: GET
    uri: https://gizmok66.fhcrc.org:39539/api/workflows/v1/12bf9cbd-1e54-44b1-8db1-daef1d1250f0/metadata?includeKey=status&includeKey=failures&includeKey=jobId
  response:
    body:
      string: '{"status":"Submitted","calls":{},"id":"12bf9cbd-1e54-44b1-8db1-daef1d1250f0"}'
    headers:
      Connection:
      - keep-alive
      Content-Type:
      - application/json
      Date:
      - Sun, 04 Jan 2026 04:31:31 GMT
      Server:
      - nginx/1.25.3
      Transfer-Encoding:
      - chunked
      content-length:
      - '77'
    status:
      code: 200
      message: OK
- request:
    body: ''
    headers:
      Accept:
      - '*/*'
      Accept-Encoding:
      - gzip, deflate
      Connection:
      - keep-alive
      Host:
      - gizmok66.fhcrc.org:39539
      User-Agent:
      - python-httpx/0.28.1
    method: GET
    uri: https://gizmok66.fhcrc.org:39539/api/workflows/v1/12bf9cbd-1e54-44b1-8db1-daef1d1250f0/metadata?includeKey=status&includeKey=failures&includeKey=jobId
  response:
    body:
      string: '{"status":"Submitted","calls":{},"id":"12bf9cbd-1e54-44b1-8db1-daef1d1250f0"}'
    headers:
      Connection:
      - keep-alive
      Content-Type:
      - application/json
      Date:
      - Sun, 04 Jan 2026 04:31:36 GMT
      Server:
      - nginx/1.25.3
      Transfer-Encoding:
      - chunked
      content-length:
      - '77'
    status:
      code: 200
      message: OK
- request:
    body: ''
    headers:
      Accept:
      - '*/*'
      Accept-Encoding:
      - gzip, deflate
      Connection:
      - keep-alive
      Host:
      - gizmok66.fhcrc.org:39539
      User-Agent:
      - python-httpx/0.28.1
    method: GET
    uri: https://gizmok66.fhcrc.org:39539/api/workflows/v1/12bf9cbd-1e54-44b1-8db1-daef1d1250f0/metadata?includeKey=status&includeKey=failures&includeKey=jobId
  response:
    body:
      string: '{"status":"Submitted","calls":{},"id":"12bf9cbd-1e54-44b1-8db1-daef1d1250f0"}'
    headers:
      Connection:
      - keep-alive
      Content-Type:
      - application/json
      Date:
      - Sun, 04 Jan 2026 04:31:41 GMT
      Server:
      - nginx/1.25.3
      Transfer-Encoding:
      - chunked
      content-length:
      - '77'
    status:
      code: 200
      message: OK
- request:
    body: ''
    headers:
      Accept:
      - '*/*'
      Accept-Encoding:
      - gzip, deflate
      Connection:
      - keep-alive
      Host:
      - gizmok66.fhcrc.org:39539
      User-Agent:
      - python-httpx/0.28.1
    method: GET
    uri: https://gizmok66.fhcrc.org:39539/api/workflows/v1/12bf9cbd-1e54-44b1-8db1-daef1d1250f0/metadata?includeKey=status&includeKey=failures&includeKey=jobId
  response:
    body:
      string: '{"status":"Submitted","calls":{},"id":"12bf9cbd-1e54-44b1-8db1-daef1d1250f0"}'
    headers:
      Connection:
      - keep-alive
      Content-Type:
      - application/json
      Date:
      - Sun, 04 Jan 2026 04:31:46 GMT
      Server:
      - nginx/1.25.3
      Transfer-Encoding:
      - chunked
      content-length:
      - '77'
    status:
      code: 200
      message: OK
- request:
    body: ''
    headers:
      Accept:
      - '*/*'
      Accept-Encoding:
      - gzip, deflate
      Connection:
      - keep-alive
      Host:
      - gizmok66.fhcrc.org:39539
      User-Agent:
      - python-httpx/0.28.1
    method: GET
    uri: https://gizmok66.fhcrc.org:39539/api/workflows/v1/12bf9cbd-1e54-44b1-8db1-daef1d1250f0/metadata?includeKey=status&includeKey=failures&includeKey=jobId
  response:
    body:
      string: '{"status":"Submitted","calls":{},"id":"12bf9cbd-1e54-44b1-8db1-daef1d1250f0"}'
    headers:
      Connection:
      - keep-alive
      Content-Type:
      - application/json
      Date:
      - Sun, 04 Jan 2026 04:31:51 GMT
      Server:
      - nginx/1.25.3
      Transfer-Encoding:
      - chunked
      content-length:
      - '77'
    status:
      code: 200
      message: OK
- request:
    body: ''
    headers:
      Accept:
      - '*/*'
      Accept-Encoding:
      - gzip, deflate
      Connection:
      - keep-alive
      Host:
      - gizmok66.fhcrc.org:39539
      User-Agent:
      - python-httpx/0.28.1
    method: GET
    uri: https://gizmok66.fhcrc.org:39539/api/workflows/v1/12bf9cbd-1e54-44b1-8db1-daef1d1250f0/metadata?includeKey=status&includeKey=failures&includeKey=jobId
  response:
    body:
      string: '{"status":"Submitted","calls":{},"id":"12bf9cbd-1e54-44b1-8db1-daef1d1250f0"}'
    headers:
      Connection:
      - keep-alive
      Content-Type:
      - application/json
      Date:
      - Sun, 04 Jan 2026 04:31:56 GMT
      Server:
      - nginx/1.25.3
      Transfer-Encoding:
      - chunked
      content-length:
      - '77'
    status:
      code: 200
      message: OK
- request:
    body: ''
    headers:
      Accept:
      - '*/*'
      Accept-Encoding:
      - gzip, deflate
      Connection:
      - keep-alive
      Host:
      - gizmok66.fhcrc.org:39539
      User-Agent:
      - python-httpx/0.28.1
    method: GET
    uri: https://gizmok66.fhcrc.org:39539/api/workflows/v1/12bf9cbd-1e54-44b1-8db1-daef1d1250f0/metadata?includeKey=status&includeKey=failures&includeKey=jobId
  response:
    body:
      string: '{"status":"Submitted","calls":{},"id":"12bf9cbd-1e54-44b1-8db1-daef1d1250f0"}'
    headers:
      Connection:
      - keep-alive
      Content-Type:
      - application/json
      Date:
      - Sun, 04 Jan 2026 04:32:01 GMT
      Server:
      - nginx/1.25.3
      Transfer-Encoding:
      - chunked
      content-length:
      - '77'
    status:
      code: 200
      message: OK
- request:
    body: ''
    headers:
      Accept:
      - '*/*'
      Accept-Encoding:
      - gzip, deflate
      Connection:
      - keep-alive
      Host:
      - gizmok66.fhcrc.org:39539
      User-Agent:
      - python-httpx/0.28.1
    method: GET
    uri: https://gizmok66.fhcrc.org:39539/api/workflows/v1/12bf9cbd-1e54-44b1-8db1-daef1d1250f0/metadata?includeKey=status&includeKey=failures&includeKey=jobId
  response:
    body:
      string: '{"status":"Submitted","calls":{},"id":"12bf9cbd-1e54-44b1-8db1-daef1d1250f0"}'
    headers:
      Connection:
      - keep-alive
      Content-Type:
      - application/json
      Date:
      - Sun, 04 Jan 2026 04:32:06 GMT
      Server:
      - nginx/1.25.3
      Transfer-Encoding:
      - chunked
      content-length:
      - '77'
    status:
      code: 200
      message: OK
- request:
    body: ''
    headers:
      Accept:
      - '*/*'
      Accept-Encoding:
      - gzip, deflate
      Connection:
      - keep-alive
      Host:
      - gizmok66.fhcrc.org:39539
      User-Agent:
      - python-httpx/0.28.1
    method: GET
    uri: https://gizmok66.fhcrc.org:39539/api/workflows/v1/12bf9cbd-1e54-44b1-8db1-daef1d1250f0/metadata?includeKey=status&includeKey=failures&includeKey=jobId
  response:
    body:
      string: '{"status":"Submitted","calls":{},"id":"12bf9cbd-1e54-44b1-8db1-daef1d1250f0"}'
    headers:
      Connection:
      - keep-alive
      Content-Type:
      - application/json
      Date:
      - Sun, 04 Jan 2026 04:32:11 GMT
      Server:
      - nginx/1.25.3
      Transfer-Encoding:
      - chunked
      content-length:
      - '77'
    status:
      code: 200
      message: OK
- request:
    body: ''
    headers:
      Accept:
      - '*/*'
      Accept-Encoding:
      - gzip, deflate
      Connection:
      - keep-alive
      Host:
      - gizmok66.fhcrc.org:39539
      User-Agent:
      - python-httpx/0.28.1
    method: GET
    uri: https://gizmok66.fhcrc.org:39539/api/workflows/v1/12bf9cbd-1e54-44b1-8db1-daef1d1250f0/metadata?includeKey=status&includeKey=failures&includeKey=jobId
  response:
    body:
      string: '{"status":"Submitted","calls":{},"id":"12bf9cbd-1e54-44b1-8db1-daef1d1250f0"}'
    headers:
      Connection:
      - keep-alive
      Content-Type:
      - application/json
      Date:
      - Sun, 04 Jan 2026 04:32:16 GMT
      Server:
      - nginx/1.25.3
      Transfer-Encoding:
      - chunked
      content-length:
      - '77'
    status:
      code: 200
      message: OK
- request:
    body: ''
    headers:
      Accept:
      - '*/*'
      Accept-Encoding:
      - gzip, deflate
      Connection:
      - keep-alive
      Host:
      - gizmok66.fhcrc.org:39539
      User-Agent:
      - python-httpx/0.28.1
    method: GET
    uri: https://gizmok66.fhcrc.org:39539/api/workflows/v1/12bf9cbd-1e54-44b1-8db1-daef1d1250f0/metadata?includeKey=status&includeKey=failures&includeKey=jobId
  response:
    body:
      string: '{"status":"Submitted","calls":{},"id":"12bf9cbd-1e54-44b1-8db1-daef1d1250f0"}'
    headers:
      Connection:
      - keep-alive
      Content-Type:
      - application/json
      Date:
      - Sun, 04 Jan 2026 04:32:21 GMT
      Server:
      - nginx/1.25.3
      Transfer-Encoding:
      - chunked
      content-length:
      - '77'
    status:
      code: 200
      message: OK
- request:
    body: ''
    headers:
      Accept:
      - '*/*'
      Accept-Encoding:
      - gzip, deflate
      Connection:
      - keep-alive
      Host:
      - gizmok66.fhcrc.org:39539
      User-Agent:
      - python-httpx/0.28.1
    method: GET
    uri: https://gizmok66.fhcrc.org:39539/api/workflows/v1/12bf9cbd-1e54-44b1-8db1-daef1d1250f0/metadata?includeKey=status&includeKey=failures&includeKey=jobId
  response:
    body:
      string: '{"status":"Submitted","calls":{},"id":"12bf9cbd-1e54-44b1-8db1-daef1d1250f0"}'
    headers:
      Connection:
      - keep-alive
      Content-Type:
      - application/json
      Date:
      - Sun, 04 Jan 2026 04:32:26 GMT
      Server:
      - nginx/1.25.3
      Transfer-Encoding:
      - chunked
      content-length:
      - '77'
    status:
      code: 200
      message: OK
- request:
    body: ''
    headers:
      Accept:
      - '*/*'
      Accept-Encoding:
      - gzip, deflate
      Connection:
      - keep-alive
      Host:
      - gizmok66.fhcrc.org:39539
      User-Agent:
      - python-httpx/0.28.1
    method: GET
    uri: https://gizmok66.fhcrc.org:39539/api/workflows/v1/12bf9cbd-1e54-44b1-8db1-daef1d1250f0/metadata?includeKey=status&includeKey=failures&includeKey=jobId
  response:
    body:
      string: '{"status":"Submitted","calls":{},"id":"12bf9cbd-1e54-44b1-8db1-daef1d1250f0"}'
    headers:
      Connection:
      - keep-alive
      Content-Type:
      - application/json
      Date:
      - Sun, 04 Jan 2026 04:32:31 GMT
      Server:
      - nginx/1.25.3
      Transfer-Encoding:
      - chunked
      content-length:
      - '77'
    status:
      code: 200
      message: OK
- request:
    body: ''
    headers:
      Accept:
      - '*/*'
      Accept-Encoding:
      - gzip, deflate
      Connection:
      - keep-alive
      Host:
      - gizmok66.fhcrc.org:39539
      User-Agent:
      - python-httpx/0.28.1
    method: GET
    uri: https://gizmok66.fhcrc.org:39539/api/workflows/v1/12bf9cbd-1e54-44b1-8db1-daef1d1250f0/metadata?includeKey=status&includeKey=failures&includeKey=jobId
  response:
    body:
      string: '{"status":"Submitted","calls":{},"id":"12bf9cbd-1e54-44b1-8db1-daef1d1250f0"}'
    headers:
      Connection:
      - keep-alive
      Content-Type:
      - application/json
      Date:
      - Sun, 04 Jan 2026 04:32:36 GMT
      Server:
      - nginx/1.25.3
      Transfer-Encoding:
      - chunked
      content-length:
      - '77'
    status:
      code: 200
      message: OK
- request:
    body: ''
    headers:
      Accept:
      - '*/*'
      Accept-Encoding:
      - gzip, deflate
      Connection:
      - keep-alive
      Host:
      - gizmok66.fhcrc.org:39539
      User-Agent:
      - python-httpx/0.28.1
    method: GET
    uri: https://gizmok66.fhcrc.org:39539/api/workflows/v1/12bf9cbd-1e54-44b1-8db1-daef1d1250f0/metadata?includeKey=status&includeKey=failures&includeKey=jobId
  response:
    body:
      string: '{"status":"Submitted","calls":{},"id":"12bf9cbd-1e54-44b1-8db1-daef1d1250f0"}'
    headers:
      Connection:
      - keep-alive
      Content-Type:
      - application/json
      Date:
      - Sun, 04 Jan 2026 04:32:41 GMT
      Server:
      - nginx/1.25.3
      Transfer-Encoding:
      - chunked
      content-length:
      - '77'
    status:
      code: 200
      message: OK
- request:
    body: ''
    headers:
      Accept:
      - '*/*'
      Accept-Encoding:
      - gzip, deflate
      Connection:
      - keep-alive
      Host:
      - gizmok66.fhcrc.org:39539
      User-Agent:
      - python-httpx/0.28.1
    method: GET
    uri: https://gizmok66.fhcrc.org:39539/api/workflows/v1/12bf9cbd-1e54-44b1-8db1-daef1d1250f0/metadata?includeKey=status&includeKey=failures&includeKey=jobId
  response:
    body:
      string: '{"status":"Submitted","calls":{},"id":"12bf9cbd-1e54-44b1-8db1-daef1d1250f0"}'
    headers:
      Connection:
      - keep-alive
      Content-Type:
      - application/json
      Date:
      - Sun, 04 Jan 2026 04:32:46 GMT
      Server:
      - nginx/1.25.3
      Transfer-Encoding:
      - chunked
      content-length:
      - '77'
    status:
      code: 200
      message: OK
- request:
    body: ''
    headers:
      Accept:
      - '*/*'
      Accept-Encoding:
      - gzip, deflate
      Connection:
      - keep-alive
      Host:
      - gizmok66.fhcrc.org:39539
      User-Agent:
      - python-httpx/0.28.1
    method: GET
    uri: https://gizmok66.fhcrc.org:39539/api/workflows/v1/12bf9cbd-1e54-44b1-8db1-daef1d1250f0/metadata?includeKey=status&includeKey=failures&includeKey=jobId
  response:
    body:
      string: '{"status":"Submitted","calls":{},"id":"12bf9cbd-1e54-44b1-8db1-daef1d1250f0"}'
    headers:
      Connection:
      - keep-alive
      Content-Type:
      - application/json
      Date:
      - Sun, 04 Jan 2026 04:32:51 GMT
      Server:
      - nginx/1.25.3
      Transfer-Encoding:
      - chunked
      content-length:
      - '77'
    status:
      code: 200
      message: OK
- request:
    body: ''
    headers:
      Accept:
      - '*/*'
      Accept-Encoding:
      - gzip, deflate
      Connection:
      - keep-alive
      Host:
      - gizmok66.fhcrc.org:39539
      User-Agent:
      - python-httpx/0.28.1
    method: GET
    uri: https://gizmok66.fhcrc.org:39539/api/workflows/v1/12bf9cbd-1e54-44b1-8db1-daef1d1250f0/metadata?includeKey=status&includeKey=failures&includeKey=jobId
  response:
    body:
      string: '{"status":"Submitted","calls":{},"id":"12bf9cbd-1e54-44b1-8db1-daef1d1250f0"}'
    headers:
      Connection:
      - keep-alive
      Content-Type:
      - application/json
      Date:
      - Sun, 04 Jan 2026 04:32:56 GMT
      Server:
      - nginx/1.25.3
      Transfer-Encoding:
      - chunked
      content-length:
      - '77'
    status:
      code: 200
      message: OK
- request:
    body: ''
    headers:
      Accept:
      - '*/*'
      Accept-Encoding:
      - gzip, deflate
      Connection:
      - keep-alive
      Host:
      - gizmok66.fhcrc.org:39539
      User-Agent:
      - python-httpx/0.28.1
    method: GET
    uri: https://gizmok66.fhcrc.org:39539/api/workflows/v1/12bf9cbd-1e54-44b1-8db1-daef1d1250f0/metadata?includeKey=status&includeKey=failures&includeKey=jobId
  response:
    body:
      string: '{"status":"Submitted","calls":{},"id":"12bf9cbd-1e54-44b1-8db1-daef1d1250f0"}'
    headers:
      Connection:
      - keep-alive
      Content-Type:
      - application/json
      Date:
      - Sun, 04 Jan 2026 04:33:01 GMT
      Server:
      - nginx/1.25.3
      Transfer-Encoding:
      - chunked
      content-length:
      - '77'
    status:
      code: 200
      message: OK
- request:
    body: ''
    headers:
      Accept:
      - '*/*'
      Accept-Encoding:
      - gzip, deflate
      Connection:
      - keep-alive
      Host:
      - gizmok66.fhcrc.org:39539
      User-Agent:
      - python-httpx/0.28.1
    method: GET
    uri: https://gizmok66.fhcrc.org:39539/api/workflows/v1/12bf9cbd-1e54-44b1-8db1-daef1d1250f0/metadata?includeKey=status&includeKey=failures&includeKey=jobId
  response:
    body:
      string: '{"status":"Submitted","calls":{},"id":"12bf9cbd-1e54-44b1-8db1-daef1d1250f0"}'
    headers:
      Connection:
      - keep-alive
      Content-Type:
      - application/json
      Date:
      - Sun, 04 Jan 2026 04:33:06 GMT
      Server:
      - nginx/1.25.3
      Transfer-Encoding:
      - chunked
      content-length:
      - '77'
    status:
      code: 200
      message: OK
- request:
    body: ''
    headers:
      Accept:
      - '*/*'
      Accept-Encoding:
      - gzip, deflate
      Connection:
      - keep-alive
      Host:
      - gizmok66.fhcrc.org:39539
      User-Agent:
      - python-httpx/0.28.1
    method: GET
    uri: https://gizmok66.fhcrc.org:39539/api/workflows/v1/12bf9cbd-1e54-44b1-8db1-daef1d1250f0/metadata?includeKey=status&includeKey=failures&includeKey=jobId
  response:
    body:
      string: '{"status":"Submitted","calls":{},"id":"12bf9cbd-1e54-44b1-8db1-daef1d1250f0"}'
    headers:
      Connection:
      - keep-alive
      Content-Type:
      - application/json
      Date:
      - Sun, 04 Jan 2026 04:33:11 GMT
      Server:
      - nginx/1.25.3
      Transfer-Encoding:
      - chunked
      content-length:
      - '77'
    status:
      code: 200
      message: OK
- request:
    body: ''
    headers:
      Accept:
      - '*/*'
      Accept-Encoding:
      - gzip, deflate
      Connection:
      - keep-alive
      Host:
      - gizmok66.fhcrc.org:39539
      User-Agent:
      - python-httpx/0.28.1
    method: GET
    uri: https://gizmok66.fhcrc.org:39539/api/workflows/v1/12bf9cbd-1e54-44b1-8db1-daef1d1250f0/metadata?includeKey=status&includeKey=failures&includeKey=jobId
  response:
    body:
      string: '{"status":"Submitted","calls":{},"id":"12bf9cbd-1e54-44b1-8db1-daef1d1250f0"}'
    headers:
      Connection:
      - keep-alive
      Content-Type:
      - application/json
      Date:
      - Sun, 04 Jan 2026 04:33:16 GMT
      Server:
      - nginx/1.25.3
      Transfer-Encoding:
      - chunked
      content-length:
      - '77'
    status:
      code: 200
      message: OK
- request:
    body: ''
    headers:
      Accept:
      - '*/*'
      Accept-Encoding:
      - gzip, deflate
      Connection:
      - keep-alive
      Host:
      - gizmok66.fhcrc.org:39539
      User-Agent:
      - python-httpx/0.28.1
    method: GET
    uri: https://gizmok66.fhcrc.org:39539/api/workflows/v1/12bf9cbd-1e54-44b1-8db1-daef1d1250f0/metadata?includeKey=status&includeKey=failures&includeKey=jobId
  response:
    body:
      string: '{"status":"Submitted","calls":{},"id":"12bf9cbd-1e54-44b1-8db1-daef1d1250f0"}'
    headers:
      Connection:
      - keep-alive
      Content-Type:
      - application/json
      Date:
      - Sun, 04 Jan 2026 04:33:21 GMT
      Server:
      - nginx/1.25.3
      Transfer-Encoding:
      - chunked
      content-length:
      - '77'
    status:
      code: 200
      message: OK
- request:
    body: ''
    headers:
      Accept:
      - '*/*'
      Accept-Encoding:
      - gzip, deflate
      Connection:
      - keep-alive
      Host:
      - gizmok66.fhcrc.org:39539
      User-Agent:
      - python-httpx/0.28.1
    method: GET
    uri: https://gizmok66.fhcrc.org:39539/api/workflows/v1/12bf9cbd-1e54-44b1-8db1-daef1d1250f0/metadata?includeKey=status&includeKey=failures&includeKey=jobId
  response:
    body:
      string: '{"status":"Submitted","calls":{},"id":"12bf9cbd-1e54-44b1-8db1-daef1d1250f0"}'
    headers:
      Connection:
      - keep-alive
      Content-Type:
      - application/json
      Date:
      - Sun, 04 Jan 2026 04:33:26 GMT
      Server:
      - nginx/1.25.3
      Transfer-Encoding:
      - chunked
      content-length:
      - '77'
    status:
      code: 200
      message: OK
- request:
    body: ''
    headers:
      Accept:
      - '*/*'
      Accept-Encoding:
      - gzip, deflate
      Connection:
      - keep-alive
      Host:
      - gizmok66.fhcrc.org:39539
      User-Agent:
      - python-httpx/0.28.1
    method: GET
    uri: https://gizmok66.fhcrc.org:39539/api/workflows/v1/12bf9cbd-1e54-44b1-8db1-daef1d1250f0/metadata?includeKey=status&includeKey=failures&includeKey=jobId
  response:
    body:
      string: '{"status":"Submitted","calls":{},"id":"12bf9cbd-1e54-44b1-8db1-daef1d1250f0"}'
    headers:
      Connection:
      - keep-alive
      Content-Type:
      - application/json
      Date:
      - Sun, 04 Jan 2026 04:33:31 GMT
      Server:
      - nginx/1.25.3
      Transfer-Encoding:
      - chunked
      content-length:
      - '77'
    status:
      code: 200
      message: OK
- request:
    body: ''
    headers:
      Accept:
      - '*/*'
      Accept-Encoding:
      - gzip, deflate
      Connection:
      - keep-alive
      Host:
      - gizmok66.fhcrc.org:39539
      User-Agent:
      - python-httpx/0.28.1
    method: GET
    uri: https://gizmok66.fhcrc.org:39539/api/workflows/v1/12bf9cbd-1e54-44b1-8db1-daef1d1250f0/metadata?includeKey=status&includeKey=failures&includeKey=jobId
  response:
    body:
      string: '{"status":"Submitted","calls":{},"id":"12bf9cbd-1e54-44b1-8db1-daef1d1250f0"}'
    headers:
      Connection:
      - keep-alive
      Content-Type:
      - application/json
      Date:
      - Sun, 04 Jan 2026 04:33:37 GMT
      Server:
      - nginx/1.25.3
      Transfer-Encoding:
      - chunked
      content-length:
      - '77'
    status:
      code: 200
      message: OK
- request:
    body: ''
    headers:
      Accept:
      - '*/*'
      Accept-Encoding:
      - gzip, deflate
      Connection:
      - keep-alive
      Host:
      - gizmok66.fhcrc.org:39539
      User-Agent:
      - python-httpx/0.28.1
    method: GET
    uri: https://gizmok66.fhcrc.org:39539/api/workflows/v1/12bf9cbd-1e54-44b1-8db1-daef1d1250f0/metadata?includeKey=status&includeKey=failures&includeKey=jobId
  response:
    body:
      string: '{"status":"Submitted","calls":{},"id":"12bf9cbd-1e54-44b1-8db1-daef1d1250f0"}'
    headers:
      Connection:
      - keep-alive
      Content-Type:
      - application/json
      Date:
      - Sun, 04 Jan 2026 04:33:42 GMT
      Server:
      - nginx/1.25.3
      Transfer-Encoding:
      - chunked
      content-length:
      - '77'
    status:
      code: 200
      message: OK
- request:
    body: ''
    headers:
      Accept:
      - '*/*'
      Accept-Encoding:
      - gzip, deflate
      Connection:
      - keep-alive
      Host:
      - gizmok66.fhcrc.org:39539
      User-Agent:
      - python-httpx/0.28.1
    method: GET
    uri: https://gizmok66.fhcrc.org:39539/api/workflows/v1/12bf9cbd-1e54-44b1-8db1-daef1d1250f0/metadata?includeKey=status&includeKey=failures&includeKey=jobId
  response:
    body:
      string: '{"status":"Submitted","calls":{},"id":"12bf9cbd-1e54-44b1-8db1-daef1d1250f0"}'
    headers:
      Connection:
      - keep-alive
      Content-Type:
      - application/json
      Date:
      - Sun, 04 Jan 2026 04:33:47 GMT
      Server:
      - nginx/1.25.3
      Transfer-Encoding:
      - chunked
      content-length:
      - '77'
    status:
      code: 200
      message: OK
- request:
    body: ''
    headers:
      Accept:
      - '*/*'
      Accept-Encoding:
      - gzip, deflate
      Connection:
      - keep-alive
      Host:
      - gizmok66.fhcrc.org:39539
      User-Agent:
      - python-httpx/0.28.1
    method: GET
    uri: https://gizmok66.fhcrc.org:39539/api/workflows/v1/12bf9cbd-1e54-44b1-8db1-daef1d1250f0/metadata?includeKey=status&includeKey=failures&includeKey=jobId
  response:
    body:
      string: '{"status":"Submitted","calls":{},"id":"12bf9cbd-1e54-44b1-8db1-daef1d1250f0"}'
    headers:
      Connection:
      - keep-alive
      Content-Type:
      - application/json
      Date:
      - Sun, 04 Jan 2026 04:33:52 GMT
      Server:
      - nginx/1.25.3
      Transfer-Encoding:
      - chunked
      content-length:
      - '77'
    status:
      code: 200
      message: OK
- request:
    body: ''
    headers:
      Accept:
      - '*/*'
      Accept-Encoding:
      - gzip, deflate
      Connection:
      - keep-alive
      Host:
      - gizmok66.fhcrc.org:39539
      User-Agent:
      - python-httpx/0.28.1
    method: GET
    uri: https://gizmok66.fhcrc.org:39539/api/workflows/v1/12bf9cbd-1e54-44b1-8db1-daef1d1250f0/metadata?includeKey=status&includeKey=failures&includeKey=jobId
  response:
    body:
      string: '{"status":"Submitted","calls":{},"id":"12bf9cbd-1e54-44b1-8db1-daef1d1250f0"}'
    headers:
      Connection:
      - keep-alive
      Content-Type:
      - application/json
      Date:
      - Sun, 04 Jan 2026 04:33:57 GMT
      Server:
      - nginx/1.25.3
      Transfer-Encoding:
      - chunked
      content-length:
      - '77'
    status:
      code: 200
      message: OK
- request:
    body: ''
    headers:
      Accept:
      - '*/*'
      Accept-Encoding:
      - gzip, deflate
      Connection:
      - keep-alive
      Host:
      - gizmok66.fhcrc.org:39539
      User-Agent:
      - python-httpx/0.28.1
    method: GET
    uri: https://gizmok66.fhcrc.org:39539/api/workflows/v1/12bf9cbd-1e54-44b1-8db1-daef1d1250f0/metadata?includeKey=status&includeKey=failures&includeKey=jobId
  response:
    body:
      string: '{"status":"Submitted","calls":{},"id":"12bf9cbd-1e54-44b1-8db1-daef1d1250f0"}'
    headers:
      Connection:
      - keep-alive
      Content-Type:
      - application/json
      Date:
      - Sun, 04 Jan 2026 04:34:02 GMT
      Server:
      - nginx/1.25.3
      Transfer-Encoding:
      - chunked
      content-length:
      - '77'
    status:
      code: 200
      message: OK
- request:
    body: ''
    headers:
      Accept:
      - '*/*'
      Accept-Encoding:
      - gzip, deflate
      Connection:
      - keep-alive
      Host:
      - gizmok66.fhcrc.org:39539
      User-Agent:
      - python-httpx/0.28.1
    method: GET
    uri: https://gizmok66.fhcrc.org:39539/api/workflows/v1/12bf9cbd-1e54-44b1-8db1-daef1d1250f0/metadata?includeKey=status&includeKey=failures&includeKey=jobId
  response:
    body:
      string: '{"status":"Submitted","calls":{},"id":"12bf9cbd-1e54-44b1-8db1-daef1d1250f0"}'
    headers:
      Connection:
      - keep-alive
      Content-Type:
      - application/json
      Date:
      - Sun, 04 Jan 2026 04:34:07 GMT
      Server:
      - nginx/1.25.3
      Transfer-Encoding:
      - chunked
      content-length:
      - '77'
    status:
      code: 200
      message: OK
- request:
    body: ''
    headers:
      Accept:
      - '*/*'
      Accept-Encoding:
      - gzip, deflate
      Connection:
      - keep-alive
      Host:
      - gizmok66.fhcrc.org:39539
      User-Agent:
      - python-httpx/0.28.1
    method: GET
    uri: https://gizmok66.fhcrc.org:39539/api/workflows/v1/12bf9cbd-1e54-44b1-8db1-daef1d1250f0/metadata?includeKey=status&includeKey=failures&includeKey=jobId
  response:
    body:
      string: '{"status":"Submitted","calls":{},"id":"12bf9cbd-1e54-44b1-8db1-daef1d1250f0"}'
    headers:
      Connection:
      - keep-alive
      Content-Type:
      - application/json
      Date:
      - Sun, 04 Jan 2026 04:34:12 GMT
      Server:
      - nginx/1.25.3
      Transfer-Encoding:
      - chunked
      content-length:
      - '77'
    status:
      code: 200
      message: OK
- request:
    body: ''
    headers:
      Accept:
      - '*/*'
      Accept-Encoding:
      - gzip, deflate
      Connection:
      - keep-alive
      Host:
      - gizmok66.fhcrc.org:39539
      User-Agent:
      - python-httpx/0.28.1
    method: GET
    uri: https://gizmok66.fhcrc.org:39539/api/workflows/v1/12bf9cbd-1e54-44b1-8db1-daef1d1250f0/metadata?includeKey=status&includeKey=failures&includeKey=jobId
  response:
    body:
      string: '{"status":"Submitted","calls":{},"id":"12bf9cbd-1e54-44b1-8db1-daef1d1250f0"}'
    headers:
      Connection:
      - keep-alive
      Content-Type:
      - application/json
      Date:
      - Sun, 04 Jan 2026 04:34:17 GMT
      Server:
      - nginx/1.25.3
      Transfer-Encoding:
      - chunked
      content-length:
      - '77'
    status:
      code: 200
      message: OK
- request:
    body: ''
    headers:
      Accept:
      - '*/*'
      Accept-Encoding:
      - gzip, deflate
      Connection:
      - keep-alive
      Host:
      - gizmok66.fhcrc.org:39539
      User-Agent:
      - python-httpx/0.28.1
    method: GET
    uri: https://gizmok66.fhcrc.org:39539/api/workflows/v1/12bf9cbd-1e54-44b1-8db1-daef1d1250f0/metadata?includeKey=status&includeKey=failures&includeKey=jobId
  response:
    body:
      string: '{"status":"Submitted","calls":{},"id":"12bf9cbd-1e54-44b1-8db1-daef1d1250f0"}'
    headers:
      Connection:
      - keep-alive
      Content-Type:
      - application/json
      Date:
      - Sun, 04 Jan 2026 04:34:22 GMT
      Server:
      - nginx/1.25.3
      Transfer-Encoding:
      - chunked
      content-length:
      - '77'
    status:
      code: 200
      message: OK
- request:
    body: ''
    headers:
      Accept:
      - '*/*'
      Accept-Encoding:
      - gzip, deflate
      Connection:
      - keep-alive
      Host:
      - gizmok66.fhcrc.org:39539
      User-Agent:
      - python-httpx/0.28.1
    method: GET
    uri: https://gizmok66.fhcrc.org:39539/api/workflows/v1/12bf9cbd-1e54-44b1-8db1-daef1d1250f0/metadata?includeKey=status&includeKey=failures&includeKey=jobId
  response:
    body:
      string: '{"status":"Submitted","calls":{},"id":"12bf9cbd-1e54-44b1-8db1-daef1d1250f0"}'
    headers:
      Connection:
      - keep-alive
      Content-Type:
      - application/json
      Date:
      - Sun, 04 Jan 2026 04:34:27 GMT
      Server:
      - nginx/1.25.3
      Transfer-Encoding:
      - chunked
      content-length:
      - '77'
    status:
      code: 200
      message: OK
- request:
    body: ''
    headers:
      Accept:
      - '*/*'
      Accept-Encoding:
      - gzip, deflate
      Connection:
      - keep-alive
      Host:
      - gizmok66.fhcrc.org:39539
      User-Agent:
      - python-httpx/0.28.1
    method: GET
    uri: https://gizmok66.fhcrc.org:39539/api/workflows/v1/12bf9cbd-1e54-44b1-8db1-daef1d1250f0/metadata?includeKey=status&includeKey=failures&includeKey=jobId
  response:
    body:
      string: '{"status":"Submitted","calls":{},"id":"12bf9cbd-1e54-44b1-8db1-daef1d1250f0"}'
    headers:
      Connection:
      - keep-alive
      Content-Type:
      - application/json
      Date:
      - Sun, 04 Jan 2026 04:34:32 GMT
      Server:
      - nginx/1.25.3
      Transfer-Encoding:
      - chunked
      content-length:
      - '77'
    status:
      code: 200
      message: OK
- request:
    body: ''
    headers:
      Accept:
      - '*/*'
      Accept-Encoding:
      - gzip, deflate
      Connection:
      - keep-alive
      Host:
      - gizmok66.fhcrc.org:39539
      User-Agent:
      - python-httpx/0.28.1
    method: GET
    uri: https://gizmok66.fhcrc.org:39539/api/workflows/v1/12bf9cbd-1e54-44b1-8db1-daef1d1250f0/metadata?includeKey=status&includeKey=failures&includeKey=jobId
  response:
    body:
      string: '{"status":"Submitted","calls":{},"id":"12bf9cbd-1e54-44b1-8db1-daef1d1250f0"}'
    headers:
      Connection:
      - keep-alive
      Content-Type:
      - application/json
      Date:
      - Sun, 04 Jan 2026 04:34:37 GMT
      Server:
      - nginx/1.25.3
      Transfer-Encoding:
      - chunked
      content-length:
      - '77'
    status:
      code: 200
      message: OK
- request:
    body: ''
    headers:
      Accept:
      - '*/*'
      Accept-Encoding:
      - gzip, deflate
      Connection:
      - keep-alive
      Host:
      - gizmok66.fhcrc.org:39539
      User-Agent:
      - python-httpx/0.28.1
    method: GET
    uri: https://gizmok66.fhcrc.org:39539/api/workflows/v1/12bf9cbd-1e54-44b1-8db1-daef1d1250f0/metadata?includeKey=status&includeKey=failures&includeKey=jobId
  response:
    body:
      string: '{"status":"Submitted","calls":{},"id":"12bf9cbd-1e54-44b1-8db1-daef1d1250f0"}'
    headers:
      Connection:
      - keep-alive
      Content-Type:
      - application/json
      Date:
      - Sun, 04 Jan 2026 04:34:42 GMT
      Server:
      - nginx/1.25.3
      Transfer-Encoding:
      - chunked
      content-length:
      - '77'
    status:
      code: 200
      message: OK
- request:
    body: ''
    headers:
      Accept:
      - '*/*'
      Accept-Encoding:
      - gzip, deflate
      Connection:
      - keep-alive
      Host:
      - gizmok66.fhcrc.org:39539
      User-Agent:
      - python-httpx/0.28.1
    method: GET
    uri: https://gizmok66.fhcrc.org:39539/api/workflows/v1/12bf9cbd-1e54-44b1-8db1-daef1d1250f0/metadata?includeKey=status&includeKey=failures&includeKey=jobId
  response:
    body:
      string: '{"status":"Submitted","calls":{},"id":"12bf9cbd-1e54-44b1-8db1-daef1d1250f0"}'
    headers:
      Connection:
      - keep-alive
      Content-Type:
      - application/json
      Date:
      - Sun, 04 Jan 2026 04:34:47 GMT
      Server:
      - nginx/1.25.3
      Transfer-Encoding:
      - chunked
      content-length:
      - '77'
    status:
      code: 200
      message: OK
- request:
    body: ''
    headers:
      Accept:
      - '*/*'
      Accept-Encoding:
      - gzip, deflate
      Connection:
      - keep-alive
      Host:
      - gizmok66.fhcrc.org:39539
      User-Agent:
      - python-httpx/0.28.1
    method: GET
    uri: https://gizmok66.fhcrc.org:39539/api/workflows/v1/12bf9cbd-1e54-44b1-8db1-daef1d1250f0/metadata?includeKey=status&includeKey=failures&includeKey=jobId
  response:
    body:
      string: '{"status":"Submitted","calls":{},"id":"12bf9cbd-1e54-44b1-8db1-daef1d1250f0"}'
    headers:
      Connection:
      - keep-alive
      Content-Type:
      - application/json
      Date:
      - Sun, 04 Jan 2026 04:34:52 GMT
      Server:
      - nginx/1.25.3
      Transfer-Encoding:
      - chunked
      content-length:
      - '77'
    status:
      code: 200
      message: OK
- request:
    body: ''
    headers:
      Accept:
      - '*/*'
      Accept-Encoding:
      - gzip, deflate
      Connection:
      - keep-alive
      Host:
      - gizmok66.fhcrc.org:39539
      User-Agent:
      - python-httpx/0.28.1
    method: GET
    uri: https://gizmok66.fhcrc.org:39539/api/workflows/v1/12bf9cbd-1e54-44b1-8db1-daef1d1250f0/metadata?includeKey=status&includeKey=failures&includeKey=jobId
  response:
    body:
      string: '{"status":"Submitted","calls":{},"id":"12bf9cbd-1e54-44b1-8db1-daef1d1250f0"}'
    headers:
      Connection:
      - keep-alive
      Content-Type:
      - application/json
      Date:
      - Sun, 04 Jan 2026 04:34:57 GMT
      Server:
      - nginx/1.25.3
      Transfer-Encoding:
      - chunked
      content-length:
      - '77'
    status:
      code: 200
      message: OK
- request:
    body: ''
    headers:
      Accept:
      - '*/*'
      Accept-Encoding:
      - gzip, deflate
      Connection:
      - keep-alive
      Host:
      - gizmok66.fhcrc.org:39539
      User-Agent:
      - python-httpx/0.28.1
    method: GET
    uri: https://gizmok66.fhcrc.org:39539/api/workflows/v1/12bf9cbd-1e54-44b1-8db1-daef1d1250f0/metadata?includeKey=status&includeKey=failures&includeKey=jobId
  response:
    body:
      string: '{"status":"Submitted","calls":{},"id":"12bf9cbd-1e54-44b1-8db1-daef1d1250f0"}'
    headers:
      Connection:
      - keep-alive
      Content-Type:
      - application/json
      Date:
      - Sun, 04 Jan 2026 04:35:02 GMT
      Server:
      - nginx/1.25.3
      Transfer-Encoding:
      - chunked
      content-length:
      - '77'
    status:
      code: 200
      message: OK
- request:
    body: ''
    headers:
      Accept:
      - '*/*'
      Accept-Encoding:
      - gzip, deflate
      Connection:
      - keep-alive
      Host:
      - gizmok66.fhcrc.org:39539
      User-Agent:
      - python-httpx/0.28.1
    method: GET
    uri: https://gizmok66.fhcrc.org:39539/api/workflows/v1/12bf9cbd-1e54-44b1-8db1-daef1d1250f0/metadata?includeKey=status&includeKey=failures&includeKey=jobId
  response:
    body:
      string: '{"status":"Running","calls":{},"id":"12bf9cbd-1e54-44b1-8db1-daef1d1250f0"}'
    headers:
      Connection:
      - keep-alive
      Content-Type:
      - application/json
      Date:
      - Sun, 04 Jan 2026 04:35:07 GMT
      Server:
      - nginx/1.25.3
      Transfer-Encoding:
      - chunked
      content-length:
      - '75'
    status:
      code: 200
      message: OK
- request:
    body: ''
    headers:
      Accept:
      - '*/*'
      Accept-Encoding:
      - gzip, deflate
      Connection:
      - keep-alive
      Host:
      - gizmok66.fhcrc.org:39539
      User-Agent:
      - python-httpx/0.28.1
    method: GET
    uri: https://gizmok66.fhcrc.org:39539/api/workflows/v1/12bf9cbd-1e54-44b1-8db1-daef1d1250f0/metadata?includeKey=status&includeKey=failures&includeKey=jobId
  response:
    body:
      string: '{"status":"Running","calls":{},"id":"12bf9cbd-1e54-44b1-8db1-daef1d1250f0"}'
    headers:
      Connection:
      - keep-alive
      Content-Type:
      - application/json
      Date:
      - Sun, 04 Jan 2026 04:35:12 GMT
      Server:
      - nginx/1.25.3
      Transfer-Encoding:
      - chunked
      content-length:
      - '75'
    status:
      code: 200
      message: OK
- request:
    body: ''
    headers:
      Accept:
      - '*/*'
      Accept-Encoding:
      - gzip, deflate
      Connection:
      - keep-alive
      Host:
      - gizmok66.fhcrc.org:39539
      User-Agent:
      - python-httpx/0.28.1
    method: GET
    uri: https://gizmok66.fhcrc.org:39539/api/workflows/v1/12bf9cbd-1e54-44b1-8db1-daef1d1250f0/metadata?includeKey=status&includeKey=failures&includeKey=jobId
  response:
    body:
      string: '{"status":"Running","calls":{},"id":"12bf9cbd-1e54-44b1-8db1-daef1d1250f0"}'
    headers:
      Connection:
      - keep-alive
      Content-Type:
      - application/json
      Date:
      - Sun, 04 Jan 2026 04:35:17 GMT
      Server:
      - nginx/1.25.3
      Transfer-Encoding:
      - chunked
      content-length:
      - '75'
    status:
      code: 200
      message: OK
- request:
    body: ''
    headers:
      Accept:
      - '*/*'
      Accept-Encoding:
      - gzip, deflate
      Connection:
      - keep-alive
      Host:
      - gizmok66.fhcrc.org:39539
      User-Agent:
      - python-httpx/0.28.1
    method: GET
    uri: https://gizmok66.fhcrc.org:39539/api/workflows/v1/12bf9cbd-1e54-44b1-8db1-daef1d1250f0/metadata?includeKey=status&includeKey=failures&includeKey=jobId
  response:
    body:
      string: '{"status":"Running","calls":{},"id":"12bf9cbd-1e54-44b1-8db1-daef1d1250f0"}'
    headers:
      Connection:
      - keep-alive
      Content-Type:
      - application/json
      Date:
      - Sun, 04 Jan 2026 04:35:22 GMT
      Server:
      - nginx/1.25.3
      Transfer-Encoding:
      - chunked
      content-length:
      - '75'
    status:
      code: 200
      message: OK
- request:
    body: ''
    headers:
      Accept:
      - '*/*'
      Accept-Encoding:
      - gzip, deflate
      Connection:
      - keep-alive
      Host:
      - gizmok66.fhcrc.org:39539
      User-Agent:
      - python-httpx/0.28.1
    method: GET
    uri: https://gizmok66.fhcrc.org:39539/api/workflows/v1/12bf9cbd-1e54-44b1-8db1-daef1d1250f0/metadata?includeKey=status&includeKey=failures&includeKey=jobId
  response:
    body:
      string: '{"status":"Running","calls":{"enhanced_map_test.process_nested_map":[{"jobId":"44085896","attempt":1,"shardIndex":0},{"jobId":"44085899","attempt":1,"shardIndex":1}],"enhanced_map_test.process_sample":[{"jobId":"44085900","attempt":1,"shardIndex":0},{"jobId":"44085897","attempt":1,"shardIndex":1},{"jobId":"44085898","attempt":1,"shardIndex":2}]},"id":"12bf9cbd-1e54-44b1-8db1-daef1d1250f0"}'
    headers:
      Connection:
      - keep-alive
      Content-Type:
      - application/json
      Date:
      - Sun, 04 Jan 2026 04:35:27 GMT
      Server:
      - nginx/1.25.3
      Transfer-Encoding:
      - chunked
      content-length:
      - '392'
    status:
      code: 200
      message: OK
- request:
    body: ''
    headers:
      Accept:
      - '*/*'
      Accept-Encoding:
      - gzip, deflate
      Connection:
      - keep-alive
      Host:
      - gizmok66.fhcrc.org:39539
      User-Agent:
      - python-httpx/0.28.1
    method: GET
    uri: https://gizmok66.fhcrc.org:39539/api/workflows/v1/12bf9cbd-1e54-44b1-8db1-daef1d1250f0/metadata?includeKey=status&includeKey=failures&includeKey=jobId
  response:
    body:
      string: '{"status":"Running","calls":{"enhanced_map_test.process_nested_map":[{"jobId":"44085896","attempt":1,"shardIndex":0},{"jobId":"44085899","attempt":1,"shardIndex":1}],"enhanced_map_test.process_sample":[{"jobId":"44085900","attempt":1,"shardIndex":0},{"jobId":"44085897","attempt":1,"shardIndex":1},{"jobId":"44085898","attempt":1,"shardIndex":2}]},"id":"12bf9cbd-1e54-44b1-8db1-daef1d1250f0"}'
    headers:
      Connection:
      - keep-alive
      Content-Type:
      - application/json
      Date:
      - Sun, 04 Jan 2026 04:35:32 GMT
      Server:
      - nginx/1.25.3
      Transfer-Encoding:
      - chunked
      content-length:
      - '392'
    status:
      code: 200
      message: OK
- request:
    body: ''
    headers:
      Accept:
      - '*/*'
      Accept-Encoding:
      - gzip, deflate
      Connection:
      - keep-alive
      Host:
      - gizmok66.fhcrc.org:39539
      User-Agent:
      - python-httpx/0.28.1
    method: GET
    uri: https://gizmok66.fhcrc.org:39539/api/workflows/v1/12bf9cbd-1e54-44b1-8db1-daef1d1250f0/metadata?includeKey=status&includeKey=failures&includeKey=jobId
  response:
    body:
      string: '{"status":"Running","calls":{"enhanced_map_test.process_nested_map":[{"jobId":"44085896","attempt":1,"shardIndex":0},{"jobId":"44085899","attempt":1,"shardIndex":1}],"enhanced_map_test.process_sample":[{"jobId":"44085900","attempt":1,"shardIndex":0},{"jobId":"44085897","attempt":1,"shardIndex":1},{"jobId":"44085898","attempt":1,"shardIndex":2}]},"id":"12bf9cbd-1e54-44b1-8db1-daef1d1250f0"}'
    headers:
      Connection:
      - keep-alive
      Content-Type:
      - application/json
      Date:
      - Sun, 04 Jan 2026 04:35:37 GMT
      Server:
      - nginx/1.25.3
      Transfer-Encoding:
      - chunked
      content-length:
      - '392'
    status:
      code: 200
      message: OK
- request:
    body: ''
    headers:
      Accept:
      - '*/*'
      Accept-Encoding:
      - gzip, deflate
      Connection:
      - keep-alive
      Host:
      - gizmok66.fhcrc.org:39539
      User-Agent:
      - python-httpx/0.28.1
    method: GET
    uri: https://gizmok66.fhcrc.org:39539/api/workflows/v1/12bf9cbd-1e54-44b1-8db1-daef1d1250f0/metadata?includeKey=status&includeKey=failures&includeKey=jobId
  response:
    body:
      string: '{"status":"Running","calls":{"enhanced_map_test.process_nested_map":[{"jobId":"44085896","attempt":1,"shardIndex":0},{"jobId":"44085899","attempt":1,"shardIndex":1}],"enhanced_map_test.process_sample":[{"jobId":"44085900","attempt":1,"shardIndex":0},{"jobId":"44085897","attempt":1,"shardIndex":1},{"jobId":"44085898","attempt":1,"shardIndex":2}]},"id":"12bf9cbd-1e54-44b1-8db1-daef1d1250f0"}'
    headers:
      Connection:
      - keep-alive
      Content-Type:
      - application/json
      Date:
      - Sun, 04 Jan 2026 04:35:42 GMT
      Server:
      - nginx/1.25.3
      Transfer-Encoding:
      - chunked
      content-length:
      - '392'
    status:
      code: 200
      message: OK
- request:
    body: ''
    headers:
      Accept:
      - '*/*'
      Accept-Encoding:
      - gzip, deflate
      Connection:
      - keep-alive
      Host:
      - gizmok66.fhcrc.org:39539
      User-Agent:
      - python-httpx/0.28.1
    method: GET
    uri: https://gizmok66.fhcrc.org:39539/api/workflows/v1/12bf9cbd-1e54-44b1-8db1-daef1d1250f0/metadata?includeKey=status&includeKey=failures&includeKey=jobId
  response:
    body:
      string: '{"status":"Running","calls":{"enhanced_map_test.process_nested_map":[{"jobId":"44085896","attempt":1,"shardIndex":0},{"jobId":"44085899","attempt":1,"shardIndex":1}],"enhanced_map_test.process_sample":[{"jobId":"44085900","attempt":1,"shardIndex":0},{"jobId":"44085897","attempt":1,"shardIndex":1},{"jobId":"44085898","attempt":1,"shardIndex":2}]},"id":"12bf9cbd-1e54-44b1-8db1-daef1d1250f0"}'
    headers:
      Connection:
      - keep-alive
      Content-Type:
      - application/json
      Date:
      - Sun, 04 Jan 2026 04:35:48 GMT
      Server:
      - nginx/1.25.3
      Transfer-Encoding:
      - chunked
      content-length:
      - '392'
    status:
      code: 200
      message: OK
- request:
    body: ''
    headers:
      Accept:
      - '*/*'
      Accept-Encoding:
      - gzip, deflate
      Connection:
      - keep-alive
      Host:
      - gizmok66.fhcrc.org:39539
      User-Agent:
      - python-httpx/0.28.1
    method: GET
    uri: https://gizmok66.fhcrc.org:39539/api/workflows/v1/12bf9cbd-1e54-44b1-8db1-daef1d1250f0/metadata?includeKey=status&includeKey=failures&includeKey=jobId
  response:
    body:
      string: '{"status":"Running","calls":{"enhanced_map_test.process_nested_map":[{"jobId":"44085896","attempt":1,"shardIndex":0},{"jobId":"44085899","attempt":1,"shardIndex":1}],"enhanced_map_test.process_sample":[{"jobId":"44085900","attempt":1,"shardIndex":0},{"jobId":"44085897","attempt":1,"shardIndex":1},{"jobId":"44085898","attempt":1,"shardIndex":2}]},"id":"12bf9cbd-1e54-44b1-8db1-daef1d1250f0"}'
    headers:
      Connection:
      - keep-alive
      Content-Type:
      - application/json
      Date:
      - Sun, 04 Jan 2026 04:35:53 GMT
      Server:
      - nginx/1.25.3
      Transfer-Encoding:
      - chunked
      content-length:
      - '392'
    status:
      code: 200
      message: OK
- request:
    body: ''
    headers:
      Accept:
      - '*/*'
      Accept-Encoding:
      - gzip, deflate
      Connection:
      - keep-alive
      Host:
      - gizmok66.fhcrc.org:39539
      User-Agent:
      - python-httpx/0.28.1
    method: GET
    uri: https://gizmok66.fhcrc.org:39539/api/workflows/v1/12bf9cbd-1e54-44b1-8db1-daef1d1250f0/metadata?includeKey=status&includeKey=failures&includeKey=jobId
  response:
    body:
      string: '{"status":"Running","calls":{"enhanced_map_test.process_nested_map":[{"jobId":"44085896","attempt":1,"shardIndex":0},{"jobId":"44085899","attempt":1,"shardIndex":1}],"enhanced_map_test.process_sample":[{"jobId":"44085900","attempt":1,"shardIndex":0},{"jobId":"44085897","attempt":1,"shardIndex":1},{"jobId":"44085898","attempt":1,"shardIndex":2}]},"id":"12bf9cbd-1e54-44b1-8db1-daef1d1250f0"}'
    headers:
      Connection:
      - keep-alive
      Content-Type:
      - application/json
      Date:
      - Sun, 04 Jan 2026 04:35:58 GMT
      Server:
      - nginx/1.25.3
      Transfer-Encoding:
      - chunked
      content-length:
      - '392'
    status:
      code: 200
      message: OK
- request:
    body: ''
    headers:
      Accept:
      - '*/*'
      Accept-Encoding:
      - gzip, deflate
      Connection:
      - keep-alive
      Host:
      - gizmok66.fhcrc.org:39539
      User-Agent:
      - python-httpx/0.28.1
    method: GET
    uri: https://gizmok66.fhcrc.org:39539/api/workflows/v1/12bf9cbd-1e54-44b1-8db1-daef1d1250f0/metadata?includeKey=status&includeKey=failures&includeKey=jobId
  response:
    body:
      string: '{"status":"Running","calls":{"enhanced_map_test.process_nested_map":[{"jobId":"44085896","attempt":1,"shardIndex":0},{"jobId":"44085899","attempt":1,"shardIndex":1}],"enhanced_map_test.process_sample":[{"jobId":"44085900","attempt":1,"shardIndex":0},{"jobId":"44085897","attempt":1,"shardIndex":1},{"jobId":"44085898","attempt":1,"shardIndex":2}]},"id":"12bf9cbd-1e54-44b1-8db1-daef1d1250f0"}'
    headers:
      Connection:
      - keep-alive
      Content-Type:
      - application/json
      Date:
      - Sun, 04 Jan 2026 04:36:03 GMT
      Server:
      - nginx/1.25.3
      Transfer-Encoding:
      - chunked
      content-length:
      - '392'
    status:
      code: 200
      message: OK
- request:
    body: ''
    headers:
      Accept:
      - '*/*'
      Accept-Encoding:
      - gzip, deflate
      Connection:
      - keep-alive
      Host:
      - gizmok66.fhcrc.org:39539
      User-Agent:
      - python-httpx/0.28.1
    method: GET
    uri: https://gizmok66.fhcrc.org:39539/api/workflows/v1/12bf9cbd-1e54-44b1-8db1-daef1d1250f0/metadata?includeKey=status&includeKey=failures&includeKey=jobId
  response:
    body:
      string: '{"status":"Running","calls":{"enhanced_map_test.process_sample":[{"jobId":"44085900","attempt":1,"shardIndex":0},{"jobId":"44085897","attempt":1,"shardIndex":1},{"jobId":"44085898","attempt":1,"shardIndex":2}],"enhanced_map_test.process_nested_map":[{"jobId":"44085896","attempt":1,"shardIndex":0},{"jobId":"44085899","attempt":1,"shardIndex":1}],"enhanced_map_test.create_result_map":[{"jobId":"44085902","attempt":1,"shardIndex":-1}]},"id":"12bf9cbd-1e54-44b1-8db1-daef1d1250f0"}'
    headers:
      Connection:
      - keep-alive
      Content-Type:
      - application/json
      Date:
      - Sun, 04 Jan 2026 04:36:08 GMT
      Server:
      - nginx/1.25.3
      Transfer-Encoding:
      - chunked
      content-length:
      - '481'
    status:
      code: 200
      message: OK
- request:
    body: ''
    headers:
      Accept:
      - '*/*'
      Accept-Encoding:
      - gzip, deflate
      Connection:
      - keep-alive
      Host:
      - gizmok66.fhcrc.org:39539
      User-Agent:
      - python-httpx/0.28.1
    method: GET
    uri: https://gizmok66.fhcrc.org:39539/api/workflows/v1/12bf9cbd-1e54-44b1-8db1-daef1d1250f0/metadata?includeKey=status&includeKey=failures&includeKey=jobId
  response:
    body:
      string: '{"status":"Running","calls":{"enhanced_map_test.process_sample":[{"jobId":"44085900","attempt":1,"shardIndex":0},{"jobId":"44085897","attempt":1,"shardIndex":1},{"jobId":"44085898","attempt":1,"shardIndex":2}],"enhanced_map_test.process_nested_map":[{"jobId":"44085896","attempt":1,"shardIndex":0},{"jobId":"44085899","attempt":1,"shardIndex":1}],"enhanced_map_test.create_result_map":[{"jobId":"44085902","attempt":1,"shardIndex":-1}]},"id":"12bf9cbd-1e54-44b1-8db1-daef1d1250f0"}'
    headers:
      Connection:
      - keep-alive
      Content-Type:
      - application/json
      Date:
      - Sun, 04 Jan 2026 04:36:13 GMT
      Server:
      - nginx/1.25.3
      Transfer-Encoding:
      - chunked
      content-length:
      - '481'
    status:
      code: 200
      message: OK
- request:
    body: ''
    headers:
      Accept:
      - '*/*'
      Accept-Encoding:
      - gzip, deflate
      Connection:
      - keep-alive
      Host:
      - gizmok66.fhcrc.org:39539
      User-Agent:
      - python-httpx/0.28.1
    method: GET
    uri: https://gizmok66.fhcrc.org:39539/api/workflows/v1/12bf9cbd-1e54-44b1-8db1-daef1d1250f0/metadata?includeKey=status&includeKey=failures&includeKey=jobId
  response:
    body:
      string: '{"status":"Running","calls":{"enhanced_map_test.process_sample":[{"jobId":"44085900","attempt":1,"shardIndex":0},{"jobId":"44085897","attempt":1,"shardIndex":1},{"jobId":"44085898","attempt":1,"shardIndex":2}],"enhanced_map_test.process_nested_map":[{"jobId":"44085896","attempt":1,"shardIndex":0},{"jobId":"44085899","attempt":1,"shardIndex":1}],"enhanced_map_test.create_result_map":[{"jobId":"44085902","attempt":1,"shardIndex":-1}]},"id":"12bf9cbd-1e54-44b1-8db1-daef1d1250f0"}'
    headers:
      Connection:
      - keep-alive
      Content-Type:
      - application/json
      Date:
      - Sun, 04 Jan 2026 04:36:18 GMT
      Server:
      - nginx/1.25.3
      Transfer-Encoding:
      - chunked
      content-length:
      - '481'
    status:
      code: 200
      message: OK
- request:
    body: ''
    headers:
      Accept:
      - '*/*'
      Accept-Encoding:
      - gzip, deflate
      Connection:
      - keep-alive
      Host:
      - gizmok66.fhcrc.org:39539
      User-Agent:
      - python-httpx/0.28.1
    method: GET
    uri: https://gizmok66.fhcrc.org:39539/api/workflows/v1/12bf9cbd-1e54-44b1-8db1-daef1d1250f0/metadata?includeKey=status&includeKey=failures&includeKey=jobId
  response:
    body:
      string: '{"status":"Running","calls":{"enhanced_map_test.process_sample":[{"jobId":"44085900","attempt":1,"shardIndex":0},{"jobId":"44085897","attempt":1,"shardIndex":1},{"jobId":"44085898","attempt":1,"shardIndex":2}],"enhanced_map_test.process_nested_map":[{"jobId":"44085896","attempt":1,"shardIndex":0},{"jobId":"44085899","attempt":1,"shardIndex":1}],"enhanced_map_test.create_result_map":[{"jobId":"44085902","attempt":1,"shardIndex":-1}]},"id":"12bf9cbd-1e54-44b1-8db1-daef1d1250f0"}'
    headers:
      Connection:
      - keep-alive
      Content-Type:
      - application/json
      Date:
      - Sun, 04 Jan 2026 04:36:23 GMT
      Server:
      - nginx/1.25.3
      Transfer-Encoding:
      - chunked
      content-length:
      - '481'
    status:
      code: 200
      message: OK
- request:
    body: ''
    headers:
      Accept:
      - '*/*'
      Accept-Encoding:
      - gzip, deflate
      Connection:
      - keep-alive
      Host:
      - gizmok66.fhcrc.org:39539
      User-Agent:
      - python-httpx/0.28.1
    method: GET
    uri: https://gizmok66.fhcrc.org:39539/api/workflows/v1/12bf9cbd-1e54-44b1-8db1-daef1d1250f0/metadata?includeKey=status&includeKey=failures&includeKey=jobId
  response:
    body:
      string: '{"status":"Running","calls":{"enhanced_map_test.process_sample":[{"jobId":"44085900","attempt":1,"shardIndex":0},{"jobId":"44085897","attempt":1,"shardIndex":1},{"jobId":"44085898","attempt":1,"shardIndex":2}],"enhanced_map_test.process_nested_map":[{"jobId":"44085896","attempt":1,"shardIndex":0},{"jobId":"44085899","attempt":1,"shardIndex":1}],"enhanced_map_test.create_result_map":[{"jobId":"44085902","attempt":1,"shardIndex":-1}]},"id":"12bf9cbd-1e54-44b1-8db1-daef1d1250f0"}'
    headers:
      Connection:
      - keep-alive
      Content-Type:
      - application/json
      Date:
      - Sun, 04 Jan 2026 04:36:28 GMT
      Server:
      - nginx/1.25.3
      Transfer-Encoding:
      - chunked
      content-length:
      - '481'
    status:
      code: 200
      message: OK
- request:
    body: ''
    headers:
      Accept:
      - '*/*'
      Accept-Encoding:
      - gzip, deflate
      Connection:
      - keep-alive
      Host:
      - gizmok66.fhcrc.org:39539
      User-Agent:
      - python-httpx/0.28.1
    method: GET
    uri: https://gizmok66.fhcrc.org:39539/api/workflows/v1/12bf9cbd-1e54-44b1-8db1-daef1d1250f0/metadata?includeKey=status&includeKey=failures&includeKey=jobId
  response:
    body:
      string: '{"status":"Running","calls":{"enhanced_map_test.process_sample":[{"jobId":"44085900","attempt":1,"shardIndex":0},{"jobId":"44085897","attempt":1,"shardIndex":1},{"jobId":"44085898","attempt":1,"shardIndex":2}],"enhanced_map_test.process_nested_map":[{"jobId":"44085896","attempt":1,"shardIndex":0},{"jobId":"44085899","attempt":1,"shardIndex":1}],"enhanced_map_test.create_result_map":[{"jobId":"44085902","attempt":1,"shardIndex":-1}]},"id":"12bf9cbd-1e54-44b1-8db1-daef1d1250f0"}'
    headers:
      Connection:
      - keep-alive
      Content-Type:
      - application/json
      Date:
      - Sun, 04 Jan 2026 04:36:33 GMT
      Server:
      - nginx/1.25.3
      Transfer-Encoding:
      - chunked
      content-length:
      - '481'
    status:
      code: 200
      message: OK
- request:
    body: ''
    headers:
      Accept:
      - '*/*'
      Accept-Encoding:
      - gzip, deflate
      Connection:
      - keep-alive
      Host:
      - gizmok66.fhcrc.org:39539
      User-Agent:
      - python-httpx/0.28.1
    method: GET
    uri: https://gizmok66.fhcrc.org:39539/api/workflows/v1/12bf9cbd-1e54-44b1-8db1-daef1d1250f0/metadata?includeKey=status&includeKey=failures&includeKey=jobId
  response:
    body:
      string: '{"status":"Running","calls":{"enhanced_map_test.process_sample":[{"jobId":"44085900","attempt":1,"shardIndex":0},{"jobId":"44085897","attempt":1,"shardIndex":1},{"jobId":"44085898","attempt":1,"shardIndex":2}],"enhanced_map_test.process_nested_map":[{"jobId":"44085896","attempt":1,"shardIndex":0},{"jobId":"44085899","attempt":1,"shardIndex":1}],"enhanced_map_test.create_result_map":[{"jobId":"44085902","attempt":1,"shardIndex":-1}]},"id":"12bf9cbd-1e54-44b1-8db1-daef1d1250f0"}'
    headers:
      Connection:
      - keep-alive
      Content-Type:
      - application/json
      Date:
      - Sun, 04 Jan 2026 04:36:38 GMT
      Server:
      - nginx/1.25.3
      Transfer-Encoding:
      - chunked
      content-length:
      - '481'
    status:
      code: 200
      message: OK
- request:
    body: ''
    headers:
      Accept:
      - '*/*'
      Accept-Encoding:
      - gzip, deflate
      Connection:
      - keep-alive
      Host:
      - gizmok66.fhcrc.org:39539
      User-Agent:
      - python-httpx/0.28.1
    method: GET
    uri: https://gizmok66.fhcrc.org:39539/api/workflows/v1/12bf9cbd-1e54-44b1-8db1-daef1d1250f0/metadata?includeKey=status&includeKey=failures&includeKey=jobId
  response:
    body:
      string: '{"status":"Succeeded","calls":{"enhanced_map_test.process_sample":[{"jobId":"44085900","attempt":1,"shardIndex":0},{"jobId":"44085897","attempt":1,"shardIndex":1},{"jobId":"44085898","attempt":1,"shardIndex":2}],"enhanced_map_test.process_nested_map":[{"jobId":"44085896","attempt":1,"shardIndex":0},{"jobId":"44085899","attempt":1,"shardIndex":1}],"enhanced_map_test.create_result_map":[{"jobId":"44085902","attempt":1,"shardIndex":-1}]},"id":"12bf9cbd-1e54-44b1-8db1-daef1d1250f0"}'
    headers:
      Connection:
      - keep-alive
      Content-Type:
      - application/json
      Date:
      - Sun, 04 Jan 2026 04:36:43 GMT
      Server:
      - nginx/1.25.3
      Transfer-Encoding:
      - chunked
      content-length:
      - '483'
    status:
      code: 200
      message: OK
version: 1
