interactions:
- request:
    body: "--618b86d298ae1be646f153e949ba428a\r\nContent-Disposition: form-data; name=\"workflowSource\";
      filename=\"globNonmatching.wdl\"\r\nContent-Type: application/octet-stream\r\n\r\nversion
      1.0\n\nworkflow globNonmatching {\n    call create_files\n    output {\n        Array[File]
      unmatched_files = create_files.unmatched_files\n    }\n}\n\ntask create_files
      {\n    command <<<\n        echo \"Test file\" > test.txt\n    >>>\n    output
      {\n        Array[File] unmatched_files = glob(\"*.log\")\n    }\n}\n\r\n--618b86d298ae1be646f153e949ba428a\r\nContent-Disposition:
      form-data; name=\"workflowOptions\"; filename=\"options.json\"\r\nContent-Type:
      application/json\r\n\r\n{\n    \"workflow_failure_mode\": \"ContinueWhilePossible\",\n
      \   \"write_to_cache\": false,\n    \"read_from_cache\": false\n}\n\r\n--618b86d298ae1be646f153e949ba428a--\r\n"
    headers:
      accept:
      - '*/*'
      accept-encoding:
      - gzip, deflate
      connection:
      - keep-alive
      content-length:
      - '778'
      content-type:
      - multipart/form-data; boundary=618b86d298ae1be646f153e949ba428a
      host:
      - gizmoj5.fhcrc.org:41799
      user-agent:
      - python-httpx/0.28.1
    method: POST
    uri: https://gizmoj5.fhcrc.org:41799/api/workflows/v1
  response:
    body:
      string: '{"id":"8496baa3-922e-431f-be3f-e742aaf037b9","status":"Submitted"}'
    headers:
      Connection:
      - keep-alive
      Content-Length:
      - '66'
      Content-Type:
      - application/json
      Date:
      - Sun, 16 Nov 2025 03:47:25 GMT
      Server:
      - nginx/1.25.3
    status:
      code: 201
      message: Created
- request:
    body: ''
    headers:
      accept:
      - '*/*'
      accept-encoding:
      - gzip, deflate
      connection:
      - keep-alive
      host:
      - gizmoj5.fhcrc.org:41799
      user-agent:
      - python-httpx/0.28.1
    method: GET
    uri: https://gizmoj5.fhcrc.org:41799/api/workflows/v1/8496baa3-922e-431f-be3f-e742aaf037b9/metadata?includeKey=status&includeKey=failures&includeKey=jobId
  response:
    body:
      string: "{\n  \"status\": \"fail\",\n  \"message\": \"Unrecognized workflow
        ID: 8496baa3-922e-431f-be3f-e742aaf037b9\"\n}"
    headers:
      Connection:
      - keep-alive
      Content-Type:
      - application/json
      Date:
      - Sun, 16 Nov 2025 03:47:25 GMT
      Server:
      - nginx/1.25.3
      Transfer-Encoding:
      - chunked
      content-length:
      - '101'
    status:
      code: 404
      message: Not Found
- request:
    body: ''
    headers:
      accept:
      - '*/*'
      accept-encoding:
      - gzip, deflate
      connection:
      - keep-alive
      host:
      - gizmoj5.fhcrc.org:41799
      user-agent:
      - python-httpx/0.28.1
    method: GET
    uri: https://gizmoj5.fhcrc.org:41799/api/workflows/v1/8496baa3-922e-431f-be3f-e742aaf037b9/metadata?includeKey=status&includeKey=failures&includeKey=jobId
  response:
    body:
      string: '{"status":"Submitted","calls":{},"id":"8496baa3-922e-431f-be3f-e742aaf037b9"}'
    headers:
      Connection:
      - keep-alive
      Content-Type:
      - application/json
      Date:
      - Sun, 16 Nov 2025 03:47:29 GMT
      Server:
      - nginx/1.25.3
      Transfer-Encoding:
      - chunked
      content-length:
      - '77'
    status:
      code: 200
      message: OK
version: 1
