interactions:
- request:
    body: "--4d041c45b01adae874878c3ed96c32ca\r\nContent-Disposition: form-data; name=\"workflowSource\";
      filename=\"helloDockerHostname.wdl\"\r\nContent-Type: application/octet-stream\r\n\r\nversion
      1.0\n## This is a test workflow that returns the Docker image name and tag\n##
      and measures execution time of the Hostname task.\n\n#### WORKFLOW DEFINITION\n\nworkflow
      HelloDockerHostname {\n  input {\n    String docker_image = \"ubuntu:20.04\"
      \ # Default value but can be overridden\n  }\n\n  call GetStartTime\n\n  call
      Hostname {\n    input:\n      expected_image = docker_image,\n      start_time
      = GetStartTime.timestamp  # Add dependency on start time\n  }\n\n  call GetEndTime
      {\n    input:\n      hostname_done = Hostname.out  # Add dependency on Hostname
      completion\n  }\n\n  call ValidateExecutionTime {\n    input:\n      start_time
      = GetStartTime.timestamp,\n      end_time = GetEndTime.timestamp\n  }\n\n  output
      {\n    File stdout = Hostname.out\n    Float execution_time_seconds = ValidateExecutionTime.duration_seconds\n
      \   Boolean within_time_limit = ValidateExecutionTime.within_limit\n  }\n\n
      \ parameter_meta {\n    docker_image: \"Docker image to run the task in (e.g.
      ubuntu:latest)\"\n  }\n}\n\n#### TASK DEFINITIONS\n\ntask GetStartTime {\n  command
      <<<\n    date +%s.%N\n  >>>\n\n  output {\n    Float timestamp = read_float(stdout())\n
      \ }\n\n  runtime {\n    docker: \"ubuntu:20.04\"\n    cpu: 1\n    memory: \"1
      GB\"\n  }\n}\n\ntask GetEndTime {\n  input {\n    File hostname_done  # Add
      dependency on Hostname completion\n  }\n\n  command <<<\n    date +%s.%N\n  >>>\n\n
      \ output {\n    Float timestamp = read_float(stdout())\n  }\n\n  runtime {\n
      \   docker: \"ubuntu:20.04\"\n    cpu: 1\n    memory: \"1 GB\"\n  }\n}\n\ntask
      ValidateExecutionTime {\n  input {\n    Float start_time\n    Float end_time\n
      \ }\n\n  command <<<\n    # Calculate duration using awk for floating point
      arithmetic\n    duration=$(awk \"BEGIN {print ~{end_time} - ~{start_time}}\")\n
      \   echo \"$duration\" > duration.txt\n    \n    # Check if duration is less
      than 120 seconds (2 minutes)\n    awk -v dur=\"$duration\" 'BEGIN {if (dur <
      120) exit 0; exit 1}'\n    if [ $? -eq 0 ]; then\n      echo \"true\" > within_limit.txt\n
      \   else\n      echo \"false\" > within_limit.txt\n    fi\n  >>>\n\n  output
      {\n    Float duration_seconds = read_float(\"duration.txt\")\n    Boolean within_limit
      = read_boolean(\"within_limit.txt\")\n  }\n\n  runtime {\n    docker: \"ubuntu:20.04\"\n
      \   cpu: 1\n    memory: \"1 GB\"\n  }\n}\n\ntask Hostname {\n  input {\n    String
      expected_image\n    Float start_time  # Add start_time as input to create dependency\n
      \ }\n\n  command <<<\n    # Split expected image into name and tag\n    EXPECTED_IMAGE_NAME=$(echo
      \"~{expected_image}\" | cut -d':' -f1)\n    EXPECTED_TAG=$(echo \"~{expected_image}\"
      | cut -d':' -f2)\n\n    # Get current image info\n    CURRENT_IMAGE=$(grep \"ID=\"
      /etc/os-release | head -n1 | cut -d'=' -f2)\n    CURRENT_VERSION=$(grep \"VERSION_ID=\"
      /etc/os-release | cut -d'\"' -f2)\n\n    # Compare image name\n    if [[ \"$CURRENT_IMAGE\"
      != \"$EXPECTED_IMAGE_NAME\" ]]; then\n      echo \"Error: Expected Docker image
      $EXPECTED_IMAGE_NAME but got: $CURRENT_IMAGE\"\n      exit 1\n    fi\n\n    #
      Compare version/tag\n    if [[ \"$CURRENT_VERSION\" != \"$EXPECTED_TAG\" ]];
      then\n      echo \"Error: Expected version $EXPECTED_TAG but got: $CURRENT_VERSION\"\n
      \     exit 1\n    fi\n\n    echo \"Verified Docker Image: $CURRENT_IMAGE:$CURRENT_VERSION\"\n
      \   echo \"Expected Image: ~{expected_image}\"\n    echo \"Hostname: $(hostname)\"\n
      \ >>>\n\n  output {\n    File out = stdout()\n  }\n\n  runtime {\n    cpu: 1\n
      \   memory: \"1 GB\"\n    docker: \"~{expected_image}\"\n  }\n\n  parameter_meta
      {\n    expected_image: \"Docker image that should be running this task\"\n  }\n}\n\r\n--4d041c45b01adae874878c3ed96c32ca\r\nContent-Disposition:
      form-data; name=\"workflowInputs\"; filename=\"inputs.json\"\r\nContent-Type:
      application/json\r\n\r\n{\n    \"HelloDockerHostname.docker_image\": \"ubuntu:20.04\"\n}\n\r\n--4d041c45b01adae874878c3ed96c32ca\r\nContent-Disposition:
      form-data; name=\"workflowOptions\"; filename=\"options.json\"\r\nContent-Type:
      application/json\r\n\r\n{\n    \"workflow_failure_mode\": \"ContinueWhilePossible\",\n
      \   \"write_to_cache\": false,\n    \"read_from_cache\": false\n}\n\r\n--4d041c45b01adae874878c3ed96c32ca--\r\n"
    headers:
      accept:
      - '*/*'
      accept-encoding:
      - gzip, deflate
      connection:
      - keep-alive
      content-length:
      - '4114'
      content-type:
      - multipart/form-data; boundary=4d041c45b01adae874878c3ed96c32ca
      host:
      - gizmok37.fhcrc.org:34637
      user-agent:
      - python-httpx/0.28.1
    method: POST
    uri: https://gizmok37.fhcrc.org:34637/api/workflows/v1
  response:
    body:
      string: '{"id":"241ce90b-9fc4-4785-aa7c-5dea95dd3d46","status":"Submitted"}'
    headers:
      Connection:
      - keep-alive
      Content-Length:
      - '66'
      Content-Type:
      - application/json
      Date:
      - Sun, 19 Oct 2025 04:13:14 GMT
      Server:
      - nginx/1.25.3
    status:
      code: 201
      message: Created
- request:
    body: ''
    headers:
      accept:
      - '*/*'
      accept-encoding:
      - gzip, deflate
      connection:
      - keep-alive
      host:
      - gizmok37.fhcrc.org:34637
      user-agent:
      - python-httpx/0.28.1
    method: GET
    uri: https://gizmok37.fhcrc.org:34637/api/workflows/v1/241ce90b-9fc4-4785-aa7c-5dea95dd3d46/metadata?includeKey=status&includeKey=failures&includeKey=jobId
  response:
    body:
      string: '{"status":"Submitted","calls":{},"id":"241ce90b-9fc4-4785-aa7c-5dea95dd3d46"}'
    headers:
      Connection:
      - keep-alive
      Content-Type:
      - application/json
      Date:
      - Sun, 19 Oct 2025 04:13:19 GMT
      Server:
      - nginx/1.25.3
      Transfer-Encoding:
      - chunked
      content-length:
      - '77'
    status:
      code: 200
      message: OK
- request:
    body: ''
    headers:
      accept:
      - '*/*'
      accept-encoding:
      - gzip, deflate
      connection:
      - keep-alive
      host:
      - gizmok37.fhcrc.org:34637
      user-agent:
      - python-httpx/0.28.1
    method: GET
    uri: https://gizmok37.fhcrc.org:34637/api/workflows/v1/241ce90b-9fc4-4785-aa7c-5dea95dd3d46/metadata?includeKey=status&includeKey=failures&includeKey=jobId
  response:
    body:
      string: '{"status":"Submitted","calls":{},"id":"241ce90b-9fc4-4785-aa7c-5dea95dd3d46"}'
    headers:
      Connection:
      - keep-alive
      Content-Type:
      - application/json
      Date:
      - Sun, 19 Oct 2025 04:13:24 GMT
      Server:
      - nginx/1.25.3
      Transfer-Encoding:
      - chunked
      content-length:
      - '77'
    status:
      code: 200
      message: OK
- request:
    body: ''
    headers:
      accept:
      - '*/*'
      accept-encoding:
      - gzip, deflate
      connection:
      - keep-alive
      host:
      - gizmok37.fhcrc.org:34637
      user-agent:
      - python-httpx/0.28.1
    method: GET
    uri: https://gizmok37.fhcrc.org:34637/api/workflows/v1/241ce90b-9fc4-4785-aa7c-5dea95dd3d46/metadata?includeKey=status&includeKey=failures&includeKey=jobId
  response:
    body:
      string: '{"status":"Submitted","calls":{},"id":"241ce90b-9fc4-4785-aa7c-5dea95dd3d46"}'
    headers:
      Connection:
      - keep-alive
      Content-Type:
      - application/json
      Date:
      - Sun, 19 Oct 2025 04:13:29 GMT
      Server:
      - nginx/1.25.3
      Transfer-Encoding:
      - chunked
      content-length:
      - '77'
    status:
      code: 200
      message: OK
- request:
    body: ''
    headers:
      accept:
      - '*/*'
      accept-encoding:
      - gzip, deflate
      connection:
      - keep-alive
      host:
      - gizmok37.fhcrc.org:34637
      user-agent:
      - python-httpx/0.28.1
    method: GET
    uri: https://gizmok37.fhcrc.org:34637/api/workflows/v1/241ce90b-9fc4-4785-aa7c-5dea95dd3d46/metadata?includeKey=status&includeKey=failures&includeKey=jobId
  response:
    body:
      string: '{"status":"Submitted","calls":{},"id":"241ce90b-9fc4-4785-aa7c-5dea95dd3d46"}'
    headers:
      Connection:
      - keep-alive
      Content-Type:
      - application/json
      Date:
      - Sun, 19 Oct 2025 04:13:34 GMT
      Server:
      - nginx/1.25.3
      Transfer-Encoding:
      - chunked
      content-length:
      - '77'
    status:
      code: 200
      message: OK
- request:
    body: ''
    headers:
      accept:
      - '*/*'
      accept-encoding:
      - gzip, deflate
      connection:
      - keep-alive
      host:
      - gizmok37.fhcrc.org:34637
      user-agent:
      - python-httpx/0.28.1
    method: GET
    uri: https://gizmok37.fhcrc.org:34637/api/workflows/v1/241ce90b-9fc4-4785-aa7c-5dea95dd3d46/metadata?includeKey=status&includeKey=failures&includeKey=jobId
  response:
    body:
      string: '{"status":"Submitted","calls":{},"id":"241ce90b-9fc4-4785-aa7c-5dea95dd3d46"}'
    headers:
      Connection:
      - keep-alive
      Content-Type:
      - application/json
      Date:
      - Sun, 19 Oct 2025 04:13:39 GMT
      Server:
      - nginx/1.25.3
      Transfer-Encoding:
      - chunked
      content-length:
      - '77'
    status:
      code: 200
      message: OK
- request:
    body: ''
    headers:
      accept:
      - '*/*'
      accept-encoding:
      - gzip, deflate
      connection:
      - keep-alive
      host:
      - gizmok37.fhcrc.org:34637
      user-agent:
      - python-httpx/0.28.1
    method: GET
    uri: https://gizmok37.fhcrc.org:34637/api/workflows/v1/241ce90b-9fc4-4785-aa7c-5dea95dd3d46/metadata?includeKey=status&includeKey=failures&includeKey=jobId
  response:
    body:
      string: '{"status":"Submitted","calls":{},"id":"241ce90b-9fc4-4785-aa7c-5dea95dd3d46"}'
    headers:
      Connection:
      - keep-alive
      Content-Type:
      - application/json
      Date:
      - Sun, 19 Oct 2025 04:13:44 GMT
      Server:
      - nginx/1.25.3
      Transfer-Encoding:
      - chunked
      content-length:
      - '77'
    status:
      code: 200
      message: OK
- request:
    body: ''
    headers:
      accept:
      - '*/*'
      accept-encoding:
      - gzip, deflate
      connection:
      - keep-alive
      host:
      - gizmok37.fhcrc.org:34637
      user-agent:
      - python-httpx/0.28.1
    method: GET
    uri: https://gizmok37.fhcrc.org:34637/api/workflows/v1/241ce90b-9fc4-4785-aa7c-5dea95dd3d46/metadata?includeKey=status&includeKey=failures&includeKey=jobId
  response:
    body:
      string: '{"status":"Submitted","calls":{},"id":"241ce90b-9fc4-4785-aa7c-5dea95dd3d46"}'
    headers:
      Connection:
      - keep-alive
      Content-Type:
      - application/json
      Date:
      - Sun, 19 Oct 2025 04:13:49 GMT
      Server:
      - nginx/1.25.3
      Transfer-Encoding:
      - chunked
      content-length:
      - '77'
    status:
      code: 200
      message: OK
- request:
    body: ''
    headers:
      accept:
      - '*/*'
      accept-encoding:
      - gzip, deflate
      connection:
      - keep-alive
      host:
      - gizmok37.fhcrc.org:34637
      user-agent:
      - python-httpx/0.28.1
    method: GET
    uri: https://gizmok37.fhcrc.org:34637/api/workflows/v1/241ce90b-9fc4-4785-aa7c-5dea95dd3d46/metadata?includeKey=status&includeKey=failures&includeKey=jobId
  response:
    body:
      string: '{"status":"Submitted","calls":{},"id":"241ce90b-9fc4-4785-aa7c-5dea95dd3d46"}'
    headers:
      Connection:
      - keep-alive
      Content-Type:
      - application/json
      Date:
      - Sun, 19 Oct 2025 04:13:54 GMT
      Server:
      - nginx/1.25.3
      Transfer-Encoding:
      - chunked
      content-length:
      - '77'
    status:
      code: 200
      message: OK
- request:
    body: ''
    headers:
      accept:
      - '*/*'
      accept-encoding:
      - gzip, deflate
      connection:
      - keep-alive
      host:
      - gizmok37.fhcrc.org:34637
      user-agent:
      - python-httpx/0.28.1
    method: GET
    uri: https://gizmok37.fhcrc.org:34637/api/workflows/v1/241ce90b-9fc4-4785-aa7c-5dea95dd3d46/metadata?includeKey=status&includeKey=failures&includeKey=jobId
  response:
    body:
      string: '{"status":"Submitted","calls":{},"id":"241ce90b-9fc4-4785-aa7c-5dea95dd3d46"}'
    headers:
      Connection:
      - keep-alive
      Content-Type:
      - application/json
      Date:
      - Sun, 19 Oct 2025 04:13:59 GMT
      Server:
      - nginx/1.25.3
      Transfer-Encoding:
      - chunked
      content-length:
      - '77'
    status:
      code: 200
      message: OK
- request:
    body: ''
    headers:
      accept:
      - '*/*'
      accept-encoding:
      - gzip, deflate
      connection:
      - keep-alive
      host:
      - gizmok37.fhcrc.org:34637
      user-agent:
      - python-httpx/0.28.1
    method: GET
    uri: https://gizmok37.fhcrc.org:34637/api/workflows/v1/241ce90b-9fc4-4785-aa7c-5dea95dd3d46/metadata?includeKey=status&includeKey=failures&includeKey=jobId
  response:
    body:
      string: '{"status":"Submitted","calls":{},"id":"241ce90b-9fc4-4785-aa7c-5dea95dd3d46"}'
    headers:
      Connection:
      - keep-alive
      Content-Type:
      - application/json
      Date:
      - Sun, 19 Oct 2025 04:14:04 GMT
      Server:
      - nginx/1.25.3
      Transfer-Encoding:
      - chunked
      content-length:
      - '77'
    status:
      code: 200
      message: OK
- request:
    body: ''
    headers:
      accept:
      - '*/*'
      accept-encoding:
      - gzip, deflate
      connection:
      - keep-alive
      host:
      - gizmok37.fhcrc.org:34637
      user-agent:
      - python-httpx/0.28.1
    method: GET
    uri: https://gizmok37.fhcrc.org:34637/api/workflows/v1/241ce90b-9fc4-4785-aa7c-5dea95dd3d46/metadata?includeKey=status&includeKey=failures&includeKey=jobId
  response:
    body:
      string: '{"status":"Submitted","calls":{},"id":"241ce90b-9fc4-4785-aa7c-5dea95dd3d46"}'
    headers:
      Connection:
      - keep-alive
      Content-Type:
      - application/json
      Date:
      - Sun, 19 Oct 2025 04:14:09 GMT
      Server:
      - nginx/1.25.3
      Transfer-Encoding:
      - chunked
      content-length:
      - '77'
    status:
      code: 200
      message: OK
- request:
    body: ''
    headers:
      accept:
      - '*/*'
      accept-encoding:
      - gzip, deflate
      connection:
      - keep-alive
      host:
      - gizmok37.fhcrc.org:34637
      user-agent:
      - python-httpx/0.28.1
    method: GET
    uri: https://gizmok37.fhcrc.org:34637/api/workflows/v1/241ce90b-9fc4-4785-aa7c-5dea95dd3d46/metadata?includeKey=status&includeKey=failures&includeKey=jobId
  response:
    body:
      string: '{"status":"Submitted","calls":{},"id":"241ce90b-9fc4-4785-aa7c-5dea95dd3d46"}'
    headers:
      Connection:
      - keep-alive
      Content-Type:
      - application/json
      Date:
      - Sun, 19 Oct 2025 04:14:15 GMT
      Server:
      - nginx/1.25.3
      Transfer-Encoding:
      - chunked
      content-length:
      - '77'
    status:
      code: 200
      message: OK
- request:
    body: ''
    headers:
      accept:
      - '*/*'
      accept-encoding:
      - gzip, deflate
      connection:
      - keep-alive
      host:
      - gizmok37.fhcrc.org:34637
      user-agent:
      - python-httpx/0.28.1
    method: GET
    uri: https://gizmok37.fhcrc.org:34637/api/workflows/v1/241ce90b-9fc4-4785-aa7c-5dea95dd3d46/metadata?includeKey=status&includeKey=failures&includeKey=jobId
  response:
    body:
      string: '{"status":"Submitted","calls":{},"id":"241ce90b-9fc4-4785-aa7c-5dea95dd3d46"}'
    headers:
      Connection:
      - keep-alive
      Content-Type:
      - application/json
      Date:
      - Sun, 19 Oct 2025 04:14:20 GMT
      Server:
      - nginx/1.25.3
      Transfer-Encoding:
      - chunked
      content-length:
      - '77'
    status:
      code: 200
      message: OK
- request:
    body: ''
    headers:
      accept:
      - '*/*'
      accept-encoding:
      - gzip, deflate
      connection:
      - keep-alive
      host:
      - gizmok37.fhcrc.org:34637
      user-agent:
      - python-httpx/0.28.1
    method: GET
    uri: https://gizmok37.fhcrc.org:34637/api/workflows/v1/241ce90b-9fc4-4785-aa7c-5dea95dd3d46/metadata?includeKey=status&includeKey=failures&includeKey=jobId
  response:
    body:
      string: '{"status":"Submitted","calls":{},"id":"241ce90b-9fc4-4785-aa7c-5dea95dd3d46"}'
    headers:
      Connection:
      - keep-alive
      Content-Type:
      - application/json
      Date:
      - Sun, 19 Oct 2025 04:14:25 GMT
      Server:
      - nginx/1.25.3
      Transfer-Encoding:
      - chunked
      content-length:
      - '77'
    status:
      code: 200
      message: OK
- request:
    body: ''
    headers:
      accept:
      - '*/*'
      accept-encoding:
      - gzip, deflate
      connection:
      - keep-alive
      host:
      - gizmok37.fhcrc.org:34637
      user-agent:
      - python-httpx/0.28.1
    method: GET
    uri: https://gizmok37.fhcrc.org:34637/api/workflows/v1/241ce90b-9fc4-4785-aa7c-5dea95dd3d46/metadata?includeKey=status&includeKey=failures&includeKey=jobId
  response:
    body:
      string: '{"status":"Submitted","calls":{},"id":"241ce90b-9fc4-4785-aa7c-5dea95dd3d46"}'
    headers:
      Connection:
      - keep-alive
      Content-Type:
      - application/json
      Date:
      - Sun, 19 Oct 2025 04:14:30 GMT
      Server:
      - nginx/1.25.3
      Transfer-Encoding:
      - chunked
      content-length:
      - '77'
    status:
      code: 200
      message: OK
- request:
    body: ''
    headers:
      accept:
      - '*/*'
      accept-encoding:
      - gzip, deflate
      connection:
      - keep-alive
      host:
      - gizmok37.fhcrc.org:34637
      user-agent:
      - python-httpx/0.28.1
    method: GET
    uri: https://gizmok37.fhcrc.org:34637/api/workflows/v1/241ce90b-9fc4-4785-aa7c-5dea95dd3d46/metadata?includeKey=status&includeKey=failures&includeKey=jobId
  response:
    body:
      string: '{"status":"Submitted","calls":{},"id":"241ce90b-9fc4-4785-aa7c-5dea95dd3d46"}'
    headers:
      Connection:
      - keep-alive
      Content-Type:
      - application/json
      Date:
      - Sun, 19 Oct 2025 04:14:35 GMT
      Server:
      - nginx/1.25.3
      Transfer-Encoding:
      - chunked
      content-length:
      - '77'
    status:
      code: 200
      message: OK
- request:
    body: ''
    headers:
      accept:
      - '*/*'
      accept-encoding:
      - gzip, deflate
      connection:
      - keep-alive
      host:
      - gizmok37.fhcrc.org:34637
      user-agent:
      - python-httpx/0.28.1
    method: GET
    uri: https://gizmok37.fhcrc.org:34637/api/workflows/v1/241ce90b-9fc4-4785-aa7c-5dea95dd3d46/metadata?includeKey=status&includeKey=failures&includeKey=jobId
  response:
    body:
      string: '{"status":"Submitted","calls":{},"id":"241ce90b-9fc4-4785-aa7c-5dea95dd3d46"}'
    headers:
      Connection:
      - keep-alive
      Content-Type:
      - application/json
      Date:
      - Sun, 19 Oct 2025 04:14:40 GMT
      Server:
      - nginx/1.25.3
      Transfer-Encoding:
      - chunked
      content-length:
      - '77'
    status:
      code: 200
      message: OK
- request:
    body: ''
    headers:
      accept:
      - '*/*'
      accept-encoding:
      - gzip, deflate
      connection:
      - keep-alive
      host:
      - gizmok37.fhcrc.org:34637
      user-agent:
      - python-httpx/0.28.1
    method: GET
    uri: https://gizmok37.fhcrc.org:34637/api/workflows/v1/241ce90b-9fc4-4785-aa7c-5dea95dd3d46/metadata?includeKey=status&includeKey=failures&includeKey=jobId
  response:
    body:
      string: '{"status":"Submitted","calls":{},"id":"241ce90b-9fc4-4785-aa7c-5dea95dd3d46"}'
    headers:
      Connection:
      - keep-alive
      Content-Type:
      - application/json
      Date:
      - Sun, 19 Oct 2025 04:14:45 GMT
      Server:
      - nginx/1.25.3
      Transfer-Encoding:
      - chunked
      content-length:
      - '77'
    status:
      code: 200
      message: OK
- request:
    body: ''
    headers:
      accept:
      - '*/*'
      accept-encoding:
      - gzip, deflate
      connection:
      - keep-alive
      host:
      - gizmok37.fhcrc.org:34637
      user-agent:
      - python-httpx/0.28.1
    method: GET
    uri: https://gizmok37.fhcrc.org:34637/api/workflows/v1/241ce90b-9fc4-4785-aa7c-5dea95dd3d46/metadata?includeKey=status&includeKey=failures&includeKey=jobId
  response:
    body:
      string: '{"status":"Submitted","calls":{},"id":"241ce90b-9fc4-4785-aa7c-5dea95dd3d46"}'
    headers:
      Connection:
      - keep-alive
      Content-Type:
      - application/json
      Date:
      - Sun, 19 Oct 2025 04:14:50 GMT
      Server:
      - nginx/1.25.3
      Transfer-Encoding:
      - chunked
      content-length:
      - '77'
    status:
      code: 200
      message: OK
- request:
    body: ''
    headers:
      accept:
      - '*/*'
      accept-encoding:
      - gzip, deflate
      connection:
      - keep-alive
      host:
      - gizmok37.fhcrc.org:34637
      user-agent:
      - python-httpx/0.28.1
    method: GET
    uri: https://gizmok37.fhcrc.org:34637/api/workflows/v1/241ce90b-9fc4-4785-aa7c-5dea95dd3d46/metadata?includeKey=status&includeKey=failures&includeKey=jobId
  response:
    body:
      string: '{"status":"Submitted","calls":{},"id":"241ce90b-9fc4-4785-aa7c-5dea95dd3d46"}'
    headers:
      Connection:
      - keep-alive
      Content-Type:
      - application/json
      Date:
      - Sun, 19 Oct 2025 04:14:55 GMT
      Server:
      - nginx/1.25.3
      Transfer-Encoding:
      - chunked
      content-length:
      - '77'
    status:
      code: 200
      message: OK
- request:
    body: ''
    headers:
      accept:
      - '*/*'
      accept-encoding:
      - gzip, deflate
      connection:
      - keep-alive
      host:
      - gizmok37.fhcrc.org:34637
      user-agent:
      - python-httpx/0.28.1
    method: GET
    uri: https://gizmok37.fhcrc.org:34637/api/workflows/v1/241ce90b-9fc4-4785-aa7c-5dea95dd3d46/metadata?includeKey=status&includeKey=failures&includeKey=jobId
  response:
    body:
      string: '{"status":"Submitted","calls":{},"id":"241ce90b-9fc4-4785-aa7c-5dea95dd3d46"}'
    headers:
      Connection:
      - keep-alive
      Content-Type:
      - application/json
      Date:
      - Sun, 19 Oct 2025 04:15:00 GMT
      Server:
      - nginx/1.25.3
      Transfer-Encoding:
      - chunked
      content-length:
      - '77'
    status:
      code: 200
      message: OK
- request:
    body: ''
    headers:
      accept:
      - '*/*'
      accept-encoding:
      - gzip, deflate
      connection:
      - keep-alive
      host:
      - gizmok37.fhcrc.org:34637
      user-agent:
      - python-httpx/0.28.1
    method: GET
    uri: https://gizmok37.fhcrc.org:34637/api/workflows/v1/241ce90b-9fc4-4785-aa7c-5dea95dd3d46/metadata?includeKey=status&includeKey=failures&includeKey=jobId
  response:
    body:
      string: '{"status":"Submitted","calls":{},"id":"241ce90b-9fc4-4785-aa7c-5dea95dd3d46"}'
    headers:
      Connection:
      - keep-alive
      Content-Type:
      - application/json
      Date:
      - Sun, 19 Oct 2025 04:15:05 GMT
      Server:
      - nginx/1.25.3
      Transfer-Encoding:
      - chunked
      content-length:
      - '77'
    status:
      code: 200
      message: OK
- request:
    body: ''
    headers:
      accept:
      - '*/*'
      accept-encoding:
      - gzip, deflate
      connection:
      - keep-alive
      host:
      - gizmok37.fhcrc.org:34637
      user-agent:
      - python-httpx/0.28.1
    method: GET
    uri: https://gizmok37.fhcrc.org:34637/api/workflows/v1/241ce90b-9fc4-4785-aa7c-5dea95dd3d46/metadata?includeKey=status&includeKey=failures&includeKey=jobId
  response:
    body:
      string: '{"status":"Submitted","calls":{},"id":"241ce90b-9fc4-4785-aa7c-5dea95dd3d46"}'
    headers:
      Connection:
      - keep-alive
      Content-Type:
      - application/json
      Date:
      - Sun, 19 Oct 2025 04:15:10 GMT
      Server:
      - nginx/1.25.3
      Transfer-Encoding:
      - chunked
      content-length:
      - '77'
    status:
      code: 200
      message: OK
- request:
    body: ''
    headers:
      accept:
      - '*/*'
      accept-encoding:
      - gzip, deflate
      connection:
      - keep-alive
      host:
      - gizmok37.fhcrc.org:34637
      user-agent:
      - python-httpx/0.28.1
    method: GET
    uri: https://gizmok37.fhcrc.org:34637/api/workflows/v1/241ce90b-9fc4-4785-aa7c-5dea95dd3d46/metadata?includeKey=status&includeKey=failures&includeKey=jobId
  response:
    body:
      string: '{"status":"Submitted","calls":{},"id":"241ce90b-9fc4-4785-aa7c-5dea95dd3d46"}'
    headers:
      Connection:
      - keep-alive
      Content-Type:
      - application/json
      Date:
      - Sun, 19 Oct 2025 04:15:15 GMT
      Server:
      - nginx/1.25.3
      Transfer-Encoding:
      - chunked
      content-length:
      - '77'
    status:
      code: 200
      message: OK
- request:
    body: ''
    headers:
      accept:
      - '*/*'
      accept-encoding:
      - gzip, deflate
      connection:
      - keep-alive
      host:
      - gizmok37.fhcrc.org:34637
      user-agent:
      - python-httpx/0.28.1
    method: GET
    uri: https://gizmok37.fhcrc.org:34637/api/workflows/v1/241ce90b-9fc4-4785-aa7c-5dea95dd3d46/metadata?includeKey=status&includeKey=failures&includeKey=jobId
  response:
    body:
      string: '{"status":"Submitted","calls":{},"id":"241ce90b-9fc4-4785-aa7c-5dea95dd3d46"}'
    headers:
      Connection:
      - keep-alive
      Content-Type:
      - application/json
      Date:
      - Sun, 19 Oct 2025 04:15:21 GMT
      Server:
      - nginx/1.25.3
      Transfer-Encoding:
      - chunked
      content-length:
      - '77'
    status:
      code: 200
      message: OK
- request:
    body: ''
    headers:
      accept:
      - '*/*'
      accept-encoding:
      - gzip, deflate
      connection:
      - keep-alive
      host:
      - gizmok37.fhcrc.org:34637
      user-agent:
      - python-httpx/0.28.1
    method: GET
    uri: https://gizmok37.fhcrc.org:34637/api/workflows/v1/241ce90b-9fc4-4785-aa7c-5dea95dd3d46/metadata?includeKey=status&includeKey=failures&includeKey=jobId
  response:
    body:
      string: '{"status":"Submitted","calls":{},"id":"241ce90b-9fc4-4785-aa7c-5dea95dd3d46"}'
    headers:
      Connection:
      - keep-alive
      Content-Type:
      - application/json
      Date:
      - Sun, 19 Oct 2025 04:15:26 GMT
      Server:
      - nginx/1.25.3
      Transfer-Encoding:
      - chunked
      content-length:
      - '77'
    status:
      code: 200
      message: OK
- request:
    body: ''
    headers:
      accept:
      - '*/*'
      accept-encoding:
      - gzip, deflate
      connection:
      - keep-alive
      host:
      - gizmok37.fhcrc.org:34637
      user-agent:
      - python-httpx/0.28.1
    method: GET
    uri: https://gizmok37.fhcrc.org:34637/api/workflows/v1/241ce90b-9fc4-4785-aa7c-5dea95dd3d46/metadata?includeKey=status&includeKey=failures&includeKey=jobId
  response:
    body:
      string: '{"status":"Submitted","calls":{},"id":"241ce90b-9fc4-4785-aa7c-5dea95dd3d46"}'
    headers:
      Connection:
      - keep-alive
      Content-Type:
      - application/json
      Date:
      - Sun, 19 Oct 2025 04:15:31 GMT
      Server:
      - nginx/1.25.3
      Transfer-Encoding:
      - chunked
      content-length:
      - '77'
    status:
      code: 200
      message: OK
- request:
    body: ''
    headers:
      accept:
      - '*/*'
      accept-encoding:
      - gzip, deflate
      connection:
      - keep-alive
      host:
      - gizmok37.fhcrc.org:34637
      user-agent:
      - python-httpx/0.28.1
    method: GET
    uri: https://gizmok37.fhcrc.org:34637/api/workflows/v1/241ce90b-9fc4-4785-aa7c-5dea95dd3d46/metadata?includeKey=status&includeKey=failures&includeKey=jobId
  response:
    body:
      string: '{"status":"Submitted","calls":{},"id":"241ce90b-9fc4-4785-aa7c-5dea95dd3d46"}'
    headers:
      Connection:
      - keep-alive
      Content-Type:
      - application/json
      Date:
      - Sun, 19 Oct 2025 04:15:36 GMT
      Server:
      - nginx/1.25.3
      Transfer-Encoding:
      - chunked
      content-length:
      - '77'
    status:
      code: 200
      message: OK
- request:
    body: ''
    headers:
      accept:
      - '*/*'
      accept-encoding:
      - gzip, deflate
      connection:
      - keep-alive
      host:
      - gizmok37.fhcrc.org:34637
      user-agent:
      - python-httpx/0.28.1
    method: GET
    uri: https://gizmok37.fhcrc.org:34637/api/workflows/v1/241ce90b-9fc4-4785-aa7c-5dea95dd3d46/metadata?includeKey=status&includeKey=failures&includeKey=jobId
  response:
    body:
      string: '{"status":"Submitted","calls":{},"id":"241ce90b-9fc4-4785-aa7c-5dea95dd3d46"}'
    headers:
      Connection:
      - keep-alive
      Content-Type:
      - application/json
      Date:
      - Sun, 19 Oct 2025 04:15:41 GMT
      Server:
      - nginx/1.25.3
      Transfer-Encoding:
      - chunked
      content-length:
      - '77'
    status:
      code: 200
      message: OK
- request:
    body: ''
    headers:
      accept:
      - '*/*'
      accept-encoding:
      - gzip, deflate
      connection:
      - keep-alive
      host:
      - gizmok37.fhcrc.org:34637
      user-agent:
      - python-httpx/0.28.1
    method: GET
    uri: https://gizmok37.fhcrc.org:34637/api/workflows/v1/241ce90b-9fc4-4785-aa7c-5dea95dd3d46/metadata?includeKey=status&includeKey=failures&includeKey=jobId
  response:
    body:
      string: '{"status":"Submitted","calls":{},"id":"241ce90b-9fc4-4785-aa7c-5dea95dd3d46"}'
    headers:
      Connection:
      - keep-alive
      Content-Type:
      - application/json
      Date:
      - Sun, 19 Oct 2025 04:15:46 GMT
      Server:
      - nginx/1.25.3
      Transfer-Encoding:
      - chunked
      content-length:
      - '77'
    status:
      code: 200
      message: OK
- request:
    body: ''
    headers:
      accept:
      - '*/*'
      accept-encoding:
      - gzip, deflate
      connection:
      - keep-alive
      host:
      - gizmok37.fhcrc.org:34637
      user-agent:
      - python-httpx/0.28.1
    method: GET
    uri: https://gizmok37.fhcrc.org:34637/api/workflows/v1/241ce90b-9fc4-4785-aa7c-5dea95dd3d46/metadata?includeKey=status&includeKey=failures&includeKey=jobId
  response:
    body:
      string: '{"status":"Submitted","calls":{},"id":"241ce90b-9fc4-4785-aa7c-5dea95dd3d46"}'
    headers:
      Connection:
      - keep-alive
      Content-Type:
      - application/json
      Date:
      - Sun, 19 Oct 2025 04:15:51 GMT
      Server:
      - nginx/1.25.3
      Transfer-Encoding:
      - chunked
      content-length:
      - '77'
    status:
      code: 200
      message: OK
- request:
    body: ''
    headers:
      accept:
      - '*/*'
      accept-encoding:
      - gzip, deflate
      connection:
      - keep-alive
      host:
      - gizmok37.fhcrc.org:34637
      user-agent:
      - python-httpx/0.28.1
    method: GET
    uri: https://gizmok37.fhcrc.org:34637/api/workflows/v1/241ce90b-9fc4-4785-aa7c-5dea95dd3d46/metadata?includeKey=status&includeKey=failures&includeKey=jobId
  response:
    body:
      string: '{"status":"Submitted","calls":{},"id":"241ce90b-9fc4-4785-aa7c-5dea95dd3d46"}'
    headers:
      Connection:
      - keep-alive
      Content-Type:
      - application/json
      Date:
      - Sun, 19 Oct 2025 04:15:56 GMT
      Server:
      - nginx/1.25.3
      Transfer-Encoding:
      - chunked
      content-length:
      - '77'
    status:
      code: 200
      message: OK
- request:
    body: ''
    headers:
      accept:
      - '*/*'
      accept-encoding:
      - gzip, deflate
      connection:
      - keep-alive
      host:
      - gizmok37.fhcrc.org:34637
      user-agent:
      - python-httpx/0.28.1
    method: GET
    uri: https://gizmok37.fhcrc.org:34637/api/workflows/v1/241ce90b-9fc4-4785-aa7c-5dea95dd3d46/metadata?includeKey=status&includeKey=failures&includeKey=jobId
  response:
    body:
      string: '{"status":"Submitted","calls":{},"id":"241ce90b-9fc4-4785-aa7c-5dea95dd3d46"}'
    headers:
      Connection:
      - keep-alive
      Content-Type:
      - application/json
      Date:
      - Sun, 19 Oct 2025 04:16:01 GMT
      Server:
      - nginx/1.25.3
      Transfer-Encoding:
      - chunked
      content-length:
      - '77'
    status:
      code: 200
      message: OK
- request:
    body: ''
    headers:
      accept:
      - '*/*'
      accept-encoding:
      - gzip, deflate
      connection:
      - keep-alive
      host:
      - gizmok37.fhcrc.org:34637
      user-agent:
      - python-httpx/0.28.1
    method: GET
    uri: https://gizmok37.fhcrc.org:34637/api/workflows/v1/241ce90b-9fc4-4785-aa7c-5dea95dd3d46/metadata?includeKey=status&includeKey=failures&includeKey=jobId
  response:
    body:
      string: '{"status":"Submitted","calls":{},"id":"241ce90b-9fc4-4785-aa7c-5dea95dd3d46"}'
    headers:
      Connection:
      - keep-alive
      Content-Type:
      - application/json
      Date:
      - Sun, 19 Oct 2025 04:16:06 GMT
      Server:
      - nginx/1.25.3
      Transfer-Encoding:
      - chunked
      content-length:
      - '77'
    status:
      code: 200
      message: OK
- request:
    body: ''
    headers:
      accept:
      - '*/*'
      accept-encoding:
      - gzip, deflate
      connection:
      - keep-alive
      host:
      - gizmok37.fhcrc.org:34637
      user-agent:
      - python-httpx/0.28.1
    method: GET
    uri: https://gizmok37.fhcrc.org:34637/api/workflows/v1/241ce90b-9fc4-4785-aa7c-5dea95dd3d46/metadata?includeKey=status&includeKey=failures&includeKey=jobId
  response:
    body:
      string: '{"status":"Submitted","calls":{},"id":"241ce90b-9fc4-4785-aa7c-5dea95dd3d46"}'
    headers:
      Connection:
      - keep-alive
      Content-Type:
      - application/json
      Date:
      - Sun, 19 Oct 2025 04:16:11 GMT
      Server:
      - nginx/1.25.3
      Transfer-Encoding:
      - chunked
      content-length:
      - '77'
    status:
      code: 200
      message: OK
- request:
    body: ''
    headers:
      accept:
      - '*/*'
      accept-encoding:
      - gzip, deflate
      connection:
      - keep-alive
      host:
      - gizmok37.fhcrc.org:34637
      user-agent:
      - python-httpx/0.28.1
    method: GET
    uri: https://gizmok37.fhcrc.org:34637/api/workflows/v1/241ce90b-9fc4-4785-aa7c-5dea95dd3d46/metadata?includeKey=status&includeKey=failures&includeKey=jobId
  response:
    body:
      string: '{"status":"Submitted","calls":{},"id":"241ce90b-9fc4-4785-aa7c-5dea95dd3d46"}'
    headers:
      Connection:
      - keep-alive
      Content-Type:
      - application/json
      Date:
      - Sun, 19 Oct 2025 04:16:16 GMT
      Server:
      - nginx/1.25.3
      Transfer-Encoding:
      - chunked
      content-length:
      - '77'
    status:
      code: 200
      message: OK
- request:
    body: ''
    headers:
      accept:
      - '*/*'
      accept-encoding:
      - gzip, deflate
      connection:
      - keep-alive
      host:
      - gizmok37.fhcrc.org:34637
      user-agent:
      - python-httpx/0.28.1
    method: GET
    uri: https://gizmok37.fhcrc.org:34637/api/workflows/v1/241ce90b-9fc4-4785-aa7c-5dea95dd3d46/metadata?includeKey=status&includeKey=failures&includeKey=jobId
  response:
    body:
      string: '{"status":"Submitted","calls":{},"id":"241ce90b-9fc4-4785-aa7c-5dea95dd3d46"}'
    headers:
      Connection:
      - keep-alive
      Content-Type:
      - application/json
      Date:
      - Sun, 19 Oct 2025 04:16:22 GMT
      Server:
      - nginx/1.25.3
      Transfer-Encoding:
      - chunked
      content-length:
      - '77'
    status:
      code: 200
      message: OK
- request:
    body: ''
    headers:
      accept:
      - '*/*'
      accept-encoding:
      - gzip, deflate
      connection:
      - keep-alive
      host:
      - gizmok37.fhcrc.org:34637
      user-agent:
      - python-httpx/0.28.1
    method: GET
    uri: https://gizmok37.fhcrc.org:34637/api/workflows/v1/241ce90b-9fc4-4785-aa7c-5dea95dd3d46/metadata?includeKey=status&includeKey=failures&includeKey=jobId
  response:
    body:
      string: '{"status":"Submitted","calls":{},"id":"241ce90b-9fc4-4785-aa7c-5dea95dd3d46"}'
    headers:
      Connection:
      - keep-alive
      Content-Type:
      - application/json
      Date:
      - Sun, 19 Oct 2025 04:16:27 GMT
      Server:
      - nginx/1.25.3
      Transfer-Encoding:
      - chunked
      content-length:
      - '77'
    status:
      code: 200
      message: OK
- request:
    body: ''
    headers:
      accept:
      - '*/*'
      accept-encoding:
      - gzip, deflate
      connection:
      - keep-alive
      host:
      - gizmok37.fhcrc.org:34637
      user-agent:
      - python-httpx/0.28.1
    method: GET
    uri: https://gizmok37.fhcrc.org:34637/api/workflows/v1/241ce90b-9fc4-4785-aa7c-5dea95dd3d46/metadata?includeKey=status&includeKey=failures&includeKey=jobId
  response:
    body:
      string: '{"status":"Submitted","calls":{},"id":"241ce90b-9fc4-4785-aa7c-5dea95dd3d46"}'
    headers:
      Connection:
      - keep-alive
      Content-Type:
      - application/json
      Date:
      - Sun, 19 Oct 2025 04:16:32 GMT
      Server:
      - nginx/1.25.3
      Transfer-Encoding:
      - chunked
      content-length:
      - '77'
    status:
      code: 200
      message: OK
- request:
    body: ''
    headers:
      accept:
      - '*/*'
      accept-encoding:
      - gzip, deflate
      connection:
      - keep-alive
      host:
      - gizmok37.fhcrc.org:34637
      user-agent:
      - python-httpx/0.28.1
    method: GET
    uri: https://gizmok37.fhcrc.org:34637/api/workflows/v1/241ce90b-9fc4-4785-aa7c-5dea95dd3d46/metadata?includeKey=status&includeKey=failures&includeKey=jobId
  response:
    body:
      string: '{"status":"Submitted","calls":{},"id":"241ce90b-9fc4-4785-aa7c-5dea95dd3d46"}'
    headers:
      Connection:
      - keep-alive
      Content-Type:
      - application/json
      Date:
      - Sun, 19 Oct 2025 04:16:37 GMT
      Server:
      - nginx/1.25.3
      Transfer-Encoding:
      - chunked
      content-length:
      - '77'
    status:
      code: 200
      message: OK
- request:
    body: ''
    headers:
      accept:
      - '*/*'
      accept-encoding:
      - gzip, deflate
      connection:
      - keep-alive
      host:
      - gizmok37.fhcrc.org:34637
      user-agent:
      - python-httpx/0.28.1
    method: GET
    uri: https://gizmok37.fhcrc.org:34637/api/workflows/v1/241ce90b-9fc4-4785-aa7c-5dea95dd3d46/metadata?includeKey=status&includeKey=failures&includeKey=jobId
  response:
    body:
      string: '{"status":"Submitted","calls":{},"id":"241ce90b-9fc4-4785-aa7c-5dea95dd3d46"}'
    headers:
      Connection:
      - keep-alive
      Content-Type:
      - application/json
      Date:
      - Sun, 19 Oct 2025 04:16:42 GMT
      Server:
      - nginx/1.25.3
      Transfer-Encoding:
      - chunked
      content-length:
      - '77'
    status:
      code: 200
      message: OK
- request:
    body: ''
    headers:
      accept:
      - '*/*'
      accept-encoding:
      - gzip, deflate
      connection:
      - keep-alive
      host:
      - gizmok37.fhcrc.org:34637
      user-agent:
      - python-httpx/0.28.1
    method: GET
    uri: https://gizmok37.fhcrc.org:34637/api/workflows/v1/241ce90b-9fc4-4785-aa7c-5dea95dd3d46/metadata?includeKey=status&includeKey=failures&includeKey=jobId
  response:
    body:
      string: '{"status":"Submitted","calls":{},"id":"241ce90b-9fc4-4785-aa7c-5dea95dd3d46"}'
    headers:
      Connection:
      - keep-alive
      Content-Type:
      - application/json
      Date:
      - Sun, 19 Oct 2025 04:16:47 GMT
      Server:
      - nginx/1.25.3
      Transfer-Encoding:
      - chunked
      content-length:
      - '77'
    status:
      code: 200
      message: OK
- request:
    body: ''
    headers:
      accept:
      - '*/*'
      accept-encoding:
      - gzip, deflate
      connection:
      - keep-alive
      host:
      - gizmok37.fhcrc.org:34637
      user-agent:
      - python-httpx/0.28.1
    method: GET
    uri: https://gizmok37.fhcrc.org:34637/api/workflows/v1/241ce90b-9fc4-4785-aa7c-5dea95dd3d46/metadata?includeKey=status&includeKey=failures&includeKey=jobId
  response:
    body:
      string: '{"status":"Submitted","calls":{},"id":"241ce90b-9fc4-4785-aa7c-5dea95dd3d46"}'
    headers:
      Connection:
      - keep-alive
      Content-Type:
      - application/json
      Date:
      - Sun, 19 Oct 2025 04:16:52 GMT
      Server:
      - nginx/1.25.3
      Transfer-Encoding:
      - chunked
      content-length:
      - '77'
    status:
      code: 200
      message: OK
- request:
    body: ''
    headers:
      accept:
      - '*/*'
      accept-encoding:
      - gzip, deflate
      connection:
      - keep-alive
      host:
      - gizmok37.fhcrc.org:34637
      user-agent:
      - python-httpx/0.28.1
    method: GET
    uri: https://gizmok37.fhcrc.org:34637/api/workflows/v1/241ce90b-9fc4-4785-aa7c-5dea95dd3d46/metadata?includeKey=status&includeKey=failures&includeKey=jobId
  response:
    body:
      string: '{"status":"Submitted","calls":{},"id":"241ce90b-9fc4-4785-aa7c-5dea95dd3d46"}'
    headers:
      Connection:
      - keep-alive
      Content-Type:
      - application/json
      Date:
      - Sun, 19 Oct 2025 04:16:57 GMT
      Server:
      - nginx/1.25.3
      Transfer-Encoding:
      - chunked
      content-length:
      - '77'
    status:
      code: 200
      message: OK
- request:
    body: ''
    headers:
      accept:
      - '*/*'
      accept-encoding:
      - gzip, deflate
      connection:
      - keep-alive
      host:
      - gizmok37.fhcrc.org:34637
      user-agent:
      - python-httpx/0.28.1
    method: GET
    uri: https://gizmok37.fhcrc.org:34637/api/workflows/v1/241ce90b-9fc4-4785-aa7c-5dea95dd3d46/metadata?includeKey=status&includeKey=failures&includeKey=jobId
  response:
    body:
      string: '{"status":"Submitted","calls":{},"id":"241ce90b-9fc4-4785-aa7c-5dea95dd3d46"}'
    headers:
      Connection:
      - keep-alive
      Content-Type:
      - application/json
      Date:
      - Sun, 19 Oct 2025 04:17:02 GMT
      Server:
      - nginx/1.25.3
      Transfer-Encoding:
      - chunked
      content-length:
      - '77'
    status:
      code: 200
      message: OK
- request:
    body: ''
    headers:
      accept:
      - '*/*'
      accept-encoding:
      - gzip, deflate
      connection:
      - keep-alive
      host:
      - gizmok37.fhcrc.org:34637
      user-agent:
      - python-httpx/0.28.1
    method: GET
    uri: https://gizmok37.fhcrc.org:34637/api/workflows/v1/241ce90b-9fc4-4785-aa7c-5dea95dd3d46/metadata?includeKey=status&includeKey=failures&includeKey=jobId
  response:
    body:
      string: '{"status":"Submitted","calls":{},"id":"241ce90b-9fc4-4785-aa7c-5dea95dd3d46"}'
    headers:
      Connection:
      - keep-alive
      Content-Type:
      - application/json
      Date:
      - Sun, 19 Oct 2025 04:17:07 GMT
      Server:
      - nginx/1.25.3
      Transfer-Encoding:
      - chunked
      content-length:
      - '77'
    status:
      code: 200
      message: OK
- request:
    body: ''
    headers:
      accept:
      - '*/*'
      accept-encoding:
      - gzip, deflate
      connection:
      - keep-alive
      host:
      - gizmok37.fhcrc.org:34637
      user-agent:
      - python-httpx/0.28.1
    method: GET
    uri: https://gizmok37.fhcrc.org:34637/api/workflows/v1/241ce90b-9fc4-4785-aa7c-5dea95dd3d46/metadata?includeKey=status&includeKey=failures&includeKey=jobId
  response:
    body:
      string: '{"status":"Submitted","calls":{},"id":"241ce90b-9fc4-4785-aa7c-5dea95dd3d46"}'
    headers:
      Connection:
      - keep-alive
      Content-Type:
      - application/json
      Date:
      - Sun, 19 Oct 2025 04:17:12 GMT
      Server:
      - nginx/1.25.3
      Transfer-Encoding:
      - chunked
      content-length:
      - '77'
    status:
      code: 200
      message: OK
- request:
    body: ''
    headers:
      accept:
      - '*/*'
      accept-encoding:
      - gzip, deflate
      connection:
      - keep-alive
      host:
      - gizmok37.fhcrc.org:34637
      user-agent:
      - python-httpx/0.28.1
    method: GET
    uri: https://gizmok37.fhcrc.org:34637/api/workflows/v1/241ce90b-9fc4-4785-aa7c-5dea95dd3d46/metadata?includeKey=status&includeKey=failures&includeKey=jobId
  response:
    body:
      string: '{"status":"Submitted","calls":{},"id":"241ce90b-9fc4-4785-aa7c-5dea95dd3d46"}'
    headers:
      Connection:
      - keep-alive
      Content-Type:
      - application/json
      Date:
      - Sun, 19 Oct 2025 04:17:17 GMT
      Server:
      - nginx/1.25.3
      Transfer-Encoding:
      - chunked
      content-length:
      - '77'
    status:
      code: 200
      message: OK
- request:
    body: ''
    headers:
      accept:
      - '*/*'
      accept-encoding:
      - gzip, deflate
      connection:
      - keep-alive
      host:
      - gizmok37.fhcrc.org:34637
      user-agent:
      - python-httpx/0.28.1
    method: GET
    uri: https://gizmok37.fhcrc.org:34637/api/workflows/v1/241ce90b-9fc4-4785-aa7c-5dea95dd3d46/metadata?includeKey=status&includeKey=failures&includeKey=jobId
  response:
    body:
      string: '{"status":"Submitted","calls":{},"id":"241ce90b-9fc4-4785-aa7c-5dea95dd3d46"}'
    headers:
      Connection:
      - keep-alive
      Content-Type:
      - application/json
      Date:
      - Sun, 19 Oct 2025 04:17:22 GMT
      Server:
      - nginx/1.25.3
      Transfer-Encoding:
      - chunked
      content-length:
      - '77'
    status:
      code: 200
      message: OK
- request:
    body: ''
    headers:
      accept:
      - '*/*'
      accept-encoding:
      - gzip, deflate
      connection:
      - keep-alive
      host:
      - gizmok37.fhcrc.org:34637
      user-agent:
      - python-httpx/0.28.1
    method: GET
    uri: https://gizmok37.fhcrc.org:34637/api/workflows/v1/241ce90b-9fc4-4785-aa7c-5dea95dd3d46/metadata?includeKey=status&includeKey=failures&includeKey=jobId
  response:
    body:
      string: '{"status":"Submitted","calls":{},"id":"241ce90b-9fc4-4785-aa7c-5dea95dd3d46"}'
    headers:
      Connection:
      - keep-alive
      Content-Type:
      - application/json
      Date:
      - Sun, 19 Oct 2025 04:17:28 GMT
      Server:
      - nginx/1.25.3
      Transfer-Encoding:
      - chunked
      content-length:
      - '77'
    status:
      code: 200
      message: OK
- request:
    body: ''
    headers:
      accept:
      - '*/*'
      accept-encoding:
      - gzip, deflate
      connection:
      - keep-alive
      host:
      - gizmok37.fhcrc.org:34637
      user-agent:
      - python-httpx/0.28.1
    method: GET
    uri: https://gizmok37.fhcrc.org:34637/api/workflows/v1/241ce90b-9fc4-4785-aa7c-5dea95dd3d46/metadata?includeKey=status&includeKey=failures&includeKey=jobId
  response:
    body:
      string: '{"status":"Submitted","calls":{},"id":"241ce90b-9fc4-4785-aa7c-5dea95dd3d46"}'
    headers:
      Connection:
      - keep-alive
      Content-Type:
      - application/json
      Date:
      - Sun, 19 Oct 2025 04:17:33 GMT
      Server:
      - nginx/1.25.3
      Transfer-Encoding:
      - chunked
      content-length:
      - '77'
    status:
      code: 200
      message: OK
- request:
    body: ''
    headers:
      accept:
      - '*/*'
      accept-encoding:
      - gzip, deflate
      connection:
      - keep-alive
      host:
      - gizmok37.fhcrc.org:34637
      user-agent:
      - python-httpx/0.28.1
    method: GET
    uri: https://gizmok37.fhcrc.org:34637/api/workflows/v1/241ce90b-9fc4-4785-aa7c-5dea95dd3d46/metadata?includeKey=status&includeKey=failures&includeKey=jobId
  response:
    body:
      string: '{"status":"Submitted","calls":{},"id":"241ce90b-9fc4-4785-aa7c-5dea95dd3d46"}'
    headers:
      Connection:
      - keep-alive
      Content-Type:
      - application/json
      Date:
      - Sun, 19 Oct 2025 04:17:38 GMT
      Server:
      - nginx/1.25.3
      Transfer-Encoding:
      - chunked
      content-length:
      - '77'
    status:
      code: 200
      message: OK
- request:
    body: ''
    headers:
      accept:
      - '*/*'
      accept-encoding:
      - gzip, deflate
      connection:
      - keep-alive
      host:
      - gizmok37.fhcrc.org:34637
      user-agent:
      - python-httpx/0.28.1
    method: GET
    uri: https://gizmok37.fhcrc.org:34637/api/workflows/v1/241ce90b-9fc4-4785-aa7c-5dea95dd3d46/metadata?includeKey=status&includeKey=failures&includeKey=jobId
  response:
    body:
      string: '{"status":"Submitted","calls":{},"id":"241ce90b-9fc4-4785-aa7c-5dea95dd3d46"}'
    headers:
      Connection:
      - keep-alive
      Content-Type:
      - application/json
      Date:
      - Sun, 19 Oct 2025 04:17:43 GMT
      Server:
      - nginx/1.25.3
      Transfer-Encoding:
      - chunked
      content-length:
      - '77'
    status:
      code: 200
      message: OK
- request:
    body: ''
    headers:
      accept:
      - '*/*'
      accept-encoding:
      - gzip, deflate
      connection:
      - keep-alive
      host:
      - gizmok37.fhcrc.org:34637
      user-agent:
      - python-httpx/0.28.1
    method: GET
    uri: https://gizmok37.fhcrc.org:34637/api/workflows/v1/241ce90b-9fc4-4785-aa7c-5dea95dd3d46/metadata?includeKey=status&includeKey=failures&includeKey=jobId
  response:
    body:
      string: '{"status":"Submitted","calls":{},"id":"241ce90b-9fc4-4785-aa7c-5dea95dd3d46"}'
    headers:
      Connection:
      - keep-alive
      Content-Type:
      - application/json
      Date:
      - Sun, 19 Oct 2025 04:17:48 GMT
      Server:
      - nginx/1.25.3
      Transfer-Encoding:
      - chunked
      content-length:
      - '77'
    status:
      code: 200
      message: OK
- request:
    body: ''
    headers:
      accept:
      - '*/*'
      accept-encoding:
      - gzip, deflate
      connection:
      - keep-alive
      host:
      - gizmok37.fhcrc.org:34637
      user-agent:
      - python-httpx/0.28.1
    method: GET
    uri: https://gizmok37.fhcrc.org:34637/api/workflows/v1/241ce90b-9fc4-4785-aa7c-5dea95dd3d46/metadata?includeKey=status&includeKey=failures&includeKey=jobId
  response:
    body:
      string: '{"status":"Submitted","calls":{},"id":"241ce90b-9fc4-4785-aa7c-5dea95dd3d46"}'
    headers:
      Connection:
      - keep-alive
      Content-Type:
      - application/json
      Date:
      - Sun, 19 Oct 2025 04:17:53 GMT
      Server:
      - nginx/1.25.3
      Transfer-Encoding:
      - chunked
      content-length:
      - '77'
    status:
      code: 200
      message: OK
- request:
    body: ''
    headers:
      accept:
      - '*/*'
      accept-encoding:
      - gzip, deflate
      connection:
      - keep-alive
      host:
      - gizmok37.fhcrc.org:34637
      user-agent:
      - python-httpx/0.28.1
    method: GET
    uri: https://gizmok37.fhcrc.org:34637/api/workflows/v1/241ce90b-9fc4-4785-aa7c-5dea95dd3d46/metadata?includeKey=status&includeKey=failures&includeKey=jobId
  response:
    body:
      string: '{"status":"Submitted","calls":{},"id":"241ce90b-9fc4-4785-aa7c-5dea95dd3d46"}'
    headers:
      Connection:
      - keep-alive
      Content-Type:
      - application/json
      Date:
      - Sun, 19 Oct 2025 04:17:58 GMT
      Server:
      - nginx/1.25.3
      Transfer-Encoding:
      - chunked
      content-length:
      - '77'
    status:
      code: 200
      message: OK
- request:
    body: ''
    headers:
      accept:
      - '*/*'
      accept-encoding:
      - gzip, deflate
      connection:
      - keep-alive
      host:
      - gizmok37.fhcrc.org:34637
      user-agent:
      - python-httpx/0.28.1
    method: GET
    uri: https://gizmok37.fhcrc.org:34637/api/workflows/v1/241ce90b-9fc4-4785-aa7c-5dea95dd3d46/metadata?includeKey=status&includeKey=failures&includeKey=jobId
  response:
    body:
      string: '{"status":"Submitted","calls":{},"id":"241ce90b-9fc4-4785-aa7c-5dea95dd3d46"}'
    headers:
      Connection:
      - keep-alive
      Content-Type:
      - application/json
      Date:
      - Sun, 19 Oct 2025 04:18:03 GMT
      Server:
      - nginx/1.25.3
      Transfer-Encoding:
      - chunked
      content-length:
      - '77'
    status:
      code: 200
      message: OK
- request:
    body: ''
    headers:
      accept:
      - '*/*'
      accept-encoding:
      - gzip, deflate
      connection:
      - keep-alive
      host:
      - gizmok37.fhcrc.org:34637
      user-agent:
      - python-httpx/0.28.1
    method: GET
    uri: https://gizmok37.fhcrc.org:34637/api/workflows/v1/241ce90b-9fc4-4785-aa7c-5dea95dd3d46/metadata?includeKey=status&includeKey=failures&includeKey=jobId
  response:
    body:
      string: '{"status":"Submitted","calls":{},"id":"241ce90b-9fc4-4785-aa7c-5dea95dd3d46"}'
    headers:
      Connection:
      - keep-alive
      Content-Type:
      - application/json
      Date:
      - Sun, 19 Oct 2025 04:18:08 GMT
      Server:
      - nginx/1.25.3
      Transfer-Encoding:
      - chunked
      content-length:
      - '77'
    status:
      code: 200
      message: OK
- request:
    body: ''
    headers:
      accept:
      - '*/*'
      accept-encoding:
      - gzip, deflate
      connection:
      - keep-alive
      host:
      - gizmok37.fhcrc.org:34637
      user-agent:
      - python-httpx/0.28.1
    method: GET
    uri: https://gizmok37.fhcrc.org:34637/api/workflows/v1/241ce90b-9fc4-4785-aa7c-5dea95dd3d46/metadata?includeKey=status&includeKey=failures&includeKey=jobId
  response:
    body:
      string: '{"status":"Submitted","calls":{},"id":"241ce90b-9fc4-4785-aa7c-5dea95dd3d46"}'
    headers:
      Connection:
      - keep-alive
      Content-Type:
      - application/json
      Date:
      - Sun, 19 Oct 2025 04:18:13 GMT
      Server:
      - nginx/1.25.3
      Transfer-Encoding:
      - chunked
      content-length:
      - '77'
    status:
      code: 200
      message: OK
- request:
    body: ''
    headers:
      accept:
      - '*/*'
      accept-encoding:
      - gzip, deflate
      connection:
      - keep-alive
      host:
      - gizmok37.fhcrc.org:34637
      user-agent:
      - python-httpx/0.28.1
    method: GET
    uri: https://gizmok37.fhcrc.org:34637/api/workflows/v1/241ce90b-9fc4-4785-aa7c-5dea95dd3d46/metadata?includeKey=status&includeKey=failures&includeKey=jobId
  response:
    body:
      string: '{"status":"Submitted","calls":{},"id":"241ce90b-9fc4-4785-aa7c-5dea95dd3d46"}'
    headers:
      Connection:
      - keep-alive
      Content-Type:
      - application/json
      Date:
      - Sun, 19 Oct 2025 04:18:18 GMT
      Server:
      - nginx/1.25.3
      Transfer-Encoding:
      - chunked
      content-length:
      - '77'
    status:
      code: 200
      message: OK
- request:
    body: ''
    headers:
      accept:
      - '*/*'
      accept-encoding:
      - gzip, deflate
      connection:
      - keep-alive
      host:
      - gizmok37.fhcrc.org:34637
      user-agent:
      - python-httpx/0.28.1
    method: GET
    uri: https://gizmok37.fhcrc.org:34637/api/workflows/v1/241ce90b-9fc4-4785-aa7c-5dea95dd3d46/metadata?includeKey=status&includeKey=failures&includeKey=jobId
  response:
    body:
      string: '{"status":"Submitted","calls":{},"id":"241ce90b-9fc4-4785-aa7c-5dea95dd3d46"}'
    headers:
      Connection:
      - keep-alive
      Content-Type:
      - application/json
      Date:
      - Sun, 19 Oct 2025 04:18:23 GMT
      Server:
      - nginx/1.25.3
      Transfer-Encoding:
      - chunked
      content-length:
      - '77'
    status:
      code: 200
      message: OK
- request:
    body: ''
    headers:
      accept:
      - '*/*'
      accept-encoding:
      - gzip, deflate
      connection:
      - keep-alive
      host:
      - gizmok37.fhcrc.org:34637
      user-agent:
      - python-httpx/0.28.1
    method: GET
    uri: https://gizmok37.fhcrc.org:34637/api/workflows/v1/241ce90b-9fc4-4785-aa7c-5dea95dd3d46/metadata?includeKey=status&includeKey=failures&includeKey=jobId
  response:
    body:
      string: '{"status":"Submitted","calls":{},"id":"241ce90b-9fc4-4785-aa7c-5dea95dd3d46"}'
    headers:
      Connection:
      - keep-alive
      Content-Type:
      - application/json
      Date:
      - Sun, 19 Oct 2025 04:18:28 GMT
      Server:
      - nginx/1.25.3
      Transfer-Encoding:
      - chunked
      content-length:
      - '77'
    status:
      code: 200
      message: OK
- request:
    body: ''
    headers:
      accept:
      - '*/*'
      accept-encoding:
      - gzip, deflate
      connection:
      - keep-alive
      host:
      - gizmok37.fhcrc.org:34637
      user-agent:
      - python-httpx/0.28.1
    method: GET
    uri: https://gizmok37.fhcrc.org:34637/api/workflows/v1/241ce90b-9fc4-4785-aa7c-5dea95dd3d46/metadata?includeKey=status&includeKey=failures&includeKey=jobId
  response:
    body:
      string: '{"status":"Submitted","calls":{},"id":"241ce90b-9fc4-4785-aa7c-5dea95dd3d46"}'
    headers:
      Connection:
      - keep-alive
      Content-Type:
      - application/json
      Date:
      - Sun, 19 Oct 2025 04:18:33 GMT
      Server:
      - nginx/1.25.3
      Transfer-Encoding:
      - chunked
      content-length:
      - '77'
    status:
      code: 200
      message: OK
- request:
    body: ''
    headers:
      accept:
      - '*/*'
      accept-encoding:
      - gzip, deflate
      connection:
      - keep-alive
      host:
      - gizmok37.fhcrc.org:34637
      user-agent:
      - python-httpx/0.28.1
    method: GET
    uri: https://gizmok37.fhcrc.org:34637/api/workflows/v1/241ce90b-9fc4-4785-aa7c-5dea95dd3d46/metadata?includeKey=status&includeKey=failures&includeKey=jobId
  response:
    body:
      string: '{"status":"Submitted","calls":{},"id":"241ce90b-9fc4-4785-aa7c-5dea95dd3d46"}'
    headers:
      Connection:
      - keep-alive
      Content-Type:
      - application/json
      Date:
      - Sun, 19 Oct 2025 04:18:39 GMT
      Server:
      - nginx/1.25.3
      Transfer-Encoding:
      - chunked
      content-length:
      - '77'
    status:
      code: 200
      message: OK
- request:
    body: ''
    headers:
      accept:
      - '*/*'
      accept-encoding:
      - gzip, deflate
      connection:
      - keep-alive
      host:
      - gizmok37.fhcrc.org:34637
      user-agent:
      - python-httpx/0.28.1
    method: GET
    uri: https://gizmok37.fhcrc.org:34637/api/workflows/v1/241ce90b-9fc4-4785-aa7c-5dea95dd3d46/metadata?includeKey=status&includeKey=failures&includeKey=jobId
  response:
    body:
      string: '{"status":"Submitted","calls":{},"id":"241ce90b-9fc4-4785-aa7c-5dea95dd3d46"}'
    headers:
      Connection:
      - keep-alive
      Content-Type:
      - application/json
      Date:
      - Sun, 19 Oct 2025 04:18:44 GMT
      Server:
      - nginx/1.25.3
      Transfer-Encoding:
      - chunked
      content-length:
      - '77'
    status:
      code: 200
      message: OK
- request:
    body: ''
    headers:
      accept:
      - '*/*'
      accept-encoding:
      - gzip, deflate
      connection:
      - keep-alive
      host:
      - gizmok37.fhcrc.org:34637
      user-agent:
      - python-httpx/0.28.1
    method: GET
    uri: https://gizmok37.fhcrc.org:34637/api/workflows/v1/241ce90b-9fc4-4785-aa7c-5dea95dd3d46/metadata?includeKey=status&includeKey=failures&includeKey=jobId
  response:
    body:
      string: '{"status":"Submitted","calls":{},"id":"241ce90b-9fc4-4785-aa7c-5dea95dd3d46"}'
    headers:
      Connection:
      - keep-alive
      Content-Type:
      - application/json
      Date:
      - Sun, 19 Oct 2025 04:18:49 GMT
      Server:
      - nginx/1.25.3
      Transfer-Encoding:
      - chunked
      content-length:
      - '77'
    status:
      code: 200
      message: OK
- request:
    body: ''
    headers:
      accept:
      - '*/*'
      accept-encoding:
      - gzip, deflate
      connection:
      - keep-alive
      host:
      - gizmok37.fhcrc.org:34637
      user-agent:
      - python-httpx/0.28.1
    method: GET
    uri: https://gizmok37.fhcrc.org:34637/api/workflows/v1/241ce90b-9fc4-4785-aa7c-5dea95dd3d46/metadata?includeKey=status&includeKey=failures&includeKey=jobId
  response:
    body:
      string: '{"status":"Submitted","calls":{},"id":"241ce90b-9fc4-4785-aa7c-5dea95dd3d46"}'
    headers:
      Connection:
      - keep-alive
      Content-Type:
      - application/json
      Date:
      - Sun, 19 Oct 2025 04:18:54 GMT
      Server:
      - nginx/1.25.3
      Transfer-Encoding:
      - chunked
      content-length:
      - '77'
    status:
      code: 200
      message: OK
- request:
    body: ''
    headers:
      accept:
      - '*/*'
      accept-encoding:
      - gzip, deflate
      connection:
      - keep-alive
      host:
      - gizmok37.fhcrc.org:34637
      user-agent:
      - python-httpx/0.28.1
    method: GET
    uri: https://gizmok37.fhcrc.org:34637/api/workflows/v1/241ce90b-9fc4-4785-aa7c-5dea95dd3d46/metadata?includeKey=status&includeKey=failures&includeKey=jobId
  response:
    body:
      string: '{"status":"Submitted","calls":{},"id":"241ce90b-9fc4-4785-aa7c-5dea95dd3d46"}'
    headers:
      Connection:
      - keep-alive
      Content-Type:
      - application/json
      Date:
      - Sun, 19 Oct 2025 04:18:59 GMT
      Server:
      - nginx/1.25.3
      Transfer-Encoding:
      - chunked
      content-length:
      - '77'
    status:
      code: 200
      message: OK
- request:
    body: ''
    headers:
      accept:
      - '*/*'
      accept-encoding:
      - gzip, deflate
      connection:
      - keep-alive
      host:
      - gizmok37.fhcrc.org:34637
      user-agent:
      - python-httpx/0.28.1
    method: GET
    uri: https://gizmok37.fhcrc.org:34637/api/workflows/v1/241ce90b-9fc4-4785-aa7c-5dea95dd3d46/metadata?includeKey=status&includeKey=failures&includeKey=jobId
  response:
    body:
      string: '{"status":"Submitted","calls":{},"id":"241ce90b-9fc4-4785-aa7c-5dea95dd3d46"}'
    headers:
      Connection:
      - keep-alive
      Content-Type:
      - application/json
      Date:
      - Sun, 19 Oct 2025 04:19:04 GMT
      Server:
      - nginx/1.25.3
      Transfer-Encoding:
      - chunked
      content-length:
      - '77'
    status:
      code: 200
      message: OK
- request:
    body: ''
    headers:
      accept:
      - '*/*'
      accept-encoding:
      - gzip, deflate
      connection:
      - keep-alive
      host:
      - gizmok37.fhcrc.org:34637
      user-agent:
      - python-httpx/0.28.1
    method: GET
    uri: https://gizmok37.fhcrc.org:34637/api/workflows/v1/241ce90b-9fc4-4785-aa7c-5dea95dd3d46/metadata?includeKey=status&includeKey=failures&includeKey=jobId
  response:
    body:
      string: '{"status":"Submitted","calls":{},"id":"241ce90b-9fc4-4785-aa7c-5dea95dd3d46"}'
    headers:
      Connection:
      - keep-alive
      Content-Type:
      - application/json
      Date:
      - Sun, 19 Oct 2025 04:19:09 GMT
      Server:
      - nginx/1.25.3
      Transfer-Encoding:
      - chunked
      content-length:
      - '77'
    status:
      code: 200
      message: OK
- request:
    body: ''
    headers:
      accept:
      - '*/*'
      accept-encoding:
      - gzip, deflate
      connection:
      - keep-alive
      host:
      - gizmok37.fhcrc.org:34637
      user-agent:
      - python-httpx/0.28.1
    method: GET
    uri: https://gizmok37.fhcrc.org:34637/api/workflows/v1/241ce90b-9fc4-4785-aa7c-5dea95dd3d46/metadata?includeKey=status&includeKey=failures&includeKey=jobId
  response:
    body:
      string: '{"status":"Submitted","calls":{},"id":"241ce90b-9fc4-4785-aa7c-5dea95dd3d46"}'
    headers:
      Connection:
      - keep-alive
      Content-Type:
      - application/json
      Date:
      - Sun, 19 Oct 2025 04:19:14 GMT
      Server:
      - nginx/1.25.3
      Transfer-Encoding:
      - chunked
      content-length:
      - '77'
    status:
      code: 200
      message: OK
- request:
    body: ''
    headers:
      accept:
      - '*/*'
      accept-encoding:
      - gzip, deflate
      connection:
      - keep-alive
      host:
      - gizmok37.fhcrc.org:34637
      user-agent:
      - python-httpx/0.28.1
    method: GET
    uri: https://gizmok37.fhcrc.org:34637/api/workflows/v1/241ce90b-9fc4-4785-aa7c-5dea95dd3d46/metadata?includeKey=status&includeKey=failures&includeKey=jobId
  response:
    body:
      string: '{"status":"Submitted","calls":{},"id":"241ce90b-9fc4-4785-aa7c-5dea95dd3d46"}'
    headers:
      Connection:
      - keep-alive
      Content-Type:
      - application/json
      Date:
      - Sun, 19 Oct 2025 04:19:19 GMT
      Server:
      - nginx/1.25.3
      Transfer-Encoding:
      - chunked
      content-length:
      - '77'
    status:
      code: 200
      message: OK
- request:
    body: ''
    headers:
      accept:
      - '*/*'
      accept-encoding:
      - gzip, deflate
      connection:
      - keep-alive
      host:
      - gizmok37.fhcrc.org:34637
      user-agent:
      - python-httpx/0.28.1
    method: GET
    uri: https://gizmok37.fhcrc.org:34637/api/workflows/v1/241ce90b-9fc4-4785-aa7c-5dea95dd3d46/metadata?includeKey=status&includeKey=failures&includeKey=jobId
  response:
    body:
      string: '{"status":"Submitted","calls":{},"id":"241ce90b-9fc4-4785-aa7c-5dea95dd3d46"}'
    headers:
      Connection:
      - keep-alive
      Content-Type:
      - application/json
      Date:
      - Sun, 19 Oct 2025 04:19:24 GMT
      Server:
      - nginx/1.25.3
      Transfer-Encoding:
      - chunked
      content-length:
      - '77'
    status:
      code: 200
      message: OK
- request:
    body: ''
    headers:
      accept:
      - '*/*'
      accept-encoding:
      - gzip, deflate
      connection:
      - keep-alive
      host:
      - gizmok37.fhcrc.org:34637
      user-agent:
      - python-httpx/0.28.1
    method: GET
    uri: https://gizmok37.fhcrc.org:34637/api/workflows/v1/241ce90b-9fc4-4785-aa7c-5dea95dd3d46/metadata?includeKey=status&includeKey=failures&includeKey=jobId
  response:
    body:
      string: '{"status":"Submitted","calls":{},"id":"241ce90b-9fc4-4785-aa7c-5dea95dd3d46"}'
    headers:
      Connection:
      - keep-alive
      Content-Type:
      - application/json
      Date:
      - Sun, 19 Oct 2025 04:19:29 GMT
      Server:
      - nginx/1.25.3
      Transfer-Encoding:
      - chunked
      content-length:
      - '77'
    status:
      code: 200
      message: OK
- request:
    body: ''
    headers:
      accept:
      - '*/*'
      accept-encoding:
      - gzip, deflate
      connection:
      - keep-alive
      host:
      - gizmok37.fhcrc.org:34637
      user-agent:
      - python-httpx/0.28.1
    method: GET
    uri: https://gizmok37.fhcrc.org:34637/api/workflows/v1/241ce90b-9fc4-4785-aa7c-5dea95dd3d46/metadata?includeKey=status&includeKey=failures&includeKey=jobId
  response:
    body:
      string: '{"status":"Submitted","calls":{},"id":"241ce90b-9fc4-4785-aa7c-5dea95dd3d46"}'
    headers:
      Connection:
      - keep-alive
      Content-Type:
      - application/json
      Date:
      - Sun, 19 Oct 2025 04:19:34 GMT
      Server:
      - nginx/1.25.3
      Transfer-Encoding:
      - chunked
      content-length:
      - '77'
    status:
      code: 200
      message: OK
- request:
    body: ''
    headers:
      accept:
      - '*/*'
      accept-encoding:
      - gzip, deflate
      connection:
      - keep-alive
      host:
      - gizmok37.fhcrc.org:34637
      user-agent:
      - python-httpx/0.28.1
    method: GET
    uri: https://gizmok37.fhcrc.org:34637/api/workflows/v1/241ce90b-9fc4-4785-aa7c-5dea95dd3d46/metadata?includeKey=status&includeKey=failures&includeKey=jobId
  response:
    body:
      string: '{"status":"Submitted","calls":{},"id":"241ce90b-9fc4-4785-aa7c-5dea95dd3d46"}'
    headers:
      Connection:
      - keep-alive
      Content-Type:
      - application/json
      Date:
      - Sun, 19 Oct 2025 04:19:39 GMT
      Server:
      - nginx/1.25.3
      Transfer-Encoding:
      - chunked
      content-length:
      - '77'
    status:
      code: 200
      message: OK
- request:
    body: ''
    headers:
      accept:
      - '*/*'
      accept-encoding:
      - gzip, deflate
      connection:
      - keep-alive
      host:
      - gizmok37.fhcrc.org:34637
      user-agent:
      - python-httpx/0.28.1
    method: GET
    uri: https://gizmok37.fhcrc.org:34637/api/workflows/v1/241ce90b-9fc4-4785-aa7c-5dea95dd3d46/metadata?includeKey=status&includeKey=failures&includeKey=jobId
  response:
    body:
      string: '{"status":"Submitted","calls":{},"id":"241ce90b-9fc4-4785-aa7c-5dea95dd3d46"}'
    headers:
      Connection:
      - keep-alive
      Content-Type:
      - application/json
      Date:
      - Sun, 19 Oct 2025 04:19:45 GMT
      Server:
      - nginx/1.25.3
      Transfer-Encoding:
      - chunked
      content-length:
      - '77'
    status:
      code: 200
      message: OK
- request:
    body: ''
    headers:
      accept:
      - '*/*'
      accept-encoding:
      - gzip, deflate
      connection:
      - keep-alive
      host:
      - gizmok37.fhcrc.org:34637
      user-agent:
      - python-httpx/0.28.1
    method: GET
    uri: https://gizmok37.fhcrc.org:34637/api/workflows/v1/241ce90b-9fc4-4785-aa7c-5dea95dd3d46/metadata?includeKey=status&includeKey=failures&includeKey=jobId
  response:
    body:
      string: '{"status":"Submitted","calls":{},"id":"241ce90b-9fc4-4785-aa7c-5dea95dd3d46"}'
    headers:
      Connection:
      - keep-alive
      Content-Type:
      - application/json
      Date:
      - Sun, 19 Oct 2025 04:19:50 GMT
      Server:
      - nginx/1.25.3
      Transfer-Encoding:
      - chunked
      content-length:
      - '77'
    status:
      code: 200
      message: OK
- request:
    body: ''
    headers:
      accept:
      - '*/*'
      accept-encoding:
      - gzip, deflate
      connection:
      - keep-alive
      host:
      - gizmok37.fhcrc.org:34637
      user-agent:
      - python-httpx/0.28.1
    method: GET
    uri: https://gizmok37.fhcrc.org:34637/api/workflows/v1/241ce90b-9fc4-4785-aa7c-5dea95dd3d46/metadata?includeKey=status&includeKey=failures&includeKey=jobId
  response:
    body:
      string: '{"status":"Submitted","calls":{},"id":"241ce90b-9fc4-4785-aa7c-5dea95dd3d46"}'
    headers:
      Connection:
      - keep-alive
      Content-Type:
      - application/json
      Date:
      - Sun, 19 Oct 2025 04:19:55 GMT
      Server:
      - nginx/1.25.3
      Transfer-Encoding:
      - chunked
      content-length:
      - '77'
    status:
      code: 200
      message: OK
- request:
    body: ''
    headers:
      accept:
      - '*/*'
      accept-encoding:
      - gzip, deflate
      connection:
      - keep-alive
      host:
      - gizmok37.fhcrc.org:34637
      user-agent:
      - python-httpx/0.28.1
    method: GET
    uri: https://gizmok37.fhcrc.org:34637/api/workflows/v1/241ce90b-9fc4-4785-aa7c-5dea95dd3d46/metadata?includeKey=status&includeKey=failures&includeKey=jobId
  response:
    body:
      string: '{"status":"Submitted","calls":{},"id":"241ce90b-9fc4-4785-aa7c-5dea95dd3d46"}'
    headers:
      Connection:
      - keep-alive
      Content-Type:
      - application/json
      Date:
      - Sun, 19 Oct 2025 04:20:00 GMT
      Server:
      - nginx/1.25.3
      Transfer-Encoding:
      - chunked
      content-length:
      - '77'
    status:
      code: 200
      message: OK
- request:
    body: ''
    headers:
      accept:
      - '*/*'
      accept-encoding:
      - gzip, deflate
      connection:
      - keep-alive
      host:
      - gizmok37.fhcrc.org:34637
      user-agent:
      - python-httpx/0.28.1
    method: GET
    uri: https://gizmok37.fhcrc.org:34637/api/workflows/v1/241ce90b-9fc4-4785-aa7c-5dea95dd3d46/metadata?includeKey=status&includeKey=failures&includeKey=jobId
  response:
    body:
      string: '{"status":"Submitted","calls":{},"id":"241ce90b-9fc4-4785-aa7c-5dea95dd3d46"}'
    headers:
      Connection:
      - keep-alive
      Content-Type:
      - application/json
      Date:
      - Sun, 19 Oct 2025 04:20:05 GMT
      Server:
      - nginx/1.25.3
      Transfer-Encoding:
      - chunked
      content-length:
      - '77'
    status:
      code: 200
      message: OK
- request:
    body: ''
    headers:
      accept:
      - '*/*'
      accept-encoding:
      - gzip, deflate
      connection:
      - keep-alive
      host:
      - gizmok37.fhcrc.org:34637
      user-agent:
      - python-httpx/0.28.1
    method: GET
    uri: https://gizmok37.fhcrc.org:34637/api/workflows/v1/241ce90b-9fc4-4785-aa7c-5dea95dd3d46/metadata?includeKey=status&includeKey=failures&includeKey=jobId
  response:
    body:
      string: '{"status":"Submitted","calls":{},"id":"241ce90b-9fc4-4785-aa7c-5dea95dd3d46"}'
    headers:
      Connection:
      - keep-alive
      Content-Type:
      - application/json
      Date:
      - Sun, 19 Oct 2025 04:20:10 GMT
      Server:
      - nginx/1.25.3
      Transfer-Encoding:
      - chunked
      content-length:
      - '77'
    status:
      code: 200
      message: OK
- request:
    body: ''
    headers:
      accept:
      - '*/*'
      accept-encoding:
      - gzip, deflate
      connection:
      - keep-alive
      host:
      - gizmok37.fhcrc.org:34637
      user-agent:
      - python-httpx/0.28.1
    method: GET
    uri: https://gizmok37.fhcrc.org:34637/api/workflows/v1/241ce90b-9fc4-4785-aa7c-5dea95dd3d46/metadata?includeKey=status&includeKey=failures&includeKey=jobId
  response:
    body:
      string: '{"status":"Submitted","calls":{},"id":"241ce90b-9fc4-4785-aa7c-5dea95dd3d46"}'
    headers:
      Connection:
      - keep-alive
      Content-Type:
      - application/json
      Date:
      - Sun, 19 Oct 2025 04:20:15 GMT
      Server:
      - nginx/1.25.3
      Transfer-Encoding:
      - chunked
      content-length:
      - '77'
    status:
      code: 200
      message: OK
- request:
    body: ''
    headers:
      accept:
      - '*/*'
      accept-encoding:
      - gzip, deflate
      connection:
      - keep-alive
      host:
      - gizmok37.fhcrc.org:34637
      user-agent:
      - python-httpx/0.28.1
    method: GET
    uri: https://gizmok37.fhcrc.org:34637/api/workflows/v1/241ce90b-9fc4-4785-aa7c-5dea95dd3d46/metadata?includeKey=status&includeKey=failures&includeKey=jobId
  response:
    body:
      string: '{"status":"Submitted","calls":{},"id":"241ce90b-9fc4-4785-aa7c-5dea95dd3d46"}'
    headers:
      Connection:
      - keep-alive
      Content-Type:
      - application/json
      Date:
      - Sun, 19 Oct 2025 04:20:20 GMT
      Server:
      - nginx/1.25.3
      Transfer-Encoding:
      - chunked
      content-length:
      - '77'
    status:
      code: 200
      message: OK
- request:
    body: ''
    headers:
      accept:
      - '*/*'
      accept-encoding:
      - gzip, deflate
      connection:
      - keep-alive
      host:
      - gizmok37.fhcrc.org:34637
      user-agent:
      - python-httpx/0.28.1
    method: GET
    uri: https://gizmok37.fhcrc.org:34637/api/workflows/v1/241ce90b-9fc4-4785-aa7c-5dea95dd3d46/metadata?includeKey=status&includeKey=failures&includeKey=jobId
  response:
    body:
      string: '{"status":"Submitted","calls":{},"id":"241ce90b-9fc4-4785-aa7c-5dea95dd3d46"}'
    headers:
      Connection:
      - keep-alive
      Content-Type:
      - application/json
      Date:
      - Sun, 19 Oct 2025 04:20:25 GMT
      Server:
      - nginx/1.25.3
      Transfer-Encoding:
      - chunked
      content-length:
      - '77'
    status:
      code: 200
      message: OK
- request:
    body: ''
    headers:
      accept:
      - '*/*'
      accept-encoding:
      - gzip, deflate
      connection:
      - keep-alive
      host:
      - gizmok37.fhcrc.org:34637
      user-agent:
      - python-httpx/0.28.1
    method: GET
    uri: https://gizmok37.fhcrc.org:34637/api/workflows/v1/241ce90b-9fc4-4785-aa7c-5dea95dd3d46/metadata?includeKey=status&includeKey=failures&includeKey=jobId
  response:
    body:
      string: '{"status":"Submitted","calls":{},"id":"241ce90b-9fc4-4785-aa7c-5dea95dd3d46"}'
    headers:
      Connection:
      - keep-alive
      Content-Type:
      - application/json
      Date:
      - Sun, 19 Oct 2025 04:20:30 GMT
      Server:
      - nginx/1.25.3
      Transfer-Encoding:
      - chunked
      content-length:
      - '77'
    status:
      code: 200
      message: OK
- request:
    body: ''
    headers:
      accept:
      - '*/*'
      accept-encoding:
      - gzip, deflate
      connection:
      - keep-alive
      host:
      - gizmok37.fhcrc.org:34637
      user-agent:
      - python-httpx/0.28.1
    method: GET
    uri: https://gizmok37.fhcrc.org:34637/api/workflows/v1/241ce90b-9fc4-4785-aa7c-5dea95dd3d46/metadata?includeKey=status&includeKey=failures&includeKey=jobId
  response:
    body:
      string: '{"status":"Submitted","calls":{},"id":"241ce90b-9fc4-4785-aa7c-5dea95dd3d46"}'
    headers:
      Connection:
      - keep-alive
      Content-Type:
      - application/json
      Date:
      - Sun, 19 Oct 2025 04:20:35 GMT
      Server:
      - nginx/1.25.3
      Transfer-Encoding:
      - chunked
      content-length:
      - '77'
    status:
      code: 200
      message: OK
- request:
    body: ''
    headers:
      accept:
      - '*/*'
      accept-encoding:
      - gzip, deflate
      connection:
      - keep-alive
      host:
      - gizmok37.fhcrc.org:34637
      user-agent:
      - python-httpx/0.28.1
    method: GET
    uri: https://gizmok37.fhcrc.org:34637/api/workflows/v1/241ce90b-9fc4-4785-aa7c-5dea95dd3d46/metadata?includeKey=status&includeKey=failures&includeKey=jobId
  response:
    body:
      string: '{"status":"Submitted","calls":{},"id":"241ce90b-9fc4-4785-aa7c-5dea95dd3d46"}'
    headers:
      Connection:
      - keep-alive
      Content-Type:
      - application/json
      Date:
      - Sun, 19 Oct 2025 04:20:40 GMT
      Server:
      - nginx/1.25.3
      Transfer-Encoding:
      - chunked
      content-length:
      - '77'
    status:
      code: 200
      message: OK
- request:
    body: ''
    headers:
      accept:
      - '*/*'
      accept-encoding:
      - gzip, deflate
      connection:
      - keep-alive
      host:
      - gizmok37.fhcrc.org:34637
      user-agent:
      - python-httpx/0.28.1
    method: GET
    uri: https://gizmok37.fhcrc.org:34637/api/workflows/v1/241ce90b-9fc4-4785-aa7c-5dea95dd3d46/metadata?includeKey=status&includeKey=failures&includeKey=jobId
  response:
    body:
      string: '{"status":"Submitted","calls":{},"id":"241ce90b-9fc4-4785-aa7c-5dea95dd3d46"}'
    headers:
      Connection:
      - keep-alive
      Content-Type:
      - application/json
      Date:
      - Sun, 19 Oct 2025 04:20:45 GMT
      Server:
      - nginx/1.25.3
      Transfer-Encoding:
      - chunked
      content-length:
      - '77'
    status:
      code: 200
      message: OK
- request:
    body: ''
    headers:
      accept:
      - '*/*'
      accept-encoding:
      - gzip, deflate
      connection:
      - keep-alive
      host:
      - gizmok37.fhcrc.org:34637
      user-agent:
      - python-httpx/0.28.1
    method: GET
    uri: https://gizmok37.fhcrc.org:34637/api/workflows/v1/241ce90b-9fc4-4785-aa7c-5dea95dd3d46/metadata?includeKey=status&includeKey=failures&includeKey=jobId
  response:
    body:
      string: '{"status":"Submitted","calls":{},"id":"241ce90b-9fc4-4785-aa7c-5dea95dd3d46"}'
    headers:
      Connection:
      - keep-alive
      Content-Type:
      - application/json
      Date:
      - Sun, 19 Oct 2025 04:20:51 GMT
      Server:
      - nginx/1.25.3
      Transfer-Encoding:
      - chunked
      content-length:
      - '77'
    status:
      code: 200
      message: OK
- request:
    body: ''
    headers:
      accept:
      - '*/*'
      accept-encoding:
      - gzip, deflate
      connection:
      - keep-alive
      host:
      - gizmok37.fhcrc.org:34637
      user-agent:
      - python-httpx/0.28.1
    method: GET
    uri: https://gizmok37.fhcrc.org:34637/api/workflows/v1/241ce90b-9fc4-4785-aa7c-5dea95dd3d46/metadata?includeKey=status&includeKey=failures&includeKey=jobId
  response:
    body:
      string: '{"status":"Running","calls":{},"id":"241ce90b-9fc4-4785-aa7c-5dea95dd3d46"}'
    headers:
      Connection:
      - keep-alive
      Content-Type:
      - application/json
      Date:
      - Sun, 19 Oct 2025 04:20:56 GMT
      Server:
      - nginx/1.25.3
      Transfer-Encoding:
      - chunked
      content-length:
      - '75'
    status:
      code: 200
      message: OK
- request:
    body: ''
    headers:
      accept:
      - '*/*'
      accept-encoding:
      - gzip, deflate
      connection:
      - keep-alive
      host:
      - gizmok37.fhcrc.org:34637
      user-agent:
      - python-httpx/0.28.1
    method: GET
    uri: https://gizmok37.fhcrc.org:34637/api/workflows/v1/241ce90b-9fc4-4785-aa7c-5dea95dd3d46/metadata?includeKey=status&includeKey=failures&includeKey=jobId
  response:
    body:
      string: '{"status":"Running","calls":{},"id":"241ce90b-9fc4-4785-aa7c-5dea95dd3d46"}'
    headers:
      Connection:
      - keep-alive
      Content-Type:
      - application/json
      Date:
      - Sun, 19 Oct 2025 04:21:01 GMT
      Server:
      - nginx/1.25.3
      Transfer-Encoding:
      - chunked
      content-length:
      - '75'
    status:
      code: 200
      message: OK
- request:
    body: ''
    headers:
      accept:
      - '*/*'
      accept-encoding:
      - gzip, deflate
      connection:
      - keep-alive
      host:
      - gizmok37.fhcrc.org:34637
      user-agent:
      - python-httpx/0.28.1
    method: GET
    uri: https://gizmok37.fhcrc.org:34637/api/workflows/v1/241ce90b-9fc4-4785-aa7c-5dea95dd3d46/metadata?includeKey=status&includeKey=failures&includeKey=jobId
  response:
    body:
      string: '{"status":"Running","calls":{},"id":"241ce90b-9fc4-4785-aa7c-5dea95dd3d46"}'
    headers:
      Connection:
      - keep-alive
      Content-Type:
      - application/json
      Date:
      - Sun, 19 Oct 2025 04:21:06 GMT
      Server:
      - nginx/1.25.3
      Transfer-Encoding:
      - chunked
      content-length:
      - '75'
    status:
      code: 200
      message: OK
- request:
    body: ''
    headers:
      accept:
      - '*/*'
      accept-encoding:
      - gzip, deflate
      connection:
      - keep-alive
      host:
      - gizmok37.fhcrc.org:34637
      user-agent:
      - python-httpx/0.28.1
    method: GET
    uri: https://gizmok37.fhcrc.org:34637/api/workflows/v1/241ce90b-9fc4-4785-aa7c-5dea95dd3d46/metadata?includeKey=status&includeKey=failures&includeKey=jobId
  response:
    body:
      string: '{"status":"Running","calls":{"HelloDockerHostname.GetStartTime":[{"jobId":"39941896","attempt":1,"shardIndex":-1}]},"id":"241ce90b-9fc4-4785-aa7c-5dea95dd3d46"}'
    headers:
      Connection:
      - keep-alive
      Content-Type:
      - application/json
      Date:
      - Sun, 19 Oct 2025 04:21:11 GMT
      Server:
      - nginx/1.25.3
      Transfer-Encoding:
      - chunked
      content-length:
      - '160'
    status:
      code: 200
      message: OK
- request:
    body: ''
    headers:
      accept:
      - '*/*'
      accept-encoding:
      - gzip, deflate
      connection:
      - keep-alive
      host:
      - gizmok37.fhcrc.org:34637
      user-agent:
      - python-httpx/0.28.1
    method: GET
    uri: https://gizmok37.fhcrc.org:34637/api/workflows/v1/241ce90b-9fc4-4785-aa7c-5dea95dd3d46/metadata?includeKey=status&includeKey=failures&includeKey=jobId
  response:
    body:
      string: '{"status":"Running","calls":{"HelloDockerHostname.GetStartTime":[{"jobId":"39941896","attempt":1,"shardIndex":-1}]},"id":"241ce90b-9fc4-4785-aa7c-5dea95dd3d46"}'
    headers:
      Connection:
      - keep-alive
      Content-Type:
      - application/json
      Date:
      - Sun, 19 Oct 2025 04:21:16 GMT
      Server:
      - nginx/1.25.3
      Transfer-Encoding:
      - chunked
      content-length:
      - '160'
    status:
      code: 200
      message: OK
- request:
    body: ''
    headers:
      accept:
      - '*/*'
      accept-encoding:
      - gzip, deflate
      connection:
      - keep-alive
      host:
      - gizmok37.fhcrc.org:34637
      user-agent:
      - python-httpx/0.28.1
    method: GET
    uri: https://gizmok37.fhcrc.org:34637/api/workflows/v1/241ce90b-9fc4-4785-aa7c-5dea95dd3d46/metadata?includeKey=status&includeKey=failures&includeKey=jobId
  response:
    body:
      string: '{"status":"Running","calls":{"HelloDockerHostname.GetStartTime":[{"jobId":"39941896","attempt":1,"shardIndex":-1}]},"id":"241ce90b-9fc4-4785-aa7c-5dea95dd3d46"}'
    headers:
      Connection:
      - keep-alive
      Content-Type:
      - application/json
      Date:
      - Sun, 19 Oct 2025 04:21:21 GMT
      Server:
      - nginx/1.25.3
      Transfer-Encoding:
      - chunked
      content-length:
      - '160'
    status:
      code: 200
      message: OK
- request:
    body: ''
    headers:
      accept:
      - '*/*'
      accept-encoding:
      - gzip, deflate
      connection:
      - keep-alive
      host:
      - gizmok37.fhcrc.org:34637
      user-agent:
      - python-httpx/0.28.1
    method: GET
    uri: https://gizmok37.fhcrc.org:34637/api/workflows/v1/241ce90b-9fc4-4785-aa7c-5dea95dd3d46/metadata?includeKey=status&includeKey=failures&includeKey=jobId
  response:
    body:
      string: '{"status":"Running","calls":{"HelloDockerHostname.GetStartTime":[{"jobId":"39941896","attempt":1,"shardIndex":-1}]},"id":"241ce90b-9fc4-4785-aa7c-5dea95dd3d46"}'
    headers:
      Connection:
      - keep-alive
      Content-Type:
      - application/json
      Date:
      - Sun, 19 Oct 2025 04:21:26 GMT
      Server:
      - nginx/1.25.3
      Transfer-Encoding:
      - chunked
      content-length:
      - '160'
    status:
      code: 200
      message: OK
- request:
    body: ''
    headers:
      accept:
      - '*/*'
      accept-encoding:
      - gzip, deflate
      connection:
      - keep-alive
      host:
      - gizmok37.fhcrc.org:34637
      user-agent:
      - python-httpx/0.28.1
    method: GET
    uri: https://gizmok37.fhcrc.org:34637/api/workflows/v1/241ce90b-9fc4-4785-aa7c-5dea95dd3d46/metadata?includeKey=status&includeKey=failures&includeKey=jobId
  response:
    body:
      string: '{"status":"Running","calls":{"HelloDockerHostname.GetStartTime":[{"jobId":"39941896","attempt":1,"shardIndex":-1}]},"id":"241ce90b-9fc4-4785-aa7c-5dea95dd3d46"}'
    headers:
      Connection:
      - keep-alive
      Content-Type:
      - application/json
      Date:
      - Sun, 19 Oct 2025 04:21:31 GMT
      Server:
      - nginx/1.25.3
      Transfer-Encoding:
      - chunked
      content-length:
      - '160'
    status:
      code: 200
      message: OK
- request:
    body: ''
    headers:
      accept:
      - '*/*'
      accept-encoding:
      - gzip, deflate
      connection:
      - keep-alive
      host:
      - gizmok37.fhcrc.org:34637
      user-agent:
      - python-httpx/0.28.1
    method: GET
    uri: https://gizmok37.fhcrc.org:34637/api/workflows/v1/241ce90b-9fc4-4785-aa7c-5dea95dd3d46/metadata?includeKey=status&includeKey=failures&includeKey=jobId
  response:
    body:
      string: '{"status":"Running","calls":{"HelloDockerHostname.GetStartTime":[{"jobId":"39941896","attempt":1,"shardIndex":-1}]},"id":"241ce90b-9fc4-4785-aa7c-5dea95dd3d46"}'
    headers:
      Connection:
      - keep-alive
      Content-Type:
      - application/json
      Date:
      - Sun, 19 Oct 2025 04:21:36 GMT
      Server:
      - nginx/1.25.3
      Transfer-Encoding:
      - chunked
      content-length:
      - '160'
    status:
      code: 200
      message: OK
- request:
    body: ''
    headers:
      accept:
      - '*/*'
      accept-encoding:
      - gzip, deflate
      connection:
      - keep-alive
      host:
      - gizmok37.fhcrc.org:34637
      user-agent:
      - python-httpx/0.28.1
    method: GET
    uri: https://gizmok37.fhcrc.org:34637/api/workflows/v1/241ce90b-9fc4-4785-aa7c-5dea95dd3d46/metadata?includeKey=status&includeKey=failures&includeKey=jobId
  response:
    body:
      string: '{"status":"Running","calls":{"HelloDockerHostname.GetStartTime":[{"jobId":"39941896","attempt":1,"shardIndex":-1}]},"id":"241ce90b-9fc4-4785-aa7c-5dea95dd3d46"}'
    headers:
      Connection:
      - keep-alive
      Content-Type:
      - application/json
      Date:
      - Sun, 19 Oct 2025 04:21:41 GMT
      Server:
      - nginx/1.25.3
      Transfer-Encoding:
      - chunked
      content-length:
      - '160'
    status:
      code: 200
      message: OK
- request:
    body: ''
    headers:
      accept:
      - '*/*'
      accept-encoding:
      - gzip, deflate
      connection:
      - keep-alive
      host:
      - gizmok37.fhcrc.org:34637
      user-agent:
      - python-httpx/0.28.1
    method: GET
    uri: https://gizmok37.fhcrc.org:34637/api/workflows/v1/241ce90b-9fc4-4785-aa7c-5dea95dd3d46/metadata?includeKey=status&includeKey=failures&includeKey=jobId
  response:
    body:
      string: '{"status":"Running","calls":{"HelloDockerHostname.GetStartTime":[{"jobId":"39941896","attempt":1,"shardIndex":-1}]},"id":"241ce90b-9fc4-4785-aa7c-5dea95dd3d46"}'
    headers:
      Connection:
      - keep-alive
      Content-Type:
      - application/json
      Date:
      - Sun, 19 Oct 2025 04:21:46 GMT
      Server:
      - nginx/1.25.3
      Transfer-Encoding:
      - chunked
      content-length:
      - '160'
    status:
      code: 200
      message: OK
- request:
    body: ''
    headers:
      accept:
      - '*/*'
      accept-encoding:
      - gzip, deflate
      connection:
      - keep-alive
      host:
      - gizmok37.fhcrc.org:34637
      user-agent:
      - python-httpx/0.28.1
    method: GET
    uri: https://gizmok37.fhcrc.org:34637/api/workflows/v1/241ce90b-9fc4-4785-aa7c-5dea95dd3d46/metadata?includeKey=status&includeKey=failures&includeKey=jobId
  response:
    body:
      string: '{"status":"Running","calls":{"HelloDockerHostname.GetStartTime":[{"jobId":"39941896","attempt":1,"shardIndex":-1}],"HelloDockerHostname.Hostname":[{"jobId":"39941900","attempt":1,"shardIndex":-1}]},"id":"241ce90b-9fc4-4785-aa7c-5dea95dd3d46"}'
    headers:
      Connection:
      - keep-alive
      Content-Type:
      - application/json
      Date:
      - Sun, 19 Oct 2025 04:21:51 GMT
      Server:
      - nginx/1.25.3
      Transfer-Encoding:
      - chunked
      content-length:
      - '242'
    status:
      code: 200
      message: OK
- request:
    body: ''
    headers:
      accept:
      - '*/*'
      accept-encoding:
      - gzip, deflate
      connection:
      - keep-alive
      host:
      - gizmok37.fhcrc.org:34637
      user-agent:
      - python-httpx/0.28.1
    method: GET
    uri: https://gizmok37.fhcrc.org:34637/api/workflows/v1/241ce90b-9fc4-4785-aa7c-5dea95dd3d46/metadata?includeKey=status&includeKey=failures&includeKey=jobId
  response:
    body:
      string: '{"status":"Running","calls":{"HelloDockerHostname.GetStartTime":[{"jobId":"39941896","attempt":1,"shardIndex":-1}],"HelloDockerHostname.Hostname":[{"jobId":"39941900","attempt":1,"shardIndex":-1}]},"id":"241ce90b-9fc4-4785-aa7c-5dea95dd3d46"}'
    headers:
      Connection:
      - keep-alive
      Content-Type:
      - application/json
      Date:
      - Sun, 19 Oct 2025 04:21:56 GMT
      Server:
      - nginx/1.25.3
      Transfer-Encoding:
      - chunked
      content-length:
      - '242'
    status:
      code: 200
      message: OK
- request:
    body: ''
    headers:
      accept:
      - '*/*'
      accept-encoding:
      - gzip, deflate
      connection:
      - keep-alive
      host:
      - gizmok37.fhcrc.org:34637
      user-agent:
      - python-httpx/0.28.1
    method: GET
    uri: https://gizmok37.fhcrc.org:34637/api/workflows/v1/241ce90b-9fc4-4785-aa7c-5dea95dd3d46/metadata?includeKey=status&includeKey=failures&includeKey=jobId
  response:
    body:
      string: '{"status":"Running","calls":{"HelloDockerHostname.GetStartTime":[{"jobId":"39941896","attempt":1,"shardIndex":-1}],"HelloDockerHostname.Hostname":[{"jobId":"39941900","attempt":1,"shardIndex":-1}]},"id":"241ce90b-9fc4-4785-aa7c-5dea95dd3d46"}'
    headers:
      Connection:
      - keep-alive
      Content-Type:
      - application/json
      Date:
      - Sun, 19 Oct 2025 04:22:02 GMT
      Server:
      - nginx/1.25.3
      Transfer-Encoding:
      - chunked
      content-length:
      - '242'
    status:
      code: 200
      message: OK
- request:
    body: ''
    headers:
      accept:
      - '*/*'
      accept-encoding:
      - gzip, deflate
      connection:
      - keep-alive
      host:
      - gizmok37.fhcrc.org:34637
      user-agent:
      - python-httpx/0.28.1
    method: GET
    uri: https://gizmok37.fhcrc.org:34637/api/workflows/v1/241ce90b-9fc4-4785-aa7c-5dea95dd3d46/metadata?includeKey=status&includeKey=failures&includeKey=jobId
  response:
    body:
      string: '{"status":"Running","calls":{"HelloDockerHostname.GetStartTime":[{"jobId":"39941896","attempt":1,"shardIndex":-1}],"HelloDockerHostname.Hostname":[{"jobId":"39941900","attempt":1,"shardIndex":-1}]},"id":"241ce90b-9fc4-4785-aa7c-5dea95dd3d46"}'
    headers:
      Connection:
      - keep-alive
      Content-Type:
      - application/json
      Date:
      - Sun, 19 Oct 2025 04:22:07 GMT
      Server:
      - nginx/1.25.3
      Transfer-Encoding:
      - chunked
      content-length:
      - '242'
    status:
      code: 200
      message: OK
- request:
    body: ''
    headers:
      accept:
      - '*/*'
      accept-encoding:
      - gzip, deflate
      connection:
      - keep-alive
      host:
      - gizmok37.fhcrc.org:34637
      user-agent:
      - python-httpx/0.28.1
    method: GET
    uri: https://gizmok37.fhcrc.org:34637/api/workflows/v1/241ce90b-9fc4-4785-aa7c-5dea95dd3d46/metadata?includeKey=status&includeKey=failures&includeKey=jobId
  response:
    body:
      string: '{"status":"Running","calls":{"HelloDockerHostname.GetStartTime":[{"jobId":"39941896","attempt":1,"shardIndex":-1}],"HelloDockerHostname.Hostname":[{"jobId":"39941900","attempt":1,"shardIndex":-1}]},"id":"241ce90b-9fc4-4785-aa7c-5dea95dd3d46"}'
    headers:
      Connection:
      - keep-alive
      Content-Type:
      - application/json
      Date:
      - Sun, 19 Oct 2025 04:22:12 GMT
      Server:
      - nginx/1.25.3
      Transfer-Encoding:
      - chunked
      content-length:
      - '242'
    status:
      code: 200
      message: OK
- request:
    body: ''
    headers:
      accept:
      - '*/*'
      accept-encoding:
      - gzip, deflate
      connection:
      - keep-alive
      host:
      - gizmok37.fhcrc.org:34637
      user-agent:
      - python-httpx/0.28.1
    method: GET
    uri: https://gizmok37.fhcrc.org:34637/api/workflows/v1/241ce90b-9fc4-4785-aa7c-5dea95dd3d46/metadata?includeKey=status&includeKey=failures&includeKey=jobId
  response:
    body:
      string: '{"status":"Running","calls":{"HelloDockerHostname.GetStartTime":[{"jobId":"39941896","attempt":1,"shardIndex":-1}],"HelloDockerHostname.Hostname":[{"jobId":"39941900","attempt":1,"shardIndex":-1}]},"id":"241ce90b-9fc4-4785-aa7c-5dea95dd3d46"}'
    headers:
      Connection:
      - keep-alive
      Content-Type:
      - application/json
      Date:
      - Sun, 19 Oct 2025 04:22:17 GMT
      Server:
      - nginx/1.25.3
      Transfer-Encoding:
      - chunked
      content-length:
      - '242'
    status:
      code: 200
      message: OK
- request:
    body: ''
    headers:
      accept:
      - '*/*'
      accept-encoding:
      - gzip, deflate
      connection:
      - keep-alive
      host:
      - gizmok37.fhcrc.org:34637
      user-agent:
      - python-httpx/0.28.1
    method: GET
    uri: https://gizmok37.fhcrc.org:34637/api/workflows/v1/241ce90b-9fc4-4785-aa7c-5dea95dd3d46/metadata?includeKey=status&includeKey=failures&includeKey=jobId
  response:
    body:
      string: '{"status":"Running","calls":{"HelloDockerHostname.GetStartTime":[{"jobId":"39941896","attempt":1,"shardIndex":-1}],"HelloDockerHostname.Hostname":[{"jobId":"39941900","attempt":1,"shardIndex":-1}]},"id":"241ce90b-9fc4-4785-aa7c-5dea95dd3d46"}'
    headers:
      Connection:
      - keep-alive
      Content-Type:
      - application/json
      Date:
      - Sun, 19 Oct 2025 04:22:22 GMT
      Server:
      - nginx/1.25.3
      Transfer-Encoding:
      - chunked
      content-length:
      - '242'
    status:
      code: 200
      message: OK
- request:
    body: ''
    headers:
      accept:
      - '*/*'
      accept-encoding:
      - gzip, deflate
      connection:
      - keep-alive
      host:
      - gizmok37.fhcrc.org:34637
      user-agent:
      - python-httpx/0.28.1
    method: GET
    uri: https://gizmok37.fhcrc.org:34637/api/workflows/v1/241ce90b-9fc4-4785-aa7c-5dea95dd3d46/metadata?includeKey=status&includeKey=failures&includeKey=jobId
  response:
    body:
      string: '{"status":"Running","calls":{"HelloDockerHostname.GetStartTime":[{"jobId":"39941896","attempt":1,"shardIndex":-1}],"HelloDockerHostname.Hostname":[{"jobId":"39941900","attempt":1,"shardIndex":-1}]},"id":"241ce90b-9fc4-4785-aa7c-5dea95dd3d46"}'
    headers:
      Connection:
      - keep-alive
      Content-Type:
      - application/json
      Date:
      - Sun, 19 Oct 2025 04:22:27 GMT
      Server:
      - nginx/1.25.3
      Transfer-Encoding:
      - chunked
      content-length:
      - '242'
    status:
      code: 200
      message: OK
- request:
    body: ''
    headers:
      accept:
      - '*/*'
      accept-encoding:
      - gzip, deflate
      connection:
      - keep-alive
      host:
      - gizmok37.fhcrc.org:34637
      user-agent:
      - python-httpx/0.28.1
    method: GET
    uri: https://gizmok37.fhcrc.org:34637/api/workflows/v1/241ce90b-9fc4-4785-aa7c-5dea95dd3d46/metadata?includeKey=status&includeKey=failures&includeKey=jobId
  response:
    body:
      string: '{"status":"Running","calls":{"HelloDockerHostname.GetStartTime":[{"jobId":"39941896","attempt":1,"shardIndex":-1}],"HelloDockerHostname.Hostname":[{"jobId":"39941900","attempt":1,"shardIndex":-1}],"HelloDockerHostname.GetEndTime":[{"jobId":"39941903","attempt":1,"shardIndex":-1}]},"id":"241ce90b-9fc4-4785-aa7c-5dea95dd3d46"}'
    headers:
      Connection:
      - keep-alive
      Content-Type:
      - application/json
      Date:
      - Sun, 19 Oct 2025 04:22:32 GMT
      Server:
      - nginx/1.25.3
      Transfer-Encoding:
      - chunked
      content-length:
      - '326'
    status:
      code: 200
      message: OK
- request:
    body: ''
    headers:
      accept:
      - '*/*'
      accept-encoding:
      - gzip, deflate
      connection:
      - keep-alive
      host:
      - gizmok37.fhcrc.org:34637
      user-agent:
      - python-httpx/0.28.1
    method: GET
    uri: https://gizmok37.fhcrc.org:34637/api/workflows/v1/241ce90b-9fc4-4785-aa7c-5dea95dd3d46/metadata?includeKey=status&includeKey=failures&includeKey=jobId
  response:
    body:
      string: '{"status":"Running","calls":{"HelloDockerHostname.GetStartTime":[{"jobId":"39941896","attempt":1,"shardIndex":-1}],"HelloDockerHostname.Hostname":[{"jobId":"39941900","attempt":1,"shardIndex":-1}],"HelloDockerHostname.GetEndTime":[{"jobId":"39941903","attempt":1,"shardIndex":-1}]},"id":"241ce90b-9fc4-4785-aa7c-5dea95dd3d46"}'
    headers:
      Connection:
      - keep-alive
      Content-Type:
      - application/json
      Date:
      - Sun, 19 Oct 2025 04:22:37 GMT
      Server:
      - nginx/1.25.3
      Transfer-Encoding:
      - chunked
      content-length:
      - '326'
    status:
      code: 200
      message: OK
- request:
    body: ''
    headers:
      accept:
      - '*/*'
      accept-encoding:
      - gzip, deflate
      connection:
      - keep-alive
      host:
      - gizmok37.fhcrc.org:34637
      user-agent:
      - python-httpx/0.28.1
    method: GET
    uri: https://gizmok37.fhcrc.org:34637/api/workflows/v1/241ce90b-9fc4-4785-aa7c-5dea95dd3d46/metadata?includeKey=status&includeKey=failures&includeKey=jobId
  response:
    body:
      string: '{"status":"Running","calls":{"HelloDockerHostname.GetStartTime":[{"jobId":"39941896","attempt":1,"shardIndex":-1}],"HelloDockerHostname.Hostname":[{"jobId":"39941900","attempt":1,"shardIndex":-1}],"HelloDockerHostname.GetEndTime":[{"jobId":"39941903","attempt":1,"shardIndex":-1}]},"id":"241ce90b-9fc4-4785-aa7c-5dea95dd3d46"}'
    headers:
      Connection:
      - keep-alive
      Content-Type:
      - application/json
      Date:
      - Sun, 19 Oct 2025 04:22:42 GMT
      Server:
      - nginx/1.25.3
      Transfer-Encoding:
      - chunked
      content-length:
      - '326'
    status:
      code: 200
      message: OK
- request:
    body: ''
    headers:
      accept:
      - '*/*'
      accept-encoding:
      - gzip, deflate
      connection:
      - keep-alive
      host:
      - gizmok37.fhcrc.org:34637
      user-agent:
      - python-httpx/0.28.1
    method: GET
    uri: https://gizmok37.fhcrc.org:34637/api/workflows/v1/241ce90b-9fc4-4785-aa7c-5dea95dd3d46/metadata?includeKey=status&includeKey=failures&includeKey=jobId
  response:
    body:
      string: '{"status":"Running","calls":{"HelloDockerHostname.GetStartTime":[{"jobId":"39941896","attempt":1,"shardIndex":-1}],"HelloDockerHostname.Hostname":[{"jobId":"39941900","attempt":1,"shardIndex":-1}],"HelloDockerHostname.GetEndTime":[{"jobId":"39941903","attempt":1,"shardIndex":-1}]},"id":"241ce90b-9fc4-4785-aa7c-5dea95dd3d46"}'
    headers:
      Connection:
      - keep-alive
      Content-Type:
      - application/json
      Date:
      - Sun, 19 Oct 2025 04:22:47 GMT
      Server:
      - nginx/1.25.3
      Transfer-Encoding:
      - chunked
      content-length:
      - '326'
    status:
      code: 200
      message: OK
- request:
    body: ''
    headers:
      accept:
      - '*/*'
      accept-encoding:
      - gzip, deflate
      connection:
      - keep-alive
      host:
      - gizmok37.fhcrc.org:34637
      user-agent:
      - python-httpx/0.28.1
    method: GET
    uri: https://gizmok37.fhcrc.org:34637/api/workflows/v1/241ce90b-9fc4-4785-aa7c-5dea95dd3d46/metadata?includeKey=status&includeKey=failures&includeKey=jobId
  response:
    body:
      string: '{"status":"Running","calls":{"HelloDockerHostname.GetStartTime":[{"jobId":"39941896","attempt":1,"shardIndex":-1}],"HelloDockerHostname.Hostname":[{"jobId":"39941900","attempt":1,"shardIndex":-1}],"HelloDockerHostname.GetEndTime":[{"jobId":"39941903","attempt":1,"shardIndex":-1}]},"id":"241ce90b-9fc4-4785-aa7c-5dea95dd3d46"}'
    headers:
      Connection:
      - keep-alive
      Content-Type:
      - application/json
      Date:
      - Sun, 19 Oct 2025 04:22:52 GMT
      Server:
      - nginx/1.25.3
      Transfer-Encoding:
      - chunked
      content-length:
      - '326'
    status:
      code: 200
      message: OK
- request:
    body: ''
    headers:
      accept:
      - '*/*'
      accept-encoding:
      - gzip, deflate
      connection:
      - keep-alive
      host:
      - gizmok37.fhcrc.org:34637
      user-agent:
      - python-httpx/0.28.1
    method: GET
    uri: https://gizmok37.fhcrc.org:34637/api/workflows/v1/241ce90b-9fc4-4785-aa7c-5dea95dd3d46/metadata?includeKey=status&includeKey=failures&includeKey=jobId
  response:
    body:
      string: '{"status":"Running","calls":{"HelloDockerHostname.GetStartTime":[{"jobId":"39941896","attempt":1,"shardIndex":-1}],"HelloDockerHostname.Hostname":[{"jobId":"39941900","attempt":1,"shardIndex":-1}],"HelloDockerHostname.GetEndTime":[{"jobId":"39941903","attempt":1,"shardIndex":-1}]},"id":"241ce90b-9fc4-4785-aa7c-5dea95dd3d46"}'
    headers:
      Connection:
      - keep-alive
      Content-Type:
      - application/json
      Date:
      - Sun, 19 Oct 2025 04:22:57 GMT
      Server:
      - nginx/1.25.3
      Transfer-Encoding:
      - chunked
      content-length:
      - '326'
    status:
      code: 200
      message: OK
- request:
    body: ''
    headers:
      accept:
      - '*/*'
      accept-encoding:
      - gzip, deflate
      connection:
      - keep-alive
      host:
      - gizmok37.fhcrc.org:34637
      user-agent:
      - python-httpx/0.28.1
    method: GET
    uri: https://gizmok37.fhcrc.org:34637/api/workflows/v1/241ce90b-9fc4-4785-aa7c-5dea95dd3d46/metadata?includeKey=status&includeKey=failures&includeKey=jobId
  response:
    body:
      string: '{"status":"Running","calls":{"HelloDockerHostname.GetStartTime":[{"jobId":"39941896","attempt":1,"shardIndex":-1}],"HelloDockerHostname.Hostname":[{"jobId":"39941900","attempt":1,"shardIndex":-1}],"HelloDockerHostname.GetEndTime":[{"jobId":"39941903","attempt":1,"shardIndex":-1}]},"id":"241ce90b-9fc4-4785-aa7c-5dea95dd3d46"}'
    headers:
      Connection:
      - keep-alive
      Content-Type:
      - application/json
      Date:
      - Sun, 19 Oct 2025 04:23:02 GMT
      Server:
      - nginx/1.25.3
      Transfer-Encoding:
      - chunked
      content-length:
      - '326'
    status:
      code: 200
      message: OK
- request:
    body: ''
    headers:
      accept:
      - '*/*'
      accept-encoding:
      - gzip, deflate
      connection:
      - keep-alive
      host:
      - gizmok37.fhcrc.org:34637
      user-agent:
      - python-httpx/0.28.1
    method: GET
    uri: https://gizmok37.fhcrc.org:34637/api/workflows/v1/241ce90b-9fc4-4785-aa7c-5dea95dd3d46/metadata?includeKey=status&includeKey=failures&includeKey=jobId
  response:
    body:
      string: '{"status":"Running","calls":{"HelloDockerHostname.GetStartTime":[{"jobId":"39941896","attempt":1,"shardIndex":-1}],"HelloDockerHostname.Hostname":[{"jobId":"39941900","attempt":1,"shardIndex":-1}],"HelloDockerHostname.GetEndTime":[{"jobId":"39941903","attempt":1,"shardIndex":-1}],"HelloDockerHostname.ValidateExecutionTime":[{"jobId":"39941913","attempt":1,"shardIndex":-1}]},"id":"241ce90b-9fc4-4785-aa7c-5dea95dd3d46"}'
    headers:
      Connection:
      - keep-alive
      Content-Type:
      - application/json
      Date:
      - Sun, 19 Oct 2025 04:23:08 GMT
      Server:
      - nginx/1.25.3
      Transfer-Encoding:
      - chunked
      content-length:
      - '421'
    status:
      code: 200
      message: OK
- request:
    body: ''
    headers:
      accept:
      - '*/*'
      accept-encoding:
      - gzip, deflate
      connection:
      - keep-alive
      host:
      - gizmok37.fhcrc.org:34637
      user-agent:
      - python-httpx/0.28.1
    method: GET
    uri: https://gizmok37.fhcrc.org:34637/api/workflows/v1/241ce90b-9fc4-4785-aa7c-5dea95dd3d46/metadata?includeKey=status&includeKey=failures&includeKey=jobId
  response:
    body:
      string: '{"status":"Running","calls":{"HelloDockerHostname.GetStartTime":[{"jobId":"39941896","attempt":1,"shardIndex":-1}],"HelloDockerHostname.Hostname":[{"jobId":"39941900","attempt":1,"shardIndex":-1}],"HelloDockerHostname.GetEndTime":[{"jobId":"39941903","attempt":1,"shardIndex":-1}],"HelloDockerHostname.ValidateExecutionTime":[{"jobId":"39941913","attempt":1,"shardIndex":-1}]},"id":"241ce90b-9fc4-4785-aa7c-5dea95dd3d46"}'
    headers:
      Connection:
      - keep-alive
      Content-Type:
      - application/json
      Date:
      - Sun, 19 Oct 2025 04:23:13 GMT
      Server:
      - nginx/1.25.3
      Transfer-Encoding:
      - chunked
      content-length:
      - '421'
    status:
      code: 200
      message: OK
- request:
    body: ''
    headers:
      accept:
      - '*/*'
      accept-encoding:
      - gzip, deflate
      connection:
      - keep-alive
      host:
      - gizmok37.fhcrc.org:34637
      user-agent:
      - python-httpx/0.28.1
    method: GET
    uri: https://gizmok37.fhcrc.org:34637/api/workflows/v1/241ce90b-9fc4-4785-aa7c-5dea95dd3d46/metadata?includeKey=status&includeKey=failures&includeKey=jobId
  response:
    body:
      string: '{"status":"Running","calls":{"HelloDockerHostname.GetStartTime":[{"jobId":"39941896","attempt":1,"shardIndex":-1}],"HelloDockerHostname.Hostname":[{"jobId":"39941900","attempt":1,"shardIndex":-1}],"HelloDockerHostname.GetEndTime":[{"jobId":"39941903","attempt":1,"shardIndex":-1}],"HelloDockerHostname.ValidateExecutionTime":[{"jobId":"39941913","attempt":1,"shardIndex":-1}]},"id":"241ce90b-9fc4-4785-aa7c-5dea95dd3d46"}'
    headers:
      Connection:
      - keep-alive
      Content-Type:
      - application/json
      Date:
      - Sun, 19 Oct 2025 04:23:18 GMT
      Server:
      - nginx/1.25.3
      Transfer-Encoding:
      - chunked
      content-length:
      - '421'
    status:
      code: 200
      message: OK
- request:
    body: ''
    headers:
      accept:
      - '*/*'
      accept-encoding:
      - gzip, deflate
      connection:
      - keep-alive
      host:
      - gizmok37.fhcrc.org:34637
      user-agent:
      - python-httpx/0.28.1
    method: GET
    uri: https://gizmok37.fhcrc.org:34637/api/workflows/v1/241ce90b-9fc4-4785-aa7c-5dea95dd3d46/metadata?includeKey=status&includeKey=failures&includeKey=jobId
  response:
    body:
      string: '{"status":"Running","calls":{"HelloDockerHostname.GetStartTime":[{"jobId":"39941896","attempt":1,"shardIndex":-1}],"HelloDockerHostname.Hostname":[{"jobId":"39941900","attempt":1,"shardIndex":-1}],"HelloDockerHostname.GetEndTime":[{"jobId":"39941903","attempt":1,"shardIndex":-1}],"HelloDockerHostname.ValidateExecutionTime":[{"jobId":"39941913","attempt":1,"shardIndex":-1}]},"id":"241ce90b-9fc4-4785-aa7c-5dea95dd3d46"}'
    headers:
      Connection:
      - keep-alive
      Content-Type:
      - application/json
      Date:
      - Sun, 19 Oct 2025 04:23:23 GMT
      Server:
      - nginx/1.25.3
      Transfer-Encoding:
      - chunked
      content-length:
      - '421'
    status:
      code: 200
      message: OK
- request:
    body: ''
    headers:
      accept:
      - '*/*'
      accept-encoding:
      - gzip, deflate
      connection:
      - keep-alive
      host:
      - gizmok37.fhcrc.org:34637
      user-agent:
      - python-httpx/0.28.1
    method: GET
    uri: https://gizmok37.fhcrc.org:34637/api/workflows/v1/241ce90b-9fc4-4785-aa7c-5dea95dd3d46/metadata?includeKey=status&includeKey=failures&includeKey=jobId
  response:
    body:
      string: '{"status":"Running","calls":{"HelloDockerHostname.GetStartTime":[{"jobId":"39941896","attempt":1,"shardIndex":-1}],"HelloDockerHostname.Hostname":[{"jobId":"39941900","attempt":1,"shardIndex":-1}],"HelloDockerHostname.GetEndTime":[{"jobId":"39941903","attempt":1,"shardIndex":-1}],"HelloDockerHostname.ValidateExecutionTime":[{"jobId":"39941913","attempt":1,"shardIndex":-1}]},"id":"241ce90b-9fc4-4785-aa7c-5dea95dd3d46"}'
    headers:
      Connection:
      - keep-alive
      Content-Type:
      - application/json
      Date:
      - Sun, 19 Oct 2025 04:23:28 GMT
      Server:
      - nginx/1.25.3
      Transfer-Encoding:
      - chunked
      content-length:
      - '421'
    status:
      code: 200
      message: OK
- request:
    body: ''
    headers:
      accept:
      - '*/*'
      accept-encoding:
      - gzip, deflate
      connection:
      - keep-alive
      host:
      - gizmok37.fhcrc.org:34637
      user-agent:
      - python-httpx/0.28.1
    method: GET
    uri: https://gizmok37.fhcrc.org:34637/api/workflows/v1/241ce90b-9fc4-4785-aa7c-5dea95dd3d46/metadata?includeKey=status&includeKey=failures&includeKey=jobId
  response:
    body:
      string: '{"status":"Running","calls":{"HelloDockerHostname.GetStartTime":[{"jobId":"39941896","attempt":1,"shardIndex":-1}],"HelloDockerHostname.Hostname":[{"jobId":"39941900","attempt":1,"shardIndex":-1}],"HelloDockerHostname.GetEndTime":[{"jobId":"39941903","attempt":1,"shardIndex":-1}],"HelloDockerHostname.ValidateExecutionTime":[{"jobId":"39941913","attempt":1,"shardIndex":-1}]},"id":"241ce90b-9fc4-4785-aa7c-5dea95dd3d46"}'
    headers:
      Connection:
      - keep-alive
      Content-Type:
      - application/json
      Date:
      - Sun, 19 Oct 2025 04:23:33 GMT
      Server:
      - nginx/1.25.3
      Transfer-Encoding:
      - chunked
      content-length:
      - '421'
    status:
      code: 200
      message: OK
- request:
    body: ''
    headers:
      accept:
      - '*/*'
      accept-encoding:
      - gzip, deflate
      connection:
      - keep-alive
      host:
      - gizmok37.fhcrc.org:34637
      user-agent:
      - python-httpx/0.28.1
    method: GET
    uri: https://gizmok37.fhcrc.org:34637/api/workflows/v1/241ce90b-9fc4-4785-aa7c-5dea95dd3d46/metadata?includeKey=status&includeKey=failures&includeKey=jobId
  response:
    body:
      string: '{"status":"Succeeded","calls":{"HelloDockerHostname.GetStartTime":[{"jobId":"39941896","attempt":1,"shardIndex":-1}],"HelloDockerHostname.Hostname":[{"jobId":"39941900","attempt":1,"shardIndex":-1}],"HelloDockerHostname.GetEndTime":[{"jobId":"39941903","attempt":1,"shardIndex":-1}],"HelloDockerHostname.ValidateExecutionTime":[{"jobId":"39941913","attempt":1,"shardIndex":-1}]},"id":"241ce90b-9fc4-4785-aa7c-5dea95dd3d46"}'
    headers:
      Connection:
      - keep-alive
      Content-Type:
      - application/json
      Date:
      - Sun, 19 Oct 2025 04:23:38 GMT
      Server:
      - nginx/1.25.3
      Transfer-Encoding:
      - chunked
      content-length:
      - '423'
    status:
      code: 200
      message: OK
version: 1
