interactions:
- request:
    body: "--404f3addb210a69e6196b01e89c90b5f\r\nContent-Disposition: form-data; name=\"workflowSource\";
      filename=\"helloDockerHostname.wdl\"\r\nContent-Type: application/octet-stream\r\n\r\nversion
      1.0\n## This is a test workflow that returns the Docker image name and tag\n##
      and measures execution time of the Hostname task.\n\n#### WORKFLOW DEFINITION\n\nworkflow
      HelloDockerHostname {\n  input {\n    String docker_image = \"ubuntu:20.04\"
      \ # Default value but can be overridden\n  }\n\n  call GetStartTime\n\n  call
      Hostname {\n    input:\n      expected_image = docker_image,\n      start_time
      = GetStartTime.timestamp  # Add dependency on start time\n  }\n\n  call GetEndTime
      {\n    input:\n      hostname_done = Hostname.out  # Add dependency on Hostname
      completion\n  }\n\n  call ValidateExecutionTime {\n    input:\n      start_time
      = GetStartTime.timestamp,\n      end_time = GetEndTime.timestamp\n  }\n\n  output
      {\n    File stdout = Hostname.out\n    Float execution_time_seconds = ValidateExecutionTime.duration_seconds\n
      \   Boolean within_time_limit = ValidateExecutionTime.within_limit\n  }\n\n
      \ parameter_meta {\n    docker_image: \"Docker image to run the task in (e.g.
      ubuntu:latest)\"\n  }\n}\n\n#### TASK DEFINITIONS\n\ntask GetStartTime {\n  command
      <<<\n    date +%s.%N\n  >>>\n\n  output {\n    Float timestamp = read_float(stdout())\n
      \ }\n\n  runtime {\n    docker: \"ubuntu:20.04\"\n    cpu: 1\n    memory: \"1
      GB\"\n  }\n}\n\ntask GetEndTime {\n  input {\n    File hostname_done  # Add
      dependency on Hostname completion\n  }\n\n  command <<<\n    date +%s.%N\n  >>>\n\n
      \ output {\n    Float timestamp = read_float(stdout())\n  }\n\n  runtime {\n
      \   docker: \"ubuntu:20.04\"\n    cpu: 1\n    memory: \"1 GB\"\n  }\n}\n\ntask
      ValidateExecutionTime {\n  input {\n    Float start_time\n    Float end_time\n
      \ }\n\n  command <<<\n    # Calculate duration using awk for floating point
      arithmetic\n    duration=$(awk \"BEGIN {print ~{end_time} - ~{start_time}}\")\n
      \   echo \"$duration\" > duration.txt\n    \n    # Check if duration is less
      than 120 seconds (2 minutes)\n    awk -v dur=\"$duration\" 'BEGIN {if (dur <
      120) exit 0; exit 1}'\n    if [ $? -eq 0 ]; then\n      echo \"true\" > within_limit.txt\n
      \   else\n      echo \"false\" > within_limit.txt\n    fi\n  >>>\n\n  output
      {\n    Float duration_seconds = read_float(\"duration.txt\")\n    Boolean within_limit
      = read_boolean(\"within_limit.txt\")\n  }\n\n  runtime {\n    docker: \"ubuntu:20.04\"\n
      \   cpu: 1\n    memory: \"1 GB\"\n  }\n}\n\ntask Hostname {\n  input {\n    String
      expected_image\n    Float start_time  # Add start_time as input to create dependency\n
      \ }\n\n  command <<<\n    # Split expected image into name and tag\n    EXPECTED_IMAGE_NAME=$(echo
      \"~{expected_image}\" | cut -d':' -f1)\n    EXPECTED_TAG=$(echo \"~{expected_image}\"
      | cut -d':' -f2)\n\n    # Get current image info\n    CURRENT_IMAGE=$(grep \"ID=\"
      /etc/os-release | head -n1 | cut -d'=' -f2)\n    CURRENT_VERSION=$(grep \"VERSION_ID=\"
      /etc/os-release | cut -d'\"' -f2)\n\n    # Compare image name\n    if [[ \"$CURRENT_IMAGE\"
      != \"$EXPECTED_IMAGE_NAME\" ]]; then\n      echo \"Error: Expected Docker image
      $EXPECTED_IMAGE_NAME but got: $CURRENT_IMAGE\"\n      exit 1\n    fi\n\n    #
      Compare version/tag\n    if [[ \"$CURRENT_VERSION\" != \"$EXPECTED_TAG\" ]];
      then\n      echo \"Error: Expected version $EXPECTED_TAG but got: $CURRENT_VERSION\"\n
      \     exit 1\n    fi\n\n    echo \"Verified Docker Image: $CURRENT_IMAGE:$CURRENT_VERSION\"\n
      \   echo \"Expected Image: ~{expected_image}\"\n    echo \"Hostname: $(hostname)\"\n
      \ >>>\n\n  output {\n    File out = stdout()\n  }\n\n  runtime {\n    cpu: 1\n
      \   memory: \"1 GB\"\n    docker: \"~{expected_image}\"\n  }\n\n  parameter_meta
      {\n    expected_image: \"Docker image that should be running this task\"\n  }\n}\n\r\n--404f3addb210a69e6196b01e89c90b5f\r\nContent-Disposition:
      form-data; name=\"workflowInputs\"; filename=\"inputs.json\"\r\nContent-Type:
      application/json\r\n\r\n{\n    \"HelloDockerHostname.docker_image\": \"ubuntu:20.04\"\n}\n\r\n--404f3addb210a69e6196b01e89c90b5f\r\nContent-Disposition:
      form-data; name=\"workflowOptions\"; filename=\"options.json\"\r\nContent-Type:
      application/json\r\n\r\n{\n    \"workflow_failure_mode\": \"ContinueWhilePossible\",\n
      \   \"write_to_cache\": false,\n    \"read_from_cache\": false\n}\n\r\n--404f3addb210a69e6196b01e89c90b5f--\r\n"
    headers:
      accept:
      - '*/*'
      accept-encoding:
      - gzip, deflate
      connection:
      - keep-alive
      content-length:
      - '4114'
      content-type:
      - multipart/form-data; boundary=404f3addb210a69e6196b01e89c90b5f
      host:
      - gizmok120.fhcrc.org:42381
      user-agent:
      - python-httpx/0.28.1
    method: POST
    uri: https://gizmok120.fhcrc.org:42381/api/workflows/v1
  response:
    body:
      string: '{"id":"6ee0040b-9f5e-4879-928a-980b728ea148","status":"Submitted"}'
    headers:
      Connection:
      - keep-alive
      Content-Length:
      - '66'
      Content-Type:
      - application/json
      Date:
      - Sun, 26 Oct 2025 04:09:10 GMT
      Server:
      - nginx/1.25.3
    status:
      code: 201
      message: Created
- request:
    body: ''
    headers:
      accept:
      - '*/*'
      accept-encoding:
      - gzip, deflate
      connection:
      - keep-alive
      host:
      - gizmok120.fhcrc.org:42381
      user-agent:
      - python-httpx/0.28.1
    method: GET
    uri: https://gizmok120.fhcrc.org:42381/api/workflows/v1/6ee0040b-9f5e-4879-928a-980b728ea148/metadata?includeKey=status&includeKey=failures&includeKey=jobId
  response:
    body:
      string: '{"status":"Submitted","calls":{},"id":"6ee0040b-9f5e-4879-928a-980b728ea148"}'
    headers:
      Connection:
      - keep-alive
      Content-Type:
      - application/json
      Date:
      - Sun, 26 Oct 2025 04:09:15 GMT
      Server:
      - nginx/1.25.3
      Transfer-Encoding:
      - chunked
      content-length:
      - '77'
    status:
      code: 200
      message: OK
- request:
    body: ''
    headers:
      accept:
      - '*/*'
      accept-encoding:
      - gzip, deflate
      connection:
      - keep-alive
      host:
      - gizmok120.fhcrc.org:42381
      user-agent:
      - python-httpx/0.28.1
    method: GET
    uri: https://gizmok120.fhcrc.org:42381/api/workflows/v1/6ee0040b-9f5e-4879-928a-980b728ea148/metadata?includeKey=status&includeKey=failures&includeKey=jobId
  response:
    body:
      string: '{"status":"Submitted","calls":{},"id":"6ee0040b-9f5e-4879-928a-980b728ea148"}'
    headers:
      Connection:
      - keep-alive
      Content-Type:
      - application/json
      Date:
      - Sun, 26 Oct 2025 04:09:20 GMT
      Server:
      - nginx/1.25.3
      Transfer-Encoding:
      - chunked
      content-length:
      - '77'
    status:
      code: 200
      message: OK
- request:
    body: ''
    headers:
      accept:
      - '*/*'
      accept-encoding:
      - gzip, deflate
      connection:
      - keep-alive
      host:
      - gizmok120.fhcrc.org:42381
      user-agent:
      - python-httpx/0.28.1
    method: GET
    uri: https://gizmok120.fhcrc.org:42381/api/workflows/v1/6ee0040b-9f5e-4879-928a-980b728ea148/metadata?includeKey=status&includeKey=failures&includeKey=jobId
  response:
    body:
      string: '{"status":"Submitted","calls":{},"id":"6ee0040b-9f5e-4879-928a-980b728ea148"}'
    headers:
      Connection:
      - keep-alive
      Content-Type:
      - application/json
      Date:
      - Sun, 26 Oct 2025 04:09:25 GMT
      Server:
      - nginx/1.25.3
      Transfer-Encoding:
      - chunked
      content-length:
      - '77'
    status:
      code: 200
      message: OK
- request:
    body: ''
    headers:
      accept:
      - '*/*'
      accept-encoding:
      - gzip, deflate
      connection:
      - keep-alive
      host:
      - gizmok120.fhcrc.org:42381
      user-agent:
      - python-httpx/0.28.1
    method: GET
    uri: https://gizmok120.fhcrc.org:42381/api/workflows/v1/6ee0040b-9f5e-4879-928a-980b728ea148/metadata?includeKey=status&includeKey=failures&includeKey=jobId
  response:
    body:
      string: '{"status":"Submitted","calls":{},"id":"6ee0040b-9f5e-4879-928a-980b728ea148"}'
    headers:
      Connection:
      - keep-alive
      Content-Type:
      - application/json
      Date:
      - Sun, 26 Oct 2025 04:09:30 GMT
      Server:
      - nginx/1.25.3
      Transfer-Encoding:
      - chunked
      content-length:
      - '77'
    status:
      code: 200
      message: OK
- request:
    body: ''
    headers:
      accept:
      - '*/*'
      accept-encoding:
      - gzip, deflate
      connection:
      - keep-alive
      host:
      - gizmok120.fhcrc.org:42381
      user-agent:
      - python-httpx/0.28.1
    method: GET
    uri: https://gizmok120.fhcrc.org:42381/api/workflows/v1/6ee0040b-9f5e-4879-928a-980b728ea148/metadata?includeKey=status&includeKey=failures&includeKey=jobId
  response:
    body:
      string: '{"status":"Submitted","calls":{},"id":"6ee0040b-9f5e-4879-928a-980b728ea148"}'
    headers:
      Connection:
      - keep-alive
      Content-Type:
      - application/json
      Date:
      - Sun, 26 Oct 2025 04:09:35 GMT
      Server:
      - nginx/1.25.3
      Transfer-Encoding:
      - chunked
      content-length:
      - '77'
    status:
      code: 200
      message: OK
- request:
    body: ''
    headers:
      accept:
      - '*/*'
      accept-encoding:
      - gzip, deflate
      connection:
      - keep-alive
      host:
      - gizmok120.fhcrc.org:42381
      user-agent:
      - python-httpx/0.28.1
    method: GET
    uri: https://gizmok120.fhcrc.org:42381/api/workflows/v1/6ee0040b-9f5e-4879-928a-980b728ea148/metadata?includeKey=status&includeKey=failures&includeKey=jobId
  response:
    body:
      string: '{"status":"Submitted","calls":{},"id":"6ee0040b-9f5e-4879-928a-980b728ea148"}'
    headers:
      Connection:
      - keep-alive
      Content-Type:
      - application/json
      Date:
      - Sun, 26 Oct 2025 04:09:40 GMT
      Server:
      - nginx/1.25.3
      Transfer-Encoding:
      - chunked
      content-length:
      - '77'
    status:
      code: 200
      message: OK
- request:
    body: ''
    headers:
      accept:
      - '*/*'
      accept-encoding:
      - gzip, deflate
      connection:
      - keep-alive
      host:
      - gizmok120.fhcrc.org:42381
      user-agent:
      - python-httpx/0.28.1
    method: GET
    uri: https://gizmok120.fhcrc.org:42381/api/workflows/v1/6ee0040b-9f5e-4879-928a-980b728ea148/metadata?includeKey=status&includeKey=failures&includeKey=jobId
  response:
    body:
      string: '{"status":"Submitted","calls":{},"id":"6ee0040b-9f5e-4879-928a-980b728ea148"}'
    headers:
      Connection:
      - keep-alive
      Content-Type:
      - application/json
      Date:
      - Sun, 26 Oct 2025 04:09:45 GMT
      Server:
      - nginx/1.25.3
      Transfer-Encoding:
      - chunked
      content-length:
      - '77'
    status:
      code: 200
      message: OK
- request:
    body: ''
    headers:
      accept:
      - '*/*'
      accept-encoding:
      - gzip, deflate
      connection:
      - keep-alive
      host:
      - gizmok120.fhcrc.org:42381
      user-agent:
      - python-httpx/0.28.1
    method: GET
    uri: https://gizmok120.fhcrc.org:42381/api/workflows/v1/6ee0040b-9f5e-4879-928a-980b728ea148/metadata?includeKey=status&includeKey=failures&includeKey=jobId
  response:
    body:
      string: '{"status":"Submitted","calls":{},"id":"6ee0040b-9f5e-4879-928a-980b728ea148"}'
    headers:
      Connection:
      - keep-alive
      Content-Type:
      - application/json
      Date:
      - Sun, 26 Oct 2025 04:09:50 GMT
      Server:
      - nginx/1.25.3
      Transfer-Encoding:
      - chunked
      content-length:
      - '77'
    status:
      code: 200
      message: OK
- request:
    body: ''
    headers:
      accept:
      - '*/*'
      accept-encoding:
      - gzip, deflate
      connection:
      - keep-alive
      host:
      - gizmok120.fhcrc.org:42381
      user-agent:
      - python-httpx/0.28.1
    method: GET
    uri: https://gizmok120.fhcrc.org:42381/api/workflows/v1/6ee0040b-9f5e-4879-928a-980b728ea148/metadata?includeKey=status&includeKey=failures&includeKey=jobId
  response:
    body:
      string: '{"status":"Submitted","calls":{},"id":"6ee0040b-9f5e-4879-928a-980b728ea148"}'
    headers:
      Connection:
      - keep-alive
      Content-Type:
      - application/json
      Date:
      - Sun, 26 Oct 2025 04:09:55 GMT
      Server:
      - nginx/1.25.3
      Transfer-Encoding:
      - chunked
      content-length:
      - '77'
    status:
      code: 200
      message: OK
- request:
    body: ''
    headers:
      accept:
      - '*/*'
      accept-encoding:
      - gzip, deflate
      connection:
      - keep-alive
      host:
      - gizmok120.fhcrc.org:42381
      user-agent:
      - python-httpx/0.28.1
    method: GET
    uri: https://gizmok120.fhcrc.org:42381/api/workflows/v1/6ee0040b-9f5e-4879-928a-980b728ea148/metadata?includeKey=status&includeKey=failures&includeKey=jobId
  response:
    body:
      string: '{"status":"Submitted","calls":{},"id":"6ee0040b-9f5e-4879-928a-980b728ea148"}'
    headers:
      Connection:
      - keep-alive
      Content-Type:
      - application/json
      Date:
      - Sun, 26 Oct 2025 04:10:00 GMT
      Server:
      - nginx/1.25.3
      Transfer-Encoding:
      - chunked
      content-length:
      - '77'
    status:
      code: 200
      message: OK
- request:
    body: ''
    headers:
      accept:
      - '*/*'
      accept-encoding:
      - gzip, deflate
      connection:
      - keep-alive
      host:
      - gizmok120.fhcrc.org:42381
      user-agent:
      - python-httpx/0.28.1
    method: GET
    uri: https://gizmok120.fhcrc.org:42381/api/workflows/v1/6ee0040b-9f5e-4879-928a-980b728ea148/metadata?includeKey=status&includeKey=failures&includeKey=jobId
  response:
    body:
      string: '{"status":"Submitted","calls":{},"id":"6ee0040b-9f5e-4879-928a-980b728ea148"}'
    headers:
      Connection:
      - keep-alive
      Content-Type:
      - application/json
      Date:
      - Sun, 26 Oct 2025 04:10:05 GMT
      Server:
      - nginx/1.25.3
      Transfer-Encoding:
      - chunked
      content-length:
      - '77'
    status:
      code: 200
      message: OK
- request:
    body: ''
    headers:
      accept:
      - '*/*'
      accept-encoding:
      - gzip, deflate
      connection:
      - keep-alive
      host:
      - gizmok120.fhcrc.org:42381
      user-agent:
      - python-httpx/0.28.1
    method: GET
    uri: https://gizmok120.fhcrc.org:42381/api/workflows/v1/6ee0040b-9f5e-4879-928a-980b728ea148/metadata?includeKey=status&includeKey=failures&includeKey=jobId
  response:
    body:
      string: '{"status":"Submitted","calls":{},"id":"6ee0040b-9f5e-4879-928a-980b728ea148"}'
    headers:
      Connection:
      - keep-alive
      Content-Type:
      - application/json
      Date:
      - Sun, 26 Oct 2025 04:10:10 GMT
      Server:
      - nginx/1.25.3
      Transfer-Encoding:
      - chunked
      content-length:
      - '77'
    status:
      code: 200
      message: OK
- request:
    body: ''
    headers:
      accept:
      - '*/*'
      accept-encoding:
      - gzip, deflate
      connection:
      - keep-alive
      host:
      - gizmok120.fhcrc.org:42381
      user-agent:
      - python-httpx/0.28.1
    method: GET
    uri: https://gizmok120.fhcrc.org:42381/api/workflows/v1/6ee0040b-9f5e-4879-928a-980b728ea148/metadata?includeKey=status&includeKey=failures&includeKey=jobId
  response:
    body:
      string: '{"status":"Submitted","calls":{},"id":"6ee0040b-9f5e-4879-928a-980b728ea148"}'
    headers:
      Connection:
      - keep-alive
      Content-Type:
      - application/json
      Date:
      - Sun, 26 Oct 2025 04:10:15 GMT
      Server:
      - nginx/1.25.3
      Transfer-Encoding:
      - chunked
      content-length:
      - '77'
    status:
      code: 200
      message: OK
- request:
    body: ''
    headers:
      accept:
      - '*/*'
      accept-encoding:
      - gzip, deflate
      connection:
      - keep-alive
      host:
      - gizmok120.fhcrc.org:42381
      user-agent:
      - python-httpx/0.28.1
    method: GET
    uri: https://gizmok120.fhcrc.org:42381/api/workflows/v1/6ee0040b-9f5e-4879-928a-980b728ea148/metadata?includeKey=status&includeKey=failures&includeKey=jobId
  response:
    body:
      string: '{"status":"Submitted","calls":{},"id":"6ee0040b-9f5e-4879-928a-980b728ea148"}'
    headers:
      Connection:
      - keep-alive
      Content-Type:
      - application/json
      Date:
      - Sun, 26 Oct 2025 04:10:20 GMT
      Server:
      - nginx/1.25.3
      Transfer-Encoding:
      - chunked
      content-length:
      - '77'
    status:
      code: 200
      message: OK
- request:
    body: ''
    headers:
      accept:
      - '*/*'
      accept-encoding:
      - gzip, deflate
      connection:
      - keep-alive
      host:
      - gizmok120.fhcrc.org:42381
      user-agent:
      - python-httpx/0.28.1
    method: GET
    uri: https://gizmok120.fhcrc.org:42381/api/workflows/v1/6ee0040b-9f5e-4879-928a-980b728ea148/metadata?includeKey=status&includeKey=failures&includeKey=jobId
  response:
    body:
      string: '{"status":"Submitted","calls":{},"id":"6ee0040b-9f5e-4879-928a-980b728ea148"}'
    headers:
      Connection:
      - keep-alive
      Content-Type:
      - application/json
      Date:
      - Sun, 26 Oct 2025 04:10:26 GMT
      Server:
      - nginx/1.25.3
      Transfer-Encoding:
      - chunked
      content-length:
      - '77'
    status:
      code: 200
      message: OK
- request:
    body: ''
    headers:
      accept:
      - '*/*'
      accept-encoding:
      - gzip, deflate
      connection:
      - keep-alive
      host:
      - gizmok120.fhcrc.org:42381
      user-agent:
      - python-httpx/0.28.1
    method: GET
    uri: https://gizmok120.fhcrc.org:42381/api/workflows/v1/6ee0040b-9f5e-4879-928a-980b728ea148/metadata?includeKey=status&includeKey=failures&includeKey=jobId
  response:
    body:
      string: '{"status":"Submitted","calls":{},"id":"6ee0040b-9f5e-4879-928a-980b728ea148"}'
    headers:
      Connection:
      - keep-alive
      Content-Type:
      - application/json
      Date:
      - Sun, 26 Oct 2025 04:10:31 GMT
      Server:
      - nginx/1.25.3
      Transfer-Encoding:
      - chunked
      content-length:
      - '77'
    status:
      code: 200
      message: OK
- request:
    body: ''
    headers:
      accept:
      - '*/*'
      accept-encoding:
      - gzip, deflate
      connection:
      - keep-alive
      host:
      - gizmok120.fhcrc.org:42381
      user-agent:
      - python-httpx/0.28.1
    method: GET
    uri: https://gizmok120.fhcrc.org:42381/api/workflows/v1/6ee0040b-9f5e-4879-928a-980b728ea148/metadata?includeKey=status&includeKey=failures&includeKey=jobId
  response:
    body:
      string: '{"status":"Submitted","calls":{},"id":"6ee0040b-9f5e-4879-928a-980b728ea148"}'
    headers:
      Connection:
      - keep-alive
      Content-Type:
      - application/json
      Date:
      - Sun, 26 Oct 2025 04:10:36 GMT
      Server:
      - nginx/1.25.3
      Transfer-Encoding:
      - chunked
      content-length:
      - '77'
    status:
      code: 200
      message: OK
- request:
    body: ''
    headers:
      accept:
      - '*/*'
      accept-encoding:
      - gzip, deflate
      connection:
      - keep-alive
      host:
      - gizmok120.fhcrc.org:42381
      user-agent:
      - python-httpx/0.28.1
    method: GET
    uri: https://gizmok120.fhcrc.org:42381/api/workflows/v1/6ee0040b-9f5e-4879-928a-980b728ea148/metadata?includeKey=status&includeKey=failures&includeKey=jobId
  response:
    body:
      string: '{"status":"Submitted","calls":{},"id":"6ee0040b-9f5e-4879-928a-980b728ea148"}'
    headers:
      Connection:
      - keep-alive
      Content-Type:
      - application/json
      Date:
      - Sun, 26 Oct 2025 04:10:41 GMT
      Server:
      - nginx/1.25.3
      Transfer-Encoding:
      - chunked
      content-length:
      - '77'
    status:
      code: 200
      message: OK
- request:
    body: ''
    headers:
      accept:
      - '*/*'
      accept-encoding:
      - gzip, deflate
      connection:
      - keep-alive
      host:
      - gizmok120.fhcrc.org:42381
      user-agent:
      - python-httpx/0.28.1
    method: GET
    uri: https://gizmok120.fhcrc.org:42381/api/workflows/v1/6ee0040b-9f5e-4879-928a-980b728ea148/metadata?includeKey=status&includeKey=failures&includeKey=jobId
  response:
    body:
      string: '{"status":"Submitted","calls":{},"id":"6ee0040b-9f5e-4879-928a-980b728ea148"}'
    headers:
      Connection:
      - keep-alive
      Content-Type:
      - application/json
      Date:
      - Sun, 26 Oct 2025 04:10:46 GMT
      Server:
      - nginx/1.25.3
      Transfer-Encoding:
      - chunked
      content-length:
      - '77'
    status:
      code: 200
      message: OK
- request:
    body: ''
    headers:
      accept:
      - '*/*'
      accept-encoding:
      - gzip, deflate
      connection:
      - keep-alive
      host:
      - gizmok120.fhcrc.org:42381
      user-agent:
      - python-httpx/0.28.1
    method: GET
    uri: https://gizmok120.fhcrc.org:42381/api/workflows/v1/6ee0040b-9f5e-4879-928a-980b728ea148/metadata?includeKey=status&includeKey=failures&includeKey=jobId
  response:
    body:
      string: '{"status":"Submitted","calls":{},"id":"6ee0040b-9f5e-4879-928a-980b728ea148"}'
    headers:
      Connection:
      - keep-alive
      Content-Type:
      - application/json
      Date:
      - Sun, 26 Oct 2025 04:10:51 GMT
      Server:
      - nginx/1.25.3
      Transfer-Encoding:
      - chunked
      content-length:
      - '77'
    status:
      code: 200
      message: OK
- request:
    body: ''
    headers:
      accept:
      - '*/*'
      accept-encoding:
      - gzip, deflate
      connection:
      - keep-alive
      host:
      - gizmok120.fhcrc.org:42381
      user-agent:
      - python-httpx/0.28.1
    method: GET
    uri: https://gizmok120.fhcrc.org:42381/api/workflows/v1/6ee0040b-9f5e-4879-928a-980b728ea148/metadata?includeKey=status&includeKey=failures&includeKey=jobId
  response:
    body:
      string: '{"status":"Submitted","calls":{},"id":"6ee0040b-9f5e-4879-928a-980b728ea148"}'
    headers:
      Connection:
      - keep-alive
      Content-Type:
      - application/json
      Date:
      - Sun, 26 Oct 2025 04:10:56 GMT
      Server:
      - nginx/1.25.3
      Transfer-Encoding:
      - chunked
      content-length:
      - '77'
    status:
      code: 200
      message: OK
- request:
    body: ''
    headers:
      accept:
      - '*/*'
      accept-encoding:
      - gzip, deflate
      connection:
      - keep-alive
      host:
      - gizmok120.fhcrc.org:42381
      user-agent:
      - python-httpx/0.28.1
    method: GET
    uri: https://gizmok120.fhcrc.org:42381/api/workflows/v1/6ee0040b-9f5e-4879-928a-980b728ea148/metadata?includeKey=status&includeKey=failures&includeKey=jobId
  response:
    body:
      string: '{"status":"Submitted","calls":{},"id":"6ee0040b-9f5e-4879-928a-980b728ea148"}'
    headers:
      Connection:
      - keep-alive
      Content-Type:
      - application/json
      Date:
      - Sun, 26 Oct 2025 04:11:01 GMT
      Server:
      - nginx/1.25.3
      Transfer-Encoding:
      - chunked
      content-length:
      - '77'
    status:
      code: 200
      message: OK
- request:
    body: ''
    headers:
      accept:
      - '*/*'
      accept-encoding:
      - gzip, deflate
      connection:
      - keep-alive
      host:
      - gizmok120.fhcrc.org:42381
      user-agent:
      - python-httpx/0.28.1
    method: GET
    uri: https://gizmok120.fhcrc.org:42381/api/workflows/v1/6ee0040b-9f5e-4879-928a-980b728ea148/metadata?includeKey=status&includeKey=failures&includeKey=jobId
  response:
    body:
      string: '{"status":"Submitted","calls":{},"id":"6ee0040b-9f5e-4879-928a-980b728ea148"}'
    headers:
      Connection:
      - keep-alive
      Content-Type:
      - application/json
      Date:
      - Sun, 26 Oct 2025 04:11:06 GMT
      Server:
      - nginx/1.25.3
      Transfer-Encoding:
      - chunked
      content-length:
      - '77'
    status:
      code: 200
      message: OK
- request:
    body: ''
    headers:
      accept:
      - '*/*'
      accept-encoding:
      - gzip, deflate
      connection:
      - keep-alive
      host:
      - gizmok120.fhcrc.org:42381
      user-agent:
      - python-httpx/0.28.1
    method: GET
    uri: https://gizmok120.fhcrc.org:42381/api/workflows/v1/6ee0040b-9f5e-4879-928a-980b728ea148/metadata?includeKey=status&includeKey=failures&includeKey=jobId
  response:
    body:
      string: '{"status":"Submitted","calls":{},"id":"6ee0040b-9f5e-4879-928a-980b728ea148"}'
    headers:
      Connection:
      - keep-alive
      Content-Type:
      - application/json
      Date:
      - Sun, 26 Oct 2025 04:11:11 GMT
      Server:
      - nginx/1.25.3
      Transfer-Encoding:
      - chunked
      content-length:
      - '77'
    status:
      code: 200
      message: OK
- request:
    body: ''
    headers:
      accept:
      - '*/*'
      accept-encoding:
      - gzip, deflate
      connection:
      - keep-alive
      host:
      - gizmok120.fhcrc.org:42381
      user-agent:
      - python-httpx/0.28.1
    method: GET
    uri: https://gizmok120.fhcrc.org:42381/api/workflows/v1/6ee0040b-9f5e-4879-928a-980b728ea148/metadata?includeKey=status&includeKey=failures&includeKey=jobId
  response:
    body:
      string: '{"status":"Submitted","calls":{},"id":"6ee0040b-9f5e-4879-928a-980b728ea148"}'
    headers:
      Connection:
      - keep-alive
      Content-Type:
      - application/json
      Date:
      - Sun, 26 Oct 2025 04:11:16 GMT
      Server:
      - nginx/1.25.3
      Transfer-Encoding:
      - chunked
      content-length:
      - '77'
    status:
      code: 200
      message: OK
- request:
    body: ''
    headers:
      accept:
      - '*/*'
      accept-encoding:
      - gzip, deflate
      connection:
      - keep-alive
      host:
      - gizmok120.fhcrc.org:42381
      user-agent:
      - python-httpx/0.28.1
    method: GET
    uri: https://gizmok120.fhcrc.org:42381/api/workflows/v1/6ee0040b-9f5e-4879-928a-980b728ea148/metadata?includeKey=status&includeKey=failures&includeKey=jobId
  response:
    body:
      string: '{"status":"Submitted","calls":{},"id":"6ee0040b-9f5e-4879-928a-980b728ea148"}'
    headers:
      Connection:
      - keep-alive
      Content-Type:
      - application/json
      Date:
      - Sun, 26 Oct 2025 04:11:21 GMT
      Server:
      - nginx/1.25.3
      Transfer-Encoding:
      - chunked
      content-length:
      - '77'
    status:
      code: 200
      message: OK
- request:
    body: ''
    headers:
      accept:
      - '*/*'
      accept-encoding:
      - gzip, deflate
      connection:
      - keep-alive
      host:
      - gizmok120.fhcrc.org:42381
      user-agent:
      - python-httpx/0.28.1
    method: GET
    uri: https://gizmok120.fhcrc.org:42381/api/workflows/v1/6ee0040b-9f5e-4879-928a-980b728ea148/metadata?includeKey=status&includeKey=failures&includeKey=jobId
  response:
    body:
      string: '{"status":"Submitted","calls":{},"id":"6ee0040b-9f5e-4879-928a-980b728ea148"}'
    headers:
      Connection:
      - keep-alive
      Content-Type:
      - application/json
      Date:
      - Sun, 26 Oct 2025 04:11:26 GMT
      Server:
      - nginx/1.25.3
      Transfer-Encoding:
      - chunked
      content-length:
      - '77'
    status:
      code: 200
      message: OK
- request:
    body: ''
    headers:
      accept:
      - '*/*'
      accept-encoding:
      - gzip, deflate
      connection:
      - keep-alive
      host:
      - gizmok120.fhcrc.org:42381
      user-agent:
      - python-httpx/0.28.1
    method: GET
    uri: https://gizmok120.fhcrc.org:42381/api/workflows/v1/6ee0040b-9f5e-4879-928a-980b728ea148/metadata?includeKey=status&includeKey=failures&includeKey=jobId
  response:
    body:
      string: '{"status":"Submitted","calls":{},"id":"6ee0040b-9f5e-4879-928a-980b728ea148"}'
    headers:
      Connection:
      - keep-alive
      Content-Type:
      - application/json
      Date:
      - Sun, 26 Oct 2025 04:11:32 GMT
      Server:
      - nginx/1.25.3
      Transfer-Encoding:
      - chunked
      content-length:
      - '77'
    status:
      code: 200
      message: OK
- request:
    body: ''
    headers:
      accept:
      - '*/*'
      accept-encoding:
      - gzip, deflate
      connection:
      - keep-alive
      host:
      - gizmok120.fhcrc.org:42381
      user-agent:
      - python-httpx/0.28.1
    method: GET
    uri: https://gizmok120.fhcrc.org:42381/api/workflows/v1/6ee0040b-9f5e-4879-928a-980b728ea148/metadata?includeKey=status&includeKey=failures&includeKey=jobId
  response:
    body:
      string: '{"status":"Submitted","calls":{},"id":"6ee0040b-9f5e-4879-928a-980b728ea148"}'
    headers:
      Connection:
      - keep-alive
      Content-Type:
      - application/json
      Date:
      - Sun, 26 Oct 2025 04:11:37 GMT
      Server:
      - nginx/1.25.3
      Transfer-Encoding:
      - chunked
      content-length:
      - '77'
    status:
      code: 200
      message: OK
- request:
    body: ''
    headers:
      accept:
      - '*/*'
      accept-encoding:
      - gzip, deflate
      connection:
      - keep-alive
      host:
      - gizmok120.fhcrc.org:42381
      user-agent:
      - python-httpx/0.28.1
    method: GET
    uri: https://gizmok120.fhcrc.org:42381/api/workflows/v1/6ee0040b-9f5e-4879-928a-980b728ea148/metadata?includeKey=status&includeKey=failures&includeKey=jobId
  response:
    body:
      string: '{"status":"Submitted","calls":{},"id":"6ee0040b-9f5e-4879-928a-980b728ea148"}'
    headers:
      Connection:
      - keep-alive
      Content-Type:
      - application/json
      Date:
      - Sun, 26 Oct 2025 04:11:42 GMT
      Server:
      - nginx/1.25.3
      Transfer-Encoding:
      - chunked
      content-length:
      - '77'
    status:
      code: 200
      message: OK
- request:
    body: ''
    headers:
      accept:
      - '*/*'
      accept-encoding:
      - gzip, deflate
      connection:
      - keep-alive
      host:
      - gizmok120.fhcrc.org:42381
      user-agent:
      - python-httpx/0.28.1
    method: GET
    uri: https://gizmok120.fhcrc.org:42381/api/workflows/v1/6ee0040b-9f5e-4879-928a-980b728ea148/metadata?includeKey=status&includeKey=failures&includeKey=jobId
  response:
    body:
      string: '{"status":"Submitted","calls":{},"id":"6ee0040b-9f5e-4879-928a-980b728ea148"}'
    headers:
      Connection:
      - keep-alive
      Content-Type:
      - application/json
      Date:
      - Sun, 26 Oct 2025 04:11:47 GMT
      Server:
      - nginx/1.25.3
      Transfer-Encoding:
      - chunked
      content-length:
      - '77'
    status:
      code: 200
      message: OK
- request:
    body: ''
    headers:
      accept:
      - '*/*'
      accept-encoding:
      - gzip, deflate
      connection:
      - keep-alive
      host:
      - gizmok120.fhcrc.org:42381
      user-agent:
      - python-httpx/0.28.1
    method: GET
    uri: https://gizmok120.fhcrc.org:42381/api/workflows/v1/6ee0040b-9f5e-4879-928a-980b728ea148/metadata?includeKey=status&includeKey=failures&includeKey=jobId
  response:
    body:
      string: '{"status":"Submitted","calls":{},"id":"6ee0040b-9f5e-4879-928a-980b728ea148"}'
    headers:
      Connection:
      - keep-alive
      Content-Type:
      - application/json
      Date:
      - Sun, 26 Oct 2025 04:11:52 GMT
      Server:
      - nginx/1.25.3
      Transfer-Encoding:
      - chunked
      content-length:
      - '77'
    status:
      code: 200
      message: OK
- request:
    body: ''
    headers:
      accept:
      - '*/*'
      accept-encoding:
      - gzip, deflate
      connection:
      - keep-alive
      host:
      - gizmok120.fhcrc.org:42381
      user-agent:
      - python-httpx/0.28.1
    method: GET
    uri: https://gizmok120.fhcrc.org:42381/api/workflows/v1/6ee0040b-9f5e-4879-928a-980b728ea148/metadata?includeKey=status&includeKey=failures&includeKey=jobId
  response:
    body:
      string: '{"status":"Submitted","calls":{},"id":"6ee0040b-9f5e-4879-928a-980b728ea148"}'
    headers:
      Connection:
      - keep-alive
      Content-Type:
      - application/json
      Date:
      - Sun, 26 Oct 2025 04:11:57 GMT
      Server:
      - nginx/1.25.3
      Transfer-Encoding:
      - chunked
      content-length:
      - '77'
    status:
      code: 200
      message: OK
- request:
    body: ''
    headers:
      accept:
      - '*/*'
      accept-encoding:
      - gzip, deflate
      connection:
      - keep-alive
      host:
      - gizmok120.fhcrc.org:42381
      user-agent:
      - python-httpx/0.28.1
    method: GET
    uri: https://gizmok120.fhcrc.org:42381/api/workflows/v1/6ee0040b-9f5e-4879-928a-980b728ea148/metadata?includeKey=status&includeKey=failures&includeKey=jobId
  response:
    body:
      string: '{"status":"Submitted","calls":{},"id":"6ee0040b-9f5e-4879-928a-980b728ea148"}'
    headers:
      Connection:
      - keep-alive
      Content-Type:
      - application/json
      Date:
      - Sun, 26 Oct 2025 04:12:02 GMT
      Server:
      - nginx/1.25.3
      Transfer-Encoding:
      - chunked
      content-length:
      - '77'
    status:
      code: 200
      message: OK
- request:
    body: ''
    headers:
      accept:
      - '*/*'
      accept-encoding:
      - gzip, deflate
      connection:
      - keep-alive
      host:
      - gizmok120.fhcrc.org:42381
      user-agent:
      - python-httpx/0.28.1
    method: GET
    uri: https://gizmok120.fhcrc.org:42381/api/workflows/v1/6ee0040b-9f5e-4879-928a-980b728ea148/metadata?includeKey=status&includeKey=failures&includeKey=jobId
  response:
    body:
      string: '{"status":"Submitted","calls":{},"id":"6ee0040b-9f5e-4879-928a-980b728ea148"}'
    headers:
      Connection:
      - keep-alive
      Content-Type:
      - application/json
      Date:
      - Sun, 26 Oct 2025 04:12:07 GMT
      Server:
      - nginx/1.25.3
      Transfer-Encoding:
      - chunked
      content-length:
      - '77'
    status:
      code: 200
      message: OK
- request:
    body: ''
    headers:
      accept:
      - '*/*'
      accept-encoding:
      - gzip, deflate
      connection:
      - keep-alive
      host:
      - gizmok120.fhcrc.org:42381
      user-agent:
      - python-httpx/0.28.1
    method: GET
    uri: https://gizmok120.fhcrc.org:42381/api/workflows/v1/6ee0040b-9f5e-4879-928a-980b728ea148/metadata?includeKey=status&includeKey=failures&includeKey=jobId
  response:
    body:
      string: '{"status":"Submitted","calls":{},"id":"6ee0040b-9f5e-4879-928a-980b728ea148"}'
    headers:
      Connection:
      - keep-alive
      Content-Type:
      - application/json
      Date:
      - Sun, 26 Oct 2025 04:12:12 GMT
      Server:
      - nginx/1.25.3
      Transfer-Encoding:
      - chunked
      content-length:
      - '77'
    status:
      code: 200
      message: OK
- request:
    body: ''
    headers:
      accept:
      - '*/*'
      accept-encoding:
      - gzip, deflate
      connection:
      - keep-alive
      host:
      - gizmok120.fhcrc.org:42381
      user-agent:
      - python-httpx/0.28.1
    method: GET
    uri: https://gizmok120.fhcrc.org:42381/api/workflows/v1/6ee0040b-9f5e-4879-928a-980b728ea148/metadata?includeKey=status&includeKey=failures&includeKey=jobId
  response:
    body:
      string: '{"status":"Submitted","calls":{},"id":"6ee0040b-9f5e-4879-928a-980b728ea148"}'
    headers:
      Connection:
      - keep-alive
      Content-Type:
      - application/json
      Date:
      - Sun, 26 Oct 2025 04:12:17 GMT
      Server:
      - nginx/1.25.3
      Transfer-Encoding:
      - chunked
      content-length:
      - '77'
    status:
      code: 200
      message: OK
- request:
    body: ''
    headers:
      accept:
      - '*/*'
      accept-encoding:
      - gzip, deflate
      connection:
      - keep-alive
      host:
      - gizmok120.fhcrc.org:42381
      user-agent:
      - python-httpx/0.28.1
    method: GET
    uri: https://gizmok120.fhcrc.org:42381/api/workflows/v1/6ee0040b-9f5e-4879-928a-980b728ea148/metadata?includeKey=status&includeKey=failures&includeKey=jobId
  response:
    body:
      string: '{"status":"Submitted","calls":{},"id":"6ee0040b-9f5e-4879-928a-980b728ea148"}'
    headers:
      Connection:
      - keep-alive
      Content-Type:
      - application/json
      Date:
      - Sun, 26 Oct 2025 04:12:22 GMT
      Server:
      - nginx/1.25.3
      Transfer-Encoding:
      - chunked
      content-length:
      - '77'
    status:
      code: 200
      message: OK
- request:
    body: ''
    headers:
      accept:
      - '*/*'
      accept-encoding:
      - gzip, deflate
      connection:
      - keep-alive
      host:
      - gizmok120.fhcrc.org:42381
      user-agent:
      - python-httpx/0.28.1
    method: GET
    uri: https://gizmok120.fhcrc.org:42381/api/workflows/v1/6ee0040b-9f5e-4879-928a-980b728ea148/metadata?includeKey=status&includeKey=failures&includeKey=jobId
  response:
    body:
      string: '{"status":"Submitted","calls":{},"id":"6ee0040b-9f5e-4879-928a-980b728ea148"}'
    headers:
      Connection:
      - keep-alive
      Content-Type:
      - application/json
      Date:
      - Sun, 26 Oct 2025 04:12:27 GMT
      Server:
      - nginx/1.25.3
      Transfer-Encoding:
      - chunked
      content-length:
      - '77'
    status:
      code: 200
      message: OK
- request:
    body: ''
    headers:
      accept:
      - '*/*'
      accept-encoding:
      - gzip, deflate
      connection:
      - keep-alive
      host:
      - gizmok120.fhcrc.org:42381
      user-agent:
      - python-httpx/0.28.1
    method: GET
    uri: https://gizmok120.fhcrc.org:42381/api/workflows/v1/6ee0040b-9f5e-4879-928a-980b728ea148/metadata?includeKey=status&includeKey=failures&includeKey=jobId
  response:
    body:
      string: '{"status":"Submitted","calls":{},"id":"6ee0040b-9f5e-4879-928a-980b728ea148"}'
    headers:
      Connection:
      - keep-alive
      Content-Type:
      - application/json
      Date:
      - Sun, 26 Oct 2025 04:12:32 GMT
      Server:
      - nginx/1.25.3
      Transfer-Encoding:
      - chunked
      content-length:
      - '77'
    status:
      code: 200
      message: OK
- request:
    body: ''
    headers:
      accept:
      - '*/*'
      accept-encoding:
      - gzip, deflate
      connection:
      - keep-alive
      host:
      - gizmok120.fhcrc.org:42381
      user-agent:
      - python-httpx/0.28.1
    method: GET
    uri: https://gizmok120.fhcrc.org:42381/api/workflows/v1/6ee0040b-9f5e-4879-928a-980b728ea148/metadata?includeKey=status&includeKey=failures&includeKey=jobId
  response:
    body:
      string: '{"status":"Submitted","calls":{},"id":"6ee0040b-9f5e-4879-928a-980b728ea148"}'
    headers:
      Connection:
      - keep-alive
      Content-Type:
      - application/json
      Date:
      - Sun, 26 Oct 2025 04:12:38 GMT
      Server:
      - nginx/1.25.3
      Transfer-Encoding:
      - chunked
      content-length:
      - '77'
    status:
      code: 200
      message: OK
- request:
    body: ''
    headers:
      accept:
      - '*/*'
      accept-encoding:
      - gzip, deflate
      connection:
      - keep-alive
      host:
      - gizmok120.fhcrc.org:42381
      user-agent:
      - python-httpx/0.28.1
    method: GET
    uri: https://gizmok120.fhcrc.org:42381/api/workflows/v1/6ee0040b-9f5e-4879-928a-980b728ea148/metadata?includeKey=status&includeKey=failures&includeKey=jobId
  response:
    body:
      string: '{"status":"Submitted","calls":{},"id":"6ee0040b-9f5e-4879-928a-980b728ea148"}'
    headers:
      Connection:
      - keep-alive
      Content-Type:
      - application/json
      Date:
      - Sun, 26 Oct 2025 04:12:43 GMT
      Server:
      - nginx/1.25.3
      Transfer-Encoding:
      - chunked
      content-length:
      - '77'
    status:
      code: 200
      message: OK
- request:
    body: ''
    headers:
      accept:
      - '*/*'
      accept-encoding:
      - gzip, deflate
      connection:
      - keep-alive
      host:
      - gizmok120.fhcrc.org:42381
      user-agent:
      - python-httpx/0.28.1
    method: GET
    uri: https://gizmok120.fhcrc.org:42381/api/workflows/v1/6ee0040b-9f5e-4879-928a-980b728ea148/metadata?includeKey=status&includeKey=failures&includeKey=jobId
  response:
    body:
      string: '{"status":"Submitted","calls":{},"id":"6ee0040b-9f5e-4879-928a-980b728ea148"}'
    headers:
      Connection:
      - keep-alive
      Content-Type:
      - application/json
      Date:
      - Sun, 26 Oct 2025 04:12:48 GMT
      Server:
      - nginx/1.25.3
      Transfer-Encoding:
      - chunked
      content-length:
      - '77'
    status:
      code: 200
      message: OK
- request:
    body: ''
    headers:
      accept:
      - '*/*'
      accept-encoding:
      - gzip, deflate
      connection:
      - keep-alive
      host:
      - gizmok120.fhcrc.org:42381
      user-agent:
      - python-httpx/0.28.1
    method: GET
    uri: https://gizmok120.fhcrc.org:42381/api/workflows/v1/6ee0040b-9f5e-4879-928a-980b728ea148/metadata?includeKey=status&includeKey=failures&includeKey=jobId
  response:
    body:
      string: '{"status":"Submitted","calls":{},"id":"6ee0040b-9f5e-4879-928a-980b728ea148"}'
    headers:
      Connection:
      - keep-alive
      Content-Type:
      - application/json
      Date:
      - Sun, 26 Oct 2025 04:12:53 GMT
      Server:
      - nginx/1.25.3
      Transfer-Encoding:
      - chunked
      content-length:
      - '77'
    status:
      code: 200
      message: OK
- request:
    body: ''
    headers:
      accept:
      - '*/*'
      accept-encoding:
      - gzip, deflate
      connection:
      - keep-alive
      host:
      - gizmok120.fhcrc.org:42381
      user-agent:
      - python-httpx/0.28.1
    method: GET
    uri: https://gizmok120.fhcrc.org:42381/api/workflows/v1/6ee0040b-9f5e-4879-928a-980b728ea148/metadata?includeKey=status&includeKey=failures&includeKey=jobId
  response:
    body:
      string: '{"status":"Submitted","calls":{},"id":"6ee0040b-9f5e-4879-928a-980b728ea148"}'
    headers:
      Connection:
      - keep-alive
      Content-Type:
      - application/json
      Date:
      - Sun, 26 Oct 2025 04:12:58 GMT
      Server:
      - nginx/1.25.3
      Transfer-Encoding:
      - chunked
      content-length:
      - '77'
    status:
      code: 200
      message: OK
- request:
    body: ''
    headers:
      accept:
      - '*/*'
      accept-encoding:
      - gzip, deflate
      connection:
      - keep-alive
      host:
      - gizmok120.fhcrc.org:42381
      user-agent:
      - python-httpx/0.28.1
    method: GET
    uri: https://gizmok120.fhcrc.org:42381/api/workflows/v1/6ee0040b-9f5e-4879-928a-980b728ea148/metadata?includeKey=status&includeKey=failures&includeKey=jobId
  response:
    body:
      string: '{"status":"Submitted","calls":{},"id":"6ee0040b-9f5e-4879-928a-980b728ea148"}'
    headers:
      Connection:
      - keep-alive
      Content-Type:
      - application/json
      Date:
      - Sun, 26 Oct 2025 04:13:03 GMT
      Server:
      - nginx/1.25.3
      Transfer-Encoding:
      - chunked
      content-length:
      - '77'
    status:
      code: 200
      message: OK
- request:
    body: ''
    headers:
      accept:
      - '*/*'
      accept-encoding:
      - gzip, deflate
      connection:
      - keep-alive
      host:
      - gizmok120.fhcrc.org:42381
      user-agent:
      - python-httpx/0.28.1
    method: GET
    uri: https://gizmok120.fhcrc.org:42381/api/workflows/v1/6ee0040b-9f5e-4879-928a-980b728ea148/metadata?includeKey=status&includeKey=failures&includeKey=jobId
  response:
    body:
      string: '{"status":"Submitted","calls":{},"id":"6ee0040b-9f5e-4879-928a-980b728ea148"}'
    headers:
      Connection:
      - keep-alive
      Content-Type:
      - application/json
      Date:
      - Sun, 26 Oct 2025 04:13:08 GMT
      Server:
      - nginx/1.25.3
      Transfer-Encoding:
      - chunked
      content-length:
      - '77'
    status:
      code: 200
      message: OK
- request:
    body: ''
    headers:
      accept:
      - '*/*'
      accept-encoding:
      - gzip, deflate
      connection:
      - keep-alive
      host:
      - gizmok120.fhcrc.org:42381
      user-agent:
      - python-httpx/0.28.1
    method: GET
    uri: https://gizmok120.fhcrc.org:42381/api/workflows/v1/6ee0040b-9f5e-4879-928a-980b728ea148/metadata?includeKey=status&includeKey=failures&includeKey=jobId
  response:
    body:
      string: '{"status":"Submitted","calls":{},"id":"6ee0040b-9f5e-4879-928a-980b728ea148"}'
    headers:
      Connection:
      - keep-alive
      Content-Type:
      - application/json
      Date:
      - Sun, 26 Oct 2025 04:13:13 GMT
      Server:
      - nginx/1.25.3
      Transfer-Encoding:
      - chunked
      content-length:
      - '77'
    status:
      code: 200
      message: OK
- request:
    body: ''
    headers:
      accept:
      - '*/*'
      accept-encoding:
      - gzip, deflate
      connection:
      - keep-alive
      host:
      - gizmok120.fhcrc.org:42381
      user-agent:
      - python-httpx/0.28.1
    method: GET
    uri: https://gizmok120.fhcrc.org:42381/api/workflows/v1/6ee0040b-9f5e-4879-928a-980b728ea148/metadata?includeKey=status&includeKey=failures&includeKey=jobId
  response:
    body:
      string: '{"status":"Submitted","calls":{},"id":"6ee0040b-9f5e-4879-928a-980b728ea148"}'
    headers:
      Connection:
      - keep-alive
      Content-Type:
      - application/json
      Date:
      - Sun, 26 Oct 2025 04:13:18 GMT
      Server:
      - nginx/1.25.3
      Transfer-Encoding:
      - chunked
      content-length:
      - '77'
    status:
      code: 200
      message: OK
- request:
    body: ''
    headers:
      accept:
      - '*/*'
      accept-encoding:
      - gzip, deflate
      connection:
      - keep-alive
      host:
      - gizmok120.fhcrc.org:42381
      user-agent:
      - python-httpx/0.28.1
    method: GET
    uri: https://gizmok120.fhcrc.org:42381/api/workflows/v1/6ee0040b-9f5e-4879-928a-980b728ea148/metadata?includeKey=status&includeKey=failures&includeKey=jobId
  response:
    body:
      string: '{"status":"Submitted","calls":{},"id":"6ee0040b-9f5e-4879-928a-980b728ea148"}'
    headers:
      Connection:
      - keep-alive
      Content-Type:
      - application/json
      Date:
      - Sun, 26 Oct 2025 04:13:23 GMT
      Server:
      - nginx/1.25.3
      Transfer-Encoding:
      - chunked
      content-length:
      - '77'
    status:
      code: 200
      message: OK
- request:
    body: ''
    headers:
      accept:
      - '*/*'
      accept-encoding:
      - gzip, deflate
      connection:
      - keep-alive
      host:
      - gizmok120.fhcrc.org:42381
      user-agent:
      - python-httpx/0.28.1
    method: GET
    uri: https://gizmok120.fhcrc.org:42381/api/workflows/v1/6ee0040b-9f5e-4879-928a-980b728ea148/metadata?includeKey=status&includeKey=failures&includeKey=jobId
  response:
    body:
      string: '{"status":"Submitted","calls":{},"id":"6ee0040b-9f5e-4879-928a-980b728ea148"}'
    headers:
      Connection:
      - keep-alive
      Content-Type:
      - application/json
      Date:
      - Sun, 26 Oct 2025 04:13:28 GMT
      Server:
      - nginx/1.25.3
      Transfer-Encoding:
      - chunked
      content-length:
      - '77'
    status:
      code: 200
      message: OK
- request:
    body: ''
    headers:
      accept:
      - '*/*'
      accept-encoding:
      - gzip, deflate
      connection:
      - keep-alive
      host:
      - gizmok120.fhcrc.org:42381
      user-agent:
      - python-httpx/0.28.1
    method: GET
    uri: https://gizmok120.fhcrc.org:42381/api/workflows/v1/6ee0040b-9f5e-4879-928a-980b728ea148/metadata?includeKey=status&includeKey=failures&includeKey=jobId
  response:
    body:
      string: '{"status":"Submitted","calls":{},"id":"6ee0040b-9f5e-4879-928a-980b728ea148"}'
    headers:
      Connection:
      - keep-alive
      Content-Type:
      - application/json
      Date:
      - Sun, 26 Oct 2025 04:13:33 GMT
      Server:
      - nginx/1.25.3
      Transfer-Encoding:
      - chunked
      content-length:
      - '77'
    status:
      code: 200
      message: OK
- request:
    body: ''
    headers:
      accept:
      - '*/*'
      accept-encoding:
      - gzip, deflate
      connection:
      - keep-alive
      host:
      - gizmok120.fhcrc.org:42381
      user-agent:
      - python-httpx/0.28.1
    method: GET
    uri: https://gizmok120.fhcrc.org:42381/api/workflows/v1/6ee0040b-9f5e-4879-928a-980b728ea148/metadata?includeKey=status&includeKey=failures&includeKey=jobId
  response:
    body:
      string: '{"status":"Submitted","calls":{},"id":"6ee0040b-9f5e-4879-928a-980b728ea148"}'
    headers:
      Connection:
      - keep-alive
      Content-Type:
      - application/json
      Date:
      - Sun, 26 Oct 2025 04:13:38 GMT
      Server:
      - nginx/1.25.3
      Transfer-Encoding:
      - chunked
      content-length:
      - '77'
    status:
      code: 200
      message: OK
- request:
    body: ''
    headers:
      accept:
      - '*/*'
      accept-encoding:
      - gzip, deflate
      connection:
      - keep-alive
      host:
      - gizmok120.fhcrc.org:42381
      user-agent:
      - python-httpx/0.28.1
    method: GET
    uri: https://gizmok120.fhcrc.org:42381/api/workflows/v1/6ee0040b-9f5e-4879-928a-980b728ea148/metadata?includeKey=status&includeKey=failures&includeKey=jobId
  response:
    body:
      string: '{"status":"Submitted","calls":{},"id":"6ee0040b-9f5e-4879-928a-980b728ea148"}'
    headers:
      Connection:
      - keep-alive
      Content-Type:
      - application/json
      Date:
      - Sun, 26 Oct 2025 04:13:43 GMT
      Server:
      - nginx/1.25.3
      Transfer-Encoding:
      - chunked
      content-length:
      - '77'
    status:
      code: 200
      message: OK
- request:
    body: ''
    headers:
      accept:
      - '*/*'
      accept-encoding:
      - gzip, deflate
      connection:
      - keep-alive
      host:
      - gizmok120.fhcrc.org:42381
      user-agent:
      - python-httpx/0.28.1
    method: GET
    uri: https://gizmok120.fhcrc.org:42381/api/workflows/v1/6ee0040b-9f5e-4879-928a-980b728ea148/metadata?includeKey=status&includeKey=failures&includeKey=jobId
  response:
    body:
      string: '{"status":"Submitted","calls":{},"id":"6ee0040b-9f5e-4879-928a-980b728ea148"}'
    headers:
      Connection:
      - keep-alive
      Content-Type:
      - application/json
      Date:
      - Sun, 26 Oct 2025 04:13:49 GMT
      Server:
      - nginx/1.25.3
      Transfer-Encoding:
      - chunked
      content-length:
      - '77'
    status:
      code: 200
      message: OK
- request:
    body: ''
    headers:
      accept:
      - '*/*'
      accept-encoding:
      - gzip, deflate
      connection:
      - keep-alive
      host:
      - gizmok120.fhcrc.org:42381
      user-agent:
      - python-httpx/0.28.1
    method: GET
    uri: https://gizmok120.fhcrc.org:42381/api/workflows/v1/6ee0040b-9f5e-4879-928a-980b728ea148/metadata?includeKey=status&includeKey=failures&includeKey=jobId
  response:
    body:
      string: '{"status":"Submitted","calls":{},"id":"6ee0040b-9f5e-4879-928a-980b728ea148"}'
    headers:
      Connection:
      - keep-alive
      Content-Type:
      - application/json
      Date:
      - Sun, 26 Oct 2025 04:13:54 GMT
      Server:
      - nginx/1.25.3
      Transfer-Encoding:
      - chunked
      content-length:
      - '77'
    status:
      code: 200
      message: OK
- request:
    body: ''
    headers:
      accept:
      - '*/*'
      accept-encoding:
      - gzip, deflate
      connection:
      - keep-alive
      host:
      - gizmok120.fhcrc.org:42381
      user-agent:
      - python-httpx/0.28.1
    method: GET
    uri: https://gizmok120.fhcrc.org:42381/api/workflows/v1/6ee0040b-9f5e-4879-928a-980b728ea148/metadata?includeKey=status&includeKey=failures&includeKey=jobId
  response:
    body:
      string: '{"status":"Submitted","calls":{},"id":"6ee0040b-9f5e-4879-928a-980b728ea148"}'
    headers:
      Connection:
      - keep-alive
      Content-Type:
      - application/json
      Date:
      - Sun, 26 Oct 2025 04:13:59 GMT
      Server:
      - nginx/1.25.3
      Transfer-Encoding:
      - chunked
      content-length:
      - '77'
    status:
      code: 200
      message: OK
- request:
    body: ''
    headers:
      accept:
      - '*/*'
      accept-encoding:
      - gzip, deflate
      connection:
      - keep-alive
      host:
      - gizmok120.fhcrc.org:42381
      user-agent:
      - python-httpx/0.28.1
    method: GET
    uri: https://gizmok120.fhcrc.org:42381/api/workflows/v1/6ee0040b-9f5e-4879-928a-980b728ea148/metadata?includeKey=status&includeKey=failures&includeKey=jobId
  response:
    body:
      string: '{"status":"Submitted","calls":{},"id":"6ee0040b-9f5e-4879-928a-980b728ea148"}'
    headers:
      Connection:
      - keep-alive
      Content-Type:
      - application/json
      Date:
      - Sun, 26 Oct 2025 04:14:04 GMT
      Server:
      - nginx/1.25.3
      Transfer-Encoding:
      - chunked
      content-length:
      - '77'
    status:
      code: 200
      message: OK
- request:
    body: ''
    headers:
      accept:
      - '*/*'
      accept-encoding:
      - gzip, deflate
      connection:
      - keep-alive
      host:
      - gizmok120.fhcrc.org:42381
      user-agent:
      - python-httpx/0.28.1
    method: GET
    uri: https://gizmok120.fhcrc.org:42381/api/workflows/v1/6ee0040b-9f5e-4879-928a-980b728ea148/metadata?includeKey=status&includeKey=failures&includeKey=jobId
  response:
    body:
      string: '{"status":"Submitted","calls":{},"id":"6ee0040b-9f5e-4879-928a-980b728ea148"}'
    headers:
      Connection:
      - keep-alive
      Content-Type:
      - application/json
      Date:
      - Sun, 26 Oct 2025 04:14:09 GMT
      Server:
      - nginx/1.25.3
      Transfer-Encoding:
      - chunked
      content-length:
      - '77'
    status:
      code: 200
      message: OK
- request:
    body: ''
    headers:
      accept:
      - '*/*'
      accept-encoding:
      - gzip, deflate
      connection:
      - keep-alive
      host:
      - gizmok120.fhcrc.org:42381
      user-agent:
      - python-httpx/0.28.1
    method: GET
    uri: https://gizmok120.fhcrc.org:42381/api/workflows/v1/6ee0040b-9f5e-4879-928a-980b728ea148/metadata?includeKey=status&includeKey=failures&includeKey=jobId
  response:
    body:
      string: '{"status":"Submitted","calls":{},"id":"6ee0040b-9f5e-4879-928a-980b728ea148"}'
    headers:
      Connection:
      - keep-alive
      Content-Type:
      - application/json
      Date:
      - Sun, 26 Oct 2025 04:14:14 GMT
      Server:
      - nginx/1.25.3
      Transfer-Encoding:
      - chunked
      content-length:
      - '77'
    status:
      code: 200
      message: OK
- request:
    body: ''
    headers:
      accept:
      - '*/*'
      accept-encoding:
      - gzip, deflate
      connection:
      - keep-alive
      host:
      - gizmok120.fhcrc.org:42381
      user-agent:
      - python-httpx/0.28.1
    method: GET
    uri: https://gizmok120.fhcrc.org:42381/api/workflows/v1/6ee0040b-9f5e-4879-928a-980b728ea148/metadata?includeKey=status&includeKey=failures&includeKey=jobId
  response:
    body:
      string: '{"status":"Submitted","calls":{},"id":"6ee0040b-9f5e-4879-928a-980b728ea148"}'
    headers:
      Connection:
      - keep-alive
      Content-Type:
      - application/json
      Date:
      - Sun, 26 Oct 2025 04:14:19 GMT
      Server:
      - nginx/1.25.3
      Transfer-Encoding:
      - chunked
      content-length:
      - '77'
    status:
      code: 200
      message: OK
- request:
    body: ''
    headers:
      accept:
      - '*/*'
      accept-encoding:
      - gzip, deflate
      connection:
      - keep-alive
      host:
      - gizmok120.fhcrc.org:42381
      user-agent:
      - python-httpx/0.28.1
    method: GET
    uri: https://gizmok120.fhcrc.org:42381/api/workflows/v1/6ee0040b-9f5e-4879-928a-980b728ea148/metadata?includeKey=status&includeKey=failures&includeKey=jobId
  response:
    body:
      string: '{"status":"Submitted","calls":{},"id":"6ee0040b-9f5e-4879-928a-980b728ea148"}'
    headers:
      Connection:
      - keep-alive
      Content-Type:
      - application/json
      Date:
      - Sun, 26 Oct 2025 04:14:24 GMT
      Server:
      - nginx/1.25.3
      Transfer-Encoding:
      - chunked
      content-length:
      - '77'
    status:
      code: 200
      message: OK
- request:
    body: ''
    headers:
      accept:
      - '*/*'
      accept-encoding:
      - gzip, deflate
      connection:
      - keep-alive
      host:
      - gizmok120.fhcrc.org:42381
      user-agent:
      - python-httpx/0.28.1
    method: GET
    uri: https://gizmok120.fhcrc.org:42381/api/workflows/v1/6ee0040b-9f5e-4879-928a-980b728ea148/metadata?includeKey=status&includeKey=failures&includeKey=jobId
  response:
    body:
      string: '{"status":"Submitted","calls":{},"id":"6ee0040b-9f5e-4879-928a-980b728ea148"}'
    headers:
      Connection:
      - keep-alive
      Content-Type:
      - application/json
      Date:
      - Sun, 26 Oct 2025 04:14:29 GMT
      Server:
      - nginx/1.25.3
      Transfer-Encoding:
      - chunked
      content-length:
      - '77'
    status:
      code: 200
      message: OK
- request:
    body: ''
    headers:
      accept:
      - '*/*'
      accept-encoding:
      - gzip, deflate
      connection:
      - keep-alive
      host:
      - gizmok120.fhcrc.org:42381
      user-agent:
      - python-httpx/0.28.1
    method: GET
    uri: https://gizmok120.fhcrc.org:42381/api/workflows/v1/6ee0040b-9f5e-4879-928a-980b728ea148/metadata?includeKey=status&includeKey=failures&includeKey=jobId
  response:
    body:
      string: '{"status":"Submitted","calls":{},"id":"6ee0040b-9f5e-4879-928a-980b728ea148"}'
    headers:
      Connection:
      - keep-alive
      Content-Type:
      - application/json
      Date:
      - Sun, 26 Oct 2025 04:14:34 GMT
      Server:
      - nginx/1.25.3
      Transfer-Encoding:
      - chunked
      content-length:
      - '77'
    status:
      code: 200
      message: OK
- request:
    body: ''
    headers:
      accept:
      - '*/*'
      accept-encoding:
      - gzip, deflate
      connection:
      - keep-alive
      host:
      - gizmok120.fhcrc.org:42381
      user-agent:
      - python-httpx/0.28.1
    method: GET
    uri: https://gizmok120.fhcrc.org:42381/api/workflows/v1/6ee0040b-9f5e-4879-928a-980b728ea148/metadata?includeKey=status&includeKey=failures&includeKey=jobId
  response:
    body:
      string: '{"status":"Submitted","calls":{},"id":"6ee0040b-9f5e-4879-928a-980b728ea148"}'
    headers:
      Connection:
      - keep-alive
      Content-Type:
      - application/json
      Date:
      - Sun, 26 Oct 2025 04:14:39 GMT
      Server:
      - nginx/1.25.3
      Transfer-Encoding:
      - chunked
      content-length:
      - '77'
    status:
      code: 200
      message: OK
- request:
    body: ''
    headers:
      accept:
      - '*/*'
      accept-encoding:
      - gzip, deflate
      connection:
      - keep-alive
      host:
      - gizmok120.fhcrc.org:42381
      user-agent:
      - python-httpx/0.28.1
    method: GET
    uri: https://gizmok120.fhcrc.org:42381/api/workflows/v1/6ee0040b-9f5e-4879-928a-980b728ea148/metadata?includeKey=status&includeKey=failures&includeKey=jobId
  response:
    body:
      string: '{"status":"Submitted","calls":{},"id":"6ee0040b-9f5e-4879-928a-980b728ea148"}'
    headers:
      Connection:
      - keep-alive
      Content-Type:
      - application/json
      Date:
      - Sun, 26 Oct 2025 04:14:44 GMT
      Server:
      - nginx/1.25.3
      Transfer-Encoding:
      - chunked
      content-length:
      - '77'
    status:
      code: 200
      message: OK
- request:
    body: ''
    headers:
      accept:
      - '*/*'
      accept-encoding:
      - gzip, deflate
      connection:
      - keep-alive
      host:
      - gizmok120.fhcrc.org:42381
      user-agent:
      - python-httpx/0.28.1
    method: GET
    uri: https://gizmok120.fhcrc.org:42381/api/workflows/v1/6ee0040b-9f5e-4879-928a-980b728ea148/metadata?includeKey=status&includeKey=failures&includeKey=jobId
  response:
    body:
      string: '{"status":"Submitted","calls":{},"id":"6ee0040b-9f5e-4879-928a-980b728ea148"}'
    headers:
      Connection:
      - keep-alive
      Content-Type:
      - application/json
      Date:
      - Sun, 26 Oct 2025 04:14:49 GMT
      Server:
      - nginx/1.25.3
      Transfer-Encoding:
      - chunked
      content-length:
      - '77'
    status:
      code: 200
      message: OK
- request:
    body: ''
    headers:
      accept:
      - '*/*'
      accept-encoding:
      - gzip, deflate
      connection:
      - keep-alive
      host:
      - gizmok120.fhcrc.org:42381
      user-agent:
      - python-httpx/0.28.1
    method: GET
    uri: https://gizmok120.fhcrc.org:42381/api/workflows/v1/6ee0040b-9f5e-4879-928a-980b728ea148/metadata?includeKey=status&includeKey=failures&includeKey=jobId
  response:
    body:
      string: '{"status":"Submitted","calls":{},"id":"6ee0040b-9f5e-4879-928a-980b728ea148"}'
    headers:
      Connection:
      - keep-alive
      Content-Type:
      - application/json
      Date:
      - Sun, 26 Oct 2025 04:14:55 GMT
      Server:
      - nginx/1.25.3
      Transfer-Encoding:
      - chunked
      content-length:
      - '77'
    status:
      code: 200
      message: OK
- request:
    body: ''
    headers:
      accept:
      - '*/*'
      accept-encoding:
      - gzip, deflate
      connection:
      - keep-alive
      host:
      - gizmok120.fhcrc.org:42381
      user-agent:
      - python-httpx/0.28.1
    method: GET
    uri: https://gizmok120.fhcrc.org:42381/api/workflows/v1/6ee0040b-9f5e-4879-928a-980b728ea148/metadata?includeKey=status&includeKey=failures&includeKey=jobId
  response:
    body:
      string: '{"status":"Submitted","calls":{},"id":"6ee0040b-9f5e-4879-928a-980b728ea148"}'
    headers:
      Connection:
      - keep-alive
      Content-Type:
      - application/json
      Date:
      - Sun, 26 Oct 2025 04:15:00 GMT
      Server:
      - nginx/1.25.3
      Transfer-Encoding:
      - chunked
      content-length:
      - '77'
    status:
      code: 200
      message: OK
- request:
    body: ''
    headers:
      accept:
      - '*/*'
      accept-encoding:
      - gzip, deflate
      connection:
      - keep-alive
      host:
      - gizmok120.fhcrc.org:42381
      user-agent:
      - python-httpx/0.28.1
    method: GET
    uri: https://gizmok120.fhcrc.org:42381/api/workflows/v1/6ee0040b-9f5e-4879-928a-980b728ea148/metadata?includeKey=status&includeKey=failures&includeKey=jobId
  response:
    body:
      string: '{"status":"Submitted","calls":{},"id":"6ee0040b-9f5e-4879-928a-980b728ea148"}'
    headers:
      Connection:
      - keep-alive
      Content-Type:
      - application/json
      Date:
      - Sun, 26 Oct 2025 04:15:05 GMT
      Server:
      - nginx/1.25.3
      Transfer-Encoding:
      - chunked
      content-length:
      - '77'
    status:
      code: 200
      message: OK
- request:
    body: ''
    headers:
      accept:
      - '*/*'
      accept-encoding:
      - gzip, deflate
      connection:
      - keep-alive
      host:
      - gizmok120.fhcrc.org:42381
      user-agent:
      - python-httpx/0.28.1
    method: GET
    uri: https://gizmok120.fhcrc.org:42381/api/workflows/v1/6ee0040b-9f5e-4879-928a-980b728ea148/metadata?includeKey=status&includeKey=failures&includeKey=jobId
  response:
    body:
      string: '{"status":"Submitted","calls":{},"id":"6ee0040b-9f5e-4879-928a-980b728ea148"}'
    headers:
      Connection:
      - keep-alive
      Content-Type:
      - application/json
      Date:
      - Sun, 26 Oct 2025 04:15:10 GMT
      Server:
      - nginx/1.25.3
      Transfer-Encoding:
      - chunked
      content-length:
      - '77'
    status:
      code: 200
      message: OK
- request:
    body: ''
    headers:
      accept:
      - '*/*'
      accept-encoding:
      - gzip, deflate
      connection:
      - keep-alive
      host:
      - gizmok120.fhcrc.org:42381
      user-agent:
      - python-httpx/0.28.1
    method: GET
    uri: https://gizmok120.fhcrc.org:42381/api/workflows/v1/6ee0040b-9f5e-4879-928a-980b728ea148/metadata?includeKey=status&includeKey=failures&includeKey=jobId
  response:
    body:
      string: '{"status":"Submitted","calls":{},"id":"6ee0040b-9f5e-4879-928a-980b728ea148"}'
    headers:
      Connection:
      - keep-alive
      Content-Type:
      - application/json
      Date:
      - Sun, 26 Oct 2025 04:15:15 GMT
      Server:
      - nginx/1.25.3
      Transfer-Encoding:
      - chunked
      content-length:
      - '77'
    status:
      code: 200
      message: OK
- request:
    body: ''
    headers:
      accept:
      - '*/*'
      accept-encoding:
      - gzip, deflate
      connection:
      - keep-alive
      host:
      - gizmok120.fhcrc.org:42381
      user-agent:
      - python-httpx/0.28.1
    method: GET
    uri: https://gizmok120.fhcrc.org:42381/api/workflows/v1/6ee0040b-9f5e-4879-928a-980b728ea148/metadata?includeKey=status&includeKey=failures&includeKey=jobId
  response:
    body:
      string: '{"status":"Submitted","calls":{},"id":"6ee0040b-9f5e-4879-928a-980b728ea148"}'
    headers:
      Connection:
      - keep-alive
      Content-Type:
      - application/json
      Date:
      - Sun, 26 Oct 2025 04:15:20 GMT
      Server:
      - nginx/1.25.3
      Transfer-Encoding:
      - chunked
      content-length:
      - '77'
    status:
      code: 200
      message: OK
- request:
    body: ''
    headers:
      accept:
      - '*/*'
      accept-encoding:
      - gzip, deflate
      connection:
      - keep-alive
      host:
      - gizmok120.fhcrc.org:42381
      user-agent:
      - python-httpx/0.28.1
    method: GET
    uri: https://gizmok120.fhcrc.org:42381/api/workflows/v1/6ee0040b-9f5e-4879-928a-980b728ea148/metadata?includeKey=status&includeKey=failures&includeKey=jobId
  response:
    body:
      string: '{"status":"Submitted","calls":{},"id":"6ee0040b-9f5e-4879-928a-980b728ea148"}'
    headers:
      Connection:
      - keep-alive
      Content-Type:
      - application/json
      Date:
      - Sun, 26 Oct 2025 04:15:25 GMT
      Server:
      - nginx/1.25.3
      Transfer-Encoding:
      - chunked
      content-length:
      - '77'
    status:
      code: 200
      message: OK
- request:
    body: ''
    headers:
      accept:
      - '*/*'
      accept-encoding:
      - gzip, deflate
      connection:
      - keep-alive
      host:
      - gizmok120.fhcrc.org:42381
      user-agent:
      - python-httpx/0.28.1
    method: GET
    uri: https://gizmok120.fhcrc.org:42381/api/workflows/v1/6ee0040b-9f5e-4879-928a-980b728ea148/metadata?includeKey=status&includeKey=failures&includeKey=jobId
  response:
    body:
      string: '{"status":"Submitted","calls":{},"id":"6ee0040b-9f5e-4879-928a-980b728ea148"}'
    headers:
      Connection:
      - keep-alive
      Content-Type:
      - application/json
      Date:
      - Sun, 26 Oct 2025 04:15:30 GMT
      Server:
      - nginx/1.25.3
      Transfer-Encoding:
      - chunked
      content-length:
      - '77'
    status:
      code: 200
      message: OK
- request:
    body: ''
    headers:
      accept:
      - '*/*'
      accept-encoding:
      - gzip, deflate
      connection:
      - keep-alive
      host:
      - gizmok120.fhcrc.org:42381
      user-agent:
      - python-httpx/0.28.1
    method: GET
    uri: https://gizmok120.fhcrc.org:42381/api/workflows/v1/6ee0040b-9f5e-4879-928a-980b728ea148/metadata?includeKey=status&includeKey=failures&includeKey=jobId
  response:
    body:
      string: '{"status":"Submitted","calls":{},"id":"6ee0040b-9f5e-4879-928a-980b728ea148"}'
    headers:
      Connection:
      - keep-alive
      Content-Type:
      - application/json
      Date:
      - Sun, 26 Oct 2025 04:15:35 GMT
      Server:
      - nginx/1.25.3
      Transfer-Encoding:
      - chunked
      content-length:
      - '77'
    status:
      code: 200
      message: OK
- request:
    body: ''
    headers:
      accept:
      - '*/*'
      accept-encoding:
      - gzip, deflate
      connection:
      - keep-alive
      host:
      - gizmok120.fhcrc.org:42381
      user-agent:
      - python-httpx/0.28.1
    method: GET
    uri: https://gizmok120.fhcrc.org:42381/api/workflows/v1/6ee0040b-9f5e-4879-928a-980b728ea148/metadata?includeKey=status&includeKey=failures&includeKey=jobId
  response:
    body:
      string: '{"status":"Submitted","calls":{},"id":"6ee0040b-9f5e-4879-928a-980b728ea148"}'
    headers:
      Connection:
      - keep-alive
      Content-Type:
      - application/json
      Date:
      - Sun, 26 Oct 2025 04:15:40 GMT
      Server:
      - nginx/1.25.3
      Transfer-Encoding:
      - chunked
      content-length:
      - '77'
    status:
      code: 200
      message: OK
- request:
    body: ''
    headers:
      accept:
      - '*/*'
      accept-encoding:
      - gzip, deflate
      connection:
      - keep-alive
      host:
      - gizmok120.fhcrc.org:42381
      user-agent:
      - python-httpx/0.28.1
    method: GET
    uri: https://gizmok120.fhcrc.org:42381/api/workflows/v1/6ee0040b-9f5e-4879-928a-980b728ea148/metadata?includeKey=status&includeKey=failures&includeKey=jobId
  response:
    body:
      string: '{"status":"Submitted","calls":{},"id":"6ee0040b-9f5e-4879-928a-980b728ea148"}'
    headers:
      Connection:
      - keep-alive
      Content-Type:
      - application/json
      Date:
      - Sun, 26 Oct 2025 04:15:45 GMT
      Server:
      - nginx/1.25.3
      Transfer-Encoding:
      - chunked
      content-length:
      - '77'
    status:
      code: 200
      message: OK
- request:
    body: ''
    headers:
      accept:
      - '*/*'
      accept-encoding:
      - gzip, deflate
      connection:
      - keep-alive
      host:
      - gizmok120.fhcrc.org:42381
      user-agent:
      - python-httpx/0.28.1
    method: GET
    uri: https://gizmok120.fhcrc.org:42381/api/workflows/v1/6ee0040b-9f5e-4879-928a-980b728ea148/metadata?includeKey=status&includeKey=failures&includeKey=jobId
  response:
    body:
      string: '{"status":"Submitted","calls":{},"id":"6ee0040b-9f5e-4879-928a-980b728ea148"}'
    headers:
      Connection:
      - keep-alive
      Content-Type:
      - application/json
      Date:
      - Sun, 26 Oct 2025 04:15:50 GMT
      Server:
      - nginx/1.25.3
      Transfer-Encoding:
      - chunked
      content-length:
      - '77'
    status:
      code: 200
      message: OK
- request:
    body: ''
    headers:
      accept:
      - '*/*'
      accept-encoding:
      - gzip, deflate
      connection:
      - keep-alive
      host:
      - gizmok120.fhcrc.org:42381
      user-agent:
      - python-httpx/0.28.1
    method: GET
    uri: https://gizmok120.fhcrc.org:42381/api/workflows/v1/6ee0040b-9f5e-4879-928a-980b728ea148/metadata?includeKey=status&includeKey=failures&includeKey=jobId
  response:
    body:
      string: '{"status":"Submitted","calls":{},"id":"6ee0040b-9f5e-4879-928a-980b728ea148"}'
    headers:
      Connection:
      - keep-alive
      Content-Type:
      - application/json
      Date:
      - Sun, 26 Oct 2025 04:15:55 GMT
      Server:
      - nginx/1.25.3
      Transfer-Encoding:
      - chunked
      content-length:
      - '77'
    status:
      code: 200
      message: OK
- request:
    body: ''
    headers:
      accept:
      - '*/*'
      accept-encoding:
      - gzip, deflate
      connection:
      - keep-alive
      host:
      - gizmok120.fhcrc.org:42381
      user-agent:
      - python-httpx/0.28.1
    method: GET
    uri: https://gizmok120.fhcrc.org:42381/api/workflows/v1/6ee0040b-9f5e-4879-928a-980b728ea148/metadata?includeKey=status&includeKey=failures&includeKey=jobId
  response:
    body:
      string: '{"status":"Submitted","calls":{},"id":"6ee0040b-9f5e-4879-928a-980b728ea148"}'
    headers:
      Connection:
      - keep-alive
      Content-Type:
      - application/json
      Date:
      - Sun, 26 Oct 2025 04:16:00 GMT
      Server:
      - nginx/1.25.3
      Transfer-Encoding:
      - chunked
      content-length:
      - '77'
    status:
      code: 200
      message: OK
- request:
    body: ''
    headers:
      accept:
      - '*/*'
      accept-encoding:
      - gzip, deflate
      connection:
      - keep-alive
      host:
      - gizmok120.fhcrc.org:42381
      user-agent:
      - python-httpx/0.28.1
    method: GET
    uri: https://gizmok120.fhcrc.org:42381/api/workflows/v1/6ee0040b-9f5e-4879-928a-980b728ea148/metadata?includeKey=status&includeKey=failures&includeKey=jobId
  response:
    body:
      string: '{"status":"Submitted","calls":{},"id":"6ee0040b-9f5e-4879-928a-980b728ea148"}'
    headers:
      Connection:
      - keep-alive
      Content-Type:
      - application/json
      Date:
      - Sun, 26 Oct 2025 04:16:06 GMT
      Server:
      - nginx/1.25.3
      Transfer-Encoding:
      - chunked
      content-length:
      - '77'
    status:
      code: 200
      message: OK
- request:
    body: ''
    headers:
      accept:
      - '*/*'
      accept-encoding:
      - gzip, deflate
      connection:
      - keep-alive
      host:
      - gizmok120.fhcrc.org:42381
      user-agent:
      - python-httpx/0.28.1
    method: GET
    uri: https://gizmok120.fhcrc.org:42381/api/workflows/v1/6ee0040b-9f5e-4879-928a-980b728ea148/metadata?includeKey=status&includeKey=failures&includeKey=jobId
  response:
    body:
      string: '{"status":"Submitted","calls":{},"id":"6ee0040b-9f5e-4879-928a-980b728ea148"}'
    headers:
      Connection:
      - keep-alive
      Content-Type:
      - application/json
      Date:
      - Sun, 26 Oct 2025 04:16:11 GMT
      Server:
      - nginx/1.25.3
      Transfer-Encoding:
      - chunked
      content-length:
      - '77'
    status:
      code: 200
      message: OK
- request:
    body: ''
    headers:
      accept:
      - '*/*'
      accept-encoding:
      - gzip, deflate
      connection:
      - keep-alive
      host:
      - gizmok120.fhcrc.org:42381
      user-agent:
      - python-httpx/0.28.1
    method: GET
    uri: https://gizmok120.fhcrc.org:42381/api/workflows/v1/6ee0040b-9f5e-4879-928a-980b728ea148/metadata?includeKey=status&includeKey=failures&includeKey=jobId
  response:
    body:
      string: '{"status":"Submitted","calls":{},"id":"6ee0040b-9f5e-4879-928a-980b728ea148"}'
    headers:
      Connection:
      - keep-alive
      Content-Type:
      - application/json
      Date:
      - Sun, 26 Oct 2025 04:16:16 GMT
      Server:
      - nginx/1.25.3
      Transfer-Encoding:
      - chunked
      content-length:
      - '77'
    status:
      code: 200
      message: OK
- request:
    body: ''
    headers:
      accept:
      - '*/*'
      accept-encoding:
      - gzip, deflate
      connection:
      - keep-alive
      host:
      - gizmok120.fhcrc.org:42381
      user-agent:
      - python-httpx/0.28.1
    method: GET
    uri: https://gizmok120.fhcrc.org:42381/api/workflows/v1/6ee0040b-9f5e-4879-928a-980b728ea148/metadata?includeKey=status&includeKey=failures&includeKey=jobId
  response:
    body:
      string: '{"status":"Submitted","calls":{},"id":"6ee0040b-9f5e-4879-928a-980b728ea148"}'
    headers:
      Connection:
      - keep-alive
      Content-Type:
      - application/json
      Date:
      - Sun, 26 Oct 2025 04:16:21 GMT
      Server:
      - nginx/1.25.3
      Transfer-Encoding:
      - chunked
      content-length:
      - '77'
    status:
      code: 200
      message: OK
- request:
    body: ''
    headers:
      accept:
      - '*/*'
      accept-encoding:
      - gzip, deflate
      connection:
      - keep-alive
      host:
      - gizmok120.fhcrc.org:42381
      user-agent:
      - python-httpx/0.28.1
    method: GET
    uri: https://gizmok120.fhcrc.org:42381/api/workflows/v1/6ee0040b-9f5e-4879-928a-980b728ea148/metadata?includeKey=status&includeKey=failures&includeKey=jobId
  response:
    body:
      string: '{"status":"Submitted","calls":{},"id":"6ee0040b-9f5e-4879-928a-980b728ea148"}'
    headers:
      Connection:
      - keep-alive
      Content-Type:
      - application/json
      Date:
      - Sun, 26 Oct 2025 04:16:26 GMT
      Server:
      - nginx/1.25.3
      Transfer-Encoding:
      - chunked
      content-length:
      - '77'
    status:
      code: 200
      message: OK
- request:
    body: ''
    headers:
      accept:
      - '*/*'
      accept-encoding:
      - gzip, deflate
      connection:
      - keep-alive
      host:
      - gizmok120.fhcrc.org:42381
      user-agent:
      - python-httpx/0.28.1
    method: GET
    uri: https://gizmok120.fhcrc.org:42381/api/workflows/v1/6ee0040b-9f5e-4879-928a-980b728ea148/metadata?includeKey=status&includeKey=failures&includeKey=jobId
  response:
    body:
      string: '{"status":"Submitted","calls":{},"id":"6ee0040b-9f5e-4879-928a-980b728ea148"}'
    headers:
      Connection:
      - keep-alive
      Content-Type:
      - application/json
      Date:
      - Sun, 26 Oct 2025 04:16:31 GMT
      Server:
      - nginx/1.25.3
      Transfer-Encoding:
      - chunked
      content-length:
      - '77'
    status:
      code: 200
      message: OK
- request:
    body: ''
    headers:
      accept:
      - '*/*'
      accept-encoding:
      - gzip, deflate
      connection:
      - keep-alive
      host:
      - gizmok120.fhcrc.org:42381
      user-agent:
      - python-httpx/0.28.1
    method: GET
    uri: https://gizmok120.fhcrc.org:42381/api/workflows/v1/6ee0040b-9f5e-4879-928a-980b728ea148/metadata?includeKey=status&includeKey=failures&includeKey=jobId
  response:
    body:
      string: '{"status":"Submitted","calls":{},"id":"6ee0040b-9f5e-4879-928a-980b728ea148"}'
    headers:
      Connection:
      - keep-alive
      Content-Type:
      - application/json
      Date:
      - Sun, 26 Oct 2025 04:16:36 GMT
      Server:
      - nginx/1.25.3
      Transfer-Encoding:
      - chunked
      content-length:
      - '77'
    status:
      code: 200
      message: OK
- request:
    body: ''
    headers:
      accept:
      - '*/*'
      accept-encoding:
      - gzip, deflate
      connection:
      - keep-alive
      host:
      - gizmok120.fhcrc.org:42381
      user-agent:
      - python-httpx/0.28.1
    method: GET
    uri: https://gizmok120.fhcrc.org:42381/api/workflows/v1/6ee0040b-9f5e-4879-928a-980b728ea148/metadata?includeKey=status&includeKey=failures&includeKey=jobId
  response:
    body:
      string: '{"status":"Submitted","calls":{},"id":"6ee0040b-9f5e-4879-928a-980b728ea148"}'
    headers:
      Connection:
      - keep-alive
      Content-Type:
      - application/json
      Date:
      - Sun, 26 Oct 2025 04:16:41 GMT
      Server:
      - nginx/1.25.3
      Transfer-Encoding:
      - chunked
      content-length:
      - '77'
    status:
      code: 200
      message: OK
- request:
    body: ''
    headers:
      accept:
      - '*/*'
      accept-encoding:
      - gzip, deflate
      connection:
      - keep-alive
      host:
      - gizmok120.fhcrc.org:42381
      user-agent:
      - python-httpx/0.28.1
    method: GET
    uri: https://gizmok120.fhcrc.org:42381/api/workflows/v1/6ee0040b-9f5e-4879-928a-980b728ea148/metadata?includeKey=status&includeKey=failures&includeKey=jobId
  response:
    body:
      string: '{"status":"Submitted","calls":{},"id":"6ee0040b-9f5e-4879-928a-980b728ea148"}'
    headers:
      Connection:
      - keep-alive
      Content-Type:
      - application/json
      Date:
      - Sun, 26 Oct 2025 04:16:46 GMT
      Server:
      - nginx/1.25.3
      Transfer-Encoding:
      - chunked
      content-length:
      - '77'
    status:
      code: 200
      message: OK
- request:
    body: ''
    headers:
      accept:
      - '*/*'
      accept-encoding:
      - gzip, deflate
      connection:
      - keep-alive
      host:
      - gizmok120.fhcrc.org:42381
      user-agent:
      - python-httpx/0.28.1
    method: GET
    uri: https://gizmok120.fhcrc.org:42381/api/workflows/v1/6ee0040b-9f5e-4879-928a-980b728ea148/metadata?includeKey=status&includeKey=failures&includeKey=jobId
  response:
    body:
      string: '{"status":"Running","calls":{},"id":"6ee0040b-9f5e-4879-928a-980b728ea148"}'
    headers:
      Connection:
      - keep-alive
      Content-Type:
      - application/json
      Date:
      - Sun, 26 Oct 2025 04:16:51 GMT
      Server:
      - nginx/1.25.3
      Transfer-Encoding:
      - chunked
      content-length:
      - '75'
    status:
      code: 200
      message: OK
- request:
    body: ''
    headers:
      accept:
      - '*/*'
      accept-encoding:
      - gzip, deflate
      connection:
      - keep-alive
      host:
      - gizmok120.fhcrc.org:42381
      user-agent:
      - python-httpx/0.28.1
    method: GET
    uri: https://gizmok120.fhcrc.org:42381/api/workflows/v1/6ee0040b-9f5e-4879-928a-980b728ea148/metadata?includeKey=status&includeKey=failures&includeKey=jobId
  response:
    body:
      string: '{"status":"Running","calls":{"HelloDockerHostname.GetStartTime":[{"jobId":"40375560","attempt":1,"shardIndex":-1}]},"id":"6ee0040b-9f5e-4879-928a-980b728ea148"}'
    headers:
      Connection:
      - keep-alive
      Content-Type:
      - application/json
      Date:
      - Sun, 26 Oct 2025 04:16:56 GMT
      Server:
      - nginx/1.25.3
      Transfer-Encoding:
      - chunked
      content-length:
      - '160'
    status:
      code: 200
      message: OK
- request:
    body: ''
    headers:
      accept:
      - '*/*'
      accept-encoding:
      - gzip, deflate
      connection:
      - keep-alive
      host:
      - gizmok120.fhcrc.org:42381
      user-agent:
      - python-httpx/0.28.1
    method: GET
    uri: https://gizmok120.fhcrc.org:42381/api/workflows/v1/6ee0040b-9f5e-4879-928a-980b728ea148/metadata?includeKey=status&includeKey=failures&includeKey=jobId
  response:
    body:
      string: '{"status":"Running","calls":{"HelloDockerHostname.GetStartTime":[{"jobId":"40375560","attempt":1,"shardIndex":-1}]},"id":"6ee0040b-9f5e-4879-928a-980b728ea148"}'
    headers:
      Connection:
      - keep-alive
      Content-Type:
      - application/json
      Date:
      - Sun, 26 Oct 2025 04:17:01 GMT
      Server:
      - nginx/1.25.3
      Transfer-Encoding:
      - chunked
      content-length:
      - '160'
    status:
      code: 200
      message: OK
- request:
    body: ''
    headers:
      accept:
      - '*/*'
      accept-encoding:
      - gzip, deflate
      connection:
      - keep-alive
      host:
      - gizmok120.fhcrc.org:42381
      user-agent:
      - python-httpx/0.28.1
    method: GET
    uri: https://gizmok120.fhcrc.org:42381/api/workflows/v1/6ee0040b-9f5e-4879-928a-980b728ea148/metadata?includeKey=status&includeKey=failures&includeKey=jobId
  response:
    body:
      string: '{"status":"Running","calls":{"HelloDockerHostname.GetStartTime":[{"jobId":"40375560","attempt":1,"shardIndex":-1}]},"id":"6ee0040b-9f5e-4879-928a-980b728ea148"}'
    headers:
      Connection:
      - keep-alive
      Content-Type:
      - application/json
      Date:
      - Sun, 26 Oct 2025 04:17:06 GMT
      Server:
      - nginx/1.25.3
      Transfer-Encoding:
      - chunked
      content-length:
      - '160'
    status:
      code: 200
      message: OK
- request:
    body: ''
    headers:
      accept:
      - '*/*'
      accept-encoding:
      - gzip, deflate
      connection:
      - keep-alive
      host:
      - gizmok120.fhcrc.org:42381
      user-agent:
      - python-httpx/0.28.1
    method: GET
    uri: https://gizmok120.fhcrc.org:42381/api/workflows/v1/6ee0040b-9f5e-4879-928a-980b728ea148/metadata?includeKey=status&includeKey=failures&includeKey=jobId
  response:
    body:
      string: '{"status":"Running","calls":{"HelloDockerHostname.GetStartTime":[{"jobId":"40375560","attempt":1,"shardIndex":-1}]},"id":"6ee0040b-9f5e-4879-928a-980b728ea148"}'
    headers:
      Connection:
      - keep-alive
      Content-Type:
      - application/json
      Date:
      - Sun, 26 Oct 2025 04:17:12 GMT
      Server:
      - nginx/1.25.3
      Transfer-Encoding:
      - chunked
      content-length:
      - '160'
    status:
      code: 200
      message: OK
- request:
    body: ''
    headers:
      accept:
      - '*/*'
      accept-encoding:
      - gzip, deflate
      connection:
      - keep-alive
      host:
      - gizmok120.fhcrc.org:42381
      user-agent:
      - python-httpx/0.28.1
    method: GET
    uri: https://gizmok120.fhcrc.org:42381/api/workflows/v1/6ee0040b-9f5e-4879-928a-980b728ea148/metadata?includeKey=status&includeKey=failures&includeKey=jobId
  response:
    body:
      string: '{"status":"Running","calls":{"HelloDockerHostname.GetStartTime":[{"jobId":"40375560","attempt":1,"shardIndex":-1}]},"id":"6ee0040b-9f5e-4879-928a-980b728ea148"}'
    headers:
      Connection:
      - keep-alive
      Content-Type:
      - application/json
      Date:
      - Sun, 26 Oct 2025 04:17:17 GMT
      Server:
      - nginx/1.25.3
      Transfer-Encoding:
      - chunked
      content-length:
      - '160'
    status:
      code: 200
      message: OK
- request:
    body: ''
    headers:
      accept:
      - '*/*'
      accept-encoding:
      - gzip, deflate
      connection:
      - keep-alive
      host:
      - gizmok120.fhcrc.org:42381
      user-agent:
      - python-httpx/0.28.1
    method: GET
    uri: https://gizmok120.fhcrc.org:42381/api/workflows/v1/6ee0040b-9f5e-4879-928a-980b728ea148/metadata?includeKey=status&includeKey=failures&includeKey=jobId
  response:
    body:
      string: '{"status":"Running","calls":{"HelloDockerHostname.GetStartTime":[{"jobId":"40375560","attempt":1,"shardIndex":-1}]},"id":"6ee0040b-9f5e-4879-928a-980b728ea148"}'
    headers:
      Connection:
      - keep-alive
      Content-Type:
      - application/json
      Date:
      - Sun, 26 Oct 2025 04:17:22 GMT
      Server:
      - nginx/1.25.3
      Transfer-Encoding:
      - chunked
      content-length:
      - '160'
    status:
      code: 200
      message: OK
- request:
    body: ''
    headers:
      accept:
      - '*/*'
      accept-encoding:
      - gzip, deflate
      connection:
      - keep-alive
      host:
      - gizmok120.fhcrc.org:42381
      user-agent:
      - python-httpx/0.28.1
    method: GET
    uri: https://gizmok120.fhcrc.org:42381/api/workflows/v1/6ee0040b-9f5e-4879-928a-980b728ea148/metadata?includeKey=status&includeKey=failures&includeKey=jobId
  response:
    body:
      string: '{"status":"Running","calls":{"HelloDockerHostname.GetStartTime":[{"jobId":"40375560","attempt":1,"shardIndex":-1}]},"id":"6ee0040b-9f5e-4879-928a-980b728ea148"}'
    headers:
      Connection:
      - keep-alive
      Content-Type:
      - application/json
      Date:
      - Sun, 26 Oct 2025 04:17:27 GMT
      Server:
      - nginx/1.25.3
      Transfer-Encoding:
      - chunked
      content-length:
      - '160'
    status:
      code: 200
      message: OK
- request:
    body: ''
    headers:
      accept:
      - '*/*'
      accept-encoding:
      - gzip, deflate
      connection:
      - keep-alive
      host:
      - gizmok120.fhcrc.org:42381
      user-agent:
      - python-httpx/0.28.1
    method: GET
    uri: https://gizmok120.fhcrc.org:42381/api/workflows/v1/6ee0040b-9f5e-4879-928a-980b728ea148/metadata?includeKey=status&includeKey=failures&includeKey=jobId
  response:
    body:
      string: '{"status":"Running","calls":{"HelloDockerHostname.GetStartTime":[{"jobId":"40375560","attempt":1,"shardIndex":-1}]},"id":"6ee0040b-9f5e-4879-928a-980b728ea148"}'
    headers:
      Connection:
      - keep-alive
      Content-Type:
      - application/json
      Date:
      - Sun, 26 Oct 2025 04:17:32 GMT
      Server:
      - nginx/1.25.3
      Transfer-Encoding:
      - chunked
      content-length:
      - '160'
    status:
      code: 200
      message: OK
- request:
    body: ''
    headers:
      accept:
      - '*/*'
      accept-encoding:
      - gzip, deflate
      connection:
      - keep-alive
      host:
      - gizmok120.fhcrc.org:42381
      user-agent:
      - python-httpx/0.28.1
    method: GET
    uri: https://gizmok120.fhcrc.org:42381/api/workflows/v1/6ee0040b-9f5e-4879-928a-980b728ea148/metadata?includeKey=status&includeKey=failures&includeKey=jobId
  response:
    body:
      string: '{"status":"Running","calls":{"HelloDockerHostname.GetStartTime":[{"jobId":"40375560","attempt":1,"shardIndex":-1}],"HelloDockerHostname.Hostname":[{"jobId":"40375562","attempt":1,"shardIndex":-1}]},"id":"6ee0040b-9f5e-4879-928a-980b728ea148"}'
    headers:
      Connection:
      - keep-alive
      Content-Type:
      - application/json
      Date:
      - Sun, 26 Oct 2025 04:17:37 GMT
      Server:
      - nginx/1.25.3
      Transfer-Encoding:
      - chunked
      content-length:
      - '242'
    status:
      code: 200
      message: OK
- request:
    body: ''
    headers:
      accept:
      - '*/*'
      accept-encoding:
      - gzip, deflate
      connection:
      - keep-alive
      host:
      - gizmok120.fhcrc.org:42381
      user-agent:
      - python-httpx/0.28.1
    method: GET
    uri: https://gizmok120.fhcrc.org:42381/api/workflows/v1/6ee0040b-9f5e-4879-928a-980b728ea148/metadata?includeKey=status&includeKey=failures&includeKey=jobId
  response:
    body:
      string: '{"status":"Running","calls":{"HelloDockerHostname.GetStartTime":[{"jobId":"40375560","attempt":1,"shardIndex":-1}],"HelloDockerHostname.Hostname":[{"jobId":"40375562","attempt":1,"shardIndex":-1}]},"id":"6ee0040b-9f5e-4879-928a-980b728ea148"}'
    headers:
      Connection:
      - keep-alive
      Content-Type:
      - application/json
      Date:
      - Sun, 26 Oct 2025 04:17:42 GMT
      Server:
      - nginx/1.25.3
      Transfer-Encoding:
      - chunked
      content-length:
      - '242'
    status:
      code: 200
      message: OK
- request:
    body: ''
    headers:
      accept:
      - '*/*'
      accept-encoding:
      - gzip, deflate
      connection:
      - keep-alive
      host:
      - gizmok120.fhcrc.org:42381
      user-agent:
      - python-httpx/0.28.1
    method: GET
    uri: https://gizmok120.fhcrc.org:42381/api/workflows/v1/6ee0040b-9f5e-4879-928a-980b728ea148/metadata?includeKey=status&includeKey=failures&includeKey=jobId
  response:
    body:
      string: '{"status":"Running","calls":{"HelloDockerHostname.GetStartTime":[{"jobId":"40375560","attempt":1,"shardIndex":-1}],"HelloDockerHostname.Hostname":[{"jobId":"40375562","attempt":1,"shardIndex":-1}]},"id":"6ee0040b-9f5e-4879-928a-980b728ea148"}'
    headers:
      Connection:
      - keep-alive
      Content-Type:
      - application/json
      Date:
      - Sun, 26 Oct 2025 04:17:47 GMT
      Server:
      - nginx/1.25.3
      Transfer-Encoding:
      - chunked
      content-length:
      - '242'
    status:
      code: 200
      message: OK
- request:
    body: ''
    headers:
      accept:
      - '*/*'
      accept-encoding:
      - gzip, deflate
      connection:
      - keep-alive
      host:
      - gizmok120.fhcrc.org:42381
      user-agent:
      - python-httpx/0.28.1
    method: GET
    uri: https://gizmok120.fhcrc.org:42381/api/workflows/v1/6ee0040b-9f5e-4879-928a-980b728ea148/metadata?includeKey=status&includeKey=failures&includeKey=jobId
  response:
    body:
      string: '{"status":"Running","calls":{"HelloDockerHostname.GetStartTime":[{"jobId":"40375560","attempt":1,"shardIndex":-1}],"HelloDockerHostname.Hostname":[{"jobId":"40375562","attempt":1,"shardIndex":-1}]},"id":"6ee0040b-9f5e-4879-928a-980b728ea148"}'
    headers:
      Connection:
      - keep-alive
      Content-Type:
      - application/json
      Date:
      - Sun, 26 Oct 2025 04:17:52 GMT
      Server:
      - nginx/1.25.3
      Transfer-Encoding:
      - chunked
      content-length:
      - '242'
    status:
      code: 200
      message: OK
- request:
    body: ''
    headers:
      accept:
      - '*/*'
      accept-encoding:
      - gzip, deflate
      connection:
      - keep-alive
      host:
      - gizmok120.fhcrc.org:42381
      user-agent:
      - python-httpx/0.28.1
    method: GET
    uri: https://gizmok120.fhcrc.org:42381/api/workflows/v1/6ee0040b-9f5e-4879-928a-980b728ea148/metadata?includeKey=status&includeKey=failures&includeKey=jobId
  response:
    body:
      string: '{"status":"Running","calls":{"HelloDockerHostname.GetStartTime":[{"jobId":"40375560","attempt":1,"shardIndex":-1}],"HelloDockerHostname.Hostname":[{"jobId":"40375562","attempt":1,"shardIndex":-1}]},"id":"6ee0040b-9f5e-4879-928a-980b728ea148"}'
    headers:
      Connection:
      - keep-alive
      Content-Type:
      - application/json
      Date:
      - Sun, 26 Oct 2025 04:17:57 GMT
      Server:
      - nginx/1.25.3
      Transfer-Encoding:
      - chunked
      content-length:
      - '242'
    status:
      code: 200
      message: OK
- request:
    body: ''
    headers:
      accept:
      - '*/*'
      accept-encoding:
      - gzip, deflate
      connection:
      - keep-alive
      host:
      - gizmok120.fhcrc.org:42381
      user-agent:
      - python-httpx/0.28.1
    method: GET
    uri: https://gizmok120.fhcrc.org:42381/api/workflows/v1/6ee0040b-9f5e-4879-928a-980b728ea148/metadata?includeKey=status&includeKey=failures&includeKey=jobId
  response:
    body:
      string: '{"status":"Running","calls":{"HelloDockerHostname.GetStartTime":[{"jobId":"40375560","attempt":1,"shardIndex":-1}],"HelloDockerHostname.Hostname":[{"jobId":"40375562","attempt":1,"shardIndex":-1}]},"id":"6ee0040b-9f5e-4879-928a-980b728ea148"}'
    headers:
      Connection:
      - keep-alive
      Content-Type:
      - application/json
      Date:
      - Sun, 26 Oct 2025 04:18:02 GMT
      Server:
      - nginx/1.25.3
      Transfer-Encoding:
      - chunked
      content-length:
      - '242'
    status:
      code: 200
      message: OK
- request:
    body: ''
    headers:
      accept:
      - '*/*'
      accept-encoding:
      - gzip, deflate
      connection:
      - keep-alive
      host:
      - gizmok120.fhcrc.org:42381
      user-agent:
      - python-httpx/0.28.1
    method: GET
    uri: https://gizmok120.fhcrc.org:42381/api/workflows/v1/6ee0040b-9f5e-4879-928a-980b728ea148/metadata?includeKey=status&includeKey=failures&includeKey=jobId
  response:
    body:
      string: '{"status":"Running","calls":{"HelloDockerHostname.GetStartTime":[{"jobId":"40375560","attempt":1,"shardIndex":-1}],"HelloDockerHostname.Hostname":[{"jobId":"40375562","attempt":1,"shardIndex":-1}]},"id":"6ee0040b-9f5e-4879-928a-980b728ea148"}'
    headers:
      Connection:
      - keep-alive
      Content-Type:
      - application/json
      Date:
      - Sun, 26 Oct 2025 04:18:07 GMT
      Server:
      - nginx/1.25.3
      Transfer-Encoding:
      - chunked
      content-length:
      - '242'
    status:
      code: 200
      message: OK
- request:
    body: ''
    headers:
      accept:
      - '*/*'
      accept-encoding:
      - gzip, deflate
      connection:
      - keep-alive
      host:
      - gizmok120.fhcrc.org:42381
      user-agent:
      - python-httpx/0.28.1
    method: GET
    uri: https://gizmok120.fhcrc.org:42381/api/workflows/v1/6ee0040b-9f5e-4879-928a-980b728ea148/metadata?includeKey=status&includeKey=failures&includeKey=jobId
  response:
    body:
      string: '{"status":"Running","calls":{"HelloDockerHostname.GetStartTime":[{"jobId":"40375560","attempt":1,"shardIndex":-1}],"HelloDockerHostname.Hostname":[{"jobId":"40375562","attempt":1,"shardIndex":-1}]},"id":"6ee0040b-9f5e-4879-928a-980b728ea148"}'
    headers:
      Connection:
      - keep-alive
      Content-Type:
      - application/json
      Date:
      - Sun, 26 Oct 2025 04:18:12 GMT
      Server:
      - nginx/1.25.3
      Transfer-Encoding:
      - chunked
      content-length:
      - '242'
    status:
      code: 200
      message: OK
- request:
    body: ''
    headers:
      accept:
      - '*/*'
      accept-encoding:
      - gzip, deflate
      connection:
      - keep-alive
      host:
      - gizmok120.fhcrc.org:42381
      user-agent:
      - python-httpx/0.28.1
    method: GET
    uri: https://gizmok120.fhcrc.org:42381/api/workflows/v1/6ee0040b-9f5e-4879-928a-980b728ea148/metadata?includeKey=status&includeKey=failures&includeKey=jobId
  response:
    body:
      string: '{"status":"Running","calls":{"HelloDockerHostname.GetStartTime":[{"jobId":"40375560","attempt":1,"shardIndex":-1}],"HelloDockerHostname.Hostname":[{"jobId":"40375562","attempt":1,"shardIndex":-1}],"HelloDockerHostname.GetEndTime":[{"jobId":"40375567","attempt":1,"shardIndex":-1}]},"id":"6ee0040b-9f5e-4879-928a-980b728ea148"}'
    headers:
      Connection:
      - keep-alive
      Content-Type:
      - application/json
      Date:
      - Sun, 26 Oct 2025 04:18:17 GMT
      Server:
      - nginx/1.25.3
      Transfer-Encoding:
      - chunked
      content-length:
      - '326'
    status:
      code: 200
      message: OK
- request:
    body: ''
    headers:
      accept:
      - '*/*'
      accept-encoding:
      - gzip, deflate
      connection:
      - keep-alive
      host:
      - gizmok120.fhcrc.org:42381
      user-agent:
      - python-httpx/0.28.1
    method: GET
    uri: https://gizmok120.fhcrc.org:42381/api/workflows/v1/6ee0040b-9f5e-4879-928a-980b728ea148/metadata?includeKey=status&includeKey=failures&includeKey=jobId
  response:
    body:
      string: '{"status":"Running","calls":{"HelloDockerHostname.GetStartTime":[{"jobId":"40375560","attempt":1,"shardIndex":-1}],"HelloDockerHostname.Hostname":[{"jobId":"40375562","attempt":1,"shardIndex":-1}],"HelloDockerHostname.GetEndTime":[{"jobId":"40375567","attempt":1,"shardIndex":-1}]},"id":"6ee0040b-9f5e-4879-928a-980b728ea148"}'
    headers:
      Connection:
      - keep-alive
      Content-Type:
      - application/json
      Date:
      - Sun, 26 Oct 2025 04:18:23 GMT
      Server:
      - nginx/1.25.3
      Transfer-Encoding:
      - chunked
      content-length:
      - '326'
    status:
      code: 200
      message: OK
- request:
    body: ''
    headers:
      accept:
      - '*/*'
      accept-encoding:
      - gzip, deflate
      connection:
      - keep-alive
      host:
      - gizmok120.fhcrc.org:42381
      user-agent:
      - python-httpx/0.28.1
    method: GET
    uri: https://gizmok120.fhcrc.org:42381/api/workflows/v1/6ee0040b-9f5e-4879-928a-980b728ea148/metadata?includeKey=status&includeKey=failures&includeKey=jobId
  response:
    body:
      string: '{"status":"Running","calls":{"HelloDockerHostname.GetStartTime":[{"jobId":"40375560","attempt":1,"shardIndex":-1}],"HelloDockerHostname.Hostname":[{"jobId":"40375562","attempt":1,"shardIndex":-1}],"HelloDockerHostname.GetEndTime":[{"jobId":"40375567","attempt":1,"shardIndex":-1}]},"id":"6ee0040b-9f5e-4879-928a-980b728ea148"}'
    headers:
      Connection:
      - keep-alive
      Content-Type:
      - application/json
      Date:
      - Sun, 26 Oct 2025 04:18:28 GMT
      Server:
      - nginx/1.25.3
      Transfer-Encoding:
      - chunked
      content-length:
      - '326'
    status:
      code: 200
      message: OK
- request:
    body: ''
    headers:
      accept:
      - '*/*'
      accept-encoding:
      - gzip, deflate
      connection:
      - keep-alive
      host:
      - gizmok120.fhcrc.org:42381
      user-agent:
      - python-httpx/0.28.1
    method: GET
    uri: https://gizmok120.fhcrc.org:42381/api/workflows/v1/6ee0040b-9f5e-4879-928a-980b728ea148/metadata?includeKey=status&includeKey=failures&includeKey=jobId
  response:
    body:
      string: '{"status":"Running","calls":{"HelloDockerHostname.GetStartTime":[{"jobId":"40375560","attempt":1,"shardIndex":-1}],"HelloDockerHostname.Hostname":[{"jobId":"40375562","attempt":1,"shardIndex":-1}],"HelloDockerHostname.GetEndTime":[{"jobId":"40375567","attempt":1,"shardIndex":-1}]},"id":"6ee0040b-9f5e-4879-928a-980b728ea148"}'
    headers:
      Connection:
      - keep-alive
      Content-Type:
      - application/json
      Date:
      - Sun, 26 Oct 2025 04:18:33 GMT
      Server:
      - nginx/1.25.3
      Transfer-Encoding:
      - chunked
      content-length:
      - '326'
    status:
      code: 200
      message: OK
- request:
    body: ''
    headers:
      accept:
      - '*/*'
      accept-encoding:
      - gzip, deflate
      connection:
      - keep-alive
      host:
      - gizmok120.fhcrc.org:42381
      user-agent:
      - python-httpx/0.28.1
    method: GET
    uri: https://gizmok120.fhcrc.org:42381/api/workflows/v1/6ee0040b-9f5e-4879-928a-980b728ea148/metadata?includeKey=status&includeKey=failures&includeKey=jobId
  response:
    body:
      string: '{"status":"Running","calls":{"HelloDockerHostname.GetStartTime":[{"jobId":"40375560","attempt":1,"shardIndex":-1}],"HelloDockerHostname.Hostname":[{"jobId":"40375562","attempt":1,"shardIndex":-1}],"HelloDockerHostname.GetEndTime":[{"jobId":"40375567","attempt":1,"shardIndex":-1}]},"id":"6ee0040b-9f5e-4879-928a-980b728ea148"}'
    headers:
      Connection:
      - keep-alive
      Content-Type:
      - application/json
      Date:
      - Sun, 26 Oct 2025 04:18:38 GMT
      Server:
      - nginx/1.25.3
      Transfer-Encoding:
      - chunked
      content-length:
      - '326'
    status:
      code: 200
      message: OK
- request:
    body: ''
    headers:
      accept:
      - '*/*'
      accept-encoding:
      - gzip, deflate
      connection:
      - keep-alive
      host:
      - gizmok120.fhcrc.org:42381
      user-agent:
      - python-httpx/0.28.1
    method: GET
    uri: https://gizmok120.fhcrc.org:42381/api/workflows/v1/6ee0040b-9f5e-4879-928a-980b728ea148/metadata?includeKey=status&includeKey=failures&includeKey=jobId
  response:
    body:
      string: '{"status":"Running","calls":{"HelloDockerHostname.GetStartTime":[{"jobId":"40375560","attempt":1,"shardIndex":-1}],"HelloDockerHostname.Hostname":[{"jobId":"40375562","attempt":1,"shardIndex":-1}],"HelloDockerHostname.GetEndTime":[{"jobId":"40375567","attempt":1,"shardIndex":-1}]},"id":"6ee0040b-9f5e-4879-928a-980b728ea148"}'
    headers:
      Connection:
      - keep-alive
      Content-Type:
      - application/json
      Date:
      - Sun, 26 Oct 2025 04:18:43 GMT
      Server:
      - nginx/1.25.3
      Transfer-Encoding:
      - chunked
      content-length:
      - '326'
    status:
      code: 200
      message: OK
- request:
    body: ''
    headers:
      accept:
      - '*/*'
      accept-encoding:
      - gzip, deflate
      connection:
      - keep-alive
      host:
      - gizmok120.fhcrc.org:42381
      user-agent:
      - python-httpx/0.28.1
    method: GET
    uri: https://gizmok120.fhcrc.org:42381/api/workflows/v1/6ee0040b-9f5e-4879-928a-980b728ea148/metadata?includeKey=status&includeKey=failures&includeKey=jobId
  response:
    body:
      string: '{"status":"Running","calls":{"HelloDockerHostname.GetStartTime":[{"jobId":"40375560","attempt":1,"shardIndex":-1}],"HelloDockerHostname.Hostname":[{"jobId":"40375562","attempt":1,"shardIndex":-1}],"HelloDockerHostname.GetEndTime":[{"jobId":"40375567","attempt":1,"shardIndex":-1}]},"id":"6ee0040b-9f5e-4879-928a-980b728ea148"}'
    headers:
      Connection:
      - keep-alive
      Content-Type:
      - application/json
      Date:
      - Sun, 26 Oct 2025 04:18:48 GMT
      Server:
      - nginx/1.25.3
      Transfer-Encoding:
      - chunked
      content-length:
      - '326'
    status:
      code: 200
      message: OK
- request:
    body: ''
    headers:
      accept:
      - '*/*'
      accept-encoding:
      - gzip, deflate
      connection:
      - keep-alive
      host:
      - gizmok120.fhcrc.org:42381
      user-agent:
      - python-httpx/0.28.1
    method: GET
    uri: https://gizmok120.fhcrc.org:42381/api/workflows/v1/6ee0040b-9f5e-4879-928a-980b728ea148/metadata?includeKey=status&includeKey=failures&includeKey=jobId
  response:
    body:
      string: '{"status":"Running","calls":{"HelloDockerHostname.GetStartTime":[{"jobId":"40375560","attempt":1,"shardIndex":-1}],"HelloDockerHostname.Hostname":[{"jobId":"40375562","attempt":1,"shardIndex":-1}],"HelloDockerHostname.GetEndTime":[{"jobId":"40375567","attempt":1,"shardIndex":-1}]},"id":"6ee0040b-9f5e-4879-928a-980b728ea148"}'
    headers:
      Connection:
      - keep-alive
      Content-Type:
      - application/json
      Date:
      - Sun, 26 Oct 2025 04:18:53 GMT
      Server:
      - nginx/1.25.3
      Transfer-Encoding:
      - chunked
      content-length:
      - '326'
    status:
      code: 200
      message: OK
- request:
    body: ''
    headers:
      accept:
      - '*/*'
      accept-encoding:
      - gzip, deflate
      connection:
      - keep-alive
      host:
      - gizmok120.fhcrc.org:42381
      user-agent:
      - python-httpx/0.28.1
    method: GET
    uri: https://gizmok120.fhcrc.org:42381/api/workflows/v1/6ee0040b-9f5e-4879-928a-980b728ea148/metadata?includeKey=status&includeKey=failures&includeKey=jobId
  response:
    body:
      string: '{"status":"Running","calls":{"HelloDockerHostname.GetStartTime":[{"jobId":"40375560","attempt":1,"shardIndex":-1}],"HelloDockerHostname.Hostname":[{"jobId":"40375562","attempt":1,"shardIndex":-1}],"HelloDockerHostname.GetEndTime":[{"jobId":"40375567","attempt":1,"shardIndex":-1}],"HelloDockerHostname.ValidateExecutionTime":[{"jobId":"40375571","attempt":1,"shardIndex":-1}]},"id":"6ee0040b-9f5e-4879-928a-980b728ea148"}'
    headers:
      Connection:
      - keep-alive
      Content-Type:
      - application/json
      Date:
      - Sun, 26 Oct 2025 04:18:58 GMT
      Server:
      - nginx/1.25.3
      Transfer-Encoding:
      - chunked
      content-length:
      - '421'
    status:
      code: 200
      message: OK
- request:
    body: ''
    headers:
      accept:
      - '*/*'
      accept-encoding:
      - gzip, deflate
      connection:
      - keep-alive
      host:
      - gizmok120.fhcrc.org:42381
      user-agent:
      - python-httpx/0.28.1
    method: GET
    uri: https://gizmok120.fhcrc.org:42381/api/workflows/v1/6ee0040b-9f5e-4879-928a-980b728ea148/metadata?includeKey=status&includeKey=failures&includeKey=jobId
  response:
    body:
      string: '{"status":"Running","calls":{"HelloDockerHostname.GetStartTime":[{"jobId":"40375560","attempt":1,"shardIndex":-1}],"HelloDockerHostname.Hostname":[{"jobId":"40375562","attempt":1,"shardIndex":-1}],"HelloDockerHostname.GetEndTime":[{"jobId":"40375567","attempt":1,"shardIndex":-1}],"HelloDockerHostname.ValidateExecutionTime":[{"jobId":"40375571","attempt":1,"shardIndex":-1}]},"id":"6ee0040b-9f5e-4879-928a-980b728ea148"}'
    headers:
      Connection:
      - keep-alive
      Content-Type:
      - application/json
      Date:
      - Sun, 26 Oct 2025 04:19:03 GMT
      Server:
      - nginx/1.25.3
      Transfer-Encoding:
      - chunked
      content-length:
      - '421'
    status:
      code: 200
      message: OK
- request:
    body: ''
    headers:
      accept:
      - '*/*'
      accept-encoding:
      - gzip, deflate
      connection:
      - keep-alive
      host:
      - gizmok120.fhcrc.org:42381
      user-agent:
      - python-httpx/0.28.1
    method: GET
    uri: https://gizmok120.fhcrc.org:42381/api/workflows/v1/6ee0040b-9f5e-4879-928a-980b728ea148/metadata?includeKey=status&includeKey=failures&includeKey=jobId
  response:
    body:
      string: '{"status":"Running","calls":{"HelloDockerHostname.GetStartTime":[{"jobId":"40375560","attempt":1,"shardIndex":-1}],"HelloDockerHostname.Hostname":[{"jobId":"40375562","attempt":1,"shardIndex":-1}],"HelloDockerHostname.GetEndTime":[{"jobId":"40375567","attempt":1,"shardIndex":-1}],"HelloDockerHostname.ValidateExecutionTime":[{"jobId":"40375571","attempt":1,"shardIndex":-1}]},"id":"6ee0040b-9f5e-4879-928a-980b728ea148"}'
    headers:
      Connection:
      - keep-alive
      Content-Type:
      - application/json
      Date:
      - Sun, 26 Oct 2025 04:19:08 GMT
      Server:
      - nginx/1.25.3
      Transfer-Encoding:
      - chunked
      content-length:
      - '421'
    status:
      code: 200
      message: OK
- request:
    body: ''
    headers:
      accept:
      - '*/*'
      accept-encoding:
      - gzip, deflate
      connection:
      - keep-alive
      host:
      - gizmok120.fhcrc.org:42381
      user-agent:
      - python-httpx/0.28.1
    method: GET
    uri: https://gizmok120.fhcrc.org:42381/api/workflows/v1/6ee0040b-9f5e-4879-928a-980b728ea148/metadata?includeKey=status&includeKey=failures&includeKey=jobId
  response:
    body:
      string: '{"status":"Running","calls":{"HelloDockerHostname.GetStartTime":[{"jobId":"40375560","attempt":1,"shardIndex":-1}],"HelloDockerHostname.Hostname":[{"jobId":"40375562","attempt":1,"shardIndex":-1}],"HelloDockerHostname.GetEndTime":[{"jobId":"40375567","attempt":1,"shardIndex":-1}],"HelloDockerHostname.ValidateExecutionTime":[{"jobId":"40375571","attempt":1,"shardIndex":-1}]},"id":"6ee0040b-9f5e-4879-928a-980b728ea148"}'
    headers:
      Connection:
      - keep-alive
      Content-Type:
      - application/json
      Date:
      - Sun, 26 Oct 2025 04:19:13 GMT
      Server:
      - nginx/1.25.3
      Transfer-Encoding:
      - chunked
      content-length:
      - '421'
    status:
      code: 200
      message: OK
- request:
    body: ''
    headers:
      accept:
      - '*/*'
      accept-encoding:
      - gzip, deflate
      connection:
      - keep-alive
      host:
      - gizmok120.fhcrc.org:42381
      user-agent:
      - python-httpx/0.28.1
    method: GET
    uri: https://gizmok120.fhcrc.org:42381/api/workflows/v1/6ee0040b-9f5e-4879-928a-980b728ea148/metadata?includeKey=status&includeKey=failures&includeKey=jobId
  response:
    body:
      string: '{"status":"Running","calls":{"HelloDockerHostname.GetStartTime":[{"jobId":"40375560","attempt":1,"shardIndex":-1}],"HelloDockerHostname.Hostname":[{"jobId":"40375562","attempt":1,"shardIndex":-1}],"HelloDockerHostname.GetEndTime":[{"jobId":"40375567","attempt":1,"shardIndex":-1}],"HelloDockerHostname.ValidateExecutionTime":[{"jobId":"40375571","attempt":1,"shardIndex":-1}]},"id":"6ee0040b-9f5e-4879-928a-980b728ea148"}'
    headers:
      Connection:
      - keep-alive
      Content-Type:
      - application/json
      Date:
      - Sun, 26 Oct 2025 04:19:18 GMT
      Server:
      - nginx/1.25.3
      Transfer-Encoding:
      - chunked
      content-length:
      - '421'
    status:
      code: 200
      message: OK
- request:
    body: ''
    headers:
      accept:
      - '*/*'
      accept-encoding:
      - gzip, deflate
      connection:
      - keep-alive
      host:
      - gizmok120.fhcrc.org:42381
      user-agent:
      - python-httpx/0.28.1
    method: GET
    uri: https://gizmok120.fhcrc.org:42381/api/workflows/v1/6ee0040b-9f5e-4879-928a-980b728ea148/metadata?includeKey=status&includeKey=failures&includeKey=jobId
  response:
    body:
      string: '{"status":"Running","calls":{"HelloDockerHostname.GetStartTime":[{"jobId":"40375560","attempt":1,"shardIndex":-1}],"HelloDockerHostname.Hostname":[{"jobId":"40375562","attempt":1,"shardIndex":-1}],"HelloDockerHostname.GetEndTime":[{"jobId":"40375567","attempt":1,"shardIndex":-1}],"HelloDockerHostname.ValidateExecutionTime":[{"jobId":"40375571","attempt":1,"shardIndex":-1}]},"id":"6ee0040b-9f5e-4879-928a-980b728ea148"}'
    headers:
      Connection:
      - keep-alive
      Content-Type:
      - application/json
      Date:
      - Sun, 26 Oct 2025 04:19:23 GMT
      Server:
      - nginx/1.25.3
      Transfer-Encoding:
      - chunked
      content-length:
      - '421'
    status:
      code: 200
      message: OK
- request:
    body: ''
    headers:
      accept:
      - '*/*'
      accept-encoding:
      - gzip, deflate
      connection:
      - keep-alive
      host:
      - gizmok120.fhcrc.org:42381
      user-agent:
      - python-httpx/0.28.1
    method: GET
    uri: https://gizmok120.fhcrc.org:42381/api/workflows/v1/6ee0040b-9f5e-4879-928a-980b728ea148/metadata?includeKey=status&includeKey=failures&includeKey=jobId
  response:
    body:
      string: '{"status":"Running","calls":{"HelloDockerHostname.GetStartTime":[{"jobId":"40375560","attempt":1,"shardIndex":-1}],"HelloDockerHostname.Hostname":[{"jobId":"40375562","attempt":1,"shardIndex":-1}],"HelloDockerHostname.GetEndTime":[{"jobId":"40375567","attempt":1,"shardIndex":-1}],"HelloDockerHostname.ValidateExecutionTime":[{"jobId":"40375571","attempt":1,"shardIndex":-1}]},"id":"6ee0040b-9f5e-4879-928a-980b728ea148"}'
    headers:
      Connection:
      - keep-alive
      Content-Type:
      - application/json
      Date:
      - Sun, 26 Oct 2025 04:19:29 GMT
      Server:
      - nginx/1.25.3
      Transfer-Encoding:
      - chunked
      content-length:
      - '421'
    status:
      code: 200
      message: OK
- request:
    body: ''
    headers:
      accept:
      - '*/*'
      accept-encoding:
      - gzip, deflate
      connection:
      - keep-alive
      host:
      - gizmok120.fhcrc.org:42381
      user-agent:
      - python-httpx/0.28.1
    method: GET
    uri: https://gizmok120.fhcrc.org:42381/api/workflows/v1/6ee0040b-9f5e-4879-928a-980b728ea148/metadata?includeKey=status&includeKey=failures&includeKey=jobId
  response:
    body:
      string: '{"status":"Succeeded","calls":{"HelloDockerHostname.GetStartTime":[{"jobId":"40375560","attempt":1,"shardIndex":-1}],"HelloDockerHostname.Hostname":[{"jobId":"40375562","attempt":1,"shardIndex":-1}],"HelloDockerHostname.GetEndTime":[{"jobId":"40375567","attempt":1,"shardIndex":-1}],"HelloDockerHostname.ValidateExecutionTime":[{"jobId":"40375571","attempt":1,"shardIndex":-1}]},"id":"6ee0040b-9f5e-4879-928a-980b728ea148"}'
    headers:
      Connection:
      - keep-alive
      Content-Type:
      - application/json
      Date:
      - Sun, 26 Oct 2025 04:19:34 GMT
      Server:
      - nginx/1.25.3
      Transfer-Encoding:
      - chunked
      content-length:
      - '423'
    status:
      code: 200
      message: OK
version: 1
