interactions:
- request:
    body: "--f05ff9385e18369a49fd3a3abd16bc6a\r\nContent-Disposition: form-data; name=\"workflowSource\";
      filename=\"globSymlink.wdl\"\r\nContent-Type: application/octet-stream\r\n\r\nversion
      1.0\n\nworkflow globSymlink {\n    call create_nested_files\n    output {\n
      \       Array[File] matched_files = flatten([create_nested_files.matched_files_top,
      create_nested_files.matched_files_nested])\n        Array[File] symlink_matches
      = create_nested_files.matched_symlinks\n    }\n}\n\ntask create_nested_files
      {\n    command <<<\n        mkdir -p subdir/nested\n        echo \"Hello\" >
      subdir/nested/file1.txt\n        echo \"World\" > subdir/file2.txt\n\n        #
      Create symlinks\n        mkdir -p symlinks\n        ln -s ../subdir/nested/file1.txt
      symlinks/link_to_file1.txt\n        ln -s ../subdir/file2.txt symlinks/link_to_file2.txt\n
      \   >>>\n    output {\n        Array[File] matched_files_top = glob(\"subdir/*.txt\")\n
      \       Array[File] matched_files_nested = glob(\"subdir/**/*.txt\")\n        Array[File]
      matched_symlinks = glob(\"symlinks/*.txt\")\n    }\n}\n\r\n--f05ff9385e18369a49fd3a3abd16bc6a\r\nContent-Disposition:
      form-data; name=\"workflowOptions\"; filename=\"options.json\"\r\nContent-Type:
      application/json\r\n\r\n{\n    \"workflow_failure_mode\": \"ContinueWhilePossible\",\n
      \   \"write_to_cache\": false,\n    \"read_from_cache\": false\n}\n\r\n--f05ff9385e18369a49fd3a3abd16bc6a--\r\n"
    headers:
      Accept:
      - '*/*'
      Accept-Encoding:
      - gzip, deflate
      Connection:
      - keep-alive
      Content-Length:
      - '1321'
      Content-Type:
      - multipart/form-data; boundary=f05ff9385e18369a49fd3a3abd16bc6a
      Host:
      - gizmoj9.fhcrc.org:35725
      User-Agent:
      - python-httpx/0.28.1
    method: POST
    uri: https://gizmoj9.fhcrc.org:35725/api/workflows/v1
  response:
    body:
      string: '{"id":"ddb204aa-5c8d-4cd3-bfd5-67b4f297998f","status":"Submitted"}'
    headers:
      Connection:
      - keep-alive
      Content-Length:
      - '66'
      Content-Type:
      - application/json
      Date:
      - Sun, 28 Dec 2025 04:26:37 GMT
      Server:
      - nginx/1.25.3
    status:
      code: 201
      message: Created
- request:
    body: ''
    headers:
      Accept:
      - '*/*'
      Accept-Encoding:
      - gzip, deflate
      Connection:
      - keep-alive
      Host:
      - gizmoj9.fhcrc.org:35725
      User-Agent:
      - python-httpx/0.28.1
    method: GET
    uri: https://gizmoj9.fhcrc.org:35725/api/workflows/v1/ddb204aa-5c8d-4cd3-bfd5-67b4f297998f/metadata?includeKey=status&includeKey=failures&includeKey=jobId
  response:
    body:
      string: '{"status":"Submitted","calls":{},"id":"ddb204aa-5c8d-4cd3-bfd5-67b4f297998f"}'
    headers:
      Connection:
      - keep-alive
      Content-Type:
      - application/json
      Date:
      - Sun, 28 Dec 2025 04:26:43 GMT
      Server:
      - nginx/1.25.3
      Transfer-Encoding:
      - chunked
      content-length:
      - '77'
    status:
      code: 200
      message: OK
- request:
    body: ''
    headers:
      Accept:
      - '*/*'
      Accept-Encoding:
      - gzip, deflate
      Connection:
      - keep-alive
      Host:
      - gizmoj9.fhcrc.org:35725
      User-Agent:
      - python-httpx/0.28.1
    method: GET
    uri: https://gizmoj9.fhcrc.org:35725/api/workflows/v1/ddb204aa-5c8d-4cd3-bfd5-67b4f297998f/metadata?includeKey=status&includeKey=failures&includeKey=jobId
  response:
    body:
      string: '{"status":"Submitted","calls":{},"id":"ddb204aa-5c8d-4cd3-bfd5-67b4f297998f"}'
    headers:
      Connection:
      - keep-alive
      Content-Type:
      - application/json
      Date:
      - Sun, 28 Dec 2025 04:26:48 GMT
      Server:
      - nginx/1.25.3
      Transfer-Encoding:
      - chunked
      content-length:
      - '77'
    status:
      code: 200
      message: OK
- request:
    body: ''
    headers:
      Accept:
      - '*/*'
      Accept-Encoding:
      - gzip, deflate
      Connection:
      - keep-alive
      Host:
      - gizmoj9.fhcrc.org:35725
      User-Agent:
      - python-httpx/0.28.1
    method: GET
    uri: https://gizmoj9.fhcrc.org:35725/api/workflows/v1/ddb204aa-5c8d-4cd3-bfd5-67b4f297998f/metadata?includeKey=status&includeKey=failures&includeKey=jobId
  response:
    body:
      string: '{"status":"Submitted","calls":{},"id":"ddb204aa-5c8d-4cd3-bfd5-67b4f297998f"}'
    headers:
      Connection:
      - keep-alive
      Content-Type:
      - application/json
      Date:
      - Sun, 28 Dec 2025 04:26:53 GMT
      Server:
      - nginx/1.25.3
      Transfer-Encoding:
      - chunked
      content-length:
      - '77'
    status:
      code: 200
      message: OK
- request:
    body: ''
    headers:
      Accept:
      - '*/*'
      Accept-Encoding:
      - gzip, deflate
      Connection:
      - keep-alive
      Host:
      - gizmoj9.fhcrc.org:35725
      User-Agent:
      - python-httpx/0.28.1
    method: GET
    uri: https://gizmoj9.fhcrc.org:35725/api/workflows/v1/ddb204aa-5c8d-4cd3-bfd5-67b4f297998f/metadata?includeKey=status&includeKey=failures&includeKey=jobId
  response:
    body:
      string: '{"status":"Submitted","calls":{},"id":"ddb204aa-5c8d-4cd3-bfd5-67b4f297998f"}'
    headers:
      Connection:
      - keep-alive
      Content-Type:
      - application/json
      Date:
      - Sun, 28 Dec 2025 04:26:58 GMT
      Server:
      - nginx/1.25.3
      Transfer-Encoding:
      - chunked
      content-length:
      - '77'
    status:
      code: 200
      message: OK
- request:
    body: ''
    headers:
      Accept:
      - '*/*'
      Accept-Encoding:
      - gzip, deflate
      Connection:
      - keep-alive
      Host:
      - gizmoj9.fhcrc.org:35725
      User-Agent:
      - python-httpx/0.28.1
    method: GET
    uri: https://gizmoj9.fhcrc.org:35725/api/workflows/v1/ddb204aa-5c8d-4cd3-bfd5-67b4f297998f/metadata?includeKey=status&includeKey=failures&includeKey=jobId
  response:
    body:
      string: '{"status":"Submitted","calls":{},"id":"ddb204aa-5c8d-4cd3-bfd5-67b4f297998f"}'
    headers:
      Connection:
      - keep-alive
      Content-Type:
      - application/json
      Date:
      - Sun, 28 Dec 2025 04:27:03 GMT
      Server:
      - nginx/1.25.3
      Transfer-Encoding:
      - chunked
      content-length:
      - '77'
    status:
      code: 200
      message: OK
- request:
    body: ''
    headers:
      Accept:
      - '*/*'
      Accept-Encoding:
      - gzip, deflate
      Connection:
      - keep-alive
      Host:
      - gizmoj9.fhcrc.org:35725
      User-Agent:
      - python-httpx/0.28.1
    method: GET
    uri: https://gizmoj9.fhcrc.org:35725/api/workflows/v1/ddb204aa-5c8d-4cd3-bfd5-67b4f297998f/metadata?includeKey=status&includeKey=failures&includeKey=jobId
  response:
    body:
      string: '{"status":"Submitted","calls":{},"id":"ddb204aa-5c8d-4cd3-bfd5-67b4f297998f"}'
    headers:
      Connection:
      - keep-alive
      Content-Type:
      - application/json
      Date:
      - Sun, 28 Dec 2025 04:27:08 GMT
      Server:
      - nginx/1.25.3
      Transfer-Encoding:
      - chunked
      content-length:
      - '77'
    status:
      code: 200
      message: OK
- request:
    body: ''
    headers:
      Accept:
      - '*/*'
      Accept-Encoding:
      - gzip, deflate
      Connection:
      - keep-alive
      Host:
      - gizmoj9.fhcrc.org:35725
      User-Agent:
      - python-httpx/0.28.1
    method: GET
    uri: https://gizmoj9.fhcrc.org:35725/api/workflows/v1/ddb204aa-5c8d-4cd3-bfd5-67b4f297998f/metadata?includeKey=status&includeKey=failures&includeKey=jobId
  response:
    body:
      string: '{"status":"Submitted","calls":{},"id":"ddb204aa-5c8d-4cd3-bfd5-67b4f297998f"}'
    headers:
      Connection:
      - keep-alive
      Content-Type:
      - application/json
      Date:
      - Sun, 28 Dec 2025 04:27:13 GMT
      Server:
      - nginx/1.25.3
      Transfer-Encoding:
      - chunked
      content-length:
      - '77'
    status:
      code: 200
      message: OK
- request:
    body: ''
    headers:
      Accept:
      - '*/*'
      Accept-Encoding:
      - gzip, deflate
      Connection:
      - keep-alive
      Host:
      - gizmoj9.fhcrc.org:35725
      User-Agent:
      - python-httpx/0.28.1
    method: GET
    uri: https://gizmoj9.fhcrc.org:35725/api/workflows/v1/ddb204aa-5c8d-4cd3-bfd5-67b4f297998f/metadata?includeKey=status&includeKey=failures&includeKey=jobId
  response:
    body:
      string: '{"status":"Submitted","calls":{},"id":"ddb204aa-5c8d-4cd3-bfd5-67b4f297998f"}'
    headers:
      Connection:
      - keep-alive
      Content-Type:
      - application/json
      Date:
      - Sun, 28 Dec 2025 04:27:18 GMT
      Server:
      - nginx/1.25.3
      Transfer-Encoding:
      - chunked
      content-length:
      - '77'
    status:
      code: 200
      message: OK
- request:
    body: ''
    headers:
      Accept:
      - '*/*'
      Accept-Encoding:
      - gzip, deflate
      Connection:
      - keep-alive
      Host:
      - gizmoj9.fhcrc.org:35725
      User-Agent:
      - python-httpx/0.28.1
    method: GET
    uri: https://gizmoj9.fhcrc.org:35725/api/workflows/v1/ddb204aa-5c8d-4cd3-bfd5-67b4f297998f/metadata?includeKey=status&includeKey=failures&includeKey=jobId
  response:
    body:
      string: '{"status":"Submitted","calls":{},"id":"ddb204aa-5c8d-4cd3-bfd5-67b4f297998f"}'
    headers:
      Connection:
      - keep-alive
      Content-Type:
      - application/json
      Date:
      - Sun, 28 Dec 2025 04:27:23 GMT
      Server:
      - nginx/1.25.3
      Transfer-Encoding:
      - chunked
      content-length:
      - '77'
    status:
      code: 200
      message: OK
- request:
    body: ''
    headers:
      Accept:
      - '*/*'
      Accept-Encoding:
      - gzip, deflate
      Connection:
      - keep-alive
      Host:
      - gizmoj9.fhcrc.org:35725
      User-Agent:
      - python-httpx/0.28.1
    method: GET
    uri: https://gizmoj9.fhcrc.org:35725/api/workflows/v1/ddb204aa-5c8d-4cd3-bfd5-67b4f297998f/metadata?includeKey=status&includeKey=failures&includeKey=jobId
  response:
    body:
      string: '{"status":"Submitted","calls":{},"id":"ddb204aa-5c8d-4cd3-bfd5-67b4f297998f"}'
    headers:
      Connection:
      - keep-alive
      Content-Type:
      - application/json
      Date:
      - Sun, 28 Dec 2025 04:27:28 GMT
      Server:
      - nginx/1.25.3
      Transfer-Encoding:
      - chunked
      content-length:
      - '77'
    status:
      code: 200
      message: OK
- request:
    body: ''
    headers:
      Accept:
      - '*/*'
      Accept-Encoding:
      - gzip, deflate
      Connection:
      - keep-alive
      Host:
      - gizmoj9.fhcrc.org:35725
      User-Agent:
      - python-httpx/0.28.1
    method: GET
    uri: https://gizmoj9.fhcrc.org:35725/api/workflows/v1/ddb204aa-5c8d-4cd3-bfd5-67b4f297998f/metadata?includeKey=status&includeKey=failures&includeKey=jobId
  response:
    body:
      string: '{"status":"Submitted","calls":{},"id":"ddb204aa-5c8d-4cd3-bfd5-67b4f297998f"}'
    headers:
      Connection:
      - keep-alive
      Content-Type:
      - application/json
      Date:
      - Sun, 28 Dec 2025 04:27:33 GMT
      Server:
      - nginx/1.25.3
      Transfer-Encoding:
      - chunked
      content-length:
      - '77'
    status:
      code: 200
      message: OK
- request:
    body: ''
    headers:
      Accept:
      - '*/*'
      Accept-Encoding:
      - gzip, deflate
      Connection:
      - keep-alive
      Host:
      - gizmoj9.fhcrc.org:35725
      User-Agent:
      - python-httpx/0.28.1
    method: GET
    uri: https://gizmoj9.fhcrc.org:35725/api/workflows/v1/ddb204aa-5c8d-4cd3-bfd5-67b4f297998f/metadata?includeKey=status&includeKey=failures&includeKey=jobId
  response:
    body:
      string: '{"status":"Submitted","calls":{},"id":"ddb204aa-5c8d-4cd3-bfd5-67b4f297998f"}'
    headers:
      Connection:
      - keep-alive
      Content-Type:
      - application/json
      Date:
      - Sun, 28 Dec 2025 04:27:38 GMT
      Server:
      - nginx/1.25.3
      Transfer-Encoding:
      - chunked
      content-length:
      - '77'
    status:
      code: 200
      message: OK
- request:
    body: ''
    headers:
      Accept:
      - '*/*'
      Accept-Encoding:
      - gzip, deflate
      Connection:
      - keep-alive
      Host:
      - gizmoj9.fhcrc.org:35725
      User-Agent:
      - python-httpx/0.28.1
    method: GET
    uri: https://gizmoj9.fhcrc.org:35725/api/workflows/v1/ddb204aa-5c8d-4cd3-bfd5-67b4f297998f/metadata?includeKey=status&includeKey=failures&includeKey=jobId
  response:
    body:
      string: '{"status":"Submitted","calls":{},"id":"ddb204aa-5c8d-4cd3-bfd5-67b4f297998f"}'
    headers:
      Connection:
      - keep-alive
      Content-Type:
      - application/json
      Date:
      - Sun, 28 Dec 2025 04:27:43 GMT
      Server:
      - nginx/1.25.3
      Transfer-Encoding:
      - chunked
      content-length:
      - '77'
    status:
      code: 200
      message: OK
- request:
    body: ''
    headers:
      Accept:
      - '*/*'
      Accept-Encoding:
      - gzip, deflate
      Connection:
      - keep-alive
      Host:
      - gizmoj9.fhcrc.org:35725
      User-Agent:
      - python-httpx/0.28.1
    method: GET
    uri: https://gizmoj9.fhcrc.org:35725/api/workflows/v1/ddb204aa-5c8d-4cd3-bfd5-67b4f297998f/metadata?includeKey=status&includeKey=failures&includeKey=jobId
  response:
    body:
      string: '{"status":"Submitted","calls":{},"id":"ddb204aa-5c8d-4cd3-bfd5-67b4f297998f"}'
    headers:
      Connection:
      - keep-alive
      Content-Type:
      - application/json
      Date:
      - Sun, 28 Dec 2025 04:27:48 GMT
      Server:
      - nginx/1.25.3
      Transfer-Encoding:
      - chunked
      content-length:
      - '77'
    status:
      code: 200
      message: OK
- request:
    body: ''
    headers:
      Accept:
      - '*/*'
      Accept-Encoding:
      - gzip, deflate
      Connection:
      - keep-alive
      Host:
      - gizmoj9.fhcrc.org:35725
      User-Agent:
      - python-httpx/0.28.1
    method: GET
    uri: https://gizmoj9.fhcrc.org:35725/api/workflows/v1/ddb204aa-5c8d-4cd3-bfd5-67b4f297998f/metadata?includeKey=status&includeKey=failures&includeKey=jobId
  response:
    body:
      string: '{"status":"Submitted","calls":{},"id":"ddb204aa-5c8d-4cd3-bfd5-67b4f297998f"}'
    headers:
      Connection:
      - keep-alive
      Content-Type:
      - application/json
      Date:
      - Sun, 28 Dec 2025 04:27:53 GMT
      Server:
      - nginx/1.25.3
      Transfer-Encoding:
      - chunked
      content-length:
      - '77'
    status:
      code: 200
      message: OK
- request:
    body: ''
    headers:
      Accept:
      - '*/*'
      Accept-Encoding:
      - gzip, deflate
      Connection:
      - keep-alive
      Host:
      - gizmoj9.fhcrc.org:35725
      User-Agent:
      - python-httpx/0.28.1
    method: GET
    uri: https://gizmoj9.fhcrc.org:35725/api/workflows/v1/ddb204aa-5c8d-4cd3-bfd5-67b4f297998f/metadata?includeKey=status&includeKey=failures&includeKey=jobId
  response:
    body:
      string: '{"status":"Submitted","calls":{},"id":"ddb204aa-5c8d-4cd3-bfd5-67b4f297998f"}'
    headers:
      Connection:
      - keep-alive
      Content-Type:
      - application/json
      Date:
      - Sun, 28 Dec 2025 04:27:58 GMT
      Server:
      - nginx/1.25.3
      Transfer-Encoding:
      - chunked
      content-length:
      - '77'
    status:
      code: 200
      message: OK
- request:
    body: ''
    headers:
      Accept:
      - '*/*'
      Accept-Encoding:
      - gzip, deflate
      Connection:
      - keep-alive
      Host:
      - gizmoj9.fhcrc.org:35725
      User-Agent:
      - python-httpx/0.28.1
    method: GET
    uri: https://gizmoj9.fhcrc.org:35725/api/workflows/v1/ddb204aa-5c8d-4cd3-bfd5-67b4f297998f/metadata?includeKey=status&includeKey=failures&includeKey=jobId
  response:
    body:
      string: '{"status":"Submitted","calls":{},"id":"ddb204aa-5c8d-4cd3-bfd5-67b4f297998f"}'
    headers:
      Connection:
      - keep-alive
      Content-Type:
      - application/json
      Date:
      - Sun, 28 Dec 2025 04:28:03 GMT
      Server:
      - nginx/1.25.3
      Transfer-Encoding:
      - chunked
      content-length:
      - '77'
    status:
      code: 200
      message: OK
- request:
    body: ''
    headers:
      Accept:
      - '*/*'
      Accept-Encoding:
      - gzip, deflate
      Connection:
      - keep-alive
      Host:
      - gizmoj9.fhcrc.org:35725
      User-Agent:
      - python-httpx/0.28.1
    method: GET
    uri: https://gizmoj9.fhcrc.org:35725/api/workflows/v1/ddb204aa-5c8d-4cd3-bfd5-67b4f297998f/metadata?includeKey=status&includeKey=failures&includeKey=jobId
  response:
    body:
      string: '{"status":"Submitted","calls":{},"id":"ddb204aa-5c8d-4cd3-bfd5-67b4f297998f"}'
    headers:
      Connection:
      - keep-alive
      Content-Type:
      - application/json
      Date:
      - Sun, 28 Dec 2025 04:28:08 GMT
      Server:
      - nginx/1.25.3
      Transfer-Encoding:
      - chunked
      content-length:
      - '77'
    status:
      code: 200
      message: OK
- request:
    body: ''
    headers:
      Accept:
      - '*/*'
      Accept-Encoding:
      - gzip, deflate
      Connection:
      - keep-alive
      Host:
      - gizmoj9.fhcrc.org:35725
      User-Agent:
      - python-httpx/0.28.1
    method: GET
    uri: https://gizmoj9.fhcrc.org:35725/api/workflows/v1/ddb204aa-5c8d-4cd3-bfd5-67b4f297998f/metadata?includeKey=status&includeKey=failures&includeKey=jobId
  response:
    body:
      string: '{"status":"Submitted","calls":{},"id":"ddb204aa-5c8d-4cd3-bfd5-67b4f297998f"}'
    headers:
      Connection:
      - keep-alive
      Content-Type:
      - application/json
      Date:
      - Sun, 28 Dec 2025 04:28:13 GMT
      Server:
      - nginx/1.25.3
      Transfer-Encoding:
      - chunked
      content-length:
      - '77'
    status:
      code: 200
      message: OK
- request:
    body: ''
    headers:
      Accept:
      - '*/*'
      Accept-Encoding:
      - gzip, deflate
      Connection:
      - keep-alive
      Host:
      - gizmoj9.fhcrc.org:35725
      User-Agent:
      - python-httpx/0.28.1
    method: GET
    uri: https://gizmoj9.fhcrc.org:35725/api/workflows/v1/ddb204aa-5c8d-4cd3-bfd5-67b4f297998f/metadata?includeKey=status&includeKey=failures&includeKey=jobId
  response:
    body:
      string: '{"status":"Submitted","calls":{},"id":"ddb204aa-5c8d-4cd3-bfd5-67b4f297998f"}'
    headers:
      Connection:
      - keep-alive
      Content-Type:
      - application/json
      Date:
      - Sun, 28 Dec 2025 04:28:18 GMT
      Server:
      - nginx/1.25.3
      Transfer-Encoding:
      - chunked
      content-length:
      - '77'
    status:
      code: 200
      message: OK
- request:
    body: ''
    headers:
      Accept:
      - '*/*'
      Accept-Encoding:
      - gzip, deflate
      Connection:
      - keep-alive
      Host:
      - gizmoj9.fhcrc.org:35725
      User-Agent:
      - python-httpx/0.28.1
    method: GET
    uri: https://gizmoj9.fhcrc.org:35725/api/workflows/v1/ddb204aa-5c8d-4cd3-bfd5-67b4f297998f/metadata?includeKey=status&includeKey=failures&includeKey=jobId
  response:
    body:
      string: '{"status":"Submitted","calls":{},"id":"ddb204aa-5c8d-4cd3-bfd5-67b4f297998f"}'
    headers:
      Connection:
      - keep-alive
      Content-Type:
      - application/json
      Date:
      - Sun, 28 Dec 2025 04:28:23 GMT
      Server:
      - nginx/1.25.3
      Transfer-Encoding:
      - chunked
      content-length:
      - '77'
    status:
      code: 200
      message: OK
- request:
    body: ''
    headers:
      Accept:
      - '*/*'
      Accept-Encoding:
      - gzip, deflate
      Connection:
      - keep-alive
      Host:
      - gizmoj9.fhcrc.org:35725
      User-Agent:
      - python-httpx/0.28.1
    method: GET
    uri: https://gizmoj9.fhcrc.org:35725/api/workflows/v1/ddb204aa-5c8d-4cd3-bfd5-67b4f297998f/metadata?includeKey=status&includeKey=failures&includeKey=jobId
  response:
    body:
      string: '{"status":"Submitted","calls":{},"id":"ddb204aa-5c8d-4cd3-bfd5-67b4f297998f"}'
    headers:
      Connection:
      - keep-alive
      Content-Type:
      - application/json
      Date:
      - Sun, 28 Dec 2025 04:28:28 GMT
      Server:
      - nginx/1.25.3
      Transfer-Encoding:
      - chunked
      content-length:
      - '77'
    status:
      code: 200
      message: OK
- request:
    body: ''
    headers:
      Accept:
      - '*/*'
      Accept-Encoding:
      - gzip, deflate
      Connection:
      - keep-alive
      Host:
      - gizmoj9.fhcrc.org:35725
      User-Agent:
      - python-httpx/0.28.1
    method: GET
    uri: https://gizmoj9.fhcrc.org:35725/api/workflows/v1/ddb204aa-5c8d-4cd3-bfd5-67b4f297998f/metadata?includeKey=status&includeKey=failures&includeKey=jobId
  response:
    body:
      string: '{"status":"Submitted","calls":{},"id":"ddb204aa-5c8d-4cd3-bfd5-67b4f297998f"}'
    headers:
      Connection:
      - keep-alive
      Content-Type:
      - application/json
      Date:
      - Sun, 28 Dec 2025 04:28:33 GMT
      Server:
      - nginx/1.25.3
      Transfer-Encoding:
      - chunked
      content-length:
      - '77'
    status:
      code: 200
      message: OK
- request:
    body: ''
    headers:
      Accept:
      - '*/*'
      Accept-Encoding:
      - gzip, deflate
      Connection:
      - keep-alive
      Host:
      - gizmoj9.fhcrc.org:35725
      User-Agent:
      - python-httpx/0.28.1
    method: GET
    uri: https://gizmoj9.fhcrc.org:35725/api/workflows/v1/ddb204aa-5c8d-4cd3-bfd5-67b4f297998f/metadata?includeKey=status&includeKey=failures&includeKey=jobId
  response:
    body:
      string: '{"status":"Submitted","calls":{},"id":"ddb204aa-5c8d-4cd3-bfd5-67b4f297998f"}'
    headers:
      Connection:
      - keep-alive
      Content-Type:
      - application/json
      Date:
      - Sun, 28 Dec 2025 04:28:38 GMT
      Server:
      - nginx/1.25.3
      Transfer-Encoding:
      - chunked
      content-length:
      - '77'
    status:
      code: 200
      message: OK
- request:
    body: ''
    headers:
      Accept:
      - '*/*'
      Accept-Encoding:
      - gzip, deflate
      Connection:
      - keep-alive
      Host:
      - gizmoj9.fhcrc.org:35725
      User-Agent:
      - python-httpx/0.28.1
    method: GET
    uri: https://gizmoj9.fhcrc.org:35725/api/workflows/v1/ddb204aa-5c8d-4cd3-bfd5-67b4f297998f/metadata?includeKey=status&includeKey=failures&includeKey=jobId
  response:
    body:
      string: '{"status":"Submitted","calls":{},"id":"ddb204aa-5c8d-4cd3-bfd5-67b4f297998f"}'
    headers:
      Connection:
      - keep-alive
      Content-Type:
      - application/json
      Date:
      - Sun, 28 Dec 2025 04:28:44 GMT
      Server:
      - nginx/1.25.3
      Transfer-Encoding:
      - chunked
      content-length:
      - '77'
    status:
      code: 200
      message: OK
- request:
    body: ''
    headers:
      Accept:
      - '*/*'
      Accept-Encoding:
      - gzip, deflate
      Connection:
      - keep-alive
      Host:
      - gizmoj9.fhcrc.org:35725
      User-Agent:
      - python-httpx/0.28.1
    method: GET
    uri: https://gizmoj9.fhcrc.org:35725/api/workflows/v1/ddb204aa-5c8d-4cd3-bfd5-67b4f297998f/metadata?includeKey=status&includeKey=failures&includeKey=jobId
  response:
    body:
      string: '{"status":"Submitted","calls":{},"id":"ddb204aa-5c8d-4cd3-bfd5-67b4f297998f"}'
    headers:
      Connection:
      - keep-alive
      Content-Type:
      - application/json
      Date:
      - Sun, 28 Dec 2025 04:28:49 GMT
      Server:
      - nginx/1.25.3
      Transfer-Encoding:
      - chunked
      content-length:
      - '77'
    status:
      code: 200
      message: OK
- request:
    body: ''
    headers:
      Accept:
      - '*/*'
      Accept-Encoding:
      - gzip, deflate
      Connection:
      - keep-alive
      Host:
      - gizmoj9.fhcrc.org:35725
      User-Agent:
      - python-httpx/0.28.1
    method: GET
    uri: https://gizmoj9.fhcrc.org:35725/api/workflows/v1/ddb204aa-5c8d-4cd3-bfd5-67b4f297998f/metadata?includeKey=status&includeKey=failures&includeKey=jobId
  response:
    body:
      string: '{"status":"Submitted","calls":{},"id":"ddb204aa-5c8d-4cd3-bfd5-67b4f297998f"}'
    headers:
      Connection:
      - keep-alive
      Content-Type:
      - application/json
      Date:
      - Sun, 28 Dec 2025 04:28:54 GMT
      Server:
      - nginx/1.25.3
      Transfer-Encoding:
      - chunked
      content-length:
      - '77'
    status:
      code: 200
      message: OK
- request:
    body: ''
    headers:
      Accept:
      - '*/*'
      Accept-Encoding:
      - gzip, deflate
      Connection:
      - keep-alive
      Host:
      - gizmoj9.fhcrc.org:35725
      User-Agent:
      - python-httpx/0.28.1
    method: GET
    uri: https://gizmoj9.fhcrc.org:35725/api/workflows/v1/ddb204aa-5c8d-4cd3-bfd5-67b4f297998f/metadata?includeKey=status&includeKey=failures&includeKey=jobId
  response:
    body:
      string: '{"status":"Submitted","calls":{},"id":"ddb204aa-5c8d-4cd3-bfd5-67b4f297998f"}'
    headers:
      Connection:
      - keep-alive
      Content-Type:
      - application/json
      Date:
      - Sun, 28 Dec 2025 04:28:59 GMT
      Server:
      - nginx/1.25.3
      Transfer-Encoding:
      - chunked
      content-length:
      - '77'
    status:
      code: 200
      message: OK
- request:
    body: ''
    headers:
      Accept:
      - '*/*'
      Accept-Encoding:
      - gzip, deflate
      Connection:
      - keep-alive
      Host:
      - gizmoj9.fhcrc.org:35725
      User-Agent:
      - python-httpx/0.28.1
    method: GET
    uri: https://gizmoj9.fhcrc.org:35725/api/workflows/v1/ddb204aa-5c8d-4cd3-bfd5-67b4f297998f/metadata?includeKey=status&includeKey=failures&includeKey=jobId
  response:
    body:
      string: '{"status":"Submitted","calls":{},"id":"ddb204aa-5c8d-4cd3-bfd5-67b4f297998f"}'
    headers:
      Connection:
      - keep-alive
      Content-Type:
      - application/json
      Date:
      - Sun, 28 Dec 2025 04:29:04 GMT
      Server:
      - nginx/1.25.3
      Transfer-Encoding:
      - chunked
      content-length:
      - '77'
    status:
      code: 200
      message: OK
- request:
    body: ''
    headers:
      Accept:
      - '*/*'
      Accept-Encoding:
      - gzip, deflate
      Connection:
      - keep-alive
      Host:
      - gizmoj9.fhcrc.org:35725
      User-Agent:
      - python-httpx/0.28.1
    method: GET
    uri: https://gizmoj9.fhcrc.org:35725/api/workflows/v1/ddb204aa-5c8d-4cd3-bfd5-67b4f297998f/metadata?includeKey=status&includeKey=failures&includeKey=jobId
  response:
    body:
      string: '{"status":"Submitted","calls":{},"id":"ddb204aa-5c8d-4cd3-bfd5-67b4f297998f"}'
    headers:
      Connection:
      - keep-alive
      Content-Type:
      - application/json
      Date:
      - Sun, 28 Dec 2025 04:29:09 GMT
      Server:
      - nginx/1.25.3
      Transfer-Encoding:
      - chunked
      content-length:
      - '77'
    status:
      code: 200
      message: OK
- request:
    body: ''
    headers:
      Accept:
      - '*/*'
      Accept-Encoding:
      - gzip, deflate
      Connection:
      - keep-alive
      Host:
      - gizmoj9.fhcrc.org:35725
      User-Agent:
      - python-httpx/0.28.1
    method: GET
    uri: https://gizmoj9.fhcrc.org:35725/api/workflows/v1/ddb204aa-5c8d-4cd3-bfd5-67b4f297998f/metadata?includeKey=status&includeKey=failures&includeKey=jobId
  response:
    body:
      string: '{"status":"Submitted","calls":{},"id":"ddb204aa-5c8d-4cd3-bfd5-67b4f297998f"}'
    headers:
      Connection:
      - keep-alive
      Content-Type:
      - application/json
      Date:
      - Sun, 28 Dec 2025 04:29:14 GMT
      Server:
      - nginx/1.25.3
      Transfer-Encoding:
      - chunked
      content-length:
      - '77'
    status:
      code: 200
      message: OK
- request:
    body: ''
    headers:
      Accept:
      - '*/*'
      Accept-Encoding:
      - gzip, deflate
      Connection:
      - keep-alive
      Host:
      - gizmoj9.fhcrc.org:35725
      User-Agent:
      - python-httpx/0.28.1
    method: GET
    uri: https://gizmoj9.fhcrc.org:35725/api/workflows/v1/ddb204aa-5c8d-4cd3-bfd5-67b4f297998f/metadata?includeKey=status&includeKey=failures&includeKey=jobId
  response:
    body:
      string: '{"status":"Submitted","calls":{},"id":"ddb204aa-5c8d-4cd3-bfd5-67b4f297998f"}'
    headers:
      Connection:
      - keep-alive
      Content-Type:
      - application/json
      Date:
      - Sun, 28 Dec 2025 04:29:19 GMT
      Server:
      - nginx/1.25.3
      Transfer-Encoding:
      - chunked
      content-length:
      - '77'
    status:
      code: 200
      message: OK
- request:
    body: ''
    headers:
      Accept:
      - '*/*'
      Accept-Encoding:
      - gzip, deflate
      Connection:
      - keep-alive
      Host:
      - gizmoj9.fhcrc.org:35725
      User-Agent:
      - python-httpx/0.28.1
    method: GET
    uri: https://gizmoj9.fhcrc.org:35725/api/workflows/v1/ddb204aa-5c8d-4cd3-bfd5-67b4f297998f/metadata?includeKey=status&includeKey=failures&includeKey=jobId
  response:
    body:
      string: '{"status":"Submitted","calls":{},"id":"ddb204aa-5c8d-4cd3-bfd5-67b4f297998f"}'
    headers:
      Connection:
      - keep-alive
      Content-Type:
      - application/json
      Date:
      - Sun, 28 Dec 2025 04:29:24 GMT
      Server:
      - nginx/1.25.3
      Transfer-Encoding:
      - chunked
      content-length:
      - '77'
    status:
      code: 200
      message: OK
- request:
    body: ''
    headers:
      Accept:
      - '*/*'
      Accept-Encoding:
      - gzip, deflate
      Connection:
      - keep-alive
      Host:
      - gizmoj9.fhcrc.org:35725
      User-Agent:
      - python-httpx/0.28.1
    method: GET
    uri: https://gizmoj9.fhcrc.org:35725/api/workflows/v1/ddb204aa-5c8d-4cd3-bfd5-67b4f297998f/metadata?includeKey=status&includeKey=failures&includeKey=jobId
  response:
    body:
      string: '{"status":"Submitted","calls":{},"id":"ddb204aa-5c8d-4cd3-bfd5-67b4f297998f"}'
    headers:
      Connection:
      - keep-alive
      Content-Type:
      - application/json
      Date:
      - Sun, 28 Dec 2025 04:29:29 GMT
      Server:
      - nginx/1.25.3
      Transfer-Encoding:
      - chunked
      content-length:
      - '77'
    status:
      code: 200
      message: OK
- request:
    body: ''
    headers:
      Accept:
      - '*/*'
      Accept-Encoding:
      - gzip, deflate
      Connection:
      - keep-alive
      Host:
      - gizmoj9.fhcrc.org:35725
      User-Agent:
      - python-httpx/0.28.1
    method: GET
    uri: https://gizmoj9.fhcrc.org:35725/api/workflows/v1/ddb204aa-5c8d-4cd3-bfd5-67b4f297998f/metadata?includeKey=status&includeKey=failures&includeKey=jobId
  response:
    body:
      string: '{"status":"Submitted","calls":{},"id":"ddb204aa-5c8d-4cd3-bfd5-67b4f297998f"}'
    headers:
      Connection:
      - keep-alive
      Content-Type:
      - application/json
      Date:
      - Sun, 28 Dec 2025 04:29:34 GMT
      Server:
      - nginx/1.25.3
      Transfer-Encoding:
      - chunked
      content-length:
      - '77'
    status:
      code: 200
      message: OK
- request:
    body: ''
    headers:
      Accept:
      - '*/*'
      Accept-Encoding:
      - gzip, deflate
      Connection:
      - keep-alive
      Host:
      - gizmoj9.fhcrc.org:35725
      User-Agent:
      - python-httpx/0.28.1
    method: GET
    uri: https://gizmoj9.fhcrc.org:35725/api/workflows/v1/ddb204aa-5c8d-4cd3-bfd5-67b4f297998f/metadata?includeKey=status&includeKey=failures&includeKey=jobId
  response:
    body:
      string: '{"status":"Submitted","calls":{},"id":"ddb204aa-5c8d-4cd3-bfd5-67b4f297998f"}'
    headers:
      Connection:
      - keep-alive
      Content-Type:
      - application/json
      Date:
      - Sun, 28 Dec 2025 04:29:39 GMT
      Server:
      - nginx/1.25.3
      Transfer-Encoding:
      - chunked
      content-length:
      - '77'
    status:
      code: 200
      message: OK
- request:
    body: ''
    headers:
      Accept:
      - '*/*'
      Accept-Encoding:
      - gzip, deflate
      Connection:
      - keep-alive
      Host:
      - gizmoj9.fhcrc.org:35725
      User-Agent:
      - python-httpx/0.28.1
    method: GET
    uri: https://gizmoj9.fhcrc.org:35725/api/workflows/v1/ddb204aa-5c8d-4cd3-bfd5-67b4f297998f/metadata?includeKey=status&includeKey=failures&includeKey=jobId
  response:
    body:
      string: '{"status":"Submitted","calls":{},"id":"ddb204aa-5c8d-4cd3-bfd5-67b4f297998f"}'
    headers:
      Connection:
      - keep-alive
      Content-Type:
      - application/json
      Date:
      - Sun, 28 Dec 2025 04:29:44 GMT
      Server:
      - nginx/1.25.3
      Transfer-Encoding:
      - chunked
      content-length:
      - '77'
    status:
      code: 200
      message: OK
- request:
    body: ''
    headers:
      Accept:
      - '*/*'
      Accept-Encoding:
      - gzip, deflate
      Connection:
      - keep-alive
      Host:
      - gizmoj9.fhcrc.org:35725
      User-Agent:
      - python-httpx/0.28.1
    method: GET
    uri: https://gizmoj9.fhcrc.org:35725/api/workflows/v1/ddb204aa-5c8d-4cd3-bfd5-67b4f297998f/metadata?includeKey=status&includeKey=failures&includeKey=jobId
  response:
    body:
      string: '{"status":"Submitted","calls":{},"id":"ddb204aa-5c8d-4cd3-bfd5-67b4f297998f"}'
    headers:
      Connection:
      - keep-alive
      Content-Type:
      - application/json
      Date:
      - Sun, 28 Dec 2025 04:29:49 GMT
      Server:
      - nginx/1.25.3
      Transfer-Encoding:
      - chunked
      content-length:
      - '77'
    status:
      code: 200
      message: OK
- request:
    body: ''
    headers:
      Accept:
      - '*/*'
      Accept-Encoding:
      - gzip, deflate
      Connection:
      - keep-alive
      Host:
      - gizmoj9.fhcrc.org:35725
      User-Agent:
      - python-httpx/0.28.1
    method: GET
    uri: https://gizmoj9.fhcrc.org:35725/api/workflows/v1/ddb204aa-5c8d-4cd3-bfd5-67b4f297998f/metadata?includeKey=status&includeKey=failures&includeKey=jobId
  response:
    body:
      string: '{"status":"Submitted","calls":{},"id":"ddb204aa-5c8d-4cd3-bfd5-67b4f297998f"}'
    headers:
      Connection:
      - keep-alive
      Content-Type:
      - application/json
      Date:
      - Sun, 28 Dec 2025 04:29:54 GMT
      Server:
      - nginx/1.25.3
      Transfer-Encoding:
      - chunked
      content-length:
      - '77'
    status:
      code: 200
      message: OK
- request:
    body: ''
    headers:
      Accept:
      - '*/*'
      Accept-Encoding:
      - gzip, deflate
      Connection:
      - keep-alive
      Host:
      - gizmoj9.fhcrc.org:35725
      User-Agent:
      - python-httpx/0.28.1
    method: GET
    uri: https://gizmoj9.fhcrc.org:35725/api/workflows/v1/ddb204aa-5c8d-4cd3-bfd5-67b4f297998f/metadata?includeKey=status&includeKey=failures&includeKey=jobId
  response:
    body:
      string: '{"status":"Submitted","calls":{},"id":"ddb204aa-5c8d-4cd3-bfd5-67b4f297998f"}'
    headers:
      Connection:
      - keep-alive
      Content-Type:
      - application/json
      Date:
      - Sun, 28 Dec 2025 04:29:59 GMT
      Server:
      - nginx/1.25.3
      Transfer-Encoding:
      - chunked
      content-length:
      - '77'
    status:
      code: 200
      message: OK
- request:
    body: ''
    headers:
      Accept:
      - '*/*'
      Accept-Encoding:
      - gzip, deflate
      Connection:
      - keep-alive
      Host:
      - gizmoj9.fhcrc.org:35725
      User-Agent:
      - python-httpx/0.28.1
    method: GET
    uri: https://gizmoj9.fhcrc.org:35725/api/workflows/v1/ddb204aa-5c8d-4cd3-bfd5-67b4f297998f/metadata?includeKey=status&includeKey=failures&includeKey=jobId
  response:
    body:
      string: '{"status":"Submitted","calls":{},"id":"ddb204aa-5c8d-4cd3-bfd5-67b4f297998f"}'
    headers:
      Connection:
      - keep-alive
      Content-Type:
      - application/json
      Date:
      - Sun, 28 Dec 2025 04:30:04 GMT
      Server:
      - nginx/1.25.3
      Transfer-Encoding:
      - chunked
      content-length:
      - '77'
    status:
      code: 200
      message: OK
- request:
    body: ''
    headers:
      Accept:
      - '*/*'
      Accept-Encoding:
      - gzip, deflate
      Connection:
      - keep-alive
      Host:
      - gizmoj9.fhcrc.org:35725
      User-Agent:
      - python-httpx/0.28.1
    method: GET
    uri: https://gizmoj9.fhcrc.org:35725/api/workflows/v1/ddb204aa-5c8d-4cd3-bfd5-67b4f297998f/metadata?includeKey=status&includeKey=failures&includeKey=jobId
  response:
    body:
      string: '{"status":"Submitted","calls":{},"id":"ddb204aa-5c8d-4cd3-bfd5-67b4f297998f"}'
    headers:
      Connection:
      - keep-alive
      Content-Type:
      - application/json
      Date:
      - Sun, 28 Dec 2025 04:30:09 GMT
      Server:
      - nginx/1.25.3
      Transfer-Encoding:
      - chunked
      content-length:
      - '77'
    status:
      code: 200
      message: OK
- request:
    body: ''
    headers:
      Accept:
      - '*/*'
      Accept-Encoding:
      - gzip, deflate
      Connection:
      - keep-alive
      Host:
      - gizmoj9.fhcrc.org:35725
      User-Agent:
      - python-httpx/0.28.1
    method: GET
    uri: https://gizmoj9.fhcrc.org:35725/api/workflows/v1/ddb204aa-5c8d-4cd3-bfd5-67b4f297998f/metadata?includeKey=status&includeKey=failures&includeKey=jobId
  response:
    body:
      string: '{"status":"Submitted","calls":{},"id":"ddb204aa-5c8d-4cd3-bfd5-67b4f297998f"}'
    headers:
      Connection:
      - keep-alive
      Content-Type:
      - application/json
      Date:
      - Sun, 28 Dec 2025 04:30:14 GMT
      Server:
      - nginx/1.25.3
      Transfer-Encoding:
      - chunked
      content-length:
      - '77'
    status:
      code: 200
      message: OK
- request:
    body: ''
    headers:
      Accept:
      - '*/*'
      Accept-Encoding:
      - gzip, deflate
      Connection:
      - keep-alive
      Host:
      - gizmoj9.fhcrc.org:35725
      User-Agent:
      - python-httpx/0.28.1
    method: GET
    uri: https://gizmoj9.fhcrc.org:35725/api/workflows/v1/ddb204aa-5c8d-4cd3-bfd5-67b4f297998f/metadata?includeKey=status&includeKey=failures&includeKey=jobId
  response:
    body:
      string: '{"status":"Submitted","calls":{},"id":"ddb204aa-5c8d-4cd3-bfd5-67b4f297998f"}'
    headers:
      Connection:
      - keep-alive
      Content-Type:
      - application/json
      Date:
      - Sun, 28 Dec 2025 04:30:19 GMT
      Server:
      - nginx/1.25.3
      Transfer-Encoding:
      - chunked
      content-length:
      - '77'
    status:
      code: 200
      message: OK
- request:
    body: ''
    headers:
      Accept:
      - '*/*'
      Accept-Encoding:
      - gzip, deflate
      Connection:
      - keep-alive
      Host:
      - gizmoj9.fhcrc.org:35725
      User-Agent:
      - python-httpx/0.28.1
    method: GET
    uri: https://gizmoj9.fhcrc.org:35725/api/workflows/v1/ddb204aa-5c8d-4cd3-bfd5-67b4f297998f/metadata?includeKey=status&includeKey=failures&includeKey=jobId
  response:
    body:
      string: '{"status":"Submitted","calls":{},"id":"ddb204aa-5c8d-4cd3-bfd5-67b4f297998f"}'
    headers:
      Connection:
      - keep-alive
      Content-Type:
      - application/json
      Date:
      - Sun, 28 Dec 2025 04:30:24 GMT
      Server:
      - nginx/1.25.3
      Transfer-Encoding:
      - chunked
      content-length:
      - '77'
    status:
      code: 200
      message: OK
- request:
    body: ''
    headers:
      Accept:
      - '*/*'
      Accept-Encoding:
      - gzip, deflate
      Connection:
      - keep-alive
      Host:
      - gizmoj9.fhcrc.org:35725
      User-Agent:
      - python-httpx/0.28.1
    method: GET
    uri: https://gizmoj9.fhcrc.org:35725/api/workflows/v1/ddb204aa-5c8d-4cd3-bfd5-67b4f297998f/metadata?includeKey=status&includeKey=failures&includeKey=jobId
  response:
    body:
      string: '{"status":"Submitted","calls":{},"id":"ddb204aa-5c8d-4cd3-bfd5-67b4f297998f"}'
    headers:
      Connection:
      - keep-alive
      Content-Type:
      - application/json
      Date:
      - Sun, 28 Dec 2025 04:30:29 GMT
      Server:
      - nginx/1.25.3
      Transfer-Encoding:
      - chunked
      content-length:
      - '77'
    status:
      code: 200
      message: OK
- request:
    body: ''
    headers:
      Accept:
      - '*/*'
      Accept-Encoding:
      - gzip, deflate
      Connection:
      - keep-alive
      Host:
      - gizmoj9.fhcrc.org:35725
      User-Agent:
      - python-httpx/0.28.1
    method: GET
    uri: https://gizmoj9.fhcrc.org:35725/api/workflows/v1/ddb204aa-5c8d-4cd3-bfd5-67b4f297998f/metadata?includeKey=status&includeKey=failures&includeKey=jobId
  response:
    body:
      string: '{"status":"Submitted","calls":{},"id":"ddb204aa-5c8d-4cd3-bfd5-67b4f297998f"}'
    headers:
      Connection:
      - keep-alive
      Content-Type:
      - application/json
      Date:
      - Sun, 28 Dec 2025 04:30:34 GMT
      Server:
      - nginx/1.25.3
      Transfer-Encoding:
      - chunked
      content-length:
      - '77'
    status:
      code: 200
      message: OK
- request:
    body: ''
    headers:
      Accept:
      - '*/*'
      Accept-Encoding:
      - gzip, deflate
      Connection:
      - keep-alive
      Host:
      - gizmoj9.fhcrc.org:35725
      User-Agent:
      - python-httpx/0.28.1
    method: GET
    uri: https://gizmoj9.fhcrc.org:35725/api/workflows/v1/ddb204aa-5c8d-4cd3-bfd5-67b4f297998f/metadata?includeKey=status&includeKey=failures&includeKey=jobId
  response:
    body:
      string: '{"status":"Submitted","calls":{},"id":"ddb204aa-5c8d-4cd3-bfd5-67b4f297998f"}'
    headers:
      Connection:
      - keep-alive
      Content-Type:
      - application/json
      Date:
      - Sun, 28 Dec 2025 04:30:39 GMT
      Server:
      - nginx/1.25.3
      Transfer-Encoding:
      - chunked
      content-length:
      - '77'
    status:
      code: 200
      message: OK
- request:
    body: ''
    headers:
      Accept:
      - '*/*'
      Accept-Encoding:
      - gzip, deflate
      Connection:
      - keep-alive
      Host:
      - gizmoj9.fhcrc.org:35725
      User-Agent:
      - python-httpx/0.28.1
    method: GET
    uri: https://gizmoj9.fhcrc.org:35725/api/workflows/v1/ddb204aa-5c8d-4cd3-bfd5-67b4f297998f/metadata?includeKey=status&includeKey=failures&includeKey=jobId
  response:
    body:
      string: '{"status":"Submitted","calls":{},"id":"ddb204aa-5c8d-4cd3-bfd5-67b4f297998f"}'
    headers:
      Connection:
      - keep-alive
      Content-Type:
      - application/json
      Date:
      - Sun, 28 Dec 2025 04:30:44 GMT
      Server:
      - nginx/1.25.3
      Transfer-Encoding:
      - chunked
      content-length:
      - '77'
    status:
      code: 200
      message: OK
- request:
    body: ''
    headers:
      Accept:
      - '*/*'
      Accept-Encoding:
      - gzip, deflate
      Connection:
      - keep-alive
      Host:
      - gizmoj9.fhcrc.org:35725
      User-Agent:
      - python-httpx/0.28.1
    method: GET
    uri: https://gizmoj9.fhcrc.org:35725/api/workflows/v1/ddb204aa-5c8d-4cd3-bfd5-67b4f297998f/metadata?includeKey=status&includeKey=failures&includeKey=jobId
  response:
    body:
      string: '{"status":"Submitted","calls":{},"id":"ddb204aa-5c8d-4cd3-bfd5-67b4f297998f"}'
    headers:
      Connection:
      - keep-alive
      Content-Type:
      - application/json
      Date:
      - Sun, 28 Dec 2025 04:30:50 GMT
      Server:
      - nginx/1.25.3
      Transfer-Encoding:
      - chunked
      content-length:
      - '77'
    status:
      code: 200
      message: OK
- request:
    body: ''
    headers:
      Accept:
      - '*/*'
      Accept-Encoding:
      - gzip, deflate
      Connection:
      - keep-alive
      Host:
      - gizmoj9.fhcrc.org:35725
      User-Agent:
      - python-httpx/0.28.1
    method: GET
    uri: https://gizmoj9.fhcrc.org:35725/api/workflows/v1/ddb204aa-5c8d-4cd3-bfd5-67b4f297998f/metadata?includeKey=status&includeKey=failures&includeKey=jobId
  response:
    body:
      string: '{"status":"Submitted","calls":{},"id":"ddb204aa-5c8d-4cd3-bfd5-67b4f297998f"}'
    headers:
      Connection:
      - keep-alive
      Content-Type:
      - application/json
      Date:
      - Sun, 28 Dec 2025 04:30:55 GMT
      Server:
      - nginx/1.25.3
      Transfer-Encoding:
      - chunked
      content-length:
      - '77'
    status:
      code: 200
      message: OK
- request:
    body: ''
    headers:
      Accept:
      - '*/*'
      Accept-Encoding:
      - gzip, deflate
      Connection:
      - keep-alive
      Host:
      - gizmoj9.fhcrc.org:35725
      User-Agent:
      - python-httpx/0.28.1
    method: GET
    uri: https://gizmoj9.fhcrc.org:35725/api/workflows/v1/ddb204aa-5c8d-4cd3-bfd5-67b4f297998f/metadata?includeKey=status&includeKey=failures&includeKey=jobId
  response:
    body:
      string: '{"status":"Submitted","calls":{},"id":"ddb204aa-5c8d-4cd3-bfd5-67b4f297998f"}'
    headers:
      Connection:
      - keep-alive
      Content-Type:
      - application/json
      Date:
      - Sun, 28 Dec 2025 04:31:00 GMT
      Server:
      - nginx/1.25.3
      Transfer-Encoding:
      - chunked
      content-length:
      - '77'
    status:
      code: 200
      message: OK
- request:
    body: ''
    headers:
      Accept:
      - '*/*'
      Accept-Encoding:
      - gzip, deflate
      Connection:
      - keep-alive
      Host:
      - gizmoj9.fhcrc.org:35725
      User-Agent:
      - python-httpx/0.28.1
    method: GET
    uri: https://gizmoj9.fhcrc.org:35725/api/workflows/v1/ddb204aa-5c8d-4cd3-bfd5-67b4f297998f/metadata?includeKey=status&includeKey=failures&includeKey=jobId
  response:
    body:
      string: '{"status":"Submitted","calls":{},"id":"ddb204aa-5c8d-4cd3-bfd5-67b4f297998f"}'
    headers:
      Connection:
      - keep-alive
      Content-Type:
      - application/json
      Date:
      - Sun, 28 Dec 2025 04:31:05 GMT
      Server:
      - nginx/1.25.3
      Transfer-Encoding:
      - chunked
      content-length:
      - '77'
    status:
      code: 200
      message: OK
- request:
    body: ''
    headers:
      Accept:
      - '*/*'
      Accept-Encoding:
      - gzip, deflate
      Connection:
      - keep-alive
      Host:
      - gizmoj9.fhcrc.org:35725
      User-Agent:
      - python-httpx/0.28.1
    method: GET
    uri: https://gizmoj9.fhcrc.org:35725/api/workflows/v1/ddb204aa-5c8d-4cd3-bfd5-67b4f297998f/metadata?includeKey=status&includeKey=failures&includeKey=jobId
  response:
    body:
      string: '{"status":"Submitted","calls":{},"id":"ddb204aa-5c8d-4cd3-bfd5-67b4f297998f"}'
    headers:
      Connection:
      - keep-alive
      Content-Type:
      - application/json
      Date:
      - Sun, 28 Dec 2025 04:31:10 GMT
      Server:
      - nginx/1.25.3
      Transfer-Encoding:
      - chunked
      content-length:
      - '77'
    status:
      code: 200
      message: OK
- request:
    body: ''
    headers:
      Accept:
      - '*/*'
      Accept-Encoding:
      - gzip, deflate
      Connection:
      - keep-alive
      Host:
      - gizmoj9.fhcrc.org:35725
      User-Agent:
      - python-httpx/0.28.1
    method: GET
    uri: https://gizmoj9.fhcrc.org:35725/api/workflows/v1/ddb204aa-5c8d-4cd3-bfd5-67b4f297998f/metadata?includeKey=status&includeKey=failures&includeKey=jobId
  response:
    body:
      string: '{"status":"Submitted","calls":{},"id":"ddb204aa-5c8d-4cd3-bfd5-67b4f297998f"}'
    headers:
      Connection:
      - keep-alive
      Content-Type:
      - application/json
      Date:
      - Sun, 28 Dec 2025 04:31:15 GMT
      Server:
      - nginx/1.25.3
      Transfer-Encoding:
      - chunked
      content-length:
      - '77'
    status:
      code: 200
      message: OK
- request:
    body: ''
    headers:
      Accept:
      - '*/*'
      Accept-Encoding:
      - gzip, deflate
      Connection:
      - keep-alive
      Host:
      - gizmoj9.fhcrc.org:35725
      User-Agent:
      - python-httpx/0.28.1
    method: GET
    uri: https://gizmoj9.fhcrc.org:35725/api/workflows/v1/ddb204aa-5c8d-4cd3-bfd5-67b4f297998f/metadata?includeKey=status&includeKey=failures&includeKey=jobId
  response:
    body:
      string: '{"status":"Submitted","calls":{},"id":"ddb204aa-5c8d-4cd3-bfd5-67b4f297998f"}'
    headers:
      Connection:
      - keep-alive
      Content-Type:
      - application/json
      Date:
      - Sun, 28 Dec 2025 04:31:20 GMT
      Server:
      - nginx/1.25.3
      Transfer-Encoding:
      - chunked
      content-length:
      - '77'
    status:
      code: 200
      message: OK
- request:
    body: ''
    headers:
      Accept:
      - '*/*'
      Accept-Encoding:
      - gzip, deflate
      Connection:
      - keep-alive
      Host:
      - gizmoj9.fhcrc.org:35725
      User-Agent:
      - python-httpx/0.28.1
    method: GET
    uri: https://gizmoj9.fhcrc.org:35725/api/workflows/v1/ddb204aa-5c8d-4cd3-bfd5-67b4f297998f/metadata?includeKey=status&includeKey=failures&includeKey=jobId
  response:
    body:
      string: '{"status":"Submitted","calls":{},"id":"ddb204aa-5c8d-4cd3-bfd5-67b4f297998f"}'
    headers:
      Connection:
      - keep-alive
      Content-Type:
      - application/json
      Date:
      - Sun, 28 Dec 2025 04:31:25 GMT
      Server:
      - nginx/1.25.3
      Transfer-Encoding:
      - chunked
      content-length:
      - '77'
    status:
      code: 200
      message: OK
- request:
    body: ''
    headers:
      Accept:
      - '*/*'
      Accept-Encoding:
      - gzip, deflate
      Connection:
      - keep-alive
      Host:
      - gizmoj9.fhcrc.org:35725
      User-Agent:
      - python-httpx/0.28.1
    method: GET
    uri: https://gizmoj9.fhcrc.org:35725/api/workflows/v1/ddb204aa-5c8d-4cd3-bfd5-67b4f297998f/metadata?includeKey=status&includeKey=failures&includeKey=jobId
  response:
    body:
      string: '{"status":"Submitted","calls":{},"id":"ddb204aa-5c8d-4cd3-bfd5-67b4f297998f"}'
    headers:
      Connection:
      - keep-alive
      Content-Type:
      - application/json
      Date:
      - Sun, 28 Dec 2025 04:31:30 GMT
      Server:
      - nginx/1.25.3
      Transfer-Encoding:
      - chunked
      content-length:
      - '77'
    status:
      code: 200
      message: OK
- request:
    body: ''
    headers:
      Accept:
      - '*/*'
      Accept-Encoding:
      - gzip, deflate
      Connection:
      - keep-alive
      Host:
      - gizmoj9.fhcrc.org:35725
      User-Agent:
      - python-httpx/0.28.1
    method: GET
    uri: https://gizmoj9.fhcrc.org:35725/api/workflows/v1/ddb204aa-5c8d-4cd3-bfd5-67b4f297998f/metadata?includeKey=status&includeKey=failures&includeKey=jobId
  response:
    body:
      string: '{"status":"Submitted","calls":{},"id":"ddb204aa-5c8d-4cd3-bfd5-67b4f297998f"}'
    headers:
      Connection:
      - keep-alive
      Content-Type:
      - application/json
      Date:
      - Sun, 28 Dec 2025 04:31:35 GMT
      Server:
      - nginx/1.25.3
      Transfer-Encoding:
      - chunked
      content-length:
      - '77'
    status:
      code: 200
      message: OK
- request:
    body: ''
    headers:
      Accept:
      - '*/*'
      Accept-Encoding:
      - gzip, deflate
      Connection:
      - keep-alive
      Host:
      - gizmoj9.fhcrc.org:35725
      User-Agent:
      - python-httpx/0.28.1
    method: GET
    uri: https://gizmoj9.fhcrc.org:35725/api/workflows/v1/ddb204aa-5c8d-4cd3-bfd5-67b4f297998f/metadata?includeKey=status&includeKey=failures&includeKey=jobId
  response:
    body:
      string: '{"status":"Submitted","calls":{},"id":"ddb204aa-5c8d-4cd3-bfd5-67b4f297998f"}'
    headers:
      Connection:
      - keep-alive
      Content-Type:
      - application/json
      Date:
      - Sun, 28 Dec 2025 04:31:40 GMT
      Server:
      - nginx/1.25.3
      Transfer-Encoding:
      - chunked
      content-length:
      - '77'
    status:
      code: 200
      message: OK
- request:
    body: ''
    headers:
      Accept:
      - '*/*'
      Accept-Encoding:
      - gzip, deflate
      Connection:
      - keep-alive
      Host:
      - gizmoj9.fhcrc.org:35725
      User-Agent:
      - python-httpx/0.28.1
    method: GET
    uri: https://gizmoj9.fhcrc.org:35725/api/workflows/v1/ddb204aa-5c8d-4cd3-bfd5-67b4f297998f/metadata?includeKey=status&includeKey=failures&includeKey=jobId
  response:
    body:
      string: '{"status":"Submitted","calls":{},"id":"ddb204aa-5c8d-4cd3-bfd5-67b4f297998f"}'
    headers:
      Connection:
      - keep-alive
      Content-Type:
      - application/json
      Date:
      - Sun, 28 Dec 2025 04:31:45 GMT
      Server:
      - nginx/1.25.3
      Transfer-Encoding:
      - chunked
      content-length:
      - '77'
    status:
      code: 200
      message: OK
- request:
    body: ''
    headers:
      Accept:
      - '*/*'
      Accept-Encoding:
      - gzip, deflate
      Connection:
      - keep-alive
      Host:
      - gizmoj9.fhcrc.org:35725
      User-Agent:
      - python-httpx/0.28.1
    method: GET
    uri: https://gizmoj9.fhcrc.org:35725/api/workflows/v1/ddb204aa-5c8d-4cd3-bfd5-67b4f297998f/metadata?includeKey=status&includeKey=failures&includeKey=jobId
  response:
    body:
      string: '{"status":"Submitted","calls":{},"id":"ddb204aa-5c8d-4cd3-bfd5-67b4f297998f"}'
    headers:
      Connection:
      - keep-alive
      Content-Type:
      - application/json
      Date:
      - Sun, 28 Dec 2025 04:31:50 GMT
      Server:
      - nginx/1.25.3
      Transfer-Encoding:
      - chunked
      content-length:
      - '77'
    status:
      code: 200
      message: OK
- request:
    body: ''
    headers:
      Accept:
      - '*/*'
      Accept-Encoding:
      - gzip, deflate
      Connection:
      - keep-alive
      Host:
      - gizmoj9.fhcrc.org:35725
      User-Agent:
      - python-httpx/0.28.1
    method: GET
    uri: https://gizmoj9.fhcrc.org:35725/api/workflows/v1/ddb204aa-5c8d-4cd3-bfd5-67b4f297998f/metadata?includeKey=status&includeKey=failures&includeKey=jobId
  response:
    body:
      string: '{"status":"Submitted","calls":{},"id":"ddb204aa-5c8d-4cd3-bfd5-67b4f297998f"}'
    headers:
      Connection:
      - keep-alive
      Content-Type:
      - application/json
      Date:
      - Sun, 28 Dec 2025 04:31:55 GMT
      Server:
      - nginx/1.25.3
      Transfer-Encoding:
      - chunked
      content-length:
      - '77'
    status:
      code: 200
      message: OK
- request:
    body: ''
    headers:
      Accept:
      - '*/*'
      Accept-Encoding:
      - gzip, deflate
      Connection:
      - keep-alive
      Host:
      - gizmoj9.fhcrc.org:35725
      User-Agent:
      - python-httpx/0.28.1
    method: GET
    uri: https://gizmoj9.fhcrc.org:35725/api/workflows/v1/ddb204aa-5c8d-4cd3-bfd5-67b4f297998f/metadata?includeKey=status&includeKey=failures&includeKey=jobId
  response:
    body:
      string: '{"status":"Submitted","calls":{},"id":"ddb204aa-5c8d-4cd3-bfd5-67b4f297998f"}'
    headers:
      Connection:
      - keep-alive
      Content-Type:
      - application/json
      Date:
      - Sun, 28 Dec 2025 04:32:00 GMT
      Server:
      - nginx/1.25.3
      Transfer-Encoding:
      - chunked
      content-length:
      - '77'
    status:
      code: 200
      message: OK
- request:
    body: ''
    headers:
      Accept:
      - '*/*'
      Accept-Encoding:
      - gzip, deflate
      Connection:
      - keep-alive
      Host:
      - gizmoj9.fhcrc.org:35725
      User-Agent:
      - python-httpx/0.28.1
    method: GET
    uri: https://gizmoj9.fhcrc.org:35725/api/workflows/v1/ddb204aa-5c8d-4cd3-bfd5-67b4f297998f/metadata?includeKey=status&includeKey=failures&includeKey=jobId
  response:
    body:
      string: '{"status":"Submitted","calls":{},"id":"ddb204aa-5c8d-4cd3-bfd5-67b4f297998f"}'
    headers:
      Connection:
      - keep-alive
      Content-Type:
      - application/json
      Date:
      - Sun, 28 Dec 2025 04:32:05 GMT
      Server:
      - nginx/1.25.3
      Transfer-Encoding:
      - chunked
      content-length:
      - '77'
    status:
      code: 200
      message: OK
- request:
    body: ''
    headers:
      Accept:
      - '*/*'
      Accept-Encoding:
      - gzip, deflate
      Connection:
      - keep-alive
      Host:
      - gizmoj9.fhcrc.org:35725
      User-Agent:
      - python-httpx/0.28.1
    method: GET
    uri: https://gizmoj9.fhcrc.org:35725/api/workflows/v1/ddb204aa-5c8d-4cd3-bfd5-67b4f297998f/metadata?includeKey=status&includeKey=failures&includeKey=jobId
  response:
    body:
      string: '{"status":"Submitted","calls":{},"id":"ddb204aa-5c8d-4cd3-bfd5-67b4f297998f"}'
    headers:
      Connection:
      - keep-alive
      Content-Type:
      - application/json
      Date:
      - Sun, 28 Dec 2025 04:32:10 GMT
      Server:
      - nginx/1.25.3
      Transfer-Encoding:
      - chunked
      content-length:
      - '77'
    status:
      code: 200
      message: OK
- request:
    body: ''
    headers:
      Accept:
      - '*/*'
      Accept-Encoding:
      - gzip, deflate
      Connection:
      - keep-alive
      Host:
      - gizmoj9.fhcrc.org:35725
      User-Agent:
      - python-httpx/0.28.1
    method: GET
    uri: https://gizmoj9.fhcrc.org:35725/api/workflows/v1/ddb204aa-5c8d-4cd3-bfd5-67b4f297998f/metadata?includeKey=status&includeKey=failures&includeKey=jobId
  response:
    body:
      string: '{"status":"Submitted","calls":{},"id":"ddb204aa-5c8d-4cd3-bfd5-67b4f297998f"}'
    headers:
      Connection:
      - keep-alive
      Content-Type:
      - application/json
      Date:
      - Sun, 28 Dec 2025 04:32:15 GMT
      Server:
      - nginx/1.25.3
      Transfer-Encoding:
      - chunked
      content-length:
      - '77'
    status:
      code: 200
      message: OK
- request:
    body: ''
    headers:
      Accept:
      - '*/*'
      Accept-Encoding:
      - gzip, deflate
      Connection:
      - keep-alive
      Host:
      - gizmoj9.fhcrc.org:35725
      User-Agent:
      - python-httpx/0.28.1
    method: GET
    uri: https://gizmoj9.fhcrc.org:35725/api/workflows/v1/ddb204aa-5c8d-4cd3-bfd5-67b4f297998f/metadata?includeKey=status&includeKey=failures&includeKey=jobId
  response:
    body:
      string: '{"status":"Submitted","calls":{},"id":"ddb204aa-5c8d-4cd3-bfd5-67b4f297998f"}'
    headers:
      Connection:
      - keep-alive
      Content-Type:
      - application/json
      Date:
      - Sun, 28 Dec 2025 04:32:20 GMT
      Server:
      - nginx/1.25.3
      Transfer-Encoding:
      - chunked
      content-length:
      - '77'
    status:
      code: 200
      message: OK
- request:
    body: ''
    headers:
      Accept:
      - '*/*'
      Accept-Encoding:
      - gzip, deflate
      Connection:
      - keep-alive
      Host:
      - gizmoj9.fhcrc.org:35725
      User-Agent:
      - python-httpx/0.28.1
    method: GET
    uri: https://gizmoj9.fhcrc.org:35725/api/workflows/v1/ddb204aa-5c8d-4cd3-bfd5-67b4f297998f/metadata?includeKey=status&includeKey=failures&includeKey=jobId
  response:
    body:
      string: '{"status":"Submitted","calls":{},"id":"ddb204aa-5c8d-4cd3-bfd5-67b4f297998f"}'
    headers:
      Connection:
      - keep-alive
      Content-Type:
      - application/json
      Date:
      - Sun, 28 Dec 2025 04:32:25 GMT
      Server:
      - nginx/1.25.3
      Transfer-Encoding:
      - chunked
      content-length:
      - '77'
    status:
      code: 200
      message: OK
- request:
    body: ''
    headers:
      Accept:
      - '*/*'
      Accept-Encoding:
      - gzip, deflate
      Connection:
      - keep-alive
      Host:
      - gizmoj9.fhcrc.org:35725
      User-Agent:
      - python-httpx/0.28.1
    method: GET
    uri: https://gizmoj9.fhcrc.org:35725/api/workflows/v1/ddb204aa-5c8d-4cd3-bfd5-67b4f297998f/metadata?includeKey=status&includeKey=failures&includeKey=jobId
  response:
    body:
      string: '{"status":"Submitted","calls":{},"id":"ddb204aa-5c8d-4cd3-bfd5-67b4f297998f"}'
    headers:
      Connection:
      - keep-alive
      Content-Type:
      - application/json
      Date:
      - Sun, 28 Dec 2025 04:32:30 GMT
      Server:
      - nginx/1.25.3
      Transfer-Encoding:
      - chunked
      content-length:
      - '77'
    status:
      code: 200
      message: OK
- request:
    body: ''
    headers:
      Accept:
      - '*/*'
      Accept-Encoding:
      - gzip, deflate
      Connection:
      - keep-alive
      Host:
      - gizmoj9.fhcrc.org:35725
      User-Agent:
      - python-httpx/0.28.1
    method: GET
    uri: https://gizmoj9.fhcrc.org:35725/api/workflows/v1/ddb204aa-5c8d-4cd3-bfd5-67b4f297998f/metadata?includeKey=status&includeKey=failures&includeKey=jobId
  response:
    body:
      string: '{"status":"Submitted","calls":{},"id":"ddb204aa-5c8d-4cd3-bfd5-67b4f297998f"}'
    headers:
      Connection:
      - keep-alive
      Content-Type:
      - application/json
      Date:
      - Sun, 28 Dec 2025 04:32:35 GMT
      Server:
      - nginx/1.25.3
      Transfer-Encoding:
      - chunked
      content-length:
      - '77'
    status:
      code: 200
      message: OK
- request:
    body: ''
    headers:
      Accept:
      - '*/*'
      Accept-Encoding:
      - gzip, deflate
      Connection:
      - keep-alive
      Host:
      - gizmoj9.fhcrc.org:35725
      User-Agent:
      - python-httpx/0.28.1
    method: GET
    uri: https://gizmoj9.fhcrc.org:35725/api/workflows/v1/ddb204aa-5c8d-4cd3-bfd5-67b4f297998f/metadata?includeKey=status&includeKey=failures&includeKey=jobId
  response:
    body:
      string: '{"status":"Submitted","calls":{},"id":"ddb204aa-5c8d-4cd3-bfd5-67b4f297998f"}'
    headers:
      Connection:
      - keep-alive
      Content-Type:
      - application/json
      Date:
      - Sun, 28 Dec 2025 04:32:40 GMT
      Server:
      - nginx/1.25.3
      Transfer-Encoding:
      - chunked
      content-length:
      - '77'
    status:
      code: 200
      message: OK
- request:
    body: ''
    headers:
      Accept:
      - '*/*'
      Accept-Encoding:
      - gzip, deflate
      Connection:
      - keep-alive
      Host:
      - gizmoj9.fhcrc.org:35725
      User-Agent:
      - python-httpx/0.28.1
    method: GET
    uri: https://gizmoj9.fhcrc.org:35725/api/workflows/v1/ddb204aa-5c8d-4cd3-bfd5-67b4f297998f/metadata?includeKey=status&includeKey=failures&includeKey=jobId
  response:
    body:
      string: '{"status":"Submitted","calls":{},"id":"ddb204aa-5c8d-4cd3-bfd5-67b4f297998f"}'
    headers:
      Connection:
      - keep-alive
      Content-Type:
      - application/json
      Date:
      - Sun, 28 Dec 2025 04:32:46 GMT
      Server:
      - nginx/1.25.3
      Transfer-Encoding:
      - chunked
      content-length:
      - '77'
    status:
      code: 200
      message: OK
- request:
    body: ''
    headers:
      Accept:
      - '*/*'
      Accept-Encoding:
      - gzip, deflate
      Connection:
      - keep-alive
      Host:
      - gizmoj9.fhcrc.org:35725
      User-Agent:
      - python-httpx/0.28.1
    method: GET
    uri: https://gizmoj9.fhcrc.org:35725/api/workflows/v1/ddb204aa-5c8d-4cd3-bfd5-67b4f297998f/metadata?includeKey=status&includeKey=failures&includeKey=jobId
  response:
    body:
      string: '{"status":"Submitted","calls":{},"id":"ddb204aa-5c8d-4cd3-bfd5-67b4f297998f"}'
    headers:
      Connection:
      - keep-alive
      Content-Type:
      - application/json
      Date:
      - Sun, 28 Dec 2025 04:32:51 GMT
      Server:
      - nginx/1.25.3
      Transfer-Encoding:
      - chunked
      content-length:
      - '77'
    status:
      code: 200
      message: OK
- request:
    body: ''
    headers:
      Accept:
      - '*/*'
      Accept-Encoding:
      - gzip, deflate
      Connection:
      - keep-alive
      Host:
      - gizmoj9.fhcrc.org:35725
      User-Agent:
      - python-httpx/0.28.1
    method: GET
    uri: https://gizmoj9.fhcrc.org:35725/api/workflows/v1/ddb204aa-5c8d-4cd3-bfd5-67b4f297998f/metadata?includeKey=status&includeKey=failures&includeKey=jobId
  response:
    body:
      string: '{"status":"Submitted","calls":{},"id":"ddb204aa-5c8d-4cd3-bfd5-67b4f297998f"}'
    headers:
      Connection:
      - keep-alive
      Content-Type:
      - application/json
      Date:
      - Sun, 28 Dec 2025 04:32:56 GMT
      Server:
      - nginx/1.25.3
      Transfer-Encoding:
      - chunked
      content-length:
      - '77'
    status:
      code: 200
      message: OK
- request:
    body: ''
    headers:
      Accept:
      - '*/*'
      Accept-Encoding:
      - gzip, deflate
      Connection:
      - keep-alive
      Host:
      - gizmoj9.fhcrc.org:35725
      User-Agent:
      - python-httpx/0.28.1
    method: GET
    uri: https://gizmoj9.fhcrc.org:35725/api/workflows/v1/ddb204aa-5c8d-4cd3-bfd5-67b4f297998f/metadata?includeKey=status&includeKey=failures&includeKey=jobId
  response:
    body:
      string: '{"status":"Submitted","calls":{},"id":"ddb204aa-5c8d-4cd3-bfd5-67b4f297998f"}'
    headers:
      Connection:
      - keep-alive
      Content-Type:
      - application/json
      Date:
      - Sun, 28 Dec 2025 04:33:01 GMT
      Server:
      - nginx/1.25.3
      Transfer-Encoding:
      - chunked
      content-length:
      - '77'
    status:
      code: 200
      message: OK
- request:
    body: ''
    headers:
      Accept:
      - '*/*'
      Accept-Encoding:
      - gzip, deflate
      Connection:
      - keep-alive
      Host:
      - gizmoj9.fhcrc.org:35725
      User-Agent:
      - python-httpx/0.28.1
    method: GET
    uri: https://gizmoj9.fhcrc.org:35725/api/workflows/v1/ddb204aa-5c8d-4cd3-bfd5-67b4f297998f/metadata?includeKey=status&includeKey=failures&includeKey=jobId
  response:
    body:
      string: '{"status":"Submitted","calls":{},"id":"ddb204aa-5c8d-4cd3-bfd5-67b4f297998f"}'
    headers:
      Connection:
      - keep-alive
      Content-Type:
      - application/json
      Date:
      - Sun, 28 Dec 2025 04:33:06 GMT
      Server:
      - nginx/1.25.3
      Transfer-Encoding:
      - chunked
      content-length:
      - '77'
    status:
      code: 200
      message: OK
- request:
    body: ''
    headers:
      Accept:
      - '*/*'
      Accept-Encoding:
      - gzip, deflate
      Connection:
      - keep-alive
      Host:
      - gizmoj9.fhcrc.org:35725
      User-Agent:
      - python-httpx/0.28.1
    method: GET
    uri: https://gizmoj9.fhcrc.org:35725/api/workflows/v1/ddb204aa-5c8d-4cd3-bfd5-67b4f297998f/metadata?includeKey=status&includeKey=failures&includeKey=jobId
  response:
    body:
      string: '{"status":"Submitted","calls":{},"id":"ddb204aa-5c8d-4cd3-bfd5-67b4f297998f"}'
    headers:
      Connection:
      - keep-alive
      Content-Type:
      - application/json
      Date:
      - Sun, 28 Dec 2025 04:33:11 GMT
      Server:
      - nginx/1.25.3
      Transfer-Encoding:
      - chunked
      content-length:
      - '77'
    status:
      code: 200
      message: OK
- request:
    body: ''
    headers:
      Accept:
      - '*/*'
      Accept-Encoding:
      - gzip, deflate
      Connection:
      - keep-alive
      Host:
      - gizmoj9.fhcrc.org:35725
      User-Agent:
      - python-httpx/0.28.1
    method: GET
    uri: https://gizmoj9.fhcrc.org:35725/api/workflows/v1/ddb204aa-5c8d-4cd3-bfd5-67b4f297998f/metadata?includeKey=status&includeKey=failures&includeKey=jobId
  response:
    body:
      string: '{"status":"Submitted","calls":{},"id":"ddb204aa-5c8d-4cd3-bfd5-67b4f297998f"}'
    headers:
      Connection:
      - keep-alive
      Content-Type:
      - application/json
      Date:
      - Sun, 28 Dec 2025 04:33:16 GMT
      Server:
      - nginx/1.25.3
      Transfer-Encoding:
      - chunked
      content-length:
      - '77'
    status:
      code: 200
      message: OK
- request:
    body: ''
    headers:
      Accept:
      - '*/*'
      Accept-Encoding:
      - gzip, deflate
      Connection:
      - keep-alive
      Host:
      - gizmoj9.fhcrc.org:35725
      User-Agent:
      - python-httpx/0.28.1
    method: GET
    uri: https://gizmoj9.fhcrc.org:35725/api/workflows/v1/ddb204aa-5c8d-4cd3-bfd5-67b4f297998f/metadata?includeKey=status&includeKey=failures&includeKey=jobId
  response:
    body:
      string: '{"status":"Submitted","calls":{},"id":"ddb204aa-5c8d-4cd3-bfd5-67b4f297998f"}'
    headers:
      Connection:
      - keep-alive
      Content-Type:
      - application/json
      Date:
      - Sun, 28 Dec 2025 04:33:21 GMT
      Server:
      - nginx/1.25.3
      Transfer-Encoding:
      - chunked
      content-length:
      - '77'
    status:
      code: 200
      message: OK
- request:
    body: ''
    headers:
      Accept:
      - '*/*'
      Accept-Encoding:
      - gzip, deflate
      Connection:
      - keep-alive
      Host:
      - gizmoj9.fhcrc.org:35725
      User-Agent:
      - python-httpx/0.28.1
    method: GET
    uri: https://gizmoj9.fhcrc.org:35725/api/workflows/v1/ddb204aa-5c8d-4cd3-bfd5-67b4f297998f/metadata?includeKey=status&includeKey=failures&includeKey=jobId
  response:
    body:
      string: '{"status":"Submitted","calls":{},"id":"ddb204aa-5c8d-4cd3-bfd5-67b4f297998f"}'
    headers:
      Connection:
      - keep-alive
      Content-Type:
      - application/json
      Date:
      - Sun, 28 Dec 2025 04:33:26 GMT
      Server:
      - nginx/1.25.3
      Transfer-Encoding:
      - chunked
      content-length:
      - '77'
    status:
      code: 200
      message: OK
- request:
    body: ''
    headers:
      Accept:
      - '*/*'
      Accept-Encoding:
      - gzip, deflate
      Connection:
      - keep-alive
      Host:
      - gizmoj9.fhcrc.org:35725
      User-Agent:
      - python-httpx/0.28.1
    method: GET
    uri: https://gizmoj9.fhcrc.org:35725/api/workflows/v1/ddb204aa-5c8d-4cd3-bfd5-67b4f297998f/metadata?includeKey=status&includeKey=failures&includeKey=jobId
  response:
    body:
      string: '{"status":"Submitted","calls":{},"id":"ddb204aa-5c8d-4cd3-bfd5-67b4f297998f"}'
    headers:
      Connection:
      - keep-alive
      Content-Type:
      - application/json
      Date:
      - Sun, 28 Dec 2025 04:33:31 GMT
      Server:
      - nginx/1.25.3
      Transfer-Encoding:
      - chunked
      content-length:
      - '77'
    status:
      code: 200
      message: OK
- request:
    body: ''
    headers:
      Accept:
      - '*/*'
      Accept-Encoding:
      - gzip, deflate
      Connection:
      - keep-alive
      Host:
      - gizmoj9.fhcrc.org:35725
      User-Agent:
      - python-httpx/0.28.1
    method: GET
    uri: https://gizmoj9.fhcrc.org:35725/api/workflows/v1/ddb204aa-5c8d-4cd3-bfd5-67b4f297998f/metadata?includeKey=status&includeKey=failures&includeKey=jobId
  response:
    body:
      string: '{"status":"Submitted","calls":{},"id":"ddb204aa-5c8d-4cd3-bfd5-67b4f297998f"}'
    headers:
      Connection:
      - keep-alive
      Content-Type:
      - application/json
      Date:
      - Sun, 28 Dec 2025 04:33:36 GMT
      Server:
      - nginx/1.25.3
      Transfer-Encoding:
      - chunked
      content-length:
      - '77'
    status:
      code: 200
      message: OK
- request:
    body: ''
    headers:
      Accept:
      - '*/*'
      Accept-Encoding:
      - gzip, deflate
      Connection:
      - keep-alive
      Host:
      - gizmoj9.fhcrc.org:35725
      User-Agent:
      - python-httpx/0.28.1
    method: GET
    uri: https://gizmoj9.fhcrc.org:35725/api/workflows/v1/ddb204aa-5c8d-4cd3-bfd5-67b4f297998f/metadata?includeKey=status&includeKey=failures&includeKey=jobId
  response:
    body:
      string: '{"status":"Submitted","calls":{},"id":"ddb204aa-5c8d-4cd3-bfd5-67b4f297998f"}'
    headers:
      Connection:
      - keep-alive
      Content-Type:
      - application/json
      Date:
      - Sun, 28 Dec 2025 04:33:41 GMT
      Server:
      - nginx/1.25.3
      Transfer-Encoding:
      - chunked
      content-length:
      - '77'
    status:
      code: 200
      message: OK
- request:
    body: ''
    headers:
      Accept:
      - '*/*'
      Accept-Encoding:
      - gzip, deflate
      Connection:
      - keep-alive
      Host:
      - gizmoj9.fhcrc.org:35725
      User-Agent:
      - python-httpx/0.28.1
    method: GET
    uri: https://gizmoj9.fhcrc.org:35725/api/workflows/v1/ddb204aa-5c8d-4cd3-bfd5-67b4f297998f/metadata?includeKey=status&includeKey=failures&includeKey=jobId
  response:
    body:
      string: '{"status":"Submitted","calls":{},"id":"ddb204aa-5c8d-4cd3-bfd5-67b4f297998f"}'
    headers:
      Connection:
      - keep-alive
      Content-Type:
      - application/json
      Date:
      - Sun, 28 Dec 2025 04:33:46 GMT
      Server:
      - nginx/1.25.3
      Transfer-Encoding:
      - chunked
      content-length:
      - '77'
    status:
      code: 200
      message: OK
- request:
    body: ''
    headers:
      Accept:
      - '*/*'
      Accept-Encoding:
      - gzip, deflate
      Connection:
      - keep-alive
      Host:
      - gizmoj9.fhcrc.org:35725
      User-Agent:
      - python-httpx/0.28.1
    method: GET
    uri: https://gizmoj9.fhcrc.org:35725/api/workflows/v1/ddb204aa-5c8d-4cd3-bfd5-67b4f297998f/metadata?includeKey=status&includeKey=failures&includeKey=jobId
  response:
    body:
      string: '{"status":"Running","calls":{},"id":"ddb204aa-5c8d-4cd3-bfd5-67b4f297998f"}'
    headers:
      Connection:
      - keep-alive
      Content-Type:
      - application/json
      Date:
      - Sun, 28 Dec 2025 04:33:51 GMT
      Server:
      - nginx/1.25.3
      Transfer-Encoding:
      - chunked
      content-length:
      - '75'
    status:
      code: 200
      message: OK
- request:
    body: ''
    headers:
      Accept:
      - '*/*'
      Accept-Encoding:
      - gzip, deflate
      Connection:
      - keep-alive
      Host:
      - gizmoj9.fhcrc.org:35725
      User-Agent:
      - python-httpx/0.28.1
    method: GET
    uri: https://gizmoj9.fhcrc.org:35725/api/workflows/v1/ddb204aa-5c8d-4cd3-bfd5-67b4f297998f/metadata?includeKey=status&includeKey=failures&includeKey=jobId
  response:
    body:
      string: '{"status":"Running","calls":{},"id":"ddb204aa-5c8d-4cd3-bfd5-67b4f297998f"}'
    headers:
      Connection:
      - keep-alive
      Content-Type:
      - application/json
      Date:
      - Sun, 28 Dec 2025 04:33:56 GMT
      Server:
      - nginx/1.25.3
      Transfer-Encoding:
      - chunked
      content-length:
      - '75'
    status:
      code: 200
      message: OK
- request:
    body: ''
    headers:
      Accept:
      - '*/*'
      Accept-Encoding:
      - gzip, deflate
      Connection:
      - keep-alive
      Host:
      - gizmoj9.fhcrc.org:35725
      User-Agent:
      - python-httpx/0.28.1
    method: GET
    uri: https://gizmoj9.fhcrc.org:35725/api/workflows/v1/ddb204aa-5c8d-4cd3-bfd5-67b4f297998f/metadata?includeKey=status&includeKey=failures&includeKey=jobId
  response:
    body:
      string: '{"status":"Running","calls":{"globSymlink.create_nested_files":[{"jobId":"43978324","attempt":1,"shardIndex":-1}]},"id":"ddb204aa-5c8d-4cd3-bfd5-67b4f297998f"}'
    headers:
      Connection:
      - keep-alive
      Content-Type:
      - application/json
      Date:
      - Sun, 28 Dec 2025 04:34:01 GMT
      Server:
      - nginx/1.25.3
      Transfer-Encoding:
      - chunked
      content-length:
      - '159'
    status:
      code: 200
      message: OK
- request:
    body: ''
    headers:
      Accept:
      - '*/*'
      Accept-Encoding:
      - gzip, deflate
      Connection:
      - keep-alive
      Host:
      - gizmoj9.fhcrc.org:35725
      User-Agent:
      - python-httpx/0.28.1
    method: GET
    uri: https://gizmoj9.fhcrc.org:35725/api/workflows/v1/ddb204aa-5c8d-4cd3-bfd5-67b4f297998f/metadata?includeKey=status&includeKey=failures&includeKey=jobId
  response:
    body:
      string: '{"status":"Running","calls":{"globSymlink.create_nested_files":[{"jobId":"43978324","attempt":1,"shardIndex":-1}]},"id":"ddb204aa-5c8d-4cd3-bfd5-67b4f297998f"}'
    headers:
      Connection:
      - keep-alive
      Content-Type:
      - application/json
      Date:
      - Sun, 28 Dec 2025 04:34:06 GMT
      Server:
      - nginx/1.25.3
      Transfer-Encoding:
      - chunked
      content-length:
      - '159'
    status:
      code: 200
      message: OK
- request:
    body: ''
    headers:
      Accept:
      - '*/*'
      Accept-Encoding:
      - gzip, deflate
      Connection:
      - keep-alive
      Host:
      - gizmoj9.fhcrc.org:35725
      User-Agent:
      - python-httpx/0.28.1
    method: GET
    uri: https://gizmoj9.fhcrc.org:35725/api/workflows/v1/ddb204aa-5c8d-4cd3-bfd5-67b4f297998f/metadata?includeKey=status&includeKey=failures&includeKey=jobId
  response:
    body:
      string: '{"status":"Running","calls":{"globSymlink.create_nested_files":[{"jobId":"43978324","attempt":1,"shardIndex":-1}]},"id":"ddb204aa-5c8d-4cd3-bfd5-67b4f297998f"}'
    headers:
      Connection:
      - keep-alive
      Content-Type:
      - application/json
      Date:
      - Sun, 28 Dec 2025 04:34:11 GMT
      Server:
      - nginx/1.25.3
      Transfer-Encoding:
      - chunked
      content-length:
      - '159'
    status:
      code: 200
      message: OK
- request:
    body: ''
    headers:
      Accept:
      - '*/*'
      Accept-Encoding:
      - gzip, deflate
      Connection:
      - keep-alive
      Host:
      - gizmoj9.fhcrc.org:35725
      User-Agent:
      - python-httpx/0.28.1
    method: GET
    uri: https://gizmoj9.fhcrc.org:35725/api/workflows/v1/ddb204aa-5c8d-4cd3-bfd5-67b4f297998f/metadata?includeKey=status&includeKey=failures&includeKey=jobId
  response:
    body:
      string: '{"status":"Running","calls":{"globSymlink.create_nested_files":[{"jobId":"43978324","attempt":1,"shardIndex":-1}]},"id":"ddb204aa-5c8d-4cd3-bfd5-67b4f297998f"}'
    headers:
      Connection:
      - keep-alive
      Content-Type:
      - application/json
      Date:
      - Sun, 28 Dec 2025 04:34:16 GMT
      Server:
      - nginx/1.25.3
      Transfer-Encoding:
      - chunked
      content-length:
      - '159'
    status:
      code: 200
      message: OK
- request:
    body: ''
    headers:
      Accept:
      - '*/*'
      Accept-Encoding:
      - gzip, deflate
      Connection:
      - keep-alive
      Host:
      - gizmoj9.fhcrc.org:35725
      User-Agent:
      - python-httpx/0.28.1
    method: GET
    uri: https://gizmoj9.fhcrc.org:35725/api/workflows/v1/ddb204aa-5c8d-4cd3-bfd5-67b4f297998f/metadata?includeKey=status&includeKey=failures&includeKey=jobId
  response:
    body:
      string: '{"status":"Running","calls":{"globSymlink.create_nested_files":[{"jobId":"43978324","attempt":1,"shardIndex":-1}]},"id":"ddb204aa-5c8d-4cd3-bfd5-67b4f297998f"}'
    headers:
      Connection:
      - keep-alive
      Content-Type:
      - application/json
      Date:
      - Sun, 28 Dec 2025 04:34:21 GMT
      Server:
      - nginx/1.25.3
      Transfer-Encoding:
      - chunked
      content-length:
      - '159'
    status:
      code: 200
      message: OK
- request:
    body: ''
    headers:
      Accept:
      - '*/*'
      Accept-Encoding:
      - gzip, deflate
      Connection:
      - keep-alive
      Host:
      - gizmoj9.fhcrc.org:35725
      User-Agent:
      - python-httpx/0.28.1
    method: GET
    uri: https://gizmoj9.fhcrc.org:35725/api/workflows/v1/ddb204aa-5c8d-4cd3-bfd5-67b4f297998f/metadata?includeKey=status&includeKey=failures&includeKey=jobId
  response:
    body:
      string: '{"status":"Succeeded","calls":{"globSymlink.create_nested_files":[{"jobId":"43978324","attempt":1,"shardIndex":-1}]},"id":"ddb204aa-5c8d-4cd3-bfd5-67b4f297998f"}'
    headers:
      Connection:
      - keep-alive
      Content-Type:
      - application/json
      Date:
      - Sun, 28 Dec 2025 04:34:26 GMT
      Server:
      - nginx/1.25.3
      Transfer-Encoding:
      - chunked
      content-length:
      - '161'
    status:
      code: 200
      message: OK
version: 1
