interactions:
- request:
    body: "--749ab0a2c5ab1040b78680cf4fcd90c7\r\nContent-Disposition: form-data; name=\"workflowSource\";
      filename=\"testNestedJsonArray.wdl\"\r\nContent-Type: application/octet-stream\r\n\r\nversion
      1.0\n\n# Define the structure for sampleDetails\nstruct sampleDetails {\n    String
      experimentType\n    String prepMethod\n    String tissueType\n}\n\n# Define
      the main structure for the single sample\nstruct singleSample {\n    String
      sampleName\n    String aboutSample\n    String sampleDescription\n    sampleDetails
      details  # Use the sampleDetails struct here\n}\n\nworkflow testNestedJsonArray
      {\n  input {\n    String cellNumber\n    Array[singleSample] batchOfSamples
      \ # Array of objects representing each sample\n  }\n\n  scatter (sample in batchOfSamples)
      {\n    call processSample {\n      input:\n        sample = sample,\n        base_file_name
      = sample.sampleName \n    }\n  }\n\n  output {\n    # Collect all the fields
      together from each sample into one list\n    Array[File] result_allSampleInfo
      = processSample.allSampleInfo\n  }\n}\n\ntask processSample {\n  input {\n    singleSample
      sample  # Use singleSample type, not Object\n    String base_file_name\n  }\n\n
      \ command <<<\n    # Format the sample information as a single string\n    allSampleInfo=\"~{sample.sampleName}
      | ~{sample.aboutSample} | ~{sample.sampleDescription} | ~{sample.details.experimentType}
      | ~{sample.details.prepMethod} | ~{sample.details.tissueType}\"\n    \n    #
      Output the concatenated sample info to a file\n    echo \"${allSampleInfo}\"
      > ~{base_file_name}.allSampleInfo.txt\n  >>>\n\n  output {\n    # Read all sample
      info from the file and output it as an Array of Strings\n    File allSampleInfo
      = \"${base_file_name}.allSampleInfo.txt\"\n  }\n\n  runtime {\n    docker: \"ubuntu:20.04\"\n
      \ }\n}\n\r\n--749ab0a2c5ab1040b78680cf4fcd90c7\r\nContent-Disposition: form-data;
      name=\"workflowInputs\"; filename=\"inputs.json\"\r\nContent-Type: application/json\r\n\r\n{\n
      \ \"testNestedJsonArray.cellNumber\": \"10000\",\n  \"testNestedJsonArray.batchOfSamples\":
      [\n    {\n      \"sampleName\": \"Sample1\",\n      \"aboutSample\": \"This
      is sample 1\",\n      \"sampleDescription\": \"Description of sample 1: A detailed
      description of the first sample.\",\n      \"details\": {\n        \"experimentType\":
      \"RNA-Seq\",\n        \"prepMethod\": \"TruSeq\",\n        \"tissueType\": \"blood\"\n
      \     }\n    },\n    {\n      \"sampleName\": \"Sample2\",\n      \"aboutSample\":
      \"This is sample 2\",\n      \"sampleDescription\": \"Description of sample
      2: A detailed description of the second sample.\",\n      \"details\": {\n        \"experimentType\":
      \"DNA-Seq\",\n        \"prepMethod\": \"Nextera\",\n        \"tissueType\":
      \"tissue biopsy\"\n      }\n    },\n    {\n      \"sampleName\": \"Sample3\",\n
      \     \"aboutSample\": \"This is sample 3\",\n      \"sampleDescription\": \"Description
      of sample 3: A detailed description of the third sample.\",\n      \"details\":
      {\n        \"experimentType\": \"ChIP-Seq\",\n        \"prepMethod\": \"Epigenome\",\n
      \       \"tissueType\": \"brain\"\n      }\n    }\n  ]\n}\n\r\n--749ab0a2c5ab1040b78680cf4fcd90c7\r\nContent-Disposition:
      form-data; name=\"workflowOptions\"; filename=\"options.json\"\r\nContent-Type:
      application/json\r\n\r\n{\n    \"workflow_failure_mode\": \"ContinueWhilePossible\",\n
      \   \"write_to_cache\": false,\n    \"read_from_cache\": false\n}\n\r\n--749ab0a2c5ab1040b78680cf4fcd90c7--\r\n"
    headers:
      accept:
      - '*/*'
      accept-encoding:
      - gzip, deflate
      connection:
      - keep-alive
      content-length:
      - '3208'
      content-type:
      - multipart/form-data; boundary=749ab0a2c5ab1040b78680cf4fcd90c7
      host:
      - gizmoj36.fhcrc.org:46443
      user-agent:
      - python-httpx/0.28.1
    method: POST
    uri: https://gizmoj36.fhcrc.org:46443/api/workflows/v1
  response:
    body:
      string: '{"id":"dbc844ed-847f-44e9-b63d-9d1ce00e1a23","status":"Submitted"}'
    headers:
      Connection:
      - keep-alive
      Content-Length:
      - '66'
      Content-Type:
      - application/json
      Date:
      - Sun, 14 Sep 2025 04:09:40 GMT
      Server:
      - nginx/1.25.3
    status:
      code: 201
      message: Created
- request:
    body: ''
    headers:
      accept:
      - '*/*'
      accept-encoding:
      - gzip, deflate
      connection:
      - keep-alive
      host:
      - gizmoj36.fhcrc.org:46443
      user-agent:
      - python-httpx/0.28.1
    method: GET
    uri: https://gizmoj36.fhcrc.org:46443/api/workflows/v1/dbc844ed-847f-44e9-b63d-9d1ce00e1a23/metadata?includeKey=status&includeKey=failures&includeKey=jobId
  response:
    body:
      string: '{"status":"Submitted","calls":{},"id":"dbc844ed-847f-44e9-b63d-9d1ce00e1a23"}'
    headers:
      Connection:
      - keep-alive
      Content-Type:
      - application/json
      Date:
      - Sun, 14 Sep 2025 04:09:45 GMT
      Server:
      - nginx/1.25.3
      Transfer-Encoding:
      - chunked
      content-length:
      - '77'
    status:
      code: 200
      message: OK
- request:
    body: ''
    headers:
      accept:
      - '*/*'
      accept-encoding:
      - gzip, deflate
      connection:
      - keep-alive
      host:
      - gizmoj36.fhcrc.org:46443
      user-agent:
      - python-httpx/0.28.1
    method: GET
    uri: https://gizmoj36.fhcrc.org:46443/api/workflows/v1/dbc844ed-847f-44e9-b63d-9d1ce00e1a23/metadata?includeKey=status&includeKey=failures&includeKey=jobId
  response:
    body:
      string: '{"status":"Submitted","calls":{},"id":"dbc844ed-847f-44e9-b63d-9d1ce00e1a23"}'
    headers:
      Connection:
      - keep-alive
      Content-Type:
      - application/json
      Date:
      - Sun, 14 Sep 2025 04:09:51 GMT
      Server:
      - nginx/1.25.3
      Transfer-Encoding:
      - chunked
      content-length:
      - '77'
    status:
      code: 200
      message: OK
- request:
    body: ''
    headers:
      accept:
      - '*/*'
      accept-encoding:
      - gzip, deflate
      connection:
      - keep-alive
      host:
      - gizmoj36.fhcrc.org:46443
      user-agent:
      - python-httpx/0.28.1
    method: GET
    uri: https://gizmoj36.fhcrc.org:46443/api/workflows/v1/dbc844ed-847f-44e9-b63d-9d1ce00e1a23/metadata?includeKey=status&includeKey=failures&includeKey=jobId
  response:
    body:
      string: '{"status":"Submitted","calls":{},"id":"dbc844ed-847f-44e9-b63d-9d1ce00e1a23"}'
    headers:
      Connection:
      - keep-alive
      Content-Type:
      - application/json
      Date:
      - Sun, 14 Sep 2025 04:09:56 GMT
      Server:
      - nginx/1.25.3
      Transfer-Encoding:
      - chunked
      content-length:
      - '77'
    status:
      code: 200
      message: OK
- request:
    body: ''
    headers:
      accept:
      - '*/*'
      accept-encoding:
      - gzip, deflate
      connection:
      - keep-alive
      host:
      - gizmoj36.fhcrc.org:46443
      user-agent:
      - python-httpx/0.28.1
    method: GET
    uri: https://gizmoj36.fhcrc.org:46443/api/workflows/v1/dbc844ed-847f-44e9-b63d-9d1ce00e1a23/metadata?includeKey=status&includeKey=failures&includeKey=jobId
  response:
    body:
      string: '{"status":"Submitted","calls":{},"id":"dbc844ed-847f-44e9-b63d-9d1ce00e1a23"}'
    headers:
      Connection:
      - keep-alive
      Content-Type:
      - application/json
      Date:
      - Sun, 14 Sep 2025 04:10:01 GMT
      Server:
      - nginx/1.25.3
      Transfer-Encoding:
      - chunked
      content-length:
      - '77'
    status:
      code: 200
      message: OK
- request:
    body: ''
    headers:
      accept:
      - '*/*'
      accept-encoding:
      - gzip, deflate
      connection:
      - keep-alive
      host:
      - gizmoj36.fhcrc.org:46443
      user-agent:
      - python-httpx/0.28.1
    method: GET
    uri: https://gizmoj36.fhcrc.org:46443/api/workflows/v1/dbc844ed-847f-44e9-b63d-9d1ce00e1a23/metadata?includeKey=status&includeKey=failures&includeKey=jobId
  response:
    body:
      string: '{"status":"Submitted","calls":{},"id":"dbc844ed-847f-44e9-b63d-9d1ce00e1a23"}'
    headers:
      Connection:
      - keep-alive
      Content-Type:
      - application/json
      Date:
      - Sun, 14 Sep 2025 04:10:06 GMT
      Server:
      - nginx/1.25.3
      Transfer-Encoding:
      - chunked
      content-length:
      - '77'
    status:
      code: 200
      message: OK
- request:
    body: ''
    headers:
      accept:
      - '*/*'
      accept-encoding:
      - gzip, deflate
      connection:
      - keep-alive
      host:
      - gizmoj36.fhcrc.org:46443
      user-agent:
      - python-httpx/0.28.1
    method: GET
    uri: https://gizmoj36.fhcrc.org:46443/api/workflows/v1/dbc844ed-847f-44e9-b63d-9d1ce00e1a23/metadata?includeKey=status&includeKey=failures&includeKey=jobId
  response:
    body:
      string: '{"status":"Submitted","calls":{},"id":"dbc844ed-847f-44e9-b63d-9d1ce00e1a23"}'
    headers:
      Connection:
      - keep-alive
      Content-Type:
      - application/json
      Date:
      - Sun, 14 Sep 2025 04:10:11 GMT
      Server:
      - nginx/1.25.3
      Transfer-Encoding:
      - chunked
      content-length:
      - '77'
    status:
      code: 200
      message: OK
- request:
    body: ''
    headers:
      accept:
      - '*/*'
      accept-encoding:
      - gzip, deflate
      connection:
      - keep-alive
      host:
      - gizmoj36.fhcrc.org:46443
      user-agent:
      - python-httpx/0.28.1
    method: GET
    uri: https://gizmoj36.fhcrc.org:46443/api/workflows/v1/dbc844ed-847f-44e9-b63d-9d1ce00e1a23/metadata?includeKey=status&includeKey=failures&includeKey=jobId
  response:
    body:
      string: '{"status":"Submitted","calls":{},"id":"dbc844ed-847f-44e9-b63d-9d1ce00e1a23"}'
    headers:
      Connection:
      - keep-alive
      Content-Type:
      - application/json
      Date:
      - Sun, 14 Sep 2025 04:10:16 GMT
      Server:
      - nginx/1.25.3
      Transfer-Encoding:
      - chunked
      content-length:
      - '77'
    status:
      code: 200
      message: OK
- request:
    body: ''
    headers:
      accept:
      - '*/*'
      accept-encoding:
      - gzip, deflate
      connection:
      - keep-alive
      host:
      - gizmoj36.fhcrc.org:46443
      user-agent:
      - python-httpx/0.28.1
    method: GET
    uri: https://gizmoj36.fhcrc.org:46443/api/workflows/v1/dbc844ed-847f-44e9-b63d-9d1ce00e1a23/metadata?includeKey=status&includeKey=failures&includeKey=jobId
  response:
    body:
      string: '{"status":"Submitted","calls":{},"id":"dbc844ed-847f-44e9-b63d-9d1ce00e1a23"}'
    headers:
      Connection:
      - keep-alive
      Content-Type:
      - application/json
      Date:
      - Sun, 14 Sep 2025 04:10:21 GMT
      Server:
      - nginx/1.25.3
      Transfer-Encoding:
      - chunked
      content-length:
      - '77'
    status:
      code: 200
      message: OK
- request:
    body: ''
    headers:
      accept:
      - '*/*'
      accept-encoding:
      - gzip, deflate
      connection:
      - keep-alive
      host:
      - gizmoj36.fhcrc.org:46443
      user-agent:
      - python-httpx/0.28.1
    method: GET
    uri: https://gizmoj36.fhcrc.org:46443/api/workflows/v1/dbc844ed-847f-44e9-b63d-9d1ce00e1a23/metadata?includeKey=status&includeKey=failures&includeKey=jobId
  response:
    body:
      string: '{"status":"Submitted","calls":{},"id":"dbc844ed-847f-44e9-b63d-9d1ce00e1a23"}'
    headers:
      Connection:
      - keep-alive
      Content-Type:
      - application/json
      Date:
      - Sun, 14 Sep 2025 04:10:26 GMT
      Server:
      - nginx/1.25.3
      Transfer-Encoding:
      - chunked
      content-length:
      - '77'
    status:
      code: 200
      message: OK
- request:
    body: ''
    headers:
      accept:
      - '*/*'
      accept-encoding:
      - gzip, deflate
      connection:
      - keep-alive
      host:
      - gizmoj36.fhcrc.org:46443
      user-agent:
      - python-httpx/0.28.1
    method: GET
    uri: https://gizmoj36.fhcrc.org:46443/api/workflows/v1/dbc844ed-847f-44e9-b63d-9d1ce00e1a23/metadata?includeKey=status&includeKey=failures&includeKey=jobId
  response:
    body:
      string: '{"status":"Submitted","calls":{},"id":"dbc844ed-847f-44e9-b63d-9d1ce00e1a23"}'
    headers:
      Connection:
      - keep-alive
      Content-Type:
      - application/json
      Date:
      - Sun, 14 Sep 2025 04:10:31 GMT
      Server:
      - nginx/1.25.3
      Transfer-Encoding:
      - chunked
      content-length:
      - '77'
    status:
      code: 200
      message: OK
- request:
    body: ''
    headers:
      accept:
      - '*/*'
      accept-encoding:
      - gzip, deflate
      connection:
      - keep-alive
      host:
      - gizmoj36.fhcrc.org:46443
      user-agent:
      - python-httpx/0.28.1
    method: GET
    uri: https://gizmoj36.fhcrc.org:46443/api/workflows/v1/dbc844ed-847f-44e9-b63d-9d1ce00e1a23/metadata?includeKey=status&includeKey=failures&includeKey=jobId
  response:
    body:
      string: '{"status":"Submitted","calls":{},"id":"dbc844ed-847f-44e9-b63d-9d1ce00e1a23"}'
    headers:
      Connection:
      - keep-alive
      Content-Type:
      - application/json
      Date:
      - Sun, 14 Sep 2025 04:10:36 GMT
      Server:
      - nginx/1.25.3
      Transfer-Encoding:
      - chunked
      content-length:
      - '77'
    status:
      code: 200
      message: OK
- request:
    body: ''
    headers:
      accept:
      - '*/*'
      accept-encoding:
      - gzip, deflate
      connection:
      - keep-alive
      host:
      - gizmoj36.fhcrc.org:46443
      user-agent:
      - python-httpx/0.28.1
    method: GET
    uri: https://gizmoj36.fhcrc.org:46443/api/workflows/v1/dbc844ed-847f-44e9-b63d-9d1ce00e1a23/metadata?includeKey=status&includeKey=failures&includeKey=jobId
  response:
    body:
      string: '{"status":"Submitted","calls":{},"id":"dbc844ed-847f-44e9-b63d-9d1ce00e1a23"}'
    headers:
      Connection:
      - keep-alive
      Content-Type:
      - application/json
      Date:
      - Sun, 14 Sep 2025 04:10:41 GMT
      Server:
      - nginx/1.25.3
      Transfer-Encoding:
      - chunked
      content-length:
      - '77'
    status:
      code: 200
      message: OK
- request:
    body: ''
    headers:
      accept:
      - '*/*'
      accept-encoding:
      - gzip, deflate
      connection:
      - keep-alive
      host:
      - gizmoj36.fhcrc.org:46443
      user-agent:
      - python-httpx/0.28.1
    method: GET
    uri: https://gizmoj36.fhcrc.org:46443/api/workflows/v1/dbc844ed-847f-44e9-b63d-9d1ce00e1a23/metadata?includeKey=status&includeKey=failures&includeKey=jobId
  response:
    body:
      string: '{"status":"Submitted","calls":{},"id":"dbc844ed-847f-44e9-b63d-9d1ce00e1a23"}'
    headers:
      Connection:
      - keep-alive
      Content-Type:
      - application/json
      Date:
      - Sun, 14 Sep 2025 04:10:46 GMT
      Server:
      - nginx/1.25.3
      Transfer-Encoding:
      - chunked
      content-length:
      - '77'
    status:
      code: 200
      message: OK
- request:
    body: ''
    headers:
      accept:
      - '*/*'
      accept-encoding:
      - gzip, deflate
      connection:
      - keep-alive
      host:
      - gizmoj36.fhcrc.org:46443
      user-agent:
      - python-httpx/0.28.1
    method: GET
    uri: https://gizmoj36.fhcrc.org:46443/api/workflows/v1/dbc844ed-847f-44e9-b63d-9d1ce00e1a23/metadata?includeKey=status&includeKey=failures&includeKey=jobId
  response:
    body:
      string: '{"status":"Submitted","calls":{},"id":"dbc844ed-847f-44e9-b63d-9d1ce00e1a23"}'
    headers:
      Connection:
      - keep-alive
      Content-Type:
      - application/json
      Date:
      - Sun, 14 Sep 2025 04:10:51 GMT
      Server:
      - nginx/1.25.3
      Transfer-Encoding:
      - chunked
      content-length:
      - '77'
    status:
      code: 200
      message: OK
- request:
    body: ''
    headers:
      accept:
      - '*/*'
      accept-encoding:
      - gzip, deflate
      connection:
      - keep-alive
      host:
      - gizmoj36.fhcrc.org:46443
      user-agent:
      - python-httpx/0.28.1
    method: GET
    uri: https://gizmoj36.fhcrc.org:46443/api/workflows/v1/dbc844ed-847f-44e9-b63d-9d1ce00e1a23/metadata?includeKey=status&includeKey=failures&includeKey=jobId
  response:
    body:
      string: '{"status":"Submitted","calls":{},"id":"dbc844ed-847f-44e9-b63d-9d1ce00e1a23"}'
    headers:
      Connection:
      - keep-alive
      Content-Type:
      - application/json
      Date:
      - Sun, 14 Sep 2025 04:10:56 GMT
      Server:
      - nginx/1.25.3
      Transfer-Encoding:
      - chunked
      content-length:
      - '77'
    status:
      code: 200
      message: OK
- request:
    body: ''
    headers:
      accept:
      - '*/*'
      accept-encoding:
      - gzip, deflate
      connection:
      - keep-alive
      host:
      - gizmoj36.fhcrc.org:46443
      user-agent:
      - python-httpx/0.28.1
    method: GET
    uri: https://gizmoj36.fhcrc.org:46443/api/workflows/v1/dbc844ed-847f-44e9-b63d-9d1ce00e1a23/metadata?includeKey=status&includeKey=failures&includeKey=jobId
  response:
    body:
      string: '{"status":"Submitted","calls":{},"id":"dbc844ed-847f-44e9-b63d-9d1ce00e1a23"}'
    headers:
      Connection:
      - keep-alive
      Content-Type:
      - application/json
      Date:
      - Sun, 14 Sep 2025 04:11:02 GMT
      Server:
      - nginx/1.25.3
      Transfer-Encoding:
      - chunked
      content-length:
      - '77'
    status:
      code: 200
      message: OK
- request:
    body: ''
    headers:
      accept:
      - '*/*'
      accept-encoding:
      - gzip, deflate
      connection:
      - keep-alive
      host:
      - gizmoj36.fhcrc.org:46443
      user-agent:
      - python-httpx/0.28.1
    method: GET
    uri: https://gizmoj36.fhcrc.org:46443/api/workflows/v1/dbc844ed-847f-44e9-b63d-9d1ce00e1a23/metadata?includeKey=status&includeKey=failures&includeKey=jobId
  response:
    body:
      string: '{"status":"Submitted","calls":{},"id":"dbc844ed-847f-44e9-b63d-9d1ce00e1a23"}'
    headers:
      Connection:
      - keep-alive
      Content-Type:
      - application/json
      Date:
      - Sun, 14 Sep 2025 04:11:07 GMT
      Server:
      - nginx/1.25.3
      Transfer-Encoding:
      - chunked
      content-length:
      - '77'
    status:
      code: 200
      message: OK
- request:
    body: ''
    headers:
      accept:
      - '*/*'
      accept-encoding:
      - gzip, deflate
      connection:
      - keep-alive
      host:
      - gizmoj36.fhcrc.org:46443
      user-agent:
      - python-httpx/0.28.1
    method: GET
    uri: https://gizmoj36.fhcrc.org:46443/api/workflows/v1/dbc844ed-847f-44e9-b63d-9d1ce00e1a23/metadata?includeKey=status&includeKey=failures&includeKey=jobId
  response:
    body:
      string: '{"status":"Submitted","calls":{},"id":"dbc844ed-847f-44e9-b63d-9d1ce00e1a23"}'
    headers:
      Connection:
      - keep-alive
      Content-Type:
      - application/json
      Date:
      - Sun, 14 Sep 2025 04:11:12 GMT
      Server:
      - nginx/1.25.3
      Transfer-Encoding:
      - chunked
      content-length:
      - '77'
    status:
      code: 200
      message: OK
- request:
    body: ''
    headers:
      accept:
      - '*/*'
      accept-encoding:
      - gzip, deflate
      connection:
      - keep-alive
      host:
      - gizmoj36.fhcrc.org:46443
      user-agent:
      - python-httpx/0.28.1
    method: GET
    uri: https://gizmoj36.fhcrc.org:46443/api/workflows/v1/dbc844ed-847f-44e9-b63d-9d1ce00e1a23/metadata?includeKey=status&includeKey=failures&includeKey=jobId
  response:
    body:
      string: '{"status":"Submitted","calls":{},"id":"dbc844ed-847f-44e9-b63d-9d1ce00e1a23"}'
    headers:
      Connection:
      - keep-alive
      Content-Type:
      - application/json
      Date:
      - Sun, 14 Sep 2025 04:11:17 GMT
      Server:
      - nginx/1.25.3
      Transfer-Encoding:
      - chunked
      content-length:
      - '77'
    status:
      code: 200
      message: OK
- request:
    body: ''
    headers:
      accept:
      - '*/*'
      accept-encoding:
      - gzip, deflate
      connection:
      - keep-alive
      host:
      - gizmoj36.fhcrc.org:46443
      user-agent:
      - python-httpx/0.28.1
    method: GET
    uri: https://gizmoj36.fhcrc.org:46443/api/workflows/v1/dbc844ed-847f-44e9-b63d-9d1ce00e1a23/metadata?includeKey=status&includeKey=failures&includeKey=jobId
  response:
    body:
      string: '{"status":"Submitted","calls":{},"id":"dbc844ed-847f-44e9-b63d-9d1ce00e1a23"}'
    headers:
      Connection:
      - keep-alive
      Content-Type:
      - application/json
      Date:
      - Sun, 14 Sep 2025 04:11:22 GMT
      Server:
      - nginx/1.25.3
      Transfer-Encoding:
      - chunked
      content-length:
      - '77'
    status:
      code: 200
      message: OK
- request:
    body: ''
    headers:
      accept:
      - '*/*'
      accept-encoding:
      - gzip, deflate
      connection:
      - keep-alive
      host:
      - gizmoj36.fhcrc.org:46443
      user-agent:
      - python-httpx/0.28.1
    method: GET
    uri: https://gizmoj36.fhcrc.org:46443/api/workflows/v1/dbc844ed-847f-44e9-b63d-9d1ce00e1a23/metadata?includeKey=status&includeKey=failures&includeKey=jobId
  response:
    body:
      string: '{"status":"Submitted","calls":{},"id":"dbc844ed-847f-44e9-b63d-9d1ce00e1a23"}'
    headers:
      Connection:
      - keep-alive
      Content-Type:
      - application/json
      Date:
      - Sun, 14 Sep 2025 04:11:27 GMT
      Server:
      - nginx/1.25.3
      Transfer-Encoding:
      - chunked
      content-length:
      - '77'
    status:
      code: 200
      message: OK
- request:
    body: ''
    headers:
      accept:
      - '*/*'
      accept-encoding:
      - gzip, deflate
      connection:
      - keep-alive
      host:
      - gizmoj36.fhcrc.org:46443
      user-agent:
      - python-httpx/0.28.1
    method: GET
    uri: https://gizmoj36.fhcrc.org:46443/api/workflows/v1/dbc844ed-847f-44e9-b63d-9d1ce00e1a23/metadata?includeKey=status&includeKey=failures&includeKey=jobId
  response:
    body:
      string: '{"status":"Submitted","calls":{},"id":"dbc844ed-847f-44e9-b63d-9d1ce00e1a23"}'
    headers:
      Connection:
      - keep-alive
      Content-Type:
      - application/json
      Date:
      - Sun, 14 Sep 2025 04:11:32 GMT
      Server:
      - nginx/1.25.3
      Transfer-Encoding:
      - chunked
      content-length:
      - '77'
    status:
      code: 200
      message: OK
- request:
    body: ''
    headers:
      accept:
      - '*/*'
      accept-encoding:
      - gzip, deflate
      connection:
      - keep-alive
      host:
      - gizmoj36.fhcrc.org:46443
      user-agent:
      - python-httpx/0.28.1
    method: GET
    uri: https://gizmoj36.fhcrc.org:46443/api/workflows/v1/dbc844ed-847f-44e9-b63d-9d1ce00e1a23/metadata?includeKey=status&includeKey=failures&includeKey=jobId
  response:
    body:
      string: '{"status":"Submitted","calls":{},"id":"dbc844ed-847f-44e9-b63d-9d1ce00e1a23"}'
    headers:
      Connection:
      - keep-alive
      Content-Type:
      - application/json
      Date:
      - Sun, 14 Sep 2025 04:11:37 GMT
      Server:
      - nginx/1.25.3
      Transfer-Encoding:
      - chunked
      content-length:
      - '77'
    status:
      code: 200
      message: OK
- request:
    body: ''
    headers:
      accept:
      - '*/*'
      accept-encoding:
      - gzip, deflate
      connection:
      - keep-alive
      host:
      - gizmoj36.fhcrc.org:46443
      user-agent:
      - python-httpx/0.28.1
    method: GET
    uri: https://gizmoj36.fhcrc.org:46443/api/workflows/v1/dbc844ed-847f-44e9-b63d-9d1ce00e1a23/metadata?includeKey=status&includeKey=failures&includeKey=jobId
  response:
    body:
      string: '{"status":"Submitted","calls":{},"id":"dbc844ed-847f-44e9-b63d-9d1ce00e1a23"}'
    headers:
      Connection:
      - keep-alive
      Content-Type:
      - application/json
      Date:
      - Sun, 14 Sep 2025 04:11:42 GMT
      Server:
      - nginx/1.25.3
      Transfer-Encoding:
      - chunked
      content-length:
      - '77'
    status:
      code: 200
      message: OK
- request:
    body: ''
    headers:
      accept:
      - '*/*'
      accept-encoding:
      - gzip, deflate
      connection:
      - keep-alive
      host:
      - gizmoj36.fhcrc.org:46443
      user-agent:
      - python-httpx/0.28.1
    method: GET
    uri: https://gizmoj36.fhcrc.org:46443/api/workflows/v1/dbc844ed-847f-44e9-b63d-9d1ce00e1a23/metadata?includeKey=status&includeKey=failures&includeKey=jobId
  response:
    body:
      string: '{"status":"Submitted","calls":{},"id":"dbc844ed-847f-44e9-b63d-9d1ce00e1a23"}'
    headers:
      Connection:
      - keep-alive
      Content-Type:
      - application/json
      Date:
      - Sun, 14 Sep 2025 04:11:47 GMT
      Server:
      - nginx/1.25.3
      Transfer-Encoding:
      - chunked
      content-length:
      - '77'
    status:
      code: 200
      message: OK
- request:
    body: ''
    headers:
      accept:
      - '*/*'
      accept-encoding:
      - gzip, deflate
      connection:
      - keep-alive
      host:
      - gizmoj36.fhcrc.org:46443
      user-agent:
      - python-httpx/0.28.1
    method: GET
    uri: https://gizmoj36.fhcrc.org:46443/api/workflows/v1/dbc844ed-847f-44e9-b63d-9d1ce00e1a23/metadata?includeKey=status&includeKey=failures&includeKey=jobId
  response:
    body:
      string: '{"status":"Submitted","calls":{},"id":"dbc844ed-847f-44e9-b63d-9d1ce00e1a23"}'
    headers:
      Connection:
      - keep-alive
      Content-Type:
      - application/json
      Date:
      - Sun, 14 Sep 2025 04:11:52 GMT
      Server:
      - nginx/1.25.3
      Transfer-Encoding:
      - chunked
      content-length:
      - '77'
    status:
      code: 200
      message: OK
- request:
    body: ''
    headers:
      accept:
      - '*/*'
      accept-encoding:
      - gzip, deflate
      connection:
      - keep-alive
      host:
      - gizmoj36.fhcrc.org:46443
      user-agent:
      - python-httpx/0.28.1
    method: GET
    uri: https://gizmoj36.fhcrc.org:46443/api/workflows/v1/dbc844ed-847f-44e9-b63d-9d1ce00e1a23/metadata?includeKey=status&includeKey=failures&includeKey=jobId
  response:
    body:
      string: '{"status":"Submitted","calls":{},"id":"dbc844ed-847f-44e9-b63d-9d1ce00e1a23"}'
    headers:
      Connection:
      - keep-alive
      Content-Type:
      - application/json
      Date:
      - Sun, 14 Sep 2025 04:11:57 GMT
      Server:
      - nginx/1.25.3
      Transfer-Encoding:
      - chunked
      content-length:
      - '77'
    status:
      code: 200
      message: OK
- request:
    body: ''
    headers:
      accept:
      - '*/*'
      accept-encoding:
      - gzip, deflate
      connection:
      - keep-alive
      host:
      - gizmoj36.fhcrc.org:46443
      user-agent:
      - python-httpx/0.28.1
    method: GET
    uri: https://gizmoj36.fhcrc.org:46443/api/workflows/v1/dbc844ed-847f-44e9-b63d-9d1ce00e1a23/metadata?includeKey=status&includeKey=failures&includeKey=jobId
  response:
    body:
      string: '{"status":"Submitted","calls":{},"id":"dbc844ed-847f-44e9-b63d-9d1ce00e1a23"}'
    headers:
      Connection:
      - keep-alive
      Content-Type:
      - application/json
      Date:
      - Sun, 14 Sep 2025 04:12:02 GMT
      Server:
      - nginx/1.25.3
      Transfer-Encoding:
      - chunked
      content-length:
      - '77'
    status:
      code: 200
      message: OK
- request:
    body: ''
    headers:
      accept:
      - '*/*'
      accept-encoding:
      - gzip, deflate
      connection:
      - keep-alive
      host:
      - gizmoj36.fhcrc.org:46443
      user-agent:
      - python-httpx/0.28.1
    method: GET
    uri: https://gizmoj36.fhcrc.org:46443/api/workflows/v1/dbc844ed-847f-44e9-b63d-9d1ce00e1a23/metadata?includeKey=status&includeKey=failures&includeKey=jobId
  response:
    body:
      string: '{"status":"Submitted","calls":{},"id":"dbc844ed-847f-44e9-b63d-9d1ce00e1a23"}'
    headers:
      Connection:
      - keep-alive
      Content-Type:
      - application/json
      Date:
      - Sun, 14 Sep 2025 04:12:07 GMT
      Server:
      - nginx/1.25.3
      Transfer-Encoding:
      - chunked
      content-length:
      - '77'
    status:
      code: 200
      message: OK
- request:
    body: ''
    headers:
      accept:
      - '*/*'
      accept-encoding:
      - gzip, deflate
      connection:
      - keep-alive
      host:
      - gizmoj36.fhcrc.org:46443
      user-agent:
      - python-httpx/0.28.1
    method: GET
    uri: https://gizmoj36.fhcrc.org:46443/api/workflows/v1/dbc844ed-847f-44e9-b63d-9d1ce00e1a23/metadata?includeKey=status&includeKey=failures&includeKey=jobId
  response:
    body:
      string: '{"status":"Submitted","calls":{},"id":"dbc844ed-847f-44e9-b63d-9d1ce00e1a23"}'
    headers:
      Connection:
      - keep-alive
      Content-Type:
      - application/json
      Date:
      - Sun, 14 Sep 2025 04:12:13 GMT
      Server:
      - nginx/1.25.3
      Transfer-Encoding:
      - chunked
      content-length:
      - '77'
    status:
      code: 200
      message: OK
- request:
    body: ''
    headers:
      accept:
      - '*/*'
      accept-encoding:
      - gzip, deflate
      connection:
      - keep-alive
      host:
      - gizmoj36.fhcrc.org:46443
      user-agent:
      - python-httpx/0.28.1
    method: GET
    uri: https://gizmoj36.fhcrc.org:46443/api/workflows/v1/dbc844ed-847f-44e9-b63d-9d1ce00e1a23/metadata?includeKey=status&includeKey=failures&includeKey=jobId
  response:
    body:
      string: '{"status":"Submitted","calls":{},"id":"dbc844ed-847f-44e9-b63d-9d1ce00e1a23"}'
    headers:
      Connection:
      - keep-alive
      Content-Type:
      - application/json
      Date:
      - Sun, 14 Sep 2025 04:12:18 GMT
      Server:
      - nginx/1.25.3
      Transfer-Encoding:
      - chunked
      content-length:
      - '77'
    status:
      code: 200
      message: OK
- request:
    body: ''
    headers:
      accept:
      - '*/*'
      accept-encoding:
      - gzip, deflate
      connection:
      - keep-alive
      host:
      - gizmoj36.fhcrc.org:46443
      user-agent:
      - python-httpx/0.28.1
    method: GET
    uri: https://gizmoj36.fhcrc.org:46443/api/workflows/v1/dbc844ed-847f-44e9-b63d-9d1ce00e1a23/metadata?includeKey=status&includeKey=failures&includeKey=jobId
  response:
    body:
      string: '{"status":"Submitted","calls":{},"id":"dbc844ed-847f-44e9-b63d-9d1ce00e1a23"}'
    headers:
      Connection:
      - keep-alive
      Content-Type:
      - application/json
      Date:
      - Sun, 14 Sep 2025 04:12:23 GMT
      Server:
      - nginx/1.25.3
      Transfer-Encoding:
      - chunked
      content-length:
      - '77'
    status:
      code: 200
      message: OK
- request:
    body: ''
    headers:
      accept:
      - '*/*'
      accept-encoding:
      - gzip, deflate
      connection:
      - keep-alive
      host:
      - gizmoj36.fhcrc.org:46443
      user-agent:
      - python-httpx/0.28.1
    method: GET
    uri: https://gizmoj36.fhcrc.org:46443/api/workflows/v1/dbc844ed-847f-44e9-b63d-9d1ce00e1a23/metadata?includeKey=status&includeKey=failures&includeKey=jobId
  response:
    body:
      string: '{"status":"Submitted","calls":{},"id":"dbc844ed-847f-44e9-b63d-9d1ce00e1a23"}'
    headers:
      Connection:
      - keep-alive
      Content-Type:
      - application/json
      Date:
      - Sun, 14 Sep 2025 04:12:28 GMT
      Server:
      - nginx/1.25.3
      Transfer-Encoding:
      - chunked
      content-length:
      - '77'
    status:
      code: 200
      message: OK
- request:
    body: ''
    headers:
      accept:
      - '*/*'
      accept-encoding:
      - gzip, deflate
      connection:
      - keep-alive
      host:
      - gizmoj36.fhcrc.org:46443
      user-agent:
      - python-httpx/0.28.1
    method: GET
    uri: https://gizmoj36.fhcrc.org:46443/api/workflows/v1/dbc844ed-847f-44e9-b63d-9d1ce00e1a23/metadata?includeKey=status&includeKey=failures&includeKey=jobId
  response:
    body:
      string: '{"status":"Submitted","calls":{},"id":"dbc844ed-847f-44e9-b63d-9d1ce00e1a23"}'
    headers:
      Connection:
      - keep-alive
      Content-Type:
      - application/json
      Date:
      - Sun, 14 Sep 2025 04:12:33 GMT
      Server:
      - nginx/1.25.3
      Transfer-Encoding:
      - chunked
      content-length:
      - '77'
    status:
      code: 200
      message: OK
- request:
    body: ''
    headers:
      accept:
      - '*/*'
      accept-encoding:
      - gzip, deflate
      connection:
      - keep-alive
      host:
      - gizmoj36.fhcrc.org:46443
      user-agent:
      - python-httpx/0.28.1
    method: GET
    uri: https://gizmoj36.fhcrc.org:46443/api/workflows/v1/dbc844ed-847f-44e9-b63d-9d1ce00e1a23/metadata?includeKey=status&includeKey=failures&includeKey=jobId
  response:
    body:
      string: '{"status":"Submitted","calls":{},"id":"dbc844ed-847f-44e9-b63d-9d1ce00e1a23"}'
    headers:
      Connection:
      - keep-alive
      Content-Type:
      - application/json
      Date:
      - Sun, 14 Sep 2025 04:12:38 GMT
      Server:
      - nginx/1.25.3
      Transfer-Encoding:
      - chunked
      content-length:
      - '77'
    status:
      code: 200
      message: OK
- request:
    body: ''
    headers:
      accept:
      - '*/*'
      accept-encoding:
      - gzip, deflate
      connection:
      - keep-alive
      host:
      - gizmoj36.fhcrc.org:46443
      user-agent:
      - python-httpx/0.28.1
    method: GET
    uri: https://gizmoj36.fhcrc.org:46443/api/workflows/v1/dbc844ed-847f-44e9-b63d-9d1ce00e1a23/metadata?includeKey=status&includeKey=failures&includeKey=jobId
  response:
    body:
      string: '{"status":"Submitted","calls":{},"id":"dbc844ed-847f-44e9-b63d-9d1ce00e1a23"}'
    headers:
      Connection:
      - keep-alive
      Content-Type:
      - application/json
      Date:
      - Sun, 14 Sep 2025 04:12:43 GMT
      Server:
      - nginx/1.25.3
      Transfer-Encoding:
      - chunked
      content-length:
      - '77'
    status:
      code: 200
      message: OK
- request:
    body: ''
    headers:
      accept:
      - '*/*'
      accept-encoding:
      - gzip, deflate
      connection:
      - keep-alive
      host:
      - gizmoj36.fhcrc.org:46443
      user-agent:
      - python-httpx/0.28.1
    method: GET
    uri: https://gizmoj36.fhcrc.org:46443/api/workflows/v1/dbc844ed-847f-44e9-b63d-9d1ce00e1a23/metadata?includeKey=status&includeKey=failures&includeKey=jobId
  response:
    body:
      string: '{"status":"Submitted","calls":{},"id":"dbc844ed-847f-44e9-b63d-9d1ce00e1a23"}'
    headers:
      Connection:
      - keep-alive
      Content-Type:
      - application/json
      Date:
      - Sun, 14 Sep 2025 04:12:48 GMT
      Server:
      - nginx/1.25.3
      Transfer-Encoding:
      - chunked
      content-length:
      - '77'
    status:
      code: 200
      message: OK
- request:
    body: ''
    headers:
      accept:
      - '*/*'
      accept-encoding:
      - gzip, deflate
      connection:
      - keep-alive
      host:
      - gizmoj36.fhcrc.org:46443
      user-agent:
      - python-httpx/0.28.1
    method: GET
    uri: https://gizmoj36.fhcrc.org:46443/api/workflows/v1/dbc844ed-847f-44e9-b63d-9d1ce00e1a23/metadata?includeKey=status&includeKey=failures&includeKey=jobId
  response:
    body:
      string: '{"status":"Submitted","calls":{},"id":"dbc844ed-847f-44e9-b63d-9d1ce00e1a23"}'
    headers:
      Connection:
      - keep-alive
      Content-Type:
      - application/json
      Date:
      - Sun, 14 Sep 2025 04:12:53 GMT
      Server:
      - nginx/1.25.3
      Transfer-Encoding:
      - chunked
      content-length:
      - '77'
    status:
      code: 200
      message: OK
- request:
    body: ''
    headers:
      accept:
      - '*/*'
      accept-encoding:
      - gzip, deflate
      connection:
      - keep-alive
      host:
      - gizmoj36.fhcrc.org:46443
      user-agent:
      - python-httpx/0.28.1
    method: GET
    uri: https://gizmoj36.fhcrc.org:46443/api/workflows/v1/dbc844ed-847f-44e9-b63d-9d1ce00e1a23/metadata?includeKey=status&includeKey=failures&includeKey=jobId
  response:
    body:
      string: '{"status":"Submitted","calls":{},"id":"dbc844ed-847f-44e9-b63d-9d1ce00e1a23"}'
    headers:
      Connection:
      - keep-alive
      Content-Type:
      - application/json
      Date:
      - Sun, 14 Sep 2025 04:12:58 GMT
      Server:
      - nginx/1.25.3
      Transfer-Encoding:
      - chunked
      content-length:
      - '77'
    status:
      code: 200
      message: OK
- request:
    body: ''
    headers:
      accept:
      - '*/*'
      accept-encoding:
      - gzip, deflate
      connection:
      - keep-alive
      host:
      - gizmoj36.fhcrc.org:46443
      user-agent:
      - python-httpx/0.28.1
    method: GET
    uri: https://gizmoj36.fhcrc.org:46443/api/workflows/v1/dbc844ed-847f-44e9-b63d-9d1ce00e1a23/metadata?includeKey=status&includeKey=failures&includeKey=jobId
  response:
    body:
      string: '{"status":"Submitted","calls":{},"id":"dbc844ed-847f-44e9-b63d-9d1ce00e1a23"}'
    headers:
      Connection:
      - keep-alive
      Content-Type:
      - application/json
      Date:
      - Sun, 14 Sep 2025 04:13:03 GMT
      Server:
      - nginx/1.25.3
      Transfer-Encoding:
      - chunked
      content-length:
      - '77'
    status:
      code: 200
      message: OK
- request:
    body: ''
    headers:
      accept:
      - '*/*'
      accept-encoding:
      - gzip, deflate
      connection:
      - keep-alive
      host:
      - gizmoj36.fhcrc.org:46443
      user-agent:
      - python-httpx/0.28.1
    method: GET
    uri: https://gizmoj36.fhcrc.org:46443/api/workflows/v1/dbc844ed-847f-44e9-b63d-9d1ce00e1a23/metadata?includeKey=status&includeKey=failures&includeKey=jobId
  response:
    body:
      string: '{"status":"Submitted","calls":{},"id":"dbc844ed-847f-44e9-b63d-9d1ce00e1a23"}'
    headers:
      Connection:
      - keep-alive
      Content-Type:
      - application/json
      Date:
      - Sun, 14 Sep 2025 04:13:08 GMT
      Server:
      - nginx/1.25.3
      Transfer-Encoding:
      - chunked
      content-length:
      - '77'
    status:
      code: 200
      message: OK
- request:
    body: ''
    headers:
      accept:
      - '*/*'
      accept-encoding:
      - gzip, deflate
      connection:
      - keep-alive
      host:
      - gizmoj36.fhcrc.org:46443
      user-agent:
      - python-httpx/0.28.1
    method: GET
    uri: https://gizmoj36.fhcrc.org:46443/api/workflows/v1/dbc844ed-847f-44e9-b63d-9d1ce00e1a23/metadata?includeKey=status&includeKey=failures&includeKey=jobId
  response:
    body:
      string: '{"status":"Submitted","calls":{},"id":"dbc844ed-847f-44e9-b63d-9d1ce00e1a23"}'
    headers:
      Connection:
      - keep-alive
      Content-Type:
      - application/json
      Date:
      - Sun, 14 Sep 2025 04:13:13 GMT
      Server:
      - nginx/1.25.3
      Transfer-Encoding:
      - chunked
      content-length:
      - '77'
    status:
      code: 200
      message: OK
- request:
    body: ''
    headers:
      accept:
      - '*/*'
      accept-encoding:
      - gzip, deflate
      connection:
      - keep-alive
      host:
      - gizmoj36.fhcrc.org:46443
      user-agent:
      - python-httpx/0.28.1
    method: GET
    uri: https://gizmoj36.fhcrc.org:46443/api/workflows/v1/dbc844ed-847f-44e9-b63d-9d1ce00e1a23/metadata?includeKey=status&includeKey=failures&includeKey=jobId
  response:
    body:
      string: '{"status":"Submitted","calls":{},"id":"dbc844ed-847f-44e9-b63d-9d1ce00e1a23"}'
    headers:
      Connection:
      - keep-alive
      Content-Type:
      - application/json
      Date:
      - Sun, 14 Sep 2025 04:13:18 GMT
      Server:
      - nginx/1.25.3
      Transfer-Encoding:
      - chunked
      content-length:
      - '77'
    status:
      code: 200
      message: OK
- request:
    body: ''
    headers:
      accept:
      - '*/*'
      accept-encoding:
      - gzip, deflate
      connection:
      - keep-alive
      host:
      - gizmoj36.fhcrc.org:46443
      user-agent:
      - python-httpx/0.28.1
    method: GET
    uri: https://gizmoj36.fhcrc.org:46443/api/workflows/v1/dbc844ed-847f-44e9-b63d-9d1ce00e1a23/metadata?includeKey=status&includeKey=failures&includeKey=jobId
  response:
    body:
      string: '{"status":"Submitted","calls":{},"id":"dbc844ed-847f-44e9-b63d-9d1ce00e1a23"}'
    headers:
      Connection:
      - keep-alive
      Content-Type:
      - application/json
      Date:
      - Sun, 14 Sep 2025 04:13:24 GMT
      Server:
      - nginx/1.25.3
      Transfer-Encoding:
      - chunked
      content-length:
      - '77'
    status:
      code: 200
      message: OK
- request:
    body: ''
    headers:
      accept:
      - '*/*'
      accept-encoding:
      - gzip, deflate
      connection:
      - keep-alive
      host:
      - gizmoj36.fhcrc.org:46443
      user-agent:
      - python-httpx/0.28.1
    method: GET
    uri: https://gizmoj36.fhcrc.org:46443/api/workflows/v1/dbc844ed-847f-44e9-b63d-9d1ce00e1a23/metadata?includeKey=status&includeKey=failures&includeKey=jobId
  response:
    body:
      string: '{"status":"Submitted","calls":{},"id":"dbc844ed-847f-44e9-b63d-9d1ce00e1a23"}'
    headers:
      Connection:
      - keep-alive
      Content-Type:
      - application/json
      Date:
      - Sun, 14 Sep 2025 04:13:29 GMT
      Server:
      - nginx/1.25.3
      Transfer-Encoding:
      - chunked
      content-length:
      - '77'
    status:
      code: 200
      message: OK
- request:
    body: ''
    headers:
      accept:
      - '*/*'
      accept-encoding:
      - gzip, deflate
      connection:
      - keep-alive
      host:
      - gizmoj36.fhcrc.org:46443
      user-agent:
      - python-httpx/0.28.1
    method: GET
    uri: https://gizmoj36.fhcrc.org:46443/api/workflows/v1/dbc844ed-847f-44e9-b63d-9d1ce00e1a23/metadata?includeKey=status&includeKey=failures&includeKey=jobId
  response:
    body:
      string: '{"status":"Submitted","calls":{},"id":"dbc844ed-847f-44e9-b63d-9d1ce00e1a23"}'
    headers:
      Connection:
      - keep-alive
      Content-Type:
      - application/json
      Date:
      - Sun, 14 Sep 2025 04:13:34 GMT
      Server:
      - nginx/1.25.3
      Transfer-Encoding:
      - chunked
      content-length:
      - '77'
    status:
      code: 200
      message: OK
- request:
    body: ''
    headers:
      accept:
      - '*/*'
      accept-encoding:
      - gzip, deflate
      connection:
      - keep-alive
      host:
      - gizmoj36.fhcrc.org:46443
      user-agent:
      - python-httpx/0.28.1
    method: GET
    uri: https://gizmoj36.fhcrc.org:46443/api/workflows/v1/dbc844ed-847f-44e9-b63d-9d1ce00e1a23/metadata?includeKey=status&includeKey=failures&includeKey=jobId
  response:
    body:
      string: '{"status":"Submitted","calls":{},"id":"dbc844ed-847f-44e9-b63d-9d1ce00e1a23"}'
    headers:
      Connection:
      - keep-alive
      Content-Type:
      - application/json
      Date:
      - Sun, 14 Sep 2025 04:13:39 GMT
      Server:
      - nginx/1.25.3
      Transfer-Encoding:
      - chunked
      content-length:
      - '77'
    status:
      code: 200
      message: OK
- request:
    body: ''
    headers:
      accept:
      - '*/*'
      accept-encoding:
      - gzip, deflate
      connection:
      - keep-alive
      host:
      - gizmoj36.fhcrc.org:46443
      user-agent:
      - python-httpx/0.28.1
    method: GET
    uri: https://gizmoj36.fhcrc.org:46443/api/workflows/v1/dbc844ed-847f-44e9-b63d-9d1ce00e1a23/metadata?includeKey=status&includeKey=failures&includeKey=jobId
  response:
    body:
      string: '{"status":"Submitted","calls":{},"id":"dbc844ed-847f-44e9-b63d-9d1ce00e1a23"}'
    headers:
      Connection:
      - keep-alive
      Content-Type:
      - application/json
      Date:
      - Sun, 14 Sep 2025 04:13:44 GMT
      Server:
      - nginx/1.25.3
      Transfer-Encoding:
      - chunked
      content-length:
      - '77'
    status:
      code: 200
      message: OK
- request:
    body: ''
    headers:
      accept:
      - '*/*'
      accept-encoding:
      - gzip, deflate
      connection:
      - keep-alive
      host:
      - gizmoj36.fhcrc.org:46443
      user-agent:
      - python-httpx/0.28.1
    method: GET
    uri: https://gizmoj36.fhcrc.org:46443/api/workflows/v1/dbc844ed-847f-44e9-b63d-9d1ce00e1a23/metadata?includeKey=status&includeKey=failures&includeKey=jobId
  response:
    body:
      string: '{"status":"Submitted","calls":{},"id":"dbc844ed-847f-44e9-b63d-9d1ce00e1a23"}'
    headers:
      Connection:
      - keep-alive
      Content-Type:
      - application/json
      Date:
      - Sun, 14 Sep 2025 04:13:49 GMT
      Server:
      - nginx/1.25.3
      Transfer-Encoding:
      - chunked
      content-length:
      - '77'
    status:
      code: 200
      message: OK
- request:
    body: ''
    headers:
      accept:
      - '*/*'
      accept-encoding:
      - gzip, deflate
      connection:
      - keep-alive
      host:
      - gizmoj36.fhcrc.org:46443
      user-agent:
      - python-httpx/0.28.1
    method: GET
    uri: https://gizmoj36.fhcrc.org:46443/api/workflows/v1/dbc844ed-847f-44e9-b63d-9d1ce00e1a23/metadata?includeKey=status&includeKey=failures&includeKey=jobId
  response:
    body:
      string: '{"status":"Submitted","calls":{},"id":"dbc844ed-847f-44e9-b63d-9d1ce00e1a23"}'
    headers:
      Connection:
      - keep-alive
      Content-Type:
      - application/json
      Date:
      - Sun, 14 Sep 2025 04:13:54 GMT
      Server:
      - nginx/1.25.3
      Transfer-Encoding:
      - chunked
      content-length:
      - '77'
    status:
      code: 200
      message: OK
- request:
    body: ''
    headers:
      accept:
      - '*/*'
      accept-encoding:
      - gzip, deflate
      connection:
      - keep-alive
      host:
      - gizmoj36.fhcrc.org:46443
      user-agent:
      - python-httpx/0.28.1
    method: GET
    uri: https://gizmoj36.fhcrc.org:46443/api/workflows/v1/dbc844ed-847f-44e9-b63d-9d1ce00e1a23/metadata?includeKey=status&includeKey=failures&includeKey=jobId
  response:
    body:
      string: '{"status":"Submitted","calls":{},"id":"dbc844ed-847f-44e9-b63d-9d1ce00e1a23"}'
    headers:
      Connection:
      - keep-alive
      Content-Type:
      - application/json
      Date:
      - Sun, 14 Sep 2025 04:13:59 GMT
      Server:
      - nginx/1.25.3
      Transfer-Encoding:
      - chunked
      content-length:
      - '77'
    status:
      code: 200
      message: OK
- request:
    body: ''
    headers:
      accept:
      - '*/*'
      accept-encoding:
      - gzip, deflate
      connection:
      - keep-alive
      host:
      - gizmoj36.fhcrc.org:46443
      user-agent:
      - python-httpx/0.28.1
    method: GET
    uri: https://gizmoj36.fhcrc.org:46443/api/workflows/v1/dbc844ed-847f-44e9-b63d-9d1ce00e1a23/metadata?includeKey=status&includeKey=failures&includeKey=jobId
  response:
    body:
      string: '{"status":"Submitted","calls":{},"id":"dbc844ed-847f-44e9-b63d-9d1ce00e1a23"}'
    headers:
      Connection:
      - keep-alive
      Content-Type:
      - application/json
      Date:
      - Sun, 14 Sep 2025 04:14:04 GMT
      Server:
      - nginx/1.25.3
      Transfer-Encoding:
      - chunked
      content-length:
      - '77'
    status:
      code: 200
      message: OK
- request:
    body: ''
    headers:
      accept:
      - '*/*'
      accept-encoding:
      - gzip, deflate
      connection:
      - keep-alive
      host:
      - gizmoj36.fhcrc.org:46443
      user-agent:
      - python-httpx/0.28.1
    method: GET
    uri: https://gizmoj36.fhcrc.org:46443/api/workflows/v1/dbc844ed-847f-44e9-b63d-9d1ce00e1a23/metadata?includeKey=status&includeKey=failures&includeKey=jobId
  response:
    body:
      string: '{"status":"Submitted","calls":{},"id":"dbc844ed-847f-44e9-b63d-9d1ce00e1a23"}'
    headers:
      Connection:
      - keep-alive
      Content-Type:
      - application/json
      Date:
      - Sun, 14 Sep 2025 04:14:09 GMT
      Server:
      - nginx/1.25.3
      Transfer-Encoding:
      - chunked
      content-length:
      - '77'
    status:
      code: 200
      message: OK
- request:
    body: ''
    headers:
      accept:
      - '*/*'
      accept-encoding:
      - gzip, deflate
      connection:
      - keep-alive
      host:
      - gizmoj36.fhcrc.org:46443
      user-agent:
      - python-httpx/0.28.1
    method: GET
    uri: https://gizmoj36.fhcrc.org:46443/api/workflows/v1/dbc844ed-847f-44e9-b63d-9d1ce00e1a23/metadata?includeKey=status&includeKey=failures&includeKey=jobId
  response:
    body:
      string: '{"status":"Submitted","calls":{},"id":"dbc844ed-847f-44e9-b63d-9d1ce00e1a23"}'
    headers:
      Connection:
      - keep-alive
      Content-Type:
      - application/json
      Date:
      - Sun, 14 Sep 2025 04:14:14 GMT
      Server:
      - nginx/1.25.3
      Transfer-Encoding:
      - chunked
      content-length:
      - '77'
    status:
      code: 200
      message: OK
- request:
    body: ''
    headers:
      accept:
      - '*/*'
      accept-encoding:
      - gzip, deflate
      connection:
      - keep-alive
      host:
      - gizmoj36.fhcrc.org:46443
      user-agent:
      - python-httpx/0.28.1
    method: GET
    uri: https://gizmoj36.fhcrc.org:46443/api/workflows/v1/dbc844ed-847f-44e9-b63d-9d1ce00e1a23/metadata?includeKey=status&includeKey=failures&includeKey=jobId
  response:
    body:
      string: '{"status":"Submitted","calls":{},"id":"dbc844ed-847f-44e9-b63d-9d1ce00e1a23"}'
    headers:
      Connection:
      - keep-alive
      Content-Type:
      - application/json
      Date:
      - Sun, 14 Sep 2025 04:14:19 GMT
      Server:
      - nginx/1.25.3
      Transfer-Encoding:
      - chunked
      content-length:
      - '77'
    status:
      code: 200
      message: OK
- request:
    body: ''
    headers:
      accept:
      - '*/*'
      accept-encoding:
      - gzip, deflate
      connection:
      - keep-alive
      host:
      - gizmoj36.fhcrc.org:46443
      user-agent:
      - python-httpx/0.28.1
    method: GET
    uri: https://gizmoj36.fhcrc.org:46443/api/workflows/v1/dbc844ed-847f-44e9-b63d-9d1ce00e1a23/metadata?includeKey=status&includeKey=failures&includeKey=jobId
  response:
    body:
      string: '{"status":"Submitted","calls":{},"id":"dbc844ed-847f-44e9-b63d-9d1ce00e1a23"}'
    headers:
      Connection:
      - keep-alive
      Content-Type:
      - application/json
      Date:
      - Sun, 14 Sep 2025 04:14:24 GMT
      Server:
      - nginx/1.25.3
      Transfer-Encoding:
      - chunked
      content-length:
      - '77'
    status:
      code: 200
      message: OK
- request:
    body: ''
    headers:
      accept:
      - '*/*'
      accept-encoding:
      - gzip, deflate
      connection:
      - keep-alive
      host:
      - gizmoj36.fhcrc.org:46443
      user-agent:
      - python-httpx/0.28.1
    method: GET
    uri: https://gizmoj36.fhcrc.org:46443/api/workflows/v1/dbc844ed-847f-44e9-b63d-9d1ce00e1a23/metadata?includeKey=status&includeKey=failures&includeKey=jobId
  response:
    body:
      string: '{"status":"Submitted","calls":{},"id":"dbc844ed-847f-44e9-b63d-9d1ce00e1a23"}'
    headers:
      Connection:
      - keep-alive
      Content-Type:
      - application/json
      Date:
      - Sun, 14 Sep 2025 04:14:29 GMT
      Server:
      - nginx/1.25.3
      Transfer-Encoding:
      - chunked
      content-length:
      - '77'
    status:
      code: 200
      message: OK
- request:
    body: ''
    headers:
      accept:
      - '*/*'
      accept-encoding:
      - gzip, deflate
      connection:
      - keep-alive
      host:
      - gizmoj36.fhcrc.org:46443
      user-agent:
      - python-httpx/0.28.1
    method: GET
    uri: https://gizmoj36.fhcrc.org:46443/api/workflows/v1/dbc844ed-847f-44e9-b63d-9d1ce00e1a23/metadata?includeKey=status&includeKey=failures&includeKey=jobId
  response:
    body:
      string: '{"status":"Submitted","calls":{},"id":"dbc844ed-847f-44e9-b63d-9d1ce00e1a23"}'
    headers:
      Connection:
      - keep-alive
      Content-Type:
      - application/json
      Date:
      - Sun, 14 Sep 2025 04:14:35 GMT
      Server:
      - nginx/1.25.3
      Transfer-Encoding:
      - chunked
      content-length:
      - '77'
    status:
      code: 200
      message: OK
- request:
    body: ''
    headers:
      accept:
      - '*/*'
      accept-encoding:
      - gzip, deflate
      connection:
      - keep-alive
      host:
      - gizmoj36.fhcrc.org:46443
      user-agent:
      - python-httpx/0.28.1
    method: GET
    uri: https://gizmoj36.fhcrc.org:46443/api/workflows/v1/dbc844ed-847f-44e9-b63d-9d1ce00e1a23/metadata?includeKey=status&includeKey=failures&includeKey=jobId
  response:
    body:
      string: '{"status":"Submitted","calls":{},"id":"dbc844ed-847f-44e9-b63d-9d1ce00e1a23"}'
    headers:
      Connection:
      - keep-alive
      Content-Type:
      - application/json
      Date:
      - Sun, 14 Sep 2025 04:14:40 GMT
      Server:
      - nginx/1.25.3
      Transfer-Encoding:
      - chunked
      content-length:
      - '77'
    status:
      code: 200
      message: OK
- request:
    body: ''
    headers:
      accept:
      - '*/*'
      accept-encoding:
      - gzip, deflate
      connection:
      - keep-alive
      host:
      - gizmoj36.fhcrc.org:46443
      user-agent:
      - python-httpx/0.28.1
    method: GET
    uri: https://gizmoj36.fhcrc.org:46443/api/workflows/v1/dbc844ed-847f-44e9-b63d-9d1ce00e1a23/metadata?includeKey=status&includeKey=failures&includeKey=jobId
  response:
    body:
      string: '{"status":"Submitted","calls":{},"id":"dbc844ed-847f-44e9-b63d-9d1ce00e1a23"}'
    headers:
      Connection:
      - keep-alive
      Content-Type:
      - application/json
      Date:
      - Sun, 14 Sep 2025 04:14:45 GMT
      Server:
      - nginx/1.25.3
      Transfer-Encoding:
      - chunked
      content-length:
      - '77'
    status:
      code: 200
      message: OK
- request:
    body: ''
    headers:
      accept:
      - '*/*'
      accept-encoding:
      - gzip, deflate
      connection:
      - keep-alive
      host:
      - gizmoj36.fhcrc.org:46443
      user-agent:
      - python-httpx/0.28.1
    method: GET
    uri: https://gizmoj36.fhcrc.org:46443/api/workflows/v1/dbc844ed-847f-44e9-b63d-9d1ce00e1a23/metadata?includeKey=status&includeKey=failures&includeKey=jobId
  response:
    body:
      string: '{"status":"Submitted","calls":{},"id":"dbc844ed-847f-44e9-b63d-9d1ce00e1a23"}'
    headers:
      Connection:
      - keep-alive
      Content-Type:
      - application/json
      Date:
      - Sun, 14 Sep 2025 04:14:50 GMT
      Server:
      - nginx/1.25.3
      Transfer-Encoding:
      - chunked
      content-length:
      - '77'
    status:
      code: 200
      message: OK
- request:
    body: ''
    headers:
      accept:
      - '*/*'
      accept-encoding:
      - gzip, deflate
      connection:
      - keep-alive
      host:
      - gizmoj36.fhcrc.org:46443
      user-agent:
      - python-httpx/0.28.1
    method: GET
    uri: https://gizmoj36.fhcrc.org:46443/api/workflows/v1/dbc844ed-847f-44e9-b63d-9d1ce00e1a23/metadata?includeKey=status&includeKey=failures&includeKey=jobId
  response:
    body:
      string: '{"status":"Submitted","calls":{},"id":"dbc844ed-847f-44e9-b63d-9d1ce00e1a23"}'
    headers:
      Connection:
      - keep-alive
      Content-Type:
      - application/json
      Date:
      - Sun, 14 Sep 2025 04:14:55 GMT
      Server:
      - nginx/1.25.3
      Transfer-Encoding:
      - chunked
      content-length:
      - '77'
    status:
      code: 200
      message: OK
- request:
    body: ''
    headers:
      accept:
      - '*/*'
      accept-encoding:
      - gzip, deflate
      connection:
      - keep-alive
      host:
      - gizmoj36.fhcrc.org:46443
      user-agent:
      - python-httpx/0.28.1
    method: GET
    uri: https://gizmoj36.fhcrc.org:46443/api/workflows/v1/dbc844ed-847f-44e9-b63d-9d1ce00e1a23/metadata?includeKey=status&includeKey=failures&includeKey=jobId
  response:
    body:
      string: '{"status":"Submitted","calls":{},"id":"dbc844ed-847f-44e9-b63d-9d1ce00e1a23"}'
    headers:
      Connection:
      - keep-alive
      Content-Type:
      - application/json
      Date:
      - Sun, 14 Sep 2025 04:15:00 GMT
      Server:
      - nginx/1.25.3
      Transfer-Encoding:
      - chunked
      content-length:
      - '77'
    status:
      code: 200
      message: OK
- request:
    body: ''
    headers:
      accept:
      - '*/*'
      accept-encoding:
      - gzip, deflate
      connection:
      - keep-alive
      host:
      - gizmoj36.fhcrc.org:46443
      user-agent:
      - python-httpx/0.28.1
    method: GET
    uri: https://gizmoj36.fhcrc.org:46443/api/workflows/v1/dbc844ed-847f-44e9-b63d-9d1ce00e1a23/metadata?includeKey=status&includeKey=failures&includeKey=jobId
  response:
    body:
      string: '{"status":"Submitted","calls":{},"id":"dbc844ed-847f-44e9-b63d-9d1ce00e1a23"}'
    headers:
      Connection:
      - keep-alive
      Content-Type:
      - application/json
      Date:
      - Sun, 14 Sep 2025 04:15:05 GMT
      Server:
      - nginx/1.25.3
      Transfer-Encoding:
      - chunked
      content-length:
      - '77'
    status:
      code: 200
      message: OK
- request:
    body: ''
    headers:
      accept:
      - '*/*'
      accept-encoding:
      - gzip, deflate
      connection:
      - keep-alive
      host:
      - gizmoj36.fhcrc.org:46443
      user-agent:
      - python-httpx/0.28.1
    method: GET
    uri: https://gizmoj36.fhcrc.org:46443/api/workflows/v1/dbc844ed-847f-44e9-b63d-9d1ce00e1a23/metadata?includeKey=status&includeKey=failures&includeKey=jobId
  response:
    body:
      string: '{"status":"Submitted","calls":{},"id":"dbc844ed-847f-44e9-b63d-9d1ce00e1a23"}'
    headers:
      Connection:
      - keep-alive
      Content-Type:
      - application/json
      Date:
      - Sun, 14 Sep 2025 04:15:10 GMT
      Server:
      - nginx/1.25.3
      Transfer-Encoding:
      - chunked
      content-length:
      - '77'
    status:
      code: 200
      message: OK
- request:
    body: ''
    headers:
      accept:
      - '*/*'
      accept-encoding:
      - gzip, deflate
      connection:
      - keep-alive
      host:
      - gizmoj36.fhcrc.org:46443
      user-agent:
      - python-httpx/0.28.1
    method: GET
    uri: https://gizmoj36.fhcrc.org:46443/api/workflows/v1/dbc844ed-847f-44e9-b63d-9d1ce00e1a23/metadata?includeKey=status&includeKey=failures&includeKey=jobId
  response:
    body:
      string: '{"status":"Submitted","calls":{},"id":"dbc844ed-847f-44e9-b63d-9d1ce00e1a23"}'
    headers:
      Connection:
      - keep-alive
      Content-Type:
      - application/json
      Date:
      - Sun, 14 Sep 2025 04:15:15 GMT
      Server:
      - nginx/1.25.3
      Transfer-Encoding:
      - chunked
      content-length:
      - '77'
    status:
      code: 200
      message: OK
- request:
    body: ''
    headers:
      accept:
      - '*/*'
      accept-encoding:
      - gzip, deflate
      connection:
      - keep-alive
      host:
      - gizmoj36.fhcrc.org:46443
      user-agent:
      - python-httpx/0.28.1
    method: GET
    uri: https://gizmoj36.fhcrc.org:46443/api/workflows/v1/dbc844ed-847f-44e9-b63d-9d1ce00e1a23/metadata?includeKey=status&includeKey=failures&includeKey=jobId
  response:
    body:
      string: '{"status":"Submitted","calls":{},"id":"dbc844ed-847f-44e9-b63d-9d1ce00e1a23"}'
    headers:
      Connection:
      - keep-alive
      Content-Type:
      - application/json
      Date:
      - Sun, 14 Sep 2025 04:15:20 GMT
      Server:
      - nginx/1.25.3
      Transfer-Encoding:
      - chunked
      content-length:
      - '77'
    status:
      code: 200
      message: OK
- request:
    body: ''
    headers:
      accept:
      - '*/*'
      accept-encoding:
      - gzip, deflate
      connection:
      - keep-alive
      host:
      - gizmoj36.fhcrc.org:46443
      user-agent:
      - python-httpx/0.28.1
    method: GET
    uri: https://gizmoj36.fhcrc.org:46443/api/workflows/v1/dbc844ed-847f-44e9-b63d-9d1ce00e1a23/metadata?includeKey=status&includeKey=failures&includeKey=jobId
  response:
    body:
      string: '{"status":"Submitted","calls":{},"id":"dbc844ed-847f-44e9-b63d-9d1ce00e1a23"}'
    headers:
      Connection:
      - keep-alive
      Content-Type:
      - application/json
      Date:
      - Sun, 14 Sep 2025 04:15:25 GMT
      Server:
      - nginx/1.25.3
      Transfer-Encoding:
      - chunked
      content-length:
      - '77'
    status:
      code: 200
      message: OK
- request:
    body: ''
    headers:
      accept:
      - '*/*'
      accept-encoding:
      - gzip, deflate
      connection:
      - keep-alive
      host:
      - gizmoj36.fhcrc.org:46443
      user-agent:
      - python-httpx/0.28.1
    method: GET
    uri: https://gizmoj36.fhcrc.org:46443/api/workflows/v1/dbc844ed-847f-44e9-b63d-9d1ce00e1a23/metadata?includeKey=status&includeKey=failures&includeKey=jobId
  response:
    body:
      string: '{"status":"Submitted","calls":{},"id":"dbc844ed-847f-44e9-b63d-9d1ce00e1a23"}'
    headers:
      Connection:
      - keep-alive
      Content-Type:
      - application/json
      Date:
      - Sun, 14 Sep 2025 04:15:30 GMT
      Server:
      - nginx/1.25.3
      Transfer-Encoding:
      - chunked
      content-length:
      - '77'
    status:
      code: 200
      message: OK
- request:
    body: ''
    headers:
      accept:
      - '*/*'
      accept-encoding:
      - gzip, deflate
      connection:
      - keep-alive
      host:
      - gizmoj36.fhcrc.org:46443
      user-agent:
      - python-httpx/0.28.1
    method: GET
    uri: https://gizmoj36.fhcrc.org:46443/api/workflows/v1/dbc844ed-847f-44e9-b63d-9d1ce00e1a23/metadata?includeKey=status&includeKey=failures&includeKey=jobId
  response:
    body:
      string: '{"status":"Submitted","calls":{},"id":"dbc844ed-847f-44e9-b63d-9d1ce00e1a23"}'
    headers:
      Connection:
      - keep-alive
      Content-Type:
      - application/json
      Date:
      - Sun, 14 Sep 2025 04:15:35 GMT
      Server:
      - nginx/1.25.3
      Transfer-Encoding:
      - chunked
      content-length:
      - '77'
    status:
      code: 200
      message: OK
- request:
    body: ''
    headers:
      accept:
      - '*/*'
      accept-encoding:
      - gzip, deflate
      connection:
      - keep-alive
      host:
      - gizmoj36.fhcrc.org:46443
      user-agent:
      - python-httpx/0.28.1
    method: GET
    uri: https://gizmoj36.fhcrc.org:46443/api/workflows/v1/dbc844ed-847f-44e9-b63d-9d1ce00e1a23/metadata?includeKey=status&includeKey=failures&includeKey=jobId
  response:
    body:
      string: '{"status":"Submitted","calls":{},"id":"dbc844ed-847f-44e9-b63d-9d1ce00e1a23"}'
    headers:
      Connection:
      - keep-alive
      Content-Type:
      - application/json
      Date:
      - Sun, 14 Sep 2025 04:15:40 GMT
      Server:
      - nginx/1.25.3
      Transfer-Encoding:
      - chunked
      content-length:
      - '77'
    status:
      code: 200
      message: OK
- request:
    body: ''
    headers:
      accept:
      - '*/*'
      accept-encoding:
      - gzip, deflate
      connection:
      - keep-alive
      host:
      - gizmoj36.fhcrc.org:46443
      user-agent:
      - python-httpx/0.28.1
    method: GET
    uri: https://gizmoj36.fhcrc.org:46443/api/workflows/v1/dbc844ed-847f-44e9-b63d-9d1ce00e1a23/metadata?includeKey=status&includeKey=failures&includeKey=jobId
  response:
    body:
      string: '{"status":"Submitted","calls":{},"id":"dbc844ed-847f-44e9-b63d-9d1ce00e1a23"}'
    headers:
      Connection:
      - keep-alive
      Content-Type:
      - application/json
      Date:
      - Sun, 14 Sep 2025 04:15:46 GMT
      Server:
      - nginx/1.25.3
      Transfer-Encoding:
      - chunked
      content-length:
      - '77'
    status:
      code: 200
      message: OK
- request:
    body: ''
    headers:
      accept:
      - '*/*'
      accept-encoding:
      - gzip, deflate
      connection:
      - keep-alive
      host:
      - gizmoj36.fhcrc.org:46443
      user-agent:
      - python-httpx/0.28.1
    method: GET
    uri: https://gizmoj36.fhcrc.org:46443/api/workflows/v1/dbc844ed-847f-44e9-b63d-9d1ce00e1a23/metadata?includeKey=status&includeKey=failures&includeKey=jobId
  response:
    body:
      string: '{"status":"Submitted","calls":{},"id":"dbc844ed-847f-44e9-b63d-9d1ce00e1a23"}'
    headers:
      Connection:
      - keep-alive
      Content-Type:
      - application/json
      Date:
      - Sun, 14 Sep 2025 04:15:51 GMT
      Server:
      - nginx/1.25.3
      Transfer-Encoding:
      - chunked
      content-length:
      - '77'
    status:
      code: 200
      message: OK
- request:
    body: ''
    headers:
      accept:
      - '*/*'
      accept-encoding:
      - gzip, deflate
      connection:
      - keep-alive
      host:
      - gizmoj36.fhcrc.org:46443
      user-agent:
      - python-httpx/0.28.1
    method: GET
    uri: https://gizmoj36.fhcrc.org:46443/api/workflows/v1/dbc844ed-847f-44e9-b63d-9d1ce00e1a23/metadata?includeKey=status&includeKey=failures&includeKey=jobId
  response:
    body:
      string: '{"status":"Submitted","calls":{},"id":"dbc844ed-847f-44e9-b63d-9d1ce00e1a23"}'
    headers:
      Connection:
      - keep-alive
      Content-Type:
      - application/json
      Date:
      - Sun, 14 Sep 2025 04:15:56 GMT
      Server:
      - nginx/1.25.3
      Transfer-Encoding:
      - chunked
      content-length:
      - '77'
    status:
      code: 200
      message: OK
- request:
    body: ''
    headers:
      accept:
      - '*/*'
      accept-encoding:
      - gzip, deflate
      connection:
      - keep-alive
      host:
      - gizmoj36.fhcrc.org:46443
      user-agent:
      - python-httpx/0.28.1
    method: GET
    uri: https://gizmoj36.fhcrc.org:46443/api/workflows/v1/dbc844ed-847f-44e9-b63d-9d1ce00e1a23/metadata?includeKey=status&includeKey=failures&includeKey=jobId
  response:
    body:
      string: '{"status":"Submitted","calls":{},"id":"dbc844ed-847f-44e9-b63d-9d1ce00e1a23"}'
    headers:
      Connection:
      - keep-alive
      Content-Type:
      - application/json
      Date:
      - Sun, 14 Sep 2025 04:16:01 GMT
      Server:
      - nginx/1.25.3
      Transfer-Encoding:
      - chunked
      content-length:
      - '77'
    status:
      code: 200
      message: OK
- request:
    body: ''
    headers:
      accept:
      - '*/*'
      accept-encoding:
      - gzip, deflate
      connection:
      - keep-alive
      host:
      - gizmoj36.fhcrc.org:46443
      user-agent:
      - python-httpx/0.28.1
    method: GET
    uri: https://gizmoj36.fhcrc.org:46443/api/workflows/v1/dbc844ed-847f-44e9-b63d-9d1ce00e1a23/metadata?includeKey=status&includeKey=failures&includeKey=jobId
  response:
    body:
      string: '{"status":"Submitted","calls":{},"id":"dbc844ed-847f-44e9-b63d-9d1ce00e1a23"}'
    headers:
      Connection:
      - keep-alive
      Content-Type:
      - application/json
      Date:
      - Sun, 14 Sep 2025 04:16:06 GMT
      Server:
      - nginx/1.25.3
      Transfer-Encoding:
      - chunked
      content-length:
      - '77'
    status:
      code: 200
      message: OK
- request:
    body: ''
    headers:
      accept:
      - '*/*'
      accept-encoding:
      - gzip, deflate
      connection:
      - keep-alive
      host:
      - gizmoj36.fhcrc.org:46443
      user-agent:
      - python-httpx/0.28.1
    method: GET
    uri: https://gizmoj36.fhcrc.org:46443/api/workflows/v1/dbc844ed-847f-44e9-b63d-9d1ce00e1a23/metadata?includeKey=status&includeKey=failures&includeKey=jobId
  response:
    body:
      string: '{"status":"Submitted","calls":{},"id":"dbc844ed-847f-44e9-b63d-9d1ce00e1a23"}'
    headers:
      Connection:
      - keep-alive
      Content-Type:
      - application/json
      Date:
      - Sun, 14 Sep 2025 04:16:11 GMT
      Server:
      - nginx/1.25.3
      Transfer-Encoding:
      - chunked
      content-length:
      - '77'
    status:
      code: 200
      message: OK
- request:
    body: ''
    headers:
      accept:
      - '*/*'
      accept-encoding:
      - gzip, deflate
      connection:
      - keep-alive
      host:
      - gizmoj36.fhcrc.org:46443
      user-agent:
      - python-httpx/0.28.1
    method: GET
    uri: https://gizmoj36.fhcrc.org:46443/api/workflows/v1/dbc844ed-847f-44e9-b63d-9d1ce00e1a23/metadata?includeKey=status&includeKey=failures&includeKey=jobId
  response:
    body:
      string: '{"status":"Submitted","calls":{},"id":"dbc844ed-847f-44e9-b63d-9d1ce00e1a23"}'
    headers:
      Connection:
      - keep-alive
      Content-Type:
      - application/json
      Date:
      - Sun, 14 Sep 2025 04:16:16 GMT
      Server:
      - nginx/1.25.3
      Transfer-Encoding:
      - chunked
      content-length:
      - '77'
    status:
      code: 200
      message: OK
- request:
    body: ''
    headers:
      accept:
      - '*/*'
      accept-encoding:
      - gzip, deflate
      connection:
      - keep-alive
      host:
      - gizmoj36.fhcrc.org:46443
      user-agent:
      - python-httpx/0.28.1
    method: GET
    uri: https://gizmoj36.fhcrc.org:46443/api/workflows/v1/dbc844ed-847f-44e9-b63d-9d1ce00e1a23/metadata?includeKey=status&includeKey=failures&includeKey=jobId
  response:
    body:
      string: '{"status":"Submitted","calls":{},"id":"dbc844ed-847f-44e9-b63d-9d1ce00e1a23"}'
    headers:
      Connection:
      - keep-alive
      Content-Type:
      - application/json
      Date:
      - Sun, 14 Sep 2025 04:16:21 GMT
      Server:
      - nginx/1.25.3
      Transfer-Encoding:
      - chunked
      content-length:
      - '77'
    status:
      code: 200
      message: OK
- request:
    body: ''
    headers:
      accept:
      - '*/*'
      accept-encoding:
      - gzip, deflate
      connection:
      - keep-alive
      host:
      - gizmoj36.fhcrc.org:46443
      user-agent:
      - python-httpx/0.28.1
    method: GET
    uri: https://gizmoj36.fhcrc.org:46443/api/workflows/v1/dbc844ed-847f-44e9-b63d-9d1ce00e1a23/metadata?includeKey=status&includeKey=failures&includeKey=jobId
  response:
    body:
      string: '{"status":"Submitted","calls":{},"id":"dbc844ed-847f-44e9-b63d-9d1ce00e1a23"}'
    headers:
      Connection:
      - keep-alive
      Content-Type:
      - application/json
      Date:
      - Sun, 14 Sep 2025 04:16:26 GMT
      Server:
      - nginx/1.25.3
      Transfer-Encoding:
      - chunked
      content-length:
      - '77'
    status:
      code: 200
      message: OK
- request:
    body: ''
    headers:
      accept:
      - '*/*'
      accept-encoding:
      - gzip, deflate
      connection:
      - keep-alive
      host:
      - gizmoj36.fhcrc.org:46443
      user-agent:
      - python-httpx/0.28.1
    method: GET
    uri: https://gizmoj36.fhcrc.org:46443/api/workflows/v1/dbc844ed-847f-44e9-b63d-9d1ce00e1a23/metadata?includeKey=status&includeKey=failures&includeKey=jobId
  response:
    body:
      string: '{"status":"Submitted","calls":{},"id":"dbc844ed-847f-44e9-b63d-9d1ce00e1a23"}'
    headers:
      Connection:
      - keep-alive
      Content-Type:
      - application/json
      Date:
      - Sun, 14 Sep 2025 04:16:31 GMT
      Server:
      - nginx/1.25.3
      Transfer-Encoding:
      - chunked
      content-length:
      - '77'
    status:
      code: 200
      message: OK
- request:
    body: ''
    headers:
      accept:
      - '*/*'
      accept-encoding:
      - gzip, deflate
      connection:
      - keep-alive
      host:
      - gizmoj36.fhcrc.org:46443
      user-agent:
      - python-httpx/0.28.1
    method: GET
    uri: https://gizmoj36.fhcrc.org:46443/api/workflows/v1/dbc844ed-847f-44e9-b63d-9d1ce00e1a23/metadata?includeKey=status&includeKey=failures&includeKey=jobId
  response:
    body:
      string: '{"status":"Submitted","calls":{},"id":"dbc844ed-847f-44e9-b63d-9d1ce00e1a23"}'
    headers:
      Connection:
      - keep-alive
      Content-Type:
      - application/json
      Date:
      - Sun, 14 Sep 2025 04:16:36 GMT
      Server:
      - nginx/1.25.3
      Transfer-Encoding:
      - chunked
      content-length:
      - '77'
    status:
      code: 200
      message: OK
- request:
    body: ''
    headers:
      accept:
      - '*/*'
      accept-encoding:
      - gzip, deflate
      connection:
      - keep-alive
      host:
      - gizmoj36.fhcrc.org:46443
      user-agent:
      - python-httpx/0.28.1
    method: GET
    uri: https://gizmoj36.fhcrc.org:46443/api/workflows/v1/dbc844ed-847f-44e9-b63d-9d1ce00e1a23/metadata?includeKey=status&includeKey=failures&includeKey=jobId
  response:
    body:
      string: '{"status":"Submitted","calls":{},"id":"dbc844ed-847f-44e9-b63d-9d1ce00e1a23"}'
    headers:
      Connection:
      - keep-alive
      Content-Type:
      - application/json
      Date:
      - Sun, 14 Sep 2025 04:16:41 GMT
      Server:
      - nginx/1.25.3
      Transfer-Encoding:
      - chunked
      content-length:
      - '77'
    status:
      code: 200
      message: OK
- request:
    body: ''
    headers:
      accept:
      - '*/*'
      accept-encoding:
      - gzip, deflate
      connection:
      - keep-alive
      host:
      - gizmoj36.fhcrc.org:46443
      user-agent:
      - python-httpx/0.28.1
    method: GET
    uri: https://gizmoj36.fhcrc.org:46443/api/workflows/v1/dbc844ed-847f-44e9-b63d-9d1ce00e1a23/metadata?includeKey=status&includeKey=failures&includeKey=jobId
  response:
    body:
      string: '{"status":"Submitted","calls":{},"id":"dbc844ed-847f-44e9-b63d-9d1ce00e1a23"}'
    headers:
      Connection:
      - keep-alive
      Content-Type:
      - application/json
      Date:
      - Sun, 14 Sep 2025 04:16:46 GMT
      Server:
      - nginx/1.25.3
      Transfer-Encoding:
      - chunked
      content-length:
      - '77'
    status:
      code: 200
      message: OK
- request:
    body: ''
    headers:
      accept:
      - '*/*'
      accept-encoding:
      - gzip, deflate
      connection:
      - keep-alive
      host:
      - gizmoj36.fhcrc.org:46443
      user-agent:
      - python-httpx/0.28.1
    method: GET
    uri: https://gizmoj36.fhcrc.org:46443/api/workflows/v1/dbc844ed-847f-44e9-b63d-9d1ce00e1a23/metadata?includeKey=status&includeKey=failures&includeKey=jobId
  response:
    body:
      string: '{"status":"Submitted","calls":{},"id":"dbc844ed-847f-44e9-b63d-9d1ce00e1a23"}'
    headers:
      Connection:
      - keep-alive
      Content-Type:
      - application/json
      Date:
      - Sun, 14 Sep 2025 04:16:51 GMT
      Server:
      - nginx/1.25.3
      Transfer-Encoding:
      - chunked
      content-length:
      - '77'
    status:
      code: 200
      message: OK
- request:
    body: ''
    headers:
      accept:
      - '*/*'
      accept-encoding:
      - gzip, deflate
      connection:
      - keep-alive
      host:
      - gizmoj36.fhcrc.org:46443
      user-agent:
      - python-httpx/0.28.1
    method: GET
    uri: https://gizmoj36.fhcrc.org:46443/api/workflows/v1/dbc844ed-847f-44e9-b63d-9d1ce00e1a23/metadata?includeKey=status&includeKey=failures&includeKey=jobId
  response:
    body:
      string: '{"status":"Submitted","calls":{},"id":"dbc844ed-847f-44e9-b63d-9d1ce00e1a23"}'
    headers:
      Connection:
      - keep-alive
      Content-Type:
      - application/json
      Date:
      - Sun, 14 Sep 2025 04:16:57 GMT
      Server:
      - nginx/1.25.3
      Transfer-Encoding:
      - chunked
      content-length:
      - '77'
    status:
      code: 200
      message: OK
- request:
    body: ''
    headers:
      accept:
      - '*/*'
      accept-encoding:
      - gzip, deflate
      connection:
      - keep-alive
      host:
      - gizmoj36.fhcrc.org:46443
      user-agent:
      - python-httpx/0.28.1
    method: GET
    uri: https://gizmoj36.fhcrc.org:46443/api/workflows/v1/dbc844ed-847f-44e9-b63d-9d1ce00e1a23/metadata?includeKey=status&includeKey=failures&includeKey=jobId
  response:
    body:
      string: '{"status":"Submitted","calls":{},"id":"dbc844ed-847f-44e9-b63d-9d1ce00e1a23"}'
    headers:
      Connection:
      - keep-alive
      Content-Type:
      - application/json
      Date:
      - Sun, 14 Sep 2025 04:17:02 GMT
      Server:
      - nginx/1.25.3
      Transfer-Encoding:
      - chunked
      content-length:
      - '77'
    status:
      code: 200
      message: OK
- request:
    body: ''
    headers:
      accept:
      - '*/*'
      accept-encoding:
      - gzip, deflate
      connection:
      - keep-alive
      host:
      - gizmoj36.fhcrc.org:46443
      user-agent:
      - python-httpx/0.28.1
    method: GET
    uri: https://gizmoj36.fhcrc.org:46443/api/workflows/v1/dbc844ed-847f-44e9-b63d-9d1ce00e1a23/metadata?includeKey=status&includeKey=failures&includeKey=jobId
  response:
    body:
      string: '{"status":"Submitted","calls":{},"id":"dbc844ed-847f-44e9-b63d-9d1ce00e1a23"}'
    headers:
      Connection:
      - keep-alive
      Content-Type:
      - application/json
      Date:
      - Sun, 14 Sep 2025 04:17:07 GMT
      Server:
      - nginx/1.25.3
      Transfer-Encoding:
      - chunked
      content-length:
      - '77'
    status:
      code: 200
      message: OK
- request:
    body: ''
    headers:
      accept:
      - '*/*'
      accept-encoding:
      - gzip, deflate
      connection:
      - keep-alive
      host:
      - gizmoj36.fhcrc.org:46443
      user-agent:
      - python-httpx/0.28.1
    method: GET
    uri: https://gizmoj36.fhcrc.org:46443/api/workflows/v1/dbc844ed-847f-44e9-b63d-9d1ce00e1a23/metadata?includeKey=status&includeKey=failures&includeKey=jobId
  response:
    body:
      string: '{"status":"Running","calls":{},"id":"dbc844ed-847f-44e9-b63d-9d1ce00e1a23"}'
    headers:
      Connection:
      - keep-alive
      Content-Type:
      - application/json
      Date:
      - Sun, 14 Sep 2025 04:17:12 GMT
      Server:
      - nginx/1.25.3
      Transfer-Encoding:
      - chunked
      content-length:
      - '75'
    status:
      code: 200
      message: OK
- request:
    body: ''
    headers:
      accept:
      - '*/*'
      accept-encoding:
      - gzip, deflate
      connection:
      - keep-alive
      host:
      - gizmoj36.fhcrc.org:46443
      user-agent:
      - python-httpx/0.28.1
    method: GET
    uri: https://gizmoj36.fhcrc.org:46443/api/workflows/v1/dbc844ed-847f-44e9-b63d-9d1ce00e1a23/metadata?includeKey=status&includeKey=failures&includeKey=jobId
  response:
    body:
      string: '{"status":"Running","calls":{},"id":"dbc844ed-847f-44e9-b63d-9d1ce00e1a23"}'
    headers:
      Connection:
      - keep-alive
      Content-Type:
      - application/json
      Date:
      - Sun, 14 Sep 2025 04:17:17 GMT
      Server:
      - nginx/1.25.3
      Transfer-Encoding:
      - chunked
      content-length:
      - '75'
    status:
      code: 200
      message: OK
- request:
    body: ''
    headers:
      accept:
      - '*/*'
      accept-encoding:
      - gzip, deflate
      connection:
      - keep-alive
      host:
      - gizmoj36.fhcrc.org:46443
      user-agent:
      - python-httpx/0.28.1
    method: GET
    uri: https://gizmoj36.fhcrc.org:46443/api/workflows/v1/dbc844ed-847f-44e9-b63d-9d1ce00e1a23/metadata?includeKey=status&includeKey=failures&includeKey=jobId
  response:
    body:
      string: '{"status":"Running","calls":{"testNestedJsonArray.processSample":[{"jobId":"33393821","attempt":1,"shardIndex":0},{"jobId":"33393819","attempt":1,"shardIndex":1},{"jobId":"33393818","attempt":1,"shardIndex":2}]},"id":"dbc844ed-847f-44e9-b63d-9d1ce00e1a23"}'
    headers:
      Connection:
      - keep-alive
      Content-Type:
      - application/json
      Date:
      - Sun, 14 Sep 2025 04:17:22 GMT
      Server:
      - nginx/1.25.3
      Transfer-Encoding:
      - chunked
      content-length:
      - '256'
    status:
      code: 200
      message: OK
- request:
    body: ''
    headers:
      accept:
      - '*/*'
      accept-encoding:
      - gzip, deflate
      connection:
      - keep-alive
      host:
      - gizmoj36.fhcrc.org:46443
      user-agent:
      - python-httpx/0.28.1
    method: GET
    uri: https://gizmoj36.fhcrc.org:46443/api/workflows/v1/dbc844ed-847f-44e9-b63d-9d1ce00e1a23/metadata?includeKey=status&includeKey=failures&includeKey=jobId
  response:
    body:
      string: '{"status":"Running","calls":{"testNestedJsonArray.processSample":[{"jobId":"33393821","attempt":1,"shardIndex":0},{"jobId":"33393819","attempt":1,"shardIndex":1},{"jobId":"33393818","attempt":1,"shardIndex":2}]},"id":"dbc844ed-847f-44e9-b63d-9d1ce00e1a23"}'
    headers:
      Connection:
      - keep-alive
      Content-Type:
      - application/json
      Date:
      - Sun, 14 Sep 2025 04:17:27 GMT
      Server:
      - nginx/1.25.3
      Transfer-Encoding:
      - chunked
      content-length:
      - '256'
    status:
      code: 200
      message: OK
- request:
    body: ''
    headers:
      accept:
      - '*/*'
      accept-encoding:
      - gzip, deflate
      connection:
      - keep-alive
      host:
      - gizmoj36.fhcrc.org:46443
      user-agent:
      - python-httpx/0.28.1
    method: GET
    uri: https://gizmoj36.fhcrc.org:46443/api/workflows/v1/dbc844ed-847f-44e9-b63d-9d1ce00e1a23/metadata?includeKey=status&includeKey=failures&includeKey=jobId
  response:
    body:
      string: '{"status":"Running","calls":{"testNestedJsonArray.processSample":[{"jobId":"33393821","attempt":1,"shardIndex":0},{"jobId":"33393819","attempt":1,"shardIndex":1},{"jobId":"33393818","attempt":1,"shardIndex":2}]},"id":"dbc844ed-847f-44e9-b63d-9d1ce00e1a23"}'
    headers:
      Connection:
      - keep-alive
      Content-Type:
      - application/json
      Date:
      - Sun, 14 Sep 2025 04:17:32 GMT
      Server:
      - nginx/1.25.3
      Transfer-Encoding:
      - chunked
      content-length:
      - '256'
    status:
      code: 200
      message: OK
- request:
    body: ''
    headers:
      accept:
      - '*/*'
      accept-encoding:
      - gzip, deflate
      connection:
      - keep-alive
      host:
      - gizmoj36.fhcrc.org:46443
      user-agent:
      - python-httpx/0.28.1
    method: GET
    uri: https://gizmoj36.fhcrc.org:46443/api/workflows/v1/dbc844ed-847f-44e9-b63d-9d1ce00e1a23/metadata?includeKey=status&includeKey=failures&includeKey=jobId
  response:
    body:
      string: '{"status":"Running","calls":{"testNestedJsonArray.processSample":[{"jobId":"33393821","attempt":1,"shardIndex":0},{"jobId":"33393819","attempt":1,"shardIndex":1},{"jobId":"33393818","attempt":1,"shardIndex":2}]},"id":"dbc844ed-847f-44e9-b63d-9d1ce00e1a23"}'
    headers:
      Connection:
      - keep-alive
      Content-Type:
      - application/json
      Date:
      - Sun, 14 Sep 2025 04:17:37 GMT
      Server:
      - nginx/1.25.3
      Transfer-Encoding:
      - chunked
      content-length:
      - '256'
    status:
      code: 200
      message: OK
- request:
    body: ''
    headers:
      accept:
      - '*/*'
      accept-encoding:
      - gzip, deflate
      connection:
      - keep-alive
      host:
      - gizmoj36.fhcrc.org:46443
      user-agent:
      - python-httpx/0.28.1
    method: GET
    uri: https://gizmoj36.fhcrc.org:46443/api/workflows/v1/dbc844ed-847f-44e9-b63d-9d1ce00e1a23/metadata?includeKey=status&includeKey=failures&includeKey=jobId
  response:
    body:
      string: '{"status":"Running","calls":{"testNestedJsonArray.processSample":[{"jobId":"33393821","attempt":1,"shardIndex":0},{"jobId":"33393819","attempt":1,"shardIndex":1},{"jobId":"33393818","attempt":1,"shardIndex":2}]},"id":"dbc844ed-847f-44e9-b63d-9d1ce00e1a23"}'
    headers:
      Connection:
      - keep-alive
      Content-Type:
      - application/json
      Date:
      - Sun, 14 Sep 2025 04:17:42 GMT
      Server:
      - nginx/1.25.3
      Transfer-Encoding:
      - chunked
      content-length:
      - '256'
    status:
      code: 200
      message: OK
- request:
    body: ''
    headers:
      accept:
      - '*/*'
      accept-encoding:
      - gzip, deflate
      connection:
      - keep-alive
      host:
      - gizmoj36.fhcrc.org:46443
      user-agent:
      - python-httpx/0.28.1
    method: GET
    uri: https://gizmoj36.fhcrc.org:46443/api/workflows/v1/dbc844ed-847f-44e9-b63d-9d1ce00e1a23/metadata?includeKey=status&includeKey=failures&includeKey=jobId
  response:
    body:
      string: '{"status":"Running","calls":{"testNestedJsonArray.processSample":[{"jobId":"33393821","attempt":1,"shardIndex":0},{"jobId":"33393819","attempt":1,"shardIndex":1},{"jobId":"33393818","attempt":1,"shardIndex":2}]},"id":"dbc844ed-847f-44e9-b63d-9d1ce00e1a23"}'
    headers:
      Connection:
      - keep-alive
      Content-Type:
      - application/json
      Date:
      - Sun, 14 Sep 2025 04:17:47 GMT
      Server:
      - nginx/1.25.3
      Transfer-Encoding:
      - chunked
      content-length:
      - '256'
    status:
      code: 200
      message: OK
- request:
    body: ''
    headers:
      accept:
      - '*/*'
      accept-encoding:
      - gzip, deflate
      connection:
      - keep-alive
      host:
      - gizmoj36.fhcrc.org:46443
      user-agent:
      - python-httpx/0.28.1
    method: GET
    uri: https://gizmoj36.fhcrc.org:46443/api/workflows/v1/dbc844ed-847f-44e9-b63d-9d1ce00e1a23/metadata?includeKey=status&includeKey=failures&includeKey=jobId
  response:
    body:
      string: '{"status":"Running","calls":{"testNestedJsonArray.processSample":[{"jobId":"33393821","attempt":1,"shardIndex":0},{"jobId":"33393819","attempt":1,"shardIndex":1},{"jobId":"33393818","attempt":1,"shardIndex":2}]},"id":"dbc844ed-847f-44e9-b63d-9d1ce00e1a23"}'
    headers:
      Connection:
      - keep-alive
      Content-Type:
      - application/json
      Date:
      - Sun, 14 Sep 2025 04:17:52 GMT
      Server:
      - nginx/1.25.3
      Transfer-Encoding:
      - chunked
      content-length:
      - '256'
    status:
      code: 200
      message: OK
- request:
    body: ''
    headers:
      accept:
      - '*/*'
      accept-encoding:
      - gzip, deflate
      connection:
      - keep-alive
      host:
      - gizmoj36.fhcrc.org:46443
      user-agent:
      - python-httpx/0.28.1
    method: GET
    uri: https://gizmoj36.fhcrc.org:46443/api/workflows/v1/dbc844ed-847f-44e9-b63d-9d1ce00e1a23/metadata?includeKey=status&includeKey=failures&includeKey=jobId
  response:
    body:
      string: '{"status":"Succeeded","calls":{"testNestedJsonArray.processSample":[{"jobId":"33393821","attempt":1,"shardIndex":0},{"jobId":"33393819","attempt":1,"shardIndex":1},{"jobId":"33393818","attempt":1,"shardIndex":2}]},"id":"dbc844ed-847f-44e9-b63d-9d1ce00e1a23"}'
    headers:
      Connection:
      - keep-alive
      Content-Type:
      - application/json
      Date:
      - Sun, 14 Sep 2025 04:17:57 GMT
      Server:
      - nginx/1.25.3
      Transfer-Encoding:
      - chunked
      content-length:
      - '258'
    status:
      code: 200
      message: OK
version: 1
