interactions:
- request:
    body: "--3ca1f1fc29de2ffce41a6922c67c05e6\r\nContent-Disposition: form-data; name=\"workflowSource\";
      filename=\"jsonTaskOrderTest.wdl\"\r\nContent-Type: application/octet-stream\r\n\r\nversion
      1.0\n\nworkflow jsonTaskOrderTest {\n  input {\n    String input_json  # JSON
      string used as input for both tasks\n  }\n\n  call Task1 { input: input_json
      = input_json }\n  call Task2 { input: input_json = input_json, previous_output
      = Task1.output_file }\n\n  output {\n    File task1_output = Task1.output_file\n
      \   File task2_output = Task2.output_file\n  }\n}\n\ntask Task1 {\n  input {\n
      \   String input_json\n  }\n  \n  command <<<\n    echo \"Processing JSON in
      Task1: ~{input_json}\" > task1_output.txt\n    echo \"Task1 completed\" >> task1_output.txt\n
      \ >>>\n  \n  output {\n    File output_file = \"task1_output.txt\"\n  }\n  \n
      \ runtime {\n    cpu: 1\n    memory: \"2G\"\n  }\n}\n\ntask Task2 {\n  input
      {\n    String input_json\n    File previous_output\n  }\n  \n  command <<<\n
      \   echo \"Processing JSON in Task2: ~{input_json}\" > task2_output.txt\n    echo
      \"Task2 completed after Task1\" >> task2_output.txt\n    cat ~{previous_output}
      >> task2_output.txt\n  >>>\n  \n  output {\n    File output_file = \"task2_output.txt\"\n
      \ }\n  \n  runtime {\n    cpu: 1\n    memory: \"2G\"\n  }\n}\n\r\n--3ca1f1fc29de2ffce41a6922c67c05e6\r\nContent-Disposition:
      form-data; name=\"workflowInputs\"; filename=\"inputs.json\"\r\nContent-Type:
      application/json\r\n\r\n{\n  \"jsonTaskOrderTest.input_json\": \"I am the text
      that from input.json\"\n}\n\r\n--3ca1f1fc29de2ffce41a6922c67c05e6\r\nContent-Disposition:
      form-data; name=\"workflowOptions\"; filename=\"options.json\"\r\nContent-Type:
      application/json\r\n\r\n{\n    \"workflow_failure_mode\": \"ContinueWhilePossible\",\n
      \   \"write_to_cache\": false,\n    \"read_from_cache\": false\n}\n\r\n--3ca1f1fc29de2ffce41a6922c67c05e6--\r\n"
    headers:
      accept:
      - '*/*'
      accept-encoding:
      - gzip, deflate
      connection:
      - keep-alive
      content-length:
      - '1742'
      content-type:
      - multipart/form-data; boundary=3ca1f1fc29de2ffce41a6922c67c05e6
      host:
      - gizmok52.fhcrc.org:40937
      user-agent:
      - python-httpx/0.28.1
    method: POST
    uri: https://gizmok52.fhcrc.org:40937/api/workflows/v1
  response:
    body:
      string: '{"id":"e96dbbf8-7e7c-47c2-af99-12f13e433a64","status":"Submitted"}'
    headers:
      Connection:
      - keep-alive
      Content-Length:
      - '66'
      Content-Type:
      - application/json
      Date:
      - Sun, 09 Nov 2025 04:17:37 GMT
      Server:
      - nginx/1.25.3
    status:
      code: 201
      message: Created
- request:
    body: ''
    headers:
      accept:
      - '*/*'
      accept-encoding:
      - gzip, deflate
      connection:
      - keep-alive
      host:
      - gizmok52.fhcrc.org:40937
      user-agent:
      - python-httpx/0.28.1
    method: GET
    uri: https://gizmok52.fhcrc.org:40937/api/workflows/v1/e96dbbf8-7e7c-47c2-af99-12f13e433a64/metadata?includeKey=status&includeKey=failures&includeKey=jobId
  response:
    body:
      string: '{"status":"Submitted","calls":{},"id":"e96dbbf8-7e7c-47c2-af99-12f13e433a64"}'
    headers:
      Connection:
      - keep-alive
      Content-Type:
      - application/json
      Date:
      - Sun, 09 Nov 2025 04:17:42 GMT
      Server:
      - nginx/1.25.3
      Transfer-Encoding:
      - chunked
      content-length:
      - '77'
    status:
      code: 200
      message: OK
- request:
    body: ''
    headers:
      accept:
      - '*/*'
      accept-encoding:
      - gzip, deflate
      connection:
      - keep-alive
      host:
      - gizmok52.fhcrc.org:40937
      user-agent:
      - python-httpx/0.28.1
    method: GET
    uri: https://gizmok52.fhcrc.org:40937/api/workflows/v1/e96dbbf8-7e7c-47c2-af99-12f13e433a64/metadata?includeKey=status&includeKey=failures&includeKey=jobId
  response:
    body:
      string: '{"status":"Submitted","calls":{},"id":"e96dbbf8-7e7c-47c2-af99-12f13e433a64"}'
    headers:
      Connection:
      - keep-alive
      Content-Type:
      - application/json
      Date:
      - Sun, 09 Nov 2025 04:17:47 GMT
      Server:
      - nginx/1.25.3
      Transfer-Encoding:
      - chunked
      content-length:
      - '77'
    status:
      code: 200
      message: OK
- request:
    body: ''
    headers:
      accept:
      - '*/*'
      accept-encoding:
      - gzip, deflate
      connection:
      - keep-alive
      host:
      - gizmok52.fhcrc.org:40937
      user-agent:
      - python-httpx/0.28.1
    method: GET
    uri: https://gizmok52.fhcrc.org:40937/api/workflows/v1/e96dbbf8-7e7c-47c2-af99-12f13e433a64/metadata?includeKey=status&includeKey=failures&includeKey=jobId
  response:
    body:
      string: '{"status":"Submitted","calls":{},"id":"e96dbbf8-7e7c-47c2-af99-12f13e433a64"}'
    headers:
      Connection:
      - keep-alive
      Content-Type:
      - application/json
      Date:
      - Sun, 09 Nov 2025 04:17:53 GMT
      Server:
      - nginx/1.25.3
      Transfer-Encoding:
      - chunked
      content-length:
      - '77'
    status:
      code: 200
      message: OK
- request:
    body: ''
    headers:
      accept:
      - '*/*'
      accept-encoding:
      - gzip, deflate
      connection:
      - keep-alive
      host:
      - gizmok52.fhcrc.org:40937
      user-agent:
      - python-httpx/0.28.1
    method: GET
    uri: https://gizmok52.fhcrc.org:40937/api/workflows/v1/e96dbbf8-7e7c-47c2-af99-12f13e433a64/metadata?includeKey=status&includeKey=failures&includeKey=jobId
  response:
    body:
      string: '{"status":"Submitted","calls":{},"id":"e96dbbf8-7e7c-47c2-af99-12f13e433a64"}'
    headers:
      Connection:
      - keep-alive
      Content-Type:
      - application/json
      Date:
      - Sun, 09 Nov 2025 04:17:58 GMT
      Server:
      - nginx/1.25.3
      Transfer-Encoding:
      - chunked
      content-length:
      - '77'
    status:
      code: 200
      message: OK
- request:
    body: ''
    headers:
      accept:
      - '*/*'
      accept-encoding:
      - gzip, deflate
      connection:
      - keep-alive
      host:
      - gizmok52.fhcrc.org:40937
      user-agent:
      - python-httpx/0.28.1
    method: GET
    uri: https://gizmok52.fhcrc.org:40937/api/workflows/v1/e96dbbf8-7e7c-47c2-af99-12f13e433a64/metadata?includeKey=status&includeKey=failures&includeKey=jobId
  response:
    body:
      string: '{"status":"Submitted","calls":{},"id":"e96dbbf8-7e7c-47c2-af99-12f13e433a64"}'
    headers:
      Connection:
      - keep-alive
      Content-Type:
      - application/json
      Date:
      - Sun, 09 Nov 2025 04:18:03 GMT
      Server:
      - nginx/1.25.3
      Transfer-Encoding:
      - chunked
      content-length:
      - '77'
    status:
      code: 200
      message: OK
- request:
    body: ''
    headers:
      accept:
      - '*/*'
      accept-encoding:
      - gzip, deflate
      connection:
      - keep-alive
      host:
      - gizmok52.fhcrc.org:40937
      user-agent:
      - python-httpx/0.28.1
    method: GET
    uri: https://gizmok52.fhcrc.org:40937/api/workflows/v1/e96dbbf8-7e7c-47c2-af99-12f13e433a64/metadata?includeKey=status&includeKey=failures&includeKey=jobId
  response:
    body:
      string: '{"status":"Submitted","calls":{},"id":"e96dbbf8-7e7c-47c2-af99-12f13e433a64"}'
    headers:
      Connection:
      - keep-alive
      Content-Type:
      - application/json
      Date:
      - Sun, 09 Nov 2025 04:18:08 GMT
      Server:
      - nginx/1.25.3
      Transfer-Encoding:
      - chunked
      content-length:
      - '77'
    status:
      code: 200
      message: OK
- request:
    body: ''
    headers:
      accept:
      - '*/*'
      accept-encoding:
      - gzip, deflate
      connection:
      - keep-alive
      host:
      - gizmok52.fhcrc.org:40937
      user-agent:
      - python-httpx/0.28.1
    method: GET
    uri: https://gizmok52.fhcrc.org:40937/api/workflows/v1/e96dbbf8-7e7c-47c2-af99-12f13e433a64/metadata?includeKey=status&includeKey=failures&includeKey=jobId
  response:
    body:
      string: '{"status":"Submitted","calls":{},"id":"e96dbbf8-7e7c-47c2-af99-12f13e433a64"}'
    headers:
      Connection:
      - keep-alive
      Content-Type:
      - application/json
      Date:
      - Sun, 09 Nov 2025 04:18:13 GMT
      Server:
      - nginx/1.25.3
      Transfer-Encoding:
      - chunked
      content-length:
      - '77'
    status:
      code: 200
      message: OK
- request:
    body: ''
    headers:
      accept:
      - '*/*'
      accept-encoding:
      - gzip, deflate
      connection:
      - keep-alive
      host:
      - gizmok52.fhcrc.org:40937
      user-agent:
      - python-httpx/0.28.1
    method: GET
    uri: https://gizmok52.fhcrc.org:40937/api/workflows/v1/e96dbbf8-7e7c-47c2-af99-12f13e433a64/metadata?includeKey=status&includeKey=failures&includeKey=jobId
  response:
    body:
      string: '{"status":"Submitted","calls":{},"id":"e96dbbf8-7e7c-47c2-af99-12f13e433a64"}'
    headers:
      Connection:
      - keep-alive
      Content-Type:
      - application/json
      Date:
      - Sun, 09 Nov 2025 04:18:18 GMT
      Server:
      - nginx/1.25.3
      Transfer-Encoding:
      - chunked
      content-length:
      - '77'
    status:
      code: 200
      message: OK
- request:
    body: ''
    headers:
      accept:
      - '*/*'
      accept-encoding:
      - gzip, deflate
      connection:
      - keep-alive
      host:
      - gizmok52.fhcrc.org:40937
      user-agent:
      - python-httpx/0.28.1
    method: GET
    uri: https://gizmok52.fhcrc.org:40937/api/workflows/v1/e96dbbf8-7e7c-47c2-af99-12f13e433a64/metadata?includeKey=status&includeKey=failures&includeKey=jobId
  response:
    body:
      string: '{"status":"Submitted","calls":{},"id":"e96dbbf8-7e7c-47c2-af99-12f13e433a64"}'
    headers:
      Connection:
      - keep-alive
      Content-Type:
      - application/json
      Date:
      - Sun, 09 Nov 2025 04:18:23 GMT
      Server:
      - nginx/1.25.3
      Transfer-Encoding:
      - chunked
      content-length:
      - '77'
    status:
      code: 200
      message: OK
- request:
    body: ''
    headers:
      accept:
      - '*/*'
      accept-encoding:
      - gzip, deflate
      connection:
      - keep-alive
      host:
      - gizmok52.fhcrc.org:40937
      user-agent:
      - python-httpx/0.28.1
    method: GET
    uri: https://gizmok52.fhcrc.org:40937/api/workflows/v1/e96dbbf8-7e7c-47c2-af99-12f13e433a64/metadata?includeKey=status&includeKey=failures&includeKey=jobId
  response:
    body:
      string: '{"status":"Submitted","calls":{},"id":"e96dbbf8-7e7c-47c2-af99-12f13e433a64"}'
    headers:
      Connection:
      - keep-alive
      Content-Type:
      - application/json
      Date:
      - Sun, 09 Nov 2025 04:18:28 GMT
      Server:
      - nginx/1.25.3
      Transfer-Encoding:
      - chunked
      content-length:
      - '77'
    status:
      code: 200
      message: OK
- request:
    body: ''
    headers:
      accept:
      - '*/*'
      accept-encoding:
      - gzip, deflate
      connection:
      - keep-alive
      host:
      - gizmok52.fhcrc.org:40937
      user-agent:
      - python-httpx/0.28.1
    method: GET
    uri: https://gizmok52.fhcrc.org:40937/api/workflows/v1/e96dbbf8-7e7c-47c2-af99-12f13e433a64/metadata?includeKey=status&includeKey=failures&includeKey=jobId
  response:
    body:
      string: '{"status":"Submitted","calls":{},"id":"e96dbbf8-7e7c-47c2-af99-12f13e433a64"}'
    headers:
      Connection:
      - keep-alive
      Content-Type:
      - application/json
      Date:
      - Sun, 09 Nov 2025 04:18:33 GMT
      Server:
      - nginx/1.25.3
      Transfer-Encoding:
      - chunked
      content-length:
      - '77'
    status:
      code: 200
      message: OK
- request:
    body: ''
    headers:
      accept:
      - '*/*'
      accept-encoding:
      - gzip, deflate
      connection:
      - keep-alive
      host:
      - gizmok52.fhcrc.org:40937
      user-agent:
      - python-httpx/0.28.1
    method: GET
    uri: https://gizmok52.fhcrc.org:40937/api/workflows/v1/e96dbbf8-7e7c-47c2-af99-12f13e433a64/metadata?includeKey=status&includeKey=failures&includeKey=jobId
  response:
    body:
      string: '{"status":"Submitted","calls":{},"id":"e96dbbf8-7e7c-47c2-af99-12f13e433a64"}'
    headers:
      Connection:
      - keep-alive
      Content-Type:
      - application/json
      Date:
      - Sun, 09 Nov 2025 04:18:38 GMT
      Server:
      - nginx/1.25.3
      Transfer-Encoding:
      - chunked
      content-length:
      - '77'
    status:
      code: 200
      message: OK
- request:
    body: ''
    headers:
      accept:
      - '*/*'
      accept-encoding:
      - gzip, deflate
      connection:
      - keep-alive
      host:
      - gizmok52.fhcrc.org:40937
      user-agent:
      - python-httpx/0.28.1
    method: GET
    uri: https://gizmok52.fhcrc.org:40937/api/workflows/v1/e96dbbf8-7e7c-47c2-af99-12f13e433a64/metadata?includeKey=status&includeKey=failures&includeKey=jobId
  response:
    body:
      string: '{"status":"Submitted","calls":{},"id":"e96dbbf8-7e7c-47c2-af99-12f13e433a64"}'
    headers:
      Connection:
      - keep-alive
      Content-Type:
      - application/json
      Date:
      - Sun, 09 Nov 2025 04:18:43 GMT
      Server:
      - nginx/1.25.3
      Transfer-Encoding:
      - chunked
      content-length:
      - '77'
    status:
      code: 200
      message: OK
- request:
    body: ''
    headers:
      accept:
      - '*/*'
      accept-encoding:
      - gzip, deflate
      connection:
      - keep-alive
      host:
      - gizmok52.fhcrc.org:40937
      user-agent:
      - python-httpx/0.28.1
    method: GET
    uri: https://gizmok52.fhcrc.org:40937/api/workflows/v1/e96dbbf8-7e7c-47c2-af99-12f13e433a64/metadata?includeKey=status&includeKey=failures&includeKey=jobId
  response:
    body:
      string: '{"status":"Submitted","calls":{},"id":"e96dbbf8-7e7c-47c2-af99-12f13e433a64"}'
    headers:
      Connection:
      - keep-alive
      Content-Type:
      - application/json
      Date:
      - Sun, 09 Nov 2025 04:18:48 GMT
      Server:
      - nginx/1.25.3
      Transfer-Encoding:
      - chunked
      content-length:
      - '77'
    status:
      code: 200
      message: OK
- request:
    body: ''
    headers:
      accept:
      - '*/*'
      accept-encoding:
      - gzip, deflate
      connection:
      - keep-alive
      host:
      - gizmok52.fhcrc.org:40937
      user-agent:
      - python-httpx/0.28.1
    method: GET
    uri: https://gizmok52.fhcrc.org:40937/api/workflows/v1/e96dbbf8-7e7c-47c2-af99-12f13e433a64/metadata?includeKey=status&includeKey=failures&includeKey=jobId
  response:
    body:
      string: '{"status":"Submitted","calls":{},"id":"e96dbbf8-7e7c-47c2-af99-12f13e433a64"}'
    headers:
      Connection:
      - keep-alive
      Content-Type:
      - application/json
      Date:
      - Sun, 09 Nov 2025 04:18:53 GMT
      Server:
      - nginx/1.25.3
      Transfer-Encoding:
      - chunked
      content-length:
      - '77'
    status:
      code: 200
      message: OK
- request:
    body: ''
    headers:
      accept:
      - '*/*'
      accept-encoding:
      - gzip, deflate
      connection:
      - keep-alive
      host:
      - gizmok52.fhcrc.org:40937
      user-agent:
      - python-httpx/0.28.1
    method: GET
    uri: https://gizmok52.fhcrc.org:40937/api/workflows/v1/e96dbbf8-7e7c-47c2-af99-12f13e433a64/metadata?includeKey=status&includeKey=failures&includeKey=jobId
  response:
    body:
      string: '{"status":"Submitted","calls":{},"id":"e96dbbf8-7e7c-47c2-af99-12f13e433a64"}'
    headers:
      Connection:
      - keep-alive
      Content-Type:
      - application/json
      Date:
      - Sun, 09 Nov 2025 04:18:58 GMT
      Server:
      - nginx/1.25.3
      Transfer-Encoding:
      - chunked
      content-length:
      - '77'
    status:
      code: 200
      message: OK
- request:
    body: ''
    headers:
      accept:
      - '*/*'
      accept-encoding:
      - gzip, deflate
      connection:
      - keep-alive
      host:
      - gizmok52.fhcrc.org:40937
      user-agent:
      - python-httpx/0.28.1
    method: GET
    uri: https://gizmok52.fhcrc.org:40937/api/workflows/v1/e96dbbf8-7e7c-47c2-af99-12f13e433a64/metadata?includeKey=status&includeKey=failures&includeKey=jobId
  response:
    body:
      string: '{"status":"Submitted","calls":{},"id":"e96dbbf8-7e7c-47c2-af99-12f13e433a64"}'
    headers:
      Connection:
      - keep-alive
      Content-Type:
      - application/json
      Date:
      - Sun, 09 Nov 2025 04:19:03 GMT
      Server:
      - nginx/1.25.3
      Transfer-Encoding:
      - chunked
      content-length:
      - '77'
    status:
      code: 200
      message: OK
- request:
    body: ''
    headers:
      accept:
      - '*/*'
      accept-encoding:
      - gzip, deflate
      connection:
      - keep-alive
      host:
      - gizmok52.fhcrc.org:40937
      user-agent:
      - python-httpx/0.28.1
    method: GET
    uri: https://gizmok52.fhcrc.org:40937/api/workflows/v1/e96dbbf8-7e7c-47c2-af99-12f13e433a64/metadata?includeKey=status&includeKey=failures&includeKey=jobId
  response:
    body:
      string: '{"status":"Submitted","calls":{},"id":"e96dbbf8-7e7c-47c2-af99-12f13e433a64"}'
    headers:
      Connection:
      - keep-alive
      Content-Type:
      - application/json
      Date:
      - Sun, 09 Nov 2025 04:19:08 GMT
      Server:
      - nginx/1.25.3
      Transfer-Encoding:
      - chunked
      content-length:
      - '77'
    status:
      code: 200
      message: OK
- request:
    body: ''
    headers:
      accept:
      - '*/*'
      accept-encoding:
      - gzip, deflate
      connection:
      - keep-alive
      host:
      - gizmok52.fhcrc.org:40937
      user-agent:
      - python-httpx/0.28.1
    method: GET
    uri: https://gizmok52.fhcrc.org:40937/api/workflows/v1/e96dbbf8-7e7c-47c2-af99-12f13e433a64/metadata?includeKey=status&includeKey=failures&includeKey=jobId
  response:
    body:
      string: '{"status":"Submitted","calls":{},"id":"e96dbbf8-7e7c-47c2-af99-12f13e433a64"}'
    headers:
      Connection:
      - keep-alive
      Content-Type:
      - application/json
      Date:
      - Sun, 09 Nov 2025 04:19:13 GMT
      Server:
      - nginx/1.25.3
      Transfer-Encoding:
      - chunked
      content-length:
      - '77'
    status:
      code: 200
      message: OK
- request:
    body: ''
    headers:
      accept:
      - '*/*'
      accept-encoding:
      - gzip, deflate
      connection:
      - keep-alive
      host:
      - gizmok52.fhcrc.org:40937
      user-agent:
      - python-httpx/0.28.1
    method: GET
    uri: https://gizmok52.fhcrc.org:40937/api/workflows/v1/e96dbbf8-7e7c-47c2-af99-12f13e433a64/metadata?includeKey=status&includeKey=failures&includeKey=jobId
  response:
    body:
      string: '{"status":"Submitted","calls":{},"id":"e96dbbf8-7e7c-47c2-af99-12f13e433a64"}'
    headers:
      Connection:
      - keep-alive
      Content-Type:
      - application/json
      Date:
      - Sun, 09 Nov 2025 04:19:18 GMT
      Server:
      - nginx/1.25.3
      Transfer-Encoding:
      - chunked
      content-length:
      - '77'
    status:
      code: 200
      message: OK
- request:
    body: ''
    headers:
      accept:
      - '*/*'
      accept-encoding:
      - gzip, deflate
      connection:
      - keep-alive
      host:
      - gizmok52.fhcrc.org:40937
      user-agent:
      - python-httpx/0.28.1
    method: GET
    uri: https://gizmok52.fhcrc.org:40937/api/workflows/v1/e96dbbf8-7e7c-47c2-af99-12f13e433a64/metadata?includeKey=status&includeKey=failures&includeKey=jobId
  response:
    body:
      string: '{"status":"Submitted","calls":{},"id":"e96dbbf8-7e7c-47c2-af99-12f13e433a64"}'
    headers:
      Connection:
      - keep-alive
      Content-Type:
      - application/json
      Date:
      - Sun, 09 Nov 2025 04:19:23 GMT
      Server:
      - nginx/1.25.3
      Transfer-Encoding:
      - chunked
      content-length:
      - '77'
    status:
      code: 200
      message: OK
- request:
    body: ''
    headers:
      accept:
      - '*/*'
      accept-encoding:
      - gzip, deflate
      connection:
      - keep-alive
      host:
      - gizmok52.fhcrc.org:40937
      user-agent:
      - python-httpx/0.28.1
    method: GET
    uri: https://gizmok52.fhcrc.org:40937/api/workflows/v1/e96dbbf8-7e7c-47c2-af99-12f13e433a64/metadata?includeKey=status&includeKey=failures&includeKey=jobId
  response:
    body:
      string: '{"status":"Submitted","calls":{},"id":"e96dbbf8-7e7c-47c2-af99-12f13e433a64"}'
    headers:
      Connection:
      - keep-alive
      Content-Type:
      - application/json
      Date:
      - Sun, 09 Nov 2025 04:19:28 GMT
      Server:
      - nginx/1.25.3
      Transfer-Encoding:
      - chunked
      content-length:
      - '77'
    status:
      code: 200
      message: OK
- request:
    body: ''
    headers:
      accept:
      - '*/*'
      accept-encoding:
      - gzip, deflate
      connection:
      - keep-alive
      host:
      - gizmok52.fhcrc.org:40937
      user-agent:
      - python-httpx/0.28.1
    method: GET
    uri: https://gizmok52.fhcrc.org:40937/api/workflows/v1/e96dbbf8-7e7c-47c2-af99-12f13e433a64/metadata?includeKey=status&includeKey=failures&includeKey=jobId
  response:
    body:
      string: '{"status":"Submitted","calls":{},"id":"e96dbbf8-7e7c-47c2-af99-12f13e433a64"}'
    headers:
      Connection:
      - keep-alive
      Content-Type:
      - application/json
      Date:
      - Sun, 09 Nov 2025 04:19:33 GMT
      Server:
      - nginx/1.25.3
      Transfer-Encoding:
      - chunked
      content-length:
      - '77'
    status:
      code: 200
      message: OK
- request:
    body: ''
    headers:
      accept:
      - '*/*'
      accept-encoding:
      - gzip, deflate
      connection:
      - keep-alive
      host:
      - gizmok52.fhcrc.org:40937
      user-agent:
      - python-httpx/0.28.1
    method: GET
    uri: https://gizmok52.fhcrc.org:40937/api/workflows/v1/e96dbbf8-7e7c-47c2-af99-12f13e433a64/metadata?includeKey=status&includeKey=failures&includeKey=jobId
  response:
    body:
      string: '{"status":"Submitted","calls":{},"id":"e96dbbf8-7e7c-47c2-af99-12f13e433a64"}'
    headers:
      Connection:
      - keep-alive
      Content-Type:
      - application/json
      Date:
      - Sun, 09 Nov 2025 04:19:38 GMT
      Server:
      - nginx/1.25.3
      Transfer-Encoding:
      - chunked
      content-length:
      - '77'
    status:
      code: 200
      message: OK
- request:
    body: ''
    headers:
      accept:
      - '*/*'
      accept-encoding:
      - gzip, deflate
      connection:
      - keep-alive
      host:
      - gizmok52.fhcrc.org:40937
      user-agent:
      - python-httpx/0.28.1
    method: GET
    uri: https://gizmok52.fhcrc.org:40937/api/workflows/v1/e96dbbf8-7e7c-47c2-af99-12f13e433a64/metadata?includeKey=status&includeKey=failures&includeKey=jobId
  response:
    body:
      string: '{"status":"Submitted","calls":{},"id":"e96dbbf8-7e7c-47c2-af99-12f13e433a64"}'
    headers:
      Connection:
      - keep-alive
      Content-Type:
      - application/json
      Date:
      - Sun, 09 Nov 2025 04:19:44 GMT
      Server:
      - nginx/1.25.3
      Transfer-Encoding:
      - chunked
      content-length:
      - '77'
    status:
      code: 200
      message: OK
- request:
    body: ''
    headers:
      accept:
      - '*/*'
      accept-encoding:
      - gzip, deflate
      connection:
      - keep-alive
      host:
      - gizmok52.fhcrc.org:40937
      user-agent:
      - python-httpx/0.28.1
    method: GET
    uri: https://gizmok52.fhcrc.org:40937/api/workflows/v1/e96dbbf8-7e7c-47c2-af99-12f13e433a64/metadata?includeKey=status&includeKey=failures&includeKey=jobId
  response:
    body:
      string: '{"status":"Submitted","calls":{},"id":"e96dbbf8-7e7c-47c2-af99-12f13e433a64"}'
    headers:
      Connection:
      - keep-alive
      Content-Type:
      - application/json
      Date:
      - Sun, 09 Nov 2025 04:19:49 GMT
      Server:
      - nginx/1.25.3
      Transfer-Encoding:
      - chunked
      content-length:
      - '77'
    status:
      code: 200
      message: OK
- request:
    body: ''
    headers:
      accept:
      - '*/*'
      accept-encoding:
      - gzip, deflate
      connection:
      - keep-alive
      host:
      - gizmok52.fhcrc.org:40937
      user-agent:
      - python-httpx/0.28.1
    method: GET
    uri: https://gizmok52.fhcrc.org:40937/api/workflows/v1/e96dbbf8-7e7c-47c2-af99-12f13e433a64/metadata?includeKey=status&includeKey=failures&includeKey=jobId
  response:
    body:
      string: '{"status":"Submitted","calls":{},"id":"e96dbbf8-7e7c-47c2-af99-12f13e433a64"}'
    headers:
      Connection:
      - keep-alive
      Content-Type:
      - application/json
      Date:
      - Sun, 09 Nov 2025 04:19:54 GMT
      Server:
      - nginx/1.25.3
      Transfer-Encoding:
      - chunked
      content-length:
      - '77'
    status:
      code: 200
      message: OK
- request:
    body: ''
    headers:
      accept:
      - '*/*'
      accept-encoding:
      - gzip, deflate
      connection:
      - keep-alive
      host:
      - gizmok52.fhcrc.org:40937
      user-agent:
      - python-httpx/0.28.1
    method: GET
    uri: https://gizmok52.fhcrc.org:40937/api/workflows/v1/e96dbbf8-7e7c-47c2-af99-12f13e433a64/metadata?includeKey=status&includeKey=failures&includeKey=jobId
  response:
    body:
      string: '{"status":"Submitted","calls":{},"id":"e96dbbf8-7e7c-47c2-af99-12f13e433a64"}'
    headers:
      Connection:
      - keep-alive
      Content-Type:
      - application/json
      Date:
      - Sun, 09 Nov 2025 04:19:59 GMT
      Server:
      - nginx/1.25.3
      Transfer-Encoding:
      - chunked
      content-length:
      - '77'
    status:
      code: 200
      message: OK
- request:
    body: ''
    headers:
      accept:
      - '*/*'
      accept-encoding:
      - gzip, deflate
      connection:
      - keep-alive
      host:
      - gizmok52.fhcrc.org:40937
      user-agent:
      - python-httpx/0.28.1
    method: GET
    uri: https://gizmok52.fhcrc.org:40937/api/workflows/v1/e96dbbf8-7e7c-47c2-af99-12f13e433a64/metadata?includeKey=status&includeKey=failures&includeKey=jobId
  response:
    body:
      string: '{"status":"Submitted","calls":{},"id":"e96dbbf8-7e7c-47c2-af99-12f13e433a64"}'
    headers:
      Connection:
      - keep-alive
      Content-Type:
      - application/json
      Date:
      - Sun, 09 Nov 2025 04:20:04 GMT
      Server:
      - nginx/1.25.3
      Transfer-Encoding:
      - chunked
      content-length:
      - '77'
    status:
      code: 200
      message: OK
- request:
    body: ''
    headers:
      accept:
      - '*/*'
      accept-encoding:
      - gzip, deflate
      connection:
      - keep-alive
      host:
      - gizmok52.fhcrc.org:40937
      user-agent:
      - python-httpx/0.28.1
    method: GET
    uri: https://gizmok52.fhcrc.org:40937/api/workflows/v1/e96dbbf8-7e7c-47c2-af99-12f13e433a64/metadata?includeKey=status&includeKey=failures&includeKey=jobId
  response:
    body:
      string: '{"status":"Submitted","calls":{},"id":"e96dbbf8-7e7c-47c2-af99-12f13e433a64"}'
    headers:
      Connection:
      - keep-alive
      Content-Type:
      - application/json
      Date:
      - Sun, 09 Nov 2025 04:20:09 GMT
      Server:
      - nginx/1.25.3
      Transfer-Encoding:
      - chunked
      content-length:
      - '77'
    status:
      code: 200
      message: OK
- request:
    body: ''
    headers:
      accept:
      - '*/*'
      accept-encoding:
      - gzip, deflate
      connection:
      - keep-alive
      host:
      - gizmok52.fhcrc.org:40937
      user-agent:
      - python-httpx/0.28.1
    method: GET
    uri: https://gizmok52.fhcrc.org:40937/api/workflows/v1/e96dbbf8-7e7c-47c2-af99-12f13e433a64/metadata?includeKey=status&includeKey=failures&includeKey=jobId
  response:
    body:
      string: '{"status":"Submitted","calls":{},"id":"e96dbbf8-7e7c-47c2-af99-12f13e433a64"}'
    headers:
      Connection:
      - keep-alive
      Content-Type:
      - application/json
      Date:
      - Sun, 09 Nov 2025 04:20:14 GMT
      Server:
      - nginx/1.25.3
      Transfer-Encoding:
      - chunked
      content-length:
      - '77'
    status:
      code: 200
      message: OK
- request:
    body: ''
    headers:
      accept:
      - '*/*'
      accept-encoding:
      - gzip, deflate
      connection:
      - keep-alive
      host:
      - gizmok52.fhcrc.org:40937
      user-agent:
      - python-httpx/0.28.1
    method: GET
    uri: https://gizmok52.fhcrc.org:40937/api/workflows/v1/e96dbbf8-7e7c-47c2-af99-12f13e433a64/metadata?includeKey=status&includeKey=failures&includeKey=jobId
  response:
    body:
      string: '{"status":"Submitted","calls":{},"id":"e96dbbf8-7e7c-47c2-af99-12f13e433a64"}'
    headers:
      Connection:
      - keep-alive
      Content-Type:
      - application/json
      Date:
      - Sun, 09 Nov 2025 04:20:19 GMT
      Server:
      - nginx/1.25.3
      Transfer-Encoding:
      - chunked
      content-length:
      - '77'
    status:
      code: 200
      message: OK
- request:
    body: ''
    headers:
      accept:
      - '*/*'
      accept-encoding:
      - gzip, deflate
      connection:
      - keep-alive
      host:
      - gizmok52.fhcrc.org:40937
      user-agent:
      - python-httpx/0.28.1
    method: GET
    uri: https://gizmok52.fhcrc.org:40937/api/workflows/v1/e96dbbf8-7e7c-47c2-af99-12f13e433a64/metadata?includeKey=status&includeKey=failures&includeKey=jobId
  response:
    body:
      string: '{"status":"Submitted","calls":{},"id":"e96dbbf8-7e7c-47c2-af99-12f13e433a64"}'
    headers:
      Connection:
      - keep-alive
      Content-Type:
      - application/json
      Date:
      - Sun, 09 Nov 2025 04:20:24 GMT
      Server:
      - nginx/1.25.3
      Transfer-Encoding:
      - chunked
      content-length:
      - '77'
    status:
      code: 200
      message: OK
- request:
    body: ''
    headers:
      accept:
      - '*/*'
      accept-encoding:
      - gzip, deflate
      connection:
      - keep-alive
      host:
      - gizmok52.fhcrc.org:40937
      user-agent:
      - python-httpx/0.28.1
    method: GET
    uri: https://gizmok52.fhcrc.org:40937/api/workflows/v1/e96dbbf8-7e7c-47c2-af99-12f13e433a64/metadata?includeKey=status&includeKey=failures&includeKey=jobId
  response:
    body:
      string: '{"status":"Submitted","calls":{},"id":"e96dbbf8-7e7c-47c2-af99-12f13e433a64"}'
    headers:
      Connection:
      - keep-alive
      Content-Type:
      - application/json
      Date:
      - Sun, 09 Nov 2025 04:20:29 GMT
      Server:
      - nginx/1.25.3
      Transfer-Encoding:
      - chunked
      content-length:
      - '77'
    status:
      code: 200
      message: OK
- request:
    body: ''
    headers:
      accept:
      - '*/*'
      accept-encoding:
      - gzip, deflate
      connection:
      - keep-alive
      host:
      - gizmok52.fhcrc.org:40937
      user-agent:
      - python-httpx/0.28.1
    method: GET
    uri: https://gizmok52.fhcrc.org:40937/api/workflows/v1/e96dbbf8-7e7c-47c2-af99-12f13e433a64/metadata?includeKey=status&includeKey=failures&includeKey=jobId
  response:
    body:
      string: '{"status":"Submitted","calls":{},"id":"e96dbbf8-7e7c-47c2-af99-12f13e433a64"}'
    headers:
      Connection:
      - keep-alive
      Content-Type:
      - application/json
      Date:
      - Sun, 09 Nov 2025 04:20:34 GMT
      Server:
      - nginx/1.25.3
      Transfer-Encoding:
      - chunked
      content-length:
      - '77'
    status:
      code: 200
      message: OK
- request:
    body: ''
    headers:
      accept:
      - '*/*'
      accept-encoding:
      - gzip, deflate
      connection:
      - keep-alive
      host:
      - gizmok52.fhcrc.org:40937
      user-agent:
      - python-httpx/0.28.1
    method: GET
    uri: https://gizmok52.fhcrc.org:40937/api/workflows/v1/e96dbbf8-7e7c-47c2-af99-12f13e433a64/metadata?includeKey=status&includeKey=failures&includeKey=jobId
  response:
    body:
      string: '{"status":"Submitted","calls":{},"id":"e96dbbf8-7e7c-47c2-af99-12f13e433a64"}'
    headers:
      Connection:
      - keep-alive
      Content-Type:
      - application/json
      Date:
      - Sun, 09 Nov 2025 04:20:39 GMT
      Server:
      - nginx/1.25.3
      Transfer-Encoding:
      - chunked
      content-length:
      - '77'
    status:
      code: 200
      message: OK
- request:
    body: ''
    headers:
      accept:
      - '*/*'
      accept-encoding:
      - gzip, deflate
      connection:
      - keep-alive
      host:
      - gizmok52.fhcrc.org:40937
      user-agent:
      - python-httpx/0.28.1
    method: GET
    uri: https://gizmok52.fhcrc.org:40937/api/workflows/v1/e96dbbf8-7e7c-47c2-af99-12f13e433a64/metadata?includeKey=status&includeKey=failures&includeKey=jobId
  response:
    body:
      string: '{"status":"Submitted","calls":{},"id":"e96dbbf8-7e7c-47c2-af99-12f13e433a64"}'
    headers:
      Connection:
      - keep-alive
      Content-Type:
      - application/json
      Date:
      - Sun, 09 Nov 2025 04:20:44 GMT
      Server:
      - nginx/1.25.3
      Transfer-Encoding:
      - chunked
      content-length:
      - '77'
    status:
      code: 200
      message: OK
- request:
    body: ''
    headers:
      accept:
      - '*/*'
      accept-encoding:
      - gzip, deflate
      connection:
      - keep-alive
      host:
      - gizmok52.fhcrc.org:40937
      user-agent:
      - python-httpx/0.28.1
    method: GET
    uri: https://gizmok52.fhcrc.org:40937/api/workflows/v1/e96dbbf8-7e7c-47c2-af99-12f13e433a64/metadata?includeKey=status&includeKey=failures&includeKey=jobId
  response:
    body:
      string: '{"status":"Submitted","calls":{},"id":"e96dbbf8-7e7c-47c2-af99-12f13e433a64"}'
    headers:
      Connection:
      - keep-alive
      Content-Type:
      - application/json
      Date:
      - Sun, 09 Nov 2025 04:20:49 GMT
      Server:
      - nginx/1.25.3
      Transfer-Encoding:
      - chunked
      content-length:
      - '77'
    status:
      code: 200
      message: OK
- request:
    body: ''
    headers:
      accept:
      - '*/*'
      accept-encoding:
      - gzip, deflate
      connection:
      - keep-alive
      host:
      - gizmok52.fhcrc.org:40937
      user-agent:
      - python-httpx/0.28.1
    method: GET
    uri: https://gizmok52.fhcrc.org:40937/api/workflows/v1/e96dbbf8-7e7c-47c2-af99-12f13e433a64/metadata?includeKey=status&includeKey=failures&includeKey=jobId
  response:
    body:
      string: '{"status":"Submitted","calls":{},"id":"e96dbbf8-7e7c-47c2-af99-12f13e433a64"}'
    headers:
      Connection:
      - keep-alive
      Content-Type:
      - application/json
      Date:
      - Sun, 09 Nov 2025 04:20:54 GMT
      Server:
      - nginx/1.25.3
      Transfer-Encoding:
      - chunked
      content-length:
      - '77'
    status:
      code: 200
      message: OK
- request:
    body: ''
    headers:
      accept:
      - '*/*'
      accept-encoding:
      - gzip, deflate
      connection:
      - keep-alive
      host:
      - gizmok52.fhcrc.org:40937
      user-agent:
      - python-httpx/0.28.1
    method: GET
    uri: https://gizmok52.fhcrc.org:40937/api/workflows/v1/e96dbbf8-7e7c-47c2-af99-12f13e433a64/metadata?includeKey=status&includeKey=failures&includeKey=jobId
  response:
    body:
      string: '{"status":"Submitted","calls":{},"id":"e96dbbf8-7e7c-47c2-af99-12f13e433a64"}'
    headers:
      Connection:
      - keep-alive
      Content-Type:
      - application/json
      Date:
      - Sun, 09 Nov 2025 04:20:59 GMT
      Server:
      - nginx/1.25.3
      Transfer-Encoding:
      - chunked
      content-length:
      - '77'
    status:
      code: 200
      message: OK
- request:
    body: ''
    headers:
      accept:
      - '*/*'
      accept-encoding:
      - gzip, deflate
      connection:
      - keep-alive
      host:
      - gizmok52.fhcrc.org:40937
      user-agent:
      - python-httpx/0.28.1
    method: GET
    uri: https://gizmok52.fhcrc.org:40937/api/workflows/v1/e96dbbf8-7e7c-47c2-af99-12f13e433a64/metadata?includeKey=status&includeKey=failures&includeKey=jobId
  response:
    body:
      string: '{"status":"Submitted","calls":{},"id":"e96dbbf8-7e7c-47c2-af99-12f13e433a64"}'
    headers:
      Connection:
      - keep-alive
      Content-Type:
      - application/json
      Date:
      - Sun, 09 Nov 2025 04:21:04 GMT
      Server:
      - nginx/1.25.3
      Transfer-Encoding:
      - chunked
      content-length:
      - '77'
    status:
      code: 200
      message: OK
- request:
    body: ''
    headers:
      accept:
      - '*/*'
      accept-encoding:
      - gzip, deflate
      connection:
      - keep-alive
      host:
      - gizmok52.fhcrc.org:40937
      user-agent:
      - python-httpx/0.28.1
    method: GET
    uri: https://gizmok52.fhcrc.org:40937/api/workflows/v1/e96dbbf8-7e7c-47c2-af99-12f13e433a64/metadata?includeKey=status&includeKey=failures&includeKey=jobId
  response:
    body:
      string: '{"status":"Submitted","calls":{},"id":"e96dbbf8-7e7c-47c2-af99-12f13e433a64"}'
    headers:
      Connection:
      - keep-alive
      Content-Type:
      - application/json
      Date:
      - Sun, 09 Nov 2025 04:21:09 GMT
      Server:
      - nginx/1.25.3
      Transfer-Encoding:
      - chunked
      content-length:
      - '77'
    status:
      code: 200
      message: OK
- request:
    body: ''
    headers:
      accept:
      - '*/*'
      accept-encoding:
      - gzip, deflate
      connection:
      - keep-alive
      host:
      - gizmok52.fhcrc.org:40937
      user-agent:
      - python-httpx/0.28.1
    method: GET
    uri: https://gizmok52.fhcrc.org:40937/api/workflows/v1/e96dbbf8-7e7c-47c2-af99-12f13e433a64/metadata?includeKey=status&includeKey=failures&includeKey=jobId
  response:
    body:
      string: '{"status":"Submitted","calls":{},"id":"e96dbbf8-7e7c-47c2-af99-12f13e433a64"}'
    headers:
      Connection:
      - keep-alive
      Content-Type:
      - application/json
      Date:
      - Sun, 09 Nov 2025 04:21:14 GMT
      Server:
      - nginx/1.25.3
      Transfer-Encoding:
      - chunked
      content-length:
      - '77'
    status:
      code: 200
      message: OK
- request:
    body: ''
    headers:
      accept:
      - '*/*'
      accept-encoding:
      - gzip, deflate
      connection:
      - keep-alive
      host:
      - gizmok52.fhcrc.org:40937
      user-agent:
      - python-httpx/0.28.1
    method: GET
    uri: https://gizmok52.fhcrc.org:40937/api/workflows/v1/e96dbbf8-7e7c-47c2-af99-12f13e433a64/metadata?includeKey=status&includeKey=failures&includeKey=jobId
  response:
    body:
      string: '{"status":"Submitted","calls":{},"id":"e96dbbf8-7e7c-47c2-af99-12f13e433a64"}'
    headers:
      Connection:
      - keep-alive
      Content-Type:
      - application/json
      Date:
      - Sun, 09 Nov 2025 04:21:19 GMT
      Server:
      - nginx/1.25.3
      Transfer-Encoding:
      - chunked
      content-length:
      - '77'
    status:
      code: 200
      message: OK
- request:
    body: ''
    headers:
      accept:
      - '*/*'
      accept-encoding:
      - gzip, deflate
      connection:
      - keep-alive
      host:
      - gizmok52.fhcrc.org:40937
      user-agent:
      - python-httpx/0.28.1
    method: GET
    uri: https://gizmok52.fhcrc.org:40937/api/workflows/v1/e96dbbf8-7e7c-47c2-af99-12f13e433a64/metadata?includeKey=status&includeKey=failures&includeKey=jobId
  response:
    body:
      string: '{"status":"Submitted","calls":{},"id":"e96dbbf8-7e7c-47c2-af99-12f13e433a64"}'
    headers:
      Connection:
      - keep-alive
      Content-Type:
      - application/json
      Date:
      - Sun, 09 Nov 2025 04:21:24 GMT
      Server:
      - nginx/1.25.3
      Transfer-Encoding:
      - chunked
      content-length:
      - '77'
    status:
      code: 200
      message: OK
- request:
    body: ''
    headers:
      accept:
      - '*/*'
      accept-encoding:
      - gzip, deflate
      connection:
      - keep-alive
      host:
      - gizmok52.fhcrc.org:40937
      user-agent:
      - python-httpx/0.28.1
    method: GET
    uri: https://gizmok52.fhcrc.org:40937/api/workflows/v1/e96dbbf8-7e7c-47c2-af99-12f13e433a64/metadata?includeKey=status&includeKey=failures&includeKey=jobId
  response:
    body:
      string: '{"status":"Submitted","calls":{},"id":"e96dbbf8-7e7c-47c2-af99-12f13e433a64"}'
    headers:
      Connection:
      - keep-alive
      Content-Type:
      - application/json
      Date:
      - Sun, 09 Nov 2025 04:21:29 GMT
      Server:
      - nginx/1.25.3
      Transfer-Encoding:
      - chunked
      content-length:
      - '77'
    status:
      code: 200
      message: OK
- request:
    body: ''
    headers:
      accept:
      - '*/*'
      accept-encoding:
      - gzip, deflate
      connection:
      - keep-alive
      host:
      - gizmok52.fhcrc.org:40937
      user-agent:
      - python-httpx/0.28.1
    method: GET
    uri: https://gizmok52.fhcrc.org:40937/api/workflows/v1/e96dbbf8-7e7c-47c2-af99-12f13e433a64/metadata?includeKey=status&includeKey=failures&includeKey=jobId
  response:
    body:
      string: '{"status":"Submitted","calls":{},"id":"e96dbbf8-7e7c-47c2-af99-12f13e433a64"}'
    headers:
      Connection:
      - keep-alive
      Content-Type:
      - application/json
      Date:
      - Sun, 09 Nov 2025 04:21:34 GMT
      Server:
      - nginx/1.25.3
      Transfer-Encoding:
      - chunked
      content-length:
      - '77'
    status:
      code: 200
      message: OK
- request:
    body: ''
    headers:
      accept:
      - '*/*'
      accept-encoding:
      - gzip, deflate
      connection:
      - keep-alive
      host:
      - gizmok52.fhcrc.org:40937
      user-agent:
      - python-httpx/0.28.1
    method: GET
    uri: https://gizmok52.fhcrc.org:40937/api/workflows/v1/e96dbbf8-7e7c-47c2-af99-12f13e433a64/metadata?includeKey=status&includeKey=failures&includeKey=jobId
  response:
    body:
      string: '{"status":"Submitted","calls":{},"id":"e96dbbf8-7e7c-47c2-af99-12f13e433a64"}'
    headers:
      Connection:
      - keep-alive
      Content-Type:
      - application/json
      Date:
      - Sun, 09 Nov 2025 04:21:39 GMT
      Server:
      - nginx/1.25.3
      Transfer-Encoding:
      - chunked
      content-length:
      - '77'
    status:
      code: 200
      message: OK
- request:
    body: ''
    headers:
      accept:
      - '*/*'
      accept-encoding:
      - gzip, deflate
      connection:
      - keep-alive
      host:
      - gizmok52.fhcrc.org:40937
      user-agent:
      - python-httpx/0.28.1
    method: GET
    uri: https://gizmok52.fhcrc.org:40937/api/workflows/v1/e96dbbf8-7e7c-47c2-af99-12f13e433a64/metadata?includeKey=status&includeKey=failures&includeKey=jobId
  response:
    body:
      string: '{"status":"Submitted","calls":{},"id":"e96dbbf8-7e7c-47c2-af99-12f13e433a64"}'
    headers:
      Connection:
      - keep-alive
      Content-Type:
      - application/json
      Date:
      - Sun, 09 Nov 2025 04:21:45 GMT
      Server:
      - nginx/1.25.3
      Transfer-Encoding:
      - chunked
      content-length:
      - '77'
    status:
      code: 200
      message: OK
- request:
    body: ''
    headers:
      accept:
      - '*/*'
      accept-encoding:
      - gzip, deflate
      connection:
      - keep-alive
      host:
      - gizmok52.fhcrc.org:40937
      user-agent:
      - python-httpx/0.28.1
    method: GET
    uri: https://gizmok52.fhcrc.org:40937/api/workflows/v1/e96dbbf8-7e7c-47c2-af99-12f13e433a64/metadata?includeKey=status&includeKey=failures&includeKey=jobId
  response:
    body:
      string: '{"status":"Submitted","calls":{},"id":"e96dbbf8-7e7c-47c2-af99-12f13e433a64"}'
    headers:
      Connection:
      - keep-alive
      Content-Type:
      - application/json
      Date:
      - Sun, 09 Nov 2025 04:21:50 GMT
      Server:
      - nginx/1.25.3
      Transfer-Encoding:
      - chunked
      content-length:
      - '77'
    status:
      code: 200
      message: OK
- request:
    body: ''
    headers:
      accept:
      - '*/*'
      accept-encoding:
      - gzip, deflate
      connection:
      - keep-alive
      host:
      - gizmok52.fhcrc.org:40937
      user-agent:
      - python-httpx/0.28.1
    method: GET
    uri: https://gizmok52.fhcrc.org:40937/api/workflows/v1/e96dbbf8-7e7c-47c2-af99-12f13e433a64/metadata?includeKey=status&includeKey=failures&includeKey=jobId
  response:
    body:
      string: '{"status":"Submitted","calls":{},"id":"e96dbbf8-7e7c-47c2-af99-12f13e433a64"}'
    headers:
      Connection:
      - keep-alive
      Content-Type:
      - application/json
      Date:
      - Sun, 09 Nov 2025 04:21:55 GMT
      Server:
      - nginx/1.25.3
      Transfer-Encoding:
      - chunked
      content-length:
      - '77'
    status:
      code: 200
      message: OK
- request:
    body: ''
    headers:
      accept:
      - '*/*'
      accept-encoding:
      - gzip, deflate
      connection:
      - keep-alive
      host:
      - gizmok52.fhcrc.org:40937
      user-agent:
      - python-httpx/0.28.1
    method: GET
    uri: https://gizmok52.fhcrc.org:40937/api/workflows/v1/e96dbbf8-7e7c-47c2-af99-12f13e433a64/metadata?includeKey=status&includeKey=failures&includeKey=jobId
  response:
    body:
      string: '{"status":"Submitted","calls":{},"id":"e96dbbf8-7e7c-47c2-af99-12f13e433a64"}'
    headers:
      Connection:
      - keep-alive
      Content-Type:
      - application/json
      Date:
      - Sun, 09 Nov 2025 04:22:00 GMT
      Server:
      - nginx/1.25.3
      Transfer-Encoding:
      - chunked
      content-length:
      - '77'
    status:
      code: 200
      message: OK
- request:
    body: ''
    headers:
      accept:
      - '*/*'
      accept-encoding:
      - gzip, deflate
      connection:
      - keep-alive
      host:
      - gizmok52.fhcrc.org:40937
      user-agent:
      - python-httpx/0.28.1
    method: GET
    uri: https://gizmok52.fhcrc.org:40937/api/workflows/v1/e96dbbf8-7e7c-47c2-af99-12f13e433a64/metadata?includeKey=status&includeKey=failures&includeKey=jobId
  response:
    body:
      string: '{"status":"Submitted","calls":{},"id":"e96dbbf8-7e7c-47c2-af99-12f13e433a64"}'
    headers:
      Connection:
      - keep-alive
      Content-Type:
      - application/json
      Date:
      - Sun, 09 Nov 2025 04:22:05 GMT
      Server:
      - nginx/1.25.3
      Transfer-Encoding:
      - chunked
      content-length:
      - '77'
    status:
      code: 200
      message: OK
- request:
    body: ''
    headers:
      accept:
      - '*/*'
      accept-encoding:
      - gzip, deflate
      connection:
      - keep-alive
      host:
      - gizmok52.fhcrc.org:40937
      user-agent:
      - python-httpx/0.28.1
    method: GET
    uri: https://gizmok52.fhcrc.org:40937/api/workflows/v1/e96dbbf8-7e7c-47c2-af99-12f13e433a64/metadata?includeKey=status&includeKey=failures&includeKey=jobId
  response:
    body:
      string: '{"status":"Submitted","calls":{},"id":"e96dbbf8-7e7c-47c2-af99-12f13e433a64"}'
    headers:
      Connection:
      - keep-alive
      Content-Type:
      - application/json
      Date:
      - Sun, 09 Nov 2025 04:22:10 GMT
      Server:
      - nginx/1.25.3
      Transfer-Encoding:
      - chunked
      content-length:
      - '77'
    status:
      code: 200
      message: OK
- request:
    body: ''
    headers:
      accept:
      - '*/*'
      accept-encoding:
      - gzip, deflate
      connection:
      - keep-alive
      host:
      - gizmok52.fhcrc.org:40937
      user-agent:
      - python-httpx/0.28.1
    method: GET
    uri: https://gizmok52.fhcrc.org:40937/api/workflows/v1/e96dbbf8-7e7c-47c2-af99-12f13e433a64/metadata?includeKey=status&includeKey=failures&includeKey=jobId
  response:
    body:
      string: '{"status":"Submitted","calls":{},"id":"e96dbbf8-7e7c-47c2-af99-12f13e433a64"}'
    headers:
      Connection:
      - keep-alive
      Content-Type:
      - application/json
      Date:
      - Sun, 09 Nov 2025 04:22:15 GMT
      Server:
      - nginx/1.25.3
      Transfer-Encoding:
      - chunked
      content-length:
      - '77'
    status:
      code: 200
      message: OK
- request:
    body: ''
    headers:
      accept:
      - '*/*'
      accept-encoding:
      - gzip, deflate
      connection:
      - keep-alive
      host:
      - gizmok52.fhcrc.org:40937
      user-agent:
      - python-httpx/0.28.1
    method: GET
    uri: https://gizmok52.fhcrc.org:40937/api/workflows/v1/e96dbbf8-7e7c-47c2-af99-12f13e433a64/metadata?includeKey=status&includeKey=failures&includeKey=jobId
  response:
    body:
      string: '{"status":"Running","calls":{},"id":"e96dbbf8-7e7c-47c2-af99-12f13e433a64"}'
    headers:
      Connection:
      - keep-alive
      Content-Type:
      - application/json
      Date:
      - Sun, 09 Nov 2025 04:22:20 GMT
      Server:
      - nginx/1.25.3
      Transfer-Encoding:
      - chunked
      content-length:
      - '75'
    status:
      code: 200
      message: OK
- request:
    body: ''
    headers:
      accept:
      - '*/*'
      accept-encoding:
      - gzip, deflate
      connection:
      - keep-alive
      host:
      - gizmok52.fhcrc.org:40937
      user-agent:
      - python-httpx/0.28.1
    method: GET
    uri: https://gizmok52.fhcrc.org:40937/api/workflows/v1/e96dbbf8-7e7c-47c2-af99-12f13e433a64/metadata?includeKey=status&includeKey=failures&includeKey=jobId
  response:
    body:
      string: '{"status":"Running","calls":{},"id":"e96dbbf8-7e7c-47c2-af99-12f13e433a64"}'
    headers:
      Connection:
      - keep-alive
      Content-Type:
      - application/json
      Date:
      - Sun, 09 Nov 2025 04:22:25 GMT
      Server:
      - nginx/1.25.3
      Transfer-Encoding:
      - chunked
      content-length:
      - '75'
    status:
      code: 200
      message: OK
- request:
    body: ''
    headers:
      accept:
      - '*/*'
      accept-encoding:
      - gzip, deflate
      connection:
      - keep-alive
      host:
      - gizmok52.fhcrc.org:40937
      user-agent:
      - python-httpx/0.28.1
    method: GET
    uri: https://gizmok52.fhcrc.org:40937/api/workflows/v1/e96dbbf8-7e7c-47c2-af99-12f13e433a64/metadata?includeKey=status&includeKey=failures&includeKey=jobId
  response:
    body:
      string: '{"status":"Running","calls":{"jsonTaskOrderTest.Task1":[{"jobId":"41577727","attempt":1,"shardIndex":-1}]},"id":"e96dbbf8-7e7c-47c2-af99-12f13e433a64"}'
    headers:
      Connection:
      - keep-alive
      Content-Type:
      - application/json
      Date:
      - Sun, 09 Nov 2025 04:22:30 GMT
      Server:
      - nginx/1.25.3
      Transfer-Encoding:
      - chunked
      content-length:
      - '151'
    status:
      code: 200
      message: OK
- request:
    body: ''
    headers:
      accept:
      - '*/*'
      accept-encoding:
      - gzip, deflate
      connection:
      - keep-alive
      host:
      - gizmok52.fhcrc.org:40937
      user-agent:
      - python-httpx/0.28.1
    method: GET
    uri: https://gizmok52.fhcrc.org:40937/api/workflows/v1/e96dbbf8-7e7c-47c2-af99-12f13e433a64/metadata?includeKey=status&includeKey=failures&includeKey=jobId
  response:
    body:
      string: '{"status":"Running","calls":{"jsonTaskOrderTest.Task1":[{"jobId":"41577727","attempt":1,"shardIndex":-1}]},"id":"e96dbbf8-7e7c-47c2-af99-12f13e433a64"}'
    headers:
      Connection:
      - keep-alive
      Content-Type:
      - application/json
      Date:
      - Sun, 09 Nov 2025 04:22:35 GMT
      Server:
      - nginx/1.25.3
      Transfer-Encoding:
      - chunked
      content-length:
      - '151'
    status:
      code: 200
      message: OK
- request:
    body: ''
    headers:
      accept:
      - '*/*'
      accept-encoding:
      - gzip, deflate
      connection:
      - keep-alive
      host:
      - gizmok52.fhcrc.org:40937
      user-agent:
      - python-httpx/0.28.1
    method: GET
    uri: https://gizmok52.fhcrc.org:40937/api/workflows/v1/e96dbbf8-7e7c-47c2-af99-12f13e433a64/metadata?includeKey=status&includeKey=failures&includeKey=jobId
  response:
    body:
      string: '{"status":"Running","calls":{"jsonTaskOrderTest.Task1":[{"jobId":"41577727","attempt":1,"shardIndex":-1}]},"id":"e96dbbf8-7e7c-47c2-af99-12f13e433a64"}'
    headers:
      Connection:
      - keep-alive
      Content-Type:
      - application/json
      Date:
      - Sun, 09 Nov 2025 04:22:40 GMT
      Server:
      - nginx/1.25.3
      Transfer-Encoding:
      - chunked
      content-length:
      - '151'
    status:
      code: 200
      message: OK
- request:
    body: ''
    headers:
      accept:
      - '*/*'
      accept-encoding:
      - gzip, deflate
      connection:
      - keep-alive
      host:
      - gizmok52.fhcrc.org:40937
      user-agent:
      - python-httpx/0.28.1
    method: GET
    uri: https://gizmok52.fhcrc.org:40937/api/workflows/v1/e96dbbf8-7e7c-47c2-af99-12f13e433a64/metadata?includeKey=status&includeKey=failures&includeKey=jobId
  response:
    body:
      string: '{"status":"Running","calls":{"jsonTaskOrderTest.Task1":[{"jobId":"41577727","attempt":1,"shardIndex":-1}]},"id":"e96dbbf8-7e7c-47c2-af99-12f13e433a64"}'
    headers:
      Connection:
      - keep-alive
      Content-Type:
      - application/json
      Date:
      - Sun, 09 Nov 2025 04:22:45 GMT
      Server:
      - nginx/1.25.3
      Transfer-Encoding:
      - chunked
      content-length:
      - '151'
    status:
      code: 200
      message: OK
- request:
    body: ''
    headers:
      accept:
      - '*/*'
      accept-encoding:
      - gzip, deflate
      connection:
      - keep-alive
      host:
      - gizmok52.fhcrc.org:40937
      user-agent:
      - python-httpx/0.28.1
    method: GET
    uri: https://gizmok52.fhcrc.org:40937/api/workflows/v1/e96dbbf8-7e7c-47c2-af99-12f13e433a64/metadata?includeKey=status&includeKey=failures&includeKey=jobId
  response:
    body:
      string: '{"status":"Running","calls":{"jsonTaskOrderTest.Task1":[{"jobId":"41577727","attempt":1,"shardIndex":-1}]},"id":"e96dbbf8-7e7c-47c2-af99-12f13e433a64"}'
    headers:
      Connection:
      - keep-alive
      Content-Type:
      - application/json
      Date:
      - Sun, 09 Nov 2025 04:22:50 GMT
      Server:
      - nginx/1.25.3
      Transfer-Encoding:
      - chunked
      content-length:
      - '151'
    status:
      code: 200
      message: OK
- request:
    body: ''
    headers:
      accept:
      - '*/*'
      accept-encoding:
      - gzip, deflate
      connection:
      - keep-alive
      host:
      - gizmok52.fhcrc.org:40937
      user-agent:
      - python-httpx/0.28.1
    method: GET
    uri: https://gizmok52.fhcrc.org:40937/api/workflows/v1/e96dbbf8-7e7c-47c2-af99-12f13e433a64/metadata?includeKey=status&includeKey=failures&includeKey=jobId
  response:
    body:
      string: '{"status":"Running","calls":{"jsonTaskOrderTest.Task1":[{"jobId":"41577727","attempt":1,"shardIndex":-1}]},"id":"e96dbbf8-7e7c-47c2-af99-12f13e433a64"}'
    headers:
      Connection:
      - keep-alive
      Content-Type:
      - application/json
      Date:
      - Sun, 09 Nov 2025 04:22:55 GMT
      Server:
      - nginx/1.25.3
      Transfer-Encoding:
      - chunked
      content-length:
      - '151'
    status:
      code: 200
      message: OK
- request:
    body: ''
    headers:
      accept:
      - '*/*'
      accept-encoding:
      - gzip, deflate
      connection:
      - keep-alive
      host:
      - gizmok52.fhcrc.org:40937
      user-agent:
      - python-httpx/0.28.1
    method: GET
    uri: https://gizmok52.fhcrc.org:40937/api/workflows/v1/e96dbbf8-7e7c-47c2-af99-12f13e433a64/metadata?includeKey=status&includeKey=failures&includeKey=jobId
  response:
    body:
      string: '{"status":"Running","calls":{"jsonTaskOrderTest.Task1":[{"jobId":"41577727","attempt":1,"shardIndex":-1}]},"id":"e96dbbf8-7e7c-47c2-af99-12f13e433a64"}'
    headers:
      Connection:
      - keep-alive
      Content-Type:
      - application/json
      Date:
      - Sun, 09 Nov 2025 04:23:00 GMT
      Server:
      - nginx/1.25.3
      Transfer-Encoding:
      - chunked
      content-length:
      - '151'
    status:
      code: 200
      message: OK
- request:
    body: ''
    headers:
      accept:
      - '*/*'
      accept-encoding:
      - gzip, deflate
      connection:
      - keep-alive
      host:
      - gizmok52.fhcrc.org:40937
      user-agent:
      - python-httpx/0.28.1
    method: GET
    uri: https://gizmok52.fhcrc.org:40937/api/workflows/v1/e96dbbf8-7e7c-47c2-af99-12f13e433a64/metadata?includeKey=status&includeKey=failures&includeKey=jobId
  response:
    body:
      string: '{"status":"Running","calls":{"jsonTaskOrderTest.Task1":[{"jobId":"41577727","attempt":1,"shardIndex":-1}]},"id":"e96dbbf8-7e7c-47c2-af99-12f13e433a64"}'
    headers:
      Connection:
      - keep-alive
      Content-Type:
      - application/json
      Date:
      - Sun, 09 Nov 2025 04:23:05 GMT
      Server:
      - nginx/1.25.3
      Transfer-Encoding:
      - chunked
      content-length:
      - '151'
    status:
      code: 200
      message: OK
- request:
    body: ''
    headers:
      accept:
      - '*/*'
      accept-encoding:
      - gzip, deflate
      connection:
      - keep-alive
      host:
      - gizmok52.fhcrc.org:40937
      user-agent:
      - python-httpx/0.28.1
    method: GET
    uri: https://gizmok52.fhcrc.org:40937/api/workflows/v1/e96dbbf8-7e7c-47c2-af99-12f13e433a64/metadata?includeKey=status&includeKey=failures&includeKey=jobId
  response:
    body:
      string: '{"status":"Running","calls":{"jsonTaskOrderTest.Task1":[{"jobId":"41577727","attempt":1,"shardIndex":-1}]},"id":"e96dbbf8-7e7c-47c2-af99-12f13e433a64"}'
    headers:
      Connection:
      - keep-alive
      Content-Type:
      - application/json
      Date:
      - Sun, 09 Nov 2025 04:23:10 GMT
      Server:
      - nginx/1.25.3
      Transfer-Encoding:
      - chunked
      content-length:
      - '151'
    status:
      code: 200
      message: OK
- request:
    body: ''
    headers:
      accept:
      - '*/*'
      accept-encoding:
      - gzip, deflate
      connection:
      - keep-alive
      host:
      - gizmok52.fhcrc.org:40937
      user-agent:
      - python-httpx/0.28.1
    method: GET
    uri: https://gizmok52.fhcrc.org:40937/api/workflows/v1/e96dbbf8-7e7c-47c2-af99-12f13e433a64/metadata?includeKey=status&includeKey=failures&includeKey=jobId
  response:
    body:
      string: '{"status":"Running","calls":{"jsonTaskOrderTest.Task1":[{"jobId":"41577727","attempt":1,"shardIndex":-1}]},"id":"e96dbbf8-7e7c-47c2-af99-12f13e433a64"}'
    headers:
      Connection:
      - keep-alive
      Content-Type:
      - application/json
      Date:
      - Sun, 09 Nov 2025 04:23:15 GMT
      Server:
      - nginx/1.25.3
      Transfer-Encoding:
      - chunked
      content-length:
      - '151'
    status:
      code: 200
      message: OK
- request:
    body: ''
    headers:
      accept:
      - '*/*'
      accept-encoding:
      - gzip, deflate
      connection:
      - keep-alive
      host:
      - gizmok52.fhcrc.org:40937
      user-agent:
      - python-httpx/0.28.1
    method: GET
    uri: https://gizmok52.fhcrc.org:40937/api/workflows/v1/e96dbbf8-7e7c-47c2-af99-12f13e433a64/metadata?includeKey=status&includeKey=failures&includeKey=jobId
  response:
    body:
      string: '{"status":"Running","calls":{"jsonTaskOrderTest.Task1":[{"jobId":"41577727","attempt":1,"shardIndex":-1}]},"id":"e96dbbf8-7e7c-47c2-af99-12f13e433a64"}'
    headers:
      Connection:
      - keep-alive
      Content-Type:
      - application/json
      Date:
      - Sun, 09 Nov 2025 04:23:20 GMT
      Server:
      - nginx/1.25.3
      Transfer-Encoding:
      - chunked
      content-length:
      - '151'
    status:
      code: 200
      message: OK
- request:
    body: ''
    headers:
      accept:
      - '*/*'
      accept-encoding:
      - gzip, deflate
      connection:
      - keep-alive
      host:
      - gizmok52.fhcrc.org:40937
      user-agent:
      - python-httpx/0.28.1
    method: GET
    uri: https://gizmok52.fhcrc.org:40937/api/workflows/v1/e96dbbf8-7e7c-47c2-af99-12f13e433a64/metadata?includeKey=status&includeKey=failures&includeKey=jobId
  response:
    body:
      string: '{"status":"Running","calls":{"jsonTaskOrderTest.Task1":[{"jobId":"41577727","attempt":1,"shardIndex":-1}]},"id":"e96dbbf8-7e7c-47c2-af99-12f13e433a64"}'
    headers:
      Connection:
      - keep-alive
      Content-Type:
      - application/json
      Date:
      - Sun, 09 Nov 2025 04:23:25 GMT
      Server:
      - nginx/1.25.3
      Transfer-Encoding:
      - chunked
      content-length:
      - '151'
    status:
      code: 200
      message: OK
- request:
    body: ''
    headers:
      accept:
      - '*/*'
      accept-encoding:
      - gzip, deflate
      connection:
      - keep-alive
      host:
      - gizmok52.fhcrc.org:40937
      user-agent:
      - python-httpx/0.28.1
    method: GET
    uri: https://gizmok52.fhcrc.org:40937/api/workflows/v1/e96dbbf8-7e7c-47c2-af99-12f13e433a64/metadata?includeKey=status&includeKey=failures&includeKey=jobId
  response:
    body:
      string: '{"status":"Running","calls":{"jsonTaskOrderTest.Task1":[{"jobId":"41577727","attempt":1,"shardIndex":-1}]},"id":"e96dbbf8-7e7c-47c2-af99-12f13e433a64"}'
    headers:
      Connection:
      - keep-alive
      Content-Type:
      - application/json
      Date:
      - Sun, 09 Nov 2025 04:23:30 GMT
      Server:
      - nginx/1.25.3
      Transfer-Encoding:
      - chunked
      content-length:
      - '151'
    status:
      code: 200
      message: OK
- request:
    body: ''
    headers:
      accept:
      - '*/*'
      accept-encoding:
      - gzip, deflate
      connection:
      - keep-alive
      host:
      - gizmok52.fhcrc.org:40937
      user-agent:
      - python-httpx/0.28.1
    method: GET
    uri: https://gizmok52.fhcrc.org:40937/api/workflows/v1/e96dbbf8-7e7c-47c2-af99-12f13e433a64/metadata?includeKey=status&includeKey=failures&includeKey=jobId
  response:
    body:
      string: '{"status":"Running","calls":{"jsonTaskOrderTest.Task1":[{"jobId":"41577727","attempt":1,"shardIndex":-1}]},"id":"e96dbbf8-7e7c-47c2-af99-12f13e433a64"}'
    headers:
      Connection:
      - keep-alive
      Content-Type:
      - application/json
      Date:
      - Sun, 09 Nov 2025 04:23:35 GMT
      Server:
      - nginx/1.25.3
      Transfer-Encoding:
      - chunked
      content-length:
      - '151'
    status:
      code: 200
      message: OK
- request:
    body: ''
    headers:
      accept:
      - '*/*'
      accept-encoding:
      - gzip, deflate
      connection:
      - keep-alive
      host:
      - gizmok52.fhcrc.org:40937
      user-agent:
      - python-httpx/0.28.1
    method: GET
    uri: https://gizmok52.fhcrc.org:40937/api/workflows/v1/e96dbbf8-7e7c-47c2-af99-12f13e433a64/metadata?includeKey=status&includeKey=failures&includeKey=jobId
  response:
    body:
      string: '{"status":"Running","calls":{"jsonTaskOrderTest.Task1":[{"jobId":"41577727","attempt":1,"shardIndex":-1}]},"id":"e96dbbf8-7e7c-47c2-af99-12f13e433a64"}'
    headers:
      Connection:
      - keep-alive
      Content-Type:
      - application/json
      Date:
      - Sun, 09 Nov 2025 04:23:40 GMT
      Server:
      - nginx/1.25.3
      Transfer-Encoding:
      - chunked
      content-length:
      - '151'
    status:
      code: 200
      message: OK
- request:
    body: ''
    headers:
      accept:
      - '*/*'
      accept-encoding:
      - gzip, deflate
      connection:
      - keep-alive
      host:
      - gizmok52.fhcrc.org:40937
      user-agent:
      - python-httpx/0.28.1
    method: GET
    uri: https://gizmok52.fhcrc.org:40937/api/workflows/v1/e96dbbf8-7e7c-47c2-af99-12f13e433a64/metadata?includeKey=status&includeKey=failures&includeKey=jobId
  response:
    body:
      string: '{"status":"Running","calls":{"jsonTaskOrderTest.Task1":[{"jobId":"41577727","attempt":1,"shardIndex":-1}]},"id":"e96dbbf8-7e7c-47c2-af99-12f13e433a64"}'
    headers:
      Connection:
      - keep-alive
      Content-Type:
      - application/json
      Date:
      - Sun, 09 Nov 2025 04:23:46 GMT
      Server:
      - nginx/1.25.3
      Transfer-Encoding:
      - chunked
      content-length:
      - '151'
    status:
      code: 200
      message: OK
- request:
    body: ''
    headers:
      accept:
      - '*/*'
      accept-encoding:
      - gzip, deflate
      connection:
      - keep-alive
      host:
      - gizmok52.fhcrc.org:40937
      user-agent:
      - python-httpx/0.28.1
    method: GET
    uri: https://gizmok52.fhcrc.org:40937/api/workflows/v1/e96dbbf8-7e7c-47c2-af99-12f13e433a64/metadata?includeKey=status&includeKey=failures&includeKey=jobId
  response:
    body:
      string: '{"status":"Running","calls":{"jsonTaskOrderTest.Task1":[{"jobId":"41577727","attempt":1,"shardIndex":-1}]},"id":"e96dbbf8-7e7c-47c2-af99-12f13e433a64"}'
    headers:
      Connection:
      - keep-alive
      Content-Type:
      - application/json
      Date:
      - Sun, 09 Nov 2025 04:23:51 GMT
      Server:
      - nginx/1.25.3
      Transfer-Encoding:
      - chunked
      content-length:
      - '151'
    status:
      code: 200
      message: OK
- request:
    body: ''
    headers:
      accept:
      - '*/*'
      accept-encoding:
      - gzip, deflate
      connection:
      - keep-alive
      host:
      - gizmok52.fhcrc.org:40937
      user-agent:
      - python-httpx/0.28.1
    method: GET
    uri: https://gizmok52.fhcrc.org:40937/api/workflows/v1/e96dbbf8-7e7c-47c2-af99-12f13e433a64/metadata?includeKey=status&includeKey=failures&includeKey=jobId
  response:
    body:
      string: '{"status":"Running","calls":{"jsonTaskOrderTest.Task1":[{"jobId":"41577727","attempt":1,"shardIndex":-1}]},"id":"e96dbbf8-7e7c-47c2-af99-12f13e433a64"}'
    headers:
      Connection:
      - keep-alive
      Content-Type:
      - application/json
      Date:
      - Sun, 09 Nov 2025 04:23:56 GMT
      Server:
      - nginx/1.25.3
      Transfer-Encoding:
      - chunked
      content-length:
      - '151'
    status:
      code: 200
      message: OK
- request:
    body: ''
    headers:
      accept:
      - '*/*'
      accept-encoding:
      - gzip, deflate
      connection:
      - keep-alive
      host:
      - gizmok52.fhcrc.org:40937
      user-agent:
      - python-httpx/0.28.1
    method: GET
    uri: https://gizmok52.fhcrc.org:40937/api/workflows/v1/e96dbbf8-7e7c-47c2-af99-12f13e433a64/metadata?includeKey=status&includeKey=failures&includeKey=jobId
  response:
    body:
      string: '{"status":"Running","calls":{"jsonTaskOrderTest.Task1":[{"jobId":"41577727","attempt":1,"shardIndex":-1}]},"id":"e96dbbf8-7e7c-47c2-af99-12f13e433a64"}'
    headers:
      Connection:
      - keep-alive
      Content-Type:
      - application/json
      Date:
      - Sun, 09 Nov 2025 04:24:01 GMT
      Server:
      - nginx/1.25.3
      Transfer-Encoding:
      - chunked
      content-length:
      - '151'
    status:
      code: 200
      message: OK
- request:
    body: ''
    headers:
      accept:
      - '*/*'
      accept-encoding:
      - gzip, deflate
      connection:
      - keep-alive
      host:
      - gizmok52.fhcrc.org:40937
      user-agent:
      - python-httpx/0.28.1
    method: GET
    uri: https://gizmok52.fhcrc.org:40937/api/workflows/v1/e96dbbf8-7e7c-47c2-af99-12f13e433a64/metadata?includeKey=status&includeKey=failures&includeKey=jobId
  response:
    body:
      string: '{"status":"Running","calls":{"jsonTaskOrderTest.Task1":[{"jobId":"41577727","attempt":1,"shardIndex":-1}]},"id":"e96dbbf8-7e7c-47c2-af99-12f13e433a64"}'
    headers:
      Connection:
      - keep-alive
      Content-Type:
      - application/json
      Date:
      - Sun, 09 Nov 2025 04:24:06 GMT
      Server:
      - nginx/1.25.3
      Transfer-Encoding:
      - chunked
      content-length:
      - '151'
    status:
      code: 200
      message: OK
- request:
    body: ''
    headers:
      accept:
      - '*/*'
      accept-encoding:
      - gzip, deflate
      connection:
      - keep-alive
      host:
      - gizmok52.fhcrc.org:40937
      user-agent:
      - python-httpx/0.28.1
    method: GET
    uri: https://gizmok52.fhcrc.org:40937/api/workflows/v1/e96dbbf8-7e7c-47c2-af99-12f13e433a64/metadata?includeKey=status&includeKey=failures&includeKey=jobId
  response:
    body:
      string: '{"status":"Running","calls":{"jsonTaskOrderTest.Task1":[{"jobId":"41577727","attempt":1,"shardIndex":-1}]},"id":"e96dbbf8-7e7c-47c2-af99-12f13e433a64"}'
    headers:
      Connection:
      - keep-alive
      Content-Type:
      - application/json
      Date:
      - Sun, 09 Nov 2025 04:24:11 GMT
      Server:
      - nginx/1.25.3
      Transfer-Encoding:
      - chunked
      content-length:
      - '151'
    status:
      code: 200
      message: OK
- request:
    body: ''
    headers:
      accept:
      - '*/*'
      accept-encoding:
      - gzip, deflate
      connection:
      - keep-alive
      host:
      - gizmok52.fhcrc.org:40937
      user-agent:
      - python-httpx/0.28.1
    method: GET
    uri: https://gizmok52.fhcrc.org:40937/api/workflows/v1/e96dbbf8-7e7c-47c2-af99-12f13e433a64/metadata?includeKey=status&includeKey=failures&includeKey=jobId
  response:
    body:
      string: '{"status":"Running","calls":{"jsonTaskOrderTest.Task1":[{"jobId":"41577727","attempt":1,"shardIndex":-1}]},"id":"e96dbbf8-7e7c-47c2-af99-12f13e433a64"}'
    headers:
      Connection:
      - keep-alive
      Content-Type:
      - application/json
      Date:
      - Sun, 09 Nov 2025 04:24:16 GMT
      Server:
      - nginx/1.25.3
      Transfer-Encoding:
      - chunked
      content-length:
      - '151'
    status:
      code: 200
      message: OK
- request:
    body: ''
    headers:
      accept:
      - '*/*'
      accept-encoding:
      - gzip, deflate
      connection:
      - keep-alive
      host:
      - gizmok52.fhcrc.org:40937
      user-agent:
      - python-httpx/0.28.1
    method: GET
    uri: https://gizmok52.fhcrc.org:40937/api/workflows/v1/e96dbbf8-7e7c-47c2-af99-12f13e433a64/metadata?includeKey=status&includeKey=failures&includeKey=jobId
  response:
    body:
      string: '{"status":"Running","calls":{"jsonTaskOrderTest.Task1":[{"jobId":"41577727","attempt":1,"shardIndex":-1}],"jsonTaskOrderTest.Task2":[{"jobId":"41577737","attempt":1,"shardIndex":-1}]},"id":"e96dbbf8-7e7c-47c2-af99-12f13e433a64"}'
    headers:
      Connection:
      - keep-alive
      Content-Type:
      - application/json
      Date:
      - Sun, 09 Nov 2025 04:24:21 GMT
      Server:
      - nginx/1.25.3
      Transfer-Encoding:
      - chunked
      content-length:
      - '228'
    status:
      code: 200
      message: OK
- request:
    body: ''
    headers:
      accept:
      - '*/*'
      accept-encoding:
      - gzip, deflate
      connection:
      - keep-alive
      host:
      - gizmok52.fhcrc.org:40937
      user-agent:
      - python-httpx/0.28.1
    method: GET
    uri: https://gizmok52.fhcrc.org:40937/api/workflows/v1/e96dbbf8-7e7c-47c2-af99-12f13e433a64/metadata?includeKey=status&includeKey=failures&includeKey=jobId
  response:
    body:
      string: '{"status":"Running","calls":{"jsonTaskOrderTest.Task1":[{"jobId":"41577727","attempt":1,"shardIndex":-1}],"jsonTaskOrderTest.Task2":[{"jobId":"41577737","attempt":1,"shardIndex":-1}]},"id":"e96dbbf8-7e7c-47c2-af99-12f13e433a64"}'
    headers:
      Connection:
      - keep-alive
      Content-Type:
      - application/json
      Date:
      - Sun, 09 Nov 2025 04:24:26 GMT
      Server:
      - nginx/1.25.3
      Transfer-Encoding:
      - chunked
      content-length:
      - '228'
    status:
      code: 200
      message: OK
- request:
    body: ''
    headers:
      accept:
      - '*/*'
      accept-encoding:
      - gzip, deflate
      connection:
      - keep-alive
      host:
      - gizmok52.fhcrc.org:40937
      user-agent:
      - python-httpx/0.28.1
    method: GET
    uri: https://gizmok52.fhcrc.org:40937/api/workflows/v1/e96dbbf8-7e7c-47c2-af99-12f13e433a64/metadata?includeKey=status&includeKey=failures&includeKey=jobId
  response:
    body:
      string: '{"status":"Running","calls":{"jsonTaskOrderTest.Task1":[{"jobId":"41577727","attempt":1,"shardIndex":-1}],"jsonTaskOrderTest.Task2":[{"jobId":"41577737","attempt":1,"shardIndex":-1}]},"id":"e96dbbf8-7e7c-47c2-af99-12f13e433a64"}'
    headers:
      Connection:
      - keep-alive
      Content-Type:
      - application/json
      Date:
      - Sun, 09 Nov 2025 04:24:31 GMT
      Server:
      - nginx/1.25.3
      Transfer-Encoding:
      - chunked
      content-length:
      - '228'
    status:
      code: 200
      message: OK
- request:
    body: ''
    headers:
      accept:
      - '*/*'
      accept-encoding:
      - gzip, deflate
      connection:
      - keep-alive
      host:
      - gizmok52.fhcrc.org:40937
      user-agent:
      - python-httpx/0.28.1
    method: GET
    uri: https://gizmok52.fhcrc.org:40937/api/workflows/v1/e96dbbf8-7e7c-47c2-af99-12f13e433a64/metadata?includeKey=status&includeKey=failures&includeKey=jobId
  response:
    body:
      string: '{"status":"Running","calls":{"jsonTaskOrderTest.Task1":[{"jobId":"41577727","attempt":1,"shardIndex":-1}],"jsonTaskOrderTest.Task2":[{"jobId":"41577737","attempt":1,"shardIndex":-1}]},"id":"e96dbbf8-7e7c-47c2-af99-12f13e433a64"}'
    headers:
      Connection:
      - keep-alive
      Content-Type:
      - application/json
      Date:
      - Sun, 09 Nov 2025 04:24:36 GMT
      Server:
      - nginx/1.25.3
      Transfer-Encoding:
      - chunked
      content-length:
      - '228'
    status:
      code: 200
      message: OK
- request:
    body: ''
    headers:
      accept:
      - '*/*'
      accept-encoding:
      - gzip, deflate
      connection:
      - keep-alive
      host:
      - gizmok52.fhcrc.org:40937
      user-agent:
      - python-httpx/0.28.1
    method: GET
    uri: https://gizmok52.fhcrc.org:40937/api/workflows/v1/e96dbbf8-7e7c-47c2-af99-12f13e433a64/metadata?includeKey=status&includeKey=failures&includeKey=jobId
  response:
    body:
      string: '{"status":"Running","calls":{"jsonTaskOrderTest.Task1":[{"jobId":"41577727","attempt":1,"shardIndex":-1}],"jsonTaskOrderTest.Task2":[{"jobId":"41577737","attempt":1,"shardIndex":-1}]},"id":"e96dbbf8-7e7c-47c2-af99-12f13e433a64"}'
    headers:
      Connection:
      - keep-alive
      Content-Type:
      - application/json
      Date:
      - Sun, 09 Nov 2025 04:24:41 GMT
      Server:
      - nginx/1.25.3
      Transfer-Encoding:
      - chunked
      content-length:
      - '228'
    status:
      code: 200
      message: OK
- request:
    body: ''
    headers:
      accept:
      - '*/*'
      accept-encoding:
      - gzip, deflate
      connection:
      - keep-alive
      host:
      - gizmok52.fhcrc.org:40937
      user-agent:
      - python-httpx/0.28.1
    method: GET
    uri: https://gizmok52.fhcrc.org:40937/api/workflows/v1/e96dbbf8-7e7c-47c2-af99-12f13e433a64/metadata?includeKey=status&includeKey=failures&includeKey=jobId
  response:
    body:
      string: '{"status":"Running","calls":{"jsonTaskOrderTest.Task1":[{"jobId":"41577727","attempt":1,"shardIndex":-1}],"jsonTaskOrderTest.Task2":[{"jobId":"41577737","attempt":1,"shardIndex":-1}]},"id":"e96dbbf8-7e7c-47c2-af99-12f13e433a64"}'
    headers:
      Connection:
      - keep-alive
      Content-Type:
      - application/json
      Date:
      - Sun, 09 Nov 2025 04:24:46 GMT
      Server:
      - nginx/1.25.3
      Transfer-Encoding:
      - chunked
      content-length:
      - '228'
    status:
      code: 200
      message: OK
- request:
    body: ''
    headers:
      accept:
      - '*/*'
      accept-encoding:
      - gzip, deflate
      connection:
      - keep-alive
      host:
      - gizmok52.fhcrc.org:40937
      user-agent:
      - python-httpx/0.28.1
    method: GET
    uri: https://gizmok52.fhcrc.org:40937/api/workflows/v1/e96dbbf8-7e7c-47c2-af99-12f13e433a64/metadata?includeKey=status&includeKey=failures&includeKey=jobId
  response:
    body:
      string: '{"status":"Running","calls":{"jsonTaskOrderTest.Task1":[{"jobId":"41577727","attempt":1,"shardIndex":-1}],"jsonTaskOrderTest.Task2":[{"jobId":"41577737","attempt":1,"shardIndex":-1}]},"id":"e96dbbf8-7e7c-47c2-af99-12f13e433a64"}'
    headers:
      Connection:
      - keep-alive
      Content-Type:
      - application/json
      Date:
      - Sun, 09 Nov 2025 04:24:51 GMT
      Server:
      - nginx/1.25.3
      Transfer-Encoding:
      - chunked
      content-length:
      - '228'
    status:
      code: 200
      message: OK
- request:
    body: ''
    headers:
      accept:
      - '*/*'
      accept-encoding:
      - gzip, deflate
      connection:
      - keep-alive
      host:
      - gizmok52.fhcrc.org:40937
      user-agent:
      - python-httpx/0.28.1
    method: GET
    uri: https://gizmok52.fhcrc.org:40937/api/workflows/v1/e96dbbf8-7e7c-47c2-af99-12f13e433a64/metadata?includeKey=status&includeKey=failures&includeKey=jobId
  response:
    body:
      string: '{"status":"Running","calls":{"jsonTaskOrderTest.Task1":[{"jobId":"41577727","attempt":1,"shardIndex":-1}],"jsonTaskOrderTest.Task2":[{"jobId":"41577737","attempt":1,"shardIndex":-1}]},"id":"e96dbbf8-7e7c-47c2-af99-12f13e433a64"}'
    headers:
      Connection:
      - keep-alive
      Content-Type:
      - application/json
      Date:
      - Sun, 09 Nov 2025 04:24:56 GMT
      Server:
      - nginx/1.25.3
      Transfer-Encoding:
      - chunked
      content-length:
      - '228'
    status:
      code: 200
      message: OK
- request:
    body: ''
    headers:
      accept:
      - '*/*'
      accept-encoding:
      - gzip, deflate
      connection:
      - keep-alive
      host:
      - gizmok52.fhcrc.org:40937
      user-agent:
      - python-httpx/0.28.1
    method: GET
    uri: https://gizmok52.fhcrc.org:40937/api/workflows/v1/e96dbbf8-7e7c-47c2-af99-12f13e433a64/metadata?includeKey=status&includeKey=failures&includeKey=jobId
  response:
    body:
      string: '{"status":"Running","calls":{"jsonTaskOrderTest.Task1":[{"jobId":"41577727","attempt":1,"shardIndex":-1}],"jsonTaskOrderTest.Task2":[{"jobId":"41577737","attempt":1,"shardIndex":-1}]},"id":"e96dbbf8-7e7c-47c2-af99-12f13e433a64"}'
    headers:
      Connection:
      - keep-alive
      Content-Type:
      - application/json
      Date:
      - Sun, 09 Nov 2025 04:25:01 GMT
      Server:
      - nginx/1.25.3
      Transfer-Encoding:
      - chunked
      content-length:
      - '228'
    status:
      code: 200
      message: OK
- request:
    body: ''
    headers:
      accept:
      - '*/*'
      accept-encoding:
      - gzip, deflate
      connection:
      - keep-alive
      host:
      - gizmok52.fhcrc.org:40937
      user-agent:
      - python-httpx/0.28.1
    method: GET
    uri: https://gizmok52.fhcrc.org:40937/api/workflows/v1/e96dbbf8-7e7c-47c2-af99-12f13e433a64/metadata?includeKey=status&includeKey=failures&includeKey=jobId
  response:
    body:
      string: '{"status":"Running","calls":{"jsonTaskOrderTest.Task1":[{"jobId":"41577727","attempt":1,"shardIndex":-1}],"jsonTaskOrderTest.Task2":[{"jobId":"41577737","attempt":1,"shardIndex":-1}]},"id":"e96dbbf8-7e7c-47c2-af99-12f13e433a64"}'
    headers:
      Connection:
      - keep-alive
      Content-Type:
      - application/json
      Date:
      - Sun, 09 Nov 2025 04:25:06 GMT
      Server:
      - nginx/1.25.3
      Transfer-Encoding:
      - chunked
      content-length:
      - '228'
    status:
      code: 200
      message: OK
- request:
    body: ''
    headers:
      accept:
      - '*/*'
      accept-encoding:
      - gzip, deflate
      connection:
      - keep-alive
      host:
      - gizmok52.fhcrc.org:40937
      user-agent:
      - python-httpx/0.28.1
    method: GET
    uri: https://gizmok52.fhcrc.org:40937/api/workflows/v1/e96dbbf8-7e7c-47c2-af99-12f13e433a64/metadata?includeKey=status&includeKey=failures&includeKey=jobId
  response:
    body:
      string: '{"status":"Running","calls":{"jsonTaskOrderTest.Task1":[{"jobId":"41577727","attempt":1,"shardIndex":-1}],"jsonTaskOrderTest.Task2":[{"jobId":"41577737","attempt":1,"shardIndex":-1}]},"id":"e96dbbf8-7e7c-47c2-af99-12f13e433a64"}'
    headers:
      Connection:
      - keep-alive
      Content-Type:
      - application/json
      Date:
      - Sun, 09 Nov 2025 04:25:11 GMT
      Server:
      - nginx/1.25.3
      Transfer-Encoding:
      - chunked
      content-length:
      - '228'
    status:
      code: 200
      message: OK
- request:
    body: ''
    headers:
      accept:
      - '*/*'
      accept-encoding:
      - gzip, deflate
      connection:
      - keep-alive
      host:
      - gizmok52.fhcrc.org:40937
      user-agent:
      - python-httpx/0.28.1
    method: GET
    uri: https://gizmok52.fhcrc.org:40937/api/workflows/v1/e96dbbf8-7e7c-47c2-af99-12f13e433a64/metadata?includeKey=status&includeKey=failures&includeKey=jobId
  response:
    body:
      string: '{"status":"Running","calls":{"jsonTaskOrderTest.Task1":[{"jobId":"41577727","attempt":1,"shardIndex":-1}],"jsonTaskOrderTest.Task2":[{"jobId":"41577737","attempt":1,"shardIndex":-1}]},"id":"e96dbbf8-7e7c-47c2-af99-12f13e433a64"}'
    headers:
      Connection:
      - keep-alive
      Content-Type:
      - application/json
      Date:
      - Sun, 09 Nov 2025 04:25:16 GMT
      Server:
      - nginx/1.25.3
      Transfer-Encoding:
      - chunked
      content-length:
      - '228'
    status:
      code: 200
      message: OK
- request:
    body: ''
    headers:
      accept:
      - '*/*'
      accept-encoding:
      - gzip, deflate
      connection:
      - keep-alive
      host:
      - gizmok52.fhcrc.org:40937
      user-agent:
      - python-httpx/0.28.1
    method: GET
    uri: https://gizmok52.fhcrc.org:40937/api/workflows/v1/e96dbbf8-7e7c-47c2-af99-12f13e433a64/metadata?includeKey=status&includeKey=failures&includeKey=jobId
  response:
    body:
      string: '{"status":"Running","calls":{"jsonTaskOrderTest.Task1":[{"jobId":"41577727","attempt":1,"shardIndex":-1}],"jsonTaskOrderTest.Task2":[{"jobId":"41577737","attempt":1,"shardIndex":-1}]},"id":"e96dbbf8-7e7c-47c2-af99-12f13e433a64"}'
    headers:
      Connection:
      - keep-alive
      Content-Type:
      - application/json
      Date:
      - Sun, 09 Nov 2025 04:25:21 GMT
      Server:
      - nginx/1.25.3
      Transfer-Encoding:
      - chunked
      content-length:
      - '228'
    status:
      code: 200
      message: OK
- request:
    body: ''
    headers:
      accept:
      - '*/*'
      accept-encoding:
      - gzip, deflate
      connection:
      - keep-alive
      host:
      - gizmok52.fhcrc.org:40937
      user-agent:
      - python-httpx/0.28.1
    method: GET
    uri: https://gizmok52.fhcrc.org:40937/api/workflows/v1/e96dbbf8-7e7c-47c2-af99-12f13e433a64/metadata?includeKey=status&includeKey=failures&includeKey=jobId
  response:
    body:
      string: '{"status":"Running","calls":{"jsonTaskOrderTest.Task1":[{"jobId":"41577727","attempt":1,"shardIndex":-1}],"jsonTaskOrderTest.Task2":[{"jobId":"41577737","attempt":1,"shardIndex":-1}]},"id":"e96dbbf8-7e7c-47c2-af99-12f13e433a64"}'
    headers:
      Connection:
      - keep-alive
      Content-Type:
      - application/json
      Date:
      - Sun, 09 Nov 2025 04:25:26 GMT
      Server:
      - nginx/1.25.3
      Transfer-Encoding:
      - chunked
      content-length:
      - '228'
    status:
      code: 200
      message: OK
- request:
    body: ''
    headers:
      accept:
      - '*/*'
      accept-encoding:
      - gzip, deflate
      connection:
      - keep-alive
      host:
      - gizmok52.fhcrc.org:40937
      user-agent:
      - python-httpx/0.28.1
    method: GET
    uri: https://gizmok52.fhcrc.org:40937/api/workflows/v1/e96dbbf8-7e7c-47c2-af99-12f13e433a64/metadata?includeKey=status&includeKey=failures&includeKey=jobId
  response:
    body:
      string: '{"status":"Running","calls":{"jsonTaskOrderTest.Task1":[{"jobId":"41577727","attempt":1,"shardIndex":-1}],"jsonTaskOrderTest.Task2":[{"jobId":"41577737","attempt":1,"shardIndex":-1}]},"id":"e96dbbf8-7e7c-47c2-af99-12f13e433a64"}'
    headers:
      Connection:
      - keep-alive
      Content-Type:
      - application/json
      Date:
      - Sun, 09 Nov 2025 04:25:31 GMT
      Server:
      - nginx/1.25.3
      Transfer-Encoding:
      - chunked
      content-length:
      - '228'
    status:
      code: 200
      message: OK
- request:
    body: ''
    headers:
      accept:
      - '*/*'
      accept-encoding:
      - gzip, deflate
      connection:
      - keep-alive
      host:
      - gizmok52.fhcrc.org:40937
      user-agent:
      - python-httpx/0.28.1
    method: GET
    uri: https://gizmok52.fhcrc.org:40937/api/workflows/v1/e96dbbf8-7e7c-47c2-af99-12f13e433a64/metadata?includeKey=status&includeKey=failures&includeKey=jobId
  response:
    body:
      string: '{"status":"Running","calls":{"jsonTaskOrderTest.Task1":[{"jobId":"41577727","attempt":1,"shardIndex":-1}],"jsonTaskOrderTest.Task2":[{"jobId":"41577737","attempt":1,"shardIndex":-1}]},"id":"e96dbbf8-7e7c-47c2-af99-12f13e433a64"}'
    headers:
      Connection:
      - keep-alive
      Content-Type:
      - application/json
      Date:
      - Sun, 09 Nov 2025 04:25:36 GMT
      Server:
      - nginx/1.25.3
      Transfer-Encoding:
      - chunked
      content-length:
      - '228'
    status:
      code: 200
      message: OK
- request:
    body: ''
    headers:
      accept:
      - '*/*'
      accept-encoding:
      - gzip, deflate
      connection:
      - keep-alive
      host:
      - gizmok52.fhcrc.org:40937
      user-agent:
      - python-httpx/0.28.1
    method: GET
    uri: https://gizmok52.fhcrc.org:40937/api/workflows/v1/e96dbbf8-7e7c-47c2-af99-12f13e433a64/metadata?includeKey=status&includeKey=failures&includeKey=jobId
  response:
    body:
      string: '{"status":"Running","calls":{"jsonTaskOrderTest.Task1":[{"jobId":"41577727","attempt":1,"shardIndex":-1}],"jsonTaskOrderTest.Task2":[{"jobId":"41577737","attempt":1,"shardIndex":-1}]},"id":"e96dbbf8-7e7c-47c2-af99-12f13e433a64"}'
    headers:
      Connection:
      - keep-alive
      Content-Type:
      - application/json
      Date:
      - Sun, 09 Nov 2025 04:25:41 GMT
      Server:
      - nginx/1.25.3
      Transfer-Encoding:
      - chunked
      content-length:
      - '228'
    status:
      code: 200
      message: OK
- request:
    body: ''
    headers:
      accept:
      - '*/*'
      accept-encoding:
      - gzip, deflate
      connection:
      - keep-alive
      host:
      - gizmok52.fhcrc.org:40937
      user-agent:
      - python-httpx/0.28.1
    method: GET
    uri: https://gizmok52.fhcrc.org:40937/api/workflows/v1/e96dbbf8-7e7c-47c2-af99-12f13e433a64/metadata?includeKey=status&includeKey=failures&includeKey=jobId
  response:
    body:
      string: '{"status":"Running","calls":{"jsonTaskOrderTest.Task1":[{"jobId":"41577727","attempt":1,"shardIndex":-1}],"jsonTaskOrderTest.Task2":[{"jobId":"41577737","attempt":1,"shardIndex":-1}]},"id":"e96dbbf8-7e7c-47c2-af99-12f13e433a64"}'
    headers:
      Connection:
      - keep-alive
      Content-Type:
      - application/json
      Date:
      - Sun, 09 Nov 2025 04:25:47 GMT
      Server:
      - nginx/1.25.3
      Transfer-Encoding:
      - chunked
      content-length:
      - '228'
    status:
      code: 200
      message: OK
- request:
    body: ''
    headers:
      accept:
      - '*/*'
      accept-encoding:
      - gzip, deflate
      connection:
      - keep-alive
      host:
      - gizmok52.fhcrc.org:40937
      user-agent:
      - python-httpx/0.28.1
    method: GET
    uri: https://gizmok52.fhcrc.org:40937/api/workflows/v1/e96dbbf8-7e7c-47c2-af99-12f13e433a64/metadata?includeKey=status&includeKey=failures&includeKey=jobId
  response:
    body:
      string: '{"status":"Succeeded","calls":{"jsonTaskOrderTest.Task1":[{"jobId":"41577727","attempt":1,"shardIndex":-1}],"jsonTaskOrderTest.Task2":[{"jobId":"41577737","attempt":1,"shardIndex":-1}]},"id":"e96dbbf8-7e7c-47c2-af99-12f13e433a64"}'
    headers:
      Connection:
      - keep-alive
      Content-Type:
      - application/json
      Date:
      - Sun, 09 Nov 2025 04:25:52 GMT
      Server:
      - nginx/1.25.3
      Transfer-Encoding:
      - chunked
      content-length:
      - '230'
    status:
      code: 200
      message: OK
version: 1
