interactions:
- request:
    body: "--12f19c3d0155e7e1713ae81c88b2c266\r\nContent-Disposition: form-data; name=\"workflowSource\";
      filename=\"emptyGlobTest.wdl\"\r\nContent-Type: application/octet-stream\r\n\r\nversion
      1.0\n\nworkflow emptyGlobTest {\n    call create_empty_directory\n\n    output
      {\n        Array[File] no_files = create_empty_directory.no_files\n    }\n}\n\ntask
      create_empty_directory {\n    command {\n        mkdir empty_dir\n    }\n    output
      {\n        Array[File] no_files = glob(\"empty_dir/*.txt\")\n    }\n}\n\r\n--12f19c3d0155e7e1713ae81c88b2c266\r\nContent-Disposition:
      form-data; name=\"workflowOptions\"; filename=\"options.json\"\r\nContent-Type:
      application/json\r\n\r\n{\n    \"workflow_failure_mode\": \"ContinueWhilePossible\",\n
      \   \"write_to_cache\": false,\n    \"read_from_cache\": false\n}\n\r\n--12f19c3d0155e7e1713ae81c88b2c266--\r\n"
    headers:
      accept:
      - '*/*'
      accept-encoding:
      - gzip, deflate
      connection:
      - keep-alive
      content-length:
      - '778'
      content-type:
      - multipart/form-data; boundary=12f19c3d0155e7e1713ae81c88b2c266
      host:
      - gizmok79.fhcrc.org:45745
      user-agent:
      - python-httpx/0.28.1
    method: POST
    uri: https://gizmok79.fhcrc.org:45745/api/workflows/v1
  response:
    body:
      string: '{"id":"d7e52f4a-c7d2-46d4-981c-0d706c42e347","status":"Submitted"}'
    headers:
      Connection:
      - keep-alive
      Content-Length:
      - '66'
      Content-Type:
      - application/json
      Date:
      - Mon, 19 May 2025 18:16:50 GMT
      Server:
      - nginx/1.25.3
    status:
      code: 201
      message: Created
- request:
    body: ''
    headers:
      accept:
      - '*/*'
      accept-encoding:
      - gzip, deflate
      connection:
      - keep-alive
      host:
      - gizmok79.fhcrc.org:45745
      user-agent:
      - python-httpx/0.28.1
    method: GET
    uri: https://gizmok79.fhcrc.org:45745/api/workflows/v1/d7e52f4a-c7d2-46d4-981c-0d706c42e347/metadata?includeKey=status&includeKey=failures&includeKey=jobId
  response:
    body:
      string: '{"status":"Submitted","calls":{},"id":"d7e52f4a-c7d2-46d4-981c-0d706c42e347"}'
    headers:
      Connection:
      - keep-alive
      Content-Type:
      - application/json
      Date:
      - Mon, 19 May 2025 18:16:55 GMT
      Server:
      - nginx/1.25.3
      Transfer-Encoding:
      - chunked
      content-length:
      - '77'
    status:
      code: 200
      message: OK
- request:
    body: ''
    headers:
      accept:
      - '*/*'
      accept-encoding:
      - gzip, deflate
      connection:
      - keep-alive
      host:
      - gizmok79.fhcrc.org:45745
      user-agent:
      - python-httpx/0.28.1
    method: GET
    uri: https://gizmok79.fhcrc.org:45745/api/workflows/v1/d7e52f4a-c7d2-46d4-981c-0d706c42e347/metadata?includeKey=status&includeKey=failures&includeKey=jobId
  response:
    body:
      string: '{"status":"Submitted","calls":{},"id":"d7e52f4a-c7d2-46d4-981c-0d706c42e347"}'
    headers:
      Connection:
      - keep-alive
      Content-Type:
      - application/json
      Date:
      - Mon, 19 May 2025 18:17:00 GMT
      Server:
      - nginx/1.25.3
      Transfer-Encoding:
      - chunked
      content-length:
      - '77'
    status:
      code: 200
      message: OK
- request:
    body: ''
    headers:
      accept:
      - '*/*'
      accept-encoding:
      - gzip, deflate
      connection:
      - keep-alive
      host:
      - gizmok79.fhcrc.org:45745
      user-agent:
      - python-httpx/0.28.1
    method: GET
    uri: https://gizmok79.fhcrc.org:45745/api/workflows/v1/d7e52f4a-c7d2-46d4-981c-0d706c42e347/metadata?includeKey=status&includeKey=failures&includeKey=jobId
  response:
    body:
      string: '{"status":"Submitted","calls":{},"id":"d7e52f4a-c7d2-46d4-981c-0d706c42e347"}'
    headers:
      Connection:
      - keep-alive
      Content-Type:
      - application/json
      Date:
      - Mon, 19 May 2025 18:17:05 GMT
      Server:
      - nginx/1.25.3
      Transfer-Encoding:
      - chunked
      content-length:
      - '77'
    status:
      code: 200
      message: OK
- request:
    body: ''
    headers:
      accept:
      - '*/*'
      accept-encoding:
      - gzip, deflate
      connection:
      - keep-alive
      host:
      - gizmok79.fhcrc.org:45745
      user-agent:
      - python-httpx/0.28.1
    method: GET
    uri: https://gizmok79.fhcrc.org:45745/api/workflows/v1/d7e52f4a-c7d2-46d4-981c-0d706c42e347/metadata?includeKey=status&includeKey=failures&includeKey=jobId
  response:
    body:
      string: '{"status":"Submitted","calls":{},"id":"d7e52f4a-c7d2-46d4-981c-0d706c42e347"}'
    headers:
      Connection:
      - keep-alive
      Content-Type:
      - application/json
      Date:
      - Mon, 19 May 2025 18:17:10 GMT
      Server:
      - nginx/1.25.3
      Transfer-Encoding:
      - chunked
      content-length:
      - '77'
    status:
      code: 200
      message: OK
- request:
    body: ''
    headers:
      accept:
      - '*/*'
      accept-encoding:
      - gzip, deflate
      connection:
      - keep-alive
      host:
      - gizmok79.fhcrc.org:45745
      user-agent:
      - python-httpx/0.28.1
    method: GET
    uri: https://gizmok79.fhcrc.org:45745/api/workflows/v1/d7e52f4a-c7d2-46d4-981c-0d706c42e347/metadata?includeKey=status&includeKey=failures&includeKey=jobId
  response:
    body:
      string: '{"status":"Submitted","calls":{},"id":"d7e52f4a-c7d2-46d4-981c-0d706c42e347"}'
    headers:
      Connection:
      - keep-alive
      Content-Type:
      - application/json
      Date:
      - Mon, 19 May 2025 18:17:15 GMT
      Server:
      - nginx/1.25.3
      Transfer-Encoding:
      - chunked
      content-length:
      - '77'
    status:
      code: 200
      message: OK
- request:
    body: ''
    headers:
      accept:
      - '*/*'
      accept-encoding:
      - gzip, deflate
      connection:
      - keep-alive
      host:
      - gizmok79.fhcrc.org:45745
      user-agent:
      - python-httpx/0.28.1
    method: GET
    uri: https://gizmok79.fhcrc.org:45745/api/workflows/v1/d7e52f4a-c7d2-46d4-981c-0d706c42e347/metadata?includeKey=status&includeKey=failures&includeKey=jobId
  response:
    body:
      string: '{"status":"Submitted","calls":{},"id":"d7e52f4a-c7d2-46d4-981c-0d706c42e347"}'
    headers:
      Connection:
      - keep-alive
      Content-Type:
      - application/json
      Date:
      - Mon, 19 May 2025 18:17:20 GMT
      Server:
      - nginx/1.25.3
      Transfer-Encoding:
      - chunked
      content-length:
      - '77'
    status:
      code: 200
      message: OK
- request:
    body: ''
    headers:
      accept:
      - '*/*'
      accept-encoding:
      - gzip, deflate
      connection:
      - keep-alive
      host:
      - gizmok79.fhcrc.org:45745
      user-agent:
      - python-httpx/0.28.1
    method: GET
    uri: https://gizmok79.fhcrc.org:45745/api/workflows/v1/d7e52f4a-c7d2-46d4-981c-0d706c42e347/metadata?includeKey=status&includeKey=failures&includeKey=jobId
  response:
    body:
      string: '{"status":"Submitted","calls":{},"id":"d7e52f4a-c7d2-46d4-981c-0d706c42e347"}'
    headers:
      Connection:
      - keep-alive
      Content-Type:
      - application/json
      Date:
      - Mon, 19 May 2025 18:17:25 GMT
      Server:
      - nginx/1.25.3
      Transfer-Encoding:
      - chunked
      content-length:
      - '77'
    status:
      code: 200
      message: OK
- request:
    body: ''
    headers:
      accept:
      - '*/*'
      accept-encoding:
      - gzip, deflate
      connection:
      - keep-alive
      host:
      - gizmok79.fhcrc.org:45745
      user-agent:
      - python-httpx/0.28.1
    method: GET
    uri: https://gizmok79.fhcrc.org:45745/api/workflows/v1/d7e52f4a-c7d2-46d4-981c-0d706c42e347/metadata?includeKey=status&includeKey=failures&includeKey=jobId
  response:
    body:
      string: '{"status":"Submitted","calls":{},"id":"d7e52f4a-c7d2-46d4-981c-0d706c42e347"}'
    headers:
      Connection:
      - keep-alive
      Content-Type:
      - application/json
      Date:
      - Mon, 19 May 2025 18:17:30 GMT
      Server:
      - nginx/1.25.3
      Transfer-Encoding:
      - chunked
      content-length:
      - '77'
    status:
      code: 200
      message: OK
- request:
    body: ''
    headers:
      accept:
      - '*/*'
      accept-encoding:
      - gzip, deflate
      connection:
      - keep-alive
      host:
      - gizmok79.fhcrc.org:45745
      user-agent:
      - python-httpx/0.28.1
    method: GET
    uri: https://gizmok79.fhcrc.org:45745/api/workflows/v1/d7e52f4a-c7d2-46d4-981c-0d706c42e347/metadata?includeKey=status&includeKey=failures&includeKey=jobId
  response:
    body:
      string: '{"status":"Submitted","calls":{},"id":"d7e52f4a-c7d2-46d4-981c-0d706c42e347"}'
    headers:
      Connection:
      - keep-alive
      Content-Type:
      - application/json
      Date:
      - Mon, 19 May 2025 18:17:35 GMT
      Server:
      - nginx/1.25.3
      Transfer-Encoding:
      - chunked
      content-length:
      - '77'
    status:
      code: 200
      message: OK
- request:
    body: ''
    headers:
      accept:
      - '*/*'
      accept-encoding:
      - gzip, deflate
      connection:
      - keep-alive
      host:
      - gizmok79.fhcrc.org:45745
      user-agent:
      - python-httpx/0.28.1
    method: GET
    uri: https://gizmok79.fhcrc.org:45745/api/workflows/v1/d7e52f4a-c7d2-46d4-981c-0d706c42e347/metadata?includeKey=status&includeKey=failures&includeKey=jobId
  response:
    body:
      string: '{"status":"Submitted","calls":{},"id":"d7e52f4a-c7d2-46d4-981c-0d706c42e347"}'
    headers:
      Connection:
      - keep-alive
      Content-Type:
      - application/json
      Date:
      - Mon, 19 May 2025 18:17:41 GMT
      Server:
      - nginx/1.25.3
      Transfer-Encoding:
      - chunked
      content-length:
      - '77'
    status:
      code: 200
      message: OK
- request:
    body: ''
    headers:
      accept:
      - '*/*'
      accept-encoding:
      - gzip, deflate
      connection:
      - keep-alive
      host:
      - gizmok79.fhcrc.org:45745
      user-agent:
      - python-httpx/0.28.1
    method: GET
    uri: https://gizmok79.fhcrc.org:45745/api/workflows/v1/d7e52f4a-c7d2-46d4-981c-0d706c42e347/metadata?includeKey=status&includeKey=failures&includeKey=jobId
  response:
    body:
      string: '{"status":"Submitted","calls":{},"id":"d7e52f4a-c7d2-46d4-981c-0d706c42e347"}'
    headers:
      Connection:
      - keep-alive
      Content-Type:
      - application/json
      Date:
      - Mon, 19 May 2025 18:17:46 GMT
      Server:
      - nginx/1.25.3
      Transfer-Encoding:
      - chunked
      content-length:
      - '77'
    status:
      code: 200
      message: OK
- request:
    body: ''
    headers:
      accept:
      - '*/*'
      accept-encoding:
      - gzip, deflate
      connection:
      - keep-alive
      host:
      - gizmok79.fhcrc.org:45745
      user-agent:
      - python-httpx/0.28.1
    method: GET
    uri: https://gizmok79.fhcrc.org:45745/api/workflows/v1/d7e52f4a-c7d2-46d4-981c-0d706c42e347/metadata?includeKey=status&includeKey=failures&includeKey=jobId
  response:
    body:
      string: '{"status":"Submitted","calls":{},"id":"d7e52f4a-c7d2-46d4-981c-0d706c42e347"}'
    headers:
      Connection:
      - keep-alive
      Content-Type:
      - application/json
      Date:
      - Mon, 19 May 2025 18:17:51 GMT
      Server:
      - nginx/1.25.3
      Transfer-Encoding:
      - chunked
      content-length:
      - '77'
    status:
      code: 200
      message: OK
- request:
    body: ''
    headers:
      accept:
      - '*/*'
      accept-encoding:
      - gzip, deflate
      connection:
      - keep-alive
      host:
      - gizmok79.fhcrc.org:45745
      user-agent:
      - python-httpx/0.28.1
    method: GET
    uri: https://gizmok79.fhcrc.org:45745/api/workflows/v1/d7e52f4a-c7d2-46d4-981c-0d706c42e347/metadata?includeKey=status&includeKey=failures&includeKey=jobId
  response:
    body:
      string: '{"status":"Submitted","calls":{},"id":"d7e52f4a-c7d2-46d4-981c-0d706c42e347"}'
    headers:
      Connection:
      - keep-alive
      Content-Type:
      - application/json
      Date:
      - Mon, 19 May 2025 18:17:56 GMT
      Server:
      - nginx/1.25.3
      Transfer-Encoding:
      - chunked
      content-length:
      - '77'
    status:
      code: 200
      message: OK
- request:
    body: ''
    headers:
      accept:
      - '*/*'
      accept-encoding:
      - gzip, deflate
      connection:
      - keep-alive
      host:
      - gizmok79.fhcrc.org:45745
      user-agent:
      - python-httpx/0.28.1
    method: GET
    uri: https://gizmok79.fhcrc.org:45745/api/workflows/v1/d7e52f4a-c7d2-46d4-981c-0d706c42e347/metadata?includeKey=status&includeKey=failures&includeKey=jobId
  response:
    body:
      string: '{"status":"Submitted","calls":{},"id":"d7e52f4a-c7d2-46d4-981c-0d706c42e347"}'
    headers:
      Connection:
      - keep-alive
      Content-Type:
      - application/json
      Date:
      - Mon, 19 May 2025 18:18:01 GMT
      Server:
      - nginx/1.25.3
      Transfer-Encoding:
      - chunked
      content-length:
      - '77'
    status:
      code: 200
      message: OK
- request:
    body: ''
    headers:
      accept:
      - '*/*'
      accept-encoding:
      - gzip, deflate
      connection:
      - keep-alive
      host:
      - gizmok79.fhcrc.org:45745
      user-agent:
      - python-httpx/0.28.1
    method: GET
    uri: https://gizmok79.fhcrc.org:45745/api/workflows/v1/d7e52f4a-c7d2-46d4-981c-0d706c42e347/metadata?includeKey=status&includeKey=failures&includeKey=jobId
  response:
    body:
      string: '{"status":"Submitted","calls":{},"id":"d7e52f4a-c7d2-46d4-981c-0d706c42e347"}'
    headers:
      Connection:
      - keep-alive
      Content-Type:
      - application/json
      Date:
      - Mon, 19 May 2025 18:18:06 GMT
      Server:
      - nginx/1.25.3
      Transfer-Encoding:
      - chunked
      content-length:
      - '77'
    status:
      code: 200
      message: OK
- request:
    body: ''
    headers:
      accept:
      - '*/*'
      accept-encoding:
      - gzip, deflate
      connection:
      - keep-alive
      host:
      - gizmok79.fhcrc.org:45745
      user-agent:
      - python-httpx/0.28.1
    method: GET
    uri: https://gizmok79.fhcrc.org:45745/api/workflows/v1/d7e52f4a-c7d2-46d4-981c-0d706c42e347/metadata?includeKey=status&includeKey=failures&includeKey=jobId
  response:
    body:
      string: '{"status":"Submitted","calls":{},"id":"d7e52f4a-c7d2-46d4-981c-0d706c42e347"}'
    headers:
      Connection:
      - keep-alive
      Content-Type:
      - application/json
      Date:
      - Mon, 19 May 2025 18:18:11 GMT
      Server:
      - nginx/1.25.3
      Transfer-Encoding:
      - chunked
      content-length:
      - '77'
    status:
      code: 200
      message: OK
- request:
    body: ''
    headers:
      accept:
      - '*/*'
      accept-encoding:
      - gzip, deflate
      connection:
      - keep-alive
      host:
      - gizmok79.fhcrc.org:45745
      user-agent:
      - python-httpx/0.28.1
    method: GET
    uri: https://gizmok79.fhcrc.org:45745/api/workflows/v1/d7e52f4a-c7d2-46d4-981c-0d706c42e347/metadata?includeKey=status&includeKey=failures&includeKey=jobId
  response:
    body:
      string: '{"status":"Submitted","calls":{},"id":"d7e52f4a-c7d2-46d4-981c-0d706c42e347"}'
    headers:
      Connection:
      - keep-alive
      Content-Type:
      - application/json
      Date:
      - Mon, 19 May 2025 18:18:16 GMT
      Server:
      - nginx/1.25.3
      Transfer-Encoding:
      - chunked
      content-length:
      - '77'
    status:
      code: 200
      message: OK
- request:
    body: ''
    headers:
      accept:
      - '*/*'
      accept-encoding:
      - gzip, deflate
      connection:
      - keep-alive
      host:
      - gizmok79.fhcrc.org:45745
      user-agent:
      - python-httpx/0.28.1
    method: GET
    uri: https://gizmok79.fhcrc.org:45745/api/workflows/v1/d7e52f4a-c7d2-46d4-981c-0d706c42e347/metadata?includeKey=status&includeKey=failures&includeKey=jobId
  response:
    body:
      string: '{"status":"Submitted","calls":{},"id":"d7e52f4a-c7d2-46d4-981c-0d706c42e347"}'
    headers:
      Connection:
      - keep-alive
      Content-Type:
      - application/json
      Date:
      - Mon, 19 May 2025 18:18:21 GMT
      Server:
      - nginx/1.25.3
      Transfer-Encoding:
      - chunked
      content-length:
      - '77'
    status:
      code: 200
      message: OK
- request:
    body: ''
    headers:
      accept:
      - '*/*'
      accept-encoding:
      - gzip, deflate
      connection:
      - keep-alive
      host:
      - gizmok79.fhcrc.org:45745
      user-agent:
      - python-httpx/0.28.1
    method: GET
    uri: https://gizmok79.fhcrc.org:45745/api/workflows/v1/d7e52f4a-c7d2-46d4-981c-0d706c42e347/metadata?includeKey=status&includeKey=failures&includeKey=jobId
  response:
    body:
      string: '{"status":"Submitted","calls":{},"id":"d7e52f4a-c7d2-46d4-981c-0d706c42e347"}'
    headers:
      Connection:
      - keep-alive
      Content-Type:
      - application/json
      Date:
      - Mon, 19 May 2025 18:18:26 GMT
      Server:
      - nginx/1.25.3
      Transfer-Encoding:
      - chunked
      content-length:
      - '77'
    status:
      code: 200
      message: OK
- request:
    body: ''
    headers:
      accept:
      - '*/*'
      accept-encoding:
      - gzip, deflate
      connection:
      - keep-alive
      host:
      - gizmok79.fhcrc.org:45745
      user-agent:
      - python-httpx/0.28.1
    method: GET
    uri: https://gizmok79.fhcrc.org:45745/api/workflows/v1/d7e52f4a-c7d2-46d4-981c-0d706c42e347/metadata?includeKey=status&includeKey=failures&includeKey=jobId
  response:
    body:
      string: '{"status":"Submitted","calls":{},"id":"d7e52f4a-c7d2-46d4-981c-0d706c42e347"}'
    headers:
      Connection:
      - keep-alive
      Content-Type:
      - application/json
      Date:
      - Mon, 19 May 2025 18:18:31 GMT
      Server:
      - nginx/1.25.3
      Transfer-Encoding:
      - chunked
      content-length:
      - '77'
    status:
      code: 200
      message: OK
- request:
    body: ''
    headers:
      accept:
      - '*/*'
      accept-encoding:
      - gzip, deflate
      connection:
      - keep-alive
      host:
      - gizmok79.fhcrc.org:45745
      user-agent:
      - python-httpx/0.28.1
    method: GET
    uri: https://gizmok79.fhcrc.org:45745/api/workflows/v1/d7e52f4a-c7d2-46d4-981c-0d706c42e347/metadata?includeKey=status&includeKey=failures&includeKey=jobId
  response:
    body:
      string: '{"status":"Submitted","calls":{},"id":"d7e52f4a-c7d2-46d4-981c-0d706c42e347"}'
    headers:
      Connection:
      - keep-alive
      Content-Type:
      - application/json
      Date:
      - Mon, 19 May 2025 18:18:36 GMT
      Server:
      - nginx/1.25.3
      Transfer-Encoding:
      - chunked
      content-length:
      - '77'
    status:
      code: 200
      message: OK
- request:
    body: ''
    headers:
      accept:
      - '*/*'
      accept-encoding:
      - gzip, deflate
      connection:
      - keep-alive
      host:
      - gizmok79.fhcrc.org:45745
      user-agent:
      - python-httpx/0.28.1
    method: GET
    uri: https://gizmok79.fhcrc.org:45745/api/workflows/v1/d7e52f4a-c7d2-46d4-981c-0d706c42e347/metadata?includeKey=status&includeKey=failures&includeKey=jobId
  response:
    body:
      string: '{"status":"Submitted","calls":{},"id":"d7e52f4a-c7d2-46d4-981c-0d706c42e347"}'
    headers:
      Connection:
      - keep-alive
      Content-Type:
      - application/json
      Date:
      - Mon, 19 May 2025 18:18:41 GMT
      Server:
      - nginx/1.25.3
      Transfer-Encoding:
      - chunked
      content-length:
      - '77'
    status:
      code: 200
      message: OK
- request:
    body: ''
    headers:
      accept:
      - '*/*'
      accept-encoding:
      - gzip, deflate
      connection:
      - keep-alive
      host:
      - gizmok79.fhcrc.org:45745
      user-agent:
      - python-httpx/0.28.1
    method: GET
    uri: https://gizmok79.fhcrc.org:45745/api/workflows/v1/d7e52f4a-c7d2-46d4-981c-0d706c42e347/metadata?includeKey=status&includeKey=failures&includeKey=jobId
  response:
    body:
      string: '{"status":"Submitted","calls":{},"id":"d7e52f4a-c7d2-46d4-981c-0d706c42e347"}'
    headers:
      Connection:
      - keep-alive
      Content-Type:
      - application/json
      Date:
      - Mon, 19 May 2025 18:18:47 GMT
      Server:
      - nginx/1.25.3
      Transfer-Encoding:
      - chunked
      content-length:
      - '77'
    status:
      code: 200
      message: OK
- request:
    body: ''
    headers:
      accept:
      - '*/*'
      accept-encoding:
      - gzip, deflate
      connection:
      - keep-alive
      host:
      - gizmok79.fhcrc.org:45745
      user-agent:
      - python-httpx/0.28.1
    method: GET
    uri: https://gizmok79.fhcrc.org:45745/api/workflows/v1/d7e52f4a-c7d2-46d4-981c-0d706c42e347/metadata?includeKey=status&includeKey=failures&includeKey=jobId
  response:
    body:
      string: '{"status":"Submitted","calls":{},"id":"d7e52f4a-c7d2-46d4-981c-0d706c42e347"}'
    headers:
      Connection:
      - keep-alive
      Content-Type:
      - application/json
      Date:
      - Mon, 19 May 2025 18:18:52 GMT
      Server:
      - nginx/1.25.3
      Transfer-Encoding:
      - chunked
      content-length:
      - '77'
    status:
      code: 200
      message: OK
- request:
    body: ''
    headers:
      accept:
      - '*/*'
      accept-encoding:
      - gzip, deflate
      connection:
      - keep-alive
      host:
      - gizmok79.fhcrc.org:45745
      user-agent:
      - python-httpx/0.28.1
    method: GET
    uri: https://gizmok79.fhcrc.org:45745/api/workflows/v1/d7e52f4a-c7d2-46d4-981c-0d706c42e347/metadata?includeKey=status&includeKey=failures&includeKey=jobId
  response:
    body:
      string: '{"status":"Submitted","calls":{},"id":"d7e52f4a-c7d2-46d4-981c-0d706c42e347"}'
    headers:
      Connection:
      - keep-alive
      Content-Type:
      - application/json
      Date:
      - Mon, 19 May 2025 18:18:57 GMT
      Server:
      - nginx/1.25.3
      Transfer-Encoding:
      - chunked
      content-length:
      - '77'
    status:
      code: 200
      message: OK
- request:
    body: ''
    headers:
      accept:
      - '*/*'
      accept-encoding:
      - gzip, deflate
      connection:
      - keep-alive
      host:
      - gizmok79.fhcrc.org:45745
      user-agent:
      - python-httpx/0.28.1
    method: GET
    uri: https://gizmok79.fhcrc.org:45745/api/workflows/v1/d7e52f4a-c7d2-46d4-981c-0d706c42e347/metadata?includeKey=status&includeKey=failures&includeKey=jobId
  response:
    body:
      string: '{"status":"Submitted","calls":{},"id":"d7e52f4a-c7d2-46d4-981c-0d706c42e347"}'
    headers:
      Connection:
      - keep-alive
      Content-Type:
      - application/json
      Date:
      - Mon, 19 May 2025 18:19:02 GMT
      Server:
      - nginx/1.25.3
      Transfer-Encoding:
      - chunked
      content-length:
      - '77'
    status:
      code: 200
      message: OK
- request:
    body: ''
    headers:
      accept:
      - '*/*'
      accept-encoding:
      - gzip, deflate
      connection:
      - keep-alive
      host:
      - gizmok79.fhcrc.org:45745
      user-agent:
      - python-httpx/0.28.1
    method: GET
    uri: https://gizmok79.fhcrc.org:45745/api/workflows/v1/d7e52f4a-c7d2-46d4-981c-0d706c42e347/metadata?includeKey=status&includeKey=failures&includeKey=jobId
  response:
    body:
      string: '{"status":"Submitted","calls":{},"id":"d7e52f4a-c7d2-46d4-981c-0d706c42e347"}'
    headers:
      Connection:
      - keep-alive
      Content-Type:
      - application/json
      Date:
      - Mon, 19 May 2025 18:19:07 GMT
      Server:
      - nginx/1.25.3
      Transfer-Encoding:
      - chunked
      content-length:
      - '77'
    status:
      code: 200
      message: OK
- request:
    body: ''
    headers:
      accept:
      - '*/*'
      accept-encoding:
      - gzip, deflate
      connection:
      - keep-alive
      host:
      - gizmok79.fhcrc.org:45745
      user-agent:
      - python-httpx/0.28.1
    method: GET
    uri: https://gizmok79.fhcrc.org:45745/api/workflows/v1/d7e52f4a-c7d2-46d4-981c-0d706c42e347/metadata?includeKey=status&includeKey=failures&includeKey=jobId
  response:
    body:
      string: '{"status":"Submitted","calls":{},"id":"d7e52f4a-c7d2-46d4-981c-0d706c42e347"}'
    headers:
      Connection:
      - keep-alive
      Content-Type:
      - application/json
      Date:
      - Mon, 19 May 2025 18:19:12 GMT
      Server:
      - nginx/1.25.3
      Transfer-Encoding:
      - chunked
      content-length:
      - '77'
    status:
      code: 200
      message: OK
- request:
    body: ''
    headers:
      accept:
      - '*/*'
      accept-encoding:
      - gzip, deflate
      connection:
      - keep-alive
      host:
      - gizmok79.fhcrc.org:45745
      user-agent:
      - python-httpx/0.28.1
    method: GET
    uri: https://gizmok79.fhcrc.org:45745/api/workflows/v1/d7e52f4a-c7d2-46d4-981c-0d706c42e347/metadata?includeKey=status&includeKey=failures&includeKey=jobId
  response:
    body:
      string: '{"status":"Submitted","calls":{},"id":"d7e52f4a-c7d2-46d4-981c-0d706c42e347"}'
    headers:
      Connection:
      - keep-alive
      Content-Type:
      - application/json
      Date:
      - Mon, 19 May 2025 18:19:17 GMT
      Server:
      - nginx/1.25.3
      Transfer-Encoding:
      - chunked
      content-length:
      - '77'
    status:
      code: 200
      message: OK
- request:
    body: ''
    headers:
      accept:
      - '*/*'
      accept-encoding:
      - gzip, deflate
      connection:
      - keep-alive
      host:
      - gizmok79.fhcrc.org:45745
      user-agent:
      - python-httpx/0.28.1
    method: GET
    uri: https://gizmok79.fhcrc.org:45745/api/workflows/v1/d7e52f4a-c7d2-46d4-981c-0d706c42e347/metadata?includeKey=status&includeKey=failures&includeKey=jobId
  response:
    body:
      string: '{"status":"Submitted","calls":{},"id":"d7e52f4a-c7d2-46d4-981c-0d706c42e347"}'
    headers:
      Connection:
      - keep-alive
      Content-Type:
      - application/json
      Date:
      - Mon, 19 May 2025 18:19:22 GMT
      Server:
      - nginx/1.25.3
      Transfer-Encoding:
      - chunked
      content-length:
      - '77'
    status:
      code: 200
      message: OK
- request:
    body: ''
    headers:
      accept:
      - '*/*'
      accept-encoding:
      - gzip, deflate
      connection:
      - keep-alive
      host:
      - gizmok79.fhcrc.org:45745
      user-agent:
      - python-httpx/0.28.1
    method: GET
    uri: https://gizmok79.fhcrc.org:45745/api/workflows/v1/d7e52f4a-c7d2-46d4-981c-0d706c42e347/metadata?includeKey=status&includeKey=failures&includeKey=jobId
  response:
    body:
      string: '{"status":"Submitted","calls":{},"id":"d7e52f4a-c7d2-46d4-981c-0d706c42e347"}'
    headers:
      Connection:
      - keep-alive
      Content-Type:
      - application/json
      Date:
      - Mon, 19 May 2025 18:19:27 GMT
      Server:
      - nginx/1.25.3
      Transfer-Encoding:
      - chunked
      content-length:
      - '77'
    status:
      code: 200
      message: OK
- request:
    body: ''
    headers:
      accept:
      - '*/*'
      accept-encoding:
      - gzip, deflate
      connection:
      - keep-alive
      host:
      - gizmok79.fhcrc.org:45745
      user-agent:
      - python-httpx/0.28.1
    method: GET
    uri: https://gizmok79.fhcrc.org:45745/api/workflows/v1/d7e52f4a-c7d2-46d4-981c-0d706c42e347/metadata?includeKey=status&includeKey=failures&includeKey=jobId
  response:
    body:
      string: '{"status":"Submitted","calls":{},"id":"d7e52f4a-c7d2-46d4-981c-0d706c42e347"}'
    headers:
      Connection:
      - keep-alive
      Content-Type:
      - application/json
      Date:
      - Mon, 19 May 2025 18:19:32 GMT
      Server:
      - nginx/1.25.3
      Transfer-Encoding:
      - chunked
      content-length:
      - '77'
    status:
      code: 200
      message: OK
- request:
    body: ''
    headers:
      accept:
      - '*/*'
      accept-encoding:
      - gzip, deflate
      connection:
      - keep-alive
      host:
      - gizmok79.fhcrc.org:45745
      user-agent:
      - python-httpx/0.28.1
    method: GET
    uri: https://gizmok79.fhcrc.org:45745/api/workflows/v1/d7e52f4a-c7d2-46d4-981c-0d706c42e347/metadata?includeKey=status&includeKey=failures&includeKey=jobId
  response:
    body:
      string: '{"status":"Submitted","calls":{},"id":"d7e52f4a-c7d2-46d4-981c-0d706c42e347"}'
    headers:
      Connection:
      - keep-alive
      Content-Type:
      - application/json
      Date:
      - Mon, 19 May 2025 18:19:37 GMT
      Server:
      - nginx/1.25.3
      Transfer-Encoding:
      - chunked
      content-length:
      - '77'
    status:
      code: 200
      message: OK
- request:
    body: ''
    headers:
      accept:
      - '*/*'
      accept-encoding:
      - gzip, deflate
      connection:
      - keep-alive
      host:
      - gizmok79.fhcrc.org:45745
      user-agent:
      - python-httpx/0.28.1
    method: GET
    uri: https://gizmok79.fhcrc.org:45745/api/workflows/v1/d7e52f4a-c7d2-46d4-981c-0d706c42e347/metadata?includeKey=status&includeKey=failures&includeKey=jobId
  response:
    body:
      string: '{"status":"Submitted","calls":{},"id":"d7e52f4a-c7d2-46d4-981c-0d706c42e347"}'
    headers:
      Connection:
      - keep-alive
      Content-Type:
      - application/json
      Date:
      - Mon, 19 May 2025 18:19:42 GMT
      Server:
      - nginx/1.25.3
      Transfer-Encoding:
      - chunked
      content-length:
      - '77'
    status:
      code: 200
      message: OK
- request:
    body: ''
    headers:
      accept:
      - '*/*'
      accept-encoding:
      - gzip, deflate
      connection:
      - keep-alive
      host:
      - gizmok79.fhcrc.org:45745
      user-agent:
      - python-httpx/0.28.1
    method: GET
    uri: https://gizmok79.fhcrc.org:45745/api/workflows/v1/d7e52f4a-c7d2-46d4-981c-0d706c42e347/metadata?includeKey=status&includeKey=failures&includeKey=jobId
  response:
    body:
      string: '{"status":"Submitted","calls":{},"id":"d7e52f4a-c7d2-46d4-981c-0d706c42e347"}'
    headers:
      Connection:
      - keep-alive
      Content-Type:
      - application/json
      Date:
      - Mon, 19 May 2025 18:19:47 GMT
      Server:
      - nginx/1.25.3
      Transfer-Encoding:
      - chunked
      content-length:
      - '77'
    status:
      code: 200
      message: OK
- request:
    body: ''
    headers:
      accept:
      - '*/*'
      accept-encoding:
      - gzip, deflate
      connection:
      - keep-alive
      host:
      - gizmok79.fhcrc.org:45745
      user-agent:
      - python-httpx/0.28.1
    method: GET
    uri: https://gizmok79.fhcrc.org:45745/api/workflows/v1/d7e52f4a-c7d2-46d4-981c-0d706c42e347/metadata?includeKey=status&includeKey=failures&includeKey=jobId
  response:
    body:
      string: '{"status":"Submitted","calls":{},"id":"d7e52f4a-c7d2-46d4-981c-0d706c42e347"}'
    headers:
      Connection:
      - keep-alive
      Content-Type:
      - application/json
      Date:
      - Mon, 19 May 2025 18:19:53 GMT
      Server:
      - nginx/1.25.3
      Transfer-Encoding:
      - chunked
      content-length:
      - '77'
    status:
      code: 200
      message: OK
- request:
    body: ''
    headers:
      accept:
      - '*/*'
      accept-encoding:
      - gzip, deflate
      connection:
      - keep-alive
      host:
      - gizmok79.fhcrc.org:45745
      user-agent:
      - python-httpx/0.28.1
    method: GET
    uri: https://gizmok79.fhcrc.org:45745/api/workflows/v1/d7e52f4a-c7d2-46d4-981c-0d706c42e347/metadata?includeKey=status&includeKey=failures&includeKey=jobId
  response:
    body:
      string: '{"status":"Submitted","calls":{},"id":"d7e52f4a-c7d2-46d4-981c-0d706c42e347"}'
    headers:
      Connection:
      - keep-alive
      Content-Type:
      - application/json
      Date:
      - Mon, 19 May 2025 18:19:58 GMT
      Server:
      - nginx/1.25.3
      Transfer-Encoding:
      - chunked
      content-length:
      - '77'
    status:
      code: 200
      message: OK
- request:
    body: ''
    headers:
      accept:
      - '*/*'
      accept-encoding:
      - gzip, deflate
      connection:
      - keep-alive
      host:
      - gizmok79.fhcrc.org:45745
      user-agent:
      - python-httpx/0.28.1
    method: GET
    uri: https://gizmok79.fhcrc.org:45745/api/workflows/v1/d7e52f4a-c7d2-46d4-981c-0d706c42e347/metadata?includeKey=status&includeKey=failures&includeKey=jobId
  response:
    body:
      string: '{"status":"Submitted","calls":{},"id":"d7e52f4a-c7d2-46d4-981c-0d706c42e347"}'
    headers:
      Connection:
      - keep-alive
      Content-Type:
      - application/json
      Date:
      - Mon, 19 May 2025 18:20:03 GMT
      Server:
      - nginx/1.25.3
      Transfer-Encoding:
      - chunked
      content-length:
      - '77'
    status:
      code: 200
      message: OK
- request:
    body: ''
    headers:
      accept:
      - '*/*'
      accept-encoding:
      - gzip, deflate
      connection:
      - keep-alive
      host:
      - gizmok79.fhcrc.org:45745
      user-agent:
      - python-httpx/0.28.1
    method: GET
    uri: https://gizmok79.fhcrc.org:45745/api/workflows/v1/d7e52f4a-c7d2-46d4-981c-0d706c42e347/metadata?includeKey=status&includeKey=failures&includeKey=jobId
  response:
    body:
      string: '{"status":"Submitted","calls":{},"id":"d7e52f4a-c7d2-46d4-981c-0d706c42e347"}'
    headers:
      Connection:
      - keep-alive
      Content-Type:
      - application/json
      Date:
      - Mon, 19 May 2025 18:20:08 GMT
      Server:
      - nginx/1.25.3
      Transfer-Encoding:
      - chunked
      content-length:
      - '77'
    status:
      code: 200
      message: OK
- request:
    body: ''
    headers:
      accept:
      - '*/*'
      accept-encoding:
      - gzip, deflate
      connection:
      - keep-alive
      host:
      - gizmok79.fhcrc.org:45745
      user-agent:
      - python-httpx/0.28.1
    method: GET
    uri: https://gizmok79.fhcrc.org:45745/api/workflows/v1/d7e52f4a-c7d2-46d4-981c-0d706c42e347/metadata?includeKey=status&includeKey=failures&includeKey=jobId
  response:
    body:
      string: '{"status":"Submitted","calls":{},"id":"d7e52f4a-c7d2-46d4-981c-0d706c42e347"}'
    headers:
      Connection:
      - keep-alive
      Content-Type:
      - application/json
      Date:
      - Mon, 19 May 2025 18:20:13 GMT
      Server:
      - nginx/1.25.3
      Transfer-Encoding:
      - chunked
      content-length:
      - '77'
    status:
      code: 200
      message: OK
- request:
    body: ''
    headers:
      accept:
      - '*/*'
      accept-encoding:
      - gzip, deflate
      connection:
      - keep-alive
      host:
      - gizmok79.fhcrc.org:45745
      user-agent:
      - python-httpx/0.28.1
    method: GET
    uri: https://gizmok79.fhcrc.org:45745/api/workflows/v1/d7e52f4a-c7d2-46d4-981c-0d706c42e347/metadata?includeKey=status&includeKey=failures&includeKey=jobId
  response:
    body:
      string: '{"status":"Submitted","calls":{},"id":"d7e52f4a-c7d2-46d4-981c-0d706c42e347"}'
    headers:
      Connection:
      - keep-alive
      Content-Type:
      - application/json
      Date:
      - Mon, 19 May 2025 18:20:18 GMT
      Server:
      - nginx/1.25.3
      Transfer-Encoding:
      - chunked
      content-length:
      - '77'
    status:
      code: 200
      message: OK
- request:
    body: ''
    headers:
      accept:
      - '*/*'
      accept-encoding:
      - gzip, deflate
      connection:
      - keep-alive
      host:
      - gizmok79.fhcrc.org:45745
      user-agent:
      - python-httpx/0.28.1
    method: GET
    uri: https://gizmok79.fhcrc.org:45745/api/workflows/v1/d7e52f4a-c7d2-46d4-981c-0d706c42e347/metadata?includeKey=status&includeKey=failures&includeKey=jobId
  response:
    body:
      string: '{"status":"Submitted","calls":{},"id":"d7e52f4a-c7d2-46d4-981c-0d706c42e347"}'
    headers:
      Connection:
      - keep-alive
      Content-Type:
      - application/json
      Date:
      - Mon, 19 May 2025 18:20:23 GMT
      Server:
      - nginx/1.25.3
      Transfer-Encoding:
      - chunked
      content-length:
      - '77'
    status:
      code: 200
      message: OK
- request:
    body: ''
    headers:
      accept:
      - '*/*'
      accept-encoding:
      - gzip, deflate
      connection:
      - keep-alive
      host:
      - gizmok79.fhcrc.org:45745
      user-agent:
      - python-httpx/0.28.1
    method: GET
    uri: https://gizmok79.fhcrc.org:45745/api/workflows/v1/d7e52f4a-c7d2-46d4-981c-0d706c42e347/metadata?includeKey=status&includeKey=failures&includeKey=jobId
  response:
    body:
      string: '{"status":"Submitted","calls":{},"id":"d7e52f4a-c7d2-46d4-981c-0d706c42e347"}'
    headers:
      Connection:
      - keep-alive
      Content-Type:
      - application/json
      Date:
      - Mon, 19 May 2025 18:20:28 GMT
      Server:
      - nginx/1.25.3
      Transfer-Encoding:
      - chunked
      content-length:
      - '77'
    status:
      code: 200
      message: OK
- request:
    body: ''
    headers:
      accept:
      - '*/*'
      accept-encoding:
      - gzip, deflate
      connection:
      - keep-alive
      host:
      - gizmok79.fhcrc.org:45745
      user-agent:
      - python-httpx/0.28.1
    method: GET
    uri: https://gizmok79.fhcrc.org:45745/api/workflows/v1/d7e52f4a-c7d2-46d4-981c-0d706c42e347/metadata?includeKey=status&includeKey=failures&includeKey=jobId
  response:
    body:
      string: '{"status":"Submitted","calls":{},"id":"d7e52f4a-c7d2-46d4-981c-0d706c42e347"}'
    headers:
      Connection:
      - keep-alive
      Content-Type:
      - application/json
      Date:
      - Mon, 19 May 2025 18:20:33 GMT
      Server:
      - nginx/1.25.3
      Transfer-Encoding:
      - chunked
      content-length:
      - '77'
    status:
      code: 200
      message: OK
- request:
    body: ''
    headers:
      accept:
      - '*/*'
      accept-encoding:
      - gzip, deflate
      connection:
      - keep-alive
      host:
      - gizmok79.fhcrc.org:45745
      user-agent:
      - python-httpx/0.28.1
    method: GET
    uri: https://gizmok79.fhcrc.org:45745/api/workflows/v1/d7e52f4a-c7d2-46d4-981c-0d706c42e347/metadata?includeKey=status&includeKey=failures&includeKey=jobId
  response:
    body:
      string: '{"status":"Submitted","calls":{},"id":"d7e52f4a-c7d2-46d4-981c-0d706c42e347"}'
    headers:
      Connection:
      - keep-alive
      Content-Type:
      - application/json
      Date:
      - Mon, 19 May 2025 18:20:38 GMT
      Server:
      - nginx/1.25.3
      Transfer-Encoding:
      - chunked
      content-length:
      - '77'
    status:
      code: 200
      message: OK
- request:
    body: ''
    headers:
      accept:
      - '*/*'
      accept-encoding:
      - gzip, deflate
      connection:
      - keep-alive
      host:
      - gizmok79.fhcrc.org:45745
      user-agent:
      - python-httpx/0.28.1
    method: GET
    uri: https://gizmok79.fhcrc.org:45745/api/workflows/v1/d7e52f4a-c7d2-46d4-981c-0d706c42e347/metadata?includeKey=status&includeKey=failures&includeKey=jobId
  response:
    body:
      string: '{"status":"Submitted","calls":{},"id":"d7e52f4a-c7d2-46d4-981c-0d706c42e347"}'
    headers:
      Connection:
      - keep-alive
      Content-Type:
      - application/json
      Date:
      - Mon, 19 May 2025 18:20:43 GMT
      Server:
      - nginx/1.25.3
      Transfer-Encoding:
      - chunked
      content-length:
      - '77'
    status:
      code: 200
      message: OK
- request:
    body: ''
    headers:
      accept:
      - '*/*'
      accept-encoding:
      - gzip, deflate
      connection:
      - keep-alive
      host:
      - gizmok79.fhcrc.org:45745
      user-agent:
      - python-httpx/0.28.1
    method: GET
    uri: https://gizmok79.fhcrc.org:45745/api/workflows/v1/d7e52f4a-c7d2-46d4-981c-0d706c42e347/metadata?includeKey=status&includeKey=failures&includeKey=jobId
  response:
    body:
      string: '{"status":"Submitted","calls":{},"id":"d7e52f4a-c7d2-46d4-981c-0d706c42e347"}'
    headers:
      Connection:
      - keep-alive
      Content-Type:
      - application/json
      Date:
      - Mon, 19 May 2025 18:20:48 GMT
      Server:
      - nginx/1.25.3
      Transfer-Encoding:
      - chunked
      content-length:
      - '77'
    status:
      code: 200
      message: OK
- request:
    body: ''
    headers:
      accept:
      - '*/*'
      accept-encoding:
      - gzip, deflate
      connection:
      - keep-alive
      host:
      - gizmok79.fhcrc.org:45745
      user-agent:
      - python-httpx/0.28.1
    method: GET
    uri: https://gizmok79.fhcrc.org:45745/api/workflows/v1/d7e52f4a-c7d2-46d4-981c-0d706c42e347/metadata?includeKey=status&includeKey=failures&includeKey=jobId
  response:
    body:
      string: '{"status":"Submitted","calls":{},"id":"d7e52f4a-c7d2-46d4-981c-0d706c42e347"}'
    headers:
      Connection:
      - keep-alive
      Content-Type:
      - application/json
      Date:
      - Mon, 19 May 2025 18:20:53 GMT
      Server:
      - nginx/1.25.3
      Transfer-Encoding:
      - chunked
      content-length:
      - '77'
    status:
      code: 200
      message: OK
- request:
    body: ''
    headers:
      accept:
      - '*/*'
      accept-encoding:
      - gzip, deflate
      connection:
      - keep-alive
      host:
      - gizmok79.fhcrc.org:45745
      user-agent:
      - python-httpx/0.28.1
    method: GET
    uri: https://gizmok79.fhcrc.org:45745/api/workflows/v1/d7e52f4a-c7d2-46d4-981c-0d706c42e347/metadata?includeKey=status&includeKey=failures&includeKey=jobId
  response:
    body:
      string: '{"status":"Submitted","calls":{},"id":"d7e52f4a-c7d2-46d4-981c-0d706c42e347"}'
    headers:
      Connection:
      - keep-alive
      Content-Type:
      - application/json
      Date:
      - Mon, 19 May 2025 18:20:59 GMT
      Server:
      - nginx/1.25.3
      Transfer-Encoding:
      - chunked
      content-length:
      - '77'
    status:
      code: 200
      message: OK
- request:
    body: ''
    headers:
      accept:
      - '*/*'
      accept-encoding:
      - gzip, deflate
      connection:
      - keep-alive
      host:
      - gizmok79.fhcrc.org:45745
      user-agent:
      - python-httpx/0.28.1
    method: GET
    uri: https://gizmok79.fhcrc.org:45745/api/workflows/v1/d7e52f4a-c7d2-46d4-981c-0d706c42e347/metadata?includeKey=status&includeKey=failures&includeKey=jobId
  response:
    body:
      string: '{"status":"Submitted","calls":{},"id":"d7e52f4a-c7d2-46d4-981c-0d706c42e347"}'
    headers:
      Connection:
      - keep-alive
      Content-Type:
      - application/json
      Date:
      - Mon, 19 May 2025 18:21:04 GMT
      Server:
      - nginx/1.25.3
      Transfer-Encoding:
      - chunked
      content-length:
      - '77'
    status:
      code: 200
      message: OK
- request:
    body: ''
    headers:
      accept:
      - '*/*'
      accept-encoding:
      - gzip, deflate
      connection:
      - keep-alive
      host:
      - gizmok79.fhcrc.org:45745
      user-agent:
      - python-httpx/0.28.1
    method: GET
    uri: https://gizmok79.fhcrc.org:45745/api/workflows/v1/d7e52f4a-c7d2-46d4-981c-0d706c42e347/metadata?includeKey=status&includeKey=failures&includeKey=jobId
  response:
    body:
      string: '{"status":"Submitted","calls":{},"id":"d7e52f4a-c7d2-46d4-981c-0d706c42e347"}'
    headers:
      Connection:
      - keep-alive
      Content-Type:
      - application/json
      Date:
      - Mon, 19 May 2025 18:21:09 GMT
      Server:
      - nginx/1.25.3
      Transfer-Encoding:
      - chunked
      content-length:
      - '77'
    status:
      code: 200
      message: OK
- request:
    body: ''
    headers:
      accept:
      - '*/*'
      accept-encoding:
      - gzip, deflate
      connection:
      - keep-alive
      host:
      - gizmok79.fhcrc.org:45745
      user-agent:
      - python-httpx/0.28.1
    method: GET
    uri: https://gizmok79.fhcrc.org:45745/api/workflows/v1/d7e52f4a-c7d2-46d4-981c-0d706c42e347/metadata?includeKey=status&includeKey=failures&includeKey=jobId
  response:
    body:
      string: '{"status":"Submitted","calls":{},"id":"d7e52f4a-c7d2-46d4-981c-0d706c42e347"}'
    headers:
      Connection:
      - keep-alive
      Content-Type:
      - application/json
      Date:
      - Mon, 19 May 2025 18:21:14 GMT
      Server:
      - nginx/1.25.3
      Transfer-Encoding:
      - chunked
      content-length:
      - '77'
    status:
      code: 200
      message: OK
- request:
    body: ''
    headers:
      accept:
      - '*/*'
      accept-encoding:
      - gzip, deflate
      connection:
      - keep-alive
      host:
      - gizmok79.fhcrc.org:45745
      user-agent:
      - python-httpx/0.28.1
    method: GET
    uri: https://gizmok79.fhcrc.org:45745/api/workflows/v1/d7e52f4a-c7d2-46d4-981c-0d706c42e347/metadata?includeKey=status&includeKey=failures&includeKey=jobId
  response:
    body:
      string: '{"status":"Submitted","calls":{},"id":"d7e52f4a-c7d2-46d4-981c-0d706c42e347"}'
    headers:
      Connection:
      - keep-alive
      Content-Type:
      - application/json
      Date:
      - Mon, 19 May 2025 18:21:19 GMT
      Server:
      - nginx/1.25.3
      Transfer-Encoding:
      - chunked
      content-length:
      - '77'
    status:
      code: 200
      message: OK
- request:
    body: ''
    headers:
      accept:
      - '*/*'
      accept-encoding:
      - gzip, deflate
      connection:
      - keep-alive
      host:
      - gizmok79.fhcrc.org:45745
      user-agent:
      - python-httpx/0.28.1
    method: GET
    uri: https://gizmok79.fhcrc.org:45745/api/workflows/v1/d7e52f4a-c7d2-46d4-981c-0d706c42e347/metadata?includeKey=status&includeKey=failures&includeKey=jobId
  response:
    body:
      string: '{"status":"Submitted","calls":{},"id":"d7e52f4a-c7d2-46d4-981c-0d706c42e347"}'
    headers:
      Connection:
      - keep-alive
      Content-Type:
      - application/json
      Date:
      - Mon, 19 May 2025 18:21:24 GMT
      Server:
      - nginx/1.25.3
      Transfer-Encoding:
      - chunked
      content-length:
      - '77'
    status:
      code: 200
      message: OK
- request:
    body: ''
    headers:
      accept:
      - '*/*'
      accept-encoding:
      - gzip, deflate
      connection:
      - keep-alive
      host:
      - gizmok79.fhcrc.org:45745
      user-agent:
      - python-httpx/0.28.1
    method: GET
    uri: https://gizmok79.fhcrc.org:45745/api/workflows/v1/d7e52f4a-c7d2-46d4-981c-0d706c42e347/metadata?includeKey=status&includeKey=failures&includeKey=jobId
  response:
    body:
      string: '{"status":"Submitted","calls":{},"id":"d7e52f4a-c7d2-46d4-981c-0d706c42e347"}'
    headers:
      Connection:
      - keep-alive
      Content-Type:
      - application/json
      Date:
      - Mon, 19 May 2025 18:21:29 GMT
      Server:
      - nginx/1.25.3
      Transfer-Encoding:
      - chunked
      content-length:
      - '77'
    status:
      code: 200
      message: OK
- request:
    body: ''
    headers:
      accept:
      - '*/*'
      accept-encoding:
      - gzip, deflate
      connection:
      - keep-alive
      host:
      - gizmok79.fhcrc.org:45745
      user-agent:
      - python-httpx/0.28.1
    method: GET
    uri: https://gizmok79.fhcrc.org:45745/api/workflows/v1/d7e52f4a-c7d2-46d4-981c-0d706c42e347/metadata?includeKey=status&includeKey=failures&includeKey=jobId
  response:
    body:
      string: '{"status":"Submitted","calls":{},"id":"d7e52f4a-c7d2-46d4-981c-0d706c42e347"}'
    headers:
      Connection:
      - keep-alive
      Content-Type:
      - application/json
      Date:
      - Mon, 19 May 2025 18:21:34 GMT
      Server:
      - nginx/1.25.3
      Transfer-Encoding:
      - chunked
      content-length:
      - '77'
    status:
      code: 200
      message: OK
- request:
    body: ''
    headers:
      accept:
      - '*/*'
      accept-encoding:
      - gzip, deflate
      connection:
      - keep-alive
      host:
      - gizmok79.fhcrc.org:45745
      user-agent:
      - python-httpx/0.28.1
    method: GET
    uri: https://gizmok79.fhcrc.org:45745/api/workflows/v1/d7e52f4a-c7d2-46d4-981c-0d706c42e347/metadata?includeKey=status&includeKey=failures&includeKey=jobId
  response:
    body:
      string: '{"status":"Submitted","calls":{},"id":"d7e52f4a-c7d2-46d4-981c-0d706c42e347"}'
    headers:
      Connection:
      - keep-alive
      Content-Type:
      - application/json
      Date:
      - Mon, 19 May 2025 18:21:39 GMT
      Server:
      - nginx/1.25.3
      Transfer-Encoding:
      - chunked
      content-length:
      - '77'
    status:
      code: 200
      message: OK
- request:
    body: ''
    headers:
      accept:
      - '*/*'
      accept-encoding:
      - gzip, deflate
      connection:
      - keep-alive
      host:
      - gizmok79.fhcrc.org:45745
      user-agent:
      - python-httpx/0.28.1
    method: GET
    uri: https://gizmok79.fhcrc.org:45745/api/workflows/v1/d7e52f4a-c7d2-46d4-981c-0d706c42e347/metadata?includeKey=status&includeKey=failures&includeKey=jobId
  response:
    body:
      string: '{"status":"Submitted","calls":{},"id":"d7e52f4a-c7d2-46d4-981c-0d706c42e347"}'
    headers:
      Connection:
      - keep-alive
      Content-Type:
      - application/json
      Date:
      - Mon, 19 May 2025 18:21:44 GMT
      Server:
      - nginx/1.25.3
      Transfer-Encoding:
      - chunked
      content-length:
      - '77'
    status:
      code: 200
      message: OK
- request:
    body: ''
    headers:
      accept:
      - '*/*'
      accept-encoding:
      - gzip, deflate
      connection:
      - keep-alive
      host:
      - gizmok79.fhcrc.org:45745
      user-agent:
      - python-httpx/0.28.1
    method: GET
    uri: https://gizmok79.fhcrc.org:45745/api/workflows/v1/d7e52f4a-c7d2-46d4-981c-0d706c42e347/metadata?includeKey=status&includeKey=failures&includeKey=jobId
  response:
    body:
      string: '{"status":"Submitted","calls":{},"id":"d7e52f4a-c7d2-46d4-981c-0d706c42e347"}'
    headers:
      Connection:
      - keep-alive
      Content-Type:
      - application/json
      Date:
      - Mon, 19 May 2025 18:21:49 GMT
      Server:
      - nginx/1.25.3
      Transfer-Encoding:
      - chunked
      content-length:
      - '77'
    status:
      code: 200
      message: OK
- request:
    body: ''
    headers:
      accept:
      - '*/*'
      accept-encoding:
      - gzip, deflate
      connection:
      - keep-alive
      host:
      - gizmok79.fhcrc.org:45745
      user-agent:
      - python-httpx/0.28.1
    method: GET
    uri: https://gizmok79.fhcrc.org:45745/api/workflows/v1/d7e52f4a-c7d2-46d4-981c-0d706c42e347/metadata?includeKey=status&includeKey=failures&includeKey=jobId
  response:
    body:
      string: '{"status":"Submitted","calls":{},"id":"d7e52f4a-c7d2-46d4-981c-0d706c42e347"}'
    headers:
      Connection:
      - keep-alive
      Content-Type:
      - application/json
      Date:
      - Mon, 19 May 2025 18:21:54 GMT
      Server:
      - nginx/1.25.3
      Transfer-Encoding:
      - chunked
      content-length:
      - '77'
    status:
      code: 200
      message: OK
- request:
    body: ''
    headers:
      accept:
      - '*/*'
      accept-encoding:
      - gzip, deflate
      connection:
      - keep-alive
      host:
      - gizmok79.fhcrc.org:45745
      user-agent:
      - python-httpx/0.28.1
    method: GET
    uri: https://gizmok79.fhcrc.org:45745/api/workflows/v1/d7e52f4a-c7d2-46d4-981c-0d706c42e347/metadata?includeKey=status&includeKey=failures&includeKey=jobId
  response:
    body:
      string: '{"status":"Submitted","calls":{},"id":"d7e52f4a-c7d2-46d4-981c-0d706c42e347"}'
    headers:
      Connection:
      - keep-alive
      Content-Type:
      - application/json
      Date:
      - Mon, 19 May 2025 18:21:59 GMT
      Server:
      - nginx/1.25.3
      Transfer-Encoding:
      - chunked
      content-length:
      - '77'
    status:
      code: 200
      message: OK
- request:
    body: ''
    headers:
      accept:
      - '*/*'
      accept-encoding:
      - gzip, deflate
      connection:
      - keep-alive
      host:
      - gizmok79.fhcrc.org:45745
      user-agent:
      - python-httpx/0.28.1
    method: GET
    uri: https://gizmok79.fhcrc.org:45745/api/workflows/v1/d7e52f4a-c7d2-46d4-981c-0d706c42e347/metadata?includeKey=status&includeKey=failures&includeKey=jobId
  response:
    body:
      string: '{"status":"Submitted","calls":{},"id":"d7e52f4a-c7d2-46d4-981c-0d706c42e347"}'
    headers:
      Connection:
      - keep-alive
      Content-Type:
      - application/json
      Date:
      - Mon, 19 May 2025 18:22:05 GMT
      Server:
      - nginx/1.25.3
      Transfer-Encoding:
      - chunked
      content-length:
      - '77'
    status:
      code: 200
      message: OK
- request:
    body: ''
    headers:
      accept:
      - '*/*'
      accept-encoding:
      - gzip, deflate
      connection:
      - keep-alive
      host:
      - gizmok79.fhcrc.org:45745
      user-agent:
      - python-httpx/0.28.1
    method: GET
    uri: https://gizmok79.fhcrc.org:45745/api/workflows/v1/d7e52f4a-c7d2-46d4-981c-0d706c42e347/metadata?includeKey=status&includeKey=failures&includeKey=jobId
  response:
    body:
      string: '{"status":"Submitted","calls":{},"id":"d7e52f4a-c7d2-46d4-981c-0d706c42e347"}'
    headers:
      Connection:
      - keep-alive
      Content-Type:
      - application/json
      Date:
      - Mon, 19 May 2025 18:22:10 GMT
      Server:
      - nginx/1.25.3
      Transfer-Encoding:
      - chunked
      content-length:
      - '77'
    status:
      code: 200
      message: OK
- request:
    body: ''
    headers:
      accept:
      - '*/*'
      accept-encoding:
      - gzip, deflate
      connection:
      - keep-alive
      host:
      - gizmok79.fhcrc.org:45745
      user-agent:
      - python-httpx/0.28.1
    method: GET
    uri: https://gizmok79.fhcrc.org:45745/api/workflows/v1/d7e52f4a-c7d2-46d4-981c-0d706c42e347/metadata?includeKey=status&includeKey=failures&includeKey=jobId
  response:
    body:
      string: '{"status":"Submitted","calls":{},"id":"d7e52f4a-c7d2-46d4-981c-0d706c42e347"}'
    headers:
      Connection:
      - keep-alive
      Content-Type:
      - application/json
      Date:
      - Mon, 19 May 2025 18:22:15 GMT
      Server:
      - nginx/1.25.3
      Transfer-Encoding:
      - chunked
      content-length:
      - '77'
    status:
      code: 200
      message: OK
- request:
    body: ''
    headers:
      accept:
      - '*/*'
      accept-encoding:
      - gzip, deflate
      connection:
      - keep-alive
      host:
      - gizmok79.fhcrc.org:45745
      user-agent:
      - python-httpx/0.28.1
    method: GET
    uri: https://gizmok79.fhcrc.org:45745/api/workflows/v1/d7e52f4a-c7d2-46d4-981c-0d706c42e347/metadata?includeKey=status&includeKey=failures&includeKey=jobId
  response:
    body:
      string: '{"status":"Submitted","calls":{},"id":"d7e52f4a-c7d2-46d4-981c-0d706c42e347"}'
    headers:
      Connection:
      - keep-alive
      Content-Type:
      - application/json
      Date:
      - Mon, 19 May 2025 18:22:20 GMT
      Server:
      - nginx/1.25.3
      Transfer-Encoding:
      - chunked
      content-length:
      - '77'
    status:
      code: 200
      message: OK
- request:
    body: ''
    headers:
      accept:
      - '*/*'
      accept-encoding:
      - gzip, deflate
      connection:
      - keep-alive
      host:
      - gizmok79.fhcrc.org:45745
      user-agent:
      - python-httpx/0.28.1
    method: GET
    uri: https://gizmok79.fhcrc.org:45745/api/workflows/v1/d7e52f4a-c7d2-46d4-981c-0d706c42e347/metadata?includeKey=status&includeKey=failures&includeKey=jobId
  response:
    body:
      string: '{"status":"Submitted","calls":{},"id":"d7e52f4a-c7d2-46d4-981c-0d706c42e347"}'
    headers:
      Connection:
      - keep-alive
      Content-Type:
      - application/json
      Date:
      - Mon, 19 May 2025 18:22:25 GMT
      Server:
      - nginx/1.25.3
      Transfer-Encoding:
      - chunked
      content-length:
      - '77'
    status:
      code: 200
      message: OK
- request:
    body: ''
    headers:
      accept:
      - '*/*'
      accept-encoding:
      - gzip, deflate
      connection:
      - keep-alive
      host:
      - gizmok79.fhcrc.org:45745
      user-agent:
      - python-httpx/0.28.1
    method: GET
    uri: https://gizmok79.fhcrc.org:45745/api/workflows/v1/d7e52f4a-c7d2-46d4-981c-0d706c42e347/metadata?includeKey=status&includeKey=failures&includeKey=jobId
  response:
    body:
      string: '{"status":"Submitted","calls":{},"id":"d7e52f4a-c7d2-46d4-981c-0d706c42e347"}'
    headers:
      Connection:
      - keep-alive
      Content-Type:
      - application/json
      Date:
      - Mon, 19 May 2025 18:22:30 GMT
      Server:
      - nginx/1.25.3
      Transfer-Encoding:
      - chunked
      content-length:
      - '77'
    status:
      code: 200
      message: OK
- request:
    body: ''
    headers:
      accept:
      - '*/*'
      accept-encoding:
      - gzip, deflate
      connection:
      - keep-alive
      host:
      - gizmok79.fhcrc.org:45745
      user-agent:
      - python-httpx/0.28.1
    method: GET
    uri: https://gizmok79.fhcrc.org:45745/api/workflows/v1/d7e52f4a-c7d2-46d4-981c-0d706c42e347/metadata?includeKey=status&includeKey=failures&includeKey=jobId
  response:
    body:
      string: '{"status":"Submitted","calls":{},"id":"d7e52f4a-c7d2-46d4-981c-0d706c42e347"}'
    headers:
      Connection:
      - keep-alive
      Content-Type:
      - application/json
      Date:
      - Mon, 19 May 2025 18:22:35 GMT
      Server:
      - nginx/1.25.3
      Transfer-Encoding:
      - chunked
      content-length:
      - '77'
    status:
      code: 200
      message: OK
- request:
    body: ''
    headers:
      accept:
      - '*/*'
      accept-encoding:
      - gzip, deflate
      connection:
      - keep-alive
      host:
      - gizmok79.fhcrc.org:45745
      user-agent:
      - python-httpx/0.28.1
    method: GET
    uri: https://gizmok79.fhcrc.org:45745/api/workflows/v1/d7e52f4a-c7d2-46d4-981c-0d706c42e347/metadata?includeKey=status&includeKey=failures&includeKey=jobId
  response:
    body:
      string: '{"status":"Submitted","calls":{},"id":"d7e52f4a-c7d2-46d4-981c-0d706c42e347"}'
    headers:
      Connection:
      - keep-alive
      Content-Type:
      - application/json
      Date:
      - Mon, 19 May 2025 18:22:40 GMT
      Server:
      - nginx/1.25.3
      Transfer-Encoding:
      - chunked
      content-length:
      - '77'
    status:
      code: 200
      message: OK
- request:
    body: ''
    headers:
      accept:
      - '*/*'
      accept-encoding:
      - gzip, deflate
      connection:
      - keep-alive
      host:
      - gizmok79.fhcrc.org:45745
      user-agent:
      - python-httpx/0.28.1
    method: GET
    uri: https://gizmok79.fhcrc.org:45745/api/workflows/v1/d7e52f4a-c7d2-46d4-981c-0d706c42e347/metadata?includeKey=status&includeKey=failures&includeKey=jobId
  response:
    body:
      string: '{"status":"Submitted","calls":{},"id":"d7e52f4a-c7d2-46d4-981c-0d706c42e347"}'
    headers:
      Connection:
      - keep-alive
      Content-Type:
      - application/json
      Date:
      - Mon, 19 May 2025 18:22:45 GMT
      Server:
      - nginx/1.25.3
      Transfer-Encoding:
      - chunked
      content-length:
      - '77'
    status:
      code: 200
      message: OK
- request:
    body: ''
    headers:
      accept:
      - '*/*'
      accept-encoding:
      - gzip, deflate
      connection:
      - keep-alive
      host:
      - gizmok79.fhcrc.org:45745
      user-agent:
      - python-httpx/0.28.1
    method: GET
    uri: https://gizmok79.fhcrc.org:45745/api/workflows/v1/d7e52f4a-c7d2-46d4-981c-0d706c42e347/metadata?includeKey=status&includeKey=failures&includeKey=jobId
  response:
    body:
      string: '{"status":"Submitted","calls":{},"id":"d7e52f4a-c7d2-46d4-981c-0d706c42e347"}'
    headers:
      Connection:
      - keep-alive
      Content-Type:
      - application/json
      Date:
      - Mon, 19 May 2025 18:22:50 GMT
      Server:
      - nginx/1.25.3
      Transfer-Encoding:
      - chunked
      content-length:
      - '77'
    status:
      code: 200
      message: OK
- request:
    body: ''
    headers:
      accept:
      - '*/*'
      accept-encoding:
      - gzip, deflate
      connection:
      - keep-alive
      host:
      - gizmok79.fhcrc.org:45745
      user-agent:
      - python-httpx/0.28.1
    method: GET
    uri: https://gizmok79.fhcrc.org:45745/api/workflows/v1/d7e52f4a-c7d2-46d4-981c-0d706c42e347/metadata?includeKey=status&includeKey=failures&includeKey=jobId
  response:
    body:
      string: '{"status":"Submitted","calls":{},"id":"d7e52f4a-c7d2-46d4-981c-0d706c42e347"}'
    headers:
      Connection:
      - keep-alive
      Content-Type:
      - application/json
      Date:
      - Mon, 19 May 2025 18:22:55 GMT
      Server:
      - nginx/1.25.3
      Transfer-Encoding:
      - chunked
      content-length:
      - '77'
    status:
      code: 200
      message: OK
- request:
    body: ''
    headers:
      accept:
      - '*/*'
      accept-encoding:
      - gzip, deflate
      connection:
      - keep-alive
      host:
      - gizmok79.fhcrc.org:45745
      user-agent:
      - python-httpx/0.28.1
    method: GET
    uri: https://gizmok79.fhcrc.org:45745/api/workflows/v1/d7e52f4a-c7d2-46d4-981c-0d706c42e347/metadata?includeKey=status&includeKey=failures&includeKey=jobId
  response:
    body:
      string: '{"status":"Submitted","calls":{},"id":"d7e52f4a-c7d2-46d4-981c-0d706c42e347"}'
    headers:
      Connection:
      - keep-alive
      Content-Type:
      - application/json
      Date:
      - Mon, 19 May 2025 18:23:00 GMT
      Server:
      - nginx/1.25.3
      Transfer-Encoding:
      - chunked
      content-length:
      - '77'
    status:
      code: 200
      message: OK
- request:
    body: ''
    headers:
      accept:
      - '*/*'
      accept-encoding:
      - gzip, deflate
      connection:
      - keep-alive
      host:
      - gizmok79.fhcrc.org:45745
      user-agent:
      - python-httpx/0.28.1
    method: GET
    uri: https://gizmok79.fhcrc.org:45745/api/workflows/v1/d7e52f4a-c7d2-46d4-981c-0d706c42e347/metadata?includeKey=status&includeKey=failures&includeKey=jobId
  response:
    body:
      string: '{"status":"Submitted","calls":{},"id":"d7e52f4a-c7d2-46d4-981c-0d706c42e347"}'
    headers:
      Connection:
      - keep-alive
      Content-Type:
      - application/json
      Date:
      - Mon, 19 May 2025 18:23:06 GMT
      Server:
      - nginx/1.25.3
      Transfer-Encoding:
      - chunked
      content-length:
      - '77'
    status:
      code: 200
      message: OK
- request:
    body: ''
    headers:
      accept:
      - '*/*'
      accept-encoding:
      - gzip, deflate
      connection:
      - keep-alive
      host:
      - gizmok79.fhcrc.org:45745
      user-agent:
      - python-httpx/0.28.1
    method: GET
    uri: https://gizmok79.fhcrc.org:45745/api/workflows/v1/d7e52f4a-c7d2-46d4-981c-0d706c42e347/metadata?includeKey=status&includeKey=failures&includeKey=jobId
  response:
    body:
      string: '{"status":"Submitted","calls":{},"id":"d7e52f4a-c7d2-46d4-981c-0d706c42e347"}'
    headers:
      Connection:
      - keep-alive
      Content-Type:
      - application/json
      Date:
      - Mon, 19 May 2025 18:23:11 GMT
      Server:
      - nginx/1.25.3
      Transfer-Encoding:
      - chunked
      content-length:
      - '77'
    status:
      code: 200
      message: OK
- request:
    body: ''
    headers:
      accept:
      - '*/*'
      accept-encoding:
      - gzip, deflate
      connection:
      - keep-alive
      host:
      - gizmok79.fhcrc.org:45745
      user-agent:
      - python-httpx/0.28.1
    method: GET
    uri: https://gizmok79.fhcrc.org:45745/api/workflows/v1/d7e52f4a-c7d2-46d4-981c-0d706c42e347/metadata?includeKey=status&includeKey=failures&includeKey=jobId
  response:
    body:
      string: '{"status":"Submitted","calls":{},"id":"d7e52f4a-c7d2-46d4-981c-0d706c42e347"}'
    headers:
      Connection:
      - keep-alive
      Content-Type:
      - application/json
      Date:
      - Mon, 19 May 2025 18:23:16 GMT
      Server:
      - nginx/1.25.3
      Transfer-Encoding:
      - chunked
      content-length:
      - '77'
    status:
      code: 200
      message: OK
- request:
    body: ''
    headers:
      accept:
      - '*/*'
      accept-encoding:
      - gzip, deflate
      connection:
      - keep-alive
      host:
      - gizmok79.fhcrc.org:45745
      user-agent:
      - python-httpx/0.28.1
    method: GET
    uri: https://gizmok79.fhcrc.org:45745/api/workflows/v1/d7e52f4a-c7d2-46d4-981c-0d706c42e347/metadata?includeKey=status&includeKey=failures&includeKey=jobId
  response:
    body:
      string: '{"status":"Submitted","calls":{},"id":"d7e52f4a-c7d2-46d4-981c-0d706c42e347"}'
    headers:
      Connection:
      - keep-alive
      Content-Type:
      - application/json
      Date:
      - Mon, 19 May 2025 18:23:21 GMT
      Server:
      - nginx/1.25.3
      Transfer-Encoding:
      - chunked
      content-length:
      - '77'
    status:
      code: 200
      message: OK
- request:
    body: ''
    headers:
      accept:
      - '*/*'
      accept-encoding:
      - gzip, deflate
      connection:
      - keep-alive
      host:
      - gizmok79.fhcrc.org:45745
      user-agent:
      - python-httpx/0.28.1
    method: GET
    uri: https://gizmok79.fhcrc.org:45745/api/workflows/v1/d7e52f4a-c7d2-46d4-981c-0d706c42e347/metadata?includeKey=status&includeKey=failures&includeKey=jobId
  response:
    body:
      string: '{"status":"Submitted","calls":{},"id":"d7e52f4a-c7d2-46d4-981c-0d706c42e347"}'
    headers:
      Connection:
      - keep-alive
      Content-Type:
      - application/json
      Date:
      - Mon, 19 May 2025 18:23:26 GMT
      Server:
      - nginx/1.25.3
      Transfer-Encoding:
      - chunked
      content-length:
      - '77'
    status:
      code: 200
      message: OK
- request:
    body: ''
    headers:
      accept:
      - '*/*'
      accept-encoding:
      - gzip, deflate
      connection:
      - keep-alive
      host:
      - gizmok79.fhcrc.org:45745
      user-agent:
      - python-httpx/0.28.1
    method: GET
    uri: https://gizmok79.fhcrc.org:45745/api/workflows/v1/d7e52f4a-c7d2-46d4-981c-0d706c42e347/metadata?includeKey=status&includeKey=failures&includeKey=jobId
  response:
    body:
      string: '{"status":"Submitted","calls":{},"id":"d7e52f4a-c7d2-46d4-981c-0d706c42e347"}'
    headers:
      Connection:
      - keep-alive
      Content-Type:
      - application/json
      Date:
      - Mon, 19 May 2025 18:23:31 GMT
      Server:
      - nginx/1.25.3
      Transfer-Encoding:
      - chunked
      content-length:
      - '77'
    status:
      code: 200
      message: OK
- request:
    body: ''
    headers:
      accept:
      - '*/*'
      accept-encoding:
      - gzip, deflate
      connection:
      - keep-alive
      host:
      - gizmok79.fhcrc.org:45745
      user-agent:
      - python-httpx/0.28.1
    method: GET
    uri: https://gizmok79.fhcrc.org:45745/api/workflows/v1/d7e52f4a-c7d2-46d4-981c-0d706c42e347/metadata?includeKey=status&includeKey=failures&includeKey=jobId
  response:
    body:
      string: '{"status":"Submitted","calls":{},"id":"d7e52f4a-c7d2-46d4-981c-0d706c42e347"}'
    headers:
      Connection:
      - keep-alive
      Content-Type:
      - application/json
      Date:
      - Mon, 19 May 2025 18:23:36 GMT
      Server:
      - nginx/1.25.3
      Transfer-Encoding:
      - chunked
      content-length:
      - '77'
    status:
      code: 200
      message: OK
- request:
    body: ''
    headers:
      accept:
      - '*/*'
      accept-encoding:
      - gzip, deflate
      connection:
      - keep-alive
      host:
      - gizmok79.fhcrc.org:45745
      user-agent:
      - python-httpx/0.28.1
    method: GET
    uri: https://gizmok79.fhcrc.org:45745/api/workflows/v1/d7e52f4a-c7d2-46d4-981c-0d706c42e347/metadata?includeKey=status&includeKey=failures&includeKey=jobId
  response:
    body:
      string: '{"status":"Submitted","calls":{},"id":"d7e52f4a-c7d2-46d4-981c-0d706c42e347"}'
    headers:
      Connection:
      - keep-alive
      Content-Type:
      - application/json
      Date:
      - Mon, 19 May 2025 18:23:41 GMT
      Server:
      - nginx/1.25.3
      Transfer-Encoding:
      - chunked
      content-length:
      - '77'
    status:
      code: 200
      message: OK
- request:
    body: ''
    headers:
      accept:
      - '*/*'
      accept-encoding:
      - gzip, deflate
      connection:
      - keep-alive
      host:
      - gizmok79.fhcrc.org:45745
      user-agent:
      - python-httpx/0.28.1
    method: GET
    uri: https://gizmok79.fhcrc.org:45745/api/workflows/v1/d7e52f4a-c7d2-46d4-981c-0d706c42e347/metadata?includeKey=status&includeKey=failures&includeKey=jobId
  response:
    body:
      string: '{"status":"Submitted","calls":{},"id":"d7e52f4a-c7d2-46d4-981c-0d706c42e347"}'
    headers:
      Connection:
      - keep-alive
      Content-Type:
      - application/json
      Date:
      - Mon, 19 May 2025 18:23:46 GMT
      Server:
      - nginx/1.25.3
      Transfer-Encoding:
      - chunked
      content-length:
      - '77'
    status:
      code: 200
      message: OK
- request:
    body: ''
    headers:
      accept:
      - '*/*'
      accept-encoding:
      - gzip, deflate
      connection:
      - keep-alive
      host:
      - gizmok79.fhcrc.org:45745
      user-agent:
      - python-httpx/0.28.1
    method: GET
    uri: https://gizmok79.fhcrc.org:45745/api/workflows/v1/d7e52f4a-c7d2-46d4-981c-0d706c42e347/metadata?includeKey=status&includeKey=failures&includeKey=jobId
  response:
    body:
      string: '{"status":"Submitted","calls":{},"id":"d7e52f4a-c7d2-46d4-981c-0d706c42e347"}'
    headers:
      Connection:
      - keep-alive
      Content-Type:
      - application/json
      Date:
      - Mon, 19 May 2025 18:23:51 GMT
      Server:
      - nginx/1.25.3
      Transfer-Encoding:
      - chunked
      content-length:
      - '77'
    status:
      code: 200
      message: OK
- request:
    body: ''
    headers:
      accept:
      - '*/*'
      accept-encoding:
      - gzip, deflate
      connection:
      - keep-alive
      host:
      - gizmok79.fhcrc.org:45745
      user-agent:
      - python-httpx/0.28.1
    method: GET
    uri: https://gizmok79.fhcrc.org:45745/api/workflows/v1/d7e52f4a-c7d2-46d4-981c-0d706c42e347/metadata?includeKey=status&includeKey=failures&includeKey=jobId
  response:
    body:
      string: '{"status":"Submitted","calls":{},"id":"d7e52f4a-c7d2-46d4-981c-0d706c42e347"}'
    headers:
      Connection:
      - keep-alive
      Content-Type:
      - application/json
      Date:
      - Mon, 19 May 2025 18:23:56 GMT
      Server:
      - nginx/1.25.3
      Transfer-Encoding:
      - chunked
      content-length:
      - '77'
    status:
      code: 200
      message: OK
- request:
    body: ''
    headers:
      accept:
      - '*/*'
      accept-encoding:
      - gzip, deflate
      connection:
      - keep-alive
      host:
      - gizmok79.fhcrc.org:45745
      user-agent:
      - python-httpx/0.28.1
    method: GET
    uri: https://gizmok79.fhcrc.org:45745/api/workflows/v1/d7e52f4a-c7d2-46d4-981c-0d706c42e347/metadata?includeKey=status&includeKey=failures&includeKey=jobId
  response:
    body:
      string: '{"status":"Submitted","calls":{},"id":"d7e52f4a-c7d2-46d4-981c-0d706c42e347"}'
    headers:
      Connection:
      - keep-alive
      Content-Type:
      - application/json
      Date:
      - Mon, 19 May 2025 18:24:01 GMT
      Server:
      - nginx/1.25.3
      Transfer-Encoding:
      - chunked
      content-length:
      - '77'
    status:
      code: 200
      message: OK
- request:
    body: ''
    headers:
      accept:
      - '*/*'
      accept-encoding:
      - gzip, deflate
      connection:
      - keep-alive
      host:
      - gizmok79.fhcrc.org:45745
      user-agent:
      - python-httpx/0.28.1
    method: GET
    uri: https://gizmok79.fhcrc.org:45745/api/workflows/v1/d7e52f4a-c7d2-46d4-981c-0d706c42e347/metadata?includeKey=status&includeKey=failures&includeKey=jobId
  response:
    body:
      string: '{"status":"Submitted","calls":{},"id":"d7e52f4a-c7d2-46d4-981c-0d706c42e347"}'
    headers:
      Connection:
      - keep-alive
      Content-Type:
      - application/json
      Date:
      - Mon, 19 May 2025 18:24:06 GMT
      Server:
      - nginx/1.25.3
      Transfer-Encoding:
      - chunked
      content-length:
      - '77'
    status:
      code: 200
      message: OK
- request:
    body: ''
    headers:
      accept:
      - '*/*'
      accept-encoding:
      - gzip, deflate
      connection:
      - keep-alive
      host:
      - gizmok79.fhcrc.org:45745
      user-agent:
      - python-httpx/0.28.1
    method: GET
    uri: https://gizmok79.fhcrc.org:45745/api/workflows/v1/d7e52f4a-c7d2-46d4-981c-0d706c42e347/metadata?includeKey=status&includeKey=failures&includeKey=jobId
  response:
    body:
      string: '{"status":"Submitted","calls":{},"id":"d7e52f4a-c7d2-46d4-981c-0d706c42e347"}'
    headers:
      Connection:
      - keep-alive
      Content-Type:
      - application/json
      Date:
      - Mon, 19 May 2025 18:24:12 GMT
      Server:
      - nginx/1.25.3
      Transfer-Encoding:
      - chunked
      content-length:
      - '77'
    status:
      code: 200
      message: OK
- request:
    body: ''
    headers:
      accept:
      - '*/*'
      accept-encoding:
      - gzip, deflate
      connection:
      - keep-alive
      host:
      - gizmok79.fhcrc.org:45745
      user-agent:
      - python-httpx/0.28.1
    method: GET
    uri: https://gizmok79.fhcrc.org:45745/api/workflows/v1/d7e52f4a-c7d2-46d4-981c-0d706c42e347/metadata?includeKey=status&includeKey=failures&includeKey=jobId
  response:
    body:
      string: '{"status":"Submitted","calls":{},"id":"d7e52f4a-c7d2-46d4-981c-0d706c42e347"}'
    headers:
      Connection:
      - keep-alive
      Content-Type:
      - application/json
      Date:
      - Mon, 19 May 2025 18:24:17 GMT
      Server:
      - nginx/1.25.3
      Transfer-Encoding:
      - chunked
      content-length:
      - '77'
    status:
      code: 200
      message: OK
- request:
    body: ''
    headers:
      accept:
      - '*/*'
      accept-encoding:
      - gzip, deflate
      connection:
      - keep-alive
      host:
      - gizmok79.fhcrc.org:45745
      user-agent:
      - python-httpx/0.28.1
    method: GET
    uri: https://gizmok79.fhcrc.org:45745/api/workflows/v1/d7e52f4a-c7d2-46d4-981c-0d706c42e347/metadata?includeKey=status&includeKey=failures&includeKey=jobId
  response:
    body:
      string: '{"status":"Submitted","calls":{},"id":"d7e52f4a-c7d2-46d4-981c-0d706c42e347"}'
    headers:
      Connection:
      - keep-alive
      Content-Type:
      - application/json
      Date:
      - Mon, 19 May 2025 18:24:22 GMT
      Server:
      - nginx/1.25.3
      Transfer-Encoding:
      - chunked
      content-length:
      - '77'
    status:
      code: 200
      message: OK
- request:
    body: ''
    headers:
      accept:
      - '*/*'
      accept-encoding:
      - gzip, deflate
      connection:
      - keep-alive
      host:
      - gizmok79.fhcrc.org:45745
      user-agent:
      - python-httpx/0.28.1
    method: GET
    uri: https://gizmok79.fhcrc.org:45745/api/workflows/v1/d7e52f4a-c7d2-46d4-981c-0d706c42e347/metadata?includeKey=status&includeKey=failures&includeKey=jobId
  response:
    body:
      string: '{"status":"Running","calls":{},"id":"d7e52f4a-c7d2-46d4-981c-0d706c42e347"}'
    headers:
      Connection:
      - keep-alive
      Content-Type:
      - application/json
      Date:
      - Mon, 19 May 2025 18:24:27 GMT
      Server:
      - nginx/1.25.3
      Transfer-Encoding:
      - chunked
      content-length:
      - '75'
    status:
      code: 200
      message: OK
- request:
    body: ''
    headers:
      accept:
      - '*/*'
      accept-encoding:
      - gzip, deflate
      connection:
      - keep-alive
      host:
      - gizmok79.fhcrc.org:45745
      user-agent:
      - python-httpx/0.28.1
    method: GET
    uri: https://gizmok79.fhcrc.org:45745/api/workflows/v1/d7e52f4a-c7d2-46d4-981c-0d706c42e347/metadata?includeKey=status&includeKey=failures&includeKey=jobId
  response:
    body:
      string: '{"status":"Running","calls":{},"id":"d7e52f4a-c7d2-46d4-981c-0d706c42e347"}'
    headers:
      Connection:
      - keep-alive
      Content-Type:
      - application/json
      Date:
      - Mon, 19 May 2025 18:24:32 GMT
      Server:
      - nginx/1.25.3
      Transfer-Encoding:
      - chunked
      content-length:
      - '75'
    status:
      code: 200
      message: OK
- request:
    body: ''
    headers:
      accept:
      - '*/*'
      accept-encoding:
      - gzip, deflate
      connection:
      - keep-alive
      host:
      - gizmok79.fhcrc.org:45745
      user-agent:
      - python-httpx/0.28.1
    method: GET
    uri: https://gizmok79.fhcrc.org:45745/api/workflows/v1/d7e52f4a-c7d2-46d4-981c-0d706c42e347/metadata?includeKey=status&includeKey=failures&includeKey=jobId
  response:
    body:
      string: '{"status":"Running","calls":{"emptyGlobTest.create_empty_directory":[{"jobId":"21788529","attempt":1,"shardIndex":-1}]},"id":"d7e52f4a-c7d2-46d4-981c-0d706c42e347"}'
    headers:
      Connection:
      - keep-alive
      Content-Type:
      - application/json
      Date:
      - Mon, 19 May 2025 18:24:37 GMT
      Server:
      - nginx/1.25.3
      Transfer-Encoding:
      - chunked
      content-length:
      - '164'
    status:
      code: 200
      message: OK
- request:
    body: ''
    headers:
      accept:
      - '*/*'
      accept-encoding:
      - gzip, deflate
      connection:
      - keep-alive
      host:
      - gizmok79.fhcrc.org:45745
      user-agent:
      - python-httpx/0.28.1
    method: GET
    uri: https://gizmok79.fhcrc.org:45745/api/workflows/v1/d7e52f4a-c7d2-46d4-981c-0d706c42e347/metadata?includeKey=status&includeKey=failures&includeKey=jobId
  response:
    body:
      string: '{"status":"Running","calls":{"emptyGlobTest.create_empty_directory":[{"jobId":"21788529","attempt":1,"shardIndex":-1}]},"id":"d7e52f4a-c7d2-46d4-981c-0d706c42e347"}'
    headers:
      Connection:
      - keep-alive
      Content-Type:
      - application/json
      Date:
      - Mon, 19 May 2025 18:24:42 GMT
      Server:
      - nginx/1.25.3
      Transfer-Encoding:
      - chunked
      content-length:
      - '164'
    status:
      code: 200
      message: OK
- request:
    body: ''
    headers:
      accept:
      - '*/*'
      accept-encoding:
      - gzip, deflate
      connection:
      - keep-alive
      host:
      - gizmok79.fhcrc.org:45745
      user-agent:
      - python-httpx/0.28.1
    method: GET
    uri: https://gizmok79.fhcrc.org:45745/api/workflows/v1/d7e52f4a-c7d2-46d4-981c-0d706c42e347/metadata?includeKey=status&includeKey=failures&includeKey=jobId
  response:
    body:
      string: '{"status":"Running","calls":{"emptyGlobTest.create_empty_directory":[{"jobId":"21788529","attempt":1,"shardIndex":-1}]},"id":"d7e52f4a-c7d2-46d4-981c-0d706c42e347"}'
    headers:
      Connection:
      - keep-alive
      Content-Type:
      - application/json
      Date:
      - Mon, 19 May 2025 18:24:47 GMT
      Server:
      - nginx/1.25.3
      Transfer-Encoding:
      - chunked
      content-length:
      - '164'
    status:
      code: 200
      message: OK
- request:
    body: ''
    headers:
      accept:
      - '*/*'
      accept-encoding:
      - gzip, deflate
      connection:
      - keep-alive
      host:
      - gizmok79.fhcrc.org:45745
      user-agent:
      - python-httpx/0.28.1
    method: GET
    uri: https://gizmok79.fhcrc.org:45745/api/workflows/v1/d7e52f4a-c7d2-46d4-981c-0d706c42e347/metadata?includeKey=status&includeKey=failures&includeKey=jobId
  response:
    body:
      string: '{"status":"Running","calls":{"emptyGlobTest.create_empty_directory":[{"jobId":"21788529","attempt":1,"shardIndex":-1}]},"id":"d7e52f4a-c7d2-46d4-981c-0d706c42e347"}'
    headers:
      Connection:
      - keep-alive
      Content-Type:
      - application/json
      Date:
      - Mon, 19 May 2025 18:24:52 GMT
      Server:
      - nginx/1.25.3
      Transfer-Encoding:
      - chunked
      content-length:
      - '164'
    status:
      code: 200
      message: OK
- request:
    body: ''
    headers:
      accept:
      - '*/*'
      accept-encoding:
      - gzip, deflate
      connection:
      - keep-alive
      host:
      - gizmok79.fhcrc.org:45745
      user-agent:
      - python-httpx/0.28.1
    method: GET
    uri: https://gizmok79.fhcrc.org:45745/api/workflows/v1/d7e52f4a-c7d2-46d4-981c-0d706c42e347/metadata?includeKey=status&includeKey=failures&includeKey=jobId
  response:
    body:
      string: '{"status":"Running","calls":{"emptyGlobTest.create_empty_directory":[{"jobId":"21788529","attempt":1,"shardIndex":-1}]},"id":"d7e52f4a-c7d2-46d4-981c-0d706c42e347"}'
    headers:
      Connection:
      - keep-alive
      Content-Type:
      - application/json
      Date:
      - Mon, 19 May 2025 18:24:57 GMT
      Server:
      - nginx/1.25.3
      Transfer-Encoding:
      - chunked
      content-length:
      - '164'
    status:
      code: 200
      message: OK
- request:
    body: ''
    headers:
      accept:
      - '*/*'
      accept-encoding:
      - gzip, deflate
      connection:
      - keep-alive
      host:
      - gizmok79.fhcrc.org:45745
      user-agent:
      - python-httpx/0.28.1
    method: GET
    uri: https://gizmok79.fhcrc.org:45745/api/workflows/v1/d7e52f4a-c7d2-46d4-981c-0d706c42e347/metadata?includeKey=status&includeKey=failures&includeKey=jobId
  response:
    body:
      string: '{"status":"Succeeded","calls":{"emptyGlobTest.create_empty_directory":[{"jobId":"21788529","attempt":1,"shardIndex":-1}]},"id":"d7e52f4a-c7d2-46d4-981c-0d706c42e347"}'
    headers:
      Connection:
      - keep-alive
      Content-Type:
      - application/json
      Date:
      - Mon, 19 May 2025 18:25:02 GMT
      Server:
      - nginx/1.25.3
      Transfer-Encoding:
      - chunked
      content-length:
      - '166'
    status:
      code: 200
      message: OK
version: 1
