interactions:
- request:
    body: "--1a430f85ea4d948c0cbdb99c200e66f4\r\nContent-Disposition: form-data; name=\"workflowSource\";
      filename=\"structTypeTest.wdl\"\r\nContent-Type: application/octet-stream\r\n\r\nversion
      1.0\n\n## This workflow demonstrates advanced struct features in WDL including:\n##
      1. Optional fields\n## 2. Nested structs\n## 3. Default values (handled in the
      workflow)\n\n#### STRUCT DEFINITIONS\n\n# Nested struct for sequencing metadata\nstruct
      SequencingInfo {\n    String platform\n    String? flowcell_id\n    Int? lane_number\n}\n\n#
      Nested struct for quality metrics\nstruct QualityMetrics {\n    Float quality_score\n
      \   Float? gc_content\n    Int? duplicate_rate\n}\n\n# Main struct with nested
      structures and optional fields\nstruct SampleInfo {\n    String name\n    String?
      type\n    Int? read_length\n    String? library_prep\n    SequencingInfo sequencing\n
      \   QualityMetrics metrics\n}\n\n#### WORKFLOW DEFINITION\n\nworkflow struct_example
      {\n    input {\n        Array[SampleInfo] sample_information\n    }\n\n    scatter
      (sample_info in sample_information) {\n        SampleInfo processed_sample =
      object {\n            name: sample_info.name,\n            type: select_first([sample_info.type,
      \"normal\"]),\n            read_length: select_first([sample_info.read_length,
      100]),\n            library_prep: sample_info.library_prep,\n            sequencing:
      sample_info.sequencing,\n            metrics: sample_info.metrics\n        }\n\n
      \       call process_sample {\n            input:\n                sample =
      processed_sample\n        }\n    }\n}\n\n#### TASK DEFINITIONS\n\ntask process_sample
      {\n    input {\n        SampleInfo sample\n    }\n\n    command <<<\n        echo
      \"Processing ~{sample.name} (~{sample.type})\"\n        echo \"Read Length:
      ~{sample.read_length}\"\n        echo \"Sequencing Platform: ~{sample.sequencing.platform}\"\n
      \       echo \"Flowcell ID: ~{select_first([sample.sequencing.flowcell_id, 'N/A'])}\"\n
      \       echo \"Lane Number: ~{select_first([sample.sequencing.lane_number, -1])}\"\n
      \       echo \"Quality Score: ~{sample.metrics.quality_score}\"\n        echo
      \"GC Content: ~{select_first([sample.metrics.gc_content, 0])}\"\n        echo
      \"Duplicate Rate: ~{select_first([sample.metrics.duplicate_rate, 0])}%\"\n        echo
      \"Library Prep: ~{select_first([sample.library_prep, 'Standard'])}\"\n    >>>\n\n
      \   output {\n        String message = read_string(stdout())\n    }\n\n    runtime
      {\n        docker: \"ubuntu:noble-20241118.1\"\n    }\n}\n\r\n--1a430f85ea4d948c0cbdb99c200e66f4\r\nContent-Disposition:
      form-data; name=\"workflowInputs\"; filename=\"inputs.json\"\r\nContent-Type:
      application/json\r\n\r\n{\n    \"struct_example.sample_information\": [\n        {\n
      \           \"name\": \"sample1\",\n            \"sequencing\": {\n                \"platform\":
      \"NovaSeq\",\n                \"flowcell_id\": \"H5K5YDSXX\",\n                \"lane_number\":
      1\n            },\n            \"metrics\": {\n                \"quality_score\":
      95.5,\n                \"gc_content\": 45.2,\n                \"duplicate_rate\":
      2\n            }\n        },\n        {\n            \"name\": \"sample2\",\n
      \           \"type\": \"tumor\",\n            \"read_length\": 150,\n            \"library_prep\":
      \"PCR-free\",\n            \"sequencing\": {\n                \"platform\":
      \"NovaSeq\"\n            },\n            \"metrics\": {\n                \"quality_score\":
      92.3\n            }\n        }\n    ]\n}\n\r\n--1a430f85ea4d948c0cbdb99c200e66f4\r\nContent-Disposition:
      form-data; name=\"workflowOptions\"; filename=\"options.json\"\r\nContent-Type:
      application/json\r\n\r\n{\n    \"workflow_failure_mode\": \"ContinueWhilePossible\",\n
      \   \"write_to_cache\": false,\n    \"read_from_cache\": false\n}\n\r\n--1a430f85ea4d948c0cbdb99c200e66f4--\r\n"
    headers:
      accept:
      - '*/*'
      accept-encoding:
      - gzip, deflate
      connection:
      - keep-alive
      content-length:
      - '3561'
      content-type:
      - multipart/form-data; boundary=1a430f85ea4d948c0cbdb99c200e66f4
      host:
      - gizmoj8.fhcrc.org:44825
      user-agent:
      - python-httpx/0.28.1
    method: POST
    uri: https://gizmoj8.fhcrc.org:44825/api/workflows/v1
  response:
    body:
      string: '{"id":"6428e5da-e1ea-4228-9f7a-e3c591f7e9e7","status":"Submitted"}'
    headers:
      Connection:
      - keep-alive
      Content-Length:
      - '66'
      Content-Type:
      - application/json
      Date:
      - Sun, 31 Aug 2025 04:09:49 GMT
      Server:
      - nginx/1.25.3
    status:
      code: 201
      message: Created
- request:
    body: ''
    headers:
      accept:
      - '*/*'
      accept-encoding:
      - gzip, deflate
      connection:
      - keep-alive
      host:
      - gizmoj8.fhcrc.org:44825
      user-agent:
      - python-httpx/0.28.1
    method: GET
    uri: https://gizmoj8.fhcrc.org:44825/api/workflows/v1/6428e5da-e1ea-4228-9f7a-e3c591f7e9e7/metadata?includeKey=status&includeKey=failures&includeKey=jobId
  response:
    body:
      string: '{"status":"Submitted","calls":{},"id":"6428e5da-e1ea-4228-9f7a-e3c591f7e9e7"}'
    headers:
      Connection:
      - keep-alive
      Content-Type:
      - application/json
      Date:
      - Sun, 31 Aug 2025 04:09:54 GMT
      Server:
      - nginx/1.25.3
      Transfer-Encoding:
      - chunked
      content-length:
      - '77'
    status:
      code: 200
      message: OK
- request:
    body: ''
    headers:
      accept:
      - '*/*'
      accept-encoding:
      - gzip, deflate
      connection:
      - keep-alive
      host:
      - gizmoj8.fhcrc.org:44825
      user-agent:
      - python-httpx/0.28.1
    method: GET
    uri: https://gizmoj8.fhcrc.org:44825/api/workflows/v1/6428e5da-e1ea-4228-9f7a-e3c591f7e9e7/metadata?includeKey=status&includeKey=failures&includeKey=jobId
  response:
    body:
      string: '{"status":"Submitted","calls":{},"id":"6428e5da-e1ea-4228-9f7a-e3c591f7e9e7"}'
    headers:
      Connection:
      - keep-alive
      Content-Type:
      - application/json
      Date:
      - Sun, 31 Aug 2025 04:09:59 GMT
      Server:
      - nginx/1.25.3
      Transfer-Encoding:
      - chunked
      content-length:
      - '77'
    status:
      code: 200
      message: OK
- request:
    body: ''
    headers:
      accept:
      - '*/*'
      accept-encoding:
      - gzip, deflate
      connection:
      - keep-alive
      host:
      - gizmoj8.fhcrc.org:44825
      user-agent:
      - python-httpx/0.28.1
    method: GET
    uri: https://gizmoj8.fhcrc.org:44825/api/workflows/v1/6428e5da-e1ea-4228-9f7a-e3c591f7e9e7/metadata?includeKey=status&includeKey=failures&includeKey=jobId
  response:
    body:
      string: '{"status":"Submitted","calls":{},"id":"6428e5da-e1ea-4228-9f7a-e3c591f7e9e7"}'
    headers:
      Connection:
      - keep-alive
      Content-Type:
      - application/json
      Date:
      - Sun, 31 Aug 2025 04:10:04 GMT
      Server:
      - nginx/1.25.3
      Transfer-Encoding:
      - chunked
      content-length:
      - '77'
    status:
      code: 200
      message: OK
- request:
    body: ''
    headers:
      accept:
      - '*/*'
      accept-encoding:
      - gzip, deflate
      connection:
      - keep-alive
      host:
      - gizmoj8.fhcrc.org:44825
      user-agent:
      - python-httpx/0.28.1
    method: GET
    uri: https://gizmoj8.fhcrc.org:44825/api/workflows/v1/6428e5da-e1ea-4228-9f7a-e3c591f7e9e7/metadata?includeKey=status&includeKey=failures&includeKey=jobId
  response:
    body:
      string: '{"status":"Submitted","calls":{},"id":"6428e5da-e1ea-4228-9f7a-e3c591f7e9e7"}'
    headers:
      Connection:
      - keep-alive
      Content-Type:
      - application/json
      Date:
      - Sun, 31 Aug 2025 04:10:09 GMT
      Server:
      - nginx/1.25.3
      Transfer-Encoding:
      - chunked
      content-length:
      - '77'
    status:
      code: 200
      message: OK
- request:
    body: ''
    headers:
      accept:
      - '*/*'
      accept-encoding:
      - gzip, deflate
      connection:
      - keep-alive
      host:
      - gizmoj8.fhcrc.org:44825
      user-agent:
      - python-httpx/0.28.1
    method: GET
    uri: https://gizmoj8.fhcrc.org:44825/api/workflows/v1/6428e5da-e1ea-4228-9f7a-e3c591f7e9e7/metadata?includeKey=status&includeKey=failures&includeKey=jobId
  response:
    body:
      string: '{"status":"Submitted","calls":{},"id":"6428e5da-e1ea-4228-9f7a-e3c591f7e9e7"}'
    headers:
      Connection:
      - keep-alive
      Content-Type:
      - application/json
      Date:
      - Sun, 31 Aug 2025 04:10:14 GMT
      Server:
      - nginx/1.25.3
      Transfer-Encoding:
      - chunked
      content-length:
      - '77'
    status:
      code: 200
      message: OK
- request:
    body: ''
    headers:
      accept:
      - '*/*'
      accept-encoding:
      - gzip, deflate
      connection:
      - keep-alive
      host:
      - gizmoj8.fhcrc.org:44825
      user-agent:
      - python-httpx/0.28.1
    method: GET
    uri: https://gizmoj8.fhcrc.org:44825/api/workflows/v1/6428e5da-e1ea-4228-9f7a-e3c591f7e9e7/metadata?includeKey=status&includeKey=failures&includeKey=jobId
  response:
    body:
      string: '{"status":"Submitted","calls":{},"id":"6428e5da-e1ea-4228-9f7a-e3c591f7e9e7"}'
    headers:
      Connection:
      - keep-alive
      Content-Type:
      - application/json
      Date:
      - Sun, 31 Aug 2025 04:10:19 GMT
      Server:
      - nginx/1.25.3
      Transfer-Encoding:
      - chunked
      content-length:
      - '77'
    status:
      code: 200
      message: OK
- request:
    body: ''
    headers:
      accept:
      - '*/*'
      accept-encoding:
      - gzip, deflate
      connection:
      - keep-alive
      host:
      - gizmoj8.fhcrc.org:44825
      user-agent:
      - python-httpx/0.28.1
    method: GET
    uri: https://gizmoj8.fhcrc.org:44825/api/workflows/v1/6428e5da-e1ea-4228-9f7a-e3c591f7e9e7/metadata?includeKey=status&includeKey=failures&includeKey=jobId
  response:
    body:
      string: '{"status":"Submitted","calls":{},"id":"6428e5da-e1ea-4228-9f7a-e3c591f7e9e7"}'
    headers:
      Connection:
      - keep-alive
      Content-Type:
      - application/json
      Date:
      - Sun, 31 Aug 2025 04:10:24 GMT
      Server:
      - nginx/1.25.3
      Transfer-Encoding:
      - chunked
      content-length:
      - '77'
    status:
      code: 200
      message: OK
- request:
    body: ''
    headers:
      accept:
      - '*/*'
      accept-encoding:
      - gzip, deflate
      connection:
      - keep-alive
      host:
      - gizmoj8.fhcrc.org:44825
      user-agent:
      - python-httpx/0.28.1
    method: GET
    uri: https://gizmoj8.fhcrc.org:44825/api/workflows/v1/6428e5da-e1ea-4228-9f7a-e3c591f7e9e7/metadata?includeKey=status&includeKey=failures&includeKey=jobId
  response:
    body:
      string: '{"status":"Submitted","calls":{},"id":"6428e5da-e1ea-4228-9f7a-e3c591f7e9e7"}'
    headers:
      Connection:
      - keep-alive
      Content-Type:
      - application/json
      Date:
      - Sun, 31 Aug 2025 04:10:30 GMT
      Server:
      - nginx/1.25.3
      Transfer-Encoding:
      - chunked
      content-length:
      - '77'
    status:
      code: 200
      message: OK
- request:
    body: ''
    headers:
      accept:
      - '*/*'
      accept-encoding:
      - gzip, deflate
      connection:
      - keep-alive
      host:
      - gizmoj8.fhcrc.org:44825
      user-agent:
      - python-httpx/0.28.1
    method: GET
    uri: https://gizmoj8.fhcrc.org:44825/api/workflows/v1/6428e5da-e1ea-4228-9f7a-e3c591f7e9e7/metadata?includeKey=status&includeKey=failures&includeKey=jobId
  response:
    body:
      string: '{"status":"Submitted","calls":{},"id":"6428e5da-e1ea-4228-9f7a-e3c591f7e9e7"}'
    headers:
      Connection:
      - keep-alive
      Content-Type:
      - application/json
      Date:
      - Sun, 31 Aug 2025 04:10:35 GMT
      Server:
      - nginx/1.25.3
      Transfer-Encoding:
      - chunked
      content-length:
      - '77'
    status:
      code: 200
      message: OK
- request:
    body: ''
    headers:
      accept:
      - '*/*'
      accept-encoding:
      - gzip, deflate
      connection:
      - keep-alive
      host:
      - gizmoj8.fhcrc.org:44825
      user-agent:
      - python-httpx/0.28.1
    method: GET
    uri: https://gizmoj8.fhcrc.org:44825/api/workflows/v1/6428e5da-e1ea-4228-9f7a-e3c591f7e9e7/metadata?includeKey=status&includeKey=failures&includeKey=jobId
  response:
    body:
      string: '{"status":"Submitted","calls":{},"id":"6428e5da-e1ea-4228-9f7a-e3c591f7e9e7"}'
    headers:
      Connection:
      - keep-alive
      Content-Type:
      - application/json
      Date:
      - Sun, 31 Aug 2025 04:10:40 GMT
      Server:
      - nginx/1.25.3
      Transfer-Encoding:
      - chunked
      content-length:
      - '77'
    status:
      code: 200
      message: OK
- request:
    body: ''
    headers:
      accept:
      - '*/*'
      accept-encoding:
      - gzip, deflate
      connection:
      - keep-alive
      host:
      - gizmoj8.fhcrc.org:44825
      user-agent:
      - python-httpx/0.28.1
    method: GET
    uri: https://gizmoj8.fhcrc.org:44825/api/workflows/v1/6428e5da-e1ea-4228-9f7a-e3c591f7e9e7/metadata?includeKey=status&includeKey=failures&includeKey=jobId
  response:
    body:
      string: '{"status":"Submitted","calls":{},"id":"6428e5da-e1ea-4228-9f7a-e3c591f7e9e7"}'
    headers:
      Connection:
      - keep-alive
      Content-Type:
      - application/json
      Date:
      - Sun, 31 Aug 2025 04:10:45 GMT
      Server:
      - nginx/1.25.3
      Transfer-Encoding:
      - chunked
      content-length:
      - '77'
    status:
      code: 200
      message: OK
- request:
    body: ''
    headers:
      accept:
      - '*/*'
      accept-encoding:
      - gzip, deflate
      connection:
      - keep-alive
      host:
      - gizmoj8.fhcrc.org:44825
      user-agent:
      - python-httpx/0.28.1
    method: GET
    uri: https://gizmoj8.fhcrc.org:44825/api/workflows/v1/6428e5da-e1ea-4228-9f7a-e3c591f7e9e7/metadata?includeKey=status&includeKey=failures&includeKey=jobId
  response:
    body:
      string: '{"status":"Submitted","calls":{},"id":"6428e5da-e1ea-4228-9f7a-e3c591f7e9e7"}'
    headers:
      Connection:
      - keep-alive
      Content-Type:
      - application/json
      Date:
      - Sun, 31 Aug 2025 04:10:50 GMT
      Server:
      - nginx/1.25.3
      Transfer-Encoding:
      - chunked
      content-length:
      - '77'
    status:
      code: 200
      message: OK
- request:
    body: ''
    headers:
      accept:
      - '*/*'
      accept-encoding:
      - gzip, deflate
      connection:
      - keep-alive
      host:
      - gizmoj8.fhcrc.org:44825
      user-agent:
      - python-httpx/0.28.1
    method: GET
    uri: https://gizmoj8.fhcrc.org:44825/api/workflows/v1/6428e5da-e1ea-4228-9f7a-e3c591f7e9e7/metadata?includeKey=status&includeKey=failures&includeKey=jobId
  response:
    body:
      string: '{"status":"Submitted","calls":{},"id":"6428e5da-e1ea-4228-9f7a-e3c591f7e9e7"}'
    headers:
      Connection:
      - keep-alive
      Content-Type:
      - application/json
      Date:
      - Sun, 31 Aug 2025 04:10:55 GMT
      Server:
      - nginx/1.25.3
      Transfer-Encoding:
      - chunked
      content-length:
      - '77'
    status:
      code: 200
      message: OK
- request:
    body: ''
    headers:
      accept:
      - '*/*'
      accept-encoding:
      - gzip, deflate
      connection:
      - keep-alive
      host:
      - gizmoj8.fhcrc.org:44825
      user-agent:
      - python-httpx/0.28.1
    method: GET
    uri: https://gizmoj8.fhcrc.org:44825/api/workflows/v1/6428e5da-e1ea-4228-9f7a-e3c591f7e9e7/metadata?includeKey=status&includeKey=failures&includeKey=jobId
  response:
    body:
      string: '{"status":"Submitted","calls":{},"id":"6428e5da-e1ea-4228-9f7a-e3c591f7e9e7"}'
    headers:
      Connection:
      - keep-alive
      Content-Type:
      - application/json
      Date:
      - Sun, 31 Aug 2025 04:11:00 GMT
      Server:
      - nginx/1.25.3
      Transfer-Encoding:
      - chunked
      content-length:
      - '77'
    status:
      code: 200
      message: OK
- request:
    body: ''
    headers:
      accept:
      - '*/*'
      accept-encoding:
      - gzip, deflate
      connection:
      - keep-alive
      host:
      - gizmoj8.fhcrc.org:44825
      user-agent:
      - python-httpx/0.28.1
    method: GET
    uri: https://gizmoj8.fhcrc.org:44825/api/workflows/v1/6428e5da-e1ea-4228-9f7a-e3c591f7e9e7/metadata?includeKey=status&includeKey=failures&includeKey=jobId
  response:
    body:
      string: '{"status":"Submitted","calls":{},"id":"6428e5da-e1ea-4228-9f7a-e3c591f7e9e7"}'
    headers:
      Connection:
      - keep-alive
      Content-Type:
      - application/json
      Date:
      - Sun, 31 Aug 2025 04:11:05 GMT
      Server:
      - nginx/1.25.3
      Transfer-Encoding:
      - chunked
      content-length:
      - '77'
    status:
      code: 200
      message: OK
- request:
    body: ''
    headers:
      accept:
      - '*/*'
      accept-encoding:
      - gzip, deflate
      connection:
      - keep-alive
      host:
      - gizmoj8.fhcrc.org:44825
      user-agent:
      - python-httpx/0.28.1
    method: GET
    uri: https://gizmoj8.fhcrc.org:44825/api/workflows/v1/6428e5da-e1ea-4228-9f7a-e3c591f7e9e7/metadata?includeKey=status&includeKey=failures&includeKey=jobId
  response:
    body:
      string: '{"status":"Submitted","calls":{},"id":"6428e5da-e1ea-4228-9f7a-e3c591f7e9e7"}'
    headers:
      Connection:
      - keep-alive
      Content-Type:
      - application/json
      Date:
      - Sun, 31 Aug 2025 04:11:10 GMT
      Server:
      - nginx/1.25.3
      Transfer-Encoding:
      - chunked
      content-length:
      - '77'
    status:
      code: 200
      message: OK
- request:
    body: ''
    headers:
      accept:
      - '*/*'
      accept-encoding:
      - gzip, deflate
      connection:
      - keep-alive
      host:
      - gizmoj8.fhcrc.org:44825
      user-agent:
      - python-httpx/0.28.1
    method: GET
    uri: https://gizmoj8.fhcrc.org:44825/api/workflows/v1/6428e5da-e1ea-4228-9f7a-e3c591f7e9e7/metadata?includeKey=status&includeKey=failures&includeKey=jobId
  response:
    body:
      string: '{"status":"Submitted","calls":{},"id":"6428e5da-e1ea-4228-9f7a-e3c591f7e9e7"}'
    headers:
      Connection:
      - keep-alive
      Content-Type:
      - application/json
      Date:
      - Sun, 31 Aug 2025 04:11:15 GMT
      Server:
      - nginx/1.25.3
      Transfer-Encoding:
      - chunked
      content-length:
      - '77'
    status:
      code: 200
      message: OK
- request:
    body: ''
    headers:
      accept:
      - '*/*'
      accept-encoding:
      - gzip, deflate
      connection:
      - keep-alive
      host:
      - gizmoj8.fhcrc.org:44825
      user-agent:
      - python-httpx/0.28.1
    method: GET
    uri: https://gizmoj8.fhcrc.org:44825/api/workflows/v1/6428e5da-e1ea-4228-9f7a-e3c591f7e9e7/metadata?includeKey=status&includeKey=failures&includeKey=jobId
  response:
    body:
      string: '{"status":"Submitted","calls":{},"id":"6428e5da-e1ea-4228-9f7a-e3c591f7e9e7"}'
    headers:
      Connection:
      - keep-alive
      Content-Type:
      - application/json
      Date:
      - Sun, 31 Aug 2025 04:11:20 GMT
      Server:
      - nginx/1.25.3
      Transfer-Encoding:
      - chunked
      content-length:
      - '77'
    status:
      code: 200
      message: OK
- request:
    body: ''
    headers:
      accept:
      - '*/*'
      accept-encoding:
      - gzip, deflate
      connection:
      - keep-alive
      host:
      - gizmoj8.fhcrc.org:44825
      user-agent:
      - python-httpx/0.28.1
    method: GET
    uri: https://gizmoj8.fhcrc.org:44825/api/workflows/v1/6428e5da-e1ea-4228-9f7a-e3c591f7e9e7/metadata?includeKey=status&includeKey=failures&includeKey=jobId
  response:
    body:
      string: '{"status":"Submitted","calls":{},"id":"6428e5da-e1ea-4228-9f7a-e3c591f7e9e7"}'
    headers:
      Connection:
      - keep-alive
      Content-Type:
      - application/json
      Date:
      - Sun, 31 Aug 2025 04:11:25 GMT
      Server:
      - nginx/1.25.3
      Transfer-Encoding:
      - chunked
      content-length:
      - '77'
    status:
      code: 200
      message: OK
- request:
    body: ''
    headers:
      accept:
      - '*/*'
      accept-encoding:
      - gzip, deflate
      connection:
      - keep-alive
      host:
      - gizmoj8.fhcrc.org:44825
      user-agent:
      - python-httpx/0.28.1
    method: GET
    uri: https://gizmoj8.fhcrc.org:44825/api/workflows/v1/6428e5da-e1ea-4228-9f7a-e3c591f7e9e7/metadata?includeKey=status&includeKey=failures&includeKey=jobId
  response:
    body:
      string: '{"status":"Submitted","calls":{},"id":"6428e5da-e1ea-4228-9f7a-e3c591f7e9e7"}'
    headers:
      Connection:
      - keep-alive
      Content-Type:
      - application/json
      Date:
      - Sun, 31 Aug 2025 04:11:31 GMT
      Server:
      - nginx/1.25.3
      Transfer-Encoding:
      - chunked
      content-length:
      - '77'
    status:
      code: 200
      message: OK
- request:
    body: ''
    headers:
      accept:
      - '*/*'
      accept-encoding:
      - gzip, deflate
      connection:
      - keep-alive
      host:
      - gizmoj8.fhcrc.org:44825
      user-agent:
      - python-httpx/0.28.1
    method: GET
    uri: https://gizmoj8.fhcrc.org:44825/api/workflows/v1/6428e5da-e1ea-4228-9f7a-e3c591f7e9e7/metadata?includeKey=status&includeKey=failures&includeKey=jobId
  response:
    body:
      string: '{"status":"Submitted","calls":{},"id":"6428e5da-e1ea-4228-9f7a-e3c591f7e9e7"}'
    headers:
      Connection:
      - keep-alive
      Content-Type:
      - application/json
      Date:
      - Sun, 31 Aug 2025 04:11:36 GMT
      Server:
      - nginx/1.25.3
      Transfer-Encoding:
      - chunked
      content-length:
      - '77'
    status:
      code: 200
      message: OK
- request:
    body: ''
    headers:
      accept:
      - '*/*'
      accept-encoding:
      - gzip, deflate
      connection:
      - keep-alive
      host:
      - gizmoj8.fhcrc.org:44825
      user-agent:
      - python-httpx/0.28.1
    method: GET
    uri: https://gizmoj8.fhcrc.org:44825/api/workflows/v1/6428e5da-e1ea-4228-9f7a-e3c591f7e9e7/metadata?includeKey=status&includeKey=failures&includeKey=jobId
  response:
    body:
      string: '{"status":"Submitted","calls":{},"id":"6428e5da-e1ea-4228-9f7a-e3c591f7e9e7"}'
    headers:
      Connection:
      - keep-alive
      Content-Type:
      - application/json
      Date:
      - Sun, 31 Aug 2025 04:11:41 GMT
      Server:
      - nginx/1.25.3
      Transfer-Encoding:
      - chunked
      content-length:
      - '77'
    status:
      code: 200
      message: OK
- request:
    body: ''
    headers:
      accept:
      - '*/*'
      accept-encoding:
      - gzip, deflate
      connection:
      - keep-alive
      host:
      - gizmoj8.fhcrc.org:44825
      user-agent:
      - python-httpx/0.28.1
    method: GET
    uri: https://gizmoj8.fhcrc.org:44825/api/workflows/v1/6428e5da-e1ea-4228-9f7a-e3c591f7e9e7/metadata?includeKey=status&includeKey=failures&includeKey=jobId
  response:
    body:
      string: '{"status":"Submitted","calls":{},"id":"6428e5da-e1ea-4228-9f7a-e3c591f7e9e7"}'
    headers:
      Connection:
      - keep-alive
      Content-Type:
      - application/json
      Date:
      - Sun, 31 Aug 2025 04:11:46 GMT
      Server:
      - nginx/1.25.3
      Transfer-Encoding:
      - chunked
      content-length:
      - '77'
    status:
      code: 200
      message: OK
- request:
    body: ''
    headers:
      accept:
      - '*/*'
      accept-encoding:
      - gzip, deflate
      connection:
      - keep-alive
      host:
      - gizmoj8.fhcrc.org:44825
      user-agent:
      - python-httpx/0.28.1
    method: GET
    uri: https://gizmoj8.fhcrc.org:44825/api/workflows/v1/6428e5da-e1ea-4228-9f7a-e3c591f7e9e7/metadata?includeKey=status&includeKey=failures&includeKey=jobId
  response:
    body:
      string: '{"status":"Submitted","calls":{},"id":"6428e5da-e1ea-4228-9f7a-e3c591f7e9e7"}'
    headers:
      Connection:
      - keep-alive
      Content-Type:
      - application/json
      Date:
      - Sun, 31 Aug 2025 04:11:51 GMT
      Server:
      - nginx/1.25.3
      Transfer-Encoding:
      - chunked
      content-length:
      - '77'
    status:
      code: 200
      message: OK
- request:
    body: ''
    headers:
      accept:
      - '*/*'
      accept-encoding:
      - gzip, deflate
      connection:
      - keep-alive
      host:
      - gizmoj8.fhcrc.org:44825
      user-agent:
      - python-httpx/0.28.1
    method: GET
    uri: https://gizmoj8.fhcrc.org:44825/api/workflows/v1/6428e5da-e1ea-4228-9f7a-e3c591f7e9e7/metadata?includeKey=status&includeKey=failures&includeKey=jobId
  response:
    body:
      string: '{"status":"Submitted","calls":{},"id":"6428e5da-e1ea-4228-9f7a-e3c591f7e9e7"}'
    headers:
      Connection:
      - keep-alive
      Content-Type:
      - application/json
      Date:
      - Sun, 31 Aug 2025 04:11:56 GMT
      Server:
      - nginx/1.25.3
      Transfer-Encoding:
      - chunked
      content-length:
      - '77'
    status:
      code: 200
      message: OK
- request:
    body: ''
    headers:
      accept:
      - '*/*'
      accept-encoding:
      - gzip, deflate
      connection:
      - keep-alive
      host:
      - gizmoj8.fhcrc.org:44825
      user-agent:
      - python-httpx/0.28.1
    method: GET
    uri: https://gizmoj8.fhcrc.org:44825/api/workflows/v1/6428e5da-e1ea-4228-9f7a-e3c591f7e9e7/metadata?includeKey=status&includeKey=failures&includeKey=jobId
  response:
    body:
      string: '{"status":"Submitted","calls":{},"id":"6428e5da-e1ea-4228-9f7a-e3c591f7e9e7"}'
    headers:
      Connection:
      - keep-alive
      Content-Type:
      - application/json
      Date:
      - Sun, 31 Aug 2025 04:12:01 GMT
      Server:
      - nginx/1.25.3
      Transfer-Encoding:
      - chunked
      content-length:
      - '77'
    status:
      code: 200
      message: OK
- request:
    body: ''
    headers:
      accept:
      - '*/*'
      accept-encoding:
      - gzip, deflate
      connection:
      - keep-alive
      host:
      - gizmoj8.fhcrc.org:44825
      user-agent:
      - python-httpx/0.28.1
    method: GET
    uri: https://gizmoj8.fhcrc.org:44825/api/workflows/v1/6428e5da-e1ea-4228-9f7a-e3c591f7e9e7/metadata?includeKey=status&includeKey=failures&includeKey=jobId
  response:
    body:
      string: '{"status":"Submitted","calls":{},"id":"6428e5da-e1ea-4228-9f7a-e3c591f7e9e7"}'
    headers:
      Connection:
      - keep-alive
      Content-Type:
      - application/json
      Date:
      - Sun, 31 Aug 2025 04:12:06 GMT
      Server:
      - nginx/1.25.3
      Transfer-Encoding:
      - chunked
      content-length:
      - '77'
    status:
      code: 200
      message: OK
- request:
    body: ''
    headers:
      accept:
      - '*/*'
      accept-encoding:
      - gzip, deflate
      connection:
      - keep-alive
      host:
      - gizmoj8.fhcrc.org:44825
      user-agent:
      - python-httpx/0.28.1
    method: GET
    uri: https://gizmoj8.fhcrc.org:44825/api/workflows/v1/6428e5da-e1ea-4228-9f7a-e3c591f7e9e7/metadata?includeKey=status&includeKey=failures&includeKey=jobId
  response:
    body:
      string: '{"status":"Submitted","calls":{},"id":"6428e5da-e1ea-4228-9f7a-e3c591f7e9e7"}'
    headers:
      Connection:
      - keep-alive
      Content-Type:
      - application/json
      Date:
      - Sun, 31 Aug 2025 04:12:11 GMT
      Server:
      - nginx/1.25.3
      Transfer-Encoding:
      - chunked
      content-length:
      - '77'
    status:
      code: 200
      message: OK
- request:
    body: ''
    headers:
      accept:
      - '*/*'
      accept-encoding:
      - gzip, deflate
      connection:
      - keep-alive
      host:
      - gizmoj8.fhcrc.org:44825
      user-agent:
      - python-httpx/0.28.1
    method: GET
    uri: https://gizmoj8.fhcrc.org:44825/api/workflows/v1/6428e5da-e1ea-4228-9f7a-e3c591f7e9e7/metadata?includeKey=status&includeKey=failures&includeKey=jobId
  response:
    body:
      string: '{"status":"Submitted","calls":{},"id":"6428e5da-e1ea-4228-9f7a-e3c591f7e9e7"}'
    headers:
      Connection:
      - keep-alive
      Content-Type:
      - application/json
      Date:
      - Sun, 31 Aug 2025 04:12:16 GMT
      Server:
      - nginx/1.25.3
      Transfer-Encoding:
      - chunked
      content-length:
      - '77'
    status:
      code: 200
      message: OK
- request:
    body: ''
    headers:
      accept:
      - '*/*'
      accept-encoding:
      - gzip, deflate
      connection:
      - keep-alive
      host:
      - gizmoj8.fhcrc.org:44825
      user-agent:
      - python-httpx/0.28.1
    method: GET
    uri: https://gizmoj8.fhcrc.org:44825/api/workflows/v1/6428e5da-e1ea-4228-9f7a-e3c591f7e9e7/metadata?includeKey=status&includeKey=failures&includeKey=jobId
  response:
    body:
      string: '{"status":"Submitted","calls":{},"id":"6428e5da-e1ea-4228-9f7a-e3c591f7e9e7"}'
    headers:
      Connection:
      - keep-alive
      Content-Type:
      - application/json
      Date:
      - Sun, 31 Aug 2025 04:12:21 GMT
      Server:
      - nginx/1.25.3
      Transfer-Encoding:
      - chunked
      content-length:
      - '77'
    status:
      code: 200
      message: OK
- request:
    body: ''
    headers:
      accept:
      - '*/*'
      accept-encoding:
      - gzip, deflate
      connection:
      - keep-alive
      host:
      - gizmoj8.fhcrc.org:44825
      user-agent:
      - python-httpx/0.28.1
    method: GET
    uri: https://gizmoj8.fhcrc.org:44825/api/workflows/v1/6428e5da-e1ea-4228-9f7a-e3c591f7e9e7/metadata?includeKey=status&includeKey=failures&includeKey=jobId
  response:
    body:
      string: '{"status":"Submitted","calls":{},"id":"6428e5da-e1ea-4228-9f7a-e3c591f7e9e7"}'
    headers:
      Connection:
      - keep-alive
      Content-Type:
      - application/json
      Date:
      - Sun, 31 Aug 2025 04:12:26 GMT
      Server:
      - nginx/1.25.3
      Transfer-Encoding:
      - chunked
      content-length:
      - '77'
    status:
      code: 200
      message: OK
- request:
    body: ''
    headers:
      accept:
      - '*/*'
      accept-encoding:
      - gzip, deflate
      connection:
      - keep-alive
      host:
      - gizmoj8.fhcrc.org:44825
      user-agent:
      - python-httpx/0.28.1
    method: GET
    uri: https://gizmoj8.fhcrc.org:44825/api/workflows/v1/6428e5da-e1ea-4228-9f7a-e3c591f7e9e7/metadata?includeKey=status&includeKey=failures&includeKey=jobId
  response:
    body:
      string: '{"status":"Submitted","calls":{},"id":"6428e5da-e1ea-4228-9f7a-e3c591f7e9e7"}'
    headers:
      Connection:
      - keep-alive
      Content-Type:
      - application/json
      Date:
      - Sun, 31 Aug 2025 04:12:31 GMT
      Server:
      - nginx/1.25.3
      Transfer-Encoding:
      - chunked
      content-length:
      - '77'
    status:
      code: 200
      message: OK
- request:
    body: ''
    headers:
      accept:
      - '*/*'
      accept-encoding:
      - gzip, deflate
      connection:
      - keep-alive
      host:
      - gizmoj8.fhcrc.org:44825
      user-agent:
      - python-httpx/0.28.1
    method: GET
    uri: https://gizmoj8.fhcrc.org:44825/api/workflows/v1/6428e5da-e1ea-4228-9f7a-e3c591f7e9e7/metadata?includeKey=status&includeKey=failures&includeKey=jobId
  response:
    body:
      string: '{"status":"Submitted","calls":{},"id":"6428e5da-e1ea-4228-9f7a-e3c591f7e9e7"}'
    headers:
      Connection:
      - keep-alive
      Content-Type:
      - application/json
      Date:
      - Sun, 31 Aug 2025 04:12:36 GMT
      Server:
      - nginx/1.25.3
      Transfer-Encoding:
      - chunked
      content-length:
      - '77'
    status:
      code: 200
      message: OK
- request:
    body: ''
    headers:
      accept:
      - '*/*'
      accept-encoding:
      - gzip, deflate
      connection:
      - keep-alive
      host:
      - gizmoj8.fhcrc.org:44825
      user-agent:
      - python-httpx/0.28.1
    method: GET
    uri: https://gizmoj8.fhcrc.org:44825/api/workflows/v1/6428e5da-e1ea-4228-9f7a-e3c591f7e9e7/metadata?includeKey=status&includeKey=failures&includeKey=jobId
  response:
    body:
      string: '{"status":"Submitted","calls":{},"id":"6428e5da-e1ea-4228-9f7a-e3c591f7e9e7"}'
    headers:
      Connection:
      - keep-alive
      Content-Type:
      - application/json
      Date:
      - Sun, 31 Aug 2025 04:12:42 GMT
      Server:
      - nginx/1.25.3
      Transfer-Encoding:
      - chunked
      content-length:
      - '77'
    status:
      code: 200
      message: OK
- request:
    body: ''
    headers:
      accept:
      - '*/*'
      accept-encoding:
      - gzip, deflate
      connection:
      - keep-alive
      host:
      - gizmoj8.fhcrc.org:44825
      user-agent:
      - python-httpx/0.28.1
    method: GET
    uri: https://gizmoj8.fhcrc.org:44825/api/workflows/v1/6428e5da-e1ea-4228-9f7a-e3c591f7e9e7/metadata?includeKey=status&includeKey=failures&includeKey=jobId
  response:
    body:
      string: '{"status":"Submitted","calls":{},"id":"6428e5da-e1ea-4228-9f7a-e3c591f7e9e7"}'
    headers:
      Connection:
      - keep-alive
      Content-Type:
      - application/json
      Date:
      - Sun, 31 Aug 2025 04:12:47 GMT
      Server:
      - nginx/1.25.3
      Transfer-Encoding:
      - chunked
      content-length:
      - '77'
    status:
      code: 200
      message: OK
- request:
    body: ''
    headers:
      accept:
      - '*/*'
      accept-encoding:
      - gzip, deflate
      connection:
      - keep-alive
      host:
      - gizmoj8.fhcrc.org:44825
      user-agent:
      - python-httpx/0.28.1
    method: GET
    uri: https://gizmoj8.fhcrc.org:44825/api/workflows/v1/6428e5da-e1ea-4228-9f7a-e3c591f7e9e7/metadata?includeKey=status&includeKey=failures&includeKey=jobId
  response:
    body:
      string: '{"status":"Submitted","calls":{},"id":"6428e5da-e1ea-4228-9f7a-e3c591f7e9e7"}'
    headers:
      Connection:
      - keep-alive
      Content-Type:
      - application/json
      Date:
      - Sun, 31 Aug 2025 04:12:52 GMT
      Server:
      - nginx/1.25.3
      Transfer-Encoding:
      - chunked
      content-length:
      - '77'
    status:
      code: 200
      message: OK
- request:
    body: ''
    headers:
      accept:
      - '*/*'
      accept-encoding:
      - gzip, deflate
      connection:
      - keep-alive
      host:
      - gizmoj8.fhcrc.org:44825
      user-agent:
      - python-httpx/0.28.1
    method: GET
    uri: https://gizmoj8.fhcrc.org:44825/api/workflows/v1/6428e5da-e1ea-4228-9f7a-e3c591f7e9e7/metadata?includeKey=status&includeKey=failures&includeKey=jobId
  response:
    body:
      string: '{"status":"Submitted","calls":{},"id":"6428e5da-e1ea-4228-9f7a-e3c591f7e9e7"}'
    headers:
      Connection:
      - keep-alive
      Content-Type:
      - application/json
      Date:
      - Sun, 31 Aug 2025 04:12:57 GMT
      Server:
      - nginx/1.25.3
      Transfer-Encoding:
      - chunked
      content-length:
      - '77'
    status:
      code: 200
      message: OK
- request:
    body: ''
    headers:
      accept:
      - '*/*'
      accept-encoding:
      - gzip, deflate
      connection:
      - keep-alive
      host:
      - gizmoj8.fhcrc.org:44825
      user-agent:
      - python-httpx/0.28.1
    method: GET
    uri: https://gizmoj8.fhcrc.org:44825/api/workflows/v1/6428e5da-e1ea-4228-9f7a-e3c591f7e9e7/metadata?includeKey=status&includeKey=failures&includeKey=jobId
  response:
    body:
      string: '{"status":"Submitted","calls":{},"id":"6428e5da-e1ea-4228-9f7a-e3c591f7e9e7"}'
    headers:
      Connection:
      - keep-alive
      Content-Type:
      - application/json
      Date:
      - Sun, 31 Aug 2025 04:13:02 GMT
      Server:
      - nginx/1.25.3
      Transfer-Encoding:
      - chunked
      content-length:
      - '77'
    status:
      code: 200
      message: OK
- request:
    body: ''
    headers:
      accept:
      - '*/*'
      accept-encoding:
      - gzip, deflate
      connection:
      - keep-alive
      host:
      - gizmoj8.fhcrc.org:44825
      user-agent:
      - python-httpx/0.28.1
    method: GET
    uri: https://gizmoj8.fhcrc.org:44825/api/workflows/v1/6428e5da-e1ea-4228-9f7a-e3c591f7e9e7/metadata?includeKey=status&includeKey=failures&includeKey=jobId
  response:
    body:
      string: '{"status":"Submitted","calls":{},"id":"6428e5da-e1ea-4228-9f7a-e3c591f7e9e7"}'
    headers:
      Connection:
      - keep-alive
      Content-Type:
      - application/json
      Date:
      - Sun, 31 Aug 2025 04:13:07 GMT
      Server:
      - nginx/1.25.3
      Transfer-Encoding:
      - chunked
      content-length:
      - '77'
    status:
      code: 200
      message: OK
- request:
    body: ''
    headers:
      accept:
      - '*/*'
      accept-encoding:
      - gzip, deflate
      connection:
      - keep-alive
      host:
      - gizmoj8.fhcrc.org:44825
      user-agent:
      - python-httpx/0.28.1
    method: GET
    uri: https://gizmoj8.fhcrc.org:44825/api/workflows/v1/6428e5da-e1ea-4228-9f7a-e3c591f7e9e7/metadata?includeKey=status&includeKey=failures&includeKey=jobId
  response:
    body:
      string: '{"status":"Submitted","calls":{},"id":"6428e5da-e1ea-4228-9f7a-e3c591f7e9e7"}'
    headers:
      Connection:
      - keep-alive
      Content-Type:
      - application/json
      Date:
      - Sun, 31 Aug 2025 04:13:12 GMT
      Server:
      - nginx/1.25.3
      Transfer-Encoding:
      - chunked
      content-length:
      - '77'
    status:
      code: 200
      message: OK
- request:
    body: ''
    headers:
      accept:
      - '*/*'
      accept-encoding:
      - gzip, deflate
      connection:
      - keep-alive
      host:
      - gizmoj8.fhcrc.org:44825
      user-agent:
      - python-httpx/0.28.1
    method: GET
    uri: https://gizmoj8.fhcrc.org:44825/api/workflows/v1/6428e5da-e1ea-4228-9f7a-e3c591f7e9e7/metadata?includeKey=status&includeKey=failures&includeKey=jobId
  response:
    body:
      string: '{"status":"Submitted","calls":{},"id":"6428e5da-e1ea-4228-9f7a-e3c591f7e9e7"}'
    headers:
      Connection:
      - keep-alive
      Content-Type:
      - application/json
      Date:
      - Sun, 31 Aug 2025 04:13:17 GMT
      Server:
      - nginx/1.25.3
      Transfer-Encoding:
      - chunked
      content-length:
      - '77'
    status:
      code: 200
      message: OK
- request:
    body: ''
    headers:
      accept:
      - '*/*'
      accept-encoding:
      - gzip, deflate
      connection:
      - keep-alive
      host:
      - gizmoj8.fhcrc.org:44825
      user-agent:
      - python-httpx/0.28.1
    method: GET
    uri: https://gizmoj8.fhcrc.org:44825/api/workflows/v1/6428e5da-e1ea-4228-9f7a-e3c591f7e9e7/metadata?includeKey=status&includeKey=failures&includeKey=jobId
  response:
    body:
      string: '{"status":"Submitted","calls":{},"id":"6428e5da-e1ea-4228-9f7a-e3c591f7e9e7"}'
    headers:
      Connection:
      - keep-alive
      Content-Type:
      - application/json
      Date:
      - Sun, 31 Aug 2025 04:13:22 GMT
      Server:
      - nginx/1.25.3
      Transfer-Encoding:
      - chunked
      content-length:
      - '77'
    status:
      code: 200
      message: OK
- request:
    body: ''
    headers:
      accept:
      - '*/*'
      accept-encoding:
      - gzip, deflate
      connection:
      - keep-alive
      host:
      - gizmoj8.fhcrc.org:44825
      user-agent:
      - python-httpx/0.28.1
    method: GET
    uri: https://gizmoj8.fhcrc.org:44825/api/workflows/v1/6428e5da-e1ea-4228-9f7a-e3c591f7e9e7/metadata?includeKey=status&includeKey=failures&includeKey=jobId
  response:
    body:
      string: '{"status":"Submitted","calls":{},"id":"6428e5da-e1ea-4228-9f7a-e3c591f7e9e7"}'
    headers:
      Connection:
      - keep-alive
      Content-Type:
      - application/json
      Date:
      - Sun, 31 Aug 2025 04:13:27 GMT
      Server:
      - nginx/1.25.3
      Transfer-Encoding:
      - chunked
      content-length:
      - '77'
    status:
      code: 200
      message: OK
- request:
    body: ''
    headers:
      accept:
      - '*/*'
      accept-encoding:
      - gzip, deflate
      connection:
      - keep-alive
      host:
      - gizmoj8.fhcrc.org:44825
      user-agent:
      - python-httpx/0.28.1
    method: GET
    uri: https://gizmoj8.fhcrc.org:44825/api/workflows/v1/6428e5da-e1ea-4228-9f7a-e3c591f7e9e7/metadata?includeKey=status&includeKey=failures&includeKey=jobId
  response:
    body:
      string: '{"status":"Submitted","calls":{},"id":"6428e5da-e1ea-4228-9f7a-e3c591f7e9e7"}'
    headers:
      Connection:
      - keep-alive
      Content-Type:
      - application/json
      Date:
      - Sun, 31 Aug 2025 04:13:32 GMT
      Server:
      - nginx/1.25.3
      Transfer-Encoding:
      - chunked
      content-length:
      - '77'
    status:
      code: 200
      message: OK
- request:
    body: ''
    headers:
      accept:
      - '*/*'
      accept-encoding:
      - gzip, deflate
      connection:
      - keep-alive
      host:
      - gizmoj8.fhcrc.org:44825
      user-agent:
      - python-httpx/0.28.1
    method: GET
    uri: https://gizmoj8.fhcrc.org:44825/api/workflows/v1/6428e5da-e1ea-4228-9f7a-e3c591f7e9e7/metadata?includeKey=status&includeKey=failures&includeKey=jobId
  response:
    body:
      string: '{"status":"Submitted","calls":{},"id":"6428e5da-e1ea-4228-9f7a-e3c591f7e9e7"}'
    headers:
      Connection:
      - keep-alive
      Content-Type:
      - application/json
      Date:
      - Sun, 31 Aug 2025 04:13:37 GMT
      Server:
      - nginx/1.25.3
      Transfer-Encoding:
      - chunked
      content-length:
      - '77'
    status:
      code: 200
      message: OK
- request:
    body: ''
    headers:
      accept:
      - '*/*'
      accept-encoding:
      - gzip, deflate
      connection:
      - keep-alive
      host:
      - gizmoj8.fhcrc.org:44825
      user-agent:
      - python-httpx/0.28.1
    method: GET
    uri: https://gizmoj8.fhcrc.org:44825/api/workflows/v1/6428e5da-e1ea-4228-9f7a-e3c591f7e9e7/metadata?includeKey=status&includeKey=failures&includeKey=jobId
  response:
    body:
      string: '{"status":"Submitted","calls":{},"id":"6428e5da-e1ea-4228-9f7a-e3c591f7e9e7"}'
    headers:
      Connection:
      - keep-alive
      Content-Type:
      - application/json
      Date:
      - Sun, 31 Aug 2025 04:13:43 GMT
      Server:
      - nginx/1.25.3
      Transfer-Encoding:
      - chunked
      content-length:
      - '77'
    status:
      code: 200
      message: OK
- request:
    body: ''
    headers:
      accept:
      - '*/*'
      accept-encoding:
      - gzip, deflate
      connection:
      - keep-alive
      host:
      - gizmoj8.fhcrc.org:44825
      user-agent:
      - python-httpx/0.28.1
    method: GET
    uri: https://gizmoj8.fhcrc.org:44825/api/workflows/v1/6428e5da-e1ea-4228-9f7a-e3c591f7e9e7/metadata?includeKey=status&includeKey=failures&includeKey=jobId
  response:
    body:
      string: '{"status":"Submitted","calls":{},"id":"6428e5da-e1ea-4228-9f7a-e3c591f7e9e7"}'
    headers:
      Connection:
      - keep-alive
      Content-Type:
      - application/json
      Date:
      - Sun, 31 Aug 2025 04:13:48 GMT
      Server:
      - nginx/1.25.3
      Transfer-Encoding:
      - chunked
      content-length:
      - '77'
    status:
      code: 200
      message: OK
- request:
    body: ''
    headers:
      accept:
      - '*/*'
      accept-encoding:
      - gzip, deflate
      connection:
      - keep-alive
      host:
      - gizmoj8.fhcrc.org:44825
      user-agent:
      - python-httpx/0.28.1
    method: GET
    uri: https://gizmoj8.fhcrc.org:44825/api/workflows/v1/6428e5da-e1ea-4228-9f7a-e3c591f7e9e7/metadata?includeKey=status&includeKey=failures&includeKey=jobId
  response:
    body:
      string: '{"status":"Submitted","calls":{},"id":"6428e5da-e1ea-4228-9f7a-e3c591f7e9e7"}'
    headers:
      Connection:
      - keep-alive
      Content-Type:
      - application/json
      Date:
      - Sun, 31 Aug 2025 04:13:53 GMT
      Server:
      - nginx/1.25.3
      Transfer-Encoding:
      - chunked
      content-length:
      - '77'
    status:
      code: 200
      message: OK
- request:
    body: ''
    headers:
      accept:
      - '*/*'
      accept-encoding:
      - gzip, deflate
      connection:
      - keep-alive
      host:
      - gizmoj8.fhcrc.org:44825
      user-agent:
      - python-httpx/0.28.1
    method: GET
    uri: https://gizmoj8.fhcrc.org:44825/api/workflows/v1/6428e5da-e1ea-4228-9f7a-e3c591f7e9e7/metadata?includeKey=status&includeKey=failures&includeKey=jobId
  response:
    body:
      string: '{"status":"Submitted","calls":{},"id":"6428e5da-e1ea-4228-9f7a-e3c591f7e9e7"}'
    headers:
      Connection:
      - keep-alive
      Content-Type:
      - application/json
      Date:
      - Sun, 31 Aug 2025 04:13:58 GMT
      Server:
      - nginx/1.25.3
      Transfer-Encoding:
      - chunked
      content-length:
      - '77'
    status:
      code: 200
      message: OK
- request:
    body: ''
    headers:
      accept:
      - '*/*'
      accept-encoding:
      - gzip, deflate
      connection:
      - keep-alive
      host:
      - gizmoj8.fhcrc.org:44825
      user-agent:
      - python-httpx/0.28.1
    method: GET
    uri: https://gizmoj8.fhcrc.org:44825/api/workflows/v1/6428e5da-e1ea-4228-9f7a-e3c591f7e9e7/metadata?includeKey=status&includeKey=failures&includeKey=jobId
  response:
    body:
      string: '{"status":"Submitted","calls":{},"id":"6428e5da-e1ea-4228-9f7a-e3c591f7e9e7"}'
    headers:
      Connection:
      - keep-alive
      Content-Type:
      - application/json
      Date:
      - Sun, 31 Aug 2025 04:14:03 GMT
      Server:
      - nginx/1.25.3
      Transfer-Encoding:
      - chunked
      content-length:
      - '77'
    status:
      code: 200
      message: OK
- request:
    body: ''
    headers:
      accept:
      - '*/*'
      accept-encoding:
      - gzip, deflate
      connection:
      - keep-alive
      host:
      - gizmoj8.fhcrc.org:44825
      user-agent:
      - python-httpx/0.28.1
    method: GET
    uri: https://gizmoj8.fhcrc.org:44825/api/workflows/v1/6428e5da-e1ea-4228-9f7a-e3c591f7e9e7/metadata?includeKey=status&includeKey=failures&includeKey=jobId
  response:
    body:
      string: '{"status":"Submitted","calls":{},"id":"6428e5da-e1ea-4228-9f7a-e3c591f7e9e7"}'
    headers:
      Connection:
      - keep-alive
      Content-Type:
      - application/json
      Date:
      - Sun, 31 Aug 2025 04:14:08 GMT
      Server:
      - nginx/1.25.3
      Transfer-Encoding:
      - chunked
      content-length:
      - '77'
    status:
      code: 200
      message: OK
- request:
    body: ''
    headers:
      accept:
      - '*/*'
      accept-encoding:
      - gzip, deflate
      connection:
      - keep-alive
      host:
      - gizmoj8.fhcrc.org:44825
      user-agent:
      - python-httpx/0.28.1
    method: GET
    uri: https://gizmoj8.fhcrc.org:44825/api/workflows/v1/6428e5da-e1ea-4228-9f7a-e3c591f7e9e7/metadata?includeKey=status&includeKey=failures&includeKey=jobId
  response:
    body:
      string: '{"status":"Submitted","calls":{},"id":"6428e5da-e1ea-4228-9f7a-e3c591f7e9e7"}'
    headers:
      Connection:
      - keep-alive
      Content-Type:
      - application/json
      Date:
      - Sun, 31 Aug 2025 04:14:13 GMT
      Server:
      - nginx/1.25.3
      Transfer-Encoding:
      - chunked
      content-length:
      - '77'
    status:
      code: 200
      message: OK
- request:
    body: ''
    headers:
      accept:
      - '*/*'
      accept-encoding:
      - gzip, deflate
      connection:
      - keep-alive
      host:
      - gizmoj8.fhcrc.org:44825
      user-agent:
      - python-httpx/0.28.1
    method: GET
    uri: https://gizmoj8.fhcrc.org:44825/api/workflows/v1/6428e5da-e1ea-4228-9f7a-e3c591f7e9e7/metadata?includeKey=status&includeKey=failures&includeKey=jobId
  response:
    body:
      string: '{"status":"Submitted","calls":{},"id":"6428e5da-e1ea-4228-9f7a-e3c591f7e9e7"}'
    headers:
      Connection:
      - keep-alive
      Content-Type:
      - application/json
      Date:
      - Sun, 31 Aug 2025 04:14:18 GMT
      Server:
      - nginx/1.25.3
      Transfer-Encoding:
      - chunked
      content-length:
      - '77'
    status:
      code: 200
      message: OK
- request:
    body: ''
    headers:
      accept:
      - '*/*'
      accept-encoding:
      - gzip, deflate
      connection:
      - keep-alive
      host:
      - gizmoj8.fhcrc.org:44825
      user-agent:
      - python-httpx/0.28.1
    method: GET
    uri: https://gizmoj8.fhcrc.org:44825/api/workflows/v1/6428e5da-e1ea-4228-9f7a-e3c591f7e9e7/metadata?includeKey=status&includeKey=failures&includeKey=jobId
  response:
    body:
      string: '{"status":"Submitted","calls":{},"id":"6428e5da-e1ea-4228-9f7a-e3c591f7e9e7"}'
    headers:
      Connection:
      - keep-alive
      Content-Type:
      - application/json
      Date:
      - Sun, 31 Aug 2025 04:14:23 GMT
      Server:
      - nginx/1.25.3
      Transfer-Encoding:
      - chunked
      content-length:
      - '77'
    status:
      code: 200
      message: OK
- request:
    body: ''
    headers:
      accept:
      - '*/*'
      accept-encoding:
      - gzip, deflate
      connection:
      - keep-alive
      host:
      - gizmoj8.fhcrc.org:44825
      user-agent:
      - python-httpx/0.28.1
    method: GET
    uri: https://gizmoj8.fhcrc.org:44825/api/workflows/v1/6428e5da-e1ea-4228-9f7a-e3c591f7e9e7/metadata?includeKey=status&includeKey=failures&includeKey=jobId
  response:
    body:
      string: '{"status":"Submitted","calls":{},"id":"6428e5da-e1ea-4228-9f7a-e3c591f7e9e7"}'
    headers:
      Connection:
      - keep-alive
      Content-Type:
      - application/json
      Date:
      - Sun, 31 Aug 2025 04:14:28 GMT
      Server:
      - nginx/1.25.3
      Transfer-Encoding:
      - chunked
      content-length:
      - '77'
    status:
      code: 200
      message: OK
- request:
    body: ''
    headers:
      accept:
      - '*/*'
      accept-encoding:
      - gzip, deflate
      connection:
      - keep-alive
      host:
      - gizmoj8.fhcrc.org:44825
      user-agent:
      - python-httpx/0.28.1
    method: GET
    uri: https://gizmoj8.fhcrc.org:44825/api/workflows/v1/6428e5da-e1ea-4228-9f7a-e3c591f7e9e7/metadata?includeKey=status&includeKey=failures&includeKey=jobId
  response:
    body:
      string: '{"status":"Submitted","calls":{},"id":"6428e5da-e1ea-4228-9f7a-e3c591f7e9e7"}'
    headers:
      Connection:
      - keep-alive
      Content-Type:
      - application/json
      Date:
      - Sun, 31 Aug 2025 04:14:33 GMT
      Server:
      - nginx/1.25.3
      Transfer-Encoding:
      - chunked
      content-length:
      - '77'
    status:
      code: 200
      message: OK
- request:
    body: ''
    headers:
      accept:
      - '*/*'
      accept-encoding:
      - gzip, deflate
      connection:
      - keep-alive
      host:
      - gizmoj8.fhcrc.org:44825
      user-agent:
      - python-httpx/0.28.1
    method: GET
    uri: https://gizmoj8.fhcrc.org:44825/api/workflows/v1/6428e5da-e1ea-4228-9f7a-e3c591f7e9e7/metadata?includeKey=status&includeKey=failures&includeKey=jobId
  response:
    body:
      string: '{"status":"Submitted","calls":{},"id":"6428e5da-e1ea-4228-9f7a-e3c591f7e9e7"}'
    headers:
      Connection:
      - keep-alive
      Content-Type:
      - application/json
      Date:
      - Sun, 31 Aug 2025 04:14:38 GMT
      Server:
      - nginx/1.25.3
      Transfer-Encoding:
      - chunked
      content-length:
      - '77'
    status:
      code: 200
      message: OK
- request:
    body: ''
    headers:
      accept:
      - '*/*'
      accept-encoding:
      - gzip, deflate
      connection:
      - keep-alive
      host:
      - gizmoj8.fhcrc.org:44825
      user-agent:
      - python-httpx/0.28.1
    method: GET
    uri: https://gizmoj8.fhcrc.org:44825/api/workflows/v1/6428e5da-e1ea-4228-9f7a-e3c591f7e9e7/metadata?includeKey=status&includeKey=failures&includeKey=jobId
  response:
    body:
      string: '{"status":"Submitted","calls":{},"id":"6428e5da-e1ea-4228-9f7a-e3c591f7e9e7"}'
    headers:
      Connection:
      - keep-alive
      Content-Type:
      - application/json
      Date:
      - Sun, 31 Aug 2025 04:14:43 GMT
      Server:
      - nginx/1.25.3
      Transfer-Encoding:
      - chunked
      content-length:
      - '77'
    status:
      code: 200
      message: OK
- request:
    body: ''
    headers:
      accept:
      - '*/*'
      accept-encoding:
      - gzip, deflate
      connection:
      - keep-alive
      host:
      - gizmoj8.fhcrc.org:44825
      user-agent:
      - python-httpx/0.28.1
    method: GET
    uri: https://gizmoj8.fhcrc.org:44825/api/workflows/v1/6428e5da-e1ea-4228-9f7a-e3c591f7e9e7/metadata?includeKey=status&includeKey=failures&includeKey=jobId
  response:
    body:
      string: '{"status":"Submitted","calls":{},"id":"6428e5da-e1ea-4228-9f7a-e3c591f7e9e7"}'
    headers:
      Connection:
      - keep-alive
      Content-Type:
      - application/json
      Date:
      - Sun, 31 Aug 2025 04:14:49 GMT
      Server:
      - nginx/1.25.3
      Transfer-Encoding:
      - chunked
      content-length:
      - '77'
    status:
      code: 200
      message: OK
- request:
    body: ''
    headers:
      accept:
      - '*/*'
      accept-encoding:
      - gzip, deflate
      connection:
      - keep-alive
      host:
      - gizmoj8.fhcrc.org:44825
      user-agent:
      - python-httpx/0.28.1
    method: GET
    uri: https://gizmoj8.fhcrc.org:44825/api/workflows/v1/6428e5da-e1ea-4228-9f7a-e3c591f7e9e7/metadata?includeKey=status&includeKey=failures&includeKey=jobId
  response:
    body:
      string: '{"status":"Submitted","calls":{},"id":"6428e5da-e1ea-4228-9f7a-e3c591f7e9e7"}'
    headers:
      Connection:
      - keep-alive
      Content-Type:
      - application/json
      Date:
      - Sun, 31 Aug 2025 04:14:54 GMT
      Server:
      - nginx/1.25.3
      Transfer-Encoding:
      - chunked
      content-length:
      - '77'
    status:
      code: 200
      message: OK
- request:
    body: ''
    headers:
      accept:
      - '*/*'
      accept-encoding:
      - gzip, deflate
      connection:
      - keep-alive
      host:
      - gizmoj8.fhcrc.org:44825
      user-agent:
      - python-httpx/0.28.1
    method: GET
    uri: https://gizmoj8.fhcrc.org:44825/api/workflows/v1/6428e5da-e1ea-4228-9f7a-e3c591f7e9e7/metadata?includeKey=status&includeKey=failures&includeKey=jobId
  response:
    body:
      string: '{"status":"Submitted","calls":{},"id":"6428e5da-e1ea-4228-9f7a-e3c591f7e9e7"}'
    headers:
      Connection:
      - keep-alive
      Content-Type:
      - application/json
      Date:
      - Sun, 31 Aug 2025 04:14:59 GMT
      Server:
      - nginx/1.25.3
      Transfer-Encoding:
      - chunked
      content-length:
      - '77'
    status:
      code: 200
      message: OK
- request:
    body: ''
    headers:
      accept:
      - '*/*'
      accept-encoding:
      - gzip, deflate
      connection:
      - keep-alive
      host:
      - gizmoj8.fhcrc.org:44825
      user-agent:
      - python-httpx/0.28.1
    method: GET
    uri: https://gizmoj8.fhcrc.org:44825/api/workflows/v1/6428e5da-e1ea-4228-9f7a-e3c591f7e9e7/metadata?includeKey=status&includeKey=failures&includeKey=jobId
  response:
    body:
      string: '{"status":"Submitted","calls":{},"id":"6428e5da-e1ea-4228-9f7a-e3c591f7e9e7"}'
    headers:
      Connection:
      - keep-alive
      Content-Type:
      - application/json
      Date:
      - Sun, 31 Aug 2025 04:15:04 GMT
      Server:
      - nginx/1.25.3
      Transfer-Encoding:
      - chunked
      content-length:
      - '77'
    status:
      code: 200
      message: OK
- request:
    body: ''
    headers:
      accept:
      - '*/*'
      accept-encoding:
      - gzip, deflate
      connection:
      - keep-alive
      host:
      - gizmoj8.fhcrc.org:44825
      user-agent:
      - python-httpx/0.28.1
    method: GET
    uri: https://gizmoj8.fhcrc.org:44825/api/workflows/v1/6428e5da-e1ea-4228-9f7a-e3c591f7e9e7/metadata?includeKey=status&includeKey=failures&includeKey=jobId
  response:
    body:
      string: '{"status":"Submitted","calls":{},"id":"6428e5da-e1ea-4228-9f7a-e3c591f7e9e7"}'
    headers:
      Connection:
      - keep-alive
      Content-Type:
      - application/json
      Date:
      - Sun, 31 Aug 2025 04:15:09 GMT
      Server:
      - nginx/1.25.3
      Transfer-Encoding:
      - chunked
      content-length:
      - '77'
    status:
      code: 200
      message: OK
- request:
    body: ''
    headers:
      accept:
      - '*/*'
      accept-encoding:
      - gzip, deflate
      connection:
      - keep-alive
      host:
      - gizmoj8.fhcrc.org:44825
      user-agent:
      - python-httpx/0.28.1
    method: GET
    uri: https://gizmoj8.fhcrc.org:44825/api/workflows/v1/6428e5da-e1ea-4228-9f7a-e3c591f7e9e7/metadata?includeKey=status&includeKey=failures&includeKey=jobId
  response:
    body:
      string: '{"status":"Submitted","calls":{},"id":"6428e5da-e1ea-4228-9f7a-e3c591f7e9e7"}'
    headers:
      Connection:
      - keep-alive
      Content-Type:
      - application/json
      Date:
      - Sun, 31 Aug 2025 04:15:14 GMT
      Server:
      - nginx/1.25.3
      Transfer-Encoding:
      - chunked
      content-length:
      - '77'
    status:
      code: 200
      message: OK
- request:
    body: ''
    headers:
      accept:
      - '*/*'
      accept-encoding:
      - gzip, deflate
      connection:
      - keep-alive
      host:
      - gizmoj8.fhcrc.org:44825
      user-agent:
      - python-httpx/0.28.1
    method: GET
    uri: https://gizmoj8.fhcrc.org:44825/api/workflows/v1/6428e5da-e1ea-4228-9f7a-e3c591f7e9e7/metadata?includeKey=status&includeKey=failures&includeKey=jobId
  response:
    body:
      string: '{"status":"Submitted","calls":{},"id":"6428e5da-e1ea-4228-9f7a-e3c591f7e9e7"}'
    headers:
      Connection:
      - keep-alive
      Content-Type:
      - application/json
      Date:
      - Sun, 31 Aug 2025 04:15:19 GMT
      Server:
      - nginx/1.25.3
      Transfer-Encoding:
      - chunked
      content-length:
      - '77'
    status:
      code: 200
      message: OK
- request:
    body: ''
    headers:
      accept:
      - '*/*'
      accept-encoding:
      - gzip, deflate
      connection:
      - keep-alive
      host:
      - gizmoj8.fhcrc.org:44825
      user-agent:
      - python-httpx/0.28.1
    method: GET
    uri: https://gizmoj8.fhcrc.org:44825/api/workflows/v1/6428e5da-e1ea-4228-9f7a-e3c591f7e9e7/metadata?includeKey=status&includeKey=failures&includeKey=jobId
  response:
    body:
      string: '{"status":"Submitted","calls":{},"id":"6428e5da-e1ea-4228-9f7a-e3c591f7e9e7"}'
    headers:
      Connection:
      - keep-alive
      Content-Type:
      - application/json
      Date:
      - Sun, 31 Aug 2025 04:15:24 GMT
      Server:
      - nginx/1.25.3
      Transfer-Encoding:
      - chunked
      content-length:
      - '77'
    status:
      code: 200
      message: OK
- request:
    body: ''
    headers:
      accept:
      - '*/*'
      accept-encoding:
      - gzip, deflate
      connection:
      - keep-alive
      host:
      - gizmoj8.fhcrc.org:44825
      user-agent:
      - python-httpx/0.28.1
    method: GET
    uri: https://gizmoj8.fhcrc.org:44825/api/workflows/v1/6428e5da-e1ea-4228-9f7a-e3c591f7e9e7/metadata?includeKey=status&includeKey=failures&includeKey=jobId
  response:
    body:
      string: '{"status":"Submitted","calls":{},"id":"6428e5da-e1ea-4228-9f7a-e3c591f7e9e7"}'
    headers:
      Connection:
      - keep-alive
      Content-Type:
      - application/json
      Date:
      - Sun, 31 Aug 2025 04:15:29 GMT
      Server:
      - nginx/1.25.3
      Transfer-Encoding:
      - chunked
      content-length:
      - '77'
    status:
      code: 200
      message: OK
- request:
    body: ''
    headers:
      accept:
      - '*/*'
      accept-encoding:
      - gzip, deflate
      connection:
      - keep-alive
      host:
      - gizmoj8.fhcrc.org:44825
      user-agent:
      - python-httpx/0.28.1
    method: GET
    uri: https://gizmoj8.fhcrc.org:44825/api/workflows/v1/6428e5da-e1ea-4228-9f7a-e3c591f7e9e7/metadata?includeKey=status&includeKey=failures&includeKey=jobId
  response:
    body:
      string: '{"status":"Submitted","calls":{},"id":"6428e5da-e1ea-4228-9f7a-e3c591f7e9e7"}'
    headers:
      Connection:
      - keep-alive
      Content-Type:
      - application/json
      Date:
      - Sun, 31 Aug 2025 04:15:34 GMT
      Server:
      - nginx/1.25.3
      Transfer-Encoding:
      - chunked
      content-length:
      - '77'
    status:
      code: 200
      message: OK
- request:
    body: ''
    headers:
      accept:
      - '*/*'
      accept-encoding:
      - gzip, deflate
      connection:
      - keep-alive
      host:
      - gizmoj8.fhcrc.org:44825
      user-agent:
      - python-httpx/0.28.1
    method: GET
    uri: https://gizmoj8.fhcrc.org:44825/api/workflows/v1/6428e5da-e1ea-4228-9f7a-e3c591f7e9e7/metadata?includeKey=status&includeKey=failures&includeKey=jobId
  response:
    body:
      string: '{"status":"Submitted","calls":{},"id":"6428e5da-e1ea-4228-9f7a-e3c591f7e9e7"}'
    headers:
      Connection:
      - keep-alive
      Content-Type:
      - application/json
      Date:
      - Sun, 31 Aug 2025 04:15:39 GMT
      Server:
      - nginx/1.25.3
      Transfer-Encoding:
      - chunked
      content-length:
      - '77'
    status:
      code: 200
      message: OK
- request:
    body: ''
    headers:
      accept:
      - '*/*'
      accept-encoding:
      - gzip, deflate
      connection:
      - keep-alive
      host:
      - gizmoj8.fhcrc.org:44825
      user-agent:
      - python-httpx/0.28.1
    method: GET
    uri: https://gizmoj8.fhcrc.org:44825/api/workflows/v1/6428e5da-e1ea-4228-9f7a-e3c591f7e9e7/metadata?includeKey=status&includeKey=failures&includeKey=jobId
  response:
    body:
      string: '{"status":"Submitted","calls":{},"id":"6428e5da-e1ea-4228-9f7a-e3c591f7e9e7"}'
    headers:
      Connection:
      - keep-alive
      Content-Type:
      - application/json
      Date:
      - Sun, 31 Aug 2025 04:15:44 GMT
      Server:
      - nginx/1.25.3
      Transfer-Encoding:
      - chunked
      content-length:
      - '77'
    status:
      code: 200
      message: OK
- request:
    body: ''
    headers:
      accept:
      - '*/*'
      accept-encoding:
      - gzip, deflate
      connection:
      - keep-alive
      host:
      - gizmoj8.fhcrc.org:44825
      user-agent:
      - python-httpx/0.28.1
    method: GET
    uri: https://gizmoj8.fhcrc.org:44825/api/workflows/v1/6428e5da-e1ea-4228-9f7a-e3c591f7e9e7/metadata?includeKey=status&includeKey=failures&includeKey=jobId
  response:
    body:
      string: '{"status":"Submitted","calls":{},"id":"6428e5da-e1ea-4228-9f7a-e3c591f7e9e7"}'
    headers:
      Connection:
      - keep-alive
      Content-Type:
      - application/json
      Date:
      - Sun, 31 Aug 2025 04:15:49 GMT
      Server:
      - nginx/1.25.3
      Transfer-Encoding:
      - chunked
      content-length:
      - '77'
    status:
      code: 200
      message: OK
- request:
    body: ''
    headers:
      accept:
      - '*/*'
      accept-encoding:
      - gzip, deflate
      connection:
      - keep-alive
      host:
      - gizmoj8.fhcrc.org:44825
      user-agent:
      - python-httpx/0.28.1
    method: GET
    uri: https://gizmoj8.fhcrc.org:44825/api/workflows/v1/6428e5da-e1ea-4228-9f7a-e3c591f7e9e7/metadata?includeKey=status&includeKey=failures&includeKey=jobId
  response:
    body:
      string: '{"status":"Submitted","calls":{},"id":"6428e5da-e1ea-4228-9f7a-e3c591f7e9e7"}'
    headers:
      Connection:
      - keep-alive
      Content-Type:
      - application/json
      Date:
      - Sun, 31 Aug 2025 04:15:54 GMT
      Server:
      - nginx/1.25.3
      Transfer-Encoding:
      - chunked
      content-length:
      - '77'
    status:
      code: 200
      message: OK
- request:
    body: ''
    headers:
      accept:
      - '*/*'
      accept-encoding:
      - gzip, deflate
      connection:
      - keep-alive
      host:
      - gizmoj8.fhcrc.org:44825
      user-agent:
      - python-httpx/0.28.1
    method: GET
    uri: https://gizmoj8.fhcrc.org:44825/api/workflows/v1/6428e5da-e1ea-4228-9f7a-e3c591f7e9e7/metadata?includeKey=status&includeKey=failures&includeKey=jobId
  response:
    body:
      string: '{"status":"Submitted","calls":{},"id":"6428e5da-e1ea-4228-9f7a-e3c591f7e9e7"}'
    headers:
      Connection:
      - keep-alive
      Content-Type:
      - application/json
      Date:
      - Sun, 31 Aug 2025 04:16:00 GMT
      Server:
      - nginx/1.25.3
      Transfer-Encoding:
      - chunked
      content-length:
      - '77'
    status:
      code: 200
      message: OK
- request:
    body: ''
    headers:
      accept:
      - '*/*'
      accept-encoding:
      - gzip, deflate
      connection:
      - keep-alive
      host:
      - gizmoj8.fhcrc.org:44825
      user-agent:
      - python-httpx/0.28.1
    method: GET
    uri: https://gizmoj8.fhcrc.org:44825/api/workflows/v1/6428e5da-e1ea-4228-9f7a-e3c591f7e9e7/metadata?includeKey=status&includeKey=failures&includeKey=jobId
  response:
    body:
      string: '{"status":"Submitted","calls":{},"id":"6428e5da-e1ea-4228-9f7a-e3c591f7e9e7"}'
    headers:
      Connection:
      - keep-alive
      Content-Type:
      - application/json
      Date:
      - Sun, 31 Aug 2025 04:16:05 GMT
      Server:
      - nginx/1.25.3
      Transfer-Encoding:
      - chunked
      content-length:
      - '77'
    status:
      code: 200
      message: OK
- request:
    body: ''
    headers:
      accept:
      - '*/*'
      accept-encoding:
      - gzip, deflate
      connection:
      - keep-alive
      host:
      - gizmoj8.fhcrc.org:44825
      user-agent:
      - python-httpx/0.28.1
    method: GET
    uri: https://gizmoj8.fhcrc.org:44825/api/workflows/v1/6428e5da-e1ea-4228-9f7a-e3c591f7e9e7/metadata?includeKey=status&includeKey=failures&includeKey=jobId
  response:
    body:
      string: '{"status":"Running","calls":{},"id":"6428e5da-e1ea-4228-9f7a-e3c591f7e9e7"}'
    headers:
      Connection:
      - keep-alive
      Content-Type:
      - application/json
      Date:
      - Sun, 31 Aug 2025 04:16:10 GMT
      Server:
      - nginx/1.25.3
      Transfer-Encoding:
      - chunked
      content-length:
      - '75'
    status:
      code: 200
      message: OK
- request:
    body: ''
    headers:
      accept:
      - '*/*'
      accept-encoding:
      - gzip, deflate
      connection:
      - keep-alive
      host:
      - gizmoj8.fhcrc.org:44825
      user-agent:
      - python-httpx/0.28.1
    method: GET
    uri: https://gizmoj8.fhcrc.org:44825/api/workflows/v1/6428e5da-e1ea-4228-9f7a-e3c591f7e9e7/metadata?includeKey=status&includeKey=failures&includeKey=jobId
  response:
    body:
      string: '{"status":"Running","calls":{},"id":"6428e5da-e1ea-4228-9f7a-e3c591f7e9e7"}'
    headers:
      Connection:
      - keep-alive
      Content-Type:
      - application/json
      Date:
      - Sun, 31 Aug 2025 04:16:15 GMT
      Server:
      - nginx/1.25.3
      Transfer-Encoding:
      - chunked
      content-length:
      - '75'
    status:
      code: 200
      message: OK
- request:
    body: ''
    headers:
      accept:
      - '*/*'
      accept-encoding:
      - gzip, deflate
      connection:
      - keep-alive
      host:
      - gizmoj8.fhcrc.org:44825
      user-agent:
      - python-httpx/0.28.1
    method: GET
    uri: https://gizmoj8.fhcrc.org:44825/api/workflows/v1/6428e5da-e1ea-4228-9f7a-e3c591f7e9e7/metadata?includeKey=status&includeKey=failures&includeKey=jobId
  response:
    body:
      string: '{"status":"Running","calls":{},"id":"6428e5da-e1ea-4228-9f7a-e3c591f7e9e7"}'
    headers:
      Connection:
      - keep-alive
      Content-Type:
      - application/json
      Date:
      - Sun, 31 Aug 2025 04:16:20 GMT
      Server:
      - nginx/1.25.3
      Transfer-Encoding:
      - chunked
      content-length:
      - '75'
    status:
      code: 200
      message: OK
- request:
    body: ''
    headers:
      accept:
      - '*/*'
      accept-encoding:
      - gzip, deflate
      connection:
      - keep-alive
      host:
      - gizmoj8.fhcrc.org:44825
      user-agent:
      - python-httpx/0.28.1
    method: GET
    uri: https://gizmoj8.fhcrc.org:44825/api/workflows/v1/6428e5da-e1ea-4228-9f7a-e3c591f7e9e7/metadata?includeKey=status&includeKey=failures&includeKey=jobId
  response:
    body:
      string: '{"status":"Running","calls":{"struct_example.process_sample":[{"jobId":"30945436","attempt":1,"shardIndex":0},{"jobId":"30945437","attempt":1,"shardIndex":1}]},"id":"6428e5da-e1ea-4228-9f7a-e3c591f7e9e7"}'
    headers:
      Connection:
      - keep-alive
      Content-Type:
      - application/json
      Date:
      - Sun, 31 Aug 2025 04:16:25 GMT
      Server:
      - nginx/1.25.3
      Transfer-Encoding:
      - chunked
      content-length:
      - '204'
    status:
      code: 200
      message: OK
- request:
    body: ''
    headers:
      accept:
      - '*/*'
      accept-encoding:
      - gzip, deflate
      connection:
      - keep-alive
      host:
      - gizmoj8.fhcrc.org:44825
      user-agent:
      - python-httpx/0.28.1
    method: GET
    uri: https://gizmoj8.fhcrc.org:44825/api/workflows/v1/6428e5da-e1ea-4228-9f7a-e3c591f7e9e7/metadata?includeKey=status&includeKey=failures&includeKey=jobId
  response:
    body:
      string: '{"status":"Running","calls":{"struct_example.process_sample":[{"jobId":"30945436","attempt":1,"shardIndex":0},{"jobId":"30945437","attempt":1,"shardIndex":1}]},"id":"6428e5da-e1ea-4228-9f7a-e3c591f7e9e7"}'
    headers:
      Connection:
      - keep-alive
      Content-Type:
      - application/json
      Date:
      - Sun, 31 Aug 2025 04:16:30 GMT
      Server:
      - nginx/1.25.3
      Transfer-Encoding:
      - chunked
      content-length:
      - '204'
    status:
      code: 200
      message: OK
- request:
    body: ''
    headers:
      accept:
      - '*/*'
      accept-encoding:
      - gzip, deflate
      connection:
      - keep-alive
      host:
      - gizmoj8.fhcrc.org:44825
      user-agent:
      - python-httpx/0.28.1
    method: GET
    uri: https://gizmoj8.fhcrc.org:44825/api/workflows/v1/6428e5da-e1ea-4228-9f7a-e3c591f7e9e7/metadata?includeKey=status&includeKey=failures&includeKey=jobId
  response:
    body:
      string: '{"status":"Running","calls":{"struct_example.process_sample":[{"jobId":"30945436","attempt":1,"shardIndex":0},{"jobId":"30945437","attempt":1,"shardIndex":1}]},"id":"6428e5da-e1ea-4228-9f7a-e3c591f7e9e7"}'
    headers:
      Connection:
      - keep-alive
      Content-Type:
      - application/json
      Date:
      - Sun, 31 Aug 2025 04:16:35 GMT
      Server:
      - nginx/1.25.3
      Transfer-Encoding:
      - chunked
      content-length:
      - '204'
    status:
      code: 200
      message: OK
- request:
    body: ''
    headers:
      accept:
      - '*/*'
      accept-encoding:
      - gzip, deflate
      connection:
      - keep-alive
      host:
      - gizmoj8.fhcrc.org:44825
      user-agent:
      - python-httpx/0.28.1
    method: GET
    uri: https://gizmoj8.fhcrc.org:44825/api/workflows/v1/6428e5da-e1ea-4228-9f7a-e3c591f7e9e7/metadata?includeKey=status&includeKey=failures&includeKey=jobId
  response:
    body:
      string: '{"status":"Running","calls":{"struct_example.process_sample":[{"jobId":"30945436","attempt":1,"shardIndex":0},{"jobId":"30945437","attempt":1,"shardIndex":1}]},"id":"6428e5da-e1ea-4228-9f7a-e3c591f7e9e7"}'
    headers:
      Connection:
      - keep-alive
      Content-Type:
      - application/json
      Date:
      - Sun, 31 Aug 2025 04:16:40 GMT
      Server:
      - nginx/1.25.3
      Transfer-Encoding:
      - chunked
      content-length:
      - '204'
    status:
      code: 200
      message: OK
- request:
    body: ''
    headers:
      accept:
      - '*/*'
      accept-encoding:
      - gzip, deflate
      connection:
      - keep-alive
      host:
      - gizmoj8.fhcrc.org:44825
      user-agent:
      - python-httpx/0.28.1
    method: GET
    uri: https://gizmoj8.fhcrc.org:44825/api/workflows/v1/6428e5da-e1ea-4228-9f7a-e3c591f7e9e7/metadata?includeKey=status&includeKey=failures&includeKey=jobId
  response:
    body:
      string: '{"status":"Running","calls":{"struct_example.process_sample":[{"jobId":"30945436","attempt":1,"shardIndex":0},{"jobId":"30945437","attempt":1,"shardIndex":1}]},"id":"6428e5da-e1ea-4228-9f7a-e3c591f7e9e7"}'
    headers:
      Connection:
      - keep-alive
      Content-Type:
      - application/json
      Date:
      - Sun, 31 Aug 2025 04:16:45 GMT
      Server:
      - nginx/1.25.3
      Transfer-Encoding:
      - chunked
      content-length:
      - '204'
    status:
      code: 200
      message: OK
- request:
    body: ''
    headers:
      accept:
      - '*/*'
      accept-encoding:
      - gzip, deflate
      connection:
      - keep-alive
      host:
      - gizmoj8.fhcrc.org:44825
      user-agent:
      - python-httpx/0.28.1
    method: GET
    uri: https://gizmoj8.fhcrc.org:44825/api/workflows/v1/6428e5da-e1ea-4228-9f7a-e3c591f7e9e7/metadata?includeKey=status&includeKey=failures&includeKey=jobId
  response:
    body:
      string: '{"status":"Running","calls":{"struct_example.process_sample":[{"jobId":"30945436","attempt":1,"shardIndex":0},{"jobId":"30945437","attempt":1,"shardIndex":1}]},"id":"6428e5da-e1ea-4228-9f7a-e3c591f7e9e7"}'
    headers:
      Connection:
      - keep-alive
      Content-Type:
      - application/json
      Date:
      - Sun, 31 Aug 2025 04:16:50 GMT
      Server:
      - nginx/1.25.3
      Transfer-Encoding:
      - chunked
      content-length:
      - '204'
    status:
      code: 200
      message: OK
- request:
    body: ''
    headers:
      accept:
      - '*/*'
      accept-encoding:
      - gzip, deflate
      connection:
      - keep-alive
      host:
      - gizmoj8.fhcrc.org:44825
      user-agent:
      - python-httpx/0.28.1
    method: GET
    uri: https://gizmoj8.fhcrc.org:44825/api/workflows/v1/6428e5da-e1ea-4228-9f7a-e3c591f7e9e7/metadata?includeKey=status&includeKey=failures&includeKey=jobId
  response:
    body:
      string: '{"status":"Running","calls":{"struct_example.process_sample":[{"jobId":"30945436","attempt":1,"shardIndex":0},{"jobId":"30945437","attempt":1,"shardIndex":1}]},"id":"6428e5da-e1ea-4228-9f7a-e3c591f7e9e7"}'
    headers:
      Connection:
      - keep-alive
      Content-Type:
      - application/json
      Date:
      - Sun, 31 Aug 2025 04:16:55 GMT
      Server:
      - nginx/1.25.3
      Transfer-Encoding:
      - chunked
      content-length:
      - '204'
    status:
      code: 200
      message: OK
- request:
    body: ''
    headers:
      accept:
      - '*/*'
      accept-encoding:
      - gzip, deflate
      connection:
      - keep-alive
      host:
      - gizmoj8.fhcrc.org:44825
      user-agent:
      - python-httpx/0.28.1
    method: GET
    uri: https://gizmoj8.fhcrc.org:44825/api/workflows/v1/6428e5da-e1ea-4228-9f7a-e3c591f7e9e7/metadata?includeKey=status&includeKey=failures&includeKey=jobId
  response:
    body:
      string: '{"status":"Running","calls":{"struct_example.process_sample":[{"jobId":"30945436","attempt":1,"shardIndex":0},{"jobId":"30945437","attempt":1,"shardIndex":1}]},"id":"6428e5da-e1ea-4228-9f7a-e3c591f7e9e7"}'
    headers:
      Connection:
      - keep-alive
      Content-Type:
      - application/json
      Date:
      - Sun, 31 Aug 2025 04:17:00 GMT
      Server:
      - nginx/1.25.3
      Transfer-Encoding:
      - chunked
      content-length:
      - '204'
    status:
      code: 200
      message: OK
- request:
    body: ''
    headers:
      accept:
      - '*/*'
      accept-encoding:
      - gzip, deflate
      connection:
      - keep-alive
      host:
      - gizmoj8.fhcrc.org:44825
      user-agent:
      - python-httpx/0.28.1
    method: GET
    uri: https://gizmoj8.fhcrc.org:44825/api/workflows/v1/6428e5da-e1ea-4228-9f7a-e3c591f7e9e7/metadata?includeKey=status&includeKey=failures&includeKey=jobId
  response:
    body:
      string: '{"status":"Running","calls":{"struct_example.process_sample":[{"jobId":"30945436","attempt":1,"shardIndex":0},{"jobId":"30945437","attempt":1,"shardIndex":1}]},"id":"6428e5da-e1ea-4228-9f7a-e3c591f7e9e7"}'
    headers:
      Connection:
      - keep-alive
      Content-Type:
      - application/json
      Date:
      - Sun, 31 Aug 2025 04:17:05 GMT
      Server:
      - nginx/1.25.3
      Transfer-Encoding:
      - chunked
      content-length:
      - '204'
    status:
      code: 200
      message: OK
- request:
    body: ''
    headers:
      accept:
      - '*/*'
      accept-encoding:
      - gzip, deflate
      connection:
      - keep-alive
      host:
      - gizmoj8.fhcrc.org:44825
      user-agent:
      - python-httpx/0.28.1
    method: GET
    uri: https://gizmoj8.fhcrc.org:44825/api/workflows/v1/6428e5da-e1ea-4228-9f7a-e3c591f7e9e7/metadata?includeKey=status&includeKey=failures&includeKey=jobId
  response:
    body:
      string: '{"status":"Running","calls":{"struct_example.process_sample":[{"jobId":"30945436","attempt":1,"shardIndex":0},{"jobId":"30945437","attempt":1,"shardIndex":1}]},"id":"6428e5da-e1ea-4228-9f7a-e3c591f7e9e7"}'
    headers:
      Connection:
      - keep-alive
      Content-Type:
      - application/json
      Date:
      - Sun, 31 Aug 2025 04:17:11 GMT
      Server:
      - nginx/1.25.3
      Transfer-Encoding:
      - chunked
      content-length:
      - '204'
    status:
      code: 200
      message: OK
- request:
    body: ''
    headers:
      accept:
      - '*/*'
      accept-encoding:
      - gzip, deflate
      connection:
      - keep-alive
      host:
      - gizmoj8.fhcrc.org:44825
      user-agent:
      - python-httpx/0.28.1
    method: GET
    uri: https://gizmoj8.fhcrc.org:44825/api/workflows/v1/6428e5da-e1ea-4228-9f7a-e3c591f7e9e7/metadata?includeKey=status&includeKey=failures&includeKey=jobId
  response:
    body:
      string: '{"status":"Running","calls":{"struct_example.process_sample":[{"jobId":"30945436","attempt":1,"shardIndex":0},{"jobId":"30945437","attempt":1,"shardIndex":1}]},"id":"6428e5da-e1ea-4228-9f7a-e3c591f7e9e7"}'
    headers:
      Connection:
      - keep-alive
      Content-Type:
      - application/json
      Date:
      - Sun, 31 Aug 2025 04:17:16 GMT
      Server:
      - nginx/1.25.3
      Transfer-Encoding:
      - chunked
      content-length:
      - '204'
    status:
      code: 200
      message: OK
- request:
    body: ''
    headers:
      accept:
      - '*/*'
      accept-encoding:
      - gzip, deflate
      connection:
      - keep-alive
      host:
      - gizmoj8.fhcrc.org:44825
      user-agent:
      - python-httpx/0.28.1
    method: GET
    uri: https://gizmoj8.fhcrc.org:44825/api/workflows/v1/6428e5da-e1ea-4228-9f7a-e3c591f7e9e7/metadata?includeKey=status&includeKey=failures&includeKey=jobId
  response:
    body:
      string: '{"status":"Running","calls":{"struct_example.process_sample":[{"jobId":"30945436","attempt":1,"shardIndex":0},{"jobId":"30945437","attempt":1,"shardIndex":1}]},"id":"6428e5da-e1ea-4228-9f7a-e3c591f7e9e7"}'
    headers:
      Connection:
      - keep-alive
      Content-Type:
      - application/json
      Date:
      - Sun, 31 Aug 2025 04:17:21 GMT
      Server:
      - nginx/1.25.3
      Transfer-Encoding:
      - chunked
      content-length:
      - '204'
    status:
      code: 200
      message: OK
- request:
    body: ''
    headers:
      accept:
      - '*/*'
      accept-encoding:
      - gzip, deflate
      connection:
      - keep-alive
      host:
      - gizmoj8.fhcrc.org:44825
      user-agent:
      - python-httpx/0.28.1
    method: GET
    uri: https://gizmoj8.fhcrc.org:44825/api/workflows/v1/6428e5da-e1ea-4228-9f7a-e3c591f7e9e7/metadata?includeKey=status&includeKey=failures&includeKey=jobId
  response:
    body:
      string: '{"status":"Running","calls":{"struct_example.process_sample":[{"jobId":"30945436","attempt":1,"shardIndex":0},{"jobId":"30945437","attempt":1,"shardIndex":1}]},"id":"6428e5da-e1ea-4228-9f7a-e3c591f7e9e7"}'
    headers:
      Connection:
      - keep-alive
      Content-Type:
      - application/json
      Date:
      - Sun, 31 Aug 2025 04:17:26 GMT
      Server:
      - nginx/1.25.3
      Transfer-Encoding:
      - chunked
      content-length:
      - '204'
    status:
      code: 200
      message: OK
- request:
    body: ''
    headers:
      accept:
      - '*/*'
      accept-encoding:
      - gzip, deflate
      connection:
      - keep-alive
      host:
      - gizmoj8.fhcrc.org:44825
      user-agent:
      - python-httpx/0.28.1
    method: GET
    uri: https://gizmoj8.fhcrc.org:44825/api/workflows/v1/6428e5da-e1ea-4228-9f7a-e3c591f7e9e7/metadata?includeKey=status&includeKey=failures&includeKey=jobId
  response:
    body:
      string: '{"status":"Running","calls":{"struct_example.process_sample":[{"jobId":"30945436","attempt":1,"shardIndex":0},{"jobId":"30945437","attempt":1,"shardIndex":1}]},"id":"6428e5da-e1ea-4228-9f7a-e3c591f7e9e7"}'
    headers:
      Connection:
      - keep-alive
      Content-Type:
      - application/json
      Date:
      - Sun, 31 Aug 2025 04:17:31 GMT
      Server:
      - nginx/1.25.3
      Transfer-Encoding:
      - chunked
      content-length:
      - '204'
    status:
      code: 200
      message: OK
- request:
    body: ''
    headers:
      accept:
      - '*/*'
      accept-encoding:
      - gzip, deflate
      connection:
      - keep-alive
      host:
      - gizmoj8.fhcrc.org:44825
      user-agent:
      - python-httpx/0.28.1
    method: GET
    uri: https://gizmoj8.fhcrc.org:44825/api/workflows/v1/6428e5da-e1ea-4228-9f7a-e3c591f7e9e7/metadata?includeKey=status&includeKey=failures&includeKey=jobId
  response:
    body:
      string: '{"status":"Running","calls":{"struct_example.process_sample":[{"jobId":"30945436","attempt":1,"shardIndex":0},{"jobId":"30945437","attempt":1,"shardIndex":1}]},"id":"6428e5da-e1ea-4228-9f7a-e3c591f7e9e7"}'
    headers:
      Connection:
      - keep-alive
      Content-Type:
      - application/json
      Date:
      - Sun, 31 Aug 2025 04:17:36 GMT
      Server:
      - nginx/1.25.3
      Transfer-Encoding:
      - chunked
      content-length:
      - '204'
    status:
      code: 200
      message: OK
- request:
    body: ''
    headers:
      accept:
      - '*/*'
      accept-encoding:
      - gzip, deflate
      connection:
      - keep-alive
      host:
      - gizmoj8.fhcrc.org:44825
      user-agent:
      - python-httpx/0.28.1
    method: GET
    uri: https://gizmoj8.fhcrc.org:44825/api/workflows/v1/6428e5da-e1ea-4228-9f7a-e3c591f7e9e7/metadata?includeKey=status&includeKey=failures&includeKey=jobId
  response:
    body:
      string: '{"status":"Running","calls":{"struct_example.process_sample":[{"jobId":"30945436","attempt":1,"shardIndex":0},{"jobId":"30945437","attempt":1,"shardIndex":1}]},"id":"6428e5da-e1ea-4228-9f7a-e3c591f7e9e7"}'
    headers:
      Connection:
      - keep-alive
      Content-Type:
      - application/json
      Date:
      - Sun, 31 Aug 2025 04:17:41 GMT
      Server:
      - nginx/1.25.3
      Transfer-Encoding:
      - chunked
      content-length:
      - '204'
    status:
      code: 200
      message: OK
- request:
    body: ''
    headers:
      accept:
      - '*/*'
      accept-encoding:
      - gzip, deflate
      connection:
      - keep-alive
      host:
      - gizmoj8.fhcrc.org:44825
      user-agent:
      - python-httpx/0.28.1
    method: GET
    uri: https://gizmoj8.fhcrc.org:44825/api/workflows/v1/6428e5da-e1ea-4228-9f7a-e3c591f7e9e7/metadata?includeKey=status&includeKey=failures&includeKey=jobId
  response:
    body:
      string: '{"status":"Running","calls":{"struct_example.process_sample":[{"jobId":"30945436","attempt":1,"shardIndex":0},{"jobId":"30945437","attempt":1,"shardIndex":1}]},"id":"6428e5da-e1ea-4228-9f7a-e3c591f7e9e7"}'
    headers:
      Connection:
      - keep-alive
      Content-Type:
      - application/json
      Date:
      - Sun, 31 Aug 2025 04:17:46 GMT
      Server:
      - nginx/1.25.3
      Transfer-Encoding:
      - chunked
      content-length:
      - '204'
    status:
      code: 200
      message: OK
- request:
    body: ''
    headers:
      accept:
      - '*/*'
      accept-encoding:
      - gzip, deflate
      connection:
      - keep-alive
      host:
      - gizmoj8.fhcrc.org:44825
      user-agent:
      - python-httpx/0.28.1
    method: GET
    uri: https://gizmoj8.fhcrc.org:44825/api/workflows/v1/6428e5da-e1ea-4228-9f7a-e3c591f7e9e7/metadata?includeKey=status&includeKey=failures&includeKey=jobId
  response:
    body:
      string: '{"status":"Running","calls":{"struct_example.process_sample":[{"jobId":"30945436","attempt":1,"shardIndex":0},{"jobId":"30945437","attempt":1,"shardIndex":1}]},"id":"6428e5da-e1ea-4228-9f7a-e3c591f7e9e7"}'
    headers:
      Connection:
      - keep-alive
      Content-Type:
      - application/json
      Date:
      - Sun, 31 Aug 2025 04:17:51 GMT
      Server:
      - nginx/1.25.3
      Transfer-Encoding:
      - chunked
      content-length:
      - '204'
    status:
      code: 200
      message: OK
- request:
    body: ''
    headers:
      accept:
      - '*/*'
      accept-encoding:
      - gzip, deflate
      connection:
      - keep-alive
      host:
      - gizmoj8.fhcrc.org:44825
      user-agent:
      - python-httpx/0.28.1
    method: GET
    uri: https://gizmoj8.fhcrc.org:44825/api/workflows/v1/6428e5da-e1ea-4228-9f7a-e3c591f7e9e7/metadata?includeKey=status&includeKey=failures&includeKey=jobId
  response:
    body:
      string: '{"status":"Running","calls":{"struct_example.process_sample":[{"jobId":"30945436","attempt":1,"shardIndex":0},{"jobId":"30945437","attempt":1,"shardIndex":1}]},"id":"6428e5da-e1ea-4228-9f7a-e3c591f7e9e7"}'
    headers:
      Connection:
      - keep-alive
      Content-Type:
      - application/json
      Date:
      - Sun, 31 Aug 2025 04:17:56 GMT
      Server:
      - nginx/1.25.3
      Transfer-Encoding:
      - chunked
      content-length:
      - '204'
    status:
      code: 200
      message: OK
- request:
    body: ''
    headers:
      accept:
      - '*/*'
      accept-encoding:
      - gzip, deflate
      connection:
      - keep-alive
      host:
      - gizmoj8.fhcrc.org:44825
      user-agent:
      - python-httpx/0.28.1
    method: GET
    uri: https://gizmoj8.fhcrc.org:44825/api/workflows/v1/6428e5da-e1ea-4228-9f7a-e3c591f7e9e7/metadata?includeKey=status&includeKey=failures&includeKey=jobId
  response:
    body:
      string: '{"status":"Running","calls":{"struct_example.process_sample":[{"jobId":"30945436","attempt":1,"shardIndex":0},{"jobId":"30945437","attempt":1,"shardIndex":1}]},"id":"6428e5da-e1ea-4228-9f7a-e3c591f7e9e7"}'
    headers:
      Connection:
      - keep-alive
      Content-Type:
      - application/json
      Date:
      - Sun, 31 Aug 2025 04:18:01 GMT
      Server:
      - nginx/1.25.3
      Transfer-Encoding:
      - chunked
      content-length:
      - '204'
    status:
      code: 200
      message: OK
- request:
    body: ''
    headers:
      accept:
      - '*/*'
      accept-encoding:
      - gzip, deflate
      connection:
      - keep-alive
      host:
      - gizmoj8.fhcrc.org:44825
      user-agent:
      - python-httpx/0.28.1
    method: GET
    uri: https://gizmoj8.fhcrc.org:44825/api/workflows/v1/6428e5da-e1ea-4228-9f7a-e3c591f7e9e7/metadata?includeKey=status&includeKey=failures&includeKey=jobId
  response:
    body:
      string: '{"status":"Running","calls":{"struct_example.process_sample":[{"jobId":"30945436","attempt":1,"shardIndex":0},{"jobId":"30945437","attempt":1,"shardIndex":1}]},"id":"6428e5da-e1ea-4228-9f7a-e3c591f7e9e7"}'
    headers:
      Connection:
      - keep-alive
      Content-Type:
      - application/json
      Date:
      - Sun, 31 Aug 2025 04:18:06 GMT
      Server:
      - nginx/1.25.3
      Transfer-Encoding:
      - chunked
      content-length:
      - '204'
    status:
      code: 200
      message: OK
- request:
    body: ''
    headers:
      accept:
      - '*/*'
      accept-encoding:
      - gzip, deflate
      connection:
      - keep-alive
      host:
      - gizmoj8.fhcrc.org:44825
      user-agent:
      - python-httpx/0.28.1
    method: GET
    uri: https://gizmoj8.fhcrc.org:44825/api/workflows/v1/6428e5da-e1ea-4228-9f7a-e3c591f7e9e7/metadata?includeKey=status&includeKey=failures&includeKey=jobId
  response:
    body:
      string: '{"status":"Running","calls":{"struct_example.process_sample":[{"jobId":"30945436","attempt":1,"shardIndex":0},{"jobId":"30945437","attempt":1,"shardIndex":1}]},"id":"6428e5da-e1ea-4228-9f7a-e3c591f7e9e7"}'
    headers:
      Connection:
      - keep-alive
      Content-Type:
      - application/json
      Date:
      - Sun, 31 Aug 2025 04:18:11 GMT
      Server:
      - nginx/1.25.3
      Transfer-Encoding:
      - chunked
      content-length:
      - '204'
    status:
      code: 200
      message: OK
- request:
    body: ''
    headers:
      accept:
      - '*/*'
      accept-encoding:
      - gzip, deflate
      connection:
      - keep-alive
      host:
      - gizmoj8.fhcrc.org:44825
      user-agent:
      - python-httpx/0.28.1
    method: GET
    uri: https://gizmoj8.fhcrc.org:44825/api/workflows/v1/6428e5da-e1ea-4228-9f7a-e3c591f7e9e7/metadata?includeKey=status&includeKey=failures&includeKey=jobId
  response:
    body:
      string: '{"status":"Running","calls":{"struct_example.process_sample":[{"jobId":"30945436","attempt":1,"shardIndex":0},{"jobId":"30945437","attempt":1,"shardIndex":1}]},"id":"6428e5da-e1ea-4228-9f7a-e3c591f7e9e7"}'
    headers:
      Connection:
      - keep-alive
      Content-Type:
      - application/json
      Date:
      - Sun, 31 Aug 2025 04:18:17 GMT
      Server:
      - nginx/1.25.3
      Transfer-Encoding:
      - chunked
      content-length:
      - '204'
    status:
      code: 200
      message: OK
- request:
    body: ''
    headers:
      accept:
      - '*/*'
      accept-encoding:
      - gzip, deflate
      connection:
      - keep-alive
      host:
      - gizmoj8.fhcrc.org:44825
      user-agent:
      - python-httpx/0.28.1
    method: GET
    uri: https://gizmoj8.fhcrc.org:44825/api/workflows/v1/6428e5da-e1ea-4228-9f7a-e3c591f7e9e7/metadata?includeKey=status&includeKey=failures&includeKey=jobId
  response:
    body:
      string: '{"status":"Succeeded","calls":{"struct_example.process_sample":[{"jobId":"30945436","attempt":1,"shardIndex":0},{"jobId":"30945437","attempt":1,"shardIndex":1}]},"id":"6428e5da-e1ea-4228-9f7a-e3c591f7e9e7"}'
    headers:
      Connection:
      - keep-alive
      Content-Type:
      - application/json
      Date:
      - Sun, 31 Aug 2025 04:18:22 GMT
      Server:
      - nginx/1.25.3
      Transfer-Encoding:
      - chunked
      content-length:
      - '206'
    status:
      code: 200
      message: OK
version: 1
