interactions:
- request:
    body: "--564e7f0fe03b8f2b8e3ea39b7cd58625\r\nContent-Disposition: form-data; name=\"workflowSource\";
      filename=\"basicGlobTest.wdl\"\r\nContent-Type: application/octet-stream\r\n\r\nversion
      1.0\n\nworkflow basicGlobTest {\n    call create_files\n    output {\n        Array[File]
      matched_files = create_files.txt_files\n    }\n}\n\ntask create_files {\n    command
      <<<\n        echo \"File 1\" > file1.txt\n        echo \"File 2\" > file2.txt\n
      \   >>>\n    output {\n        Array[File] txt_files = glob(\"*.txt\")\n    }\n}\n\r\n--564e7f0fe03b8f2b8e3ea39b7cd58625\r\nContent-Disposition:
      form-data; name=\"workflowOptions\"; filename=\"options.json\"\r\nContent-Type:
      application/json\r\n\r\n{\n    \"workflow_failure_mode\": \"ContinueWhilePossible\",\n
      \   \"write_to_cache\": false,\n    \"read_from_cache\": false\n}\n\r\n--564e7f0fe03b8f2b8e3ea39b7cd58625--\r\n"
    headers:
      Accept:
      - '*/*'
      Accept-Encoding:
      - gzip, deflate
      Connection:
      - keep-alive
      Content-Length:
      - '792'
      Content-Type:
      - multipart/form-data; boundary=564e7f0fe03b8f2b8e3ea39b7cd58625
      Host:
      - gizmok23.fhcrc.org:46091
      User-Agent:
      - python-httpx/0.28.1
    method: POST
    uri: https://gizmok23.fhcrc.org:46091/api/workflows/v1
  response:
    body:
      string: '{"id":"fdffdb72-b225-44a8-a358-d64da5bc83b9","status":"Submitted"}'
    headers:
      Connection:
      - keep-alive
      Content-Length:
      - '66'
      Content-Type:
      - application/json
      Date:
      - Thu, 12 Feb 2026 18:12:13 GMT
      Server:
      - nginx/1.25.3
    status:
      code: 201
      message: Created
- request:
    body: ''
    headers:
      Accept:
      - '*/*'
      Accept-Encoding:
      - gzip, deflate
      Connection:
      - keep-alive
      Host:
      - gizmok23.fhcrc.org:46091
      User-Agent:
      - python-httpx/0.28.1
    method: GET
    uri: https://gizmok23.fhcrc.org:46091/api/workflows/v1/fdffdb72-b225-44a8-a358-d64da5bc83b9/metadata?includeKey=status&includeKey=failures&includeKey=jobId
  response:
    body:
      string: "{\n  \"status\": \"fail\",\n  \"message\": \"Unrecognized workflow
        ID: fdffdb72-b225-44a8-a358-d64da5bc83b9\"\n}"
    headers:
      Connection:
      - keep-alive
      Content-Type:
      - application/json
      Date:
      - Thu, 12 Feb 2026 18:12:13 GMT
      Server:
      - nginx/1.25.3
      Transfer-Encoding:
      - chunked
      content-length:
      - '101'
    status:
      code: 404
      message: Not Found
- request:
    body: ''
    headers:
      Accept:
      - '*/*'
      Accept-Encoding:
      - gzip, deflate
      Connection:
      - keep-alive
      Host:
      - gizmok23.fhcrc.org:46091
      User-Agent:
      - python-httpx/0.28.1
    method: GET
    uri: https://gizmok23.fhcrc.org:46091/api/workflows/v1/fdffdb72-b225-44a8-a358-d64da5bc83b9/metadata?includeKey=status&includeKey=failures&includeKey=jobId
  response:
    body:
      string: '{"status":"Submitted","calls":{},"id":"fdffdb72-b225-44a8-a358-d64da5bc83b9"}'
    headers:
      Connection:
      - keep-alive
      Content-Type:
      - application/json
      Date:
      - Thu, 12 Feb 2026 18:12:17 GMT
      Server:
      - nginx/1.25.3
      Transfer-Encoding:
      - chunked
      content-length:
      - '77'
    status:
      code: 200
      message: OK
version: 1
