interactions:
- request:
    body: "--4ce5dd83d4690fe5a131ef52d0e43219\r\nContent-Disposition: form-data; name=\"workflowSource\";
      filename=\"arrayOperations.wdl\"\r\nContent-Type: application/octet-stream\r\n\r\nversion
      1.0\n\nworkflow ArrayOperations {\n    input {\n        # Input arrays for different
      tests\n        Array[String] strings\n        Array[String] additional_strings
      = []  # For testing array concatenation\n        Array[Array[String]] nested_arrays
      = []  # For testing nested arrays\n        Array[Int] numbers = [1, 2, 3, 4,
      5]  # Default integer array for numeric operations\n        Array[File] input_files
      = [] # Array of files to test file operations\n    }\n    \n    # Scatter operation
      to test processing of each element in an array\n    # Test empty arrays (original
      operation still works with empty input)\n    scatter (str in strings) {\n        call
      Uppercase { input: text = str }\n    }\n    \n    # Test array indexing (accessing
      first and last elements)\n    if (length(strings) > 0) {\n        call ValidateIndex
      { input: arr = strings }\n    }\n    \n    # Test array functions like sorting,
      length calculation, and flattening\n    call ArrayFunctions { \n        input:
      \n            arr = strings,\n            nested = nested_arrays\n    }\n    \n
      \   # Test array concatenation and verify the combined length\n    Array[String]
      combined = flatten([strings, additional_strings])\n    call ArrayConcat {\n
      \       input: \n            arr1 = strings,\n            arr2 = additional_strings,\n
      \           expected_length = length(combined)\n    }\n    \n    # Test integer
      array operations like summation and combining arrays\n    Array[Int] more_numbers
      = [6, 7, 8, 9, 10]  # Intermediate array declaration\n    call IntegerArrayOps
      {\n        input:\n            numbers = numbers,\n            additional_numbers
      = more_numbers\n    }\n\n    # Test file array operations like localization
      and content reading\n    if (length(input_files) > 0) {\n        call FileArrayOps
      {\n            input:\n                files = input_files\n        }\n    }\n
      \   # Outputs to capture results of the tests\n    output {\n        Array[String]
      uppercased = Uppercase.out # Outputs from scatter task\n        Int? first_index
      = ValidateIndex.first_index # First index in string array\n        Int? last_index
      = ValidateIndex.last_index # Last index in string array\n        Array[String]
      sorted_array = ArrayFunctions.sorted # Sorted array\n        Array[Array[String]]
      processed_nested = ArrayFunctions.processed_nested # Processed nested array\n
      \       Boolean concat_test_passed = ArrayConcat.test_passed # Result of concatenation
      test\n        Int array_length = ArrayFunctions.arr_length # Length of input
      array\n        Array[String] flattened = ArrayFunctions.flattened # Flattened
      nested arrays\n        # New outputs for integer array operations \n        Int
      sum_result = IntegerArrayOps.sum # Sum of integer array\n        Array[Int]
      combined_numbers = IntegerArrayOps.combined # Combined integer arrays\n        #
      New outputs for file array operations\n        Array[String]? file_contents
      = FileArrayOps.contents # Contents of files\n        Boolean? files_localized
      = FileArrayOps.localization_success # File localization status\n    }\n\n    parameter_meta
      {\n        # Descriptions for inputs\n        strings: \"Primary array of input
      strings\"\n        additional_strings: \"Secondary array for testing concatenation\"\n
      \       nested_arrays: \"Array of arrays for testing nested array operations\"\n
      \       numbers: \"Array of integers for testing numeric operations\"\n        input_files:
      \"Array of input files for testing file localization\"\n    }\n}\n\n# Task to
      convert string to uppercase (tests per-element processing)\ntask Uppercase {\n
      \   input {\n        String text\n    }\n    \n    command <<<\n        echo
      \"~{text}\" | tr '[:lower:]' '[:upper:]'\n    >>>\n    \n    output {\n        String
      out = read_string(stdout())\n    }\n    \n    runtime {\n        cpu: 1\n        memory:
      \"1 GB\"\n    }\n}\n\n\n# Task to test indexing operations\ntask ValidateIndex
      {\n    input {\n        Array[String] arr\n    }\n    \n    command <<<\n        echo
      \"0\" > first_index.txt  # First index\n        echo \"~{length(arr)-1}\" >
      last_index.txt  # Last index\n    >>>\n    \n    output {\n        Int first_index
      = read_int(\"first_index.txt\")\n        Int last_index = read_int(\"last_index.txt\")\n
      \   }\n    \n    runtime {\n        cpu: 1\n        memory: \"1 GB\"\n    }\n}\n\n#
      Task to test array functions\ntask ArrayFunctions {\n    input {\n        Array[String]
      arr\n        Array[Array[String]] nested\n    }\n    \n    command <<<\n        #
      Sort the input array using bash\n        echo \"~{sep='\\n' arr}\" | sort >
      sorted.txt\n        \n        # Get array length\n        echo \"~{length(arr)}\"
      > length.txt\n        \n        # Process nested arrays (flatten them)\n        echo
      \"~{sep='\\n' flatten(nested)}\" > flattened.txt\n    >>>\n    \n    output
      {\n        Array[String] sorted = read_lines(\"sorted.txt\")\n        Int arr_length
      = read_int(\"length.txt\")\n        Array[String] flattened = read_lines(\"flattened.txt\")\n
      \       Array[Array[String]] processed_nested = nested  # Return the original
      nested array\n    }\n    \n    runtime {\n        cpu: 1\n        memory: \"1
      GB\"\n    }\n}\n\n# Task to test concatenation of two arrays\ntask ArrayConcat
      {\n    input {\n        Array[String] arr1\n        Array[String] arr2\n        Int
      expected_length\n    }\n    \n    command <<<\n        actual_length=$(( ~{length(arr1)}
      + ~{length(arr2)} ))\n        if [ \"$actual_length\" -eq ~{expected_length}
      ]; then\n            echo \"true\"\n        else\n            echo \"false\"\n
      \       fi\n    >>>\n    \n    output {\n        Boolean test_passed = read_boolean(stdout())\n
      \   }\n    \n    runtime {\n        cpu: 1\n        memory: \"1 GB\"\n    }\n}\n\n#
      Task to test integer array operations\ntask IntegerArrayOps {\n    input {\n
      \       Array[Int] numbers\n        Array[Int] additional_numbers\n    }\n    \n
      \   command <<<\n        # Calculate sum of numbers to verify proper parsing\n
      \       total=0\n        for num in ~{sep=' ' numbers}; do\n            total=$((total
      + num))\n        done\n        echo $total > sum.txt\n\n        # Combine arrays
      and write to file\n        echo \"~{sep='\\n' flatten([numbers, additional_numbers])}\"
      > combined.txt\n    >>>\n    \n    output {\n        Int sum = read_int(\"sum.txt\")\n
      \       Array[Int] combined = read_lines(\"combined.txt\")\n    }\n    \n    runtime
      {\n        cpu: 1\n        memory: \"1 GB\"\n    }\n}\n\n# Task to test file
      array operations\ntask FileArrayOps {\n    input {\n        Array[File] files\n
      \   }\n    \n    command <<<\n        # Test file localization by reading contents\n
      \       for file in ~{sep=' ' files}; do\n            if [ -f \"$file\" ]; then\n
      \               cat \"$file\" >> all_contents.txt\n                echo \"---\"
      >> all_contents.txt  # Separator between files\n            else\n                echo
      \"false\" > localization_success.txt\n                exit 1\n            fi\n
      \       done\n        echo \"true\" > localization_success.txt\n    >>>\n    \n
      \   output {\n        Array[String] contents = read_lines(\"all_contents.txt\")\n
      \       Boolean localization_success = read_boolean(\"localization_success.txt\")\n
      \   }\n    \n    runtime {\n        cpu: 1\n        memory: \"1 GB\"\n    }\n}\n\r\n--4ce5dd83d4690fe5a131ef52d0e43219\r\nContent-Disposition:
      form-data; name=\"workflowInputs\"; filename=\"inputs.json\"\r\nContent-Type:
      application/json\r\n\r\n{\n    \"ArrayOperations.strings\": [\"hello\", \"world\",
      \"test\"],\n    \"ArrayOperations.additional_strings\": [\"foo\", \"bar\"],\n
      \   \"ArrayOperations.nested_arrays\": [\n        [\"nested1\", \"nested2\"],\n
      \       [\"nested3\", \"nested4\"]\n    ],\n    \"ArrayOperations.numbers\":
      [1, 2, 3, 4, 5],\n    \"ArrayOperations.input_files\": [\n        \"arrayOperations/data/test1.txt\",\n
      \       \"arrayOperations/data/test2.txt\",\n        \"arrayOperations/data/test3.txt\"\n
      \   ]\n}\n\r\n--4ce5dd83d4690fe5a131ef52d0e43219\r\nContent-Disposition: form-data;
      name=\"workflowOptions\"; filename=\"options.json\"\r\nContent-Type: application/json\r\n\r\n{\n
      \   \"workflow_failure_mode\": \"ContinueWhilePossible\",\n    \"write_to_cache\":
      false,\n    \"read_from_cache\": false\n}\n\r\n--4ce5dd83d4690fe5a131ef52d0e43219--\r\n"
    headers:
      accept:
      - '*/*'
      accept-encoding:
      - gzip, deflate
      connection:
      - keep-alive
      content-length:
      - '8043'
      content-type:
      - multipart/form-data; boundary=4ce5dd83d4690fe5a131ef52d0e43219
      host:
      - gizmok20.fhcrc.org:46789
      user-agent:
      - python-httpx/0.28.1
    method: POST
    uri: https://gizmok20.fhcrc.org:46789/api/workflows/v1
  response:
    body:
      string: '{"id":"92212ba7-ec84-40f5-945b-5fdc3b3deca8","status":"Submitted"}'
    headers:
      Connection:
      - keep-alive
      Content-Length:
      - '66'
      Content-Type:
      - application/json
      Date:
      - Mon, 11 Aug 2025 19:14:45 GMT
      Server:
      - nginx/1.25.3
    status:
      code: 201
      message: Created
- request:
    body: ''
    headers:
      accept:
      - '*/*'
      accept-encoding:
      - gzip, deflate
      connection:
      - keep-alive
      host:
      - gizmok20.fhcrc.org:46789
      user-agent:
      - python-httpx/0.28.1
    method: GET
    uri: https://gizmok20.fhcrc.org:46789/api/workflows/v1/92212ba7-ec84-40f5-945b-5fdc3b3deca8/metadata?includeKey=status&includeKey=failures&includeKey=jobId
  response:
    body:
      string: '{"status":"Submitted","calls":{},"id":"92212ba7-ec84-40f5-945b-5fdc3b3deca8"}'
    headers:
      Connection:
      - keep-alive
      Content-Type:
      - application/json
      Date:
      - Mon, 11 Aug 2025 19:14:50 GMT
      Server:
      - nginx/1.25.3
      Transfer-Encoding:
      - chunked
      content-length:
      - '77'
    status:
      code: 200
      message: OK
- request:
    body: ''
    headers:
      accept:
      - '*/*'
      accept-encoding:
      - gzip, deflate
      connection:
      - keep-alive
      host:
      - gizmok20.fhcrc.org:46789
      user-agent:
      - python-httpx/0.28.1
    method: GET
    uri: https://gizmok20.fhcrc.org:46789/api/workflows/v1/92212ba7-ec84-40f5-945b-5fdc3b3deca8/metadata?includeKey=status&includeKey=failures&includeKey=jobId
  response:
    body:
      string: '{"status":"Submitted","calls":{},"id":"92212ba7-ec84-40f5-945b-5fdc3b3deca8"}'
    headers:
      Connection:
      - keep-alive
      Content-Type:
      - application/json
      Date:
      - Mon, 11 Aug 2025 19:14:55 GMT
      Server:
      - nginx/1.25.3
      Transfer-Encoding:
      - chunked
      content-length:
      - '77'
    status:
      code: 200
      message: OK
- request:
    body: ''
    headers:
      accept:
      - '*/*'
      accept-encoding:
      - gzip, deflate
      connection:
      - keep-alive
      host:
      - gizmok20.fhcrc.org:46789
      user-agent:
      - python-httpx/0.28.1
    method: GET
    uri: https://gizmok20.fhcrc.org:46789/api/workflows/v1/92212ba7-ec84-40f5-945b-5fdc3b3deca8/metadata?includeKey=status&includeKey=failures&includeKey=jobId
  response:
    body:
      string: '{"status":"Submitted","calls":{},"id":"92212ba7-ec84-40f5-945b-5fdc3b3deca8"}'
    headers:
      Connection:
      - keep-alive
      Content-Type:
      - application/json
      Date:
      - Mon, 11 Aug 2025 19:15:01 GMT
      Server:
      - nginx/1.25.3
      Transfer-Encoding:
      - chunked
      content-length:
      - '77'
    status:
      code: 200
      message: OK
- request:
    body: ''
    headers:
      accept:
      - '*/*'
      accept-encoding:
      - gzip, deflate
      connection:
      - keep-alive
      host:
      - gizmok20.fhcrc.org:46789
      user-agent:
      - python-httpx/0.28.1
    method: GET
    uri: https://gizmok20.fhcrc.org:46789/api/workflows/v1/92212ba7-ec84-40f5-945b-5fdc3b3deca8/metadata?includeKey=status&includeKey=failures&includeKey=jobId
  response:
    body:
      string: '{"status":"Submitted","calls":{},"id":"92212ba7-ec84-40f5-945b-5fdc3b3deca8"}'
    headers:
      Connection:
      - keep-alive
      Content-Type:
      - application/json
      Date:
      - Mon, 11 Aug 2025 19:15:06 GMT
      Server:
      - nginx/1.25.3
      Transfer-Encoding:
      - chunked
      content-length:
      - '77'
    status:
      code: 200
      message: OK
- request:
    body: ''
    headers:
      accept:
      - '*/*'
      accept-encoding:
      - gzip, deflate
      connection:
      - keep-alive
      host:
      - gizmok20.fhcrc.org:46789
      user-agent:
      - python-httpx/0.28.1
    method: GET
    uri: https://gizmok20.fhcrc.org:46789/api/workflows/v1/92212ba7-ec84-40f5-945b-5fdc3b3deca8/metadata?includeKey=status&includeKey=failures&includeKey=jobId
  response:
    body:
      string: '{"status":"Submitted","calls":{},"id":"92212ba7-ec84-40f5-945b-5fdc3b3deca8"}'
    headers:
      Connection:
      - keep-alive
      Content-Type:
      - application/json
      Date:
      - Mon, 11 Aug 2025 19:15:11 GMT
      Server:
      - nginx/1.25.3
      Transfer-Encoding:
      - chunked
      content-length:
      - '77'
    status:
      code: 200
      message: OK
- request:
    body: ''
    headers:
      accept:
      - '*/*'
      accept-encoding:
      - gzip, deflate
      connection:
      - keep-alive
      host:
      - gizmok20.fhcrc.org:46789
      user-agent:
      - python-httpx/0.28.1
    method: GET
    uri: https://gizmok20.fhcrc.org:46789/api/workflows/v1/92212ba7-ec84-40f5-945b-5fdc3b3deca8/metadata?includeKey=status&includeKey=failures&includeKey=jobId
  response:
    body:
      string: '{"status":"Submitted","calls":{},"id":"92212ba7-ec84-40f5-945b-5fdc3b3deca8"}'
    headers:
      Connection:
      - keep-alive
      Content-Type:
      - application/json
      Date:
      - Mon, 11 Aug 2025 19:15:16 GMT
      Server:
      - nginx/1.25.3
      Transfer-Encoding:
      - chunked
      content-length:
      - '77'
    status:
      code: 200
      message: OK
- request:
    body: ''
    headers:
      accept:
      - '*/*'
      accept-encoding:
      - gzip, deflate
      connection:
      - keep-alive
      host:
      - gizmok20.fhcrc.org:46789
      user-agent:
      - python-httpx/0.28.1
    method: GET
    uri: https://gizmok20.fhcrc.org:46789/api/workflows/v1/92212ba7-ec84-40f5-945b-5fdc3b3deca8/metadata?includeKey=status&includeKey=failures&includeKey=jobId
  response:
    body:
      string: '{"status":"Submitted","calls":{},"id":"92212ba7-ec84-40f5-945b-5fdc3b3deca8"}'
    headers:
      Connection:
      - keep-alive
      Content-Type:
      - application/json
      Date:
      - Mon, 11 Aug 2025 19:15:21 GMT
      Server:
      - nginx/1.25.3
      Transfer-Encoding:
      - chunked
      content-length:
      - '77'
    status:
      code: 200
      message: OK
- request:
    body: ''
    headers:
      accept:
      - '*/*'
      accept-encoding:
      - gzip, deflate
      connection:
      - keep-alive
      host:
      - gizmok20.fhcrc.org:46789
      user-agent:
      - python-httpx/0.28.1
    method: GET
    uri: https://gizmok20.fhcrc.org:46789/api/workflows/v1/92212ba7-ec84-40f5-945b-5fdc3b3deca8/metadata?includeKey=status&includeKey=failures&includeKey=jobId
  response:
    body:
      string: '{"status":"Submitted","calls":{},"id":"92212ba7-ec84-40f5-945b-5fdc3b3deca8"}'
    headers:
      Connection:
      - keep-alive
      Content-Type:
      - application/json
      Date:
      - Mon, 11 Aug 2025 19:15:26 GMT
      Server:
      - nginx/1.25.3
      Transfer-Encoding:
      - chunked
      content-length:
      - '77'
    status:
      code: 200
      message: OK
- request:
    body: ''
    headers:
      accept:
      - '*/*'
      accept-encoding:
      - gzip, deflate
      connection:
      - keep-alive
      host:
      - gizmok20.fhcrc.org:46789
      user-agent:
      - python-httpx/0.28.1
    method: GET
    uri: https://gizmok20.fhcrc.org:46789/api/workflows/v1/92212ba7-ec84-40f5-945b-5fdc3b3deca8/metadata?includeKey=status&includeKey=failures&includeKey=jobId
  response:
    body:
      string: '{"status":"Submitted","calls":{},"id":"92212ba7-ec84-40f5-945b-5fdc3b3deca8"}'
    headers:
      Connection:
      - keep-alive
      Content-Type:
      - application/json
      Date:
      - Mon, 11 Aug 2025 19:15:31 GMT
      Server:
      - nginx/1.25.3
      Transfer-Encoding:
      - chunked
      content-length:
      - '77'
    status:
      code: 200
      message: OK
- request:
    body: ''
    headers:
      accept:
      - '*/*'
      accept-encoding:
      - gzip, deflate
      connection:
      - keep-alive
      host:
      - gizmok20.fhcrc.org:46789
      user-agent:
      - python-httpx/0.28.1
    method: GET
    uri: https://gizmok20.fhcrc.org:46789/api/workflows/v1/92212ba7-ec84-40f5-945b-5fdc3b3deca8/metadata?includeKey=status&includeKey=failures&includeKey=jobId
  response:
    body:
      string: '{"status":"Submitted","calls":{},"id":"92212ba7-ec84-40f5-945b-5fdc3b3deca8"}'
    headers:
      Connection:
      - keep-alive
      Content-Type:
      - application/json
      Date:
      - Mon, 11 Aug 2025 19:15:36 GMT
      Server:
      - nginx/1.25.3
      Transfer-Encoding:
      - chunked
      content-length:
      - '77'
    status:
      code: 200
      message: OK
- request:
    body: ''
    headers:
      accept:
      - '*/*'
      accept-encoding:
      - gzip, deflate
      connection:
      - keep-alive
      host:
      - gizmok20.fhcrc.org:46789
      user-agent:
      - python-httpx/0.28.1
    method: GET
    uri: https://gizmok20.fhcrc.org:46789/api/workflows/v1/92212ba7-ec84-40f5-945b-5fdc3b3deca8/metadata?includeKey=status&includeKey=failures&includeKey=jobId
  response:
    body:
      string: '{"status":"Submitted","calls":{},"id":"92212ba7-ec84-40f5-945b-5fdc3b3deca8"}'
    headers:
      Connection:
      - keep-alive
      Content-Type:
      - application/json
      Date:
      - Mon, 11 Aug 2025 19:15:41 GMT
      Server:
      - nginx/1.25.3
      Transfer-Encoding:
      - chunked
      content-length:
      - '77'
    status:
      code: 200
      message: OK
- request:
    body: ''
    headers:
      accept:
      - '*/*'
      accept-encoding:
      - gzip, deflate
      connection:
      - keep-alive
      host:
      - gizmok20.fhcrc.org:46789
      user-agent:
      - python-httpx/0.28.1
    method: GET
    uri: https://gizmok20.fhcrc.org:46789/api/workflows/v1/92212ba7-ec84-40f5-945b-5fdc3b3deca8/metadata?includeKey=status&includeKey=failures&includeKey=jobId
  response:
    body:
      string: '{"status":"Submitted","calls":{},"id":"92212ba7-ec84-40f5-945b-5fdc3b3deca8"}'
    headers:
      Connection:
      - keep-alive
      Content-Type:
      - application/json
      Date:
      - Mon, 11 Aug 2025 19:15:46 GMT
      Server:
      - nginx/1.25.3
      Transfer-Encoding:
      - chunked
      content-length:
      - '77'
    status:
      code: 200
      message: OK
- request:
    body: ''
    headers:
      accept:
      - '*/*'
      accept-encoding:
      - gzip, deflate
      connection:
      - keep-alive
      host:
      - gizmok20.fhcrc.org:46789
      user-agent:
      - python-httpx/0.28.1
    method: GET
    uri: https://gizmok20.fhcrc.org:46789/api/workflows/v1/92212ba7-ec84-40f5-945b-5fdc3b3deca8/metadata?includeKey=status&includeKey=failures&includeKey=jobId
  response:
    body:
      string: '{"status":"Submitted","calls":{},"id":"92212ba7-ec84-40f5-945b-5fdc3b3deca8"}'
    headers:
      Connection:
      - keep-alive
      Content-Type:
      - application/json
      Date:
      - Mon, 11 Aug 2025 19:15:51 GMT
      Server:
      - nginx/1.25.3
      Transfer-Encoding:
      - chunked
      content-length:
      - '77'
    status:
      code: 200
      message: OK
- request:
    body: ''
    headers:
      accept:
      - '*/*'
      accept-encoding:
      - gzip, deflate
      connection:
      - keep-alive
      host:
      - gizmok20.fhcrc.org:46789
      user-agent:
      - python-httpx/0.28.1
    method: GET
    uri: https://gizmok20.fhcrc.org:46789/api/workflows/v1/92212ba7-ec84-40f5-945b-5fdc3b3deca8/metadata?includeKey=status&includeKey=failures&includeKey=jobId
  response:
    body:
      string: '{"status":"Submitted","calls":{},"id":"92212ba7-ec84-40f5-945b-5fdc3b3deca8"}'
    headers:
      Connection:
      - keep-alive
      Content-Type:
      - application/json
      Date:
      - Mon, 11 Aug 2025 19:15:56 GMT
      Server:
      - nginx/1.25.3
      Transfer-Encoding:
      - chunked
      content-length:
      - '77'
    status:
      code: 200
      message: OK
- request:
    body: ''
    headers:
      accept:
      - '*/*'
      accept-encoding:
      - gzip, deflate
      connection:
      - keep-alive
      host:
      - gizmok20.fhcrc.org:46789
      user-agent:
      - python-httpx/0.28.1
    method: GET
    uri: https://gizmok20.fhcrc.org:46789/api/workflows/v1/92212ba7-ec84-40f5-945b-5fdc3b3deca8/metadata?includeKey=status&includeKey=failures&includeKey=jobId
  response:
    body:
      string: '{"status":"Submitted","calls":{},"id":"92212ba7-ec84-40f5-945b-5fdc3b3deca8"}'
    headers:
      Connection:
      - keep-alive
      Content-Type:
      - application/json
      Date:
      - Mon, 11 Aug 2025 19:16:01 GMT
      Server:
      - nginx/1.25.3
      Transfer-Encoding:
      - chunked
      content-length:
      - '77'
    status:
      code: 200
      message: OK
- request:
    body: ''
    headers:
      accept:
      - '*/*'
      accept-encoding:
      - gzip, deflate
      connection:
      - keep-alive
      host:
      - gizmok20.fhcrc.org:46789
      user-agent:
      - python-httpx/0.28.1
    method: GET
    uri: https://gizmok20.fhcrc.org:46789/api/workflows/v1/92212ba7-ec84-40f5-945b-5fdc3b3deca8/metadata?includeKey=status&includeKey=failures&includeKey=jobId
  response:
    body:
      string: '{"status":"Submitted","calls":{},"id":"92212ba7-ec84-40f5-945b-5fdc3b3deca8"}'
    headers:
      Connection:
      - keep-alive
      Content-Type:
      - application/json
      Date:
      - Mon, 11 Aug 2025 19:16:06 GMT
      Server:
      - nginx/1.25.3
      Transfer-Encoding:
      - chunked
      content-length:
      - '77'
    status:
      code: 200
      message: OK
- request:
    body: ''
    headers:
      accept:
      - '*/*'
      accept-encoding:
      - gzip, deflate
      connection:
      - keep-alive
      host:
      - gizmok20.fhcrc.org:46789
      user-agent:
      - python-httpx/0.28.1
    method: GET
    uri: https://gizmok20.fhcrc.org:46789/api/workflows/v1/92212ba7-ec84-40f5-945b-5fdc3b3deca8/metadata?includeKey=status&includeKey=failures&includeKey=jobId
  response:
    body:
      string: '{"status":"Submitted","calls":{},"id":"92212ba7-ec84-40f5-945b-5fdc3b3deca8"}'
    headers:
      Connection:
      - keep-alive
      Content-Type:
      - application/json
      Date:
      - Mon, 11 Aug 2025 19:16:12 GMT
      Server:
      - nginx/1.25.3
      Transfer-Encoding:
      - chunked
      content-length:
      - '77'
    status:
      code: 200
      message: OK
- request:
    body: ''
    headers:
      accept:
      - '*/*'
      accept-encoding:
      - gzip, deflate
      connection:
      - keep-alive
      host:
      - gizmok20.fhcrc.org:46789
      user-agent:
      - python-httpx/0.28.1
    method: GET
    uri: https://gizmok20.fhcrc.org:46789/api/workflows/v1/92212ba7-ec84-40f5-945b-5fdc3b3deca8/metadata?includeKey=status&includeKey=failures&includeKey=jobId
  response:
    body:
      string: '{"status":"Submitted","calls":{},"id":"92212ba7-ec84-40f5-945b-5fdc3b3deca8"}'
    headers:
      Connection:
      - keep-alive
      Content-Type:
      - application/json
      Date:
      - Mon, 11 Aug 2025 19:16:17 GMT
      Server:
      - nginx/1.25.3
      Transfer-Encoding:
      - chunked
      content-length:
      - '77'
    status:
      code: 200
      message: OK
- request:
    body: ''
    headers:
      accept:
      - '*/*'
      accept-encoding:
      - gzip, deflate
      connection:
      - keep-alive
      host:
      - gizmok20.fhcrc.org:46789
      user-agent:
      - python-httpx/0.28.1
    method: GET
    uri: https://gizmok20.fhcrc.org:46789/api/workflows/v1/92212ba7-ec84-40f5-945b-5fdc3b3deca8/metadata?includeKey=status&includeKey=failures&includeKey=jobId
  response:
    body:
      string: '{"status":"Submitted","calls":{},"id":"92212ba7-ec84-40f5-945b-5fdc3b3deca8"}'
    headers:
      Connection:
      - keep-alive
      Content-Type:
      - application/json
      Date:
      - Mon, 11 Aug 2025 19:16:22 GMT
      Server:
      - nginx/1.25.3
      Transfer-Encoding:
      - chunked
      content-length:
      - '77'
    status:
      code: 200
      message: OK
- request:
    body: ''
    headers:
      accept:
      - '*/*'
      accept-encoding:
      - gzip, deflate
      connection:
      - keep-alive
      host:
      - gizmok20.fhcrc.org:46789
      user-agent:
      - python-httpx/0.28.1
    method: GET
    uri: https://gizmok20.fhcrc.org:46789/api/workflows/v1/92212ba7-ec84-40f5-945b-5fdc3b3deca8/metadata?includeKey=status&includeKey=failures&includeKey=jobId
  response:
    body:
      string: '{"status":"Submitted","calls":{},"id":"92212ba7-ec84-40f5-945b-5fdc3b3deca8"}'
    headers:
      Connection:
      - keep-alive
      Content-Type:
      - application/json
      Date:
      - Mon, 11 Aug 2025 19:16:27 GMT
      Server:
      - nginx/1.25.3
      Transfer-Encoding:
      - chunked
      content-length:
      - '77'
    status:
      code: 200
      message: OK
- request:
    body: ''
    headers:
      accept:
      - '*/*'
      accept-encoding:
      - gzip, deflate
      connection:
      - keep-alive
      host:
      - gizmok20.fhcrc.org:46789
      user-agent:
      - python-httpx/0.28.1
    method: GET
    uri: https://gizmok20.fhcrc.org:46789/api/workflows/v1/92212ba7-ec84-40f5-945b-5fdc3b3deca8/metadata?includeKey=status&includeKey=failures&includeKey=jobId
  response:
    body:
      string: '{"status":"Submitted","calls":{},"id":"92212ba7-ec84-40f5-945b-5fdc3b3deca8"}'
    headers:
      Connection:
      - keep-alive
      Content-Type:
      - application/json
      Date:
      - Mon, 11 Aug 2025 19:16:32 GMT
      Server:
      - nginx/1.25.3
      Transfer-Encoding:
      - chunked
      content-length:
      - '77'
    status:
      code: 200
      message: OK
- request:
    body: ''
    headers:
      accept:
      - '*/*'
      accept-encoding:
      - gzip, deflate
      connection:
      - keep-alive
      host:
      - gizmok20.fhcrc.org:46789
      user-agent:
      - python-httpx/0.28.1
    method: GET
    uri: https://gizmok20.fhcrc.org:46789/api/workflows/v1/92212ba7-ec84-40f5-945b-5fdc3b3deca8/metadata?includeKey=status&includeKey=failures&includeKey=jobId
  response:
    body:
      string: '{"status":"Submitted","calls":{},"id":"92212ba7-ec84-40f5-945b-5fdc3b3deca8"}'
    headers:
      Connection:
      - keep-alive
      Content-Type:
      - application/json
      Date:
      - Mon, 11 Aug 2025 19:16:37 GMT
      Server:
      - nginx/1.25.3
      Transfer-Encoding:
      - chunked
      content-length:
      - '77'
    status:
      code: 200
      message: OK
- request:
    body: ''
    headers:
      accept:
      - '*/*'
      accept-encoding:
      - gzip, deflate
      connection:
      - keep-alive
      host:
      - gizmok20.fhcrc.org:46789
      user-agent:
      - python-httpx/0.28.1
    method: GET
    uri: https://gizmok20.fhcrc.org:46789/api/workflows/v1/92212ba7-ec84-40f5-945b-5fdc3b3deca8/metadata?includeKey=status&includeKey=failures&includeKey=jobId
  response:
    body:
      string: '{"status":"Submitted","calls":{},"id":"92212ba7-ec84-40f5-945b-5fdc3b3deca8"}'
    headers:
      Connection:
      - keep-alive
      Content-Type:
      - application/json
      Date:
      - Mon, 11 Aug 2025 19:16:42 GMT
      Server:
      - nginx/1.25.3
      Transfer-Encoding:
      - chunked
      content-length:
      - '77'
    status:
      code: 200
      message: OK
- request:
    body: ''
    headers:
      accept:
      - '*/*'
      accept-encoding:
      - gzip, deflate
      connection:
      - keep-alive
      host:
      - gizmok20.fhcrc.org:46789
      user-agent:
      - python-httpx/0.28.1
    method: GET
    uri: https://gizmok20.fhcrc.org:46789/api/workflows/v1/92212ba7-ec84-40f5-945b-5fdc3b3deca8/metadata?includeKey=status&includeKey=failures&includeKey=jobId
  response:
    body:
      string: '{"status":"Submitted","calls":{},"id":"92212ba7-ec84-40f5-945b-5fdc3b3deca8"}'
    headers:
      Connection:
      - keep-alive
      Content-Type:
      - application/json
      Date:
      - Mon, 11 Aug 2025 19:16:47 GMT
      Server:
      - nginx/1.25.3
      Transfer-Encoding:
      - chunked
      content-length:
      - '77'
    status:
      code: 200
      message: OK
- request:
    body: ''
    headers:
      accept:
      - '*/*'
      accept-encoding:
      - gzip, deflate
      connection:
      - keep-alive
      host:
      - gizmok20.fhcrc.org:46789
      user-agent:
      - python-httpx/0.28.1
    method: GET
    uri: https://gizmok20.fhcrc.org:46789/api/workflows/v1/92212ba7-ec84-40f5-945b-5fdc3b3deca8/metadata?includeKey=status&includeKey=failures&includeKey=jobId
  response:
    body:
      string: '{"status":"Submitted","calls":{},"id":"92212ba7-ec84-40f5-945b-5fdc3b3deca8"}'
    headers:
      Connection:
      - keep-alive
      Content-Type:
      - application/json
      Date:
      - Mon, 11 Aug 2025 19:16:52 GMT
      Server:
      - nginx/1.25.3
      Transfer-Encoding:
      - chunked
      content-length:
      - '77'
    status:
      code: 200
      message: OK
- request:
    body: ''
    headers:
      accept:
      - '*/*'
      accept-encoding:
      - gzip, deflate
      connection:
      - keep-alive
      host:
      - gizmok20.fhcrc.org:46789
      user-agent:
      - python-httpx/0.28.1
    method: GET
    uri: https://gizmok20.fhcrc.org:46789/api/workflows/v1/92212ba7-ec84-40f5-945b-5fdc3b3deca8/metadata?includeKey=status&includeKey=failures&includeKey=jobId
  response:
    body:
      string: '{"status":"Submitted","calls":{},"id":"92212ba7-ec84-40f5-945b-5fdc3b3deca8"}'
    headers:
      Connection:
      - keep-alive
      Content-Type:
      - application/json
      Date:
      - Mon, 11 Aug 2025 19:16:57 GMT
      Server:
      - nginx/1.25.3
      Transfer-Encoding:
      - chunked
      content-length:
      - '77'
    status:
      code: 200
      message: OK
- request:
    body: ''
    headers:
      accept:
      - '*/*'
      accept-encoding:
      - gzip, deflate
      connection:
      - keep-alive
      host:
      - gizmok20.fhcrc.org:46789
      user-agent:
      - python-httpx/0.28.1
    method: GET
    uri: https://gizmok20.fhcrc.org:46789/api/workflows/v1/92212ba7-ec84-40f5-945b-5fdc3b3deca8/metadata?includeKey=status&includeKey=failures&includeKey=jobId
  response:
    body:
      string: '{"status":"Submitted","calls":{},"id":"92212ba7-ec84-40f5-945b-5fdc3b3deca8"}'
    headers:
      Connection:
      - keep-alive
      Content-Type:
      - application/json
      Date:
      - Mon, 11 Aug 2025 19:17:02 GMT
      Server:
      - nginx/1.25.3
      Transfer-Encoding:
      - chunked
      content-length:
      - '77'
    status:
      code: 200
      message: OK
- request:
    body: ''
    headers:
      accept:
      - '*/*'
      accept-encoding:
      - gzip, deflate
      connection:
      - keep-alive
      host:
      - gizmok20.fhcrc.org:46789
      user-agent:
      - python-httpx/0.28.1
    method: GET
    uri: https://gizmok20.fhcrc.org:46789/api/workflows/v1/92212ba7-ec84-40f5-945b-5fdc3b3deca8/metadata?includeKey=status&includeKey=failures&includeKey=jobId
  response:
    body:
      string: '{"status":"Submitted","calls":{},"id":"92212ba7-ec84-40f5-945b-5fdc3b3deca8"}'
    headers:
      Connection:
      - keep-alive
      Content-Type:
      - application/json
      Date:
      - Mon, 11 Aug 2025 19:17:07 GMT
      Server:
      - nginx/1.25.3
      Transfer-Encoding:
      - chunked
      content-length:
      - '77'
    status:
      code: 200
      message: OK
- request:
    body: ''
    headers:
      accept:
      - '*/*'
      accept-encoding:
      - gzip, deflate
      connection:
      - keep-alive
      host:
      - gizmok20.fhcrc.org:46789
      user-agent:
      - python-httpx/0.28.1
    method: GET
    uri: https://gizmok20.fhcrc.org:46789/api/workflows/v1/92212ba7-ec84-40f5-945b-5fdc3b3deca8/metadata?includeKey=status&includeKey=failures&includeKey=jobId
  response:
    body:
      string: '{"status":"Submitted","calls":{},"id":"92212ba7-ec84-40f5-945b-5fdc3b3deca8"}'
    headers:
      Connection:
      - keep-alive
      Content-Type:
      - application/json
      Date:
      - Mon, 11 Aug 2025 19:17:12 GMT
      Server:
      - nginx/1.25.3
      Transfer-Encoding:
      - chunked
      content-length:
      - '77'
    status:
      code: 200
      message: OK
- request:
    body: ''
    headers:
      accept:
      - '*/*'
      accept-encoding:
      - gzip, deflate
      connection:
      - keep-alive
      host:
      - gizmok20.fhcrc.org:46789
      user-agent:
      - python-httpx/0.28.1
    method: GET
    uri: https://gizmok20.fhcrc.org:46789/api/workflows/v1/92212ba7-ec84-40f5-945b-5fdc3b3deca8/metadata?includeKey=status&includeKey=failures&includeKey=jobId
  response:
    body:
      string: '{"status":"Submitted","calls":{},"id":"92212ba7-ec84-40f5-945b-5fdc3b3deca8"}'
    headers:
      Connection:
      - keep-alive
      Content-Type:
      - application/json
      Date:
      - Mon, 11 Aug 2025 19:17:18 GMT
      Server:
      - nginx/1.25.3
      Transfer-Encoding:
      - chunked
      content-length:
      - '77'
    status:
      code: 200
      message: OK
- request:
    body: ''
    headers:
      accept:
      - '*/*'
      accept-encoding:
      - gzip, deflate
      connection:
      - keep-alive
      host:
      - gizmok20.fhcrc.org:46789
      user-agent:
      - python-httpx/0.28.1
    method: GET
    uri: https://gizmok20.fhcrc.org:46789/api/workflows/v1/92212ba7-ec84-40f5-945b-5fdc3b3deca8/metadata?includeKey=status&includeKey=failures&includeKey=jobId
  response:
    body:
      string: '{"status":"Submitted","calls":{},"id":"92212ba7-ec84-40f5-945b-5fdc3b3deca8"}'
    headers:
      Connection:
      - keep-alive
      Content-Type:
      - application/json
      Date:
      - Mon, 11 Aug 2025 19:17:23 GMT
      Server:
      - nginx/1.25.3
      Transfer-Encoding:
      - chunked
      content-length:
      - '77'
    status:
      code: 200
      message: OK
- request:
    body: ''
    headers:
      accept:
      - '*/*'
      accept-encoding:
      - gzip, deflate
      connection:
      - keep-alive
      host:
      - gizmok20.fhcrc.org:46789
      user-agent:
      - python-httpx/0.28.1
    method: GET
    uri: https://gizmok20.fhcrc.org:46789/api/workflows/v1/92212ba7-ec84-40f5-945b-5fdc3b3deca8/metadata?includeKey=status&includeKey=failures&includeKey=jobId
  response:
    body:
      string: '{"status":"Submitted","calls":{},"id":"92212ba7-ec84-40f5-945b-5fdc3b3deca8"}'
    headers:
      Connection:
      - keep-alive
      Content-Type:
      - application/json
      Date:
      - Mon, 11 Aug 2025 19:17:28 GMT
      Server:
      - nginx/1.25.3
      Transfer-Encoding:
      - chunked
      content-length:
      - '77'
    status:
      code: 200
      message: OK
- request:
    body: ''
    headers:
      accept:
      - '*/*'
      accept-encoding:
      - gzip, deflate
      connection:
      - keep-alive
      host:
      - gizmok20.fhcrc.org:46789
      user-agent:
      - python-httpx/0.28.1
    method: GET
    uri: https://gizmok20.fhcrc.org:46789/api/workflows/v1/92212ba7-ec84-40f5-945b-5fdc3b3deca8/metadata?includeKey=status&includeKey=failures&includeKey=jobId
  response:
    body:
      string: '{"status":"Submitted","calls":{},"id":"92212ba7-ec84-40f5-945b-5fdc3b3deca8"}'
    headers:
      Connection:
      - keep-alive
      Content-Type:
      - application/json
      Date:
      - Mon, 11 Aug 2025 19:17:33 GMT
      Server:
      - nginx/1.25.3
      Transfer-Encoding:
      - chunked
      content-length:
      - '77'
    status:
      code: 200
      message: OK
- request:
    body: ''
    headers:
      accept:
      - '*/*'
      accept-encoding:
      - gzip, deflate
      connection:
      - keep-alive
      host:
      - gizmok20.fhcrc.org:46789
      user-agent:
      - python-httpx/0.28.1
    method: GET
    uri: https://gizmok20.fhcrc.org:46789/api/workflows/v1/92212ba7-ec84-40f5-945b-5fdc3b3deca8/metadata?includeKey=status&includeKey=failures&includeKey=jobId
  response:
    body:
      string: '{"status":"Submitted","calls":{},"id":"92212ba7-ec84-40f5-945b-5fdc3b3deca8"}'
    headers:
      Connection:
      - keep-alive
      Content-Type:
      - application/json
      Date:
      - Mon, 11 Aug 2025 19:17:38 GMT
      Server:
      - nginx/1.25.3
      Transfer-Encoding:
      - chunked
      content-length:
      - '77'
    status:
      code: 200
      message: OK
- request:
    body: ''
    headers:
      accept:
      - '*/*'
      accept-encoding:
      - gzip, deflate
      connection:
      - keep-alive
      host:
      - gizmok20.fhcrc.org:46789
      user-agent:
      - python-httpx/0.28.1
    method: GET
    uri: https://gizmok20.fhcrc.org:46789/api/workflows/v1/92212ba7-ec84-40f5-945b-5fdc3b3deca8/metadata?includeKey=status&includeKey=failures&includeKey=jobId
  response:
    body:
      string: '{"status":"Submitted","calls":{},"id":"92212ba7-ec84-40f5-945b-5fdc3b3deca8"}'
    headers:
      Connection:
      - keep-alive
      Content-Type:
      - application/json
      Date:
      - Mon, 11 Aug 2025 19:17:43 GMT
      Server:
      - nginx/1.25.3
      Transfer-Encoding:
      - chunked
      content-length:
      - '77'
    status:
      code: 200
      message: OK
- request:
    body: ''
    headers:
      accept:
      - '*/*'
      accept-encoding:
      - gzip, deflate
      connection:
      - keep-alive
      host:
      - gizmok20.fhcrc.org:46789
      user-agent:
      - python-httpx/0.28.1
    method: GET
    uri: https://gizmok20.fhcrc.org:46789/api/workflows/v1/92212ba7-ec84-40f5-945b-5fdc3b3deca8/metadata?includeKey=status&includeKey=failures&includeKey=jobId
  response:
    body:
      string: '{"status":"Submitted","calls":{},"id":"92212ba7-ec84-40f5-945b-5fdc3b3deca8"}'
    headers:
      Connection:
      - keep-alive
      Content-Type:
      - application/json
      Date:
      - Mon, 11 Aug 2025 19:17:48 GMT
      Server:
      - nginx/1.25.3
      Transfer-Encoding:
      - chunked
      content-length:
      - '77'
    status:
      code: 200
      message: OK
- request:
    body: ''
    headers:
      accept:
      - '*/*'
      accept-encoding:
      - gzip, deflate
      connection:
      - keep-alive
      host:
      - gizmok20.fhcrc.org:46789
      user-agent:
      - python-httpx/0.28.1
    method: GET
    uri: https://gizmok20.fhcrc.org:46789/api/workflows/v1/92212ba7-ec84-40f5-945b-5fdc3b3deca8/metadata?includeKey=status&includeKey=failures&includeKey=jobId
  response:
    body:
      string: '{"status":"Submitted","calls":{},"id":"92212ba7-ec84-40f5-945b-5fdc3b3deca8"}'
    headers:
      Connection:
      - keep-alive
      Content-Type:
      - application/json
      Date:
      - Mon, 11 Aug 2025 19:17:53 GMT
      Server:
      - nginx/1.25.3
      Transfer-Encoding:
      - chunked
      content-length:
      - '77'
    status:
      code: 200
      message: OK
- request:
    body: ''
    headers:
      accept:
      - '*/*'
      accept-encoding:
      - gzip, deflate
      connection:
      - keep-alive
      host:
      - gizmok20.fhcrc.org:46789
      user-agent:
      - python-httpx/0.28.1
    method: GET
    uri: https://gizmok20.fhcrc.org:46789/api/workflows/v1/92212ba7-ec84-40f5-945b-5fdc3b3deca8/metadata?includeKey=status&includeKey=failures&includeKey=jobId
  response:
    body:
      string: '{"status":"Submitted","calls":{},"id":"92212ba7-ec84-40f5-945b-5fdc3b3deca8"}'
    headers:
      Connection:
      - keep-alive
      Content-Type:
      - application/json
      Date:
      - Mon, 11 Aug 2025 19:17:58 GMT
      Server:
      - nginx/1.25.3
      Transfer-Encoding:
      - chunked
      content-length:
      - '77'
    status:
      code: 200
      message: OK
- request:
    body: ''
    headers:
      accept:
      - '*/*'
      accept-encoding:
      - gzip, deflate
      connection:
      - keep-alive
      host:
      - gizmok20.fhcrc.org:46789
      user-agent:
      - python-httpx/0.28.1
    method: GET
    uri: https://gizmok20.fhcrc.org:46789/api/workflows/v1/92212ba7-ec84-40f5-945b-5fdc3b3deca8/metadata?includeKey=status&includeKey=failures&includeKey=jobId
  response:
    body:
      string: '{"status":"Submitted","calls":{},"id":"92212ba7-ec84-40f5-945b-5fdc3b3deca8"}'
    headers:
      Connection:
      - keep-alive
      Content-Type:
      - application/json
      Date:
      - Mon, 11 Aug 2025 19:18:03 GMT
      Server:
      - nginx/1.25.3
      Transfer-Encoding:
      - chunked
      content-length:
      - '77'
    status:
      code: 200
      message: OK
- request:
    body: ''
    headers:
      accept:
      - '*/*'
      accept-encoding:
      - gzip, deflate
      connection:
      - keep-alive
      host:
      - gizmok20.fhcrc.org:46789
      user-agent:
      - python-httpx/0.28.1
    method: GET
    uri: https://gizmok20.fhcrc.org:46789/api/workflows/v1/92212ba7-ec84-40f5-945b-5fdc3b3deca8/metadata?includeKey=status&includeKey=failures&includeKey=jobId
  response:
    body:
      string: '{"status":"Submitted","calls":{},"id":"92212ba7-ec84-40f5-945b-5fdc3b3deca8"}'
    headers:
      Connection:
      - keep-alive
      Content-Type:
      - application/json
      Date:
      - Mon, 11 Aug 2025 19:18:08 GMT
      Server:
      - nginx/1.25.3
      Transfer-Encoding:
      - chunked
      content-length:
      - '77'
    status:
      code: 200
      message: OK
- request:
    body: ''
    headers:
      accept:
      - '*/*'
      accept-encoding:
      - gzip, deflate
      connection:
      - keep-alive
      host:
      - gizmok20.fhcrc.org:46789
      user-agent:
      - python-httpx/0.28.1
    method: GET
    uri: https://gizmok20.fhcrc.org:46789/api/workflows/v1/92212ba7-ec84-40f5-945b-5fdc3b3deca8/metadata?includeKey=status&includeKey=failures&includeKey=jobId
  response:
    body:
      string: '{"status":"Submitted","calls":{},"id":"92212ba7-ec84-40f5-945b-5fdc3b3deca8"}'
    headers:
      Connection:
      - keep-alive
      Content-Type:
      - application/json
      Date:
      - Mon, 11 Aug 2025 19:18:13 GMT
      Server:
      - nginx/1.25.3
      Transfer-Encoding:
      - chunked
      content-length:
      - '77'
    status:
      code: 200
      message: OK
- request:
    body: ''
    headers:
      accept:
      - '*/*'
      accept-encoding:
      - gzip, deflate
      connection:
      - keep-alive
      host:
      - gizmok20.fhcrc.org:46789
      user-agent:
      - python-httpx/0.28.1
    method: GET
    uri: https://gizmok20.fhcrc.org:46789/api/workflows/v1/92212ba7-ec84-40f5-945b-5fdc3b3deca8/metadata?includeKey=status&includeKey=failures&includeKey=jobId
  response:
    body:
      string: '{"status":"Submitted","calls":{},"id":"92212ba7-ec84-40f5-945b-5fdc3b3deca8"}'
    headers:
      Connection:
      - keep-alive
      Content-Type:
      - application/json
      Date:
      - Mon, 11 Aug 2025 19:18:18 GMT
      Server:
      - nginx/1.25.3
      Transfer-Encoding:
      - chunked
      content-length:
      - '77'
    status:
      code: 200
      message: OK
- request:
    body: ''
    headers:
      accept:
      - '*/*'
      accept-encoding:
      - gzip, deflate
      connection:
      - keep-alive
      host:
      - gizmok20.fhcrc.org:46789
      user-agent:
      - python-httpx/0.28.1
    method: GET
    uri: https://gizmok20.fhcrc.org:46789/api/workflows/v1/92212ba7-ec84-40f5-945b-5fdc3b3deca8/metadata?includeKey=status&includeKey=failures&includeKey=jobId
  response:
    body:
      string: '{"status":"Submitted","calls":{},"id":"92212ba7-ec84-40f5-945b-5fdc3b3deca8"}'
    headers:
      Connection:
      - keep-alive
      Content-Type:
      - application/json
      Date:
      - Mon, 11 Aug 2025 19:18:24 GMT
      Server:
      - nginx/1.25.3
      Transfer-Encoding:
      - chunked
      content-length:
      - '77'
    status:
      code: 200
      message: OK
- request:
    body: ''
    headers:
      accept:
      - '*/*'
      accept-encoding:
      - gzip, deflate
      connection:
      - keep-alive
      host:
      - gizmok20.fhcrc.org:46789
      user-agent:
      - python-httpx/0.28.1
    method: GET
    uri: https://gizmok20.fhcrc.org:46789/api/workflows/v1/92212ba7-ec84-40f5-945b-5fdc3b3deca8/metadata?includeKey=status&includeKey=failures&includeKey=jobId
  response:
    body:
      string: '{"status":"Submitted","calls":{},"id":"92212ba7-ec84-40f5-945b-5fdc3b3deca8"}'
    headers:
      Connection:
      - keep-alive
      Content-Type:
      - application/json
      Date:
      - Mon, 11 Aug 2025 19:18:29 GMT
      Server:
      - nginx/1.25.3
      Transfer-Encoding:
      - chunked
      content-length:
      - '77'
    status:
      code: 200
      message: OK
- request:
    body: ''
    headers:
      accept:
      - '*/*'
      accept-encoding:
      - gzip, deflate
      connection:
      - keep-alive
      host:
      - gizmok20.fhcrc.org:46789
      user-agent:
      - python-httpx/0.28.1
    method: GET
    uri: https://gizmok20.fhcrc.org:46789/api/workflows/v1/92212ba7-ec84-40f5-945b-5fdc3b3deca8/metadata?includeKey=status&includeKey=failures&includeKey=jobId
  response:
    body:
      string: '{"status":"Submitted","calls":{},"id":"92212ba7-ec84-40f5-945b-5fdc3b3deca8"}'
    headers:
      Connection:
      - keep-alive
      Content-Type:
      - application/json
      Date:
      - Mon, 11 Aug 2025 19:18:34 GMT
      Server:
      - nginx/1.25.3
      Transfer-Encoding:
      - chunked
      content-length:
      - '77'
    status:
      code: 200
      message: OK
- request:
    body: ''
    headers:
      accept:
      - '*/*'
      accept-encoding:
      - gzip, deflate
      connection:
      - keep-alive
      host:
      - gizmok20.fhcrc.org:46789
      user-agent:
      - python-httpx/0.28.1
    method: GET
    uri: https://gizmok20.fhcrc.org:46789/api/workflows/v1/92212ba7-ec84-40f5-945b-5fdc3b3deca8/metadata?includeKey=status&includeKey=failures&includeKey=jobId
  response:
    body:
      string: '{"status":"Submitted","calls":{},"id":"92212ba7-ec84-40f5-945b-5fdc3b3deca8"}'
    headers:
      Connection:
      - keep-alive
      Content-Type:
      - application/json
      Date:
      - Mon, 11 Aug 2025 19:18:39 GMT
      Server:
      - nginx/1.25.3
      Transfer-Encoding:
      - chunked
      content-length:
      - '77'
    status:
      code: 200
      message: OK
- request:
    body: ''
    headers:
      accept:
      - '*/*'
      accept-encoding:
      - gzip, deflate
      connection:
      - keep-alive
      host:
      - gizmok20.fhcrc.org:46789
      user-agent:
      - python-httpx/0.28.1
    method: GET
    uri: https://gizmok20.fhcrc.org:46789/api/workflows/v1/92212ba7-ec84-40f5-945b-5fdc3b3deca8/metadata?includeKey=status&includeKey=failures&includeKey=jobId
  response:
    body:
      string: '{"status":"Submitted","calls":{},"id":"92212ba7-ec84-40f5-945b-5fdc3b3deca8"}'
    headers:
      Connection:
      - keep-alive
      Content-Type:
      - application/json
      Date:
      - Mon, 11 Aug 2025 19:18:44 GMT
      Server:
      - nginx/1.25.3
      Transfer-Encoding:
      - chunked
      content-length:
      - '77'
    status:
      code: 200
      message: OK
- request:
    body: ''
    headers:
      accept:
      - '*/*'
      accept-encoding:
      - gzip, deflate
      connection:
      - keep-alive
      host:
      - gizmok20.fhcrc.org:46789
      user-agent:
      - python-httpx/0.28.1
    method: GET
    uri: https://gizmok20.fhcrc.org:46789/api/workflows/v1/92212ba7-ec84-40f5-945b-5fdc3b3deca8/metadata?includeKey=status&includeKey=failures&includeKey=jobId
  response:
    body:
      string: '{"status":"Submitted","calls":{},"id":"92212ba7-ec84-40f5-945b-5fdc3b3deca8"}'
    headers:
      Connection:
      - keep-alive
      Content-Type:
      - application/json
      Date:
      - Mon, 11 Aug 2025 19:18:49 GMT
      Server:
      - nginx/1.25.3
      Transfer-Encoding:
      - chunked
      content-length:
      - '77'
    status:
      code: 200
      message: OK
- request:
    body: ''
    headers:
      accept:
      - '*/*'
      accept-encoding:
      - gzip, deflate
      connection:
      - keep-alive
      host:
      - gizmok20.fhcrc.org:46789
      user-agent:
      - python-httpx/0.28.1
    method: GET
    uri: https://gizmok20.fhcrc.org:46789/api/workflows/v1/92212ba7-ec84-40f5-945b-5fdc3b3deca8/metadata?includeKey=status&includeKey=failures&includeKey=jobId
  response:
    body:
      string: '{"status":"Submitted","calls":{},"id":"92212ba7-ec84-40f5-945b-5fdc3b3deca8"}'
    headers:
      Connection:
      - keep-alive
      Content-Type:
      - application/json
      Date:
      - Mon, 11 Aug 2025 19:18:54 GMT
      Server:
      - nginx/1.25.3
      Transfer-Encoding:
      - chunked
      content-length:
      - '77'
    status:
      code: 200
      message: OK
- request:
    body: ''
    headers:
      accept:
      - '*/*'
      accept-encoding:
      - gzip, deflate
      connection:
      - keep-alive
      host:
      - gizmok20.fhcrc.org:46789
      user-agent:
      - python-httpx/0.28.1
    method: GET
    uri: https://gizmok20.fhcrc.org:46789/api/workflows/v1/92212ba7-ec84-40f5-945b-5fdc3b3deca8/metadata?includeKey=status&includeKey=failures&includeKey=jobId
  response:
    body:
      string: '{"status":"Submitted","calls":{},"id":"92212ba7-ec84-40f5-945b-5fdc3b3deca8"}'
    headers:
      Connection:
      - keep-alive
      Content-Type:
      - application/json
      Date:
      - Mon, 11 Aug 2025 19:18:59 GMT
      Server:
      - nginx/1.25.3
      Transfer-Encoding:
      - chunked
      content-length:
      - '77'
    status:
      code: 200
      message: OK
- request:
    body: ''
    headers:
      accept:
      - '*/*'
      accept-encoding:
      - gzip, deflate
      connection:
      - keep-alive
      host:
      - gizmok20.fhcrc.org:46789
      user-agent:
      - python-httpx/0.28.1
    method: GET
    uri: https://gizmok20.fhcrc.org:46789/api/workflows/v1/92212ba7-ec84-40f5-945b-5fdc3b3deca8/metadata?includeKey=status&includeKey=failures&includeKey=jobId
  response:
    body:
      string: '{"status":"Submitted","calls":{},"id":"92212ba7-ec84-40f5-945b-5fdc3b3deca8"}'
    headers:
      Connection:
      - keep-alive
      Content-Type:
      - application/json
      Date:
      - Mon, 11 Aug 2025 19:19:04 GMT
      Server:
      - nginx/1.25.3
      Transfer-Encoding:
      - chunked
      content-length:
      - '77'
    status:
      code: 200
      message: OK
- request:
    body: ''
    headers:
      accept:
      - '*/*'
      accept-encoding:
      - gzip, deflate
      connection:
      - keep-alive
      host:
      - gizmok20.fhcrc.org:46789
      user-agent:
      - python-httpx/0.28.1
    method: GET
    uri: https://gizmok20.fhcrc.org:46789/api/workflows/v1/92212ba7-ec84-40f5-945b-5fdc3b3deca8/metadata?includeKey=status&includeKey=failures&includeKey=jobId
  response:
    body:
      string: '{"status":"Submitted","calls":{},"id":"92212ba7-ec84-40f5-945b-5fdc3b3deca8"}'
    headers:
      Connection:
      - keep-alive
      Content-Type:
      - application/json
      Date:
      - Mon, 11 Aug 2025 19:19:09 GMT
      Server:
      - nginx/1.25.3
      Transfer-Encoding:
      - chunked
      content-length:
      - '77'
    status:
      code: 200
      message: OK
- request:
    body: ''
    headers:
      accept:
      - '*/*'
      accept-encoding:
      - gzip, deflate
      connection:
      - keep-alive
      host:
      - gizmok20.fhcrc.org:46789
      user-agent:
      - python-httpx/0.28.1
    method: GET
    uri: https://gizmok20.fhcrc.org:46789/api/workflows/v1/92212ba7-ec84-40f5-945b-5fdc3b3deca8/metadata?includeKey=status&includeKey=failures&includeKey=jobId
  response:
    body:
      string: '{"status":"Submitted","calls":{},"id":"92212ba7-ec84-40f5-945b-5fdc3b3deca8"}'
    headers:
      Connection:
      - keep-alive
      Content-Type:
      - application/json
      Date:
      - Mon, 11 Aug 2025 19:19:14 GMT
      Server:
      - nginx/1.25.3
      Transfer-Encoding:
      - chunked
      content-length:
      - '77'
    status:
      code: 200
      message: OK
- request:
    body: ''
    headers:
      accept:
      - '*/*'
      accept-encoding:
      - gzip, deflate
      connection:
      - keep-alive
      host:
      - gizmok20.fhcrc.org:46789
      user-agent:
      - python-httpx/0.28.1
    method: GET
    uri: https://gizmok20.fhcrc.org:46789/api/workflows/v1/92212ba7-ec84-40f5-945b-5fdc3b3deca8/metadata?includeKey=status&includeKey=failures&includeKey=jobId
  response:
    body:
      string: '{"status":"Submitted","calls":{},"id":"92212ba7-ec84-40f5-945b-5fdc3b3deca8"}'
    headers:
      Connection:
      - keep-alive
      Content-Type:
      - application/json
      Date:
      - Mon, 11 Aug 2025 19:19:19 GMT
      Server:
      - nginx/1.25.3
      Transfer-Encoding:
      - chunked
      content-length:
      - '77'
    status:
      code: 200
      message: OK
- request:
    body: ''
    headers:
      accept:
      - '*/*'
      accept-encoding:
      - gzip, deflate
      connection:
      - keep-alive
      host:
      - gizmok20.fhcrc.org:46789
      user-agent:
      - python-httpx/0.28.1
    method: GET
    uri: https://gizmok20.fhcrc.org:46789/api/workflows/v1/92212ba7-ec84-40f5-945b-5fdc3b3deca8/metadata?includeKey=status&includeKey=failures&includeKey=jobId
  response:
    body:
      string: '{"status":"Submitted","calls":{},"id":"92212ba7-ec84-40f5-945b-5fdc3b3deca8"}'
    headers:
      Connection:
      - keep-alive
      Content-Type:
      - application/json
      Date:
      - Mon, 11 Aug 2025 19:19:24 GMT
      Server:
      - nginx/1.25.3
      Transfer-Encoding:
      - chunked
      content-length:
      - '77'
    status:
      code: 200
      message: OK
- request:
    body: ''
    headers:
      accept:
      - '*/*'
      accept-encoding:
      - gzip, deflate
      connection:
      - keep-alive
      host:
      - gizmok20.fhcrc.org:46789
      user-agent:
      - python-httpx/0.28.1
    method: GET
    uri: https://gizmok20.fhcrc.org:46789/api/workflows/v1/92212ba7-ec84-40f5-945b-5fdc3b3deca8/metadata?includeKey=status&includeKey=failures&includeKey=jobId
  response:
    body:
      string: '{"status":"Submitted","calls":{},"id":"92212ba7-ec84-40f5-945b-5fdc3b3deca8"}'
    headers:
      Connection:
      - keep-alive
      Content-Type:
      - application/json
      Date:
      - Mon, 11 Aug 2025 19:19:29 GMT
      Server:
      - nginx/1.25.3
      Transfer-Encoding:
      - chunked
      content-length:
      - '77'
    status:
      code: 200
      message: OK
- request:
    body: ''
    headers:
      accept:
      - '*/*'
      accept-encoding:
      - gzip, deflate
      connection:
      - keep-alive
      host:
      - gizmok20.fhcrc.org:46789
      user-agent:
      - python-httpx/0.28.1
    method: GET
    uri: https://gizmok20.fhcrc.org:46789/api/workflows/v1/92212ba7-ec84-40f5-945b-5fdc3b3deca8/metadata?includeKey=status&includeKey=failures&includeKey=jobId
  response:
    body:
      string: '{"status":"Submitted","calls":{},"id":"92212ba7-ec84-40f5-945b-5fdc3b3deca8"}'
    headers:
      Connection:
      - keep-alive
      Content-Type:
      - application/json
      Date:
      - Mon, 11 Aug 2025 19:19:35 GMT
      Server:
      - nginx/1.25.3
      Transfer-Encoding:
      - chunked
      content-length:
      - '77'
    status:
      code: 200
      message: OK
- request:
    body: ''
    headers:
      accept:
      - '*/*'
      accept-encoding:
      - gzip, deflate
      connection:
      - keep-alive
      host:
      - gizmok20.fhcrc.org:46789
      user-agent:
      - python-httpx/0.28.1
    method: GET
    uri: https://gizmok20.fhcrc.org:46789/api/workflows/v1/92212ba7-ec84-40f5-945b-5fdc3b3deca8/metadata?includeKey=status&includeKey=failures&includeKey=jobId
  response:
    body:
      string: '{"status":"Submitted","calls":{},"id":"92212ba7-ec84-40f5-945b-5fdc3b3deca8"}'
    headers:
      Connection:
      - keep-alive
      Content-Type:
      - application/json
      Date:
      - Mon, 11 Aug 2025 19:19:40 GMT
      Server:
      - nginx/1.25.3
      Transfer-Encoding:
      - chunked
      content-length:
      - '77'
    status:
      code: 200
      message: OK
- request:
    body: ''
    headers:
      accept:
      - '*/*'
      accept-encoding:
      - gzip, deflate
      connection:
      - keep-alive
      host:
      - gizmok20.fhcrc.org:46789
      user-agent:
      - python-httpx/0.28.1
    method: GET
    uri: https://gizmok20.fhcrc.org:46789/api/workflows/v1/92212ba7-ec84-40f5-945b-5fdc3b3deca8/metadata?includeKey=status&includeKey=failures&includeKey=jobId
  response:
    body:
      string: '{"status":"Submitted","calls":{},"id":"92212ba7-ec84-40f5-945b-5fdc3b3deca8"}'
    headers:
      Connection:
      - keep-alive
      Content-Type:
      - application/json
      Date:
      - Mon, 11 Aug 2025 19:19:45 GMT
      Server:
      - nginx/1.25.3
      Transfer-Encoding:
      - chunked
      content-length:
      - '77'
    status:
      code: 200
      message: OK
- request:
    body: ''
    headers:
      accept:
      - '*/*'
      accept-encoding:
      - gzip, deflate
      connection:
      - keep-alive
      host:
      - gizmok20.fhcrc.org:46789
      user-agent:
      - python-httpx/0.28.1
    method: GET
    uri: https://gizmok20.fhcrc.org:46789/api/workflows/v1/92212ba7-ec84-40f5-945b-5fdc3b3deca8/metadata?includeKey=status&includeKey=failures&includeKey=jobId
  response:
    body:
      string: '{"status":"Submitted","calls":{},"id":"92212ba7-ec84-40f5-945b-5fdc3b3deca8"}'
    headers:
      Connection:
      - keep-alive
      Content-Type:
      - application/json
      Date:
      - Mon, 11 Aug 2025 19:19:50 GMT
      Server:
      - nginx/1.25.3
      Transfer-Encoding:
      - chunked
      content-length:
      - '77'
    status:
      code: 200
      message: OK
- request:
    body: ''
    headers:
      accept:
      - '*/*'
      accept-encoding:
      - gzip, deflate
      connection:
      - keep-alive
      host:
      - gizmok20.fhcrc.org:46789
      user-agent:
      - python-httpx/0.28.1
    method: GET
    uri: https://gizmok20.fhcrc.org:46789/api/workflows/v1/92212ba7-ec84-40f5-945b-5fdc3b3deca8/metadata?includeKey=status&includeKey=failures&includeKey=jobId
  response:
    body:
      string: '{"status":"Submitted","calls":{},"id":"92212ba7-ec84-40f5-945b-5fdc3b3deca8"}'
    headers:
      Connection:
      - keep-alive
      Content-Type:
      - application/json
      Date:
      - Mon, 11 Aug 2025 19:19:55 GMT
      Server:
      - nginx/1.25.3
      Transfer-Encoding:
      - chunked
      content-length:
      - '77'
    status:
      code: 200
      message: OK
- request:
    body: ''
    headers:
      accept:
      - '*/*'
      accept-encoding:
      - gzip, deflate
      connection:
      - keep-alive
      host:
      - gizmok20.fhcrc.org:46789
      user-agent:
      - python-httpx/0.28.1
    method: GET
    uri: https://gizmok20.fhcrc.org:46789/api/workflows/v1/92212ba7-ec84-40f5-945b-5fdc3b3deca8/metadata?includeKey=status&includeKey=failures&includeKey=jobId
  response:
    body:
      string: '{"status":"Submitted","calls":{},"id":"92212ba7-ec84-40f5-945b-5fdc3b3deca8"}'
    headers:
      Connection:
      - keep-alive
      Content-Type:
      - application/json
      Date:
      - Mon, 11 Aug 2025 19:20:00 GMT
      Server:
      - nginx/1.25.3
      Transfer-Encoding:
      - chunked
      content-length:
      - '77'
    status:
      code: 200
      message: OK
- request:
    body: ''
    headers:
      accept:
      - '*/*'
      accept-encoding:
      - gzip, deflate
      connection:
      - keep-alive
      host:
      - gizmok20.fhcrc.org:46789
      user-agent:
      - python-httpx/0.28.1
    method: GET
    uri: https://gizmok20.fhcrc.org:46789/api/workflows/v1/92212ba7-ec84-40f5-945b-5fdc3b3deca8/metadata?includeKey=status&includeKey=failures&includeKey=jobId
  response:
    body:
      string: '{"status":"Submitted","calls":{},"id":"92212ba7-ec84-40f5-945b-5fdc3b3deca8"}'
    headers:
      Connection:
      - keep-alive
      Content-Type:
      - application/json
      Date:
      - Mon, 11 Aug 2025 19:20:05 GMT
      Server:
      - nginx/1.25.3
      Transfer-Encoding:
      - chunked
      content-length:
      - '77'
    status:
      code: 200
      message: OK
- request:
    body: ''
    headers:
      accept:
      - '*/*'
      accept-encoding:
      - gzip, deflate
      connection:
      - keep-alive
      host:
      - gizmok20.fhcrc.org:46789
      user-agent:
      - python-httpx/0.28.1
    method: GET
    uri: https://gizmok20.fhcrc.org:46789/api/workflows/v1/92212ba7-ec84-40f5-945b-5fdc3b3deca8/metadata?includeKey=status&includeKey=failures&includeKey=jobId
  response:
    body:
      string: '{"status":"Submitted","calls":{},"id":"92212ba7-ec84-40f5-945b-5fdc3b3deca8"}'
    headers:
      Connection:
      - keep-alive
      Content-Type:
      - application/json
      Date:
      - Mon, 11 Aug 2025 19:20:10 GMT
      Server:
      - nginx/1.25.3
      Transfer-Encoding:
      - chunked
      content-length:
      - '77'
    status:
      code: 200
      message: OK
- request:
    body: ''
    headers:
      accept:
      - '*/*'
      accept-encoding:
      - gzip, deflate
      connection:
      - keep-alive
      host:
      - gizmok20.fhcrc.org:46789
      user-agent:
      - python-httpx/0.28.1
    method: GET
    uri: https://gizmok20.fhcrc.org:46789/api/workflows/v1/92212ba7-ec84-40f5-945b-5fdc3b3deca8/metadata?includeKey=status&includeKey=failures&includeKey=jobId
  response:
    body:
      string: '{"status":"Submitted","calls":{},"id":"92212ba7-ec84-40f5-945b-5fdc3b3deca8"}'
    headers:
      Connection:
      - keep-alive
      Content-Type:
      - application/json
      Date:
      - Mon, 11 Aug 2025 19:20:15 GMT
      Server:
      - nginx/1.25.3
      Transfer-Encoding:
      - chunked
      content-length:
      - '77'
    status:
      code: 200
      message: OK
- request:
    body: ''
    headers:
      accept:
      - '*/*'
      accept-encoding:
      - gzip, deflate
      connection:
      - keep-alive
      host:
      - gizmok20.fhcrc.org:46789
      user-agent:
      - python-httpx/0.28.1
    method: GET
    uri: https://gizmok20.fhcrc.org:46789/api/workflows/v1/92212ba7-ec84-40f5-945b-5fdc3b3deca8/metadata?includeKey=status&includeKey=failures&includeKey=jobId
  response:
    body:
      string: '{"status":"Submitted","calls":{},"id":"92212ba7-ec84-40f5-945b-5fdc3b3deca8"}'
    headers:
      Connection:
      - keep-alive
      Content-Type:
      - application/json
      Date:
      - Mon, 11 Aug 2025 19:20:20 GMT
      Server:
      - nginx/1.25.3
      Transfer-Encoding:
      - chunked
      content-length:
      - '77'
    status:
      code: 200
      message: OK
- request:
    body: ''
    headers:
      accept:
      - '*/*'
      accept-encoding:
      - gzip, deflate
      connection:
      - keep-alive
      host:
      - gizmok20.fhcrc.org:46789
      user-agent:
      - python-httpx/0.28.1
    method: GET
    uri: https://gizmok20.fhcrc.org:46789/api/workflows/v1/92212ba7-ec84-40f5-945b-5fdc3b3deca8/metadata?includeKey=status&includeKey=failures&includeKey=jobId
  response:
    body:
      string: '{"status":"Submitted","calls":{},"id":"92212ba7-ec84-40f5-945b-5fdc3b3deca8"}'
    headers:
      Connection:
      - keep-alive
      Content-Type:
      - application/json
      Date:
      - Mon, 11 Aug 2025 19:20:25 GMT
      Server:
      - nginx/1.25.3
      Transfer-Encoding:
      - chunked
      content-length:
      - '77'
    status:
      code: 200
      message: OK
- request:
    body: ''
    headers:
      accept:
      - '*/*'
      accept-encoding:
      - gzip, deflate
      connection:
      - keep-alive
      host:
      - gizmok20.fhcrc.org:46789
      user-agent:
      - python-httpx/0.28.1
    method: GET
    uri: https://gizmok20.fhcrc.org:46789/api/workflows/v1/92212ba7-ec84-40f5-945b-5fdc3b3deca8/metadata?includeKey=status&includeKey=failures&includeKey=jobId
  response:
    body:
      string: '{"status":"Submitted","calls":{},"id":"92212ba7-ec84-40f5-945b-5fdc3b3deca8"}'
    headers:
      Connection:
      - keep-alive
      Content-Type:
      - application/json
      Date:
      - Mon, 11 Aug 2025 19:20:30 GMT
      Server:
      - nginx/1.25.3
      Transfer-Encoding:
      - chunked
      content-length:
      - '77'
    status:
      code: 200
      message: OK
- request:
    body: ''
    headers:
      accept:
      - '*/*'
      accept-encoding:
      - gzip, deflate
      connection:
      - keep-alive
      host:
      - gizmok20.fhcrc.org:46789
      user-agent:
      - python-httpx/0.28.1
    method: GET
    uri: https://gizmok20.fhcrc.org:46789/api/workflows/v1/92212ba7-ec84-40f5-945b-5fdc3b3deca8/metadata?includeKey=status&includeKey=failures&includeKey=jobId
  response:
    body:
      string: '{"status":"Submitted","calls":{},"id":"92212ba7-ec84-40f5-945b-5fdc3b3deca8"}'
    headers:
      Connection:
      - keep-alive
      Content-Type:
      - application/json
      Date:
      - Mon, 11 Aug 2025 19:20:35 GMT
      Server:
      - nginx/1.25.3
      Transfer-Encoding:
      - chunked
      content-length:
      - '77'
    status:
      code: 200
      message: OK
- request:
    body: ''
    headers:
      accept:
      - '*/*'
      accept-encoding:
      - gzip, deflate
      connection:
      - keep-alive
      host:
      - gizmok20.fhcrc.org:46789
      user-agent:
      - python-httpx/0.28.1
    method: GET
    uri: https://gizmok20.fhcrc.org:46789/api/workflows/v1/92212ba7-ec84-40f5-945b-5fdc3b3deca8/metadata?includeKey=status&includeKey=failures&includeKey=jobId
  response:
    body:
      string: '{"status":"Submitted","calls":{},"id":"92212ba7-ec84-40f5-945b-5fdc3b3deca8"}'
    headers:
      Connection:
      - keep-alive
      Content-Type:
      - application/json
      Date:
      - Mon, 11 Aug 2025 19:20:40 GMT
      Server:
      - nginx/1.25.3
      Transfer-Encoding:
      - chunked
      content-length:
      - '77'
    status:
      code: 200
      message: OK
- request:
    body: ''
    headers:
      accept:
      - '*/*'
      accept-encoding:
      - gzip, deflate
      connection:
      - keep-alive
      host:
      - gizmok20.fhcrc.org:46789
      user-agent:
      - python-httpx/0.28.1
    method: GET
    uri: https://gizmok20.fhcrc.org:46789/api/workflows/v1/92212ba7-ec84-40f5-945b-5fdc3b3deca8/metadata?includeKey=status&includeKey=failures&includeKey=jobId
  response:
    body:
      string: '{"status":"Submitted","calls":{},"id":"92212ba7-ec84-40f5-945b-5fdc3b3deca8"}'
    headers:
      Connection:
      - keep-alive
      Content-Type:
      - application/json
      Date:
      - Mon, 11 Aug 2025 19:20:46 GMT
      Server:
      - nginx/1.25.3
      Transfer-Encoding:
      - chunked
      content-length:
      - '77'
    status:
      code: 200
      message: OK
- request:
    body: ''
    headers:
      accept:
      - '*/*'
      accept-encoding:
      - gzip, deflate
      connection:
      - keep-alive
      host:
      - gizmok20.fhcrc.org:46789
      user-agent:
      - python-httpx/0.28.1
    method: GET
    uri: https://gizmok20.fhcrc.org:46789/api/workflows/v1/92212ba7-ec84-40f5-945b-5fdc3b3deca8/metadata?includeKey=status&includeKey=failures&includeKey=jobId
  response:
    body:
      string: '{"status":"Submitted","calls":{},"id":"92212ba7-ec84-40f5-945b-5fdc3b3deca8"}'
    headers:
      Connection:
      - keep-alive
      Content-Type:
      - application/json
      Date:
      - Mon, 11 Aug 2025 19:20:51 GMT
      Server:
      - nginx/1.25.3
      Transfer-Encoding:
      - chunked
      content-length:
      - '77'
    status:
      code: 200
      message: OK
- request:
    body: ''
    headers:
      accept:
      - '*/*'
      accept-encoding:
      - gzip, deflate
      connection:
      - keep-alive
      host:
      - gizmok20.fhcrc.org:46789
      user-agent:
      - python-httpx/0.28.1
    method: GET
    uri: https://gizmok20.fhcrc.org:46789/api/workflows/v1/92212ba7-ec84-40f5-945b-5fdc3b3deca8/metadata?includeKey=status&includeKey=failures&includeKey=jobId
  response:
    body:
      string: '{"status":"Submitted","calls":{},"id":"92212ba7-ec84-40f5-945b-5fdc3b3deca8"}'
    headers:
      Connection:
      - keep-alive
      Content-Type:
      - application/json
      Date:
      - Mon, 11 Aug 2025 19:20:56 GMT
      Server:
      - nginx/1.25.3
      Transfer-Encoding:
      - chunked
      content-length:
      - '77'
    status:
      code: 200
      message: OK
- request:
    body: ''
    headers:
      accept:
      - '*/*'
      accept-encoding:
      - gzip, deflate
      connection:
      - keep-alive
      host:
      - gizmok20.fhcrc.org:46789
      user-agent:
      - python-httpx/0.28.1
    method: GET
    uri: https://gizmok20.fhcrc.org:46789/api/workflows/v1/92212ba7-ec84-40f5-945b-5fdc3b3deca8/metadata?includeKey=status&includeKey=failures&includeKey=jobId
  response:
    body:
      string: '{"status":"Submitted","calls":{},"id":"92212ba7-ec84-40f5-945b-5fdc3b3deca8"}'
    headers:
      Connection:
      - keep-alive
      Content-Type:
      - application/json
      Date:
      - Mon, 11 Aug 2025 19:21:01 GMT
      Server:
      - nginx/1.25.3
      Transfer-Encoding:
      - chunked
      content-length:
      - '77'
    status:
      code: 200
      message: OK
- request:
    body: ''
    headers:
      accept:
      - '*/*'
      accept-encoding:
      - gzip, deflate
      connection:
      - keep-alive
      host:
      - gizmok20.fhcrc.org:46789
      user-agent:
      - python-httpx/0.28.1
    method: GET
    uri: https://gizmok20.fhcrc.org:46789/api/workflows/v1/92212ba7-ec84-40f5-945b-5fdc3b3deca8/metadata?includeKey=status&includeKey=failures&includeKey=jobId
  response:
    body:
      string: '{"status":"Submitted","calls":{},"id":"92212ba7-ec84-40f5-945b-5fdc3b3deca8"}'
    headers:
      Connection:
      - keep-alive
      Content-Type:
      - application/json
      Date:
      - Mon, 11 Aug 2025 19:21:06 GMT
      Server:
      - nginx/1.25.3
      Transfer-Encoding:
      - chunked
      content-length:
      - '77'
    status:
      code: 200
      message: OK
- request:
    body: ''
    headers:
      accept:
      - '*/*'
      accept-encoding:
      - gzip, deflate
      connection:
      - keep-alive
      host:
      - gizmok20.fhcrc.org:46789
      user-agent:
      - python-httpx/0.28.1
    method: GET
    uri: https://gizmok20.fhcrc.org:46789/api/workflows/v1/92212ba7-ec84-40f5-945b-5fdc3b3deca8/metadata?includeKey=status&includeKey=failures&includeKey=jobId
  response:
    body:
      string: '{"status":"Submitted","calls":{},"id":"92212ba7-ec84-40f5-945b-5fdc3b3deca8"}'
    headers:
      Connection:
      - keep-alive
      Content-Type:
      - application/json
      Date:
      - Mon, 11 Aug 2025 19:21:11 GMT
      Server:
      - nginx/1.25.3
      Transfer-Encoding:
      - chunked
      content-length:
      - '77'
    status:
      code: 200
      message: OK
- request:
    body: ''
    headers:
      accept:
      - '*/*'
      accept-encoding:
      - gzip, deflate
      connection:
      - keep-alive
      host:
      - gizmok20.fhcrc.org:46789
      user-agent:
      - python-httpx/0.28.1
    method: GET
    uri: https://gizmok20.fhcrc.org:46789/api/workflows/v1/92212ba7-ec84-40f5-945b-5fdc3b3deca8/metadata?includeKey=status&includeKey=failures&includeKey=jobId
  response:
    body:
      string: '{"status":"Submitted","calls":{},"id":"92212ba7-ec84-40f5-945b-5fdc3b3deca8"}'
    headers:
      Connection:
      - keep-alive
      Content-Type:
      - application/json
      Date:
      - Mon, 11 Aug 2025 19:21:16 GMT
      Server:
      - nginx/1.25.3
      Transfer-Encoding:
      - chunked
      content-length:
      - '77'
    status:
      code: 200
      message: OK
- request:
    body: ''
    headers:
      accept:
      - '*/*'
      accept-encoding:
      - gzip, deflate
      connection:
      - keep-alive
      host:
      - gizmok20.fhcrc.org:46789
      user-agent:
      - python-httpx/0.28.1
    method: GET
    uri: https://gizmok20.fhcrc.org:46789/api/workflows/v1/92212ba7-ec84-40f5-945b-5fdc3b3deca8/metadata?includeKey=status&includeKey=failures&includeKey=jobId
  response:
    body:
      string: '{"status":"Submitted","calls":{},"id":"92212ba7-ec84-40f5-945b-5fdc3b3deca8"}'
    headers:
      Connection:
      - keep-alive
      Content-Type:
      - application/json
      Date:
      - Mon, 11 Aug 2025 19:21:21 GMT
      Server:
      - nginx/1.25.3
      Transfer-Encoding:
      - chunked
      content-length:
      - '77'
    status:
      code: 200
      message: OK
- request:
    body: ''
    headers:
      accept:
      - '*/*'
      accept-encoding:
      - gzip, deflate
      connection:
      - keep-alive
      host:
      - gizmok20.fhcrc.org:46789
      user-agent:
      - python-httpx/0.28.1
    method: GET
    uri: https://gizmok20.fhcrc.org:46789/api/workflows/v1/92212ba7-ec84-40f5-945b-5fdc3b3deca8/metadata?includeKey=status&includeKey=failures&includeKey=jobId
  response:
    body:
      string: '{"status":"Submitted","calls":{},"id":"92212ba7-ec84-40f5-945b-5fdc3b3deca8"}'
    headers:
      Connection:
      - keep-alive
      Content-Type:
      - application/json
      Date:
      - Mon, 11 Aug 2025 19:21:26 GMT
      Server:
      - nginx/1.25.3
      Transfer-Encoding:
      - chunked
      content-length:
      - '77'
    status:
      code: 200
      message: OK
- request:
    body: ''
    headers:
      accept:
      - '*/*'
      accept-encoding:
      - gzip, deflate
      connection:
      - keep-alive
      host:
      - gizmok20.fhcrc.org:46789
      user-agent:
      - python-httpx/0.28.1
    method: GET
    uri: https://gizmok20.fhcrc.org:46789/api/workflows/v1/92212ba7-ec84-40f5-945b-5fdc3b3deca8/metadata?includeKey=status&includeKey=failures&includeKey=jobId
  response:
    body:
      string: '{"status":"Submitted","calls":{},"id":"92212ba7-ec84-40f5-945b-5fdc3b3deca8"}'
    headers:
      Connection:
      - keep-alive
      Content-Type:
      - application/json
      Date:
      - Mon, 11 Aug 2025 19:21:31 GMT
      Server:
      - nginx/1.25.3
      Transfer-Encoding:
      - chunked
      content-length:
      - '77'
    status:
      code: 200
      message: OK
- request:
    body: ''
    headers:
      accept:
      - '*/*'
      accept-encoding:
      - gzip, deflate
      connection:
      - keep-alive
      host:
      - gizmok20.fhcrc.org:46789
      user-agent:
      - python-httpx/0.28.1
    method: GET
    uri: https://gizmok20.fhcrc.org:46789/api/workflows/v1/92212ba7-ec84-40f5-945b-5fdc3b3deca8/metadata?includeKey=status&includeKey=failures&includeKey=jobId
  response:
    body:
      string: '{"status":"Submitted","calls":{},"id":"92212ba7-ec84-40f5-945b-5fdc3b3deca8"}'
    headers:
      Connection:
      - keep-alive
      Content-Type:
      - application/json
      Date:
      - Mon, 11 Aug 2025 19:21:36 GMT
      Server:
      - nginx/1.25.3
      Transfer-Encoding:
      - chunked
      content-length:
      - '77'
    status:
      code: 200
      message: OK
- request:
    body: ''
    headers:
      accept:
      - '*/*'
      accept-encoding:
      - gzip, deflate
      connection:
      - keep-alive
      host:
      - gizmok20.fhcrc.org:46789
      user-agent:
      - python-httpx/0.28.1
    method: GET
    uri: https://gizmok20.fhcrc.org:46789/api/workflows/v1/92212ba7-ec84-40f5-945b-5fdc3b3deca8/metadata?includeKey=status&includeKey=failures&includeKey=jobId
  response:
    body:
      string: '{"status":"Running","calls":{},"id":"92212ba7-ec84-40f5-945b-5fdc3b3deca8"}'
    headers:
      Connection:
      - keep-alive
      Content-Type:
      - application/json
      Date:
      - Mon, 11 Aug 2025 19:21:41 GMT
      Server:
      - nginx/1.25.3
      Transfer-Encoding:
      - chunked
      content-length:
      - '75'
    status:
      code: 200
      message: OK
- request:
    body: ''
    headers:
      accept:
      - '*/*'
      accept-encoding:
      - gzip, deflate
      connection:
      - keep-alive
      host:
      - gizmok20.fhcrc.org:46789
      user-agent:
      - python-httpx/0.28.1
    method: GET
    uri: https://gizmok20.fhcrc.org:46789/api/workflows/v1/92212ba7-ec84-40f5-945b-5fdc3b3deca8/metadata?includeKey=status&includeKey=failures&includeKey=jobId
  response:
    body:
      string: '{"status":"Running","calls":{},"id":"92212ba7-ec84-40f5-945b-5fdc3b3deca8"}'
    headers:
      Connection:
      - keep-alive
      Content-Type:
      - application/json
      Date:
      - Mon, 11 Aug 2025 19:21:46 GMT
      Server:
      - nginx/1.25.3
      Transfer-Encoding:
      - chunked
      content-length:
      - '75'
    status:
      code: 200
      message: OK
- request:
    body: ''
    headers:
      accept:
      - '*/*'
      accept-encoding:
      - gzip, deflate
      connection:
      - keep-alive
      host:
      - gizmok20.fhcrc.org:46789
      user-agent:
      - python-httpx/0.28.1
    method: GET
    uri: https://gizmok20.fhcrc.org:46789/api/workflows/v1/92212ba7-ec84-40f5-945b-5fdc3b3deca8/metadata?includeKey=status&includeKey=failures&includeKey=jobId
  response:
    body:
      string: '{"status":"Running","calls":{"ArrayOperations.ArrayConcat":[{"jobId":"29236975","attempt":1,"shardIndex":-1}],"ArrayOperations.ArrayFunctions":[{"jobId":"29236977","attempt":1,"shardIndex":-1}],"ArrayOperations.IntegerArrayOps":[{"jobId":"29236976","attempt":1,"shardIndex":-1}]},"id":"92212ba7-ec84-40f5-945b-5fdc3b3deca8"}'
    headers:
      Connection:
      - keep-alive
      Content-Type:
      - application/json
      Date:
      - Mon, 11 Aug 2025 19:21:52 GMT
      Server:
      - nginx/1.25.3
      Transfer-Encoding:
      - chunked
      content-length:
      - '324'
    status:
      code: 200
      message: OK
- request:
    body: ''
    headers:
      accept:
      - '*/*'
      accept-encoding:
      - gzip, deflate
      connection:
      - keep-alive
      host:
      - gizmok20.fhcrc.org:46789
      user-agent:
      - python-httpx/0.28.1
    method: GET
    uri: https://gizmok20.fhcrc.org:46789/api/workflows/v1/92212ba7-ec84-40f5-945b-5fdc3b3deca8/metadata?includeKey=status&includeKey=failures&includeKey=jobId
  response:
    body:
      string: '{"status":"Running","calls":{"ArrayOperations.ArrayConcat":[{"jobId":"29236975","attempt":1,"shardIndex":-1}],"ArrayOperations.ArrayFunctions":[{"jobId":"29236977","attempt":1,"shardIndex":-1}],"ArrayOperations.IntegerArrayOps":[{"jobId":"29236976","attempt":1,"shardIndex":-1}]},"id":"92212ba7-ec84-40f5-945b-5fdc3b3deca8"}'
    headers:
      Connection:
      - keep-alive
      Content-Type:
      - application/json
      Date:
      - Mon, 11 Aug 2025 19:21:57 GMT
      Server:
      - nginx/1.25.3
      Transfer-Encoding:
      - chunked
      content-length:
      - '324'
    status:
      code: 200
      message: OK
- request:
    body: ''
    headers:
      accept:
      - '*/*'
      accept-encoding:
      - gzip, deflate
      connection:
      - keep-alive
      host:
      - gizmok20.fhcrc.org:46789
      user-agent:
      - python-httpx/0.28.1
    method: GET
    uri: https://gizmok20.fhcrc.org:46789/api/workflows/v1/92212ba7-ec84-40f5-945b-5fdc3b3deca8/metadata?includeKey=status&includeKey=failures&includeKey=jobId
  response:
    body:
      string: '{"status":"Running","calls":{"ArrayOperations.ArrayConcat":[{"jobId":"29236975","attempt":1,"shardIndex":-1}],"ArrayOperations.FileArrayOps":[{"jobId":"29236980","attempt":1,"shardIndex":-1}],"ArrayOperations.ArrayFunctions":[{"jobId":"29236977","attempt":1,"shardIndex":-1}],"ArrayOperations.IntegerArrayOps":[{"jobId":"29236976","attempt":1,"shardIndex":-1}],"ArrayOperations.ValidateIndex":[{"jobId":"29236981","attempt":1,"shardIndex":-1}],"ArrayOperations.Uppercase":[{"jobId":"29236983","attempt":1,"shardIndex":0},{"jobId":"29236982","attempt":1,"shardIndex":1},{"jobId":"29236979","attempt":1,"shardIndex":2}]},"id":"92212ba7-ec84-40f5-945b-5fdc3b3deca8"}'
    headers:
      Connection:
      - keep-alive
      Content-Type:
      - application/json
      Date:
      - Mon, 11 Aug 2025 19:22:02 GMT
      Server:
      - nginx/1.25.3
      Transfer-Encoding:
      - chunked
      content-length:
      - '663'
    status:
      code: 200
      message: OK
- request:
    body: ''
    headers:
      accept:
      - '*/*'
      accept-encoding:
      - gzip, deflate
      connection:
      - keep-alive
      host:
      - gizmok20.fhcrc.org:46789
      user-agent:
      - python-httpx/0.28.1
    method: GET
    uri: https://gizmok20.fhcrc.org:46789/api/workflows/v1/92212ba7-ec84-40f5-945b-5fdc3b3deca8/metadata?includeKey=status&includeKey=failures&includeKey=jobId
  response:
    body:
      string: '{"status":"Running","calls":{"ArrayOperations.ArrayConcat":[{"jobId":"29236975","attempt":1,"shardIndex":-1}],"ArrayOperations.FileArrayOps":[{"jobId":"29236980","attempt":1,"shardIndex":-1}],"ArrayOperations.ArrayFunctions":[{"jobId":"29236977","attempt":1,"shardIndex":-1}],"ArrayOperations.IntegerArrayOps":[{"jobId":"29236976","attempt":1,"shardIndex":-1}],"ArrayOperations.ValidateIndex":[{"jobId":"29236981","attempt":1,"shardIndex":-1}],"ArrayOperations.Uppercase":[{"jobId":"29236983","attempt":1,"shardIndex":0},{"jobId":"29236982","attempt":1,"shardIndex":1},{"jobId":"29236979","attempt":1,"shardIndex":2}]},"id":"92212ba7-ec84-40f5-945b-5fdc3b3deca8"}'
    headers:
      Connection:
      - keep-alive
      Content-Type:
      - application/json
      Date:
      - Mon, 11 Aug 2025 19:22:07 GMT
      Server:
      - nginx/1.25.3
      Transfer-Encoding:
      - chunked
      content-length:
      - '663'
    status:
      code: 200
      message: OK
- request:
    body: ''
    headers:
      accept:
      - '*/*'
      accept-encoding:
      - gzip, deflate
      connection:
      - keep-alive
      host:
      - gizmok20.fhcrc.org:46789
      user-agent:
      - python-httpx/0.28.1
    method: GET
    uri: https://gizmok20.fhcrc.org:46789/api/workflows/v1/92212ba7-ec84-40f5-945b-5fdc3b3deca8/metadata?includeKey=status&includeKey=failures&includeKey=jobId
  response:
    body:
      string: '{"status":"Running","calls":{"ArrayOperations.ArrayConcat":[{"jobId":"29236975","attempt":1,"shardIndex":-1}],"ArrayOperations.FileArrayOps":[{"jobId":"29236980","attempt":1,"shardIndex":-1}],"ArrayOperations.ArrayFunctions":[{"jobId":"29236977","attempt":1,"shardIndex":-1}],"ArrayOperations.IntegerArrayOps":[{"jobId":"29236976","attempt":1,"shardIndex":-1}],"ArrayOperations.ValidateIndex":[{"jobId":"29236981","attempt":1,"shardIndex":-1}],"ArrayOperations.Uppercase":[{"jobId":"29236983","attempt":1,"shardIndex":0},{"jobId":"29236982","attempt":1,"shardIndex":1},{"jobId":"29236979","attempt":1,"shardIndex":2}]},"id":"92212ba7-ec84-40f5-945b-5fdc3b3deca8"}'
    headers:
      Connection:
      - keep-alive
      Content-Type:
      - application/json
      Date:
      - Mon, 11 Aug 2025 19:22:12 GMT
      Server:
      - nginx/1.25.3
      Transfer-Encoding:
      - chunked
      content-length:
      - '663'
    status:
      code: 200
      message: OK
- request:
    body: ''
    headers:
      accept:
      - '*/*'
      accept-encoding:
      - gzip, deflate
      connection:
      - keep-alive
      host:
      - gizmok20.fhcrc.org:46789
      user-agent:
      - python-httpx/0.28.1
    method: GET
    uri: https://gizmok20.fhcrc.org:46789/api/workflows/v1/92212ba7-ec84-40f5-945b-5fdc3b3deca8/metadata?includeKey=status&includeKey=failures&includeKey=jobId
  response:
    body:
      string: '{"status":"Running","calls":{"ArrayOperations.ArrayConcat":[{"jobId":"29236975","attempt":1,"shardIndex":-1}],"ArrayOperations.FileArrayOps":[{"jobId":"29236980","attempt":1,"shardIndex":-1}],"ArrayOperations.ArrayFunctions":[{"jobId":"29236977","attempt":1,"shardIndex":-1}],"ArrayOperations.IntegerArrayOps":[{"jobId":"29236976","attempt":1,"shardIndex":-1}],"ArrayOperations.ValidateIndex":[{"jobId":"29236981","attempt":1,"shardIndex":-1}],"ArrayOperations.Uppercase":[{"jobId":"29236983","attempt":1,"shardIndex":0},{"jobId":"29236982","attempt":1,"shardIndex":1},{"jobId":"29236979","attempt":1,"shardIndex":2}]},"id":"92212ba7-ec84-40f5-945b-5fdc3b3deca8"}'
    headers:
      Connection:
      - keep-alive
      Content-Type:
      - application/json
      Date:
      - Mon, 11 Aug 2025 19:22:17 GMT
      Server:
      - nginx/1.25.3
      Transfer-Encoding:
      - chunked
      content-length:
      - '663'
    status:
      code: 200
      message: OK
- request:
    body: ''
    headers:
      accept:
      - '*/*'
      accept-encoding:
      - gzip, deflate
      connection:
      - keep-alive
      host:
      - gizmok20.fhcrc.org:46789
      user-agent:
      - python-httpx/0.28.1
    method: GET
    uri: https://gizmok20.fhcrc.org:46789/api/workflows/v1/92212ba7-ec84-40f5-945b-5fdc3b3deca8/metadata?includeKey=status&includeKey=failures&includeKey=jobId
  response:
    body:
      string: '{"status":"Running","calls":{"ArrayOperations.ArrayConcat":[{"jobId":"29236975","attempt":1,"shardIndex":-1}],"ArrayOperations.FileArrayOps":[{"jobId":"29236980","attempt":1,"shardIndex":-1}],"ArrayOperations.ArrayFunctions":[{"jobId":"29236977","attempt":1,"shardIndex":-1}],"ArrayOperations.IntegerArrayOps":[{"jobId":"29236976","attempt":1,"shardIndex":-1}],"ArrayOperations.ValidateIndex":[{"jobId":"29236981","attempt":1,"shardIndex":-1}],"ArrayOperations.Uppercase":[{"jobId":"29236983","attempt":1,"shardIndex":0},{"jobId":"29236982","attempt":1,"shardIndex":1},{"jobId":"29236979","attempt":1,"shardIndex":2}]},"id":"92212ba7-ec84-40f5-945b-5fdc3b3deca8"}'
    headers:
      Connection:
      - keep-alive
      Content-Type:
      - application/json
      Date:
      - Mon, 11 Aug 2025 19:22:22 GMT
      Server:
      - nginx/1.25.3
      Transfer-Encoding:
      - chunked
      content-length:
      - '663'
    status:
      code: 200
      message: OK
- request:
    body: ''
    headers:
      accept:
      - '*/*'
      accept-encoding:
      - gzip, deflate
      connection:
      - keep-alive
      host:
      - gizmok20.fhcrc.org:46789
      user-agent:
      - python-httpx/0.28.1
    method: GET
    uri: https://gizmok20.fhcrc.org:46789/api/workflows/v1/92212ba7-ec84-40f5-945b-5fdc3b3deca8/metadata?includeKey=status&includeKey=failures&includeKey=jobId
  response:
    body:
      string: '{"status":"Running","calls":{"ArrayOperations.ArrayConcat":[{"jobId":"29236975","attempt":1,"shardIndex":-1}],"ArrayOperations.FileArrayOps":[{"jobId":"29236980","attempt":1,"shardIndex":-1}],"ArrayOperations.ArrayFunctions":[{"jobId":"29236977","attempt":1,"shardIndex":-1}],"ArrayOperations.IntegerArrayOps":[{"jobId":"29236976","attempt":1,"shardIndex":-1}],"ArrayOperations.ValidateIndex":[{"jobId":"29236981","attempt":1,"shardIndex":-1}],"ArrayOperations.Uppercase":[{"jobId":"29236983","attempt":1,"shardIndex":0},{"jobId":"29236982","attempt":1,"shardIndex":1},{"jobId":"29236979","attempt":1,"shardIndex":2}]},"id":"92212ba7-ec84-40f5-945b-5fdc3b3deca8"}'
    headers:
      Connection:
      - keep-alive
      Content-Type:
      - application/json
      Date:
      - Mon, 11 Aug 2025 19:22:27 GMT
      Server:
      - nginx/1.25.3
      Transfer-Encoding:
      - chunked
      content-length:
      - '663'
    status:
      code: 200
      message: OK
- request:
    body: ''
    headers:
      accept:
      - '*/*'
      accept-encoding:
      - gzip, deflate
      connection:
      - keep-alive
      host:
      - gizmok20.fhcrc.org:46789
      user-agent:
      - python-httpx/0.28.1
    method: GET
    uri: https://gizmok20.fhcrc.org:46789/api/workflows/v1/92212ba7-ec84-40f5-945b-5fdc3b3deca8/metadata?includeKey=status&includeKey=failures&includeKey=jobId
  response:
    body:
      string: '{"status":"Running","calls":{"ArrayOperations.ArrayConcat":[{"jobId":"29236975","attempt":1,"shardIndex":-1}],"ArrayOperations.FileArrayOps":[{"jobId":"29236980","attempt":1,"shardIndex":-1}],"ArrayOperations.ArrayFunctions":[{"jobId":"29236977","attempt":1,"shardIndex":-1}],"ArrayOperations.IntegerArrayOps":[{"jobId":"29236976","attempt":1,"shardIndex":-1}],"ArrayOperations.ValidateIndex":[{"jobId":"29236981","attempt":1,"shardIndex":-1}],"ArrayOperations.Uppercase":[{"jobId":"29236983","attempt":1,"shardIndex":0},{"jobId":"29236982","attempt":1,"shardIndex":1},{"jobId":"29236979","attempt":1,"shardIndex":2}]},"id":"92212ba7-ec84-40f5-945b-5fdc3b3deca8"}'
    headers:
      Connection:
      - keep-alive
      Content-Type:
      - application/json
      Date:
      - Mon, 11 Aug 2025 19:22:32 GMT
      Server:
      - nginx/1.25.3
      Transfer-Encoding:
      - chunked
      content-length:
      - '663'
    status:
      code: 200
      message: OK
- request:
    body: ''
    headers:
      accept:
      - '*/*'
      accept-encoding:
      - gzip, deflate
      connection:
      - keep-alive
      host:
      - gizmok20.fhcrc.org:46789
      user-agent:
      - python-httpx/0.28.1
    method: GET
    uri: https://gizmok20.fhcrc.org:46789/api/workflows/v1/92212ba7-ec84-40f5-945b-5fdc3b3deca8/metadata?includeKey=status&includeKey=failures&includeKey=jobId
  response:
    body:
      string: '{"status":"Running","calls":{"ArrayOperations.ArrayConcat":[{"jobId":"29236975","attempt":1,"shardIndex":-1}],"ArrayOperations.FileArrayOps":[{"jobId":"29236980","attempt":1,"shardIndex":-1}],"ArrayOperations.ArrayFunctions":[{"jobId":"29236977","attempt":1,"shardIndex":-1}],"ArrayOperations.IntegerArrayOps":[{"jobId":"29236976","attempt":1,"shardIndex":-1}],"ArrayOperations.ValidateIndex":[{"jobId":"29236981","attempt":1,"shardIndex":-1}],"ArrayOperations.Uppercase":[{"jobId":"29236983","attempt":1,"shardIndex":0},{"jobId":"29236982","attempt":1,"shardIndex":1},{"jobId":"29236979","attempt":1,"shardIndex":2}]},"id":"92212ba7-ec84-40f5-945b-5fdc3b3deca8"}'
    headers:
      Connection:
      - keep-alive
      Content-Type:
      - application/json
      Date:
      - Mon, 11 Aug 2025 19:22:37 GMT
      Server:
      - nginx/1.25.3
      Transfer-Encoding:
      - chunked
      content-length:
      - '663'
    status:
      code: 200
      message: OK
- request:
    body: ''
    headers:
      accept:
      - '*/*'
      accept-encoding:
      - gzip, deflate
      connection:
      - keep-alive
      host:
      - gizmok20.fhcrc.org:46789
      user-agent:
      - python-httpx/0.28.1
    method: GET
    uri: https://gizmok20.fhcrc.org:46789/api/workflows/v1/92212ba7-ec84-40f5-945b-5fdc3b3deca8/metadata?includeKey=status&includeKey=failures&includeKey=jobId
  response:
    body:
      string: '{"status":"Running","calls":{"ArrayOperations.ArrayConcat":[{"jobId":"29236975","attempt":1,"shardIndex":-1}],"ArrayOperations.FileArrayOps":[{"jobId":"29236980","attempt":1,"shardIndex":-1}],"ArrayOperations.ArrayFunctions":[{"jobId":"29236977","attempt":1,"shardIndex":-1}],"ArrayOperations.IntegerArrayOps":[{"jobId":"29236976","attempt":1,"shardIndex":-1}],"ArrayOperations.ValidateIndex":[{"jobId":"29236981","attempt":1,"shardIndex":-1}],"ArrayOperations.Uppercase":[{"jobId":"29236983","attempt":1,"shardIndex":0},{"jobId":"29236982","attempt":1,"shardIndex":1},{"jobId":"29236979","attempt":1,"shardIndex":2}]},"id":"92212ba7-ec84-40f5-945b-5fdc3b3deca8"}'
    headers:
      Connection:
      - keep-alive
      Content-Type:
      - application/json
      Date:
      - Mon, 11 Aug 2025 19:22:42 GMT
      Server:
      - nginx/1.25.3
      Transfer-Encoding:
      - chunked
      content-length:
      - '663'
    status:
      code: 200
      message: OK
- request:
    body: ''
    headers:
      accept:
      - '*/*'
      accept-encoding:
      - gzip, deflate
      connection:
      - keep-alive
      host:
      - gizmok20.fhcrc.org:46789
      user-agent:
      - python-httpx/0.28.1
    method: GET
    uri: https://gizmok20.fhcrc.org:46789/api/workflows/v1/92212ba7-ec84-40f5-945b-5fdc3b3deca8/metadata?includeKey=status&includeKey=failures&includeKey=jobId
  response:
    body:
      string: '{"status":"Running","calls":{"ArrayOperations.ArrayConcat":[{"jobId":"29236975","attempt":1,"shardIndex":-1}],"ArrayOperations.FileArrayOps":[{"jobId":"29236980","attempt":1,"shardIndex":-1}],"ArrayOperations.ArrayFunctions":[{"jobId":"29236977","attempt":1,"shardIndex":-1}],"ArrayOperations.IntegerArrayOps":[{"jobId":"29236976","attempt":1,"shardIndex":-1}],"ArrayOperations.ValidateIndex":[{"jobId":"29236981","attempt":1,"shardIndex":-1}],"ArrayOperations.Uppercase":[{"jobId":"29236983","attempt":1,"shardIndex":0},{"jobId":"29236982","attempt":1,"shardIndex":1},{"jobId":"29236979","attempt":1,"shardIndex":2}]},"id":"92212ba7-ec84-40f5-945b-5fdc3b3deca8"}'
    headers:
      Connection:
      - keep-alive
      Content-Type:
      - application/json
      Date:
      - Mon, 11 Aug 2025 19:22:47 GMT
      Server:
      - nginx/1.25.3
      Transfer-Encoding:
      - chunked
      content-length:
      - '663'
    status:
      code: 200
      message: OK
- request:
    body: ''
    headers:
      accept:
      - '*/*'
      accept-encoding:
      - gzip, deflate
      connection:
      - keep-alive
      host:
      - gizmok20.fhcrc.org:46789
      user-agent:
      - python-httpx/0.28.1
    method: GET
    uri: https://gizmok20.fhcrc.org:46789/api/workflows/v1/92212ba7-ec84-40f5-945b-5fdc3b3deca8/metadata?includeKey=status&includeKey=failures&includeKey=jobId
  response:
    body:
      string: '{"status":"Running","calls":{"ArrayOperations.ArrayConcat":[{"jobId":"29236975","attempt":1,"shardIndex":-1}],"ArrayOperations.FileArrayOps":[{"jobId":"29236980","attempt":1,"shardIndex":-1}],"ArrayOperations.ArrayFunctions":[{"jobId":"29236977","attempt":1,"shardIndex":-1}],"ArrayOperations.IntegerArrayOps":[{"jobId":"29236976","attempt":1,"shardIndex":-1}],"ArrayOperations.ValidateIndex":[{"jobId":"29236981","attempt":1,"shardIndex":-1}],"ArrayOperations.Uppercase":[{"jobId":"29236983","attempt":1,"shardIndex":0},{"jobId":"29236982","attempt":1,"shardIndex":1},{"jobId":"29236979","attempt":1,"shardIndex":2}]},"id":"92212ba7-ec84-40f5-945b-5fdc3b3deca8"}'
    headers:
      Connection:
      - keep-alive
      Content-Type:
      - application/json
      Date:
      - Mon, 11 Aug 2025 19:22:52 GMT
      Server:
      - nginx/1.25.3
      Transfer-Encoding:
      - chunked
      content-length:
      - '663'
    status:
      code: 200
      message: OK
- request:
    body: ''
    headers:
      accept:
      - '*/*'
      accept-encoding:
      - gzip, deflate
      connection:
      - keep-alive
      host:
      - gizmok20.fhcrc.org:46789
      user-agent:
      - python-httpx/0.28.1
    method: GET
    uri: https://gizmok20.fhcrc.org:46789/api/workflows/v1/92212ba7-ec84-40f5-945b-5fdc3b3deca8/metadata?includeKey=status&includeKey=failures&includeKey=jobId
  response:
    body:
      string: '{"status":"Running","calls":{"ArrayOperations.ArrayConcat":[{"jobId":"29236975","attempt":1,"shardIndex":-1}],"ArrayOperations.FileArrayOps":[{"jobId":"29236980","attempt":1,"shardIndex":-1}],"ArrayOperations.ArrayFunctions":[{"jobId":"29236977","attempt":1,"shardIndex":-1}],"ArrayOperations.IntegerArrayOps":[{"jobId":"29236976","attempt":1,"shardIndex":-1}],"ArrayOperations.ValidateIndex":[{"jobId":"29236981","attempt":1,"shardIndex":-1}],"ArrayOperations.Uppercase":[{"jobId":"29236983","attempt":1,"shardIndex":0},{"jobId":"29236982","attempt":1,"shardIndex":1},{"jobId":"29236979","attempt":1,"shardIndex":2}]},"id":"92212ba7-ec84-40f5-945b-5fdc3b3deca8"}'
    headers:
      Connection:
      - keep-alive
      Content-Type:
      - application/json
      Date:
      - Mon, 11 Aug 2025 19:22:57 GMT
      Server:
      - nginx/1.25.3
      Transfer-Encoding:
      - chunked
      content-length:
      - '663'
    status:
      code: 200
      message: OK
- request:
    body: ''
    headers:
      accept:
      - '*/*'
      accept-encoding:
      - gzip, deflate
      connection:
      - keep-alive
      host:
      - gizmok20.fhcrc.org:46789
      user-agent:
      - python-httpx/0.28.1
    method: GET
    uri: https://gizmok20.fhcrc.org:46789/api/workflows/v1/92212ba7-ec84-40f5-945b-5fdc3b3deca8/metadata?includeKey=status&includeKey=failures&includeKey=jobId
  response:
    body:
      string: '{"status":"Running","calls":{"ArrayOperations.ArrayConcat":[{"jobId":"29236975","attempt":1,"shardIndex":-1}],"ArrayOperations.FileArrayOps":[{"jobId":"29236980","attempt":1,"shardIndex":-1}],"ArrayOperations.ArrayFunctions":[{"jobId":"29236977","attempt":1,"shardIndex":-1}],"ArrayOperations.IntegerArrayOps":[{"jobId":"29236976","attempt":1,"shardIndex":-1}],"ArrayOperations.ValidateIndex":[{"jobId":"29236981","attempt":1,"shardIndex":-1}],"ArrayOperations.Uppercase":[{"jobId":"29236983","attempt":1,"shardIndex":0},{"jobId":"29236982","attempt":1,"shardIndex":1},{"jobId":"29236979","attempt":1,"shardIndex":2}]},"id":"92212ba7-ec84-40f5-945b-5fdc3b3deca8"}'
    headers:
      Connection:
      - keep-alive
      Content-Type:
      - application/json
      Date:
      - Mon, 11 Aug 2025 19:23:03 GMT
      Server:
      - nginx/1.25.3
      Transfer-Encoding:
      - chunked
      content-length:
      - '663'
    status:
      code: 200
      message: OK
- request:
    body: ''
    headers:
      accept:
      - '*/*'
      accept-encoding:
      - gzip, deflate
      connection:
      - keep-alive
      host:
      - gizmok20.fhcrc.org:46789
      user-agent:
      - python-httpx/0.28.1
    method: GET
    uri: https://gizmok20.fhcrc.org:46789/api/workflows/v1/92212ba7-ec84-40f5-945b-5fdc3b3deca8/metadata?includeKey=status&includeKey=failures&includeKey=jobId
  response:
    body:
      string: '{"status":"Running","calls":{"ArrayOperations.ArrayConcat":[{"jobId":"29236975","attempt":1,"shardIndex":-1}],"ArrayOperations.FileArrayOps":[{"jobId":"29236980","attempt":1,"shardIndex":-1}],"ArrayOperations.ArrayFunctions":[{"jobId":"29236977","attempt":1,"shardIndex":-1}],"ArrayOperations.IntegerArrayOps":[{"jobId":"29236976","attempt":1,"shardIndex":-1}],"ArrayOperations.ValidateIndex":[{"jobId":"29236981","attempt":1,"shardIndex":-1}],"ArrayOperations.Uppercase":[{"jobId":"29236983","attempt":1,"shardIndex":0},{"jobId":"29236982","attempt":1,"shardIndex":1},{"jobId":"29236979","attempt":1,"shardIndex":2}]},"id":"92212ba7-ec84-40f5-945b-5fdc3b3deca8"}'
    headers:
      Connection:
      - keep-alive
      Content-Type:
      - application/json
      Date:
      - Mon, 11 Aug 2025 19:23:08 GMT
      Server:
      - nginx/1.25.3
      Transfer-Encoding:
      - chunked
      content-length:
      - '663'
    status:
      code: 200
      message: OK
- request:
    body: ''
    headers:
      accept:
      - '*/*'
      accept-encoding:
      - gzip, deflate
      connection:
      - keep-alive
      host:
      - gizmok20.fhcrc.org:46789
      user-agent:
      - python-httpx/0.28.1
    method: GET
    uri: https://gizmok20.fhcrc.org:46789/api/workflows/v1/92212ba7-ec84-40f5-945b-5fdc3b3deca8/metadata?includeKey=status&includeKey=failures&includeKey=jobId
  response:
    body:
      string: '{"status":"Running","calls":{"ArrayOperations.ArrayConcat":[{"jobId":"29236975","attempt":1,"shardIndex":-1}],"ArrayOperations.FileArrayOps":[{"jobId":"29236980","attempt":1,"shardIndex":-1}],"ArrayOperations.ArrayFunctions":[{"jobId":"29236977","attempt":1,"shardIndex":-1}],"ArrayOperations.IntegerArrayOps":[{"jobId":"29236976","attempt":1,"shardIndex":-1}],"ArrayOperations.ValidateIndex":[{"jobId":"29236981","attempt":1,"shardIndex":-1}],"ArrayOperations.Uppercase":[{"jobId":"29236983","attempt":1,"shardIndex":0},{"jobId":"29236982","attempt":1,"shardIndex":1},{"jobId":"29236979","attempt":1,"shardIndex":2}]},"id":"92212ba7-ec84-40f5-945b-5fdc3b3deca8"}'
    headers:
      Connection:
      - keep-alive
      Content-Type:
      - application/json
      Date:
      - Mon, 11 Aug 2025 19:23:13 GMT
      Server:
      - nginx/1.25.3
      Transfer-Encoding:
      - chunked
      content-length:
      - '663'
    status:
      code: 200
      message: OK
- request:
    body: ''
    headers:
      accept:
      - '*/*'
      accept-encoding:
      - gzip, deflate
      connection:
      - keep-alive
      host:
      - gizmok20.fhcrc.org:46789
      user-agent:
      - python-httpx/0.28.1
    method: GET
    uri: https://gizmok20.fhcrc.org:46789/api/workflows/v1/92212ba7-ec84-40f5-945b-5fdc3b3deca8/metadata?includeKey=status&includeKey=failures&includeKey=jobId
  response:
    body:
      string: '{"status":"Running","calls":{"ArrayOperations.ArrayConcat":[{"jobId":"29236975","attempt":1,"shardIndex":-1}],"ArrayOperations.FileArrayOps":[{"jobId":"29236980","attempt":1,"shardIndex":-1}],"ArrayOperations.ArrayFunctions":[{"jobId":"29236977","attempt":1,"shardIndex":-1}],"ArrayOperations.IntegerArrayOps":[{"jobId":"29236976","attempt":1,"shardIndex":-1}],"ArrayOperations.ValidateIndex":[{"jobId":"29236981","attempt":1,"shardIndex":-1}],"ArrayOperations.Uppercase":[{"jobId":"29236983","attempt":1,"shardIndex":0},{"jobId":"29236982","attempt":1,"shardIndex":1},{"jobId":"29236979","attempt":1,"shardIndex":2}]},"id":"92212ba7-ec84-40f5-945b-5fdc3b3deca8"}'
    headers:
      Connection:
      - keep-alive
      Content-Type:
      - application/json
      Date:
      - Mon, 11 Aug 2025 19:23:18 GMT
      Server:
      - nginx/1.25.3
      Transfer-Encoding:
      - chunked
      content-length:
      - '663'
    status:
      code: 200
      message: OK
- request:
    body: ''
    headers:
      accept:
      - '*/*'
      accept-encoding:
      - gzip, deflate
      connection:
      - keep-alive
      host:
      - gizmok20.fhcrc.org:46789
      user-agent:
      - python-httpx/0.28.1
    method: GET
    uri: https://gizmok20.fhcrc.org:46789/api/workflows/v1/92212ba7-ec84-40f5-945b-5fdc3b3deca8/metadata?includeKey=status&includeKey=failures&includeKey=jobId
  response:
    body:
      string: '{"status":"Running","calls":{"ArrayOperations.ArrayConcat":[{"jobId":"29236975","attempt":1,"shardIndex":-1}],"ArrayOperations.FileArrayOps":[{"jobId":"29236980","attempt":1,"shardIndex":-1}],"ArrayOperations.ArrayFunctions":[{"jobId":"29236977","attempt":1,"shardIndex":-1}],"ArrayOperations.IntegerArrayOps":[{"jobId":"29236976","attempt":1,"shardIndex":-1}],"ArrayOperations.ValidateIndex":[{"jobId":"29236981","attempt":1,"shardIndex":-1}],"ArrayOperations.Uppercase":[{"jobId":"29236983","attempt":1,"shardIndex":0},{"jobId":"29236982","attempt":1,"shardIndex":1},{"jobId":"29236979","attempt":1,"shardIndex":2}]},"id":"92212ba7-ec84-40f5-945b-5fdc3b3deca8"}'
    headers:
      Connection:
      - keep-alive
      Content-Type:
      - application/json
      Date:
      - Mon, 11 Aug 2025 19:23:23 GMT
      Server:
      - nginx/1.25.3
      Transfer-Encoding:
      - chunked
      content-length:
      - '663'
    status:
      code: 200
      message: OK
- request:
    body: ''
    headers:
      accept:
      - '*/*'
      accept-encoding:
      - gzip, deflate
      connection:
      - keep-alive
      host:
      - gizmok20.fhcrc.org:46789
      user-agent:
      - python-httpx/0.28.1
    method: GET
    uri: https://gizmok20.fhcrc.org:46789/api/workflows/v1/92212ba7-ec84-40f5-945b-5fdc3b3deca8/metadata?includeKey=status&includeKey=failures&includeKey=jobId
  response:
    body:
      string: '{"status":"Running","calls":{"ArrayOperations.ArrayConcat":[{"jobId":"29236975","attempt":1,"shardIndex":-1}],"ArrayOperations.FileArrayOps":[{"jobId":"29236980","attempt":1,"shardIndex":-1}],"ArrayOperations.ArrayFunctions":[{"jobId":"29236977","attempt":1,"shardIndex":-1}],"ArrayOperations.IntegerArrayOps":[{"jobId":"29236976","attempt":1,"shardIndex":-1}],"ArrayOperations.ValidateIndex":[{"jobId":"29236981","attempt":1,"shardIndex":-1}],"ArrayOperations.Uppercase":[{"jobId":"29236983","attempt":1,"shardIndex":0},{"jobId":"29236982","attempt":1,"shardIndex":1},{"jobId":"29236979","attempt":1,"shardIndex":2}]},"id":"92212ba7-ec84-40f5-945b-5fdc3b3deca8"}'
    headers:
      Connection:
      - keep-alive
      Content-Type:
      - application/json
      Date:
      - Mon, 11 Aug 2025 19:23:28 GMT
      Server:
      - nginx/1.25.3
      Transfer-Encoding:
      - chunked
      content-length:
      - '663'
    status:
      code: 200
      message: OK
- request:
    body: ''
    headers:
      accept:
      - '*/*'
      accept-encoding:
      - gzip, deflate
      connection:
      - keep-alive
      host:
      - gizmok20.fhcrc.org:46789
      user-agent:
      - python-httpx/0.28.1
    method: GET
    uri: https://gizmok20.fhcrc.org:46789/api/workflows/v1/92212ba7-ec84-40f5-945b-5fdc3b3deca8/metadata?includeKey=status&includeKey=failures&includeKey=jobId
  response:
    body:
      string: '{"status":"Running","calls":{"ArrayOperations.ArrayConcat":[{"jobId":"29236975","attempt":1,"shardIndex":-1}],"ArrayOperations.FileArrayOps":[{"jobId":"29236980","attempt":1,"shardIndex":-1}],"ArrayOperations.ArrayFunctions":[{"jobId":"29236977","attempt":1,"shardIndex":-1}],"ArrayOperations.IntegerArrayOps":[{"jobId":"29236976","attempt":1,"shardIndex":-1}],"ArrayOperations.ValidateIndex":[{"jobId":"29236981","attempt":1,"shardIndex":-1}],"ArrayOperations.Uppercase":[{"jobId":"29236983","attempt":1,"shardIndex":0},{"jobId":"29236982","attempt":1,"shardIndex":1},{"jobId":"29236979","attempt":1,"shardIndex":2}]},"id":"92212ba7-ec84-40f5-945b-5fdc3b3deca8"}'
    headers:
      Connection:
      - keep-alive
      Content-Type:
      - application/json
      Date:
      - Mon, 11 Aug 2025 19:23:33 GMT
      Server:
      - nginx/1.25.3
      Transfer-Encoding:
      - chunked
      content-length:
      - '663'
    status:
      code: 200
      message: OK
- request:
    body: ''
    headers:
      accept:
      - '*/*'
      accept-encoding:
      - gzip, deflate
      connection:
      - keep-alive
      host:
      - gizmok20.fhcrc.org:46789
      user-agent:
      - python-httpx/0.28.1
    method: GET
    uri: https://gizmok20.fhcrc.org:46789/api/workflows/v1/92212ba7-ec84-40f5-945b-5fdc3b3deca8/metadata?includeKey=status&includeKey=failures&includeKey=jobId
  response:
    body:
      string: '{"status":"Running","calls":{"ArrayOperations.ArrayConcat":[{"jobId":"29236975","attempt":1,"shardIndex":-1}],"ArrayOperations.FileArrayOps":[{"jobId":"29236980","attempt":1,"shardIndex":-1}],"ArrayOperations.ArrayFunctions":[{"jobId":"29236977","attempt":1,"shardIndex":-1}],"ArrayOperations.IntegerArrayOps":[{"jobId":"29236976","attempt":1,"shardIndex":-1}],"ArrayOperations.ValidateIndex":[{"jobId":"29236981","attempt":1,"shardIndex":-1}],"ArrayOperations.Uppercase":[{"jobId":"29236983","attempt":1,"shardIndex":0},{"jobId":"29236982","attempt":1,"shardIndex":1},{"jobId":"29236979","attempt":1,"shardIndex":2}]},"id":"92212ba7-ec84-40f5-945b-5fdc3b3deca8"}'
    headers:
      Connection:
      - keep-alive
      Content-Type:
      - application/json
      Date:
      - Mon, 11 Aug 2025 19:23:38 GMT
      Server:
      - nginx/1.25.3
      Transfer-Encoding:
      - chunked
      content-length:
      - '663'
    status:
      code: 200
      message: OK
- request:
    body: ''
    headers:
      accept:
      - '*/*'
      accept-encoding:
      - gzip, deflate
      connection:
      - keep-alive
      host:
      - gizmok20.fhcrc.org:46789
      user-agent:
      - python-httpx/0.28.1
    method: GET
    uri: https://gizmok20.fhcrc.org:46789/api/workflows/v1/92212ba7-ec84-40f5-945b-5fdc3b3deca8/metadata?includeKey=status&includeKey=failures&includeKey=jobId
  response:
    body:
      string: '{"status":"Running","calls":{"ArrayOperations.ArrayConcat":[{"jobId":"29236975","attempt":1,"shardIndex":-1}],"ArrayOperations.FileArrayOps":[{"jobId":"29236980","attempt":1,"shardIndex":-1}],"ArrayOperations.ArrayFunctions":[{"jobId":"29236977","attempt":1,"shardIndex":-1}],"ArrayOperations.IntegerArrayOps":[{"jobId":"29236976","attempt":1,"shardIndex":-1}],"ArrayOperations.ValidateIndex":[{"jobId":"29236981","attempt":1,"shardIndex":-1}],"ArrayOperations.Uppercase":[{"jobId":"29236983","attempt":1,"shardIndex":0},{"jobId":"29236982","attempt":1,"shardIndex":1},{"jobId":"29236979","attempt":1,"shardIndex":2}]},"id":"92212ba7-ec84-40f5-945b-5fdc3b3deca8"}'
    headers:
      Connection:
      - keep-alive
      Content-Type:
      - application/json
      Date:
      - Mon, 11 Aug 2025 19:23:43 GMT
      Server:
      - nginx/1.25.3
      Transfer-Encoding:
      - chunked
      content-length:
      - '663'
    status:
      code: 200
      message: OK
- request:
    body: ''
    headers:
      accept:
      - '*/*'
      accept-encoding:
      - gzip, deflate
      connection:
      - keep-alive
      host:
      - gizmok20.fhcrc.org:46789
      user-agent:
      - python-httpx/0.28.1
    method: GET
    uri: https://gizmok20.fhcrc.org:46789/api/workflows/v1/92212ba7-ec84-40f5-945b-5fdc3b3deca8/metadata?includeKey=status&includeKey=failures&includeKey=jobId
  response:
    body:
      string: '{"status":"Running","calls":{"ArrayOperations.ArrayConcat":[{"jobId":"29236975","attempt":1,"shardIndex":-1}],"ArrayOperations.FileArrayOps":[{"jobId":"29236980","attempt":1,"shardIndex":-1}],"ArrayOperations.ArrayFunctions":[{"jobId":"29236977","attempt":1,"shardIndex":-1}],"ArrayOperations.IntegerArrayOps":[{"jobId":"29236976","attempt":1,"shardIndex":-1}],"ArrayOperations.ValidateIndex":[{"jobId":"29236981","attempt":1,"shardIndex":-1}],"ArrayOperations.Uppercase":[{"jobId":"29236983","attempt":1,"shardIndex":0},{"jobId":"29236982","attempt":1,"shardIndex":1},{"jobId":"29236979","attempt":1,"shardIndex":2}]},"id":"92212ba7-ec84-40f5-945b-5fdc3b3deca8"}'
    headers:
      Connection:
      - keep-alive
      Content-Type:
      - application/json
      Date:
      - Mon, 11 Aug 2025 19:23:48 GMT
      Server:
      - nginx/1.25.3
      Transfer-Encoding:
      - chunked
      content-length:
      - '663'
    status:
      code: 200
      message: OK
- request:
    body: ''
    headers:
      accept:
      - '*/*'
      accept-encoding:
      - gzip, deflate
      connection:
      - keep-alive
      host:
      - gizmok20.fhcrc.org:46789
      user-agent:
      - python-httpx/0.28.1
    method: GET
    uri: https://gizmok20.fhcrc.org:46789/api/workflows/v1/92212ba7-ec84-40f5-945b-5fdc3b3deca8/metadata?includeKey=status&includeKey=failures&includeKey=jobId
  response:
    body:
      string: '{"status":"Running","calls":{"ArrayOperations.ArrayConcat":[{"jobId":"29236975","attempt":1,"shardIndex":-1}],"ArrayOperations.FileArrayOps":[{"jobId":"29236980","attempt":1,"shardIndex":-1}],"ArrayOperations.ArrayFunctions":[{"jobId":"29236977","attempt":1,"shardIndex":-1}],"ArrayOperations.IntegerArrayOps":[{"jobId":"29236976","attempt":1,"shardIndex":-1}],"ArrayOperations.ValidateIndex":[{"jobId":"29236981","attempt":1,"shardIndex":-1}],"ArrayOperations.Uppercase":[{"jobId":"29236983","attempt":1,"shardIndex":0},{"jobId":"29236982","attempt":1,"shardIndex":1},{"jobId":"29236979","attempt":1,"shardIndex":2}]},"id":"92212ba7-ec84-40f5-945b-5fdc3b3deca8"}'
    headers:
      Connection:
      - keep-alive
      Content-Type:
      - application/json
      Date:
      - Mon, 11 Aug 2025 19:23:53 GMT
      Server:
      - nginx/1.25.3
      Transfer-Encoding:
      - chunked
      content-length:
      - '663'
    status:
      code: 200
      message: OK
- request:
    body: ''
    headers:
      accept:
      - '*/*'
      accept-encoding:
      - gzip, deflate
      connection:
      - keep-alive
      host:
      - gizmok20.fhcrc.org:46789
      user-agent:
      - python-httpx/0.28.1
    method: GET
    uri: https://gizmok20.fhcrc.org:46789/api/workflows/v1/92212ba7-ec84-40f5-945b-5fdc3b3deca8/metadata?includeKey=status&includeKey=failures&includeKey=jobId
  response:
    body:
      string: '{"status":"Running","calls":{"ArrayOperations.ArrayConcat":[{"jobId":"29236975","attempt":1,"shardIndex":-1}],"ArrayOperations.FileArrayOps":[{"jobId":"29236980","attempt":1,"shardIndex":-1}],"ArrayOperations.ArrayFunctions":[{"jobId":"29236977","attempt":1,"shardIndex":-1}],"ArrayOperations.IntegerArrayOps":[{"jobId":"29236976","attempt":1,"shardIndex":-1}],"ArrayOperations.ValidateIndex":[{"jobId":"29236981","attempt":1,"shardIndex":-1}],"ArrayOperations.Uppercase":[{"jobId":"29236983","attempt":1,"shardIndex":0},{"jobId":"29236982","attempt":1,"shardIndex":1},{"jobId":"29236979","attempt":1,"shardIndex":2}]},"id":"92212ba7-ec84-40f5-945b-5fdc3b3deca8"}'
    headers:
      Connection:
      - keep-alive
      Content-Type:
      - application/json
      Date:
      - Mon, 11 Aug 2025 19:23:58 GMT
      Server:
      - nginx/1.25.3
      Transfer-Encoding:
      - chunked
      content-length:
      - '663'
    status:
      code: 200
      message: OK
- request:
    body: ''
    headers:
      accept:
      - '*/*'
      accept-encoding:
      - gzip, deflate
      connection:
      - keep-alive
      host:
      - gizmok20.fhcrc.org:46789
      user-agent:
      - python-httpx/0.28.1
    method: GET
    uri: https://gizmok20.fhcrc.org:46789/api/workflows/v1/92212ba7-ec84-40f5-945b-5fdc3b3deca8/metadata?includeKey=status&includeKey=failures&includeKey=jobId
  response:
    body:
      string: '{"status":"Running","calls":{"ArrayOperations.ArrayConcat":[{"jobId":"29236975","attempt":1,"shardIndex":-1}],"ArrayOperations.FileArrayOps":[{"jobId":"29236980","attempt":1,"shardIndex":-1}],"ArrayOperations.ArrayFunctions":[{"jobId":"29236977","attempt":1,"shardIndex":-1}],"ArrayOperations.IntegerArrayOps":[{"jobId":"29236976","attempt":1,"shardIndex":-1}],"ArrayOperations.ValidateIndex":[{"jobId":"29236981","attempt":1,"shardIndex":-1}],"ArrayOperations.Uppercase":[{"jobId":"29236983","attempt":1,"shardIndex":0},{"jobId":"29236982","attempt":1,"shardIndex":1},{"jobId":"29236979","attempt":1,"shardIndex":2}]},"id":"92212ba7-ec84-40f5-945b-5fdc3b3deca8"}'
    headers:
      Connection:
      - keep-alive
      Content-Type:
      - application/json
      Date:
      - Mon, 11 Aug 2025 19:24:03 GMT
      Server:
      - nginx/1.25.3
      Transfer-Encoding:
      - chunked
      content-length:
      - '663'
    status:
      code: 200
      message: OK
- request:
    body: ''
    headers:
      accept:
      - '*/*'
      accept-encoding:
      - gzip, deflate
      connection:
      - keep-alive
      host:
      - gizmok20.fhcrc.org:46789
      user-agent:
      - python-httpx/0.28.1
    method: GET
    uri: https://gizmok20.fhcrc.org:46789/api/workflows/v1/92212ba7-ec84-40f5-945b-5fdc3b3deca8/metadata?includeKey=status&includeKey=failures&includeKey=jobId
  response:
    body:
      string: '{"status":"Running","calls":{"ArrayOperations.ArrayConcat":[{"jobId":"29236975","attempt":1,"shardIndex":-1}],"ArrayOperations.FileArrayOps":[{"jobId":"29236980","attempt":1,"shardIndex":-1}],"ArrayOperations.ArrayFunctions":[{"jobId":"29236977","attempt":1,"shardIndex":-1}],"ArrayOperations.IntegerArrayOps":[{"jobId":"29236976","attempt":1,"shardIndex":-1}],"ArrayOperations.ValidateIndex":[{"jobId":"29236981","attempt":1,"shardIndex":-1}],"ArrayOperations.Uppercase":[{"jobId":"29236983","attempt":1,"shardIndex":0},{"jobId":"29236982","attempt":1,"shardIndex":1},{"jobId":"29236979","attempt":1,"shardIndex":2}]},"id":"92212ba7-ec84-40f5-945b-5fdc3b3deca8"}'
    headers:
      Connection:
      - keep-alive
      Content-Type:
      - application/json
      Date:
      - Mon, 11 Aug 2025 19:24:09 GMT
      Server:
      - nginx/1.25.3
      Transfer-Encoding:
      - chunked
      content-length:
      - '663'
    status:
      code: 200
      message: OK
- request:
    body: ''
    headers:
      accept:
      - '*/*'
      accept-encoding:
      - gzip, deflate
      connection:
      - keep-alive
      host:
      - gizmok20.fhcrc.org:46789
      user-agent:
      - python-httpx/0.28.1
    method: GET
    uri: https://gizmok20.fhcrc.org:46789/api/workflows/v1/92212ba7-ec84-40f5-945b-5fdc3b3deca8/metadata?includeKey=status&includeKey=failures&includeKey=jobId
  response:
    body:
      string: '{"status":"Running","calls":{"ArrayOperations.ArrayConcat":[{"jobId":"29236975","attempt":1,"shardIndex":-1}],"ArrayOperations.FileArrayOps":[{"jobId":"29236980","attempt":1,"shardIndex":-1}],"ArrayOperations.ArrayFunctions":[{"jobId":"29236977","attempt":1,"shardIndex":-1}],"ArrayOperations.IntegerArrayOps":[{"jobId":"29236976","attempt":1,"shardIndex":-1}],"ArrayOperations.ValidateIndex":[{"jobId":"29236981","attempt":1,"shardIndex":-1}],"ArrayOperations.Uppercase":[{"jobId":"29236983","attempt":1,"shardIndex":0},{"jobId":"29236982","attempt":1,"shardIndex":1},{"jobId":"29236979","attempt":1,"shardIndex":2}]},"id":"92212ba7-ec84-40f5-945b-5fdc3b3deca8"}'
    headers:
      Connection:
      - keep-alive
      Content-Type:
      - application/json
      Date:
      - Mon, 11 Aug 2025 19:24:14 GMT
      Server:
      - nginx/1.25.3
      Transfer-Encoding:
      - chunked
      content-length:
      - '663'
    status:
      code: 200
      message: OK
- request:
    body: ''
    headers:
      accept:
      - '*/*'
      accept-encoding:
      - gzip, deflate
      connection:
      - keep-alive
      host:
      - gizmok20.fhcrc.org:46789
      user-agent:
      - python-httpx/0.28.1
    method: GET
    uri: https://gizmok20.fhcrc.org:46789/api/workflows/v1/92212ba7-ec84-40f5-945b-5fdc3b3deca8/metadata?includeKey=status&includeKey=failures&includeKey=jobId
  response:
    body:
      string: '{"status":"Running","calls":{"ArrayOperations.ArrayConcat":[{"jobId":"29236975","attempt":1,"shardIndex":-1}],"ArrayOperations.FileArrayOps":[{"jobId":"29236980","attempt":1,"shardIndex":-1}],"ArrayOperations.ArrayFunctions":[{"jobId":"29236977","attempt":1,"shardIndex":-1}],"ArrayOperations.IntegerArrayOps":[{"jobId":"29236976","attempt":1,"shardIndex":-1}],"ArrayOperations.ValidateIndex":[{"jobId":"29236981","attempt":1,"shardIndex":-1}],"ArrayOperations.Uppercase":[{"jobId":"29236983","attempt":1,"shardIndex":0},{"jobId":"29236982","attempt":1,"shardIndex":1},{"jobId":"29236979","attempt":1,"shardIndex":2}]},"id":"92212ba7-ec84-40f5-945b-5fdc3b3deca8"}'
    headers:
      Connection:
      - keep-alive
      Content-Type:
      - application/json
      Date:
      - Mon, 11 Aug 2025 19:24:19 GMT
      Server:
      - nginx/1.25.3
      Transfer-Encoding:
      - chunked
      content-length:
      - '663'
    status:
      code: 200
      message: OK
- request:
    body: ''
    headers:
      accept:
      - '*/*'
      accept-encoding:
      - gzip, deflate
      connection:
      - keep-alive
      host:
      - gizmok20.fhcrc.org:46789
      user-agent:
      - python-httpx/0.28.1
    method: GET
    uri: https://gizmok20.fhcrc.org:46789/api/workflows/v1/92212ba7-ec84-40f5-945b-5fdc3b3deca8/metadata?includeKey=status&includeKey=failures&includeKey=jobId
  response:
    body:
      string: '{"status":"Running","calls":{"ArrayOperations.ArrayConcat":[{"jobId":"29236975","attempt":1,"shardIndex":-1}],"ArrayOperations.FileArrayOps":[{"jobId":"29236980","attempt":1,"shardIndex":-1}],"ArrayOperations.ArrayFunctions":[{"jobId":"29236977","attempt":1,"shardIndex":-1}],"ArrayOperations.IntegerArrayOps":[{"jobId":"29236976","attempt":1,"shardIndex":-1}],"ArrayOperations.ValidateIndex":[{"jobId":"29236981","attempt":1,"shardIndex":-1}],"ArrayOperations.Uppercase":[{"jobId":"29236983","attempt":1,"shardIndex":0},{"jobId":"29236982","attempt":1,"shardIndex":1},{"jobId":"29236979","attempt":1,"shardIndex":2}]},"id":"92212ba7-ec84-40f5-945b-5fdc3b3deca8"}'
    headers:
      Connection:
      - keep-alive
      Content-Type:
      - application/json
      Date:
      - Mon, 11 Aug 2025 19:24:24 GMT
      Server:
      - nginx/1.25.3
      Transfer-Encoding:
      - chunked
      content-length:
      - '663'
    status:
      code: 200
      message: OK
- request:
    body: ''
    headers:
      accept:
      - '*/*'
      accept-encoding:
      - gzip, deflate
      connection:
      - keep-alive
      host:
      - gizmok20.fhcrc.org:46789
      user-agent:
      - python-httpx/0.28.1
    method: GET
    uri: https://gizmok20.fhcrc.org:46789/api/workflows/v1/92212ba7-ec84-40f5-945b-5fdc3b3deca8/metadata?includeKey=status&includeKey=failures&includeKey=jobId
  response:
    body:
      string: '{"status":"Running","calls":{"ArrayOperations.ArrayConcat":[{"jobId":"29236975","attempt":1,"shardIndex":-1}],"ArrayOperations.FileArrayOps":[{"jobId":"29236980","attempt":1,"shardIndex":-1}],"ArrayOperations.ArrayFunctions":[{"jobId":"29236977","attempt":1,"shardIndex":-1}],"ArrayOperations.IntegerArrayOps":[{"jobId":"29236976","attempt":1,"shardIndex":-1}],"ArrayOperations.ValidateIndex":[{"jobId":"29236981","attempt":1,"shardIndex":-1}],"ArrayOperations.Uppercase":[{"jobId":"29236983","attempt":1,"shardIndex":0},{"jobId":"29236982","attempt":1,"shardIndex":1},{"jobId":"29236979","attempt":1,"shardIndex":2}]},"id":"92212ba7-ec84-40f5-945b-5fdc3b3deca8"}'
    headers:
      Connection:
      - keep-alive
      Content-Type:
      - application/json
      Date:
      - Mon, 11 Aug 2025 19:24:29 GMT
      Server:
      - nginx/1.25.3
      Transfer-Encoding:
      - chunked
      content-length:
      - '663'
    status:
      code: 200
      message: OK
- request:
    body: ''
    headers:
      accept:
      - '*/*'
      accept-encoding:
      - gzip, deflate
      connection:
      - keep-alive
      host:
      - gizmok20.fhcrc.org:46789
      user-agent:
      - python-httpx/0.28.1
    method: GET
    uri: https://gizmok20.fhcrc.org:46789/api/workflows/v1/92212ba7-ec84-40f5-945b-5fdc3b3deca8/metadata?includeKey=status&includeKey=failures&includeKey=jobId
  response:
    body:
      string: '{"status":"Running","calls":{"ArrayOperations.ArrayConcat":[{"jobId":"29236975","attempt":1,"shardIndex":-1}],"ArrayOperations.FileArrayOps":[{"jobId":"29236980","attempt":1,"shardIndex":-1}],"ArrayOperations.ArrayFunctions":[{"jobId":"29236977","attempt":1,"shardIndex":-1}],"ArrayOperations.IntegerArrayOps":[{"jobId":"29236976","attempt":1,"shardIndex":-1}],"ArrayOperations.ValidateIndex":[{"jobId":"29236981","attempt":1,"shardIndex":-1}],"ArrayOperations.Uppercase":[{"jobId":"29236983","attempt":1,"shardIndex":0},{"jobId":"29236982","attempt":1,"shardIndex":1},{"jobId":"29236979","attempt":1,"shardIndex":2}]},"id":"92212ba7-ec84-40f5-945b-5fdc3b3deca8"}'
    headers:
      Connection:
      - keep-alive
      Content-Type:
      - application/json
      Date:
      - Mon, 11 Aug 2025 19:24:34 GMT
      Server:
      - nginx/1.25.3
      Transfer-Encoding:
      - chunked
      content-length:
      - '663'
    status:
      code: 200
      message: OK
- request:
    body: ''
    headers:
      accept:
      - '*/*'
      accept-encoding:
      - gzip, deflate
      connection:
      - keep-alive
      host:
      - gizmok20.fhcrc.org:46789
      user-agent:
      - python-httpx/0.28.1
    method: GET
    uri: https://gizmok20.fhcrc.org:46789/api/workflows/v1/92212ba7-ec84-40f5-945b-5fdc3b3deca8/metadata?includeKey=status&includeKey=failures&includeKey=jobId
  response:
    body:
      string: '{"status":"Running","calls":{"ArrayOperations.ArrayConcat":[{"jobId":"29236975","attempt":1,"shardIndex":-1}],"ArrayOperations.FileArrayOps":[{"jobId":"29236980","attempt":1,"shardIndex":-1}],"ArrayOperations.ArrayFunctions":[{"jobId":"29236977","attempt":1,"shardIndex":-1}],"ArrayOperations.IntegerArrayOps":[{"jobId":"29236976","attempt":1,"shardIndex":-1}],"ArrayOperations.ValidateIndex":[{"jobId":"29236981","attempt":1,"shardIndex":-1}],"ArrayOperations.Uppercase":[{"jobId":"29236983","attempt":1,"shardIndex":0},{"jobId":"29236982","attempt":1,"shardIndex":1},{"jobId":"29236979","attempt":1,"shardIndex":2}]},"id":"92212ba7-ec84-40f5-945b-5fdc3b3deca8"}'
    headers:
      Connection:
      - keep-alive
      Content-Type:
      - application/json
      Date:
      - Mon, 11 Aug 2025 19:24:39 GMT
      Server:
      - nginx/1.25.3
      Transfer-Encoding:
      - chunked
      content-length:
      - '663'
    status:
      code: 200
      message: OK
- request:
    body: ''
    headers:
      accept:
      - '*/*'
      accept-encoding:
      - gzip, deflate
      connection:
      - keep-alive
      host:
      - gizmok20.fhcrc.org:46789
      user-agent:
      - python-httpx/0.28.1
    method: GET
    uri: https://gizmok20.fhcrc.org:46789/api/workflows/v1/92212ba7-ec84-40f5-945b-5fdc3b3deca8/metadata?includeKey=status&includeKey=failures&includeKey=jobId
  response:
    body:
      string: '{"status":"Running","calls":{"ArrayOperations.ArrayConcat":[{"jobId":"29236975","attempt":1,"shardIndex":-1}],"ArrayOperations.FileArrayOps":[{"jobId":"29236980","attempt":1,"shardIndex":-1}],"ArrayOperations.ArrayFunctions":[{"jobId":"29236977","attempt":1,"shardIndex":-1}],"ArrayOperations.IntegerArrayOps":[{"jobId":"29236976","attempt":1,"shardIndex":-1}],"ArrayOperations.ValidateIndex":[{"jobId":"29236981","attempt":1,"shardIndex":-1}],"ArrayOperations.Uppercase":[{"jobId":"29236983","attempt":1,"shardIndex":0},{"jobId":"29236982","attempt":1,"shardIndex":1},{"jobId":"29236979","attempt":1,"shardIndex":2}]},"id":"92212ba7-ec84-40f5-945b-5fdc3b3deca8"}'
    headers:
      Connection:
      - keep-alive
      Content-Type:
      - application/json
      Date:
      - Mon, 11 Aug 2025 19:24:44 GMT
      Server:
      - nginx/1.25.3
      Transfer-Encoding:
      - chunked
      content-length:
      - '663'
    status:
      code: 200
      message: OK
- request:
    body: ''
    headers:
      accept:
      - '*/*'
      accept-encoding:
      - gzip, deflate
      connection:
      - keep-alive
      host:
      - gizmok20.fhcrc.org:46789
      user-agent:
      - python-httpx/0.28.1
    method: GET
    uri: https://gizmok20.fhcrc.org:46789/api/workflows/v1/92212ba7-ec84-40f5-945b-5fdc3b3deca8/metadata?includeKey=status&includeKey=failures&includeKey=jobId
  response:
    body:
      string: '{"status":"Running","calls":{"ArrayOperations.ArrayConcat":[{"jobId":"29236975","attempt":1,"shardIndex":-1}],"ArrayOperations.FileArrayOps":[{"jobId":"29236980","attempt":1,"shardIndex":-1}],"ArrayOperations.ArrayFunctions":[{"jobId":"29236977","attempt":1,"shardIndex":-1}],"ArrayOperations.IntegerArrayOps":[{"jobId":"29236976","attempt":1,"shardIndex":-1}],"ArrayOperations.ValidateIndex":[{"jobId":"29236981","attempt":1,"shardIndex":-1}],"ArrayOperations.Uppercase":[{"jobId":"29236983","attempt":1,"shardIndex":0},{"jobId":"29236982","attempt":1,"shardIndex":1},{"jobId":"29236979","attempt":1,"shardIndex":2}]},"id":"92212ba7-ec84-40f5-945b-5fdc3b3deca8"}'
    headers:
      Connection:
      - keep-alive
      Content-Type:
      - application/json
      Date:
      - Mon, 11 Aug 2025 19:24:49 GMT
      Server:
      - nginx/1.25.3
      Transfer-Encoding:
      - chunked
      content-length:
      - '663'
    status:
      code: 200
      message: OK
- request:
    body: ''
    headers:
      accept:
      - '*/*'
      accept-encoding:
      - gzip, deflate
      connection:
      - keep-alive
      host:
      - gizmok20.fhcrc.org:46789
      user-agent:
      - python-httpx/0.28.1
    method: GET
    uri: https://gizmok20.fhcrc.org:46789/api/workflows/v1/92212ba7-ec84-40f5-945b-5fdc3b3deca8/metadata?includeKey=status&includeKey=failures&includeKey=jobId
  response:
    body:
      string: '{"status":"Running","calls":{"ArrayOperations.ArrayConcat":[{"jobId":"29236975","attempt":1,"shardIndex":-1}],"ArrayOperations.FileArrayOps":[{"jobId":"29236980","attempt":1,"shardIndex":-1}],"ArrayOperations.ArrayFunctions":[{"jobId":"29236977","attempt":1,"shardIndex":-1}],"ArrayOperations.IntegerArrayOps":[{"jobId":"29236976","attempt":1,"shardIndex":-1}],"ArrayOperations.ValidateIndex":[{"jobId":"29236981","attempt":1,"shardIndex":-1}],"ArrayOperations.Uppercase":[{"jobId":"29236983","attempt":1,"shardIndex":0},{"jobId":"29236982","attempt":1,"shardIndex":1},{"jobId":"29236979","attempt":1,"shardIndex":2}]},"id":"92212ba7-ec84-40f5-945b-5fdc3b3deca8"}'
    headers:
      Connection:
      - keep-alive
      Content-Type:
      - application/json
      Date:
      - Mon, 11 Aug 2025 19:24:54 GMT
      Server:
      - nginx/1.25.3
      Transfer-Encoding:
      - chunked
      content-length:
      - '663'
    status:
      code: 200
      message: OK
- request:
    body: ''
    headers:
      accept:
      - '*/*'
      accept-encoding:
      - gzip, deflate
      connection:
      - keep-alive
      host:
      - gizmok20.fhcrc.org:46789
      user-agent:
      - python-httpx/0.28.1
    method: GET
    uri: https://gizmok20.fhcrc.org:46789/api/workflows/v1/92212ba7-ec84-40f5-945b-5fdc3b3deca8/metadata?includeKey=status&includeKey=failures&includeKey=jobId
  response:
    body:
      string: '{"status":"Running","calls":{"ArrayOperations.ArrayConcat":[{"jobId":"29236975","attempt":1,"shardIndex":-1}],"ArrayOperations.FileArrayOps":[{"jobId":"29236980","attempt":1,"shardIndex":-1}],"ArrayOperations.ArrayFunctions":[{"jobId":"29236977","attempt":1,"shardIndex":-1}],"ArrayOperations.IntegerArrayOps":[{"jobId":"29236976","attempt":1,"shardIndex":-1}],"ArrayOperations.ValidateIndex":[{"jobId":"29236981","attempt":1,"shardIndex":-1}],"ArrayOperations.Uppercase":[{"jobId":"29236983","attempt":1,"shardIndex":0},{"jobId":"29236982","attempt":1,"shardIndex":1},{"jobId":"29236979","attempt":1,"shardIndex":2}]},"id":"92212ba7-ec84-40f5-945b-5fdc3b3deca8"}'
    headers:
      Connection:
      - keep-alive
      Content-Type:
      - application/json
      Date:
      - Mon, 11 Aug 2025 19:24:59 GMT
      Server:
      - nginx/1.25.3
      Transfer-Encoding:
      - chunked
      content-length:
      - '663'
    status:
      code: 200
      message: OK
- request:
    body: ''
    headers:
      accept:
      - '*/*'
      accept-encoding:
      - gzip, deflate
      connection:
      - keep-alive
      host:
      - gizmok20.fhcrc.org:46789
      user-agent:
      - python-httpx/0.28.1
    method: GET
    uri: https://gizmok20.fhcrc.org:46789/api/workflows/v1/92212ba7-ec84-40f5-945b-5fdc3b3deca8/metadata?includeKey=status&includeKey=failures&includeKey=jobId
  response:
    body:
      string: '{"status":"Succeeded","calls":{"ArrayOperations.ArrayConcat":[{"jobId":"29236975","attempt":1,"shardIndex":-1}],"ArrayOperations.FileArrayOps":[{"jobId":"29236980","attempt":1,"shardIndex":-1}],"ArrayOperations.ArrayFunctions":[{"jobId":"29236977","attempt":1,"shardIndex":-1}],"ArrayOperations.IntegerArrayOps":[{"jobId":"29236976","attempt":1,"shardIndex":-1}],"ArrayOperations.ValidateIndex":[{"jobId":"29236981","attempt":1,"shardIndex":-1}],"ArrayOperations.Uppercase":[{"jobId":"29236983","attempt":1,"shardIndex":0},{"jobId":"29236982","attempt":1,"shardIndex":1},{"jobId":"29236979","attempt":1,"shardIndex":2}]},"id":"92212ba7-ec84-40f5-945b-5fdc3b3deca8"}'
    headers:
      Connection:
      - keep-alive
      Content-Type:
      - application/json
      Date:
      - Mon, 11 Aug 2025 19:25:04 GMT
      Server:
      - nginx/1.25.3
      Transfer-Encoding:
      - chunked
      content-length:
      - '665'
    status:
      code: 200
      message: OK
version: 1
