interactions:
- request:
    body: "--1a6f2333a035d472fe7b5fdfb315358d\r\nContent-Disposition: form-data; name=\"workflowSource\";
      filename=\"WildcardsandConditions.wdl\"\r\nContent-Type: application/octet-stream\r\n\r\nversion
      1.0\n\nworkflow WildcardsandConditions {\n    input {\n        String prefix
      \ # Required input for the file prefix (no default value)\n    }\n\n    call
      wildcard_and_conditions_test {\n        input:\n            prefix = prefix
      \ # Explicitly pass the workflow input to the task\n    }\n\n    output {\n
      \       Array[File] txt_files = wildcard_and_conditions_test.txt_files\n        String
      conditional_result = wildcard_and_conditions_test.conditional_output\n    }\n}\n\ntask
      wildcard_and_conditions_test {\n    input {\n        String prefix  # Required
      input for file creation\n        Boolean create_extra_file = true  # Default
      value for conditional logic\n    }\n\n    command <<<\n        # Create multiple
      .txt files to test wildcard resolution\n        for i in {1..3}; do\n            echo
      \"File content $i\" > \"~{prefix}_$i.txt\"\n        done\n\n        # Create
      an extra file conditionally\n        if [[ ~{create_extra_file} == \"true\"
      ]]; then\n            echo \"Extra file content\" > ~{prefix}_extra.txt\n        fi\n\n
      \       # Parse inputs directly in the command\n        echo \"Parsed prefix:
      ~{prefix}\" > parsed_output.txt\n    >>>\n\n    output {\n        Array[File]
      txt_files = glob(\"*.txt\")  # Test wildcard resolution\n        String conditional_output
      = read_string(\"parsed_output.txt\")  # Verify input parsing\n    }\n\n    runtime
      {\n        docker: \"ubuntu:20.04\"\n    }\n}\n\r\n--1a6f2333a035d472fe7b5fdfb315358d\r\nContent-Disposition:
      form-data; name=\"workflowInputs\"; filename=\"inputs.json\"\r\nContent-Type:
      application/json\r\n\r\n{\n  \"WildcardsandConditions.prefix\": \"testfile\"\n}\n\r\n--1a6f2333a035d472fe7b5fdfb315358d\r\nContent-Disposition:
      form-data; name=\"workflowOptions\"; filename=\"options.json\"\r\nContent-Type:
      application/json\r\n\r\n{\n    \"workflow_failure_mode\": \"ContinueWhilePossible\",\n
      \   \"write_to_cache\": false,\n    \"read_from_cache\": false\n}\n\r\n--1a6f2333a035d472fe7b5fdfb315358d--\r\n"
    headers:
      Accept:
      - '*/*'
      Accept-Encoding:
      - gzip, deflate
      Connection:
      - keep-alive
      Content-Length:
      - '2043'
      Content-Type:
      - multipart/form-data; boundary=1a6f2333a035d472fe7b5fdfb315358d
      Host:
      - gizmoj9.fhcrc.org:35725
      User-Agent:
      - python-httpx/0.28.1
    method: POST
    uri: https://gizmoj9.fhcrc.org:35725/api/workflows/v1
  response:
    body:
      string: '{"id":"32edd44c-b604-4a1a-a9d3-dc36d5611810","status":"Submitted"}'
    headers:
      Connection:
      - keep-alive
      Content-Length:
      - '66'
      Content-Type:
      - application/json
      Date:
      - Sun, 28 Dec 2025 04:27:10 GMT
      Server:
      - nginx/1.25.3
    status:
      code: 201
      message: Created
- request:
    body: ''
    headers:
      Accept:
      - '*/*'
      Accept-Encoding:
      - gzip, deflate
      Connection:
      - keep-alive
      Host:
      - gizmoj9.fhcrc.org:35725
      User-Agent:
      - python-httpx/0.28.1
    method: GET
    uri: https://gizmoj9.fhcrc.org:35725/api/workflows/v1/32edd44c-b604-4a1a-a9d3-dc36d5611810/metadata?includeKey=status&includeKey=failures&includeKey=jobId
  response:
    body:
      string: '{"status":"Submitted","calls":{},"id":"32edd44c-b604-4a1a-a9d3-dc36d5611810"}'
    headers:
      Connection:
      - keep-alive
      Content-Type:
      - application/json
      Date:
      - Sun, 28 Dec 2025 04:27:15 GMT
      Server:
      - nginx/1.25.3
      Transfer-Encoding:
      - chunked
      content-length:
      - '77'
    status:
      code: 200
      message: OK
- request:
    body: ''
    headers:
      Accept:
      - '*/*'
      Accept-Encoding:
      - gzip, deflate
      Connection:
      - keep-alive
      Host:
      - gizmoj9.fhcrc.org:35725
      User-Agent:
      - python-httpx/0.28.1
    method: GET
    uri: https://gizmoj9.fhcrc.org:35725/api/workflows/v1/32edd44c-b604-4a1a-a9d3-dc36d5611810/metadata?includeKey=status&includeKey=failures&includeKey=jobId
  response:
    body:
      string: '{"status":"Submitted","calls":{},"id":"32edd44c-b604-4a1a-a9d3-dc36d5611810"}'
    headers:
      Connection:
      - keep-alive
      Content-Type:
      - application/json
      Date:
      - Sun, 28 Dec 2025 04:27:20 GMT
      Server:
      - nginx/1.25.3
      Transfer-Encoding:
      - chunked
      content-length:
      - '77'
    status:
      code: 200
      message: OK
- request:
    body: ''
    headers:
      Accept:
      - '*/*'
      Accept-Encoding:
      - gzip, deflate
      Connection:
      - keep-alive
      Host:
      - gizmoj9.fhcrc.org:35725
      User-Agent:
      - python-httpx/0.28.1
    method: GET
    uri: https://gizmoj9.fhcrc.org:35725/api/workflows/v1/32edd44c-b604-4a1a-a9d3-dc36d5611810/metadata?includeKey=status&includeKey=failures&includeKey=jobId
  response:
    body:
      string: '{"status":"Submitted","calls":{},"id":"32edd44c-b604-4a1a-a9d3-dc36d5611810"}'
    headers:
      Connection:
      - keep-alive
      Content-Type:
      - application/json
      Date:
      - Sun, 28 Dec 2025 04:27:25 GMT
      Server:
      - nginx/1.25.3
      Transfer-Encoding:
      - chunked
      content-length:
      - '77'
    status:
      code: 200
      message: OK
- request:
    body: ''
    headers:
      Accept:
      - '*/*'
      Accept-Encoding:
      - gzip, deflate
      Connection:
      - keep-alive
      Host:
      - gizmoj9.fhcrc.org:35725
      User-Agent:
      - python-httpx/0.28.1
    method: GET
    uri: https://gizmoj9.fhcrc.org:35725/api/workflows/v1/32edd44c-b604-4a1a-a9d3-dc36d5611810/metadata?includeKey=status&includeKey=failures&includeKey=jobId
  response:
    body:
      string: '{"status":"Submitted","calls":{},"id":"32edd44c-b604-4a1a-a9d3-dc36d5611810"}'
    headers:
      Connection:
      - keep-alive
      Content-Type:
      - application/json
      Date:
      - Sun, 28 Dec 2025 04:27:30 GMT
      Server:
      - nginx/1.25.3
      Transfer-Encoding:
      - chunked
      content-length:
      - '77'
    status:
      code: 200
      message: OK
- request:
    body: ''
    headers:
      Accept:
      - '*/*'
      Accept-Encoding:
      - gzip, deflate
      Connection:
      - keep-alive
      Host:
      - gizmoj9.fhcrc.org:35725
      User-Agent:
      - python-httpx/0.28.1
    method: GET
    uri: https://gizmoj9.fhcrc.org:35725/api/workflows/v1/32edd44c-b604-4a1a-a9d3-dc36d5611810/metadata?includeKey=status&includeKey=failures&includeKey=jobId
  response:
    body:
      string: '{"status":"Submitted","calls":{},"id":"32edd44c-b604-4a1a-a9d3-dc36d5611810"}'
    headers:
      Connection:
      - keep-alive
      Content-Type:
      - application/json
      Date:
      - Sun, 28 Dec 2025 04:27:35 GMT
      Server:
      - nginx/1.25.3
      Transfer-Encoding:
      - chunked
      content-length:
      - '77'
    status:
      code: 200
      message: OK
- request:
    body: ''
    headers:
      Accept:
      - '*/*'
      Accept-Encoding:
      - gzip, deflate
      Connection:
      - keep-alive
      Host:
      - gizmoj9.fhcrc.org:35725
      User-Agent:
      - python-httpx/0.28.1
    method: GET
    uri: https://gizmoj9.fhcrc.org:35725/api/workflows/v1/32edd44c-b604-4a1a-a9d3-dc36d5611810/metadata?includeKey=status&includeKey=failures&includeKey=jobId
  response:
    body:
      string: '{"status":"Submitted","calls":{},"id":"32edd44c-b604-4a1a-a9d3-dc36d5611810"}'
    headers:
      Connection:
      - keep-alive
      Content-Type:
      - application/json
      Date:
      - Sun, 28 Dec 2025 04:27:40 GMT
      Server:
      - nginx/1.25.3
      Transfer-Encoding:
      - chunked
      content-length:
      - '77'
    status:
      code: 200
      message: OK
- request:
    body: ''
    headers:
      Accept:
      - '*/*'
      Accept-Encoding:
      - gzip, deflate
      Connection:
      - keep-alive
      Host:
      - gizmoj9.fhcrc.org:35725
      User-Agent:
      - python-httpx/0.28.1
    method: GET
    uri: https://gizmoj9.fhcrc.org:35725/api/workflows/v1/32edd44c-b604-4a1a-a9d3-dc36d5611810/metadata?includeKey=status&includeKey=failures&includeKey=jobId
  response:
    body:
      string: '{"status":"Submitted","calls":{},"id":"32edd44c-b604-4a1a-a9d3-dc36d5611810"}'
    headers:
      Connection:
      - keep-alive
      Content-Type:
      - application/json
      Date:
      - Sun, 28 Dec 2025 04:27:45 GMT
      Server:
      - nginx/1.25.3
      Transfer-Encoding:
      - chunked
      content-length:
      - '77'
    status:
      code: 200
      message: OK
- request:
    body: ''
    headers:
      Accept:
      - '*/*'
      Accept-Encoding:
      - gzip, deflate
      Connection:
      - keep-alive
      Host:
      - gizmoj9.fhcrc.org:35725
      User-Agent:
      - python-httpx/0.28.1
    method: GET
    uri: https://gizmoj9.fhcrc.org:35725/api/workflows/v1/32edd44c-b604-4a1a-a9d3-dc36d5611810/metadata?includeKey=status&includeKey=failures&includeKey=jobId
  response:
    body:
      string: '{"status":"Submitted","calls":{},"id":"32edd44c-b604-4a1a-a9d3-dc36d5611810"}'
    headers:
      Connection:
      - keep-alive
      Content-Type:
      - application/json
      Date:
      - Sun, 28 Dec 2025 04:27:50 GMT
      Server:
      - nginx/1.25.3
      Transfer-Encoding:
      - chunked
      content-length:
      - '77'
    status:
      code: 200
      message: OK
- request:
    body: ''
    headers:
      Accept:
      - '*/*'
      Accept-Encoding:
      - gzip, deflate
      Connection:
      - keep-alive
      Host:
      - gizmoj9.fhcrc.org:35725
      User-Agent:
      - python-httpx/0.28.1
    method: GET
    uri: https://gizmoj9.fhcrc.org:35725/api/workflows/v1/32edd44c-b604-4a1a-a9d3-dc36d5611810/metadata?includeKey=status&includeKey=failures&includeKey=jobId
  response:
    body:
      string: '{"status":"Submitted","calls":{},"id":"32edd44c-b604-4a1a-a9d3-dc36d5611810"}'
    headers:
      Connection:
      - keep-alive
      Content-Type:
      - application/json
      Date:
      - Sun, 28 Dec 2025 04:27:55 GMT
      Server:
      - nginx/1.25.3
      Transfer-Encoding:
      - chunked
      content-length:
      - '77'
    status:
      code: 200
      message: OK
- request:
    body: ''
    headers:
      Accept:
      - '*/*'
      Accept-Encoding:
      - gzip, deflate
      Connection:
      - keep-alive
      Host:
      - gizmoj9.fhcrc.org:35725
      User-Agent:
      - python-httpx/0.28.1
    method: GET
    uri: https://gizmoj9.fhcrc.org:35725/api/workflows/v1/32edd44c-b604-4a1a-a9d3-dc36d5611810/metadata?includeKey=status&includeKey=failures&includeKey=jobId
  response:
    body:
      string: '{"status":"Submitted","calls":{},"id":"32edd44c-b604-4a1a-a9d3-dc36d5611810"}'
    headers:
      Connection:
      - keep-alive
      Content-Type:
      - application/json
      Date:
      - Sun, 28 Dec 2025 04:28:00 GMT
      Server:
      - nginx/1.25.3
      Transfer-Encoding:
      - chunked
      content-length:
      - '77'
    status:
      code: 200
      message: OK
- request:
    body: ''
    headers:
      Accept:
      - '*/*'
      Accept-Encoding:
      - gzip, deflate
      Connection:
      - keep-alive
      Host:
      - gizmoj9.fhcrc.org:35725
      User-Agent:
      - python-httpx/0.28.1
    method: GET
    uri: https://gizmoj9.fhcrc.org:35725/api/workflows/v1/32edd44c-b604-4a1a-a9d3-dc36d5611810/metadata?includeKey=status&includeKey=failures&includeKey=jobId
  response:
    body:
      string: '{"status":"Submitted","calls":{},"id":"32edd44c-b604-4a1a-a9d3-dc36d5611810"}'
    headers:
      Connection:
      - keep-alive
      Content-Type:
      - application/json
      Date:
      - Sun, 28 Dec 2025 04:28:05 GMT
      Server:
      - nginx/1.25.3
      Transfer-Encoding:
      - chunked
      content-length:
      - '77'
    status:
      code: 200
      message: OK
- request:
    body: ''
    headers:
      Accept:
      - '*/*'
      Accept-Encoding:
      - gzip, deflate
      Connection:
      - keep-alive
      Host:
      - gizmoj9.fhcrc.org:35725
      User-Agent:
      - python-httpx/0.28.1
    method: GET
    uri: https://gizmoj9.fhcrc.org:35725/api/workflows/v1/32edd44c-b604-4a1a-a9d3-dc36d5611810/metadata?includeKey=status&includeKey=failures&includeKey=jobId
  response:
    body:
      string: '{"status":"Submitted","calls":{},"id":"32edd44c-b604-4a1a-a9d3-dc36d5611810"}'
    headers:
      Connection:
      - keep-alive
      Content-Type:
      - application/json
      Date:
      - Sun, 28 Dec 2025 04:28:10 GMT
      Server:
      - nginx/1.25.3
      Transfer-Encoding:
      - chunked
      content-length:
      - '77'
    status:
      code: 200
      message: OK
- request:
    body: ''
    headers:
      Accept:
      - '*/*'
      Accept-Encoding:
      - gzip, deflate
      Connection:
      - keep-alive
      Host:
      - gizmoj9.fhcrc.org:35725
      User-Agent:
      - python-httpx/0.28.1
    method: GET
    uri: https://gizmoj9.fhcrc.org:35725/api/workflows/v1/32edd44c-b604-4a1a-a9d3-dc36d5611810/metadata?includeKey=status&includeKey=failures&includeKey=jobId
  response:
    body:
      string: '{"status":"Submitted","calls":{},"id":"32edd44c-b604-4a1a-a9d3-dc36d5611810"}'
    headers:
      Connection:
      - keep-alive
      Content-Type:
      - application/json
      Date:
      - Sun, 28 Dec 2025 04:28:15 GMT
      Server:
      - nginx/1.25.3
      Transfer-Encoding:
      - chunked
      content-length:
      - '77'
    status:
      code: 200
      message: OK
- request:
    body: ''
    headers:
      Accept:
      - '*/*'
      Accept-Encoding:
      - gzip, deflate
      Connection:
      - keep-alive
      Host:
      - gizmoj9.fhcrc.org:35725
      User-Agent:
      - python-httpx/0.28.1
    method: GET
    uri: https://gizmoj9.fhcrc.org:35725/api/workflows/v1/32edd44c-b604-4a1a-a9d3-dc36d5611810/metadata?includeKey=status&includeKey=failures&includeKey=jobId
  response:
    body:
      string: '{"status":"Submitted","calls":{},"id":"32edd44c-b604-4a1a-a9d3-dc36d5611810"}'
    headers:
      Connection:
      - keep-alive
      Content-Type:
      - application/json
      Date:
      - Sun, 28 Dec 2025 04:28:20 GMT
      Server:
      - nginx/1.25.3
      Transfer-Encoding:
      - chunked
      content-length:
      - '77'
    status:
      code: 200
      message: OK
- request:
    body: ''
    headers:
      Accept:
      - '*/*'
      Accept-Encoding:
      - gzip, deflate
      Connection:
      - keep-alive
      Host:
      - gizmoj9.fhcrc.org:35725
      User-Agent:
      - python-httpx/0.28.1
    method: GET
    uri: https://gizmoj9.fhcrc.org:35725/api/workflows/v1/32edd44c-b604-4a1a-a9d3-dc36d5611810/metadata?includeKey=status&includeKey=failures&includeKey=jobId
  response:
    body:
      string: '{"status":"Submitted","calls":{},"id":"32edd44c-b604-4a1a-a9d3-dc36d5611810"}'
    headers:
      Connection:
      - keep-alive
      Content-Type:
      - application/json
      Date:
      - Sun, 28 Dec 2025 04:28:26 GMT
      Server:
      - nginx/1.25.3
      Transfer-Encoding:
      - chunked
      content-length:
      - '77'
    status:
      code: 200
      message: OK
- request:
    body: ''
    headers:
      Accept:
      - '*/*'
      Accept-Encoding:
      - gzip, deflate
      Connection:
      - keep-alive
      Host:
      - gizmoj9.fhcrc.org:35725
      User-Agent:
      - python-httpx/0.28.1
    method: GET
    uri: https://gizmoj9.fhcrc.org:35725/api/workflows/v1/32edd44c-b604-4a1a-a9d3-dc36d5611810/metadata?includeKey=status&includeKey=failures&includeKey=jobId
  response:
    body:
      string: '{"status":"Submitted","calls":{},"id":"32edd44c-b604-4a1a-a9d3-dc36d5611810"}'
    headers:
      Connection:
      - keep-alive
      Content-Type:
      - application/json
      Date:
      - Sun, 28 Dec 2025 04:28:31 GMT
      Server:
      - nginx/1.25.3
      Transfer-Encoding:
      - chunked
      content-length:
      - '77'
    status:
      code: 200
      message: OK
- request:
    body: ''
    headers:
      Accept:
      - '*/*'
      Accept-Encoding:
      - gzip, deflate
      Connection:
      - keep-alive
      Host:
      - gizmoj9.fhcrc.org:35725
      User-Agent:
      - python-httpx/0.28.1
    method: GET
    uri: https://gizmoj9.fhcrc.org:35725/api/workflows/v1/32edd44c-b604-4a1a-a9d3-dc36d5611810/metadata?includeKey=status&includeKey=failures&includeKey=jobId
  response:
    body:
      string: '{"status":"Submitted","calls":{},"id":"32edd44c-b604-4a1a-a9d3-dc36d5611810"}'
    headers:
      Connection:
      - keep-alive
      Content-Type:
      - application/json
      Date:
      - Sun, 28 Dec 2025 04:28:36 GMT
      Server:
      - nginx/1.25.3
      Transfer-Encoding:
      - chunked
      content-length:
      - '77'
    status:
      code: 200
      message: OK
- request:
    body: ''
    headers:
      Accept:
      - '*/*'
      Accept-Encoding:
      - gzip, deflate
      Connection:
      - keep-alive
      Host:
      - gizmoj9.fhcrc.org:35725
      User-Agent:
      - python-httpx/0.28.1
    method: GET
    uri: https://gizmoj9.fhcrc.org:35725/api/workflows/v1/32edd44c-b604-4a1a-a9d3-dc36d5611810/metadata?includeKey=status&includeKey=failures&includeKey=jobId
  response:
    body:
      string: '{"status":"Submitted","calls":{},"id":"32edd44c-b604-4a1a-a9d3-dc36d5611810"}'
    headers:
      Connection:
      - keep-alive
      Content-Type:
      - application/json
      Date:
      - Sun, 28 Dec 2025 04:28:41 GMT
      Server:
      - nginx/1.25.3
      Transfer-Encoding:
      - chunked
      content-length:
      - '77'
    status:
      code: 200
      message: OK
- request:
    body: ''
    headers:
      Accept:
      - '*/*'
      Accept-Encoding:
      - gzip, deflate
      Connection:
      - keep-alive
      Host:
      - gizmoj9.fhcrc.org:35725
      User-Agent:
      - python-httpx/0.28.1
    method: GET
    uri: https://gizmoj9.fhcrc.org:35725/api/workflows/v1/32edd44c-b604-4a1a-a9d3-dc36d5611810/metadata?includeKey=status&includeKey=failures&includeKey=jobId
  response:
    body:
      string: '{"status":"Submitted","calls":{},"id":"32edd44c-b604-4a1a-a9d3-dc36d5611810"}'
    headers:
      Connection:
      - keep-alive
      Content-Type:
      - application/json
      Date:
      - Sun, 28 Dec 2025 04:28:46 GMT
      Server:
      - nginx/1.25.3
      Transfer-Encoding:
      - chunked
      content-length:
      - '77'
    status:
      code: 200
      message: OK
- request:
    body: ''
    headers:
      Accept:
      - '*/*'
      Accept-Encoding:
      - gzip, deflate
      Connection:
      - keep-alive
      Host:
      - gizmoj9.fhcrc.org:35725
      User-Agent:
      - python-httpx/0.28.1
    method: GET
    uri: https://gizmoj9.fhcrc.org:35725/api/workflows/v1/32edd44c-b604-4a1a-a9d3-dc36d5611810/metadata?includeKey=status&includeKey=failures&includeKey=jobId
  response:
    body:
      string: '{"status":"Submitted","calls":{},"id":"32edd44c-b604-4a1a-a9d3-dc36d5611810"}'
    headers:
      Connection:
      - keep-alive
      Content-Type:
      - application/json
      Date:
      - Sun, 28 Dec 2025 04:28:51 GMT
      Server:
      - nginx/1.25.3
      Transfer-Encoding:
      - chunked
      content-length:
      - '77'
    status:
      code: 200
      message: OK
- request:
    body: ''
    headers:
      Accept:
      - '*/*'
      Accept-Encoding:
      - gzip, deflate
      Connection:
      - keep-alive
      Host:
      - gizmoj9.fhcrc.org:35725
      User-Agent:
      - python-httpx/0.28.1
    method: GET
    uri: https://gizmoj9.fhcrc.org:35725/api/workflows/v1/32edd44c-b604-4a1a-a9d3-dc36d5611810/metadata?includeKey=status&includeKey=failures&includeKey=jobId
  response:
    body:
      string: '{"status":"Submitted","calls":{},"id":"32edd44c-b604-4a1a-a9d3-dc36d5611810"}'
    headers:
      Connection:
      - keep-alive
      Content-Type:
      - application/json
      Date:
      - Sun, 28 Dec 2025 04:28:56 GMT
      Server:
      - nginx/1.25.3
      Transfer-Encoding:
      - chunked
      content-length:
      - '77'
    status:
      code: 200
      message: OK
- request:
    body: ''
    headers:
      Accept:
      - '*/*'
      Accept-Encoding:
      - gzip, deflate
      Connection:
      - keep-alive
      Host:
      - gizmoj9.fhcrc.org:35725
      User-Agent:
      - python-httpx/0.28.1
    method: GET
    uri: https://gizmoj9.fhcrc.org:35725/api/workflows/v1/32edd44c-b604-4a1a-a9d3-dc36d5611810/metadata?includeKey=status&includeKey=failures&includeKey=jobId
  response:
    body:
      string: '{"status":"Submitted","calls":{},"id":"32edd44c-b604-4a1a-a9d3-dc36d5611810"}'
    headers:
      Connection:
      - keep-alive
      Content-Type:
      - application/json
      Date:
      - Sun, 28 Dec 2025 04:29:01 GMT
      Server:
      - nginx/1.25.3
      Transfer-Encoding:
      - chunked
      content-length:
      - '77'
    status:
      code: 200
      message: OK
- request:
    body: ''
    headers:
      Accept:
      - '*/*'
      Accept-Encoding:
      - gzip, deflate
      Connection:
      - keep-alive
      Host:
      - gizmoj9.fhcrc.org:35725
      User-Agent:
      - python-httpx/0.28.1
    method: GET
    uri: https://gizmoj9.fhcrc.org:35725/api/workflows/v1/32edd44c-b604-4a1a-a9d3-dc36d5611810/metadata?includeKey=status&includeKey=failures&includeKey=jobId
  response:
    body:
      string: '{"status":"Submitted","calls":{},"id":"32edd44c-b604-4a1a-a9d3-dc36d5611810"}'
    headers:
      Connection:
      - keep-alive
      Content-Type:
      - application/json
      Date:
      - Sun, 28 Dec 2025 04:29:06 GMT
      Server:
      - nginx/1.25.3
      Transfer-Encoding:
      - chunked
      content-length:
      - '77'
    status:
      code: 200
      message: OK
- request:
    body: ''
    headers:
      Accept:
      - '*/*'
      Accept-Encoding:
      - gzip, deflate
      Connection:
      - keep-alive
      Host:
      - gizmoj9.fhcrc.org:35725
      User-Agent:
      - python-httpx/0.28.1
    method: GET
    uri: https://gizmoj9.fhcrc.org:35725/api/workflows/v1/32edd44c-b604-4a1a-a9d3-dc36d5611810/metadata?includeKey=status&includeKey=failures&includeKey=jobId
  response:
    body:
      string: '{"status":"Submitted","calls":{},"id":"32edd44c-b604-4a1a-a9d3-dc36d5611810"}'
    headers:
      Connection:
      - keep-alive
      Content-Type:
      - application/json
      Date:
      - Sun, 28 Dec 2025 04:29:11 GMT
      Server:
      - nginx/1.25.3
      Transfer-Encoding:
      - chunked
      content-length:
      - '77'
    status:
      code: 200
      message: OK
- request:
    body: ''
    headers:
      Accept:
      - '*/*'
      Accept-Encoding:
      - gzip, deflate
      Connection:
      - keep-alive
      Host:
      - gizmoj9.fhcrc.org:35725
      User-Agent:
      - python-httpx/0.28.1
    method: GET
    uri: https://gizmoj9.fhcrc.org:35725/api/workflows/v1/32edd44c-b604-4a1a-a9d3-dc36d5611810/metadata?includeKey=status&includeKey=failures&includeKey=jobId
  response:
    body:
      string: '{"status":"Submitted","calls":{},"id":"32edd44c-b604-4a1a-a9d3-dc36d5611810"}'
    headers:
      Connection:
      - keep-alive
      Content-Type:
      - application/json
      Date:
      - Sun, 28 Dec 2025 04:29:16 GMT
      Server:
      - nginx/1.25.3
      Transfer-Encoding:
      - chunked
      content-length:
      - '77'
    status:
      code: 200
      message: OK
- request:
    body: ''
    headers:
      Accept:
      - '*/*'
      Accept-Encoding:
      - gzip, deflate
      Connection:
      - keep-alive
      Host:
      - gizmoj9.fhcrc.org:35725
      User-Agent:
      - python-httpx/0.28.1
    method: GET
    uri: https://gizmoj9.fhcrc.org:35725/api/workflows/v1/32edd44c-b604-4a1a-a9d3-dc36d5611810/metadata?includeKey=status&includeKey=failures&includeKey=jobId
  response:
    body:
      string: '{"status":"Submitted","calls":{},"id":"32edd44c-b604-4a1a-a9d3-dc36d5611810"}'
    headers:
      Connection:
      - keep-alive
      Content-Type:
      - application/json
      Date:
      - Sun, 28 Dec 2025 04:29:21 GMT
      Server:
      - nginx/1.25.3
      Transfer-Encoding:
      - chunked
      content-length:
      - '77'
    status:
      code: 200
      message: OK
- request:
    body: ''
    headers:
      Accept:
      - '*/*'
      Accept-Encoding:
      - gzip, deflate
      Connection:
      - keep-alive
      Host:
      - gizmoj9.fhcrc.org:35725
      User-Agent:
      - python-httpx/0.28.1
    method: GET
    uri: https://gizmoj9.fhcrc.org:35725/api/workflows/v1/32edd44c-b604-4a1a-a9d3-dc36d5611810/metadata?includeKey=status&includeKey=failures&includeKey=jobId
  response:
    body:
      string: '{"status":"Submitted","calls":{},"id":"32edd44c-b604-4a1a-a9d3-dc36d5611810"}'
    headers:
      Connection:
      - keep-alive
      Content-Type:
      - application/json
      Date:
      - Sun, 28 Dec 2025 04:29:26 GMT
      Server:
      - nginx/1.25.3
      Transfer-Encoding:
      - chunked
      content-length:
      - '77'
    status:
      code: 200
      message: OK
- request:
    body: ''
    headers:
      Accept:
      - '*/*'
      Accept-Encoding:
      - gzip, deflate
      Connection:
      - keep-alive
      Host:
      - gizmoj9.fhcrc.org:35725
      User-Agent:
      - python-httpx/0.28.1
    method: GET
    uri: https://gizmoj9.fhcrc.org:35725/api/workflows/v1/32edd44c-b604-4a1a-a9d3-dc36d5611810/metadata?includeKey=status&includeKey=failures&includeKey=jobId
  response:
    body:
      string: '{"status":"Submitted","calls":{},"id":"32edd44c-b604-4a1a-a9d3-dc36d5611810"}'
    headers:
      Connection:
      - keep-alive
      Content-Type:
      - application/json
      Date:
      - Sun, 28 Dec 2025 04:29:31 GMT
      Server:
      - nginx/1.25.3
      Transfer-Encoding:
      - chunked
      content-length:
      - '77'
    status:
      code: 200
      message: OK
- request:
    body: ''
    headers:
      Accept:
      - '*/*'
      Accept-Encoding:
      - gzip, deflate
      Connection:
      - keep-alive
      Host:
      - gizmoj9.fhcrc.org:35725
      User-Agent:
      - python-httpx/0.28.1
    method: GET
    uri: https://gizmoj9.fhcrc.org:35725/api/workflows/v1/32edd44c-b604-4a1a-a9d3-dc36d5611810/metadata?includeKey=status&includeKey=failures&includeKey=jobId
  response:
    body:
      string: '{"status":"Submitted","calls":{},"id":"32edd44c-b604-4a1a-a9d3-dc36d5611810"}'
    headers:
      Connection:
      - keep-alive
      Content-Type:
      - application/json
      Date:
      - Sun, 28 Dec 2025 04:29:36 GMT
      Server:
      - nginx/1.25.3
      Transfer-Encoding:
      - chunked
      content-length:
      - '77'
    status:
      code: 200
      message: OK
- request:
    body: ''
    headers:
      Accept:
      - '*/*'
      Accept-Encoding:
      - gzip, deflate
      Connection:
      - keep-alive
      Host:
      - gizmoj9.fhcrc.org:35725
      User-Agent:
      - python-httpx/0.28.1
    method: GET
    uri: https://gizmoj9.fhcrc.org:35725/api/workflows/v1/32edd44c-b604-4a1a-a9d3-dc36d5611810/metadata?includeKey=status&includeKey=failures&includeKey=jobId
  response:
    body:
      string: '{"status":"Submitted","calls":{},"id":"32edd44c-b604-4a1a-a9d3-dc36d5611810"}'
    headers:
      Connection:
      - keep-alive
      Content-Type:
      - application/json
      Date:
      - Sun, 28 Dec 2025 04:29:41 GMT
      Server:
      - nginx/1.25.3
      Transfer-Encoding:
      - chunked
      content-length:
      - '77'
    status:
      code: 200
      message: OK
- request:
    body: ''
    headers:
      Accept:
      - '*/*'
      Accept-Encoding:
      - gzip, deflate
      Connection:
      - keep-alive
      Host:
      - gizmoj9.fhcrc.org:35725
      User-Agent:
      - python-httpx/0.28.1
    method: GET
    uri: https://gizmoj9.fhcrc.org:35725/api/workflows/v1/32edd44c-b604-4a1a-a9d3-dc36d5611810/metadata?includeKey=status&includeKey=failures&includeKey=jobId
  response:
    body:
      string: '{"status":"Submitted","calls":{},"id":"32edd44c-b604-4a1a-a9d3-dc36d5611810"}'
    headers:
      Connection:
      - keep-alive
      Content-Type:
      - application/json
      Date:
      - Sun, 28 Dec 2025 04:29:46 GMT
      Server:
      - nginx/1.25.3
      Transfer-Encoding:
      - chunked
      content-length:
      - '77'
    status:
      code: 200
      message: OK
- request:
    body: ''
    headers:
      Accept:
      - '*/*'
      Accept-Encoding:
      - gzip, deflate
      Connection:
      - keep-alive
      Host:
      - gizmoj9.fhcrc.org:35725
      User-Agent:
      - python-httpx/0.28.1
    method: GET
    uri: https://gizmoj9.fhcrc.org:35725/api/workflows/v1/32edd44c-b604-4a1a-a9d3-dc36d5611810/metadata?includeKey=status&includeKey=failures&includeKey=jobId
  response:
    body:
      string: '{"status":"Submitted","calls":{},"id":"32edd44c-b604-4a1a-a9d3-dc36d5611810"}'
    headers:
      Connection:
      - keep-alive
      Content-Type:
      - application/json
      Date:
      - Sun, 28 Dec 2025 04:29:51 GMT
      Server:
      - nginx/1.25.3
      Transfer-Encoding:
      - chunked
      content-length:
      - '77'
    status:
      code: 200
      message: OK
- request:
    body: ''
    headers:
      Accept:
      - '*/*'
      Accept-Encoding:
      - gzip, deflate
      Connection:
      - keep-alive
      Host:
      - gizmoj9.fhcrc.org:35725
      User-Agent:
      - python-httpx/0.28.1
    method: GET
    uri: https://gizmoj9.fhcrc.org:35725/api/workflows/v1/32edd44c-b604-4a1a-a9d3-dc36d5611810/metadata?includeKey=status&includeKey=failures&includeKey=jobId
  response:
    body:
      string: '{"status":"Submitted","calls":{},"id":"32edd44c-b604-4a1a-a9d3-dc36d5611810"}'
    headers:
      Connection:
      - keep-alive
      Content-Type:
      - application/json
      Date:
      - Sun, 28 Dec 2025 04:29:56 GMT
      Server:
      - nginx/1.25.3
      Transfer-Encoding:
      - chunked
      content-length:
      - '77'
    status:
      code: 200
      message: OK
- request:
    body: ''
    headers:
      Accept:
      - '*/*'
      Accept-Encoding:
      - gzip, deflate
      Connection:
      - keep-alive
      Host:
      - gizmoj9.fhcrc.org:35725
      User-Agent:
      - python-httpx/0.28.1
    method: GET
    uri: https://gizmoj9.fhcrc.org:35725/api/workflows/v1/32edd44c-b604-4a1a-a9d3-dc36d5611810/metadata?includeKey=status&includeKey=failures&includeKey=jobId
  response:
    body:
      string: '{"status":"Submitted","calls":{},"id":"32edd44c-b604-4a1a-a9d3-dc36d5611810"}'
    headers:
      Connection:
      - keep-alive
      Content-Type:
      - application/json
      Date:
      - Sun, 28 Dec 2025 04:30:01 GMT
      Server:
      - nginx/1.25.3
      Transfer-Encoding:
      - chunked
      content-length:
      - '77'
    status:
      code: 200
      message: OK
- request:
    body: ''
    headers:
      Accept:
      - '*/*'
      Accept-Encoding:
      - gzip, deflate
      Connection:
      - keep-alive
      Host:
      - gizmoj9.fhcrc.org:35725
      User-Agent:
      - python-httpx/0.28.1
    method: GET
    uri: https://gizmoj9.fhcrc.org:35725/api/workflows/v1/32edd44c-b604-4a1a-a9d3-dc36d5611810/metadata?includeKey=status&includeKey=failures&includeKey=jobId
  response:
    body:
      string: '{"status":"Submitted","calls":{},"id":"32edd44c-b604-4a1a-a9d3-dc36d5611810"}'
    headers:
      Connection:
      - keep-alive
      Content-Type:
      - application/json
      Date:
      - Sun, 28 Dec 2025 04:30:06 GMT
      Server:
      - nginx/1.25.3
      Transfer-Encoding:
      - chunked
      content-length:
      - '77'
    status:
      code: 200
      message: OK
- request:
    body: ''
    headers:
      Accept:
      - '*/*'
      Accept-Encoding:
      - gzip, deflate
      Connection:
      - keep-alive
      Host:
      - gizmoj9.fhcrc.org:35725
      User-Agent:
      - python-httpx/0.28.1
    method: GET
    uri: https://gizmoj9.fhcrc.org:35725/api/workflows/v1/32edd44c-b604-4a1a-a9d3-dc36d5611810/metadata?includeKey=status&includeKey=failures&includeKey=jobId
  response:
    body:
      string: '{"status":"Submitted","calls":{},"id":"32edd44c-b604-4a1a-a9d3-dc36d5611810"}'
    headers:
      Connection:
      - keep-alive
      Content-Type:
      - application/json
      Date:
      - Sun, 28 Dec 2025 04:30:11 GMT
      Server:
      - nginx/1.25.3
      Transfer-Encoding:
      - chunked
      content-length:
      - '77'
    status:
      code: 200
      message: OK
- request:
    body: ''
    headers:
      Accept:
      - '*/*'
      Accept-Encoding:
      - gzip, deflate
      Connection:
      - keep-alive
      Host:
      - gizmoj9.fhcrc.org:35725
      User-Agent:
      - python-httpx/0.28.1
    method: GET
    uri: https://gizmoj9.fhcrc.org:35725/api/workflows/v1/32edd44c-b604-4a1a-a9d3-dc36d5611810/metadata?includeKey=status&includeKey=failures&includeKey=jobId
  response:
    body:
      string: '{"status":"Submitted","calls":{},"id":"32edd44c-b604-4a1a-a9d3-dc36d5611810"}'
    headers:
      Connection:
      - keep-alive
      Content-Type:
      - application/json
      Date:
      - Sun, 28 Dec 2025 04:30:16 GMT
      Server:
      - nginx/1.25.3
      Transfer-Encoding:
      - chunked
      content-length:
      - '77'
    status:
      code: 200
      message: OK
- request:
    body: ''
    headers:
      Accept:
      - '*/*'
      Accept-Encoding:
      - gzip, deflate
      Connection:
      - keep-alive
      Host:
      - gizmoj9.fhcrc.org:35725
      User-Agent:
      - python-httpx/0.28.1
    method: GET
    uri: https://gizmoj9.fhcrc.org:35725/api/workflows/v1/32edd44c-b604-4a1a-a9d3-dc36d5611810/metadata?includeKey=status&includeKey=failures&includeKey=jobId
  response:
    body:
      string: '{"status":"Submitted","calls":{},"id":"32edd44c-b604-4a1a-a9d3-dc36d5611810"}'
    headers:
      Connection:
      - keep-alive
      Content-Type:
      - application/json
      Date:
      - Sun, 28 Dec 2025 04:30:21 GMT
      Server:
      - nginx/1.25.3
      Transfer-Encoding:
      - chunked
      content-length:
      - '77'
    status:
      code: 200
      message: OK
- request:
    body: ''
    headers:
      Accept:
      - '*/*'
      Accept-Encoding:
      - gzip, deflate
      Connection:
      - keep-alive
      Host:
      - gizmoj9.fhcrc.org:35725
      User-Agent:
      - python-httpx/0.28.1
    method: GET
    uri: https://gizmoj9.fhcrc.org:35725/api/workflows/v1/32edd44c-b604-4a1a-a9d3-dc36d5611810/metadata?includeKey=status&includeKey=failures&includeKey=jobId
  response:
    body:
      string: '{"status":"Submitted","calls":{},"id":"32edd44c-b604-4a1a-a9d3-dc36d5611810"}'
    headers:
      Connection:
      - keep-alive
      Content-Type:
      - application/json
      Date:
      - Sun, 28 Dec 2025 04:30:27 GMT
      Server:
      - nginx/1.25.3
      Transfer-Encoding:
      - chunked
      content-length:
      - '77'
    status:
      code: 200
      message: OK
- request:
    body: ''
    headers:
      Accept:
      - '*/*'
      Accept-Encoding:
      - gzip, deflate
      Connection:
      - keep-alive
      Host:
      - gizmoj9.fhcrc.org:35725
      User-Agent:
      - python-httpx/0.28.1
    method: GET
    uri: https://gizmoj9.fhcrc.org:35725/api/workflows/v1/32edd44c-b604-4a1a-a9d3-dc36d5611810/metadata?includeKey=status&includeKey=failures&includeKey=jobId
  response:
    body:
      string: '{"status":"Submitted","calls":{},"id":"32edd44c-b604-4a1a-a9d3-dc36d5611810"}'
    headers:
      Connection:
      - keep-alive
      Content-Type:
      - application/json
      Date:
      - Sun, 28 Dec 2025 04:30:32 GMT
      Server:
      - nginx/1.25.3
      Transfer-Encoding:
      - chunked
      content-length:
      - '77'
    status:
      code: 200
      message: OK
- request:
    body: ''
    headers:
      Accept:
      - '*/*'
      Accept-Encoding:
      - gzip, deflate
      Connection:
      - keep-alive
      Host:
      - gizmoj9.fhcrc.org:35725
      User-Agent:
      - python-httpx/0.28.1
    method: GET
    uri: https://gizmoj9.fhcrc.org:35725/api/workflows/v1/32edd44c-b604-4a1a-a9d3-dc36d5611810/metadata?includeKey=status&includeKey=failures&includeKey=jobId
  response:
    body:
      string: '{"status":"Submitted","calls":{},"id":"32edd44c-b604-4a1a-a9d3-dc36d5611810"}'
    headers:
      Connection:
      - keep-alive
      Content-Type:
      - application/json
      Date:
      - Sun, 28 Dec 2025 04:30:37 GMT
      Server:
      - nginx/1.25.3
      Transfer-Encoding:
      - chunked
      content-length:
      - '77'
    status:
      code: 200
      message: OK
- request:
    body: ''
    headers:
      Accept:
      - '*/*'
      Accept-Encoding:
      - gzip, deflate
      Connection:
      - keep-alive
      Host:
      - gizmoj9.fhcrc.org:35725
      User-Agent:
      - python-httpx/0.28.1
    method: GET
    uri: https://gizmoj9.fhcrc.org:35725/api/workflows/v1/32edd44c-b604-4a1a-a9d3-dc36d5611810/metadata?includeKey=status&includeKey=failures&includeKey=jobId
  response:
    body:
      string: '{"status":"Submitted","calls":{},"id":"32edd44c-b604-4a1a-a9d3-dc36d5611810"}'
    headers:
      Connection:
      - keep-alive
      Content-Type:
      - application/json
      Date:
      - Sun, 28 Dec 2025 04:30:42 GMT
      Server:
      - nginx/1.25.3
      Transfer-Encoding:
      - chunked
      content-length:
      - '77'
    status:
      code: 200
      message: OK
- request:
    body: ''
    headers:
      Accept:
      - '*/*'
      Accept-Encoding:
      - gzip, deflate
      Connection:
      - keep-alive
      Host:
      - gizmoj9.fhcrc.org:35725
      User-Agent:
      - python-httpx/0.28.1
    method: GET
    uri: https://gizmoj9.fhcrc.org:35725/api/workflows/v1/32edd44c-b604-4a1a-a9d3-dc36d5611810/metadata?includeKey=status&includeKey=failures&includeKey=jobId
  response:
    body:
      string: '{"status":"Submitted","calls":{},"id":"32edd44c-b604-4a1a-a9d3-dc36d5611810"}'
    headers:
      Connection:
      - keep-alive
      Content-Type:
      - application/json
      Date:
      - Sun, 28 Dec 2025 04:30:47 GMT
      Server:
      - nginx/1.25.3
      Transfer-Encoding:
      - chunked
      content-length:
      - '77'
    status:
      code: 200
      message: OK
- request:
    body: ''
    headers:
      Accept:
      - '*/*'
      Accept-Encoding:
      - gzip, deflate
      Connection:
      - keep-alive
      Host:
      - gizmoj9.fhcrc.org:35725
      User-Agent:
      - python-httpx/0.28.1
    method: GET
    uri: https://gizmoj9.fhcrc.org:35725/api/workflows/v1/32edd44c-b604-4a1a-a9d3-dc36d5611810/metadata?includeKey=status&includeKey=failures&includeKey=jobId
  response:
    body:
      string: '{"status":"Submitted","calls":{},"id":"32edd44c-b604-4a1a-a9d3-dc36d5611810"}'
    headers:
      Connection:
      - keep-alive
      Content-Type:
      - application/json
      Date:
      - Sun, 28 Dec 2025 04:30:52 GMT
      Server:
      - nginx/1.25.3
      Transfer-Encoding:
      - chunked
      content-length:
      - '77'
    status:
      code: 200
      message: OK
- request:
    body: ''
    headers:
      Accept:
      - '*/*'
      Accept-Encoding:
      - gzip, deflate
      Connection:
      - keep-alive
      Host:
      - gizmoj9.fhcrc.org:35725
      User-Agent:
      - python-httpx/0.28.1
    method: GET
    uri: https://gizmoj9.fhcrc.org:35725/api/workflows/v1/32edd44c-b604-4a1a-a9d3-dc36d5611810/metadata?includeKey=status&includeKey=failures&includeKey=jobId
  response:
    body:
      string: '{"status":"Submitted","calls":{},"id":"32edd44c-b604-4a1a-a9d3-dc36d5611810"}'
    headers:
      Connection:
      - keep-alive
      Content-Type:
      - application/json
      Date:
      - Sun, 28 Dec 2025 04:30:57 GMT
      Server:
      - nginx/1.25.3
      Transfer-Encoding:
      - chunked
      content-length:
      - '77'
    status:
      code: 200
      message: OK
- request:
    body: ''
    headers:
      Accept:
      - '*/*'
      Accept-Encoding:
      - gzip, deflate
      Connection:
      - keep-alive
      Host:
      - gizmoj9.fhcrc.org:35725
      User-Agent:
      - python-httpx/0.28.1
    method: GET
    uri: https://gizmoj9.fhcrc.org:35725/api/workflows/v1/32edd44c-b604-4a1a-a9d3-dc36d5611810/metadata?includeKey=status&includeKey=failures&includeKey=jobId
  response:
    body:
      string: '{"status":"Submitted","calls":{},"id":"32edd44c-b604-4a1a-a9d3-dc36d5611810"}'
    headers:
      Connection:
      - keep-alive
      Content-Type:
      - application/json
      Date:
      - Sun, 28 Dec 2025 04:31:02 GMT
      Server:
      - nginx/1.25.3
      Transfer-Encoding:
      - chunked
      content-length:
      - '77'
    status:
      code: 200
      message: OK
- request:
    body: ''
    headers:
      Accept:
      - '*/*'
      Accept-Encoding:
      - gzip, deflate
      Connection:
      - keep-alive
      Host:
      - gizmoj9.fhcrc.org:35725
      User-Agent:
      - python-httpx/0.28.1
    method: GET
    uri: https://gizmoj9.fhcrc.org:35725/api/workflows/v1/32edd44c-b604-4a1a-a9d3-dc36d5611810/metadata?includeKey=status&includeKey=failures&includeKey=jobId
  response:
    body:
      string: '{"status":"Submitted","calls":{},"id":"32edd44c-b604-4a1a-a9d3-dc36d5611810"}'
    headers:
      Connection:
      - keep-alive
      Content-Type:
      - application/json
      Date:
      - Sun, 28 Dec 2025 04:31:07 GMT
      Server:
      - nginx/1.25.3
      Transfer-Encoding:
      - chunked
      content-length:
      - '77'
    status:
      code: 200
      message: OK
- request:
    body: ''
    headers:
      Accept:
      - '*/*'
      Accept-Encoding:
      - gzip, deflate
      Connection:
      - keep-alive
      Host:
      - gizmoj9.fhcrc.org:35725
      User-Agent:
      - python-httpx/0.28.1
    method: GET
    uri: https://gizmoj9.fhcrc.org:35725/api/workflows/v1/32edd44c-b604-4a1a-a9d3-dc36d5611810/metadata?includeKey=status&includeKey=failures&includeKey=jobId
  response:
    body:
      string: '{"status":"Submitted","calls":{},"id":"32edd44c-b604-4a1a-a9d3-dc36d5611810"}'
    headers:
      Connection:
      - keep-alive
      Content-Type:
      - application/json
      Date:
      - Sun, 28 Dec 2025 04:31:12 GMT
      Server:
      - nginx/1.25.3
      Transfer-Encoding:
      - chunked
      content-length:
      - '77'
    status:
      code: 200
      message: OK
- request:
    body: ''
    headers:
      Accept:
      - '*/*'
      Accept-Encoding:
      - gzip, deflate
      Connection:
      - keep-alive
      Host:
      - gizmoj9.fhcrc.org:35725
      User-Agent:
      - python-httpx/0.28.1
    method: GET
    uri: https://gizmoj9.fhcrc.org:35725/api/workflows/v1/32edd44c-b604-4a1a-a9d3-dc36d5611810/metadata?includeKey=status&includeKey=failures&includeKey=jobId
  response:
    body:
      string: '{"status":"Submitted","calls":{},"id":"32edd44c-b604-4a1a-a9d3-dc36d5611810"}'
    headers:
      Connection:
      - keep-alive
      Content-Type:
      - application/json
      Date:
      - Sun, 28 Dec 2025 04:31:17 GMT
      Server:
      - nginx/1.25.3
      Transfer-Encoding:
      - chunked
      content-length:
      - '77'
    status:
      code: 200
      message: OK
- request:
    body: ''
    headers:
      Accept:
      - '*/*'
      Accept-Encoding:
      - gzip, deflate
      Connection:
      - keep-alive
      Host:
      - gizmoj9.fhcrc.org:35725
      User-Agent:
      - python-httpx/0.28.1
    method: GET
    uri: https://gizmoj9.fhcrc.org:35725/api/workflows/v1/32edd44c-b604-4a1a-a9d3-dc36d5611810/metadata?includeKey=status&includeKey=failures&includeKey=jobId
  response:
    body:
      string: '{"status":"Submitted","calls":{},"id":"32edd44c-b604-4a1a-a9d3-dc36d5611810"}'
    headers:
      Connection:
      - keep-alive
      Content-Type:
      - application/json
      Date:
      - Sun, 28 Dec 2025 04:31:22 GMT
      Server:
      - nginx/1.25.3
      Transfer-Encoding:
      - chunked
      content-length:
      - '77'
    status:
      code: 200
      message: OK
- request:
    body: ''
    headers:
      Accept:
      - '*/*'
      Accept-Encoding:
      - gzip, deflate
      Connection:
      - keep-alive
      Host:
      - gizmoj9.fhcrc.org:35725
      User-Agent:
      - python-httpx/0.28.1
    method: GET
    uri: https://gizmoj9.fhcrc.org:35725/api/workflows/v1/32edd44c-b604-4a1a-a9d3-dc36d5611810/metadata?includeKey=status&includeKey=failures&includeKey=jobId
  response:
    body:
      string: '{"status":"Submitted","calls":{},"id":"32edd44c-b604-4a1a-a9d3-dc36d5611810"}'
    headers:
      Connection:
      - keep-alive
      Content-Type:
      - application/json
      Date:
      - Sun, 28 Dec 2025 04:31:27 GMT
      Server:
      - nginx/1.25.3
      Transfer-Encoding:
      - chunked
      content-length:
      - '77'
    status:
      code: 200
      message: OK
- request:
    body: ''
    headers:
      Accept:
      - '*/*'
      Accept-Encoding:
      - gzip, deflate
      Connection:
      - keep-alive
      Host:
      - gizmoj9.fhcrc.org:35725
      User-Agent:
      - python-httpx/0.28.1
    method: GET
    uri: https://gizmoj9.fhcrc.org:35725/api/workflows/v1/32edd44c-b604-4a1a-a9d3-dc36d5611810/metadata?includeKey=status&includeKey=failures&includeKey=jobId
  response:
    body:
      string: '{"status":"Submitted","calls":{},"id":"32edd44c-b604-4a1a-a9d3-dc36d5611810"}'
    headers:
      Connection:
      - keep-alive
      Content-Type:
      - application/json
      Date:
      - Sun, 28 Dec 2025 04:31:32 GMT
      Server:
      - nginx/1.25.3
      Transfer-Encoding:
      - chunked
      content-length:
      - '77'
    status:
      code: 200
      message: OK
- request:
    body: ''
    headers:
      Accept:
      - '*/*'
      Accept-Encoding:
      - gzip, deflate
      Connection:
      - keep-alive
      Host:
      - gizmoj9.fhcrc.org:35725
      User-Agent:
      - python-httpx/0.28.1
    method: GET
    uri: https://gizmoj9.fhcrc.org:35725/api/workflows/v1/32edd44c-b604-4a1a-a9d3-dc36d5611810/metadata?includeKey=status&includeKey=failures&includeKey=jobId
  response:
    body:
      string: '{"status":"Submitted","calls":{},"id":"32edd44c-b604-4a1a-a9d3-dc36d5611810"}'
    headers:
      Connection:
      - keep-alive
      Content-Type:
      - application/json
      Date:
      - Sun, 28 Dec 2025 04:31:37 GMT
      Server:
      - nginx/1.25.3
      Transfer-Encoding:
      - chunked
      content-length:
      - '77'
    status:
      code: 200
      message: OK
- request:
    body: ''
    headers:
      Accept:
      - '*/*'
      Accept-Encoding:
      - gzip, deflate
      Connection:
      - keep-alive
      Host:
      - gizmoj9.fhcrc.org:35725
      User-Agent:
      - python-httpx/0.28.1
    method: GET
    uri: https://gizmoj9.fhcrc.org:35725/api/workflows/v1/32edd44c-b604-4a1a-a9d3-dc36d5611810/metadata?includeKey=status&includeKey=failures&includeKey=jobId
  response:
    body:
      string: '{"status":"Submitted","calls":{},"id":"32edd44c-b604-4a1a-a9d3-dc36d5611810"}'
    headers:
      Connection:
      - keep-alive
      Content-Type:
      - application/json
      Date:
      - Sun, 28 Dec 2025 04:31:42 GMT
      Server:
      - nginx/1.25.3
      Transfer-Encoding:
      - chunked
      content-length:
      - '77'
    status:
      code: 200
      message: OK
- request:
    body: ''
    headers:
      Accept:
      - '*/*'
      Accept-Encoding:
      - gzip, deflate
      Connection:
      - keep-alive
      Host:
      - gizmoj9.fhcrc.org:35725
      User-Agent:
      - python-httpx/0.28.1
    method: GET
    uri: https://gizmoj9.fhcrc.org:35725/api/workflows/v1/32edd44c-b604-4a1a-a9d3-dc36d5611810/metadata?includeKey=status&includeKey=failures&includeKey=jobId
  response:
    body:
      string: '{"status":"Submitted","calls":{},"id":"32edd44c-b604-4a1a-a9d3-dc36d5611810"}'
    headers:
      Connection:
      - keep-alive
      Content-Type:
      - application/json
      Date:
      - Sun, 28 Dec 2025 04:31:47 GMT
      Server:
      - nginx/1.25.3
      Transfer-Encoding:
      - chunked
      content-length:
      - '77'
    status:
      code: 200
      message: OK
- request:
    body: ''
    headers:
      Accept:
      - '*/*'
      Accept-Encoding:
      - gzip, deflate
      Connection:
      - keep-alive
      Host:
      - gizmoj9.fhcrc.org:35725
      User-Agent:
      - python-httpx/0.28.1
    method: GET
    uri: https://gizmoj9.fhcrc.org:35725/api/workflows/v1/32edd44c-b604-4a1a-a9d3-dc36d5611810/metadata?includeKey=status&includeKey=failures&includeKey=jobId
  response:
    body:
      string: '{"status":"Submitted","calls":{},"id":"32edd44c-b604-4a1a-a9d3-dc36d5611810"}'
    headers:
      Connection:
      - keep-alive
      Content-Type:
      - application/json
      Date:
      - Sun, 28 Dec 2025 04:31:53 GMT
      Server:
      - nginx/1.25.3
      Transfer-Encoding:
      - chunked
      content-length:
      - '77'
    status:
      code: 200
      message: OK
- request:
    body: ''
    headers:
      Accept:
      - '*/*'
      Accept-Encoding:
      - gzip, deflate
      Connection:
      - keep-alive
      Host:
      - gizmoj9.fhcrc.org:35725
      User-Agent:
      - python-httpx/0.28.1
    method: GET
    uri: https://gizmoj9.fhcrc.org:35725/api/workflows/v1/32edd44c-b604-4a1a-a9d3-dc36d5611810/metadata?includeKey=status&includeKey=failures&includeKey=jobId
  response:
    body:
      string: '{"status":"Submitted","calls":{},"id":"32edd44c-b604-4a1a-a9d3-dc36d5611810"}'
    headers:
      Connection:
      - keep-alive
      Content-Type:
      - application/json
      Date:
      - Sun, 28 Dec 2025 04:31:58 GMT
      Server:
      - nginx/1.25.3
      Transfer-Encoding:
      - chunked
      content-length:
      - '77'
    status:
      code: 200
      message: OK
- request:
    body: ''
    headers:
      Accept:
      - '*/*'
      Accept-Encoding:
      - gzip, deflate
      Connection:
      - keep-alive
      Host:
      - gizmoj9.fhcrc.org:35725
      User-Agent:
      - python-httpx/0.28.1
    method: GET
    uri: https://gizmoj9.fhcrc.org:35725/api/workflows/v1/32edd44c-b604-4a1a-a9d3-dc36d5611810/metadata?includeKey=status&includeKey=failures&includeKey=jobId
  response:
    body:
      string: '{"status":"Submitted","calls":{},"id":"32edd44c-b604-4a1a-a9d3-dc36d5611810"}'
    headers:
      Connection:
      - keep-alive
      Content-Type:
      - application/json
      Date:
      - Sun, 28 Dec 2025 04:32:03 GMT
      Server:
      - nginx/1.25.3
      Transfer-Encoding:
      - chunked
      content-length:
      - '77'
    status:
      code: 200
      message: OK
- request:
    body: ''
    headers:
      Accept:
      - '*/*'
      Accept-Encoding:
      - gzip, deflate
      Connection:
      - keep-alive
      Host:
      - gizmoj9.fhcrc.org:35725
      User-Agent:
      - python-httpx/0.28.1
    method: GET
    uri: https://gizmoj9.fhcrc.org:35725/api/workflows/v1/32edd44c-b604-4a1a-a9d3-dc36d5611810/metadata?includeKey=status&includeKey=failures&includeKey=jobId
  response:
    body:
      string: '{"status":"Submitted","calls":{},"id":"32edd44c-b604-4a1a-a9d3-dc36d5611810"}'
    headers:
      Connection:
      - keep-alive
      Content-Type:
      - application/json
      Date:
      - Sun, 28 Dec 2025 04:32:08 GMT
      Server:
      - nginx/1.25.3
      Transfer-Encoding:
      - chunked
      content-length:
      - '77'
    status:
      code: 200
      message: OK
- request:
    body: ''
    headers:
      Accept:
      - '*/*'
      Accept-Encoding:
      - gzip, deflate
      Connection:
      - keep-alive
      Host:
      - gizmoj9.fhcrc.org:35725
      User-Agent:
      - python-httpx/0.28.1
    method: GET
    uri: https://gizmoj9.fhcrc.org:35725/api/workflows/v1/32edd44c-b604-4a1a-a9d3-dc36d5611810/metadata?includeKey=status&includeKey=failures&includeKey=jobId
  response:
    body:
      string: '{"status":"Submitted","calls":{},"id":"32edd44c-b604-4a1a-a9d3-dc36d5611810"}'
    headers:
      Connection:
      - keep-alive
      Content-Type:
      - application/json
      Date:
      - Sun, 28 Dec 2025 04:32:13 GMT
      Server:
      - nginx/1.25.3
      Transfer-Encoding:
      - chunked
      content-length:
      - '77'
    status:
      code: 200
      message: OK
- request:
    body: ''
    headers:
      Accept:
      - '*/*'
      Accept-Encoding:
      - gzip, deflate
      Connection:
      - keep-alive
      Host:
      - gizmoj9.fhcrc.org:35725
      User-Agent:
      - python-httpx/0.28.1
    method: GET
    uri: https://gizmoj9.fhcrc.org:35725/api/workflows/v1/32edd44c-b604-4a1a-a9d3-dc36d5611810/metadata?includeKey=status&includeKey=failures&includeKey=jobId
  response:
    body:
      string: '{"status":"Submitted","calls":{},"id":"32edd44c-b604-4a1a-a9d3-dc36d5611810"}'
    headers:
      Connection:
      - keep-alive
      Content-Type:
      - application/json
      Date:
      - Sun, 28 Dec 2025 04:32:18 GMT
      Server:
      - nginx/1.25.3
      Transfer-Encoding:
      - chunked
      content-length:
      - '77'
    status:
      code: 200
      message: OK
- request:
    body: ''
    headers:
      Accept:
      - '*/*'
      Accept-Encoding:
      - gzip, deflate
      Connection:
      - keep-alive
      Host:
      - gizmoj9.fhcrc.org:35725
      User-Agent:
      - python-httpx/0.28.1
    method: GET
    uri: https://gizmoj9.fhcrc.org:35725/api/workflows/v1/32edd44c-b604-4a1a-a9d3-dc36d5611810/metadata?includeKey=status&includeKey=failures&includeKey=jobId
  response:
    body:
      string: '{"status":"Submitted","calls":{},"id":"32edd44c-b604-4a1a-a9d3-dc36d5611810"}'
    headers:
      Connection:
      - keep-alive
      Content-Type:
      - application/json
      Date:
      - Sun, 28 Dec 2025 04:32:23 GMT
      Server:
      - nginx/1.25.3
      Transfer-Encoding:
      - chunked
      content-length:
      - '77'
    status:
      code: 200
      message: OK
- request:
    body: ''
    headers:
      Accept:
      - '*/*'
      Accept-Encoding:
      - gzip, deflate
      Connection:
      - keep-alive
      Host:
      - gizmoj9.fhcrc.org:35725
      User-Agent:
      - python-httpx/0.28.1
    method: GET
    uri: https://gizmoj9.fhcrc.org:35725/api/workflows/v1/32edd44c-b604-4a1a-a9d3-dc36d5611810/metadata?includeKey=status&includeKey=failures&includeKey=jobId
  response:
    body:
      string: '{"status":"Submitted","calls":{},"id":"32edd44c-b604-4a1a-a9d3-dc36d5611810"}'
    headers:
      Connection:
      - keep-alive
      Content-Type:
      - application/json
      Date:
      - Sun, 28 Dec 2025 04:32:28 GMT
      Server:
      - nginx/1.25.3
      Transfer-Encoding:
      - chunked
      content-length:
      - '77'
    status:
      code: 200
      message: OK
- request:
    body: ''
    headers:
      Accept:
      - '*/*'
      Accept-Encoding:
      - gzip, deflate
      Connection:
      - keep-alive
      Host:
      - gizmoj9.fhcrc.org:35725
      User-Agent:
      - python-httpx/0.28.1
    method: GET
    uri: https://gizmoj9.fhcrc.org:35725/api/workflows/v1/32edd44c-b604-4a1a-a9d3-dc36d5611810/metadata?includeKey=status&includeKey=failures&includeKey=jobId
  response:
    body:
      string: '{"status":"Submitted","calls":{},"id":"32edd44c-b604-4a1a-a9d3-dc36d5611810"}'
    headers:
      Connection:
      - keep-alive
      Content-Type:
      - application/json
      Date:
      - Sun, 28 Dec 2025 04:32:33 GMT
      Server:
      - nginx/1.25.3
      Transfer-Encoding:
      - chunked
      content-length:
      - '77'
    status:
      code: 200
      message: OK
- request:
    body: ''
    headers:
      Accept:
      - '*/*'
      Accept-Encoding:
      - gzip, deflate
      Connection:
      - keep-alive
      Host:
      - gizmoj9.fhcrc.org:35725
      User-Agent:
      - python-httpx/0.28.1
    method: GET
    uri: https://gizmoj9.fhcrc.org:35725/api/workflows/v1/32edd44c-b604-4a1a-a9d3-dc36d5611810/metadata?includeKey=status&includeKey=failures&includeKey=jobId
  response:
    body:
      string: '{"status":"Submitted","calls":{},"id":"32edd44c-b604-4a1a-a9d3-dc36d5611810"}'
    headers:
      Connection:
      - keep-alive
      Content-Type:
      - application/json
      Date:
      - Sun, 28 Dec 2025 04:32:38 GMT
      Server:
      - nginx/1.25.3
      Transfer-Encoding:
      - chunked
      content-length:
      - '77'
    status:
      code: 200
      message: OK
- request:
    body: ''
    headers:
      Accept:
      - '*/*'
      Accept-Encoding:
      - gzip, deflate
      Connection:
      - keep-alive
      Host:
      - gizmoj9.fhcrc.org:35725
      User-Agent:
      - python-httpx/0.28.1
    method: GET
    uri: https://gizmoj9.fhcrc.org:35725/api/workflows/v1/32edd44c-b604-4a1a-a9d3-dc36d5611810/metadata?includeKey=status&includeKey=failures&includeKey=jobId
  response:
    body:
      string: '{"status":"Submitted","calls":{},"id":"32edd44c-b604-4a1a-a9d3-dc36d5611810"}'
    headers:
      Connection:
      - keep-alive
      Content-Type:
      - application/json
      Date:
      - Sun, 28 Dec 2025 04:32:43 GMT
      Server:
      - nginx/1.25.3
      Transfer-Encoding:
      - chunked
      content-length:
      - '77'
    status:
      code: 200
      message: OK
- request:
    body: ''
    headers:
      Accept:
      - '*/*'
      Accept-Encoding:
      - gzip, deflate
      Connection:
      - keep-alive
      Host:
      - gizmoj9.fhcrc.org:35725
      User-Agent:
      - python-httpx/0.28.1
    method: GET
    uri: https://gizmoj9.fhcrc.org:35725/api/workflows/v1/32edd44c-b604-4a1a-a9d3-dc36d5611810/metadata?includeKey=status&includeKey=failures&includeKey=jobId
  response:
    body:
      string: '{"status":"Submitted","calls":{},"id":"32edd44c-b604-4a1a-a9d3-dc36d5611810"}'
    headers:
      Connection:
      - keep-alive
      Content-Type:
      - application/json
      Date:
      - Sun, 28 Dec 2025 04:32:48 GMT
      Server:
      - nginx/1.25.3
      Transfer-Encoding:
      - chunked
      content-length:
      - '77'
    status:
      code: 200
      message: OK
- request:
    body: ''
    headers:
      Accept:
      - '*/*'
      Accept-Encoding:
      - gzip, deflate
      Connection:
      - keep-alive
      Host:
      - gizmoj9.fhcrc.org:35725
      User-Agent:
      - python-httpx/0.28.1
    method: GET
    uri: https://gizmoj9.fhcrc.org:35725/api/workflows/v1/32edd44c-b604-4a1a-a9d3-dc36d5611810/metadata?includeKey=status&includeKey=failures&includeKey=jobId
  response:
    body:
      string: '{"status":"Submitted","calls":{},"id":"32edd44c-b604-4a1a-a9d3-dc36d5611810"}'
    headers:
      Connection:
      - keep-alive
      Content-Type:
      - application/json
      Date:
      - Sun, 28 Dec 2025 04:32:53 GMT
      Server:
      - nginx/1.25.3
      Transfer-Encoding:
      - chunked
      content-length:
      - '77'
    status:
      code: 200
      message: OK
- request:
    body: ''
    headers:
      Accept:
      - '*/*'
      Accept-Encoding:
      - gzip, deflate
      Connection:
      - keep-alive
      Host:
      - gizmoj9.fhcrc.org:35725
      User-Agent:
      - python-httpx/0.28.1
    method: GET
    uri: https://gizmoj9.fhcrc.org:35725/api/workflows/v1/32edd44c-b604-4a1a-a9d3-dc36d5611810/metadata?includeKey=status&includeKey=failures&includeKey=jobId
  response:
    body:
      string: '{"status":"Submitted","calls":{},"id":"32edd44c-b604-4a1a-a9d3-dc36d5611810"}'
    headers:
      Connection:
      - keep-alive
      Content-Type:
      - application/json
      Date:
      - Sun, 28 Dec 2025 04:32:58 GMT
      Server:
      - nginx/1.25.3
      Transfer-Encoding:
      - chunked
      content-length:
      - '77'
    status:
      code: 200
      message: OK
- request:
    body: ''
    headers:
      Accept:
      - '*/*'
      Accept-Encoding:
      - gzip, deflate
      Connection:
      - keep-alive
      Host:
      - gizmoj9.fhcrc.org:35725
      User-Agent:
      - python-httpx/0.28.1
    method: GET
    uri: https://gizmoj9.fhcrc.org:35725/api/workflows/v1/32edd44c-b604-4a1a-a9d3-dc36d5611810/metadata?includeKey=status&includeKey=failures&includeKey=jobId
  response:
    body:
      string: '{"status":"Submitted","calls":{},"id":"32edd44c-b604-4a1a-a9d3-dc36d5611810"}'
    headers:
      Connection:
      - keep-alive
      Content-Type:
      - application/json
      Date:
      - Sun, 28 Dec 2025 04:33:03 GMT
      Server:
      - nginx/1.25.3
      Transfer-Encoding:
      - chunked
      content-length:
      - '77'
    status:
      code: 200
      message: OK
- request:
    body: ''
    headers:
      Accept:
      - '*/*'
      Accept-Encoding:
      - gzip, deflate
      Connection:
      - keep-alive
      Host:
      - gizmoj9.fhcrc.org:35725
      User-Agent:
      - python-httpx/0.28.1
    method: GET
    uri: https://gizmoj9.fhcrc.org:35725/api/workflows/v1/32edd44c-b604-4a1a-a9d3-dc36d5611810/metadata?includeKey=status&includeKey=failures&includeKey=jobId
  response:
    body:
      string: '{"status":"Submitted","calls":{},"id":"32edd44c-b604-4a1a-a9d3-dc36d5611810"}'
    headers:
      Connection:
      - keep-alive
      Content-Type:
      - application/json
      Date:
      - Sun, 28 Dec 2025 04:33:08 GMT
      Server:
      - nginx/1.25.3
      Transfer-Encoding:
      - chunked
      content-length:
      - '77'
    status:
      code: 200
      message: OK
- request:
    body: ''
    headers:
      Accept:
      - '*/*'
      Accept-Encoding:
      - gzip, deflate
      Connection:
      - keep-alive
      Host:
      - gizmoj9.fhcrc.org:35725
      User-Agent:
      - python-httpx/0.28.1
    method: GET
    uri: https://gizmoj9.fhcrc.org:35725/api/workflows/v1/32edd44c-b604-4a1a-a9d3-dc36d5611810/metadata?includeKey=status&includeKey=failures&includeKey=jobId
  response:
    body:
      string: '{"status":"Submitted","calls":{},"id":"32edd44c-b604-4a1a-a9d3-dc36d5611810"}'
    headers:
      Connection:
      - keep-alive
      Content-Type:
      - application/json
      Date:
      - Sun, 28 Dec 2025 04:33:13 GMT
      Server:
      - nginx/1.25.3
      Transfer-Encoding:
      - chunked
      content-length:
      - '77'
    status:
      code: 200
      message: OK
- request:
    body: ''
    headers:
      Accept:
      - '*/*'
      Accept-Encoding:
      - gzip, deflate
      Connection:
      - keep-alive
      Host:
      - gizmoj9.fhcrc.org:35725
      User-Agent:
      - python-httpx/0.28.1
    method: GET
    uri: https://gizmoj9.fhcrc.org:35725/api/workflows/v1/32edd44c-b604-4a1a-a9d3-dc36d5611810/metadata?includeKey=status&includeKey=failures&includeKey=jobId
  response:
    body:
      string: '{"status":"Submitted","calls":{},"id":"32edd44c-b604-4a1a-a9d3-dc36d5611810"}'
    headers:
      Connection:
      - keep-alive
      Content-Type:
      - application/json
      Date:
      - Sun, 28 Dec 2025 04:33:18 GMT
      Server:
      - nginx/1.25.3
      Transfer-Encoding:
      - chunked
      content-length:
      - '77'
    status:
      code: 200
      message: OK
- request:
    body: ''
    headers:
      Accept:
      - '*/*'
      Accept-Encoding:
      - gzip, deflate
      Connection:
      - keep-alive
      Host:
      - gizmoj9.fhcrc.org:35725
      User-Agent:
      - python-httpx/0.28.1
    method: GET
    uri: https://gizmoj9.fhcrc.org:35725/api/workflows/v1/32edd44c-b604-4a1a-a9d3-dc36d5611810/metadata?includeKey=status&includeKey=failures&includeKey=jobId
  response:
    body:
      string: '{"status":"Submitted","calls":{},"id":"32edd44c-b604-4a1a-a9d3-dc36d5611810"}'
    headers:
      Connection:
      - keep-alive
      Content-Type:
      - application/json
      Date:
      - Sun, 28 Dec 2025 04:33:23 GMT
      Server:
      - nginx/1.25.3
      Transfer-Encoding:
      - chunked
      content-length:
      - '77'
    status:
      code: 200
      message: OK
- request:
    body: ''
    headers:
      Accept:
      - '*/*'
      Accept-Encoding:
      - gzip, deflate
      Connection:
      - keep-alive
      Host:
      - gizmoj9.fhcrc.org:35725
      User-Agent:
      - python-httpx/0.28.1
    method: GET
    uri: https://gizmoj9.fhcrc.org:35725/api/workflows/v1/32edd44c-b604-4a1a-a9d3-dc36d5611810/metadata?includeKey=status&includeKey=failures&includeKey=jobId
  response:
    body:
      string: '{"status":"Submitted","calls":{},"id":"32edd44c-b604-4a1a-a9d3-dc36d5611810"}'
    headers:
      Connection:
      - keep-alive
      Content-Type:
      - application/json
      Date:
      - Sun, 28 Dec 2025 04:33:28 GMT
      Server:
      - nginx/1.25.3
      Transfer-Encoding:
      - chunked
      content-length:
      - '77'
    status:
      code: 200
      message: OK
- request:
    body: ''
    headers:
      Accept:
      - '*/*'
      Accept-Encoding:
      - gzip, deflate
      Connection:
      - keep-alive
      Host:
      - gizmoj9.fhcrc.org:35725
      User-Agent:
      - python-httpx/0.28.1
    method: GET
    uri: https://gizmoj9.fhcrc.org:35725/api/workflows/v1/32edd44c-b604-4a1a-a9d3-dc36d5611810/metadata?includeKey=status&includeKey=failures&includeKey=jobId
  response:
    body:
      string: '{"status":"Submitted","calls":{},"id":"32edd44c-b604-4a1a-a9d3-dc36d5611810"}'
    headers:
      Connection:
      - keep-alive
      Content-Type:
      - application/json
      Date:
      - Sun, 28 Dec 2025 04:33:33 GMT
      Server:
      - nginx/1.25.3
      Transfer-Encoding:
      - chunked
      content-length:
      - '77'
    status:
      code: 200
      message: OK
- request:
    body: ''
    headers:
      Accept:
      - '*/*'
      Accept-Encoding:
      - gzip, deflate
      Connection:
      - keep-alive
      Host:
      - gizmoj9.fhcrc.org:35725
      User-Agent:
      - python-httpx/0.28.1
    method: GET
    uri: https://gizmoj9.fhcrc.org:35725/api/workflows/v1/32edd44c-b604-4a1a-a9d3-dc36d5611810/metadata?includeKey=status&includeKey=failures&includeKey=jobId
  response:
    body:
      string: '{"status":"Submitted","calls":{},"id":"32edd44c-b604-4a1a-a9d3-dc36d5611810"}'
    headers:
      Connection:
      - keep-alive
      Content-Type:
      - application/json
      Date:
      - Sun, 28 Dec 2025 04:33:38 GMT
      Server:
      - nginx/1.25.3
      Transfer-Encoding:
      - chunked
      content-length:
      - '77'
    status:
      code: 200
      message: OK
- request:
    body: ''
    headers:
      Accept:
      - '*/*'
      Accept-Encoding:
      - gzip, deflate
      Connection:
      - keep-alive
      Host:
      - gizmoj9.fhcrc.org:35725
      User-Agent:
      - python-httpx/0.28.1
    method: GET
    uri: https://gizmoj9.fhcrc.org:35725/api/workflows/v1/32edd44c-b604-4a1a-a9d3-dc36d5611810/metadata?includeKey=status&includeKey=failures&includeKey=jobId
  response:
    body:
      string: '{"status":"Submitted","calls":{},"id":"32edd44c-b604-4a1a-a9d3-dc36d5611810"}'
    headers:
      Connection:
      - keep-alive
      Content-Type:
      - application/json
      Date:
      - Sun, 28 Dec 2025 04:33:43 GMT
      Server:
      - nginx/1.25.3
      Transfer-Encoding:
      - chunked
      content-length:
      - '77'
    status:
      code: 200
      message: OK
- request:
    body: ''
    headers:
      Accept:
      - '*/*'
      Accept-Encoding:
      - gzip, deflate
      Connection:
      - keep-alive
      Host:
      - gizmoj9.fhcrc.org:35725
      User-Agent:
      - python-httpx/0.28.1
    method: GET
    uri: https://gizmoj9.fhcrc.org:35725/api/workflows/v1/32edd44c-b604-4a1a-a9d3-dc36d5611810/metadata?includeKey=status&includeKey=failures&includeKey=jobId
  response:
    body:
      string: '{"status":"Submitted","calls":{},"id":"32edd44c-b604-4a1a-a9d3-dc36d5611810"}'
    headers:
      Connection:
      - keep-alive
      Content-Type:
      - application/json
      Date:
      - Sun, 28 Dec 2025 04:33:48 GMT
      Server:
      - nginx/1.25.3
      Transfer-Encoding:
      - chunked
      content-length:
      - '77'
    status:
      code: 200
      message: OK
- request:
    body: ''
    headers:
      Accept:
      - '*/*'
      Accept-Encoding:
      - gzip, deflate
      Connection:
      - keep-alive
      Host:
      - gizmoj9.fhcrc.org:35725
      User-Agent:
      - python-httpx/0.28.1
    method: GET
    uri: https://gizmoj9.fhcrc.org:35725/api/workflows/v1/32edd44c-b604-4a1a-a9d3-dc36d5611810/metadata?includeKey=status&includeKey=failures&includeKey=jobId
  response:
    body:
      string: '{"status":"Submitted","calls":{},"id":"32edd44c-b604-4a1a-a9d3-dc36d5611810"}'
    headers:
      Connection:
      - keep-alive
      Content-Type:
      - application/json
      Date:
      - Sun, 28 Dec 2025 04:33:53 GMT
      Server:
      - nginx/1.25.3
      Transfer-Encoding:
      - chunked
      content-length:
      - '77'
    status:
      code: 200
      message: OK
- request:
    body: ''
    headers:
      Accept:
      - '*/*'
      Accept-Encoding:
      - gzip, deflate
      Connection:
      - keep-alive
      Host:
      - gizmoj9.fhcrc.org:35725
      User-Agent:
      - python-httpx/0.28.1
    method: GET
    uri: https://gizmoj9.fhcrc.org:35725/api/workflows/v1/32edd44c-b604-4a1a-a9d3-dc36d5611810/metadata?includeKey=status&includeKey=failures&includeKey=jobId
  response:
    body:
      string: '{"status":"Submitted","calls":{},"id":"32edd44c-b604-4a1a-a9d3-dc36d5611810"}'
    headers:
      Connection:
      - keep-alive
      Content-Type:
      - application/json
      Date:
      - Sun, 28 Dec 2025 04:33:59 GMT
      Server:
      - nginx/1.25.3
      Transfer-Encoding:
      - chunked
      content-length:
      - '77'
    status:
      code: 200
      message: OK
- request:
    body: ''
    headers:
      Accept:
      - '*/*'
      Accept-Encoding:
      - gzip, deflate
      Connection:
      - keep-alive
      Host:
      - gizmoj9.fhcrc.org:35725
      User-Agent:
      - python-httpx/0.28.1
    method: GET
    uri: https://gizmoj9.fhcrc.org:35725/api/workflows/v1/32edd44c-b604-4a1a-a9d3-dc36d5611810/metadata?includeKey=status&includeKey=failures&includeKey=jobId
  response:
    body:
      string: '{"status":"Submitted","calls":{},"id":"32edd44c-b604-4a1a-a9d3-dc36d5611810"}'
    headers:
      Connection:
      - keep-alive
      Content-Type:
      - application/json
      Date:
      - Sun, 28 Dec 2025 04:34:04 GMT
      Server:
      - nginx/1.25.3
      Transfer-Encoding:
      - chunked
      content-length:
      - '77'
    status:
      code: 200
      message: OK
- request:
    body: ''
    headers:
      Accept:
      - '*/*'
      Accept-Encoding:
      - gzip, deflate
      Connection:
      - keep-alive
      Host:
      - gizmoj9.fhcrc.org:35725
      User-Agent:
      - python-httpx/0.28.1
    method: GET
    uri: https://gizmoj9.fhcrc.org:35725/api/workflows/v1/32edd44c-b604-4a1a-a9d3-dc36d5611810/metadata?includeKey=status&includeKey=failures&includeKey=jobId
  response:
    body:
      string: '{"status":"Submitted","calls":{},"id":"32edd44c-b604-4a1a-a9d3-dc36d5611810"}'
    headers:
      Connection:
      - keep-alive
      Content-Type:
      - application/json
      Date:
      - Sun, 28 Dec 2025 04:34:09 GMT
      Server:
      - nginx/1.25.3
      Transfer-Encoding:
      - chunked
      content-length:
      - '77'
    status:
      code: 200
      message: OK
- request:
    body: ''
    headers:
      Accept:
      - '*/*'
      Accept-Encoding:
      - gzip, deflate
      Connection:
      - keep-alive
      Host:
      - gizmoj9.fhcrc.org:35725
      User-Agent:
      - python-httpx/0.28.1
    method: GET
    uri: https://gizmoj9.fhcrc.org:35725/api/workflows/v1/32edd44c-b604-4a1a-a9d3-dc36d5611810/metadata?includeKey=status&includeKey=failures&includeKey=jobId
  response:
    body:
      string: '{"status":"Submitted","calls":{},"id":"32edd44c-b604-4a1a-a9d3-dc36d5611810"}'
    headers:
      Connection:
      - keep-alive
      Content-Type:
      - application/json
      Date:
      - Sun, 28 Dec 2025 04:34:14 GMT
      Server:
      - nginx/1.25.3
      Transfer-Encoding:
      - chunked
      content-length:
      - '77'
    status:
      code: 200
      message: OK
- request:
    body: ''
    headers:
      Accept:
      - '*/*'
      Accept-Encoding:
      - gzip, deflate
      Connection:
      - keep-alive
      Host:
      - gizmoj9.fhcrc.org:35725
      User-Agent:
      - python-httpx/0.28.1
    method: GET
    uri: https://gizmoj9.fhcrc.org:35725/api/workflows/v1/32edd44c-b604-4a1a-a9d3-dc36d5611810/metadata?includeKey=status&includeKey=failures&includeKey=jobId
  response:
    body:
      string: '{"status":"Submitted","calls":{},"id":"32edd44c-b604-4a1a-a9d3-dc36d5611810"}'
    headers:
      Connection:
      - keep-alive
      Content-Type:
      - application/json
      Date:
      - Sun, 28 Dec 2025 04:34:19 GMT
      Server:
      - nginx/1.25.3
      Transfer-Encoding:
      - chunked
      content-length:
      - '77'
    status:
      code: 200
      message: OK
- request:
    body: ''
    headers:
      Accept:
      - '*/*'
      Accept-Encoding:
      - gzip, deflate
      Connection:
      - keep-alive
      Host:
      - gizmoj9.fhcrc.org:35725
      User-Agent:
      - python-httpx/0.28.1
    method: GET
    uri: https://gizmoj9.fhcrc.org:35725/api/workflows/v1/32edd44c-b604-4a1a-a9d3-dc36d5611810/metadata?includeKey=status&includeKey=failures&includeKey=jobId
  response:
    body:
      string: '{"status":"Submitted","calls":{},"id":"32edd44c-b604-4a1a-a9d3-dc36d5611810"}'
    headers:
      Connection:
      - keep-alive
      Content-Type:
      - application/json
      Date:
      - Sun, 28 Dec 2025 04:34:24 GMT
      Server:
      - nginx/1.25.3
      Transfer-Encoding:
      - chunked
      content-length:
      - '77'
    status:
      code: 200
      message: OK
- request:
    body: ''
    headers:
      Accept:
      - '*/*'
      Accept-Encoding:
      - gzip, deflate
      Connection:
      - keep-alive
      Host:
      - gizmoj9.fhcrc.org:35725
      User-Agent:
      - python-httpx/0.28.1
    method: GET
    uri: https://gizmoj9.fhcrc.org:35725/api/workflows/v1/32edd44c-b604-4a1a-a9d3-dc36d5611810/metadata?includeKey=status&includeKey=failures&includeKey=jobId
  response:
    body:
      string: '{"status":"Submitted","calls":{},"id":"32edd44c-b604-4a1a-a9d3-dc36d5611810"}'
    headers:
      Connection:
      - keep-alive
      Content-Type:
      - application/json
      Date:
      - Sun, 28 Dec 2025 04:34:29 GMT
      Server:
      - nginx/1.25.3
      Transfer-Encoding:
      - chunked
      content-length:
      - '77'
    status:
      code: 200
      message: OK
- request:
    body: ''
    headers:
      Accept:
      - '*/*'
      Accept-Encoding:
      - gzip, deflate
      Connection:
      - keep-alive
      Host:
      - gizmoj9.fhcrc.org:35725
      User-Agent:
      - python-httpx/0.28.1
    method: GET
    uri: https://gizmoj9.fhcrc.org:35725/api/workflows/v1/32edd44c-b604-4a1a-a9d3-dc36d5611810/metadata?includeKey=status&includeKey=failures&includeKey=jobId
  response:
    body:
      string: '{"status":"Running","calls":{},"id":"32edd44c-b604-4a1a-a9d3-dc36d5611810"}'
    headers:
      Connection:
      - keep-alive
      Content-Type:
      - application/json
      Date:
      - Sun, 28 Dec 2025 04:34:34 GMT
      Server:
      - nginx/1.25.3
      Transfer-Encoding:
      - chunked
      content-length:
      - '75'
    status:
      code: 200
      message: OK
- request:
    body: ''
    headers:
      Accept:
      - '*/*'
      Accept-Encoding:
      - gzip, deflate
      Connection:
      - keep-alive
      Host:
      - gizmoj9.fhcrc.org:35725
      User-Agent:
      - python-httpx/0.28.1
    method: GET
    uri: https://gizmoj9.fhcrc.org:35725/api/workflows/v1/32edd44c-b604-4a1a-a9d3-dc36d5611810/metadata?includeKey=status&includeKey=failures&includeKey=jobId
  response:
    body:
      string: '{"status":"Running","calls":{},"id":"32edd44c-b604-4a1a-a9d3-dc36d5611810"}'
    headers:
      Connection:
      - keep-alive
      Content-Type:
      - application/json
      Date:
      - Sun, 28 Dec 2025 04:34:39 GMT
      Server:
      - nginx/1.25.3
      Transfer-Encoding:
      - chunked
      content-length:
      - '75'
    status:
      code: 200
      message: OK
- request:
    body: ''
    headers:
      Accept:
      - '*/*'
      Accept-Encoding:
      - gzip, deflate
      Connection:
      - keep-alive
      Host:
      - gizmoj9.fhcrc.org:35725
      User-Agent:
      - python-httpx/0.28.1
    method: GET
    uri: https://gizmoj9.fhcrc.org:35725/api/workflows/v1/32edd44c-b604-4a1a-a9d3-dc36d5611810/metadata?includeKey=status&includeKey=failures&includeKey=jobId
  response:
    body:
      string: '{"status":"Running","calls":{"WildcardsandConditions.wildcard_and_conditions_test":[{"jobId":"43978326","attempt":1,"shardIndex":-1}]},"id":"32edd44c-b604-4a1a-a9d3-dc36d5611810"}'
    headers:
      Connection:
      - keep-alive
      Content-Type:
      - application/json
      Date:
      - Sun, 28 Dec 2025 04:34:44 GMT
      Server:
      - nginx/1.25.3
      Transfer-Encoding:
      - chunked
      content-length:
      - '179'
    status:
      code: 200
      message: OK
- request:
    body: ''
    headers:
      Accept:
      - '*/*'
      Accept-Encoding:
      - gzip, deflate
      Connection:
      - keep-alive
      Host:
      - gizmoj9.fhcrc.org:35725
      User-Agent:
      - python-httpx/0.28.1
    method: GET
    uri: https://gizmoj9.fhcrc.org:35725/api/workflows/v1/32edd44c-b604-4a1a-a9d3-dc36d5611810/metadata?includeKey=status&includeKey=failures&includeKey=jobId
  response:
    body:
      string: '{"status":"Running","calls":{"WildcardsandConditions.wildcard_and_conditions_test":[{"jobId":"43978326","attempt":1,"shardIndex":-1}]},"id":"32edd44c-b604-4a1a-a9d3-dc36d5611810"}'
    headers:
      Connection:
      - keep-alive
      Content-Type:
      - application/json
      Date:
      - Sun, 28 Dec 2025 04:34:49 GMT
      Server:
      - nginx/1.25.3
      Transfer-Encoding:
      - chunked
      content-length:
      - '179'
    status:
      code: 200
      message: OK
- request:
    body: ''
    headers:
      Accept:
      - '*/*'
      Accept-Encoding:
      - gzip, deflate
      Connection:
      - keep-alive
      Host:
      - gizmoj9.fhcrc.org:35725
      User-Agent:
      - python-httpx/0.28.1
    method: GET
    uri: https://gizmoj9.fhcrc.org:35725/api/workflows/v1/32edd44c-b604-4a1a-a9d3-dc36d5611810/metadata?includeKey=status&includeKey=failures&includeKey=jobId
  response:
    body:
      string: '{"status":"Running","calls":{"WildcardsandConditions.wildcard_and_conditions_test":[{"jobId":"43978326","attempt":1,"shardIndex":-1}]},"id":"32edd44c-b604-4a1a-a9d3-dc36d5611810"}'
    headers:
      Connection:
      - keep-alive
      Content-Type:
      - application/json
      Date:
      - Sun, 28 Dec 2025 04:34:54 GMT
      Server:
      - nginx/1.25.3
      Transfer-Encoding:
      - chunked
      content-length:
      - '179'
    status:
      code: 200
      message: OK
- request:
    body: ''
    headers:
      Accept:
      - '*/*'
      Accept-Encoding:
      - gzip, deflate
      Connection:
      - keep-alive
      Host:
      - gizmoj9.fhcrc.org:35725
      User-Agent:
      - python-httpx/0.28.1
    method: GET
    uri: https://gizmoj9.fhcrc.org:35725/api/workflows/v1/32edd44c-b604-4a1a-a9d3-dc36d5611810/metadata?includeKey=status&includeKey=failures&includeKey=jobId
  response:
    body:
      string: '{"status":"Running","calls":{"WildcardsandConditions.wildcard_and_conditions_test":[{"jobId":"43978326","attempt":1,"shardIndex":-1}]},"id":"32edd44c-b604-4a1a-a9d3-dc36d5611810"}'
    headers:
      Connection:
      - keep-alive
      Content-Type:
      - application/json
      Date:
      - Sun, 28 Dec 2025 04:34:59 GMT
      Server:
      - nginx/1.25.3
      Transfer-Encoding:
      - chunked
      content-length:
      - '179'
    status:
      code: 200
      message: OK
- request:
    body: ''
    headers:
      Accept:
      - '*/*'
      Accept-Encoding:
      - gzip, deflate
      Connection:
      - keep-alive
      Host:
      - gizmoj9.fhcrc.org:35725
      User-Agent:
      - python-httpx/0.28.1
    method: GET
    uri: https://gizmoj9.fhcrc.org:35725/api/workflows/v1/32edd44c-b604-4a1a-a9d3-dc36d5611810/metadata?includeKey=status&includeKey=failures&includeKey=jobId
  response:
    body:
      string: '{"status":"Running","calls":{"WildcardsandConditions.wildcard_and_conditions_test":[{"jobId":"43978326","attempt":1,"shardIndex":-1}]},"id":"32edd44c-b604-4a1a-a9d3-dc36d5611810"}'
    headers:
      Connection:
      - keep-alive
      Content-Type:
      - application/json
      Date:
      - Sun, 28 Dec 2025 04:35:04 GMT
      Server:
      - nginx/1.25.3
      Transfer-Encoding:
      - chunked
      content-length:
      - '179'
    status:
      code: 200
      message: OK
- request:
    body: ''
    headers:
      Accept:
      - '*/*'
      Accept-Encoding:
      - gzip, deflate
      Connection:
      - keep-alive
      Host:
      - gizmoj9.fhcrc.org:35725
      User-Agent:
      - python-httpx/0.28.1
    method: GET
    uri: https://gizmoj9.fhcrc.org:35725/api/workflows/v1/32edd44c-b604-4a1a-a9d3-dc36d5611810/metadata?includeKey=status&includeKey=failures&includeKey=jobId
  response:
    body:
      string: '{"status":"Running","calls":{"WildcardsandConditions.wildcard_and_conditions_test":[{"jobId":"43978326","attempt":1,"shardIndex":-1}]},"id":"32edd44c-b604-4a1a-a9d3-dc36d5611810"}'
    headers:
      Connection:
      - keep-alive
      Content-Type:
      - application/json
      Date:
      - Sun, 28 Dec 2025 04:35:09 GMT
      Server:
      - nginx/1.25.3
      Transfer-Encoding:
      - chunked
      content-length:
      - '179'
    status:
      code: 200
      message: OK
- request:
    body: ''
    headers:
      Accept:
      - '*/*'
      Accept-Encoding:
      - gzip, deflate
      Connection:
      - keep-alive
      Host:
      - gizmoj9.fhcrc.org:35725
      User-Agent:
      - python-httpx/0.28.1
    method: GET
    uri: https://gizmoj9.fhcrc.org:35725/api/workflows/v1/32edd44c-b604-4a1a-a9d3-dc36d5611810/metadata?includeKey=status&includeKey=failures&includeKey=jobId
  response:
    body:
      string: '{"status":"Running","calls":{"WildcardsandConditions.wildcard_and_conditions_test":[{"jobId":"43978326","attempt":1,"shardIndex":-1}]},"id":"32edd44c-b604-4a1a-a9d3-dc36d5611810"}'
    headers:
      Connection:
      - keep-alive
      Content-Type:
      - application/json
      Date:
      - Sun, 28 Dec 2025 04:35:14 GMT
      Server:
      - nginx/1.25.3
      Transfer-Encoding:
      - chunked
      content-length:
      - '179'
    status:
      code: 200
      message: OK
- request:
    body: ''
    headers:
      Accept:
      - '*/*'
      Accept-Encoding:
      - gzip, deflate
      Connection:
      - keep-alive
      Host:
      - gizmoj9.fhcrc.org:35725
      User-Agent:
      - python-httpx/0.28.1
    method: GET
    uri: https://gizmoj9.fhcrc.org:35725/api/workflows/v1/32edd44c-b604-4a1a-a9d3-dc36d5611810/metadata?includeKey=status&includeKey=failures&includeKey=jobId
  response:
    body:
      string: '{"status":"Running","calls":{"WildcardsandConditions.wildcard_and_conditions_test":[{"jobId":"43978326","attempt":1,"shardIndex":-1}]},"id":"32edd44c-b604-4a1a-a9d3-dc36d5611810"}'
    headers:
      Connection:
      - keep-alive
      Content-Type:
      - application/json
      Date:
      - Sun, 28 Dec 2025 04:35:19 GMT
      Server:
      - nginx/1.25.3
      Transfer-Encoding:
      - chunked
      content-length:
      - '179'
    status:
      code: 200
      message: OK
- request:
    body: ''
    headers:
      Accept:
      - '*/*'
      Accept-Encoding:
      - gzip, deflate
      Connection:
      - keep-alive
      Host:
      - gizmoj9.fhcrc.org:35725
      User-Agent:
      - python-httpx/0.28.1
    method: GET
    uri: https://gizmoj9.fhcrc.org:35725/api/workflows/v1/32edd44c-b604-4a1a-a9d3-dc36d5611810/metadata?includeKey=status&includeKey=failures&includeKey=jobId
  response:
    body:
      string: '{"status":"Running","calls":{"WildcardsandConditions.wildcard_and_conditions_test":[{"jobId":"43978326","attempt":1,"shardIndex":-1}]},"id":"32edd44c-b604-4a1a-a9d3-dc36d5611810"}'
    headers:
      Connection:
      - keep-alive
      Content-Type:
      - application/json
      Date:
      - Sun, 28 Dec 2025 04:35:24 GMT
      Server:
      - nginx/1.25.3
      Transfer-Encoding:
      - chunked
      content-length:
      - '179'
    status:
      code: 200
      message: OK
- request:
    body: ''
    headers:
      Accept:
      - '*/*'
      Accept-Encoding:
      - gzip, deflate
      Connection:
      - keep-alive
      Host:
      - gizmoj9.fhcrc.org:35725
      User-Agent:
      - python-httpx/0.28.1
    method: GET
    uri: https://gizmoj9.fhcrc.org:35725/api/workflows/v1/32edd44c-b604-4a1a-a9d3-dc36d5611810/metadata?includeKey=status&includeKey=failures&includeKey=jobId
  response:
    body:
      string: '{"status":"Running","calls":{"WildcardsandConditions.wildcard_and_conditions_test":[{"jobId":"43978326","attempt":1,"shardIndex":-1}]},"id":"32edd44c-b604-4a1a-a9d3-dc36d5611810"}'
    headers:
      Connection:
      - keep-alive
      Content-Type:
      - application/json
      Date:
      - Sun, 28 Dec 2025 04:35:29 GMT
      Server:
      - nginx/1.25.3
      Transfer-Encoding:
      - chunked
      content-length:
      - '179'
    status:
      code: 200
      message: OK
- request:
    body: ''
    headers:
      Accept:
      - '*/*'
      Accept-Encoding:
      - gzip, deflate
      Connection:
      - keep-alive
      Host:
      - gizmoj9.fhcrc.org:35725
      User-Agent:
      - python-httpx/0.28.1
    method: GET
    uri: https://gizmoj9.fhcrc.org:35725/api/workflows/v1/32edd44c-b604-4a1a-a9d3-dc36d5611810/metadata?includeKey=status&includeKey=failures&includeKey=jobId
  response:
    body:
      string: '{"status":"Running","calls":{"WildcardsandConditions.wildcard_and_conditions_test":[{"jobId":"43978326","attempt":1,"shardIndex":-1}]},"id":"32edd44c-b604-4a1a-a9d3-dc36d5611810"}'
    headers:
      Connection:
      - keep-alive
      Content-Type:
      - application/json
      Date:
      - Sun, 28 Dec 2025 04:35:34 GMT
      Server:
      - nginx/1.25.3
      Transfer-Encoding:
      - chunked
      content-length:
      - '179'
    status:
      code: 200
      message: OK
- request:
    body: ''
    headers:
      Accept:
      - '*/*'
      Accept-Encoding:
      - gzip, deflate
      Connection:
      - keep-alive
      Host:
      - gizmoj9.fhcrc.org:35725
      User-Agent:
      - python-httpx/0.28.1
    method: GET
    uri: https://gizmoj9.fhcrc.org:35725/api/workflows/v1/32edd44c-b604-4a1a-a9d3-dc36d5611810/metadata?includeKey=status&includeKey=failures&includeKey=jobId
  response:
    body:
      string: '{"status":"Running","calls":{"WildcardsandConditions.wildcard_and_conditions_test":[{"jobId":"43978326","attempt":1,"shardIndex":-1}]},"id":"32edd44c-b604-4a1a-a9d3-dc36d5611810"}'
    headers:
      Connection:
      - keep-alive
      Content-Type:
      - application/json
      Date:
      - Sun, 28 Dec 2025 04:35:39 GMT
      Server:
      - nginx/1.25.3
      Transfer-Encoding:
      - chunked
      content-length:
      - '179'
    status:
      code: 200
      message: OK
- request:
    body: ''
    headers:
      Accept:
      - '*/*'
      Accept-Encoding:
      - gzip, deflate
      Connection:
      - keep-alive
      Host:
      - gizmoj9.fhcrc.org:35725
      User-Agent:
      - python-httpx/0.28.1
    method: GET
    uri: https://gizmoj9.fhcrc.org:35725/api/workflows/v1/32edd44c-b604-4a1a-a9d3-dc36d5611810/metadata?includeKey=status&includeKey=failures&includeKey=jobId
  response:
    body:
      string: '{"status":"Running","calls":{"WildcardsandConditions.wildcard_and_conditions_test":[{"jobId":"43978326","attempt":1,"shardIndex":-1}]},"id":"32edd44c-b604-4a1a-a9d3-dc36d5611810"}'
    headers:
      Connection:
      - keep-alive
      Content-Type:
      - application/json
      Date:
      - Sun, 28 Dec 2025 04:35:44 GMT
      Server:
      - nginx/1.25.3
      Transfer-Encoding:
      - chunked
      content-length:
      - '179'
    status:
      code: 200
      message: OK
- request:
    body: ''
    headers:
      Accept:
      - '*/*'
      Accept-Encoding:
      - gzip, deflate
      Connection:
      - keep-alive
      Host:
      - gizmoj9.fhcrc.org:35725
      User-Agent:
      - python-httpx/0.28.1
    method: GET
    uri: https://gizmoj9.fhcrc.org:35725/api/workflows/v1/32edd44c-b604-4a1a-a9d3-dc36d5611810/metadata?includeKey=status&includeKey=failures&includeKey=jobId
  response:
    body:
      string: '{"status":"Running","calls":{"WildcardsandConditions.wildcard_and_conditions_test":[{"jobId":"43978326","attempt":1,"shardIndex":-1}]},"id":"32edd44c-b604-4a1a-a9d3-dc36d5611810"}'
    headers:
      Connection:
      - keep-alive
      Content-Type:
      - application/json
      Date:
      - Sun, 28 Dec 2025 04:35:49 GMT
      Server:
      - nginx/1.25.3
      Transfer-Encoding:
      - chunked
      content-length:
      - '179'
    status:
      code: 200
      message: OK
- request:
    body: ''
    headers:
      Accept:
      - '*/*'
      Accept-Encoding:
      - gzip, deflate
      Connection:
      - keep-alive
      Host:
      - gizmoj9.fhcrc.org:35725
      User-Agent:
      - python-httpx/0.28.1
    method: GET
    uri: https://gizmoj9.fhcrc.org:35725/api/workflows/v1/32edd44c-b604-4a1a-a9d3-dc36d5611810/metadata?includeKey=status&includeKey=failures&includeKey=jobId
  response:
    body:
      string: '{"status":"Running","calls":{"WildcardsandConditions.wildcard_and_conditions_test":[{"jobId":"43978326","attempt":1,"shardIndex":-1}]},"id":"32edd44c-b604-4a1a-a9d3-dc36d5611810"}'
    headers:
      Connection:
      - keep-alive
      Content-Type:
      - application/json
      Date:
      - Sun, 28 Dec 2025 04:35:55 GMT
      Server:
      - nginx/1.25.3
      Transfer-Encoding:
      - chunked
      content-length:
      - '179'
    status:
      code: 200
      message: OK
- request:
    body: ''
    headers:
      Accept:
      - '*/*'
      Accept-Encoding:
      - gzip, deflate
      Connection:
      - keep-alive
      Host:
      - gizmoj9.fhcrc.org:35725
      User-Agent:
      - python-httpx/0.28.1
    method: GET
    uri: https://gizmoj9.fhcrc.org:35725/api/workflows/v1/32edd44c-b604-4a1a-a9d3-dc36d5611810/metadata?includeKey=status&includeKey=failures&includeKey=jobId
  response:
    body:
      string: '{"status":"Running","calls":{"WildcardsandConditions.wildcard_and_conditions_test":[{"jobId":"43978326","attempt":1,"shardIndex":-1}]},"id":"32edd44c-b604-4a1a-a9d3-dc36d5611810"}'
    headers:
      Connection:
      - keep-alive
      Content-Type:
      - application/json
      Date:
      - Sun, 28 Dec 2025 04:36:00 GMT
      Server:
      - nginx/1.25.3
      Transfer-Encoding:
      - chunked
      content-length:
      - '179'
    status:
      code: 200
      message: OK
- request:
    body: ''
    headers:
      Accept:
      - '*/*'
      Accept-Encoding:
      - gzip, deflate
      Connection:
      - keep-alive
      Host:
      - gizmoj9.fhcrc.org:35725
      User-Agent:
      - python-httpx/0.28.1
    method: GET
    uri: https://gizmoj9.fhcrc.org:35725/api/workflows/v1/32edd44c-b604-4a1a-a9d3-dc36d5611810/metadata?includeKey=status&includeKey=failures&includeKey=jobId
  response:
    body:
      string: '{"status":"Running","calls":{"WildcardsandConditions.wildcard_and_conditions_test":[{"jobId":"43978326","attempt":1,"shardIndex":-1}]},"id":"32edd44c-b604-4a1a-a9d3-dc36d5611810"}'
    headers:
      Connection:
      - keep-alive
      Content-Type:
      - application/json
      Date:
      - Sun, 28 Dec 2025 04:36:05 GMT
      Server:
      - nginx/1.25.3
      Transfer-Encoding:
      - chunked
      content-length:
      - '179'
    status:
      code: 200
      message: OK
- request:
    body: ''
    headers:
      Accept:
      - '*/*'
      Accept-Encoding:
      - gzip, deflate
      Connection:
      - keep-alive
      Host:
      - gizmoj9.fhcrc.org:35725
      User-Agent:
      - python-httpx/0.28.1
    method: GET
    uri: https://gizmoj9.fhcrc.org:35725/api/workflows/v1/32edd44c-b604-4a1a-a9d3-dc36d5611810/metadata?includeKey=status&includeKey=failures&includeKey=jobId
  response:
    body:
      string: '{"status":"Running","calls":{"WildcardsandConditions.wildcard_and_conditions_test":[{"jobId":"43978326","attempt":1,"shardIndex":-1}]},"id":"32edd44c-b604-4a1a-a9d3-dc36d5611810"}'
    headers:
      Connection:
      - keep-alive
      Content-Type:
      - application/json
      Date:
      - Sun, 28 Dec 2025 04:36:10 GMT
      Server:
      - nginx/1.25.3
      Transfer-Encoding:
      - chunked
      content-length:
      - '179'
    status:
      code: 200
      message: OK
- request:
    body: ''
    headers:
      Accept:
      - '*/*'
      Accept-Encoding:
      - gzip, deflate
      Connection:
      - keep-alive
      Host:
      - gizmoj9.fhcrc.org:35725
      User-Agent:
      - python-httpx/0.28.1
    method: GET
    uri: https://gizmoj9.fhcrc.org:35725/api/workflows/v1/32edd44c-b604-4a1a-a9d3-dc36d5611810/metadata?includeKey=status&includeKey=failures&includeKey=jobId
  response:
    body:
      string: '{"status":"Running","calls":{"WildcardsandConditions.wildcard_and_conditions_test":[{"jobId":"43978326","attempt":1,"shardIndex":-1}]},"id":"32edd44c-b604-4a1a-a9d3-dc36d5611810"}'
    headers:
      Connection:
      - keep-alive
      Content-Type:
      - application/json
      Date:
      - Sun, 28 Dec 2025 04:36:15 GMT
      Server:
      - nginx/1.25.3
      Transfer-Encoding:
      - chunked
      content-length:
      - '179'
    status:
      code: 200
      message: OK
- request:
    body: ''
    headers:
      Accept:
      - '*/*'
      Accept-Encoding:
      - gzip, deflate
      Connection:
      - keep-alive
      Host:
      - gizmoj9.fhcrc.org:35725
      User-Agent:
      - python-httpx/0.28.1
    method: GET
    uri: https://gizmoj9.fhcrc.org:35725/api/workflows/v1/32edd44c-b604-4a1a-a9d3-dc36d5611810/metadata?includeKey=status&includeKey=failures&includeKey=jobId
  response:
    body:
      string: '{"status":"Succeeded","calls":{"WildcardsandConditions.wildcard_and_conditions_test":[{"jobId":"43978326","attempt":1,"shardIndex":-1}]},"id":"32edd44c-b604-4a1a-a9d3-dc36d5611810"}'
    headers:
      Connection:
      - keep-alive
      Content-Type:
      - application/json
      Date:
      - Sun, 28 Dec 2025 04:36:20 GMT
      Server:
      - nginx/1.25.3
      Transfer-Encoding:
      - chunked
      content-length:
      - '181'
    status:
      code: 200
      message: OK
version: 1
