interactions:
- request:
    body: "--3bce43967ea91248688e3a7c92eb36a9\r\nContent-Disposition: form-data; name=\"workflowSource\";
      filename=\"symlinkOnly.wdl\"\r\nContent-Type: application/octet-stream\r\n\r\nversion
      1.0\n\nworkflow symlinkOnly {\n    call generate_diverse_outputs\n    \n    output
      {\n        File symlink_file = generate_diverse_outputs.symlink_output\n    }\n}\n\ntask
      generate_diverse_outputs {\n    command <<<\n        # Create a symlink\n        echo
      \"original\" > original.txt\n        ln -s original.txt link.txt\n    >>>\n\n
      \   output {\n        File symlink_output = \"link.txt\"\n    }\n\n    runtime
      {\n        docker: \"ubuntu:noble-20241118.1\"\n    }\n}\n\r\n--3bce43967ea91248688e3a7c92eb36a9\r\nContent-Disposition:
      form-data; name=\"workflowOptions\"; filename=\"options.json\"\r\nContent-Type:
      application/json\r\n\r\n{\n    \"workflow_failure_mode\": \"ContinueWhilePossible\",\n
      \   \"write_to_cache\": false,\n    \"read_from_cache\": false\n}\n\r\n--3bce43967ea91248688e3a7c92eb36a9--\r\n"
    headers:
      accept:
      - '*/*'
      accept-encoding:
      - gzip, deflate
      connection:
      - keep-alive
      content-length:
      - '919'
      content-type:
      - multipart/form-data; boundary=3bce43967ea91248688e3a7c92eb36a9
      host:
      - gizmoj36.fhcrc.org:46443
      user-agent:
      - python-httpx/0.28.1
    method: POST
    uri: https://gizmoj36.fhcrc.org:46443/api/workflows/v1
  response:
    body:
      string: '{"id":"aa6312c3-1f49-4ed5-bdd2-604a6fd6eda8","status":"Submitted"}'
    headers:
      Connection:
      - keep-alive
      Content-Length:
      - '66'
      Content-Type:
      - application/json
      Date:
      - Sun, 14 Sep 2025 03:39:26 GMT
      Server:
      - nginx/1.25.3
    status:
      code: 201
      message: Created
- request:
    body: ''
    headers:
      accept:
      - '*/*'
      accept-encoding:
      - gzip, deflate
      connection:
      - keep-alive
      host:
      - gizmoj36.fhcrc.org:46443
      user-agent:
      - python-httpx/0.28.1
    method: GET
    uri: https://gizmoj36.fhcrc.org:46443/api/workflows/v1/aa6312c3-1f49-4ed5-bdd2-604a6fd6eda8/metadata?includeKey=status&includeKey=failures&includeKey=jobId
  response:
    body:
      string: "{\n  \"status\": \"fail\",\n  \"message\": \"Unrecognized workflow
        ID: aa6312c3-1f49-4ed5-bdd2-604a6fd6eda8\"\n}"
    headers:
      Connection:
      - keep-alive
      Content-Type:
      - application/json
      Date:
      - Sun, 14 Sep 2025 03:39:26 GMT
      Server:
      - nginx/1.25.3
      Transfer-Encoding:
      - chunked
      content-length:
      - '101'
    status:
      code: 404
      message: Not Found
- request:
    body: ''
    headers:
      accept:
      - '*/*'
      accept-encoding:
      - gzip, deflate
      connection:
      - keep-alive
      host:
      - gizmoj36.fhcrc.org:46443
      user-agent:
      - python-httpx/0.28.1
    method: GET
    uri: https://gizmoj36.fhcrc.org:46443/api/workflows/v1/aa6312c3-1f49-4ed5-bdd2-604a6fd6eda8/metadata?includeKey=status&includeKey=failures&includeKey=jobId
  response:
    body:
      string: "{\n  \"status\": \"fail\",\n  \"message\": \"Unrecognized workflow
        ID: aa6312c3-1f49-4ed5-bdd2-604a6fd6eda8\"\n}"
    headers:
      Connection:
      - keep-alive
      Content-Type:
      - application/json
      Date:
      - Sun, 14 Sep 2025 03:39:30 GMT
      Server:
      - nginx/1.25.3
      Transfer-Encoding:
      - chunked
      content-length:
      - '101'
    status:
      code: 404
      message: Not Found
- request:
    body: ''
    headers:
      accept:
      - '*/*'
      accept-encoding:
      - gzip, deflate
      connection:
      - keep-alive
      host:
      - gizmoj36.fhcrc.org:46443
      user-agent:
      - python-httpx/0.28.1
    method: GET
    uri: https://gizmoj36.fhcrc.org:46443/api/workflows/v1/aa6312c3-1f49-4ed5-bdd2-604a6fd6eda8/metadata?includeKey=status&includeKey=failures&includeKey=jobId
  response:
    body:
      string: '{"status":"Submitted","calls":{},"id":"aa6312c3-1f49-4ed5-bdd2-604a6fd6eda8"}'
    headers:
      Connection:
      - keep-alive
      Content-Type:
      - application/json
      Date:
      - Sun, 14 Sep 2025 03:39:34 GMT
      Server:
      - nginx/1.25.3
      Transfer-Encoding:
      - chunked
      content-length:
      - '77'
    status:
      code: 200
      message: OK
version: 1
