interactions:
- request:
    body: "--bf89c37f190ec711b8feb7aae8f76a47\r\nContent-Disposition: form-data; name=\"workflowSource\";
      filename=\"basicTaskExecution.wdl\"\r\nContent-Type: application/octet-stream\r\n\r\nversion
      1.0\n\n# The basicTaskTest workflow calls a task named simpleTask, which takes
      a string input and writes it to a file called output.txt. It demonstrates a
      basic execution of a task with file output.\n\n# This tests basic task execution,
      input handling, and file output functionality. It ensures that a task can successfully
      take an input and generate an output.\n\nworkflow basicTaskTest {\n  input {\n
      \   String text = \"Hello, World!\"\n  }\n\n  call simpleTask {\n    input:\n
      \     message = text\n  }\n}\n\ntask simpleTask {\n  input {\n    String message\n
      \ }\n\n  command <<<\n    echo \"${message}\" > output.txt\n    >>>\n\n  output
      {\n    File outputFile = \"output.txt\"\n  }\n\n  runtime {\n    docker: \"ubuntu:20.04\"\n
      \ }\n}\n\r\n--bf89c37f190ec711b8feb7aae8f76a47\r\nContent-Disposition: form-data;
      name=\"workflowOptions\"; filename=\"options.json\"\r\nContent-Type: application/json\r\n\r\n{\n
      \   \"workflow_failure_mode\": \"ContinueWhilePossible\",\n    \"write_to_cache\":
      false,\n    \"read_from_cache\": false\n}\n\r\n--bf89c37f190ec711b8feb7aae8f76a47--\r\n"
    headers:
      accept:
      - '*/*'
      accept-encoding:
      - gzip, deflate
      connection:
      - keep-alive
      content-length:
      - '1183'
      content-type:
      - multipart/form-data; boundary=bf89c37f190ec711b8feb7aae8f76a47
      host:
      - gizmok49.fhcrc.org:32951
      user-agent:
      - python-httpx/0.28.1
    method: POST
    uri: https://gizmok49.fhcrc.org:32951/api/workflows/v1
  response:
    body:
      string: '{"id":"a33cf5a8-4e1f-437a-bae8-c43ab399d377","status":"Submitted"}'
    headers:
      Connection:
      - keep-alive
      Content-Length:
      - '66'
      Content-Type:
      - application/json
      Date:
      - Sun, 02 Nov 2025 04:14:58 GMT
      Server:
      - nginx/1.25.3
    status:
      code: 201
      message: Created
- request:
    body: ''
    headers:
      accept:
      - '*/*'
      accept-encoding:
      - gzip, deflate
      connection:
      - keep-alive
      host:
      - gizmok49.fhcrc.org:32951
      user-agent:
      - python-httpx/0.28.1
    method: GET
    uri: https://gizmok49.fhcrc.org:32951/api/workflows/v1/a33cf5a8-4e1f-437a-bae8-c43ab399d377/metadata?includeKey=status&includeKey=failures&includeKey=jobId
  response:
    body:
      string: '{"status":"Submitted","calls":{},"id":"a33cf5a8-4e1f-437a-bae8-c43ab399d377"}'
    headers:
      Connection:
      - keep-alive
      Content-Type:
      - application/json
      Date:
      - Sun, 02 Nov 2025 04:15:03 GMT
      Server:
      - nginx/1.25.3
      Transfer-Encoding:
      - chunked
      content-length:
      - '77'
    status:
      code: 200
      message: OK
- request:
    body: ''
    headers:
      accept:
      - '*/*'
      accept-encoding:
      - gzip, deflate
      connection:
      - keep-alive
      host:
      - gizmok49.fhcrc.org:32951
      user-agent:
      - python-httpx/0.28.1
    method: GET
    uri: https://gizmok49.fhcrc.org:32951/api/workflows/v1/a33cf5a8-4e1f-437a-bae8-c43ab399d377/metadata?includeKey=status&includeKey=failures&includeKey=jobId
  response:
    body:
      string: '{"status":"Submitted","calls":{},"id":"a33cf5a8-4e1f-437a-bae8-c43ab399d377"}'
    headers:
      Connection:
      - keep-alive
      Content-Type:
      - application/json
      Date:
      - Sun, 02 Nov 2025 04:15:08 GMT
      Server:
      - nginx/1.25.3
      Transfer-Encoding:
      - chunked
      content-length:
      - '77'
    status:
      code: 200
      message: OK
- request:
    body: ''
    headers:
      accept:
      - '*/*'
      accept-encoding:
      - gzip, deflate
      connection:
      - keep-alive
      host:
      - gizmok49.fhcrc.org:32951
      user-agent:
      - python-httpx/0.28.1
    method: GET
    uri: https://gizmok49.fhcrc.org:32951/api/workflows/v1/a33cf5a8-4e1f-437a-bae8-c43ab399d377/metadata?includeKey=status&includeKey=failures&includeKey=jobId
  response:
    body:
      string: '{"status":"Submitted","calls":{},"id":"a33cf5a8-4e1f-437a-bae8-c43ab399d377"}'
    headers:
      Connection:
      - keep-alive
      Content-Type:
      - application/json
      Date:
      - Sun, 02 Nov 2025 04:15:14 GMT
      Server:
      - nginx/1.25.3
      Transfer-Encoding:
      - chunked
      content-length:
      - '77'
    status:
      code: 200
      message: OK
- request:
    body: ''
    headers:
      accept:
      - '*/*'
      accept-encoding:
      - gzip, deflate
      connection:
      - keep-alive
      host:
      - gizmok49.fhcrc.org:32951
      user-agent:
      - python-httpx/0.28.1
    method: GET
    uri: https://gizmok49.fhcrc.org:32951/api/workflows/v1/a33cf5a8-4e1f-437a-bae8-c43ab399d377/metadata?includeKey=status&includeKey=failures&includeKey=jobId
  response:
    body:
      string: '{"status":"Submitted","calls":{},"id":"a33cf5a8-4e1f-437a-bae8-c43ab399d377"}'
    headers:
      Connection:
      - keep-alive
      Content-Type:
      - application/json
      Date:
      - Sun, 02 Nov 2025 04:15:19 GMT
      Server:
      - nginx/1.25.3
      Transfer-Encoding:
      - chunked
      content-length:
      - '77'
    status:
      code: 200
      message: OK
- request:
    body: ''
    headers:
      accept:
      - '*/*'
      accept-encoding:
      - gzip, deflate
      connection:
      - keep-alive
      host:
      - gizmok49.fhcrc.org:32951
      user-agent:
      - python-httpx/0.28.1
    method: GET
    uri: https://gizmok49.fhcrc.org:32951/api/workflows/v1/a33cf5a8-4e1f-437a-bae8-c43ab399d377/metadata?includeKey=status&includeKey=failures&includeKey=jobId
  response:
    body:
      string: '{"status":"Submitted","calls":{},"id":"a33cf5a8-4e1f-437a-bae8-c43ab399d377"}'
    headers:
      Connection:
      - keep-alive
      Content-Type:
      - application/json
      Date:
      - Sun, 02 Nov 2025 04:15:24 GMT
      Server:
      - nginx/1.25.3
      Transfer-Encoding:
      - chunked
      content-length:
      - '77'
    status:
      code: 200
      message: OK
- request:
    body: ''
    headers:
      accept:
      - '*/*'
      accept-encoding:
      - gzip, deflate
      connection:
      - keep-alive
      host:
      - gizmok49.fhcrc.org:32951
      user-agent:
      - python-httpx/0.28.1
    method: GET
    uri: https://gizmok49.fhcrc.org:32951/api/workflows/v1/a33cf5a8-4e1f-437a-bae8-c43ab399d377/metadata?includeKey=status&includeKey=failures&includeKey=jobId
  response:
    body:
      string: '{"status":"Submitted","calls":{},"id":"a33cf5a8-4e1f-437a-bae8-c43ab399d377"}'
    headers:
      Connection:
      - keep-alive
      Content-Type:
      - application/json
      Date:
      - Sun, 02 Nov 2025 04:15:29 GMT
      Server:
      - nginx/1.25.3
      Transfer-Encoding:
      - chunked
      content-length:
      - '77'
    status:
      code: 200
      message: OK
- request:
    body: ''
    headers:
      accept:
      - '*/*'
      accept-encoding:
      - gzip, deflate
      connection:
      - keep-alive
      host:
      - gizmok49.fhcrc.org:32951
      user-agent:
      - python-httpx/0.28.1
    method: GET
    uri: https://gizmok49.fhcrc.org:32951/api/workflows/v1/a33cf5a8-4e1f-437a-bae8-c43ab399d377/metadata?includeKey=status&includeKey=failures&includeKey=jobId
  response:
    body:
      string: '{"status":"Submitted","calls":{},"id":"a33cf5a8-4e1f-437a-bae8-c43ab399d377"}'
    headers:
      Connection:
      - keep-alive
      Content-Type:
      - application/json
      Date:
      - Sun, 02 Nov 2025 04:15:34 GMT
      Server:
      - nginx/1.25.3
      Transfer-Encoding:
      - chunked
      content-length:
      - '77'
    status:
      code: 200
      message: OK
- request:
    body: ''
    headers:
      accept:
      - '*/*'
      accept-encoding:
      - gzip, deflate
      connection:
      - keep-alive
      host:
      - gizmok49.fhcrc.org:32951
      user-agent:
      - python-httpx/0.28.1
    method: GET
    uri: https://gizmok49.fhcrc.org:32951/api/workflows/v1/a33cf5a8-4e1f-437a-bae8-c43ab399d377/metadata?includeKey=status&includeKey=failures&includeKey=jobId
  response:
    body:
      string: '{"status":"Submitted","calls":{},"id":"a33cf5a8-4e1f-437a-bae8-c43ab399d377"}'
    headers:
      Connection:
      - keep-alive
      Content-Type:
      - application/json
      Date:
      - Sun, 02 Nov 2025 04:15:39 GMT
      Server:
      - nginx/1.25.3
      Transfer-Encoding:
      - chunked
      content-length:
      - '77'
    status:
      code: 200
      message: OK
- request:
    body: ''
    headers:
      accept:
      - '*/*'
      accept-encoding:
      - gzip, deflate
      connection:
      - keep-alive
      host:
      - gizmok49.fhcrc.org:32951
      user-agent:
      - python-httpx/0.28.1
    method: GET
    uri: https://gizmok49.fhcrc.org:32951/api/workflows/v1/a33cf5a8-4e1f-437a-bae8-c43ab399d377/metadata?includeKey=status&includeKey=failures&includeKey=jobId
  response:
    body:
      string: '{"status":"Submitted","calls":{},"id":"a33cf5a8-4e1f-437a-bae8-c43ab399d377"}'
    headers:
      Connection:
      - keep-alive
      Content-Type:
      - application/json
      Date:
      - Sun, 02 Nov 2025 04:15:44 GMT
      Server:
      - nginx/1.25.3
      Transfer-Encoding:
      - chunked
      content-length:
      - '77'
    status:
      code: 200
      message: OK
- request:
    body: ''
    headers:
      accept:
      - '*/*'
      accept-encoding:
      - gzip, deflate
      connection:
      - keep-alive
      host:
      - gizmok49.fhcrc.org:32951
      user-agent:
      - python-httpx/0.28.1
    method: GET
    uri: https://gizmok49.fhcrc.org:32951/api/workflows/v1/a33cf5a8-4e1f-437a-bae8-c43ab399d377/metadata?includeKey=status&includeKey=failures&includeKey=jobId
  response:
    body:
      string: '{"status":"Submitted","calls":{},"id":"a33cf5a8-4e1f-437a-bae8-c43ab399d377"}'
    headers:
      Connection:
      - keep-alive
      Content-Type:
      - application/json
      Date:
      - Sun, 02 Nov 2025 04:15:49 GMT
      Server:
      - nginx/1.25.3
      Transfer-Encoding:
      - chunked
      content-length:
      - '77'
    status:
      code: 200
      message: OK
- request:
    body: ''
    headers:
      accept:
      - '*/*'
      accept-encoding:
      - gzip, deflate
      connection:
      - keep-alive
      host:
      - gizmok49.fhcrc.org:32951
      user-agent:
      - python-httpx/0.28.1
    method: GET
    uri: https://gizmok49.fhcrc.org:32951/api/workflows/v1/a33cf5a8-4e1f-437a-bae8-c43ab399d377/metadata?includeKey=status&includeKey=failures&includeKey=jobId
  response:
    body:
      string: '{"status":"Submitted","calls":{},"id":"a33cf5a8-4e1f-437a-bae8-c43ab399d377"}'
    headers:
      Connection:
      - keep-alive
      Content-Type:
      - application/json
      Date:
      - Sun, 02 Nov 2025 04:15:54 GMT
      Server:
      - nginx/1.25.3
      Transfer-Encoding:
      - chunked
      content-length:
      - '77'
    status:
      code: 200
      message: OK
- request:
    body: ''
    headers:
      accept:
      - '*/*'
      accept-encoding:
      - gzip, deflate
      connection:
      - keep-alive
      host:
      - gizmok49.fhcrc.org:32951
      user-agent:
      - python-httpx/0.28.1
    method: GET
    uri: https://gizmok49.fhcrc.org:32951/api/workflows/v1/a33cf5a8-4e1f-437a-bae8-c43ab399d377/metadata?includeKey=status&includeKey=failures&includeKey=jobId
  response:
    body:
      string: '{"status":"Submitted","calls":{},"id":"a33cf5a8-4e1f-437a-bae8-c43ab399d377"}'
    headers:
      Connection:
      - keep-alive
      Content-Type:
      - application/json
      Date:
      - Sun, 02 Nov 2025 04:15:59 GMT
      Server:
      - nginx/1.25.3
      Transfer-Encoding:
      - chunked
      content-length:
      - '77'
    status:
      code: 200
      message: OK
- request:
    body: ''
    headers:
      accept:
      - '*/*'
      accept-encoding:
      - gzip, deflate
      connection:
      - keep-alive
      host:
      - gizmok49.fhcrc.org:32951
      user-agent:
      - python-httpx/0.28.1
    method: GET
    uri: https://gizmok49.fhcrc.org:32951/api/workflows/v1/a33cf5a8-4e1f-437a-bae8-c43ab399d377/metadata?includeKey=status&includeKey=failures&includeKey=jobId
  response:
    body:
      string: '{"status":"Submitted","calls":{},"id":"a33cf5a8-4e1f-437a-bae8-c43ab399d377"}'
    headers:
      Connection:
      - keep-alive
      Content-Type:
      - application/json
      Date:
      - Sun, 02 Nov 2025 04:16:04 GMT
      Server:
      - nginx/1.25.3
      Transfer-Encoding:
      - chunked
      content-length:
      - '77'
    status:
      code: 200
      message: OK
- request:
    body: ''
    headers:
      accept:
      - '*/*'
      accept-encoding:
      - gzip, deflate
      connection:
      - keep-alive
      host:
      - gizmok49.fhcrc.org:32951
      user-agent:
      - python-httpx/0.28.1
    method: GET
    uri: https://gizmok49.fhcrc.org:32951/api/workflows/v1/a33cf5a8-4e1f-437a-bae8-c43ab399d377/metadata?includeKey=status&includeKey=failures&includeKey=jobId
  response:
    body:
      string: '{"status":"Submitted","calls":{},"id":"a33cf5a8-4e1f-437a-bae8-c43ab399d377"}'
    headers:
      Connection:
      - keep-alive
      Content-Type:
      - application/json
      Date:
      - Sun, 02 Nov 2025 04:16:09 GMT
      Server:
      - nginx/1.25.3
      Transfer-Encoding:
      - chunked
      content-length:
      - '77'
    status:
      code: 200
      message: OK
- request:
    body: ''
    headers:
      accept:
      - '*/*'
      accept-encoding:
      - gzip, deflate
      connection:
      - keep-alive
      host:
      - gizmok49.fhcrc.org:32951
      user-agent:
      - python-httpx/0.28.1
    method: GET
    uri: https://gizmok49.fhcrc.org:32951/api/workflows/v1/a33cf5a8-4e1f-437a-bae8-c43ab399d377/metadata?includeKey=status&includeKey=failures&includeKey=jobId
  response:
    body:
      string: '{"status":"Submitted","calls":{},"id":"a33cf5a8-4e1f-437a-bae8-c43ab399d377"}'
    headers:
      Connection:
      - keep-alive
      Content-Type:
      - application/json
      Date:
      - Sun, 02 Nov 2025 04:16:14 GMT
      Server:
      - nginx/1.25.3
      Transfer-Encoding:
      - chunked
      content-length:
      - '77'
    status:
      code: 200
      message: OK
- request:
    body: ''
    headers:
      accept:
      - '*/*'
      accept-encoding:
      - gzip, deflate
      connection:
      - keep-alive
      host:
      - gizmok49.fhcrc.org:32951
      user-agent:
      - python-httpx/0.28.1
    method: GET
    uri: https://gizmok49.fhcrc.org:32951/api/workflows/v1/a33cf5a8-4e1f-437a-bae8-c43ab399d377/metadata?includeKey=status&includeKey=failures&includeKey=jobId
  response:
    body:
      string: '{"status":"Submitted","calls":{},"id":"a33cf5a8-4e1f-437a-bae8-c43ab399d377"}'
    headers:
      Connection:
      - keep-alive
      Content-Type:
      - application/json
      Date:
      - Sun, 02 Nov 2025 04:16:19 GMT
      Server:
      - nginx/1.25.3
      Transfer-Encoding:
      - chunked
      content-length:
      - '77'
    status:
      code: 200
      message: OK
- request:
    body: ''
    headers:
      accept:
      - '*/*'
      accept-encoding:
      - gzip, deflate
      connection:
      - keep-alive
      host:
      - gizmok49.fhcrc.org:32951
      user-agent:
      - python-httpx/0.28.1
    method: GET
    uri: https://gizmok49.fhcrc.org:32951/api/workflows/v1/a33cf5a8-4e1f-437a-bae8-c43ab399d377/metadata?includeKey=status&includeKey=failures&includeKey=jobId
  response:
    body:
      string: '{"status":"Submitted","calls":{},"id":"a33cf5a8-4e1f-437a-bae8-c43ab399d377"}'
    headers:
      Connection:
      - keep-alive
      Content-Type:
      - application/json
      Date:
      - Sun, 02 Nov 2025 04:16:24 GMT
      Server:
      - nginx/1.25.3
      Transfer-Encoding:
      - chunked
      content-length:
      - '77'
    status:
      code: 200
      message: OK
- request:
    body: ''
    headers:
      accept:
      - '*/*'
      accept-encoding:
      - gzip, deflate
      connection:
      - keep-alive
      host:
      - gizmok49.fhcrc.org:32951
      user-agent:
      - python-httpx/0.28.1
    method: GET
    uri: https://gizmok49.fhcrc.org:32951/api/workflows/v1/a33cf5a8-4e1f-437a-bae8-c43ab399d377/metadata?includeKey=status&includeKey=failures&includeKey=jobId
  response:
    body:
      string: '{"status":"Submitted","calls":{},"id":"a33cf5a8-4e1f-437a-bae8-c43ab399d377"}'
    headers:
      Connection:
      - keep-alive
      Content-Type:
      - application/json
      Date:
      - Sun, 02 Nov 2025 04:16:29 GMT
      Server:
      - nginx/1.25.3
      Transfer-Encoding:
      - chunked
      content-length:
      - '77'
    status:
      code: 200
      message: OK
- request:
    body: ''
    headers:
      accept:
      - '*/*'
      accept-encoding:
      - gzip, deflate
      connection:
      - keep-alive
      host:
      - gizmok49.fhcrc.org:32951
      user-agent:
      - python-httpx/0.28.1
    method: GET
    uri: https://gizmok49.fhcrc.org:32951/api/workflows/v1/a33cf5a8-4e1f-437a-bae8-c43ab399d377/metadata?includeKey=status&includeKey=failures&includeKey=jobId
  response:
    body:
      string: '{"status":"Submitted","calls":{},"id":"a33cf5a8-4e1f-437a-bae8-c43ab399d377"}'
    headers:
      Connection:
      - keep-alive
      Content-Type:
      - application/json
      Date:
      - Sun, 02 Nov 2025 04:16:34 GMT
      Server:
      - nginx/1.25.3
      Transfer-Encoding:
      - chunked
      content-length:
      - '77'
    status:
      code: 200
      message: OK
- request:
    body: ''
    headers:
      accept:
      - '*/*'
      accept-encoding:
      - gzip, deflate
      connection:
      - keep-alive
      host:
      - gizmok49.fhcrc.org:32951
      user-agent:
      - python-httpx/0.28.1
    method: GET
    uri: https://gizmok49.fhcrc.org:32951/api/workflows/v1/a33cf5a8-4e1f-437a-bae8-c43ab399d377/metadata?includeKey=status&includeKey=failures&includeKey=jobId
  response:
    body:
      string: '{"status":"Submitted","calls":{},"id":"a33cf5a8-4e1f-437a-bae8-c43ab399d377"}'
    headers:
      Connection:
      - keep-alive
      Content-Type:
      - application/json
      Date:
      - Sun, 02 Nov 2025 04:16:39 GMT
      Server:
      - nginx/1.25.3
      Transfer-Encoding:
      - chunked
      content-length:
      - '77'
    status:
      code: 200
      message: OK
- request:
    body: ''
    headers:
      accept:
      - '*/*'
      accept-encoding:
      - gzip, deflate
      connection:
      - keep-alive
      host:
      - gizmok49.fhcrc.org:32951
      user-agent:
      - python-httpx/0.28.1
    method: GET
    uri: https://gizmok49.fhcrc.org:32951/api/workflows/v1/a33cf5a8-4e1f-437a-bae8-c43ab399d377/metadata?includeKey=status&includeKey=failures&includeKey=jobId
  response:
    body:
      string: '{"status":"Submitted","calls":{},"id":"a33cf5a8-4e1f-437a-bae8-c43ab399d377"}'
    headers:
      Connection:
      - keep-alive
      Content-Type:
      - application/json
      Date:
      - Sun, 02 Nov 2025 04:16:44 GMT
      Server:
      - nginx/1.25.3
      Transfer-Encoding:
      - chunked
      content-length:
      - '77'
    status:
      code: 200
      message: OK
- request:
    body: ''
    headers:
      accept:
      - '*/*'
      accept-encoding:
      - gzip, deflate
      connection:
      - keep-alive
      host:
      - gizmok49.fhcrc.org:32951
      user-agent:
      - python-httpx/0.28.1
    method: GET
    uri: https://gizmok49.fhcrc.org:32951/api/workflows/v1/a33cf5a8-4e1f-437a-bae8-c43ab399d377/metadata?includeKey=status&includeKey=failures&includeKey=jobId
  response:
    body:
      string: '{"status":"Submitted","calls":{},"id":"a33cf5a8-4e1f-437a-bae8-c43ab399d377"}'
    headers:
      Connection:
      - keep-alive
      Content-Type:
      - application/json
      Date:
      - Sun, 02 Nov 2025 04:16:49 GMT
      Server:
      - nginx/1.25.3
      Transfer-Encoding:
      - chunked
      content-length:
      - '77'
    status:
      code: 200
      message: OK
- request:
    body: ''
    headers:
      accept:
      - '*/*'
      accept-encoding:
      - gzip, deflate
      connection:
      - keep-alive
      host:
      - gizmok49.fhcrc.org:32951
      user-agent:
      - python-httpx/0.28.1
    method: GET
    uri: https://gizmok49.fhcrc.org:32951/api/workflows/v1/a33cf5a8-4e1f-437a-bae8-c43ab399d377/metadata?includeKey=status&includeKey=failures&includeKey=jobId
  response:
    body:
      string: '{"status":"Submitted","calls":{},"id":"a33cf5a8-4e1f-437a-bae8-c43ab399d377"}'
    headers:
      Connection:
      - keep-alive
      Content-Type:
      - application/json
      Date:
      - Sun, 02 Nov 2025 04:16:54 GMT
      Server:
      - nginx/1.25.3
      Transfer-Encoding:
      - chunked
      content-length:
      - '77'
    status:
      code: 200
      message: OK
- request:
    body: ''
    headers:
      accept:
      - '*/*'
      accept-encoding:
      - gzip, deflate
      connection:
      - keep-alive
      host:
      - gizmok49.fhcrc.org:32951
      user-agent:
      - python-httpx/0.28.1
    method: GET
    uri: https://gizmok49.fhcrc.org:32951/api/workflows/v1/a33cf5a8-4e1f-437a-bae8-c43ab399d377/metadata?includeKey=status&includeKey=failures&includeKey=jobId
  response:
    body:
      string: '{"status":"Submitted","calls":{},"id":"a33cf5a8-4e1f-437a-bae8-c43ab399d377"}'
    headers:
      Connection:
      - keep-alive
      Content-Type:
      - application/json
      Date:
      - Sun, 02 Nov 2025 04:16:59 GMT
      Server:
      - nginx/1.25.3
      Transfer-Encoding:
      - chunked
      content-length:
      - '77'
    status:
      code: 200
      message: OK
- request:
    body: ''
    headers:
      accept:
      - '*/*'
      accept-encoding:
      - gzip, deflate
      connection:
      - keep-alive
      host:
      - gizmok49.fhcrc.org:32951
      user-agent:
      - python-httpx/0.28.1
    method: GET
    uri: https://gizmok49.fhcrc.org:32951/api/workflows/v1/a33cf5a8-4e1f-437a-bae8-c43ab399d377/metadata?includeKey=status&includeKey=failures&includeKey=jobId
  response:
    body:
      string: '{"status":"Submitted","calls":{},"id":"a33cf5a8-4e1f-437a-bae8-c43ab399d377"}'
    headers:
      Connection:
      - keep-alive
      Content-Type:
      - application/json
      Date:
      - Sun, 02 Nov 2025 04:17:04 GMT
      Server:
      - nginx/1.25.3
      Transfer-Encoding:
      - chunked
      content-length:
      - '77'
    status:
      code: 200
      message: OK
- request:
    body: ''
    headers:
      accept:
      - '*/*'
      accept-encoding:
      - gzip, deflate
      connection:
      - keep-alive
      host:
      - gizmok49.fhcrc.org:32951
      user-agent:
      - python-httpx/0.28.1
    method: GET
    uri: https://gizmok49.fhcrc.org:32951/api/workflows/v1/a33cf5a8-4e1f-437a-bae8-c43ab399d377/metadata?includeKey=status&includeKey=failures&includeKey=jobId
  response:
    body:
      string: '{"status":"Submitted","calls":{},"id":"a33cf5a8-4e1f-437a-bae8-c43ab399d377"}'
    headers:
      Connection:
      - keep-alive
      Content-Type:
      - application/json
      Date:
      - Sun, 02 Nov 2025 04:17:09 GMT
      Server:
      - nginx/1.25.3
      Transfer-Encoding:
      - chunked
      content-length:
      - '77'
    status:
      code: 200
      message: OK
- request:
    body: ''
    headers:
      accept:
      - '*/*'
      accept-encoding:
      - gzip, deflate
      connection:
      - keep-alive
      host:
      - gizmok49.fhcrc.org:32951
      user-agent:
      - python-httpx/0.28.1
    method: GET
    uri: https://gizmok49.fhcrc.org:32951/api/workflows/v1/a33cf5a8-4e1f-437a-bae8-c43ab399d377/metadata?includeKey=status&includeKey=failures&includeKey=jobId
  response:
    body:
      string: '{"status":"Submitted","calls":{},"id":"a33cf5a8-4e1f-437a-bae8-c43ab399d377"}'
    headers:
      Connection:
      - keep-alive
      Content-Type:
      - application/json
      Date:
      - Sun, 02 Nov 2025 04:17:15 GMT
      Server:
      - nginx/1.25.3
      Transfer-Encoding:
      - chunked
      content-length:
      - '77'
    status:
      code: 200
      message: OK
- request:
    body: ''
    headers:
      accept:
      - '*/*'
      accept-encoding:
      - gzip, deflate
      connection:
      - keep-alive
      host:
      - gizmok49.fhcrc.org:32951
      user-agent:
      - python-httpx/0.28.1
    method: GET
    uri: https://gizmok49.fhcrc.org:32951/api/workflows/v1/a33cf5a8-4e1f-437a-bae8-c43ab399d377/metadata?includeKey=status&includeKey=failures&includeKey=jobId
  response:
    body:
      string: '{"status":"Submitted","calls":{},"id":"a33cf5a8-4e1f-437a-bae8-c43ab399d377"}'
    headers:
      Connection:
      - keep-alive
      Content-Type:
      - application/json
      Date:
      - Sun, 02 Nov 2025 04:17:20 GMT
      Server:
      - nginx/1.25.3
      Transfer-Encoding:
      - chunked
      content-length:
      - '77'
    status:
      code: 200
      message: OK
- request:
    body: ''
    headers:
      accept:
      - '*/*'
      accept-encoding:
      - gzip, deflate
      connection:
      - keep-alive
      host:
      - gizmok49.fhcrc.org:32951
      user-agent:
      - python-httpx/0.28.1
    method: GET
    uri: https://gizmok49.fhcrc.org:32951/api/workflows/v1/a33cf5a8-4e1f-437a-bae8-c43ab399d377/metadata?includeKey=status&includeKey=failures&includeKey=jobId
  response:
    body:
      string: '{"status":"Submitted","calls":{},"id":"a33cf5a8-4e1f-437a-bae8-c43ab399d377"}'
    headers:
      Connection:
      - keep-alive
      Content-Type:
      - application/json
      Date:
      - Sun, 02 Nov 2025 04:17:25 GMT
      Server:
      - nginx/1.25.3
      Transfer-Encoding:
      - chunked
      content-length:
      - '77'
    status:
      code: 200
      message: OK
- request:
    body: ''
    headers:
      accept:
      - '*/*'
      accept-encoding:
      - gzip, deflate
      connection:
      - keep-alive
      host:
      - gizmok49.fhcrc.org:32951
      user-agent:
      - python-httpx/0.28.1
    method: GET
    uri: https://gizmok49.fhcrc.org:32951/api/workflows/v1/a33cf5a8-4e1f-437a-bae8-c43ab399d377/metadata?includeKey=status&includeKey=failures&includeKey=jobId
  response:
    body:
      string: '{"status":"Submitted","calls":{},"id":"a33cf5a8-4e1f-437a-bae8-c43ab399d377"}'
    headers:
      Connection:
      - keep-alive
      Content-Type:
      - application/json
      Date:
      - Sun, 02 Nov 2025 04:17:30 GMT
      Server:
      - nginx/1.25.3
      Transfer-Encoding:
      - chunked
      content-length:
      - '77'
    status:
      code: 200
      message: OK
- request:
    body: ''
    headers:
      accept:
      - '*/*'
      accept-encoding:
      - gzip, deflate
      connection:
      - keep-alive
      host:
      - gizmok49.fhcrc.org:32951
      user-agent:
      - python-httpx/0.28.1
    method: GET
    uri: https://gizmok49.fhcrc.org:32951/api/workflows/v1/a33cf5a8-4e1f-437a-bae8-c43ab399d377/metadata?includeKey=status&includeKey=failures&includeKey=jobId
  response:
    body:
      string: '{"status":"Submitted","calls":{},"id":"a33cf5a8-4e1f-437a-bae8-c43ab399d377"}'
    headers:
      Connection:
      - keep-alive
      Content-Type:
      - application/json
      Date:
      - Sun, 02 Nov 2025 04:17:35 GMT
      Server:
      - nginx/1.25.3
      Transfer-Encoding:
      - chunked
      content-length:
      - '77'
    status:
      code: 200
      message: OK
- request:
    body: ''
    headers:
      accept:
      - '*/*'
      accept-encoding:
      - gzip, deflate
      connection:
      - keep-alive
      host:
      - gizmok49.fhcrc.org:32951
      user-agent:
      - python-httpx/0.28.1
    method: GET
    uri: https://gizmok49.fhcrc.org:32951/api/workflows/v1/a33cf5a8-4e1f-437a-bae8-c43ab399d377/metadata?includeKey=status&includeKey=failures&includeKey=jobId
  response:
    body:
      string: '{"status":"Submitted","calls":{},"id":"a33cf5a8-4e1f-437a-bae8-c43ab399d377"}'
    headers:
      Connection:
      - keep-alive
      Content-Type:
      - application/json
      Date:
      - Sun, 02 Nov 2025 04:17:40 GMT
      Server:
      - nginx/1.25.3
      Transfer-Encoding:
      - chunked
      content-length:
      - '77'
    status:
      code: 200
      message: OK
- request:
    body: ''
    headers:
      accept:
      - '*/*'
      accept-encoding:
      - gzip, deflate
      connection:
      - keep-alive
      host:
      - gizmok49.fhcrc.org:32951
      user-agent:
      - python-httpx/0.28.1
    method: GET
    uri: https://gizmok49.fhcrc.org:32951/api/workflows/v1/a33cf5a8-4e1f-437a-bae8-c43ab399d377/metadata?includeKey=status&includeKey=failures&includeKey=jobId
  response:
    body:
      string: '{"status":"Submitted","calls":{},"id":"a33cf5a8-4e1f-437a-bae8-c43ab399d377"}'
    headers:
      Connection:
      - keep-alive
      Content-Type:
      - application/json
      Date:
      - Sun, 02 Nov 2025 04:17:45 GMT
      Server:
      - nginx/1.25.3
      Transfer-Encoding:
      - chunked
      content-length:
      - '77'
    status:
      code: 200
      message: OK
- request:
    body: ''
    headers:
      accept:
      - '*/*'
      accept-encoding:
      - gzip, deflate
      connection:
      - keep-alive
      host:
      - gizmok49.fhcrc.org:32951
      user-agent:
      - python-httpx/0.28.1
    method: GET
    uri: https://gizmok49.fhcrc.org:32951/api/workflows/v1/a33cf5a8-4e1f-437a-bae8-c43ab399d377/metadata?includeKey=status&includeKey=failures&includeKey=jobId
  response:
    body:
      string: '{"status":"Submitted","calls":{},"id":"a33cf5a8-4e1f-437a-bae8-c43ab399d377"}'
    headers:
      Connection:
      - keep-alive
      Content-Type:
      - application/json
      Date:
      - Sun, 02 Nov 2025 04:17:50 GMT
      Server:
      - nginx/1.25.3
      Transfer-Encoding:
      - chunked
      content-length:
      - '77'
    status:
      code: 200
      message: OK
- request:
    body: ''
    headers:
      accept:
      - '*/*'
      accept-encoding:
      - gzip, deflate
      connection:
      - keep-alive
      host:
      - gizmok49.fhcrc.org:32951
      user-agent:
      - python-httpx/0.28.1
    method: GET
    uri: https://gizmok49.fhcrc.org:32951/api/workflows/v1/a33cf5a8-4e1f-437a-bae8-c43ab399d377/metadata?includeKey=status&includeKey=failures&includeKey=jobId
  response:
    body:
      string: '{"status":"Submitted","calls":{},"id":"a33cf5a8-4e1f-437a-bae8-c43ab399d377"}'
    headers:
      Connection:
      - keep-alive
      Content-Type:
      - application/json
      Date:
      - Sun, 02 Nov 2025 04:17:55 GMT
      Server:
      - nginx/1.25.3
      Transfer-Encoding:
      - chunked
      content-length:
      - '77'
    status:
      code: 200
      message: OK
- request:
    body: ''
    headers:
      accept:
      - '*/*'
      accept-encoding:
      - gzip, deflate
      connection:
      - keep-alive
      host:
      - gizmok49.fhcrc.org:32951
      user-agent:
      - python-httpx/0.28.1
    method: GET
    uri: https://gizmok49.fhcrc.org:32951/api/workflows/v1/a33cf5a8-4e1f-437a-bae8-c43ab399d377/metadata?includeKey=status&includeKey=failures&includeKey=jobId
  response:
    body:
      string: '{"status":"Submitted","calls":{},"id":"a33cf5a8-4e1f-437a-bae8-c43ab399d377"}'
    headers:
      Connection:
      - keep-alive
      Content-Type:
      - application/json
      Date:
      - Sun, 02 Nov 2025 04:18:00 GMT
      Server:
      - nginx/1.25.3
      Transfer-Encoding:
      - chunked
      content-length:
      - '77'
    status:
      code: 200
      message: OK
- request:
    body: ''
    headers:
      accept:
      - '*/*'
      accept-encoding:
      - gzip, deflate
      connection:
      - keep-alive
      host:
      - gizmok49.fhcrc.org:32951
      user-agent:
      - python-httpx/0.28.1
    method: GET
    uri: https://gizmok49.fhcrc.org:32951/api/workflows/v1/a33cf5a8-4e1f-437a-bae8-c43ab399d377/metadata?includeKey=status&includeKey=failures&includeKey=jobId
  response:
    body:
      string: '{"status":"Submitted","calls":{},"id":"a33cf5a8-4e1f-437a-bae8-c43ab399d377"}'
    headers:
      Connection:
      - keep-alive
      Content-Type:
      - application/json
      Date:
      - Sun, 02 Nov 2025 04:18:05 GMT
      Server:
      - nginx/1.25.3
      Transfer-Encoding:
      - chunked
      content-length:
      - '77'
    status:
      code: 200
      message: OK
- request:
    body: ''
    headers:
      accept:
      - '*/*'
      accept-encoding:
      - gzip, deflate
      connection:
      - keep-alive
      host:
      - gizmok49.fhcrc.org:32951
      user-agent:
      - python-httpx/0.28.1
    method: GET
    uri: https://gizmok49.fhcrc.org:32951/api/workflows/v1/a33cf5a8-4e1f-437a-bae8-c43ab399d377/metadata?includeKey=status&includeKey=failures&includeKey=jobId
  response:
    body:
      string: '{"status":"Submitted","calls":{},"id":"a33cf5a8-4e1f-437a-bae8-c43ab399d377"}'
    headers:
      Connection:
      - keep-alive
      Content-Type:
      - application/json
      Date:
      - Sun, 02 Nov 2025 04:18:10 GMT
      Server:
      - nginx/1.25.3
      Transfer-Encoding:
      - chunked
      content-length:
      - '77'
    status:
      code: 200
      message: OK
- request:
    body: ''
    headers:
      accept:
      - '*/*'
      accept-encoding:
      - gzip, deflate
      connection:
      - keep-alive
      host:
      - gizmok49.fhcrc.org:32951
      user-agent:
      - python-httpx/0.28.1
    method: GET
    uri: https://gizmok49.fhcrc.org:32951/api/workflows/v1/a33cf5a8-4e1f-437a-bae8-c43ab399d377/metadata?includeKey=status&includeKey=failures&includeKey=jobId
  response:
    body:
      string: '{"status":"Submitted","calls":{},"id":"a33cf5a8-4e1f-437a-bae8-c43ab399d377"}'
    headers:
      Connection:
      - keep-alive
      Content-Type:
      - application/json
      Date:
      - Sun, 02 Nov 2025 04:18:15 GMT
      Server:
      - nginx/1.25.3
      Transfer-Encoding:
      - chunked
      content-length:
      - '77'
    status:
      code: 200
      message: OK
- request:
    body: ''
    headers:
      accept:
      - '*/*'
      accept-encoding:
      - gzip, deflate
      connection:
      - keep-alive
      host:
      - gizmok49.fhcrc.org:32951
      user-agent:
      - python-httpx/0.28.1
    method: GET
    uri: https://gizmok49.fhcrc.org:32951/api/workflows/v1/a33cf5a8-4e1f-437a-bae8-c43ab399d377/metadata?includeKey=status&includeKey=failures&includeKey=jobId
  response:
    body:
      string: '{"status":"Submitted","calls":{},"id":"a33cf5a8-4e1f-437a-bae8-c43ab399d377"}'
    headers:
      Connection:
      - keep-alive
      Content-Type:
      - application/json
      Date:
      - Sun, 02 Nov 2025 04:18:20 GMT
      Server:
      - nginx/1.25.3
      Transfer-Encoding:
      - chunked
      content-length:
      - '77'
    status:
      code: 200
      message: OK
- request:
    body: ''
    headers:
      accept:
      - '*/*'
      accept-encoding:
      - gzip, deflate
      connection:
      - keep-alive
      host:
      - gizmok49.fhcrc.org:32951
      user-agent:
      - python-httpx/0.28.1
    method: GET
    uri: https://gizmok49.fhcrc.org:32951/api/workflows/v1/a33cf5a8-4e1f-437a-bae8-c43ab399d377/metadata?includeKey=status&includeKey=failures&includeKey=jobId
  response:
    body:
      string: '{"status":"Submitted","calls":{},"id":"a33cf5a8-4e1f-437a-bae8-c43ab399d377"}'
    headers:
      Connection:
      - keep-alive
      Content-Type:
      - application/json
      Date:
      - Sun, 02 Nov 2025 04:18:25 GMT
      Server:
      - nginx/1.25.3
      Transfer-Encoding:
      - chunked
      content-length:
      - '77'
    status:
      code: 200
      message: OK
- request:
    body: ''
    headers:
      accept:
      - '*/*'
      accept-encoding:
      - gzip, deflate
      connection:
      - keep-alive
      host:
      - gizmok49.fhcrc.org:32951
      user-agent:
      - python-httpx/0.28.1
    method: GET
    uri: https://gizmok49.fhcrc.org:32951/api/workflows/v1/a33cf5a8-4e1f-437a-bae8-c43ab399d377/metadata?includeKey=status&includeKey=failures&includeKey=jobId
  response:
    body:
      string: '{"status":"Submitted","calls":{},"id":"a33cf5a8-4e1f-437a-bae8-c43ab399d377"}'
    headers:
      Connection:
      - keep-alive
      Content-Type:
      - application/json
      Date:
      - Sun, 02 Nov 2025 04:18:30 GMT
      Server:
      - nginx/1.25.3
      Transfer-Encoding:
      - chunked
      content-length:
      - '77'
    status:
      code: 200
      message: OK
- request:
    body: ''
    headers:
      accept:
      - '*/*'
      accept-encoding:
      - gzip, deflate
      connection:
      - keep-alive
      host:
      - gizmok49.fhcrc.org:32951
      user-agent:
      - python-httpx/0.28.1
    method: GET
    uri: https://gizmok49.fhcrc.org:32951/api/workflows/v1/a33cf5a8-4e1f-437a-bae8-c43ab399d377/metadata?includeKey=status&includeKey=failures&includeKey=jobId
  response:
    body:
      string: '{"status":"Submitted","calls":{},"id":"a33cf5a8-4e1f-437a-bae8-c43ab399d377"}'
    headers:
      Connection:
      - keep-alive
      Content-Type:
      - application/json
      Date:
      - Sun, 02 Nov 2025 04:18:35 GMT
      Server:
      - nginx/1.25.3
      Transfer-Encoding:
      - chunked
      content-length:
      - '77'
    status:
      code: 200
      message: OK
- request:
    body: ''
    headers:
      accept:
      - '*/*'
      accept-encoding:
      - gzip, deflate
      connection:
      - keep-alive
      host:
      - gizmok49.fhcrc.org:32951
      user-agent:
      - python-httpx/0.28.1
    method: GET
    uri: https://gizmok49.fhcrc.org:32951/api/workflows/v1/a33cf5a8-4e1f-437a-bae8-c43ab399d377/metadata?includeKey=status&includeKey=failures&includeKey=jobId
  response:
    body:
      string: '{"status":"Submitted","calls":{},"id":"a33cf5a8-4e1f-437a-bae8-c43ab399d377"}'
    headers:
      Connection:
      - keep-alive
      Content-Type:
      - application/json
      Date:
      - Sun, 02 Nov 2025 04:18:40 GMT
      Server:
      - nginx/1.25.3
      Transfer-Encoding:
      - chunked
      content-length:
      - '77'
    status:
      code: 200
      message: OK
- request:
    body: ''
    headers:
      accept:
      - '*/*'
      accept-encoding:
      - gzip, deflate
      connection:
      - keep-alive
      host:
      - gizmok49.fhcrc.org:32951
      user-agent:
      - python-httpx/0.28.1
    method: GET
    uri: https://gizmok49.fhcrc.org:32951/api/workflows/v1/a33cf5a8-4e1f-437a-bae8-c43ab399d377/metadata?includeKey=status&includeKey=failures&includeKey=jobId
  response:
    body:
      string: '{"status":"Submitted","calls":{},"id":"a33cf5a8-4e1f-437a-bae8-c43ab399d377"}'
    headers:
      Connection:
      - keep-alive
      Content-Type:
      - application/json
      Date:
      - Sun, 02 Nov 2025 04:18:45 GMT
      Server:
      - nginx/1.25.3
      Transfer-Encoding:
      - chunked
      content-length:
      - '77'
    status:
      code: 200
      message: OK
- request:
    body: ''
    headers:
      accept:
      - '*/*'
      accept-encoding:
      - gzip, deflate
      connection:
      - keep-alive
      host:
      - gizmok49.fhcrc.org:32951
      user-agent:
      - python-httpx/0.28.1
    method: GET
    uri: https://gizmok49.fhcrc.org:32951/api/workflows/v1/a33cf5a8-4e1f-437a-bae8-c43ab399d377/metadata?includeKey=status&includeKey=failures&includeKey=jobId
  response:
    body:
      string: '{"status":"Submitted","calls":{},"id":"a33cf5a8-4e1f-437a-bae8-c43ab399d377"}'
    headers:
      Connection:
      - keep-alive
      Content-Type:
      - application/json
      Date:
      - Sun, 02 Nov 2025 04:18:50 GMT
      Server:
      - nginx/1.25.3
      Transfer-Encoding:
      - chunked
      content-length:
      - '77'
    status:
      code: 200
      message: OK
- request:
    body: ''
    headers:
      accept:
      - '*/*'
      accept-encoding:
      - gzip, deflate
      connection:
      - keep-alive
      host:
      - gizmok49.fhcrc.org:32951
      user-agent:
      - python-httpx/0.28.1
    method: GET
    uri: https://gizmok49.fhcrc.org:32951/api/workflows/v1/a33cf5a8-4e1f-437a-bae8-c43ab399d377/metadata?includeKey=status&includeKey=failures&includeKey=jobId
  response:
    body:
      string: '{"status":"Submitted","calls":{},"id":"a33cf5a8-4e1f-437a-bae8-c43ab399d377"}'
    headers:
      Connection:
      - keep-alive
      Content-Type:
      - application/json
      Date:
      - Sun, 02 Nov 2025 04:18:55 GMT
      Server:
      - nginx/1.25.3
      Transfer-Encoding:
      - chunked
      content-length:
      - '77'
    status:
      code: 200
      message: OK
- request:
    body: ''
    headers:
      accept:
      - '*/*'
      accept-encoding:
      - gzip, deflate
      connection:
      - keep-alive
      host:
      - gizmok49.fhcrc.org:32951
      user-agent:
      - python-httpx/0.28.1
    method: GET
    uri: https://gizmok49.fhcrc.org:32951/api/workflows/v1/a33cf5a8-4e1f-437a-bae8-c43ab399d377/metadata?includeKey=status&includeKey=failures&includeKey=jobId
  response:
    body:
      string: '{"status":"Submitted","calls":{},"id":"a33cf5a8-4e1f-437a-bae8-c43ab399d377"}'
    headers:
      Connection:
      - keep-alive
      Content-Type:
      - application/json
      Date:
      - Sun, 02 Nov 2025 04:19:00 GMT
      Server:
      - nginx/1.25.3
      Transfer-Encoding:
      - chunked
      content-length:
      - '77'
    status:
      code: 200
      message: OK
- request:
    body: ''
    headers:
      accept:
      - '*/*'
      accept-encoding:
      - gzip, deflate
      connection:
      - keep-alive
      host:
      - gizmok49.fhcrc.org:32951
      user-agent:
      - python-httpx/0.28.1
    method: GET
    uri: https://gizmok49.fhcrc.org:32951/api/workflows/v1/a33cf5a8-4e1f-437a-bae8-c43ab399d377/metadata?includeKey=status&includeKey=failures&includeKey=jobId
  response:
    body:
      string: '{"status":"Submitted","calls":{},"id":"a33cf5a8-4e1f-437a-bae8-c43ab399d377"}'
    headers:
      Connection:
      - keep-alive
      Content-Type:
      - application/json
      Date:
      - Sun, 02 Nov 2025 04:19:05 GMT
      Server:
      - nginx/1.25.3
      Transfer-Encoding:
      - chunked
      content-length:
      - '77'
    status:
      code: 200
      message: OK
- request:
    body: ''
    headers:
      accept:
      - '*/*'
      accept-encoding:
      - gzip, deflate
      connection:
      - keep-alive
      host:
      - gizmok49.fhcrc.org:32951
      user-agent:
      - python-httpx/0.28.1
    method: GET
    uri: https://gizmok49.fhcrc.org:32951/api/workflows/v1/a33cf5a8-4e1f-437a-bae8-c43ab399d377/metadata?includeKey=status&includeKey=failures&includeKey=jobId
  response:
    body:
      string: '{"status":"Submitted","calls":{},"id":"a33cf5a8-4e1f-437a-bae8-c43ab399d377"}'
    headers:
      Connection:
      - keep-alive
      Content-Type:
      - application/json
      Date:
      - Sun, 02 Nov 2025 04:19:10 GMT
      Server:
      - nginx/1.25.3
      Transfer-Encoding:
      - chunked
      content-length:
      - '77'
    status:
      code: 200
      message: OK
- request:
    body: ''
    headers:
      accept:
      - '*/*'
      accept-encoding:
      - gzip, deflate
      connection:
      - keep-alive
      host:
      - gizmok49.fhcrc.org:32951
      user-agent:
      - python-httpx/0.28.1
    method: GET
    uri: https://gizmok49.fhcrc.org:32951/api/workflows/v1/a33cf5a8-4e1f-437a-bae8-c43ab399d377/metadata?includeKey=status&includeKey=failures&includeKey=jobId
  response:
    body:
      string: '{"status":"Submitted","calls":{},"id":"a33cf5a8-4e1f-437a-bae8-c43ab399d377"}'
    headers:
      Connection:
      - keep-alive
      Content-Type:
      - application/json
      Date:
      - Sun, 02 Nov 2025 04:19:15 GMT
      Server:
      - nginx/1.25.3
      Transfer-Encoding:
      - chunked
      content-length:
      - '77'
    status:
      code: 200
      message: OK
- request:
    body: ''
    headers:
      accept:
      - '*/*'
      accept-encoding:
      - gzip, deflate
      connection:
      - keep-alive
      host:
      - gizmok49.fhcrc.org:32951
      user-agent:
      - python-httpx/0.28.1
    method: GET
    uri: https://gizmok49.fhcrc.org:32951/api/workflows/v1/a33cf5a8-4e1f-437a-bae8-c43ab399d377/metadata?includeKey=status&includeKey=failures&includeKey=jobId
  response:
    body:
      string: '{"status":"Submitted","calls":{},"id":"a33cf5a8-4e1f-437a-bae8-c43ab399d377"}'
    headers:
      Connection:
      - keep-alive
      Content-Type:
      - application/json
      Date:
      - Sun, 02 Nov 2025 04:19:21 GMT
      Server:
      - nginx/1.25.3
      Transfer-Encoding:
      - chunked
      content-length:
      - '77'
    status:
      code: 200
      message: OK
- request:
    body: ''
    headers:
      accept:
      - '*/*'
      accept-encoding:
      - gzip, deflate
      connection:
      - keep-alive
      host:
      - gizmok49.fhcrc.org:32951
      user-agent:
      - python-httpx/0.28.1
    method: GET
    uri: https://gizmok49.fhcrc.org:32951/api/workflows/v1/a33cf5a8-4e1f-437a-bae8-c43ab399d377/metadata?includeKey=status&includeKey=failures&includeKey=jobId
  response:
    body:
      string: '{"status":"Submitted","calls":{},"id":"a33cf5a8-4e1f-437a-bae8-c43ab399d377"}'
    headers:
      Connection:
      - keep-alive
      Content-Type:
      - application/json
      Date:
      - Sun, 02 Nov 2025 04:19:26 GMT
      Server:
      - nginx/1.25.3
      Transfer-Encoding:
      - chunked
      content-length:
      - '77'
    status:
      code: 200
      message: OK
- request:
    body: ''
    headers:
      accept:
      - '*/*'
      accept-encoding:
      - gzip, deflate
      connection:
      - keep-alive
      host:
      - gizmok49.fhcrc.org:32951
      user-agent:
      - python-httpx/0.28.1
    method: GET
    uri: https://gizmok49.fhcrc.org:32951/api/workflows/v1/a33cf5a8-4e1f-437a-bae8-c43ab399d377/metadata?includeKey=status&includeKey=failures&includeKey=jobId
  response:
    body:
      string: '{"status":"Submitted","calls":{},"id":"a33cf5a8-4e1f-437a-bae8-c43ab399d377"}'
    headers:
      Connection:
      - keep-alive
      Content-Type:
      - application/json
      Date:
      - Sun, 02 Nov 2025 04:19:31 GMT
      Server:
      - nginx/1.25.3
      Transfer-Encoding:
      - chunked
      content-length:
      - '77'
    status:
      code: 200
      message: OK
- request:
    body: ''
    headers:
      accept:
      - '*/*'
      accept-encoding:
      - gzip, deflate
      connection:
      - keep-alive
      host:
      - gizmok49.fhcrc.org:32951
      user-agent:
      - python-httpx/0.28.1
    method: GET
    uri: https://gizmok49.fhcrc.org:32951/api/workflows/v1/a33cf5a8-4e1f-437a-bae8-c43ab399d377/metadata?includeKey=status&includeKey=failures&includeKey=jobId
  response:
    body:
      string: '{"status":"Submitted","calls":{},"id":"a33cf5a8-4e1f-437a-bae8-c43ab399d377"}'
    headers:
      Connection:
      - keep-alive
      Content-Type:
      - application/json
      Date:
      - Sun, 02 Nov 2025 04:19:36 GMT
      Server:
      - nginx/1.25.3
      Transfer-Encoding:
      - chunked
      content-length:
      - '77'
    status:
      code: 200
      message: OK
- request:
    body: ''
    headers:
      accept:
      - '*/*'
      accept-encoding:
      - gzip, deflate
      connection:
      - keep-alive
      host:
      - gizmok49.fhcrc.org:32951
      user-agent:
      - python-httpx/0.28.1
    method: GET
    uri: https://gizmok49.fhcrc.org:32951/api/workflows/v1/a33cf5a8-4e1f-437a-bae8-c43ab399d377/metadata?includeKey=status&includeKey=failures&includeKey=jobId
  response:
    body:
      string: '{"status":"Submitted","calls":{},"id":"a33cf5a8-4e1f-437a-bae8-c43ab399d377"}'
    headers:
      Connection:
      - keep-alive
      Content-Type:
      - application/json
      Date:
      - Sun, 02 Nov 2025 04:19:41 GMT
      Server:
      - nginx/1.25.3
      Transfer-Encoding:
      - chunked
      content-length:
      - '77'
    status:
      code: 200
      message: OK
- request:
    body: ''
    headers:
      accept:
      - '*/*'
      accept-encoding:
      - gzip, deflate
      connection:
      - keep-alive
      host:
      - gizmok49.fhcrc.org:32951
      user-agent:
      - python-httpx/0.28.1
    method: GET
    uri: https://gizmok49.fhcrc.org:32951/api/workflows/v1/a33cf5a8-4e1f-437a-bae8-c43ab399d377/metadata?includeKey=status&includeKey=failures&includeKey=jobId
  response:
    body:
      string: '{"status":"Submitted","calls":{},"id":"a33cf5a8-4e1f-437a-bae8-c43ab399d377"}'
    headers:
      Connection:
      - keep-alive
      Content-Type:
      - application/json
      Date:
      - Sun, 02 Nov 2025 04:19:46 GMT
      Server:
      - nginx/1.25.3
      Transfer-Encoding:
      - chunked
      content-length:
      - '77'
    status:
      code: 200
      message: OK
- request:
    body: ''
    headers:
      accept:
      - '*/*'
      accept-encoding:
      - gzip, deflate
      connection:
      - keep-alive
      host:
      - gizmok49.fhcrc.org:32951
      user-agent:
      - python-httpx/0.28.1
    method: GET
    uri: https://gizmok49.fhcrc.org:32951/api/workflows/v1/a33cf5a8-4e1f-437a-bae8-c43ab399d377/metadata?includeKey=status&includeKey=failures&includeKey=jobId
  response:
    body:
      string: '{"status":"Submitted","calls":{},"id":"a33cf5a8-4e1f-437a-bae8-c43ab399d377"}'
    headers:
      Connection:
      - keep-alive
      Content-Type:
      - application/json
      Date:
      - Sun, 02 Nov 2025 04:19:51 GMT
      Server:
      - nginx/1.25.3
      Transfer-Encoding:
      - chunked
      content-length:
      - '77'
    status:
      code: 200
      message: OK
- request:
    body: ''
    headers:
      accept:
      - '*/*'
      accept-encoding:
      - gzip, deflate
      connection:
      - keep-alive
      host:
      - gizmok49.fhcrc.org:32951
      user-agent:
      - python-httpx/0.28.1
    method: GET
    uri: https://gizmok49.fhcrc.org:32951/api/workflows/v1/a33cf5a8-4e1f-437a-bae8-c43ab399d377/metadata?includeKey=status&includeKey=failures&includeKey=jobId
  response:
    body:
      string: '{"status":"Submitted","calls":{},"id":"a33cf5a8-4e1f-437a-bae8-c43ab399d377"}'
    headers:
      Connection:
      - keep-alive
      Content-Type:
      - application/json
      Date:
      - Sun, 02 Nov 2025 04:19:56 GMT
      Server:
      - nginx/1.25.3
      Transfer-Encoding:
      - chunked
      content-length:
      - '77'
    status:
      code: 200
      message: OK
- request:
    body: ''
    headers:
      accept:
      - '*/*'
      accept-encoding:
      - gzip, deflate
      connection:
      - keep-alive
      host:
      - gizmok49.fhcrc.org:32951
      user-agent:
      - python-httpx/0.28.1
    method: GET
    uri: https://gizmok49.fhcrc.org:32951/api/workflows/v1/a33cf5a8-4e1f-437a-bae8-c43ab399d377/metadata?includeKey=status&includeKey=failures&includeKey=jobId
  response:
    body:
      string: '{"status":"Submitted","calls":{},"id":"a33cf5a8-4e1f-437a-bae8-c43ab399d377"}'
    headers:
      Connection:
      - keep-alive
      Content-Type:
      - application/json
      Date:
      - Sun, 02 Nov 2025 04:20:01 GMT
      Server:
      - nginx/1.25.3
      Transfer-Encoding:
      - chunked
      content-length:
      - '77'
    status:
      code: 200
      message: OK
- request:
    body: ''
    headers:
      accept:
      - '*/*'
      accept-encoding:
      - gzip, deflate
      connection:
      - keep-alive
      host:
      - gizmok49.fhcrc.org:32951
      user-agent:
      - python-httpx/0.28.1
    method: GET
    uri: https://gizmok49.fhcrc.org:32951/api/workflows/v1/a33cf5a8-4e1f-437a-bae8-c43ab399d377/metadata?includeKey=status&includeKey=failures&includeKey=jobId
  response:
    body:
      string: '{"status":"Submitted","calls":{},"id":"a33cf5a8-4e1f-437a-bae8-c43ab399d377"}'
    headers:
      Connection:
      - keep-alive
      Content-Type:
      - application/json
      Date:
      - Sun, 02 Nov 2025 04:20:06 GMT
      Server:
      - nginx/1.25.3
      Transfer-Encoding:
      - chunked
      content-length:
      - '77'
    status:
      code: 200
      message: OK
- request:
    body: ''
    headers:
      accept:
      - '*/*'
      accept-encoding:
      - gzip, deflate
      connection:
      - keep-alive
      host:
      - gizmok49.fhcrc.org:32951
      user-agent:
      - python-httpx/0.28.1
    method: GET
    uri: https://gizmok49.fhcrc.org:32951/api/workflows/v1/a33cf5a8-4e1f-437a-bae8-c43ab399d377/metadata?includeKey=status&includeKey=failures&includeKey=jobId
  response:
    body:
      string: '{"status":"Submitted","calls":{},"id":"a33cf5a8-4e1f-437a-bae8-c43ab399d377"}'
    headers:
      Connection:
      - keep-alive
      Content-Type:
      - application/json
      Date:
      - Sun, 02 Nov 2025 04:20:11 GMT
      Server:
      - nginx/1.25.3
      Transfer-Encoding:
      - chunked
      content-length:
      - '77'
    status:
      code: 200
      message: OK
- request:
    body: ''
    headers:
      accept:
      - '*/*'
      accept-encoding:
      - gzip, deflate
      connection:
      - keep-alive
      host:
      - gizmok49.fhcrc.org:32951
      user-agent:
      - python-httpx/0.28.1
    method: GET
    uri: https://gizmok49.fhcrc.org:32951/api/workflows/v1/a33cf5a8-4e1f-437a-bae8-c43ab399d377/metadata?includeKey=status&includeKey=failures&includeKey=jobId
  response:
    body:
      string: '{"status":"Submitted","calls":{},"id":"a33cf5a8-4e1f-437a-bae8-c43ab399d377"}'
    headers:
      Connection:
      - keep-alive
      Content-Type:
      - application/json
      Date:
      - Sun, 02 Nov 2025 04:20:16 GMT
      Server:
      - nginx/1.25.3
      Transfer-Encoding:
      - chunked
      content-length:
      - '77'
    status:
      code: 200
      message: OK
- request:
    body: ''
    headers:
      accept:
      - '*/*'
      accept-encoding:
      - gzip, deflate
      connection:
      - keep-alive
      host:
      - gizmok49.fhcrc.org:32951
      user-agent:
      - python-httpx/0.28.1
    method: GET
    uri: https://gizmok49.fhcrc.org:32951/api/workflows/v1/a33cf5a8-4e1f-437a-bae8-c43ab399d377/metadata?includeKey=status&includeKey=failures&includeKey=jobId
  response:
    body:
      string: '{"status":"Submitted","calls":{},"id":"a33cf5a8-4e1f-437a-bae8-c43ab399d377"}'
    headers:
      Connection:
      - keep-alive
      Content-Type:
      - application/json
      Date:
      - Sun, 02 Nov 2025 04:20:21 GMT
      Server:
      - nginx/1.25.3
      Transfer-Encoding:
      - chunked
      content-length:
      - '77'
    status:
      code: 200
      message: OK
- request:
    body: ''
    headers:
      accept:
      - '*/*'
      accept-encoding:
      - gzip, deflate
      connection:
      - keep-alive
      host:
      - gizmok49.fhcrc.org:32951
      user-agent:
      - python-httpx/0.28.1
    method: GET
    uri: https://gizmok49.fhcrc.org:32951/api/workflows/v1/a33cf5a8-4e1f-437a-bae8-c43ab399d377/metadata?includeKey=status&includeKey=failures&includeKey=jobId
  response:
    body:
      string: '{"status":"Submitted","calls":{},"id":"a33cf5a8-4e1f-437a-bae8-c43ab399d377"}'
    headers:
      Connection:
      - keep-alive
      Content-Type:
      - application/json
      Date:
      - Sun, 02 Nov 2025 04:20:26 GMT
      Server:
      - nginx/1.25.3
      Transfer-Encoding:
      - chunked
      content-length:
      - '77'
    status:
      code: 200
      message: OK
- request:
    body: ''
    headers:
      accept:
      - '*/*'
      accept-encoding:
      - gzip, deflate
      connection:
      - keep-alive
      host:
      - gizmok49.fhcrc.org:32951
      user-agent:
      - python-httpx/0.28.1
    method: GET
    uri: https://gizmok49.fhcrc.org:32951/api/workflows/v1/a33cf5a8-4e1f-437a-bae8-c43ab399d377/metadata?includeKey=status&includeKey=failures&includeKey=jobId
  response:
    body:
      string: '{"status":"Submitted","calls":{},"id":"a33cf5a8-4e1f-437a-bae8-c43ab399d377"}'
    headers:
      Connection:
      - keep-alive
      Content-Type:
      - application/json
      Date:
      - Sun, 02 Nov 2025 04:20:31 GMT
      Server:
      - nginx/1.25.3
      Transfer-Encoding:
      - chunked
      content-length:
      - '77'
    status:
      code: 200
      message: OK
- request:
    body: ''
    headers:
      accept:
      - '*/*'
      accept-encoding:
      - gzip, deflate
      connection:
      - keep-alive
      host:
      - gizmok49.fhcrc.org:32951
      user-agent:
      - python-httpx/0.28.1
    method: GET
    uri: https://gizmok49.fhcrc.org:32951/api/workflows/v1/a33cf5a8-4e1f-437a-bae8-c43ab399d377/metadata?includeKey=status&includeKey=failures&includeKey=jobId
  response:
    body:
      string: '{"status":"Submitted","calls":{},"id":"a33cf5a8-4e1f-437a-bae8-c43ab399d377"}'
    headers:
      Connection:
      - keep-alive
      Content-Type:
      - application/json
      Date:
      - Sun, 02 Nov 2025 04:20:36 GMT
      Server:
      - nginx/1.25.3
      Transfer-Encoding:
      - chunked
      content-length:
      - '77'
    status:
      code: 200
      message: OK
- request:
    body: ''
    headers:
      accept:
      - '*/*'
      accept-encoding:
      - gzip, deflate
      connection:
      - keep-alive
      host:
      - gizmok49.fhcrc.org:32951
      user-agent:
      - python-httpx/0.28.1
    method: GET
    uri: https://gizmok49.fhcrc.org:32951/api/workflows/v1/a33cf5a8-4e1f-437a-bae8-c43ab399d377/metadata?includeKey=status&includeKey=failures&includeKey=jobId
  response:
    body:
      string: '{"status":"Submitted","calls":{},"id":"a33cf5a8-4e1f-437a-bae8-c43ab399d377"}'
    headers:
      Connection:
      - keep-alive
      Content-Type:
      - application/json
      Date:
      - Sun, 02 Nov 2025 04:20:41 GMT
      Server:
      - nginx/1.25.3
      Transfer-Encoding:
      - chunked
      content-length:
      - '77'
    status:
      code: 200
      message: OK
- request:
    body: ''
    headers:
      accept:
      - '*/*'
      accept-encoding:
      - gzip, deflate
      connection:
      - keep-alive
      host:
      - gizmok49.fhcrc.org:32951
      user-agent:
      - python-httpx/0.28.1
    method: GET
    uri: https://gizmok49.fhcrc.org:32951/api/workflows/v1/a33cf5a8-4e1f-437a-bae8-c43ab399d377/metadata?includeKey=status&includeKey=failures&includeKey=jobId
  response:
    body:
      string: '{"status":"Submitted","calls":{},"id":"a33cf5a8-4e1f-437a-bae8-c43ab399d377"}'
    headers:
      Connection:
      - keep-alive
      Content-Type:
      - application/json
      Date:
      - Sun, 02 Nov 2025 04:20:46 GMT
      Server:
      - nginx/1.25.3
      Transfer-Encoding:
      - chunked
      content-length:
      - '77'
    status:
      code: 200
      message: OK
- request:
    body: ''
    headers:
      accept:
      - '*/*'
      accept-encoding:
      - gzip, deflate
      connection:
      - keep-alive
      host:
      - gizmok49.fhcrc.org:32951
      user-agent:
      - python-httpx/0.28.1
    method: GET
    uri: https://gizmok49.fhcrc.org:32951/api/workflows/v1/a33cf5a8-4e1f-437a-bae8-c43ab399d377/metadata?includeKey=status&includeKey=failures&includeKey=jobId
  response:
    body:
      string: '{"status":"Submitted","calls":{},"id":"a33cf5a8-4e1f-437a-bae8-c43ab399d377"}'
    headers:
      Connection:
      - keep-alive
      Content-Type:
      - application/json
      Date:
      - Sun, 02 Nov 2025 04:20:51 GMT
      Server:
      - nginx/1.25.3
      Transfer-Encoding:
      - chunked
      content-length:
      - '77'
    status:
      code: 200
      message: OK
- request:
    body: ''
    headers:
      accept:
      - '*/*'
      accept-encoding:
      - gzip, deflate
      connection:
      - keep-alive
      host:
      - gizmok49.fhcrc.org:32951
      user-agent:
      - python-httpx/0.28.1
    method: GET
    uri: https://gizmok49.fhcrc.org:32951/api/workflows/v1/a33cf5a8-4e1f-437a-bae8-c43ab399d377/metadata?includeKey=status&includeKey=failures&includeKey=jobId
  response:
    body:
      string: '{"status":"Submitted","calls":{},"id":"a33cf5a8-4e1f-437a-bae8-c43ab399d377"}'
    headers:
      Connection:
      - keep-alive
      Content-Type:
      - application/json
      Date:
      - Sun, 02 Nov 2025 04:20:56 GMT
      Server:
      - nginx/1.25.3
      Transfer-Encoding:
      - chunked
      content-length:
      - '77'
    status:
      code: 200
      message: OK
- request:
    body: ''
    headers:
      accept:
      - '*/*'
      accept-encoding:
      - gzip, deflate
      connection:
      - keep-alive
      host:
      - gizmok49.fhcrc.org:32951
      user-agent:
      - python-httpx/0.28.1
    method: GET
    uri: https://gizmok49.fhcrc.org:32951/api/workflows/v1/a33cf5a8-4e1f-437a-bae8-c43ab399d377/metadata?includeKey=status&includeKey=failures&includeKey=jobId
  response:
    body:
      string: '{"status":"Submitted","calls":{},"id":"a33cf5a8-4e1f-437a-bae8-c43ab399d377"}'
    headers:
      Connection:
      - keep-alive
      Content-Type:
      - application/json
      Date:
      - Sun, 02 Nov 2025 04:21:01 GMT
      Server:
      - nginx/1.25.3
      Transfer-Encoding:
      - chunked
      content-length:
      - '77'
    status:
      code: 200
      message: OK
- request:
    body: ''
    headers:
      accept:
      - '*/*'
      accept-encoding:
      - gzip, deflate
      connection:
      - keep-alive
      host:
      - gizmok49.fhcrc.org:32951
      user-agent:
      - python-httpx/0.28.1
    method: GET
    uri: https://gizmok49.fhcrc.org:32951/api/workflows/v1/a33cf5a8-4e1f-437a-bae8-c43ab399d377/metadata?includeKey=status&includeKey=failures&includeKey=jobId
  response:
    body:
      string: '{"status":"Submitted","calls":{},"id":"a33cf5a8-4e1f-437a-bae8-c43ab399d377"}'
    headers:
      Connection:
      - keep-alive
      Content-Type:
      - application/json
      Date:
      - Sun, 02 Nov 2025 04:21:06 GMT
      Server:
      - nginx/1.25.3
      Transfer-Encoding:
      - chunked
      content-length:
      - '77'
    status:
      code: 200
      message: OK
- request:
    body: ''
    headers:
      accept:
      - '*/*'
      accept-encoding:
      - gzip, deflate
      connection:
      - keep-alive
      host:
      - gizmok49.fhcrc.org:32951
      user-agent:
      - python-httpx/0.28.1
    method: GET
    uri: https://gizmok49.fhcrc.org:32951/api/workflows/v1/a33cf5a8-4e1f-437a-bae8-c43ab399d377/metadata?includeKey=status&includeKey=failures&includeKey=jobId
  response:
    body:
      string: '{"status":"Submitted","calls":{},"id":"a33cf5a8-4e1f-437a-bae8-c43ab399d377"}'
    headers:
      Connection:
      - keep-alive
      Content-Type:
      - application/json
      Date:
      - Sun, 02 Nov 2025 04:21:11 GMT
      Server:
      - nginx/1.25.3
      Transfer-Encoding:
      - chunked
      content-length:
      - '77'
    status:
      code: 200
      message: OK
- request:
    body: ''
    headers:
      accept:
      - '*/*'
      accept-encoding:
      - gzip, deflate
      connection:
      - keep-alive
      host:
      - gizmok49.fhcrc.org:32951
      user-agent:
      - python-httpx/0.28.1
    method: GET
    uri: https://gizmok49.fhcrc.org:32951/api/workflows/v1/a33cf5a8-4e1f-437a-bae8-c43ab399d377/metadata?includeKey=status&includeKey=failures&includeKey=jobId
  response:
    body:
      string: '{"status":"Submitted","calls":{},"id":"a33cf5a8-4e1f-437a-bae8-c43ab399d377"}'
    headers:
      Connection:
      - keep-alive
      Content-Type:
      - application/json
      Date:
      - Sun, 02 Nov 2025 04:21:16 GMT
      Server:
      - nginx/1.25.3
      Transfer-Encoding:
      - chunked
      content-length:
      - '77'
    status:
      code: 200
      message: OK
- request:
    body: ''
    headers:
      accept:
      - '*/*'
      accept-encoding:
      - gzip, deflate
      connection:
      - keep-alive
      host:
      - gizmok49.fhcrc.org:32951
      user-agent:
      - python-httpx/0.28.1
    method: GET
    uri: https://gizmok49.fhcrc.org:32951/api/workflows/v1/a33cf5a8-4e1f-437a-bae8-c43ab399d377/metadata?includeKey=status&includeKey=failures&includeKey=jobId
  response:
    body:
      string: '{"status":"Submitted","calls":{},"id":"a33cf5a8-4e1f-437a-bae8-c43ab399d377"}'
    headers:
      Connection:
      - keep-alive
      Content-Type:
      - application/json
      Date:
      - Sun, 02 Nov 2025 04:21:22 GMT
      Server:
      - nginx/1.25.3
      Transfer-Encoding:
      - chunked
      content-length:
      - '77'
    status:
      code: 200
      message: OK
- request:
    body: ''
    headers:
      accept:
      - '*/*'
      accept-encoding:
      - gzip, deflate
      connection:
      - keep-alive
      host:
      - gizmok49.fhcrc.org:32951
      user-agent:
      - python-httpx/0.28.1
    method: GET
    uri: https://gizmok49.fhcrc.org:32951/api/workflows/v1/a33cf5a8-4e1f-437a-bae8-c43ab399d377/metadata?includeKey=status&includeKey=failures&includeKey=jobId
  response:
    body:
      string: '{"status":"Submitted","calls":{},"id":"a33cf5a8-4e1f-437a-bae8-c43ab399d377"}'
    headers:
      Connection:
      - keep-alive
      Content-Type:
      - application/json
      Date:
      - Sun, 02 Nov 2025 04:21:27 GMT
      Server:
      - nginx/1.25.3
      Transfer-Encoding:
      - chunked
      content-length:
      - '77'
    status:
      code: 200
      message: OK
- request:
    body: ''
    headers:
      accept:
      - '*/*'
      accept-encoding:
      - gzip, deflate
      connection:
      - keep-alive
      host:
      - gizmok49.fhcrc.org:32951
      user-agent:
      - python-httpx/0.28.1
    method: GET
    uri: https://gizmok49.fhcrc.org:32951/api/workflows/v1/a33cf5a8-4e1f-437a-bae8-c43ab399d377/metadata?includeKey=status&includeKey=failures&includeKey=jobId
  response:
    body:
      string: '{"status":"Submitted","calls":{},"id":"a33cf5a8-4e1f-437a-bae8-c43ab399d377"}'
    headers:
      Connection:
      - keep-alive
      Content-Type:
      - application/json
      Date:
      - Sun, 02 Nov 2025 04:21:32 GMT
      Server:
      - nginx/1.25.3
      Transfer-Encoding:
      - chunked
      content-length:
      - '77'
    status:
      code: 200
      message: OK
- request:
    body: ''
    headers:
      accept:
      - '*/*'
      accept-encoding:
      - gzip, deflate
      connection:
      - keep-alive
      host:
      - gizmok49.fhcrc.org:32951
      user-agent:
      - python-httpx/0.28.1
    method: GET
    uri: https://gizmok49.fhcrc.org:32951/api/workflows/v1/a33cf5a8-4e1f-437a-bae8-c43ab399d377/metadata?includeKey=status&includeKey=failures&includeKey=jobId
  response:
    body:
      string: '{"status":"Submitted","calls":{},"id":"a33cf5a8-4e1f-437a-bae8-c43ab399d377"}'
    headers:
      Connection:
      - keep-alive
      Content-Type:
      - application/json
      Date:
      - Sun, 02 Nov 2025 04:21:37 GMT
      Server:
      - nginx/1.25.3
      Transfer-Encoding:
      - chunked
      content-length:
      - '77'
    status:
      code: 200
      message: OK
- request:
    body: ''
    headers:
      accept:
      - '*/*'
      accept-encoding:
      - gzip, deflate
      connection:
      - keep-alive
      host:
      - gizmok49.fhcrc.org:32951
      user-agent:
      - python-httpx/0.28.1
    method: GET
    uri: https://gizmok49.fhcrc.org:32951/api/workflows/v1/a33cf5a8-4e1f-437a-bae8-c43ab399d377/metadata?includeKey=status&includeKey=failures&includeKey=jobId
  response:
    body:
      string: '{"status":"Submitted","calls":{},"id":"a33cf5a8-4e1f-437a-bae8-c43ab399d377"}'
    headers:
      Connection:
      - keep-alive
      Content-Type:
      - application/json
      Date:
      - Sun, 02 Nov 2025 04:21:42 GMT
      Server:
      - nginx/1.25.3
      Transfer-Encoding:
      - chunked
      content-length:
      - '77'
    status:
      code: 200
      message: OK
- request:
    body: ''
    headers:
      accept:
      - '*/*'
      accept-encoding:
      - gzip, deflate
      connection:
      - keep-alive
      host:
      - gizmok49.fhcrc.org:32951
      user-agent:
      - python-httpx/0.28.1
    method: GET
    uri: https://gizmok49.fhcrc.org:32951/api/workflows/v1/a33cf5a8-4e1f-437a-bae8-c43ab399d377/metadata?includeKey=status&includeKey=failures&includeKey=jobId
  response:
    body:
      string: '{"status":"Submitted","calls":{},"id":"a33cf5a8-4e1f-437a-bae8-c43ab399d377"}'
    headers:
      Connection:
      - keep-alive
      Content-Type:
      - application/json
      Date:
      - Sun, 02 Nov 2025 04:21:47 GMT
      Server:
      - nginx/1.25.3
      Transfer-Encoding:
      - chunked
      content-length:
      - '77'
    status:
      code: 200
      message: OK
- request:
    body: ''
    headers:
      accept:
      - '*/*'
      accept-encoding:
      - gzip, deflate
      connection:
      - keep-alive
      host:
      - gizmok49.fhcrc.org:32951
      user-agent:
      - python-httpx/0.28.1
    method: GET
    uri: https://gizmok49.fhcrc.org:32951/api/workflows/v1/a33cf5a8-4e1f-437a-bae8-c43ab399d377/metadata?includeKey=status&includeKey=failures&includeKey=jobId
  response:
    body:
      string: '{"status":"Submitted","calls":{},"id":"a33cf5a8-4e1f-437a-bae8-c43ab399d377"}'
    headers:
      Connection:
      - keep-alive
      Content-Type:
      - application/json
      Date:
      - Sun, 02 Nov 2025 04:21:52 GMT
      Server:
      - nginx/1.25.3
      Transfer-Encoding:
      - chunked
      content-length:
      - '77'
    status:
      code: 200
      message: OK
- request:
    body: ''
    headers:
      accept:
      - '*/*'
      accept-encoding:
      - gzip, deflate
      connection:
      - keep-alive
      host:
      - gizmok49.fhcrc.org:32951
      user-agent:
      - python-httpx/0.28.1
    method: GET
    uri: https://gizmok49.fhcrc.org:32951/api/workflows/v1/a33cf5a8-4e1f-437a-bae8-c43ab399d377/metadata?includeKey=status&includeKey=failures&includeKey=jobId
  response:
    body:
      string: '{"status":"Submitted","calls":{},"id":"a33cf5a8-4e1f-437a-bae8-c43ab399d377"}'
    headers:
      Connection:
      - keep-alive
      Content-Type:
      - application/json
      Date:
      - Sun, 02 Nov 2025 04:21:57 GMT
      Server:
      - nginx/1.25.3
      Transfer-Encoding:
      - chunked
      content-length:
      - '77'
    status:
      code: 200
      message: OK
- request:
    body: ''
    headers:
      accept:
      - '*/*'
      accept-encoding:
      - gzip, deflate
      connection:
      - keep-alive
      host:
      - gizmok49.fhcrc.org:32951
      user-agent:
      - python-httpx/0.28.1
    method: GET
    uri: https://gizmok49.fhcrc.org:32951/api/workflows/v1/a33cf5a8-4e1f-437a-bae8-c43ab399d377/metadata?includeKey=status&includeKey=failures&includeKey=jobId
  response:
    body:
      string: '{"status":"Running","calls":{},"id":"a33cf5a8-4e1f-437a-bae8-c43ab399d377"}'
    headers:
      Connection:
      - keep-alive
      Content-Type:
      - application/json
      Date:
      - Sun, 02 Nov 2025 04:22:02 GMT
      Server:
      - nginx/1.25.3
      Transfer-Encoding:
      - chunked
      content-length:
      - '75'
    status:
      code: 200
      message: OK
- request:
    body: ''
    headers:
      accept:
      - '*/*'
      accept-encoding:
      - gzip, deflate
      connection:
      - keep-alive
      host:
      - gizmok49.fhcrc.org:32951
      user-agent:
      - python-httpx/0.28.1
    method: GET
    uri: https://gizmok49.fhcrc.org:32951/api/workflows/v1/a33cf5a8-4e1f-437a-bae8-c43ab399d377/metadata?includeKey=status&includeKey=failures&includeKey=jobId
  response:
    body:
      string: '{"status":"Running","calls":{},"id":"a33cf5a8-4e1f-437a-bae8-c43ab399d377"}'
    headers:
      Connection:
      - keep-alive
      Content-Type:
      - application/json
      Date:
      - Sun, 02 Nov 2025 04:22:07 GMT
      Server:
      - nginx/1.25.3
      Transfer-Encoding:
      - chunked
      content-length:
      - '75'
    status:
      code: 200
      message: OK
- request:
    body: ''
    headers:
      accept:
      - '*/*'
      accept-encoding:
      - gzip, deflate
      connection:
      - keep-alive
      host:
      - gizmok49.fhcrc.org:32951
      user-agent:
      - python-httpx/0.28.1
    method: GET
    uri: https://gizmok49.fhcrc.org:32951/api/workflows/v1/a33cf5a8-4e1f-437a-bae8-c43ab399d377/metadata?includeKey=status&includeKey=failures&includeKey=jobId
  response:
    body:
      string: '{"status":"Running","calls":{"basicTaskTest.simpleTask":[{"jobId":"41177725","attempt":1,"shardIndex":-1}]},"id":"a33cf5a8-4e1f-437a-bae8-c43ab399d377"}'
    headers:
      Connection:
      - keep-alive
      Content-Type:
      - application/json
      Date:
      - Sun, 02 Nov 2025 04:22:12 GMT
      Server:
      - nginx/1.25.3
      Transfer-Encoding:
      - chunked
      content-length:
      - '152'
    status:
      code: 200
      message: OK
- request:
    body: ''
    headers:
      accept:
      - '*/*'
      accept-encoding:
      - gzip, deflate
      connection:
      - keep-alive
      host:
      - gizmok49.fhcrc.org:32951
      user-agent:
      - python-httpx/0.28.1
    method: GET
    uri: https://gizmok49.fhcrc.org:32951/api/workflows/v1/a33cf5a8-4e1f-437a-bae8-c43ab399d377/metadata?includeKey=status&includeKey=failures&includeKey=jobId
  response:
    body:
      string: '{"status":"Running","calls":{"basicTaskTest.simpleTask":[{"jobId":"41177725","attempt":1,"shardIndex":-1}]},"id":"a33cf5a8-4e1f-437a-bae8-c43ab399d377"}'
    headers:
      Connection:
      - keep-alive
      Content-Type:
      - application/json
      Date:
      - Sun, 02 Nov 2025 04:22:17 GMT
      Server:
      - nginx/1.25.3
      Transfer-Encoding:
      - chunked
      content-length:
      - '152'
    status:
      code: 200
      message: OK
- request:
    body: ''
    headers:
      accept:
      - '*/*'
      accept-encoding:
      - gzip, deflate
      connection:
      - keep-alive
      host:
      - gizmok49.fhcrc.org:32951
      user-agent:
      - python-httpx/0.28.1
    method: GET
    uri: https://gizmok49.fhcrc.org:32951/api/workflows/v1/a33cf5a8-4e1f-437a-bae8-c43ab399d377/metadata?includeKey=status&includeKey=failures&includeKey=jobId
  response:
    body:
      string: '{"status":"Running","calls":{"basicTaskTest.simpleTask":[{"jobId":"41177725","attempt":1,"shardIndex":-1}]},"id":"a33cf5a8-4e1f-437a-bae8-c43ab399d377"}'
    headers:
      Connection:
      - keep-alive
      Content-Type:
      - application/json
      Date:
      - Sun, 02 Nov 2025 04:22:22 GMT
      Server:
      - nginx/1.25.3
      Transfer-Encoding:
      - chunked
      content-length:
      - '152'
    status:
      code: 200
      message: OK
- request:
    body: ''
    headers:
      accept:
      - '*/*'
      accept-encoding:
      - gzip, deflate
      connection:
      - keep-alive
      host:
      - gizmok49.fhcrc.org:32951
      user-agent:
      - python-httpx/0.28.1
    method: GET
    uri: https://gizmok49.fhcrc.org:32951/api/workflows/v1/a33cf5a8-4e1f-437a-bae8-c43ab399d377/metadata?includeKey=status&includeKey=failures&includeKey=jobId
  response:
    body:
      string: '{"status":"Running","calls":{"basicTaskTest.simpleTask":[{"jobId":"41177725","attempt":1,"shardIndex":-1}]},"id":"a33cf5a8-4e1f-437a-bae8-c43ab399d377"}'
    headers:
      Connection:
      - keep-alive
      Content-Type:
      - application/json
      Date:
      - Sun, 02 Nov 2025 04:22:27 GMT
      Server:
      - nginx/1.25.3
      Transfer-Encoding:
      - chunked
      content-length:
      - '152'
    status:
      code: 200
      message: OK
- request:
    body: ''
    headers:
      accept:
      - '*/*'
      accept-encoding:
      - gzip, deflate
      connection:
      - keep-alive
      host:
      - gizmok49.fhcrc.org:32951
      user-agent:
      - python-httpx/0.28.1
    method: GET
    uri: https://gizmok49.fhcrc.org:32951/api/workflows/v1/a33cf5a8-4e1f-437a-bae8-c43ab399d377/metadata?includeKey=status&includeKey=failures&includeKey=jobId
  response:
    body:
      string: '{"status":"Running","calls":{"basicTaskTest.simpleTask":[{"jobId":"41177725","attempt":1,"shardIndex":-1}]},"id":"a33cf5a8-4e1f-437a-bae8-c43ab399d377"}'
    headers:
      Connection:
      - keep-alive
      Content-Type:
      - application/json
      Date:
      - Sun, 02 Nov 2025 04:22:32 GMT
      Server:
      - nginx/1.25.3
      Transfer-Encoding:
      - chunked
      content-length:
      - '152'
    status:
      code: 200
      message: OK
- request:
    body: ''
    headers:
      accept:
      - '*/*'
      accept-encoding:
      - gzip, deflate
      connection:
      - keep-alive
      host:
      - gizmok49.fhcrc.org:32951
      user-agent:
      - python-httpx/0.28.1
    method: GET
    uri: https://gizmok49.fhcrc.org:32951/api/workflows/v1/a33cf5a8-4e1f-437a-bae8-c43ab399d377/metadata?includeKey=status&includeKey=failures&includeKey=jobId
  response:
    body:
      string: '{"status":"Succeeded","calls":{"basicTaskTest.simpleTask":[{"jobId":"41177725","attempt":1,"shardIndex":-1}]},"id":"a33cf5a8-4e1f-437a-bae8-c43ab399d377"}'
    headers:
      Connection:
      - keep-alive
      Content-Type:
      - application/json
      Date:
      - Sun, 02 Nov 2025 04:22:37 GMT
      Server:
      - nginx/1.25.3
      Transfer-Encoding:
      - chunked
      content-length:
      - '154'
    status:
      code: 200
      message: OK
version: 1
