interactions:
- request:
    body: "--913efbf05e5f349d5e7fdce6ed25a4ac\r\nContent-Disposition: form-data; name=\"workflowSource\";
      filename=\"helloHostname.wdl\"\r\nContent-Type: application/octet-stream\r\n\r\nversion
      1.0\n## This is a test workflow that returns the hostname of the node \n## the
      job is submitted to as a test for the Gizmo backend. \n\n#### WORKFLOW DEFINITION\n\nworkflow
      HelloHostname {\n  call Hostname {\n  }\n\n  output {\n    File stdout = Hostname.out\n
      \ }\n\n  parameter_meta {\n    stdout: \"hostname of the node the job was submitted
      to\"\n  }\n}\n\n#### TASK DEFINITIONS\n\ntask Hostname {\n  command <<<\n    echo
      $(hostname)\n  >>>\n\n  output {\n    File out = stdout()\n  }\n  \n  runtime
      {\n    cpu: 1\n    memory: \"1 GB\"\n  }\n\n  parameter_meta {\n    out: \"hostname
      of the node the job was submitted to\"\n  }\n}\n\r\n--913efbf05e5f349d5e7fdce6ed25a4ac\r\nContent-Disposition:
      form-data; name=\"workflowOptions\"; filename=\"options.json\"\r\nContent-Type:
      application/json\r\n\r\n{\n    \"workflow_failure_mode\": \"ContinueWhilePossible\",\n
      \   \"write_to_cache\": false,\n    \"read_from_cache\": false\n}\n\r\n--913efbf05e5f349d5e7fdce6ed25a4ac--\r\n"
    headers:
      accept:
      - '*/*'
      accept-encoding:
      - gzip, deflate
      connection:
      - keep-alive
      content-length:
      - '1071'
      content-type:
      - multipart/form-data; boundary=913efbf05e5f349d5e7fdce6ed25a4ac
      host:
      - gizmok47.fhcrc.org:42539
      user-agent:
      - python-httpx/0.28.1
    method: POST
    uri: https://gizmok47.fhcrc.org:42539/api/workflows/v1
  response:
    body:
      string: '{"id":"fdc6bd70-cb67-48c4-9bd4-edf2d021136c","status":"Submitted"}'
    headers:
      Connection:
      - keep-alive
      Content-Length:
      - '66'
      Content-Type:
      - application/json
      Date:
      - Sun, 12 Oct 2025 04:06:39 GMT
      Server:
      - nginx/1.25.3
    status:
      code: 201
      message: Created
- request:
    body: ''
    headers:
      accept:
      - '*/*'
      accept-encoding:
      - gzip, deflate
      connection:
      - keep-alive
      host:
      - gizmok47.fhcrc.org:42539
      user-agent:
      - python-httpx/0.28.1
    method: GET
    uri: https://gizmok47.fhcrc.org:42539/api/workflows/v1/fdc6bd70-cb67-48c4-9bd4-edf2d021136c/metadata?includeKey=status&includeKey=failures&includeKey=jobId
  response:
    body:
      string: '{"status":"Submitted","calls":{},"id":"fdc6bd70-cb67-48c4-9bd4-edf2d021136c"}'
    headers:
      Connection:
      - keep-alive
      Content-Type:
      - application/json
      Date:
      - Sun, 12 Oct 2025 04:06:44 GMT
      Server:
      - nginx/1.25.3
      Transfer-Encoding:
      - chunked
      content-length:
      - '77'
    status:
      code: 200
      message: OK
- request:
    body: ''
    headers:
      accept:
      - '*/*'
      accept-encoding:
      - gzip, deflate
      connection:
      - keep-alive
      host:
      - gizmok47.fhcrc.org:42539
      user-agent:
      - python-httpx/0.28.1
    method: GET
    uri: https://gizmok47.fhcrc.org:42539/api/workflows/v1/fdc6bd70-cb67-48c4-9bd4-edf2d021136c/metadata?includeKey=status&includeKey=failures&includeKey=jobId
  response:
    body:
      string: '{"status":"Submitted","calls":{},"id":"fdc6bd70-cb67-48c4-9bd4-edf2d021136c"}'
    headers:
      Connection:
      - keep-alive
      Content-Type:
      - application/json
      Date:
      - Sun, 12 Oct 2025 04:06:49 GMT
      Server:
      - nginx/1.25.3
      Transfer-Encoding:
      - chunked
      content-length:
      - '77'
    status:
      code: 200
      message: OK
- request:
    body: ''
    headers:
      accept:
      - '*/*'
      accept-encoding:
      - gzip, deflate
      connection:
      - keep-alive
      host:
      - gizmok47.fhcrc.org:42539
      user-agent:
      - python-httpx/0.28.1
    method: GET
    uri: https://gizmok47.fhcrc.org:42539/api/workflows/v1/fdc6bd70-cb67-48c4-9bd4-edf2d021136c/metadata?includeKey=status&includeKey=failures&includeKey=jobId
  response:
    body:
      string: '{"status":"Submitted","calls":{},"id":"fdc6bd70-cb67-48c4-9bd4-edf2d021136c"}'
    headers:
      Connection:
      - keep-alive
      Content-Type:
      - application/json
      Date:
      - Sun, 12 Oct 2025 04:06:55 GMT
      Server:
      - nginx/1.25.3
      Transfer-Encoding:
      - chunked
      content-length:
      - '77'
    status:
      code: 200
      message: OK
- request:
    body: ''
    headers:
      accept:
      - '*/*'
      accept-encoding:
      - gzip, deflate
      connection:
      - keep-alive
      host:
      - gizmok47.fhcrc.org:42539
      user-agent:
      - python-httpx/0.28.1
    method: GET
    uri: https://gizmok47.fhcrc.org:42539/api/workflows/v1/fdc6bd70-cb67-48c4-9bd4-edf2d021136c/metadata?includeKey=status&includeKey=failures&includeKey=jobId
  response:
    body:
      string: '{"status":"Submitted","calls":{},"id":"fdc6bd70-cb67-48c4-9bd4-edf2d021136c"}'
    headers:
      Connection:
      - keep-alive
      Content-Type:
      - application/json
      Date:
      - Sun, 12 Oct 2025 04:07:00 GMT
      Server:
      - nginx/1.25.3
      Transfer-Encoding:
      - chunked
      content-length:
      - '77'
    status:
      code: 200
      message: OK
- request:
    body: ''
    headers:
      accept:
      - '*/*'
      accept-encoding:
      - gzip, deflate
      connection:
      - keep-alive
      host:
      - gizmok47.fhcrc.org:42539
      user-agent:
      - python-httpx/0.28.1
    method: GET
    uri: https://gizmok47.fhcrc.org:42539/api/workflows/v1/fdc6bd70-cb67-48c4-9bd4-edf2d021136c/metadata?includeKey=status&includeKey=failures&includeKey=jobId
  response:
    body:
      string: '{"status":"Submitted","calls":{},"id":"fdc6bd70-cb67-48c4-9bd4-edf2d021136c"}'
    headers:
      Connection:
      - keep-alive
      Content-Type:
      - application/json
      Date:
      - Sun, 12 Oct 2025 04:07:05 GMT
      Server:
      - nginx/1.25.3
      Transfer-Encoding:
      - chunked
      content-length:
      - '77'
    status:
      code: 200
      message: OK
- request:
    body: ''
    headers:
      accept:
      - '*/*'
      accept-encoding:
      - gzip, deflate
      connection:
      - keep-alive
      host:
      - gizmok47.fhcrc.org:42539
      user-agent:
      - python-httpx/0.28.1
    method: GET
    uri: https://gizmok47.fhcrc.org:42539/api/workflows/v1/fdc6bd70-cb67-48c4-9bd4-edf2d021136c/metadata?includeKey=status&includeKey=failures&includeKey=jobId
  response:
    body:
      string: '{"status":"Submitted","calls":{},"id":"fdc6bd70-cb67-48c4-9bd4-edf2d021136c"}'
    headers:
      Connection:
      - keep-alive
      Content-Type:
      - application/json
      Date:
      - Sun, 12 Oct 2025 04:07:10 GMT
      Server:
      - nginx/1.25.3
      Transfer-Encoding:
      - chunked
      content-length:
      - '77'
    status:
      code: 200
      message: OK
- request:
    body: ''
    headers:
      accept:
      - '*/*'
      accept-encoding:
      - gzip, deflate
      connection:
      - keep-alive
      host:
      - gizmok47.fhcrc.org:42539
      user-agent:
      - python-httpx/0.28.1
    method: GET
    uri: https://gizmok47.fhcrc.org:42539/api/workflows/v1/fdc6bd70-cb67-48c4-9bd4-edf2d021136c/metadata?includeKey=status&includeKey=failures&includeKey=jobId
  response:
    body:
      string: '{"status":"Submitted","calls":{},"id":"fdc6bd70-cb67-48c4-9bd4-edf2d021136c"}'
    headers:
      Connection:
      - keep-alive
      Content-Type:
      - application/json
      Date:
      - Sun, 12 Oct 2025 04:07:15 GMT
      Server:
      - nginx/1.25.3
      Transfer-Encoding:
      - chunked
      content-length:
      - '77'
    status:
      code: 200
      message: OK
- request:
    body: ''
    headers:
      accept:
      - '*/*'
      accept-encoding:
      - gzip, deflate
      connection:
      - keep-alive
      host:
      - gizmok47.fhcrc.org:42539
      user-agent:
      - python-httpx/0.28.1
    method: GET
    uri: https://gizmok47.fhcrc.org:42539/api/workflows/v1/fdc6bd70-cb67-48c4-9bd4-edf2d021136c/metadata?includeKey=status&includeKey=failures&includeKey=jobId
  response:
    body:
      string: '{"status":"Submitted","calls":{},"id":"fdc6bd70-cb67-48c4-9bd4-edf2d021136c"}'
    headers:
      Connection:
      - keep-alive
      Content-Type:
      - application/json
      Date:
      - Sun, 12 Oct 2025 04:07:20 GMT
      Server:
      - nginx/1.25.3
      Transfer-Encoding:
      - chunked
      content-length:
      - '77'
    status:
      code: 200
      message: OK
- request:
    body: ''
    headers:
      accept:
      - '*/*'
      accept-encoding:
      - gzip, deflate
      connection:
      - keep-alive
      host:
      - gizmok47.fhcrc.org:42539
      user-agent:
      - python-httpx/0.28.1
    method: GET
    uri: https://gizmok47.fhcrc.org:42539/api/workflows/v1/fdc6bd70-cb67-48c4-9bd4-edf2d021136c/metadata?includeKey=status&includeKey=failures&includeKey=jobId
  response:
    body:
      string: '{"status":"Submitted","calls":{},"id":"fdc6bd70-cb67-48c4-9bd4-edf2d021136c"}'
    headers:
      Connection:
      - keep-alive
      Content-Type:
      - application/json
      Date:
      - Sun, 12 Oct 2025 04:07:25 GMT
      Server:
      - nginx/1.25.3
      Transfer-Encoding:
      - chunked
      content-length:
      - '77'
    status:
      code: 200
      message: OK
- request:
    body: ''
    headers:
      accept:
      - '*/*'
      accept-encoding:
      - gzip, deflate
      connection:
      - keep-alive
      host:
      - gizmok47.fhcrc.org:42539
      user-agent:
      - python-httpx/0.28.1
    method: GET
    uri: https://gizmok47.fhcrc.org:42539/api/workflows/v1/fdc6bd70-cb67-48c4-9bd4-edf2d021136c/metadata?includeKey=status&includeKey=failures&includeKey=jobId
  response:
    body:
      string: '{"status":"Submitted","calls":{},"id":"fdc6bd70-cb67-48c4-9bd4-edf2d021136c"}'
    headers:
      Connection:
      - keep-alive
      Content-Type:
      - application/json
      Date:
      - Sun, 12 Oct 2025 04:07:30 GMT
      Server:
      - nginx/1.25.3
      Transfer-Encoding:
      - chunked
      content-length:
      - '77'
    status:
      code: 200
      message: OK
- request:
    body: ''
    headers:
      accept:
      - '*/*'
      accept-encoding:
      - gzip, deflate
      connection:
      - keep-alive
      host:
      - gizmok47.fhcrc.org:42539
      user-agent:
      - python-httpx/0.28.1
    method: GET
    uri: https://gizmok47.fhcrc.org:42539/api/workflows/v1/fdc6bd70-cb67-48c4-9bd4-edf2d021136c/metadata?includeKey=status&includeKey=failures&includeKey=jobId
  response:
    body:
      string: '{"status":"Submitted","calls":{},"id":"fdc6bd70-cb67-48c4-9bd4-edf2d021136c"}'
    headers:
      Connection:
      - keep-alive
      Content-Type:
      - application/json
      Date:
      - Sun, 12 Oct 2025 04:07:35 GMT
      Server:
      - nginx/1.25.3
      Transfer-Encoding:
      - chunked
      content-length:
      - '77'
    status:
      code: 200
      message: OK
- request:
    body: ''
    headers:
      accept:
      - '*/*'
      accept-encoding:
      - gzip, deflate
      connection:
      - keep-alive
      host:
      - gizmok47.fhcrc.org:42539
      user-agent:
      - python-httpx/0.28.1
    method: GET
    uri: https://gizmok47.fhcrc.org:42539/api/workflows/v1/fdc6bd70-cb67-48c4-9bd4-edf2d021136c/metadata?includeKey=status&includeKey=failures&includeKey=jobId
  response:
    body:
      string: '{"status":"Submitted","calls":{},"id":"fdc6bd70-cb67-48c4-9bd4-edf2d021136c"}'
    headers:
      Connection:
      - keep-alive
      Content-Type:
      - application/json
      Date:
      - Sun, 12 Oct 2025 04:07:40 GMT
      Server:
      - nginx/1.25.3
      Transfer-Encoding:
      - chunked
      content-length:
      - '77'
    status:
      code: 200
      message: OK
- request:
    body: ''
    headers:
      accept:
      - '*/*'
      accept-encoding:
      - gzip, deflate
      connection:
      - keep-alive
      host:
      - gizmok47.fhcrc.org:42539
      user-agent:
      - python-httpx/0.28.1
    method: GET
    uri: https://gizmok47.fhcrc.org:42539/api/workflows/v1/fdc6bd70-cb67-48c4-9bd4-edf2d021136c/metadata?includeKey=status&includeKey=failures&includeKey=jobId
  response:
    body:
      string: '{"status":"Submitted","calls":{},"id":"fdc6bd70-cb67-48c4-9bd4-edf2d021136c"}'
    headers:
      Connection:
      - keep-alive
      Content-Type:
      - application/json
      Date:
      - Sun, 12 Oct 2025 04:07:45 GMT
      Server:
      - nginx/1.25.3
      Transfer-Encoding:
      - chunked
      content-length:
      - '77'
    status:
      code: 200
      message: OK
- request:
    body: ''
    headers:
      accept:
      - '*/*'
      accept-encoding:
      - gzip, deflate
      connection:
      - keep-alive
      host:
      - gizmok47.fhcrc.org:42539
      user-agent:
      - python-httpx/0.28.1
    method: GET
    uri: https://gizmok47.fhcrc.org:42539/api/workflows/v1/fdc6bd70-cb67-48c4-9bd4-edf2d021136c/metadata?includeKey=status&includeKey=failures&includeKey=jobId
  response:
    body:
      string: '{"status":"Submitted","calls":{},"id":"fdc6bd70-cb67-48c4-9bd4-edf2d021136c"}'
    headers:
      Connection:
      - keep-alive
      Content-Type:
      - application/json
      Date:
      - Sun, 12 Oct 2025 04:07:50 GMT
      Server:
      - nginx/1.25.3
      Transfer-Encoding:
      - chunked
      content-length:
      - '77'
    status:
      code: 200
      message: OK
- request:
    body: ''
    headers:
      accept:
      - '*/*'
      accept-encoding:
      - gzip, deflate
      connection:
      - keep-alive
      host:
      - gizmok47.fhcrc.org:42539
      user-agent:
      - python-httpx/0.28.1
    method: GET
    uri: https://gizmok47.fhcrc.org:42539/api/workflows/v1/fdc6bd70-cb67-48c4-9bd4-edf2d021136c/metadata?includeKey=status&includeKey=failures&includeKey=jobId
  response:
    body:
      string: '{"status":"Submitted","calls":{},"id":"fdc6bd70-cb67-48c4-9bd4-edf2d021136c"}'
    headers:
      Connection:
      - keep-alive
      Content-Type:
      - application/json
      Date:
      - Sun, 12 Oct 2025 04:07:55 GMT
      Server:
      - nginx/1.25.3
      Transfer-Encoding:
      - chunked
      content-length:
      - '77'
    status:
      code: 200
      message: OK
- request:
    body: ''
    headers:
      accept:
      - '*/*'
      accept-encoding:
      - gzip, deflate
      connection:
      - keep-alive
      host:
      - gizmok47.fhcrc.org:42539
      user-agent:
      - python-httpx/0.28.1
    method: GET
    uri: https://gizmok47.fhcrc.org:42539/api/workflows/v1/fdc6bd70-cb67-48c4-9bd4-edf2d021136c/metadata?includeKey=status&includeKey=failures&includeKey=jobId
  response:
    body:
      string: '{"status":"Submitted","calls":{},"id":"fdc6bd70-cb67-48c4-9bd4-edf2d021136c"}'
    headers:
      Connection:
      - keep-alive
      Content-Type:
      - application/json
      Date:
      - Sun, 12 Oct 2025 04:08:01 GMT
      Server:
      - nginx/1.25.3
      Transfer-Encoding:
      - chunked
      content-length:
      - '77'
    status:
      code: 200
      message: OK
- request:
    body: ''
    headers:
      accept:
      - '*/*'
      accept-encoding:
      - gzip, deflate
      connection:
      - keep-alive
      host:
      - gizmok47.fhcrc.org:42539
      user-agent:
      - python-httpx/0.28.1
    method: GET
    uri: https://gizmok47.fhcrc.org:42539/api/workflows/v1/fdc6bd70-cb67-48c4-9bd4-edf2d021136c/metadata?includeKey=status&includeKey=failures&includeKey=jobId
  response:
    body:
      string: '{"status":"Submitted","calls":{},"id":"fdc6bd70-cb67-48c4-9bd4-edf2d021136c"}'
    headers:
      Connection:
      - keep-alive
      Content-Type:
      - application/json
      Date:
      - Sun, 12 Oct 2025 04:08:06 GMT
      Server:
      - nginx/1.25.3
      Transfer-Encoding:
      - chunked
      content-length:
      - '77'
    status:
      code: 200
      message: OK
- request:
    body: ''
    headers:
      accept:
      - '*/*'
      accept-encoding:
      - gzip, deflate
      connection:
      - keep-alive
      host:
      - gizmok47.fhcrc.org:42539
      user-agent:
      - python-httpx/0.28.1
    method: GET
    uri: https://gizmok47.fhcrc.org:42539/api/workflows/v1/fdc6bd70-cb67-48c4-9bd4-edf2d021136c/metadata?includeKey=status&includeKey=failures&includeKey=jobId
  response:
    body:
      string: '{"status":"Submitted","calls":{},"id":"fdc6bd70-cb67-48c4-9bd4-edf2d021136c"}'
    headers:
      Connection:
      - keep-alive
      Content-Type:
      - application/json
      Date:
      - Sun, 12 Oct 2025 04:08:11 GMT
      Server:
      - nginx/1.25.3
      Transfer-Encoding:
      - chunked
      content-length:
      - '77'
    status:
      code: 200
      message: OK
- request:
    body: ''
    headers:
      accept:
      - '*/*'
      accept-encoding:
      - gzip, deflate
      connection:
      - keep-alive
      host:
      - gizmok47.fhcrc.org:42539
      user-agent:
      - python-httpx/0.28.1
    method: GET
    uri: https://gizmok47.fhcrc.org:42539/api/workflows/v1/fdc6bd70-cb67-48c4-9bd4-edf2d021136c/metadata?includeKey=status&includeKey=failures&includeKey=jobId
  response:
    body:
      string: '{"status":"Submitted","calls":{},"id":"fdc6bd70-cb67-48c4-9bd4-edf2d021136c"}'
    headers:
      Connection:
      - keep-alive
      Content-Type:
      - application/json
      Date:
      - Sun, 12 Oct 2025 04:08:16 GMT
      Server:
      - nginx/1.25.3
      Transfer-Encoding:
      - chunked
      content-length:
      - '77'
    status:
      code: 200
      message: OK
- request:
    body: ''
    headers:
      accept:
      - '*/*'
      accept-encoding:
      - gzip, deflate
      connection:
      - keep-alive
      host:
      - gizmok47.fhcrc.org:42539
      user-agent:
      - python-httpx/0.28.1
    method: GET
    uri: https://gizmok47.fhcrc.org:42539/api/workflows/v1/fdc6bd70-cb67-48c4-9bd4-edf2d021136c/metadata?includeKey=status&includeKey=failures&includeKey=jobId
  response:
    body:
      string: '{"status":"Submitted","calls":{},"id":"fdc6bd70-cb67-48c4-9bd4-edf2d021136c"}'
    headers:
      Connection:
      - keep-alive
      Content-Type:
      - application/json
      Date:
      - Sun, 12 Oct 2025 04:08:21 GMT
      Server:
      - nginx/1.25.3
      Transfer-Encoding:
      - chunked
      content-length:
      - '77'
    status:
      code: 200
      message: OK
- request:
    body: ''
    headers:
      accept:
      - '*/*'
      accept-encoding:
      - gzip, deflate
      connection:
      - keep-alive
      host:
      - gizmok47.fhcrc.org:42539
      user-agent:
      - python-httpx/0.28.1
    method: GET
    uri: https://gizmok47.fhcrc.org:42539/api/workflows/v1/fdc6bd70-cb67-48c4-9bd4-edf2d021136c/metadata?includeKey=status&includeKey=failures&includeKey=jobId
  response:
    body:
      string: '{"status":"Submitted","calls":{},"id":"fdc6bd70-cb67-48c4-9bd4-edf2d021136c"}'
    headers:
      Connection:
      - keep-alive
      Content-Type:
      - application/json
      Date:
      - Sun, 12 Oct 2025 04:08:26 GMT
      Server:
      - nginx/1.25.3
      Transfer-Encoding:
      - chunked
      content-length:
      - '77'
    status:
      code: 200
      message: OK
- request:
    body: ''
    headers:
      accept:
      - '*/*'
      accept-encoding:
      - gzip, deflate
      connection:
      - keep-alive
      host:
      - gizmok47.fhcrc.org:42539
      user-agent:
      - python-httpx/0.28.1
    method: GET
    uri: https://gizmok47.fhcrc.org:42539/api/workflows/v1/fdc6bd70-cb67-48c4-9bd4-edf2d021136c/metadata?includeKey=status&includeKey=failures&includeKey=jobId
  response:
    body:
      string: '{"status":"Submitted","calls":{},"id":"fdc6bd70-cb67-48c4-9bd4-edf2d021136c"}'
    headers:
      Connection:
      - keep-alive
      Content-Type:
      - application/json
      Date:
      - Sun, 12 Oct 2025 04:08:31 GMT
      Server:
      - nginx/1.25.3
      Transfer-Encoding:
      - chunked
      content-length:
      - '77'
    status:
      code: 200
      message: OK
- request:
    body: ''
    headers:
      accept:
      - '*/*'
      accept-encoding:
      - gzip, deflate
      connection:
      - keep-alive
      host:
      - gizmok47.fhcrc.org:42539
      user-agent:
      - python-httpx/0.28.1
    method: GET
    uri: https://gizmok47.fhcrc.org:42539/api/workflows/v1/fdc6bd70-cb67-48c4-9bd4-edf2d021136c/metadata?includeKey=status&includeKey=failures&includeKey=jobId
  response:
    body:
      string: '{"status":"Submitted","calls":{},"id":"fdc6bd70-cb67-48c4-9bd4-edf2d021136c"}'
    headers:
      Connection:
      - keep-alive
      Content-Type:
      - application/json
      Date:
      - Sun, 12 Oct 2025 04:08:36 GMT
      Server:
      - nginx/1.25.3
      Transfer-Encoding:
      - chunked
      content-length:
      - '77'
    status:
      code: 200
      message: OK
- request:
    body: ''
    headers:
      accept:
      - '*/*'
      accept-encoding:
      - gzip, deflate
      connection:
      - keep-alive
      host:
      - gizmok47.fhcrc.org:42539
      user-agent:
      - python-httpx/0.28.1
    method: GET
    uri: https://gizmok47.fhcrc.org:42539/api/workflows/v1/fdc6bd70-cb67-48c4-9bd4-edf2d021136c/metadata?includeKey=status&includeKey=failures&includeKey=jobId
  response:
    body:
      string: '{"status":"Submitted","calls":{},"id":"fdc6bd70-cb67-48c4-9bd4-edf2d021136c"}'
    headers:
      Connection:
      - keep-alive
      Content-Type:
      - application/json
      Date:
      - Sun, 12 Oct 2025 04:08:41 GMT
      Server:
      - nginx/1.25.3
      Transfer-Encoding:
      - chunked
      content-length:
      - '77'
    status:
      code: 200
      message: OK
- request:
    body: ''
    headers:
      accept:
      - '*/*'
      accept-encoding:
      - gzip, deflate
      connection:
      - keep-alive
      host:
      - gizmok47.fhcrc.org:42539
      user-agent:
      - python-httpx/0.28.1
    method: GET
    uri: https://gizmok47.fhcrc.org:42539/api/workflows/v1/fdc6bd70-cb67-48c4-9bd4-edf2d021136c/metadata?includeKey=status&includeKey=failures&includeKey=jobId
  response:
    body:
      string: '{"status":"Submitted","calls":{},"id":"fdc6bd70-cb67-48c4-9bd4-edf2d021136c"}'
    headers:
      Connection:
      - keep-alive
      Content-Type:
      - application/json
      Date:
      - Sun, 12 Oct 2025 04:08:46 GMT
      Server:
      - nginx/1.25.3
      Transfer-Encoding:
      - chunked
      content-length:
      - '77'
    status:
      code: 200
      message: OK
- request:
    body: ''
    headers:
      accept:
      - '*/*'
      accept-encoding:
      - gzip, deflate
      connection:
      - keep-alive
      host:
      - gizmok47.fhcrc.org:42539
      user-agent:
      - python-httpx/0.28.1
    method: GET
    uri: https://gizmok47.fhcrc.org:42539/api/workflows/v1/fdc6bd70-cb67-48c4-9bd4-edf2d021136c/metadata?includeKey=status&includeKey=failures&includeKey=jobId
  response:
    body:
      string: '{"status":"Submitted","calls":{},"id":"fdc6bd70-cb67-48c4-9bd4-edf2d021136c"}'
    headers:
      Connection:
      - keep-alive
      Content-Type:
      - application/json
      Date:
      - Sun, 12 Oct 2025 04:08:51 GMT
      Server:
      - nginx/1.25.3
      Transfer-Encoding:
      - chunked
      content-length:
      - '77'
    status:
      code: 200
      message: OK
- request:
    body: ''
    headers:
      accept:
      - '*/*'
      accept-encoding:
      - gzip, deflate
      connection:
      - keep-alive
      host:
      - gizmok47.fhcrc.org:42539
      user-agent:
      - python-httpx/0.28.1
    method: GET
    uri: https://gizmok47.fhcrc.org:42539/api/workflows/v1/fdc6bd70-cb67-48c4-9bd4-edf2d021136c/metadata?includeKey=status&includeKey=failures&includeKey=jobId
  response:
    body:
      string: '{"status":"Submitted","calls":{},"id":"fdc6bd70-cb67-48c4-9bd4-edf2d021136c"}'
    headers:
      Connection:
      - keep-alive
      Content-Type:
      - application/json
      Date:
      - Sun, 12 Oct 2025 04:08:56 GMT
      Server:
      - nginx/1.25.3
      Transfer-Encoding:
      - chunked
      content-length:
      - '77'
    status:
      code: 200
      message: OK
- request:
    body: ''
    headers:
      accept:
      - '*/*'
      accept-encoding:
      - gzip, deflate
      connection:
      - keep-alive
      host:
      - gizmok47.fhcrc.org:42539
      user-agent:
      - python-httpx/0.28.1
    method: GET
    uri: https://gizmok47.fhcrc.org:42539/api/workflows/v1/fdc6bd70-cb67-48c4-9bd4-edf2d021136c/metadata?includeKey=status&includeKey=failures&includeKey=jobId
  response:
    body:
      string: '{"status":"Submitted","calls":{},"id":"fdc6bd70-cb67-48c4-9bd4-edf2d021136c"}'
    headers:
      Connection:
      - keep-alive
      Content-Type:
      - application/json
      Date:
      - Sun, 12 Oct 2025 04:09:01 GMT
      Server:
      - nginx/1.25.3
      Transfer-Encoding:
      - chunked
      content-length:
      - '77'
    status:
      code: 200
      message: OK
- request:
    body: ''
    headers:
      accept:
      - '*/*'
      accept-encoding:
      - gzip, deflate
      connection:
      - keep-alive
      host:
      - gizmok47.fhcrc.org:42539
      user-agent:
      - python-httpx/0.28.1
    method: GET
    uri: https://gizmok47.fhcrc.org:42539/api/workflows/v1/fdc6bd70-cb67-48c4-9bd4-edf2d021136c/metadata?includeKey=status&includeKey=failures&includeKey=jobId
  response:
    body:
      string: '{"status":"Submitted","calls":{},"id":"fdc6bd70-cb67-48c4-9bd4-edf2d021136c"}'
    headers:
      Connection:
      - keep-alive
      Content-Type:
      - application/json
      Date:
      - Sun, 12 Oct 2025 04:09:06 GMT
      Server:
      - nginx/1.25.3
      Transfer-Encoding:
      - chunked
      content-length:
      - '77'
    status:
      code: 200
      message: OK
- request:
    body: ''
    headers:
      accept:
      - '*/*'
      accept-encoding:
      - gzip, deflate
      connection:
      - keep-alive
      host:
      - gizmok47.fhcrc.org:42539
      user-agent:
      - python-httpx/0.28.1
    method: GET
    uri: https://gizmok47.fhcrc.org:42539/api/workflows/v1/fdc6bd70-cb67-48c4-9bd4-edf2d021136c/metadata?includeKey=status&includeKey=failures&includeKey=jobId
  response:
    body:
      string: '{"status":"Submitted","calls":{},"id":"fdc6bd70-cb67-48c4-9bd4-edf2d021136c"}'
    headers:
      Connection:
      - keep-alive
      Content-Type:
      - application/json
      Date:
      - Sun, 12 Oct 2025 04:09:12 GMT
      Server:
      - nginx/1.25.3
      Transfer-Encoding:
      - chunked
      content-length:
      - '77'
    status:
      code: 200
      message: OK
- request:
    body: ''
    headers:
      accept:
      - '*/*'
      accept-encoding:
      - gzip, deflate
      connection:
      - keep-alive
      host:
      - gizmok47.fhcrc.org:42539
      user-agent:
      - python-httpx/0.28.1
    method: GET
    uri: https://gizmok47.fhcrc.org:42539/api/workflows/v1/fdc6bd70-cb67-48c4-9bd4-edf2d021136c/metadata?includeKey=status&includeKey=failures&includeKey=jobId
  response:
    body:
      string: '{"status":"Submitted","calls":{},"id":"fdc6bd70-cb67-48c4-9bd4-edf2d021136c"}'
    headers:
      Connection:
      - keep-alive
      Content-Type:
      - application/json
      Date:
      - Sun, 12 Oct 2025 04:09:17 GMT
      Server:
      - nginx/1.25.3
      Transfer-Encoding:
      - chunked
      content-length:
      - '77'
    status:
      code: 200
      message: OK
- request:
    body: ''
    headers:
      accept:
      - '*/*'
      accept-encoding:
      - gzip, deflate
      connection:
      - keep-alive
      host:
      - gizmok47.fhcrc.org:42539
      user-agent:
      - python-httpx/0.28.1
    method: GET
    uri: https://gizmok47.fhcrc.org:42539/api/workflows/v1/fdc6bd70-cb67-48c4-9bd4-edf2d021136c/metadata?includeKey=status&includeKey=failures&includeKey=jobId
  response:
    body:
      string: '{"status":"Submitted","calls":{},"id":"fdc6bd70-cb67-48c4-9bd4-edf2d021136c"}'
    headers:
      Connection:
      - keep-alive
      Content-Type:
      - application/json
      Date:
      - Sun, 12 Oct 2025 04:09:22 GMT
      Server:
      - nginx/1.25.3
      Transfer-Encoding:
      - chunked
      content-length:
      - '77'
    status:
      code: 200
      message: OK
- request:
    body: ''
    headers:
      accept:
      - '*/*'
      accept-encoding:
      - gzip, deflate
      connection:
      - keep-alive
      host:
      - gizmok47.fhcrc.org:42539
      user-agent:
      - python-httpx/0.28.1
    method: GET
    uri: https://gizmok47.fhcrc.org:42539/api/workflows/v1/fdc6bd70-cb67-48c4-9bd4-edf2d021136c/metadata?includeKey=status&includeKey=failures&includeKey=jobId
  response:
    body:
      string: '{"status":"Submitted","calls":{},"id":"fdc6bd70-cb67-48c4-9bd4-edf2d021136c"}'
    headers:
      Connection:
      - keep-alive
      Content-Type:
      - application/json
      Date:
      - Sun, 12 Oct 2025 04:09:27 GMT
      Server:
      - nginx/1.25.3
      Transfer-Encoding:
      - chunked
      content-length:
      - '77'
    status:
      code: 200
      message: OK
- request:
    body: ''
    headers:
      accept:
      - '*/*'
      accept-encoding:
      - gzip, deflate
      connection:
      - keep-alive
      host:
      - gizmok47.fhcrc.org:42539
      user-agent:
      - python-httpx/0.28.1
    method: GET
    uri: https://gizmok47.fhcrc.org:42539/api/workflows/v1/fdc6bd70-cb67-48c4-9bd4-edf2d021136c/metadata?includeKey=status&includeKey=failures&includeKey=jobId
  response:
    body:
      string: '{"status":"Submitted","calls":{},"id":"fdc6bd70-cb67-48c4-9bd4-edf2d021136c"}'
    headers:
      Connection:
      - keep-alive
      Content-Type:
      - application/json
      Date:
      - Sun, 12 Oct 2025 04:09:32 GMT
      Server:
      - nginx/1.25.3
      Transfer-Encoding:
      - chunked
      content-length:
      - '77'
    status:
      code: 200
      message: OK
- request:
    body: ''
    headers:
      accept:
      - '*/*'
      accept-encoding:
      - gzip, deflate
      connection:
      - keep-alive
      host:
      - gizmok47.fhcrc.org:42539
      user-agent:
      - python-httpx/0.28.1
    method: GET
    uri: https://gizmok47.fhcrc.org:42539/api/workflows/v1/fdc6bd70-cb67-48c4-9bd4-edf2d021136c/metadata?includeKey=status&includeKey=failures&includeKey=jobId
  response:
    body:
      string: '{"status":"Submitted","calls":{},"id":"fdc6bd70-cb67-48c4-9bd4-edf2d021136c"}'
    headers:
      Connection:
      - keep-alive
      Content-Type:
      - application/json
      Date:
      - Sun, 12 Oct 2025 04:09:37 GMT
      Server:
      - nginx/1.25.3
      Transfer-Encoding:
      - chunked
      content-length:
      - '77'
    status:
      code: 200
      message: OK
- request:
    body: ''
    headers:
      accept:
      - '*/*'
      accept-encoding:
      - gzip, deflate
      connection:
      - keep-alive
      host:
      - gizmok47.fhcrc.org:42539
      user-agent:
      - python-httpx/0.28.1
    method: GET
    uri: https://gizmok47.fhcrc.org:42539/api/workflows/v1/fdc6bd70-cb67-48c4-9bd4-edf2d021136c/metadata?includeKey=status&includeKey=failures&includeKey=jobId
  response:
    body:
      string: '{"status":"Submitted","calls":{},"id":"fdc6bd70-cb67-48c4-9bd4-edf2d021136c"}'
    headers:
      Connection:
      - keep-alive
      Content-Type:
      - application/json
      Date:
      - Sun, 12 Oct 2025 04:09:42 GMT
      Server:
      - nginx/1.25.3
      Transfer-Encoding:
      - chunked
      content-length:
      - '77'
    status:
      code: 200
      message: OK
- request:
    body: ''
    headers:
      accept:
      - '*/*'
      accept-encoding:
      - gzip, deflate
      connection:
      - keep-alive
      host:
      - gizmok47.fhcrc.org:42539
      user-agent:
      - python-httpx/0.28.1
    method: GET
    uri: https://gizmok47.fhcrc.org:42539/api/workflows/v1/fdc6bd70-cb67-48c4-9bd4-edf2d021136c/metadata?includeKey=status&includeKey=failures&includeKey=jobId
  response:
    body:
      string: '{"status":"Submitted","calls":{},"id":"fdc6bd70-cb67-48c4-9bd4-edf2d021136c"}'
    headers:
      Connection:
      - keep-alive
      Content-Type:
      - application/json
      Date:
      - Sun, 12 Oct 2025 04:09:47 GMT
      Server:
      - nginx/1.25.3
      Transfer-Encoding:
      - chunked
      content-length:
      - '77'
    status:
      code: 200
      message: OK
- request:
    body: ''
    headers:
      accept:
      - '*/*'
      accept-encoding:
      - gzip, deflate
      connection:
      - keep-alive
      host:
      - gizmok47.fhcrc.org:42539
      user-agent:
      - python-httpx/0.28.1
    method: GET
    uri: https://gizmok47.fhcrc.org:42539/api/workflows/v1/fdc6bd70-cb67-48c4-9bd4-edf2d021136c/metadata?includeKey=status&includeKey=failures&includeKey=jobId
  response:
    body:
      string: '{"status":"Submitted","calls":{},"id":"fdc6bd70-cb67-48c4-9bd4-edf2d021136c"}'
    headers:
      Connection:
      - keep-alive
      Content-Type:
      - application/json
      Date:
      - Sun, 12 Oct 2025 04:09:52 GMT
      Server:
      - nginx/1.25.3
      Transfer-Encoding:
      - chunked
      content-length:
      - '77'
    status:
      code: 200
      message: OK
- request:
    body: ''
    headers:
      accept:
      - '*/*'
      accept-encoding:
      - gzip, deflate
      connection:
      - keep-alive
      host:
      - gizmok47.fhcrc.org:42539
      user-agent:
      - python-httpx/0.28.1
    method: GET
    uri: https://gizmok47.fhcrc.org:42539/api/workflows/v1/fdc6bd70-cb67-48c4-9bd4-edf2d021136c/metadata?includeKey=status&includeKey=failures&includeKey=jobId
  response:
    body:
      string: '{"status":"Submitted","calls":{},"id":"fdc6bd70-cb67-48c4-9bd4-edf2d021136c"}'
    headers:
      Connection:
      - keep-alive
      Content-Type:
      - application/json
      Date:
      - Sun, 12 Oct 2025 04:09:57 GMT
      Server:
      - nginx/1.25.3
      Transfer-Encoding:
      - chunked
      content-length:
      - '77'
    status:
      code: 200
      message: OK
- request:
    body: ''
    headers:
      accept:
      - '*/*'
      accept-encoding:
      - gzip, deflate
      connection:
      - keep-alive
      host:
      - gizmok47.fhcrc.org:42539
      user-agent:
      - python-httpx/0.28.1
    method: GET
    uri: https://gizmok47.fhcrc.org:42539/api/workflows/v1/fdc6bd70-cb67-48c4-9bd4-edf2d021136c/metadata?includeKey=status&includeKey=failures&includeKey=jobId
  response:
    body:
      string: '{"status":"Submitted","calls":{},"id":"fdc6bd70-cb67-48c4-9bd4-edf2d021136c"}'
    headers:
      Connection:
      - keep-alive
      Content-Type:
      - application/json
      Date:
      - Sun, 12 Oct 2025 04:10:02 GMT
      Server:
      - nginx/1.25.3
      Transfer-Encoding:
      - chunked
      content-length:
      - '77'
    status:
      code: 200
      message: OK
- request:
    body: ''
    headers:
      accept:
      - '*/*'
      accept-encoding:
      - gzip, deflate
      connection:
      - keep-alive
      host:
      - gizmok47.fhcrc.org:42539
      user-agent:
      - python-httpx/0.28.1
    method: GET
    uri: https://gizmok47.fhcrc.org:42539/api/workflows/v1/fdc6bd70-cb67-48c4-9bd4-edf2d021136c/metadata?includeKey=status&includeKey=failures&includeKey=jobId
  response:
    body:
      string: '{"status":"Submitted","calls":{},"id":"fdc6bd70-cb67-48c4-9bd4-edf2d021136c"}'
    headers:
      Connection:
      - keep-alive
      Content-Type:
      - application/json
      Date:
      - Sun, 12 Oct 2025 04:10:07 GMT
      Server:
      - nginx/1.25.3
      Transfer-Encoding:
      - chunked
      content-length:
      - '77'
    status:
      code: 200
      message: OK
- request:
    body: ''
    headers:
      accept:
      - '*/*'
      accept-encoding:
      - gzip, deflate
      connection:
      - keep-alive
      host:
      - gizmok47.fhcrc.org:42539
      user-agent:
      - python-httpx/0.28.1
    method: GET
    uri: https://gizmok47.fhcrc.org:42539/api/workflows/v1/fdc6bd70-cb67-48c4-9bd4-edf2d021136c/metadata?includeKey=status&includeKey=failures&includeKey=jobId
  response:
    body:
      string: '{"status":"Submitted","calls":{},"id":"fdc6bd70-cb67-48c4-9bd4-edf2d021136c"}'
    headers:
      Connection:
      - keep-alive
      Content-Type:
      - application/json
      Date:
      - Sun, 12 Oct 2025 04:10:12 GMT
      Server:
      - nginx/1.25.3
      Transfer-Encoding:
      - chunked
      content-length:
      - '77'
    status:
      code: 200
      message: OK
- request:
    body: ''
    headers:
      accept:
      - '*/*'
      accept-encoding:
      - gzip, deflate
      connection:
      - keep-alive
      host:
      - gizmok47.fhcrc.org:42539
      user-agent:
      - python-httpx/0.28.1
    method: GET
    uri: https://gizmok47.fhcrc.org:42539/api/workflows/v1/fdc6bd70-cb67-48c4-9bd4-edf2d021136c/metadata?includeKey=status&includeKey=failures&includeKey=jobId
  response:
    body:
      string: '{"status":"Submitted","calls":{},"id":"fdc6bd70-cb67-48c4-9bd4-edf2d021136c"}'
    headers:
      Connection:
      - keep-alive
      Content-Type:
      - application/json
      Date:
      - Sun, 12 Oct 2025 04:10:18 GMT
      Server:
      - nginx/1.25.3
      Transfer-Encoding:
      - chunked
      content-length:
      - '77'
    status:
      code: 200
      message: OK
- request:
    body: ''
    headers:
      accept:
      - '*/*'
      accept-encoding:
      - gzip, deflate
      connection:
      - keep-alive
      host:
      - gizmok47.fhcrc.org:42539
      user-agent:
      - python-httpx/0.28.1
    method: GET
    uri: https://gizmok47.fhcrc.org:42539/api/workflows/v1/fdc6bd70-cb67-48c4-9bd4-edf2d021136c/metadata?includeKey=status&includeKey=failures&includeKey=jobId
  response:
    body:
      string: '{"status":"Submitted","calls":{},"id":"fdc6bd70-cb67-48c4-9bd4-edf2d021136c"}'
    headers:
      Connection:
      - keep-alive
      Content-Type:
      - application/json
      Date:
      - Sun, 12 Oct 2025 04:10:23 GMT
      Server:
      - nginx/1.25.3
      Transfer-Encoding:
      - chunked
      content-length:
      - '77'
    status:
      code: 200
      message: OK
- request:
    body: ''
    headers:
      accept:
      - '*/*'
      accept-encoding:
      - gzip, deflate
      connection:
      - keep-alive
      host:
      - gizmok47.fhcrc.org:42539
      user-agent:
      - python-httpx/0.28.1
    method: GET
    uri: https://gizmok47.fhcrc.org:42539/api/workflows/v1/fdc6bd70-cb67-48c4-9bd4-edf2d021136c/metadata?includeKey=status&includeKey=failures&includeKey=jobId
  response:
    body:
      string: '{"status":"Submitted","calls":{},"id":"fdc6bd70-cb67-48c4-9bd4-edf2d021136c"}'
    headers:
      Connection:
      - keep-alive
      Content-Type:
      - application/json
      Date:
      - Sun, 12 Oct 2025 04:10:28 GMT
      Server:
      - nginx/1.25.3
      Transfer-Encoding:
      - chunked
      content-length:
      - '77'
    status:
      code: 200
      message: OK
- request:
    body: ''
    headers:
      accept:
      - '*/*'
      accept-encoding:
      - gzip, deflate
      connection:
      - keep-alive
      host:
      - gizmok47.fhcrc.org:42539
      user-agent:
      - python-httpx/0.28.1
    method: GET
    uri: https://gizmok47.fhcrc.org:42539/api/workflows/v1/fdc6bd70-cb67-48c4-9bd4-edf2d021136c/metadata?includeKey=status&includeKey=failures&includeKey=jobId
  response:
    body:
      string: '{"status":"Submitted","calls":{},"id":"fdc6bd70-cb67-48c4-9bd4-edf2d021136c"}'
    headers:
      Connection:
      - keep-alive
      Content-Type:
      - application/json
      Date:
      - Sun, 12 Oct 2025 04:10:33 GMT
      Server:
      - nginx/1.25.3
      Transfer-Encoding:
      - chunked
      content-length:
      - '77'
    status:
      code: 200
      message: OK
- request:
    body: ''
    headers:
      accept:
      - '*/*'
      accept-encoding:
      - gzip, deflate
      connection:
      - keep-alive
      host:
      - gizmok47.fhcrc.org:42539
      user-agent:
      - python-httpx/0.28.1
    method: GET
    uri: https://gizmok47.fhcrc.org:42539/api/workflows/v1/fdc6bd70-cb67-48c4-9bd4-edf2d021136c/metadata?includeKey=status&includeKey=failures&includeKey=jobId
  response:
    body:
      string: '{"status":"Submitted","calls":{},"id":"fdc6bd70-cb67-48c4-9bd4-edf2d021136c"}'
    headers:
      Connection:
      - keep-alive
      Content-Type:
      - application/json
      Date:
      - Sun, 12 Oct 2025 04:10:38 GMT
      Server:
      - nginx/1.25.3
      Transfer-Encoding:
      - chunked
      content-length:
      - '77'
    status:
      code: 200
      message: OK
- request:
    body: ''
    headers:
      accept:
      - '*/*'
      accept-encoding:
      - gzip, deflate
      connection:
      - keep-alive
      host:
      - gizmok47.fhcrc.org:42539
      user-agent:
      - python-httpx/0.28.1
    method: GET
    uri: https://gizmok47.fhcrc.org:42539/api/workflows/v1/fdc6bd70-cb67-48c4-9bd4-edf2d021136c/metadata?includeKey=status&includeKey=failures&includeKey=jobId
  response:
    body:
      string: '{"status":"Submitted","calls":{},"id":"fdc6bd70-cb67-48c4-9bd4-edf2d021136c"}'
    headers:
      Connection:
      - keep-alive
      Content-Type:
      - application/json
      Date:
      - Sun, 12 Oct 2025 04:10:43 GMT
      Server:
      - nginx/1.25.3
      Transfer-Encoding:
      - chunked
      content-length:
      - '77'
    status:
      code: 200
      message: OK
- request:
    body: ''
    headers:
      accept:
      - '*/*'
      accept-encoding:
      - gzip, deflate
      connection:
      - keep-alive
      host:
      - gizmok47.fhcrc.org:42539
      user-agent:
      - python-httpx/0.28.1
    method: GET
    uri: https://gizmok47.fhcrc.org:42539/api/workflows/v1/fdc6bd70-cb67-48c4-9bd4-edf2d021136c/metadata?includeKey=status&includeKey=failures&includeKey=jobId
  response:
    body:
      string: '{"status":"Submitted","calls":{},"id":"fdc6bd70-cb67-48c4-9bd4-edf2d021136c"}'
    headers:
      Connection:
      - keep-alive
      Content-Type:
      - application/json
      Date:
      - Sun, 12 Oct 2025 04:10:48 GMT
      Server:
      - nginx/1.25.3
      Transfer-Encoding:
      - chunked
      content-length:
      - '77'
    status:
      code: 200
      message: OK
- request:
    body: ''
    headers:
      accept:
      - '*/*'
      accept-encoding:
      - gzip, deflate
      connection:
      - keep-alive
      host:
      - gizmok47.fhcrc.org:42539
      user-agent:
      - python-httpx/0.28.1
    method: GET
    uri: https://gizmok47.fhcrc.org:42539/api/workflows/v1/fdc6bd70-cb67-48c4-9bd4-edf2d021136c/metadata?includeKey=status&includeKey=failures&includeKey=jobId
  response:
    body:
      string: '{"status":"Submitted","calls":{},"id":"fdc6bd70-cb67-48c4-9bd4-edf2d021136c"}'
    headers:
      Connection:
      - keep-alive
      Content-Type:
      - application/json
      Date:
      - Sun, 12 Oct 2025 04:10:53 GMT
      Server:
      - nginx/1.25.3
      Transfer-Encoding:
      - chunked
      content-length:
      - '77'
    status:
      code: 200
      message: OK
- request:
    body: ''
    headers:
      accept:
      - '*/*'
      accept-encoding:
      - gzip, deflate
      connection:
      - keep-alive
      host:
      - gizmok47.fhcrc.org:42539
      user-agent:
      - python-httpx/0.28.1
    method: GET
    uri: https://gizmok47.fhcrc.org:42539/api/workflows/v1/fdc6bd70-cb67-48c4-9bd4-edf2d021136c/metadata?includeKey=status&includeKey=failures&includeKey=jobId
  response:
    body:
      string: '{"status":"Submitted","calls":{},"id":"fdc6bd70-cb67-48c4-9bd4-edf2d021136c"}'
    headers:
      Connection:
      - keep-alive
      Content-Type:
      - application/json
      Date:
      - Sun, 12 Oct 2025 04:10:58 GMT
      Server:
      - nginx/1.25.3
      Transfer-Encoding:
      - chunked
      content-length:
      - '77'
    status:
      code: 200
      message: OK
- request:
    body: ''
    headers:
      accept:
      - '*/*'
      accept-encoding:
      - gzip, deflate
      connection:
      - keep-alive
      host:
      - gizmok47.fhcrc.org:42539
      user-agent:
      - python-httpx/0.28.1
    method: GET
    uri: https://gizmok47.fhcrc.org:42539/api/workflows/v1/fdc6bd70-cb67-48c4-9bd4-edf2d021136c/metadata?includeKey=status&includeKey=failures&includeKey=jobId
  response:
    body:
      string: '{"status":"Submitted","calls":{},"id":"fdc6bd70-cb67-48c4-9bd4-edf2d021136c"}'
    headers:
      Connection:
      - keep-alive
      Content-Type:
      - application/json
      Date:
      - Sun, 12 Oct 2025 04:11:03 GMT
      Server:
      - nginx/1.25.3
      Transfer-Encoding:
      - chunked
      content-length:
      - '77'
    status:
      code: 200
      message: OK
- request:
    body: ''
    headers:
      accept:
      - '*/*'
      accept-encoding:
      - gzip, deflate
      connection:
      - keep-alive
      host:
      - gizmok47.fhcrc.org:42539
      user-agent:
      - python-httpx/0.28.1
    method: GET
    uri: https://gizmok47.fhcrc.org:42539/api/workflows/v1/fdc6bd70-cb67-48c4-9bd4-edf2d021136c/metadata?includeKey=status&includeKey=failures&includeKey=jobId
  response:
    body:
      string: '{"status":"Submitted","calls":{},"id":"fdc6bd70-cb67-48c4-9bd4-edf2d021136c"}'
    headers:
      Connection:
      - keep-alive
      Content-Type:
      - application/json
      Date:
      - Sun, 12 Oct 2025 04:11:08 GMT
      Server:
      - nginx/1.25.3
      Transfer-Encoding:
      - chunked
      content-length:
      - '77'
    status:
      code: 200
      message: OK
- request:
    body: ''
    headers:
      accept:
      - '*/*'
      accept-encoding:
      - gzip, deflate
      connection:
      - keep-alive
      host:
      - gizmok47.fhcrc.org:42539
      user-agent:
      - python-httpx/0.28.1
    method: GET
    uri: https://gizmok47.fhcrc.org:42539/api/workflows/v1/fdc6bd70-cb67-48c4-9bd4-edf2d021136c/metadata?includeKey=status&includeKey=failures&includeKey=jobId
  response:
    body:
      string: '{"status":"Submitted","calls":{},"id":"fdc6bd70-cb67-48c4-9bd4-edf2d021136c"}'
    headers:
      Connection:
      - keep-alive
      Content-Type:
      - application/json
      Date:
      - Sun, 12 Oct 2025 04:11:13 GMT
      Server:
      - nginx/1.25.3
      Transfer-Encoding:
      - chunked
      content-length:
      - '77'
    status:
      code: 200
      message: OK
- request:
    body: ''
    headers:
      accept:
      - '*/*'
      accept-encoding:
      - gzip, deflate
      connection:
      - keep-alive
      host:
      - gizmok47.fhcrc.org:42539
      user-agent:
      - python-httpx/0.28.1
    method: GET
    uri: https://gizmok47.fhcrc.org:42539/api/workflows/v1/fdc6bd70-cb67-48c4-9bd4-edf2d021136c/metadata?includeKey=status&includeKey=failures&includeKey=jobId
  response:
    body:
      string: '{"status":"Submitted","calls":{},"id":"fdc6bd70-cb67-48c4-9bd4-edf2d021136c"}'
    headers:
      Connection:
      - keep-alive
      Content-Type:
      - application/json
      Date:
      - Sun, 12 Oct 2025 04:11:18 GMT
      Server:
      - nginx/1.25.3
      Transfer-Encoding:
      - chunked
      content-length:
      - '77'
    status:
      code: 200
      message: OK
- request:
    body: ''
    headers:
      accept:
      - '*/*'
      accept-encoding:
      - gzip, deflate
      connection:
      - keep-alive
      host:
      - gizmok47.fhcrc.org:42539
      user-agent:
      - python-httpx/0.28.1
    method: GET
    uri: https://gizmok47.fhcrc.org:42539/api/workflows/v1/fdc6bd70-cb67-48c4-9bd4-edf2d021136c/metadata?includeKey=status&includeKey=failures&includeKey=jobId
  response:
    body:
      string: '{"status":"Submitted","calls":{},"id":"fdc6bd70-cb67-48c4-9bd4-edf2d021136c"}'
    headers:
      Connection:
      - keep-alive
      Content-Type:
      - application/json
      Date:
      - Sun, 12 Oct 2025 04:11:23 GMT
      Server:
      - nginx/1.25.3
      Transfer-Encoding:
      - chunked
      content-length:
      - '77'
    status:
      code: 200
      message: OK
- request:
    body: ''
    headers:
      accept:
      - '*/*'
      accept-encoding:
      - gzip, deflate
      connection:
      - keep-alive
      host:
      - gizmok47.fhcrc.org:42539
      user-agent:
      - python-httpx/0.28.1
    method: GET
    uri: https://gizmok47.fhcrc.org:42539/api/workflows/v1/fdc6bd70-cb67-48c4-9bd4-edf2d021136c/metadata?includeKey=status&includeKey=failures&includeKey=jobId
  response:
    body:
      string: '{"status":"Submitted","calls":{},"id":"fdc6bd70-cb67-48c4-9bd4-edf2d021136c"}'
    headers:
      Connection:
      - keep-alive
      Content-Type:
      - application/json
      Date:
      - Sun, 12 Oct 2025 04:11:29 GMT
      Server:
      - nginx/1.25.3
      Transfer-Encoding:
      - chunked
      content-length:
      - '77'
    status:
      code: 200
      message: OK
- request:
    body: ''
    headers:
      accept:
      - '*/*'
      accept-encoding:
      - gzip, deflate
      connection:
      - keep-alive
      host:
      - gizmok47.fhcrc.org:42539
      user-agent:
      - python-httpx/0.28.1
    method: GET
    uri: https://gizmok47.fhcrc.org:42539/api/workflows/v1/fdc6bd70-cb67-48c4-9bd4-edf2d021136c/metadata?includeKey=status&includeKey=failures&includeKey=jobId
  response:
    body:
      string: '{"status":"Submitted","calls":{},"id":"fdc6bd70-cb67-48c4-9bd4-edf2d021136c"}'
    headers:
      Connection:
      - keep-alive
      Content-Type:
      - application/json
      Date:
      - Sun, 12 Oct 2025 04:11:34 GMT
      Server:
      - nginx/1.25.3
      Transfer-Encoding:
      - chunked
      content-length:
      - '77'
    status:
      code: 200
      message: OK
- request:
    body: ''
    headers:
      accept:
      - '*/*'
      accept-encoding:
      - gzip, deflate
      connection:
      - keep-alive
      host:
      - gizmok47.fhcrc.org:42539
      user-agent:
      - python-httpx/0.28.1
    method: GET
    uri: https://gizmok47.fhcrc.org:42539/api/workflows/v1/fdc6bd70-cb67-48c4-9bd4-edf2d021136c/metadata?includeKey=status&includeKey=failures&includeKey=jobId
  response:
    body:
      string: '{"status":"Submitted","calls":{},"id":"fdc6bd70-cb67-48c4-9bd4-edf2d021136c"}'
    headers:
      Connection:
      - keep-alive
      Content-Type:
      - application/json
      Date:
      - Sun, 12 Oct 2025 04:11:39 GMT
      Server:
      - nginx/1.25.3
      Transfer-Encoding:
      - chunked
      content-length:
      - '77'
    status:
      code: 200
      message: OK
- request:
    body: ''
    headers:
      accept:
      - '*/*'
      accept-encoding:
      - gzip, deflate
      connection:
      - keep-alive
      host:
      - gizmok47.fhcrc.org:42539
      user-agent:
      - python-httpx/0.28.1
    method: GET
    uri: https://gizmok47.fhcrc.org:42539/api/workflows/v1/fdc6bd70-cb67-48c4-9bd4-edf2d021136c/metadata?includeKey=status&includeKey=failures&includeKey=jobId
  response:
    body:
      string: '{"status":"Submitted","calls":{},"id":"fdc6bd70-cb67-48c4-9bd4-edf2d021136c"}'
    headers:
      Connection:
      - keep-alive
      Content-Type:
      - application/json
      Date:
      - Sun, 12 Oct 2025 04:11:44 GMT
      Server:
      - nginx/1.25.3
      Transfer-Encoding:
      - chunked
      content-length:
      - '77'
    status:
      code: 200
      message: OK
- request:
    body: ''
    headers:
      accept:
      - '*/*'
      accept-encoding:
      - gzip, deflate
      connection:
      - keep-alive
      host:
      - gizmok47.fhcrc.org:42539
      user-agent:
      - python-httpx/0.28.1
    method: GET
    uri: https://gizmok47.fhcrc.org:42539/api/workflows/v1/fdc6bd70-cb67-48c4-9bd4-edf2d021136c/metadata?includeKey=status&includeKey=failures&includeKey=jobId
  response:
    body:
      string: '{"status":"Submitted","calls":{},"id":"fdc6bd70-cb67-48c4-9bd4-edf2d021136c"}'
    headers:
      Connection:
      - keep-alive
      Content-Type:
      - application/json
      Date:
      - Sun, 12 Oct 2025 04:11:49 GMT
      Server:
      - nginx/1.25.3
      Transfer-Encoding:
      - chunked
      content-length:
      - '77'
    status:
      code: 200
      message: OK
- request:
    body: ''
    headers:
      accept:
      - '*/*'
      accept-encoding:
      - gzip, deflate
      connection:
      - keep-alive
      host:
      - gizmok47.fhcrc.org:42539
      user-agent:
      - python-httpx/0.28.1
    method: GET
    uri: https://gizmok47.fhcrc.org:42539/api/workflows/v1/fdc6bd70-cb67-48c4-9bd4-edf2d021136c/metadata?includeKey=status&includeKey=failures&includeKey=jobId
  response:
    body:
      string: '{"status":"Submitted","calls":{},"id":"fdc6bd70-cb67-48c4-9bd4-edf2d021136c"}'
    headers:
      Connection:
      - keep-alive
      Content-Type:
      - application/json
      Date:
      - Sun, 12 Oct 2025 04:11:54 GMT
      Server:
      - nginx/1.25.3
      Transfer-Encoding:
      - chunked
      content-length:
      - '77'
    status:
      code: 200
      message: OK
- request:
    body: ''
    headers:
      accept:
      - '*/*'
      accept-encoding:
      - gzip, deflate
      connection:
      - keep-alive
      host:
      - gizmok47.fhcrc.org:42539
      user-agent:
      - python-httpx/0.28.1
    method: GET
    uri: https://gizmok47.fhcrc.org:42539/api/workflows/v1/fdc6bd70-cb67-48c4-9bd4-edf2d021136c/metadata?includeKey=status&includeKey=failures&includeKey=jobId
  response:
    body:
      string: '{"status":"Submitted","calls":{},"id":"fdc6bd70-cb67-48c4-9bd4-edf2d021136c"}'
    headers:
      Connection:
      - keep-alive
      Content-Type:
      - application/json
      Date:
      - Sun, 12 Oct 2025 04:11:59 GMT
      Server:
      - nginx/1.25.3
      Transfer-Encoding:
      - chunked
      content-length:
      - '77'
    status:
      code: 200
      message: OK
- request:
    body: ''
    headers:
      accept:
      - '*/*'
      accept-encoding:
      - gzip, deflate
      connection:
      - keep-alive
      host:
      - gizmok47.fhcrc.org:42539
      user-agent:
      - python-httpx/0.28.1
    method: GET
    uri: https://gizmok47.fhcrc.org:42539/api/workflows/v1/fdc6bd70-cb67-48c4-9bd4-edf2d021136c/metadata?includeKey=status&includeKey=failures&includeKey=jobId
  response:
    body:
      string: '{"status":"Submitted","calls":{},"id":"fdc6bd70-cb67-48c4-9bd4-edf2d021136c"}'
    headers:
      Connection:
      - keep-alive
      Content-Type:
      - application/json
      Date:
      - Sun, 12 Oct 2025 04:12:04 GMT
      Server:
      - nginx/1.25.3
      Transfer-Encoding:
      - chunked
      content-length:
      - '77'
    status:
      code: 200
      message: OK
- request:
    body: ''
    headers:
      accept:
      - '*/*'
      accept-encoding:
      - gzip, deflate
      connection:
      - keep-alive
      host:
      - gizmok47.fhcrc.org:42539
      user-agent:
      - python-httpx/0.28.1
    method: GET
    uri: https://gizmok47.fhcrc.org:42539/api/workflows/v1/fdc6bd70-cb67-48c4-9bd4-edf2d021136c/metadata?includeKey=status&includeKey=failures&includeKey=jobId
  response:
    body:
      string: '{"status":"Submitted","calls":{},"id":"fdc6bd70-cb67-48c4-9bd4-edf2d021136c"}'
    headers:
      Connection:
      - keep-alive
      Content-Type:
      - application/json
      Date:
      - Sun, 12 Oct 2025 04:12:09 GMT
      Server:
      - nginx/1.25.3
      Transfer-Encoding:
      - chunked
      content-length:
      - '77'
    status:
      code: 200
      message: OK
- request:
    body: ''
    headers:
      accept:
      - '*/*'
      accept-encoding:
      - gzip, deflate
      connection:
      - keep-alive
      host:
      - gizmok47.fhcrc.org:42539
      user-agent:
      - python-httpx/0.28.1
    method: GET
    uri: https://gizmok47.fhcrc.org:42539/api/workflows/v1/fdc6bd70-cb67-48c4-9bd4-edf2d021136c/metadata?includeKey=status&includeKey=failures&includeKey=jobId
  response:
    body:
      string: '{"status":"Submitted","calls":{},"id":"fdc6bd70-cb67-48c4-9bd4-edf2d021136c"}'
    headers:
      Connection:
      - keep-alive
      Content-Type:
      - application/json
      Date:
      - Sun, 12 Oct 2025 04:12:14 GMT
      Server:
      - nginx/1.25.3
      Transfer-Encoding:
      - chunked
      content-length:
      - '77'
    status:
      code: 200
      message: OK
- request:
    body: ''
    headers:
      accept:
      - '*/*'
      accept-encoding:
      - gzip, deflate
      connection:
      - keep-alive
      host:
      - gizmok47.fhcrc.org:42539
      user-agent:
      - python-httpx/0.28.1
    method: GET
    uri: https://gizmok47.fhcrc.org:42539/api/workflows/v1/fdc6bd70-cb67-48c4-9bd4-edf2d021136c/metadata?includeKey=status&includeKey=failures&includeKey=jobId
  response:
    body:
      string: '{"status":"Submitted","calls":{},"id":"fdc6bd70-cb67-48c4-9bd4-edf2d021136c"}'
    headers:
      Connection:
      - keep-alive
      Content-Type:
      - application/json
      Date:
      - Sun, 12 Oct 2025 04:12:19 GMT
      Server:
      - nginx/1.25.3
      Transfer-Encoding:
      - chunked
      content-length:
      - '77'
    status:
      code: 200
      message: OK
- request:
    body: ''
    headers:
      accept:
      - '*/*'
      accept-encoding:
      - gzip, deflate
      connection:
      - keep-alive
      host:
      - gizmok47.fhcrc.org:42539
      user-agent:
      - python-httpx/0.28.1
    method: GET
    uri: https://gizmok47.fhcrc.org:42539/api/workflows/v1/fdc6bd70-cb67-48c4-9bd4-edf2d021136c/metadata?includeKey=status&includeKey=failures&includeKey=jobId
  response:
    body:
      string: '{"status":"Submitted","calls":{},"id":"fdc6bd70-cb67-48c4-9bd4-edf2d021136c"}'
    headers:
      Connection:
      - keep-alive
      Content-Type:
      - application/json
      Date:
      - Sun, 12 Oct 2025 04:12:24 GMT
      Server:
      - nginx/1.25.3
      Transfer-Encoding:
      - chunked
      content-length:
      - '77'
    status:
      code: 200
      message: OK
- request:
    body: ''
    headers:
      accept:
      - '*/*'
      accept-encoding:
      - gzip, deflate
      connection:
      - keep-alive
      host:
      - gizmok47.fhcrc.org:42539
      user-agent:
      - python-httpx/0.28.1
    method: GET
    uri: https://gizmok47.fhcrc.org:42539/api/workflows/v1/fdc6bd70-cb67-48c4-9bd4-edf2d021136c/metadata?includeKey=status&includeKey=failures&includeKey=jobId
  response:
    body:
      string: '{"status":"Submitted","calls":{},"id":"fdc6bd70-cb67-48c4-9bd4-edf2d021136c"}'
    headers:
      Connection:
      - keep-alive
      Content-Type:
      - application/json
      Date:
      - Sun, 12 Oct 2025 04:12:29 GMT
      Server:
      - nginx/1.25.3
      Transfer-Encoding:
      - chunked
      content-length:
      - '77'
    status:
      code: 200
      message: OK
- request:
    body: ''
    headers:
      accept:
      - '*/*'
      accept-encoding:
      - gzip, deflate
      connection:
      - keep-alive
      host:
      - gizmok47.fhcrc.org:42539
      user-agent:
      - python-httpx/0.28.1
    method: GET
    uri: https://gizmok47.fhcrc.org:42539/api/workflows/v1/fdc6bd70-cb67-48c4-9bd4-edf2d021136c/metadata?includeKey=status&includeKey=failures&includeKey=jobId
  response:
    body:
      string: '{"status":"Submitted","calls":{},"id":"fdc6bd70-cb67-48c4-9bd4-edf2d021136c"}'
    headers:
      Connection:
      - keep-alive
      Content-Type:
      - application/json
      Date:
      - Sun, 12 Oct 2025 04:12:34 GMT
      Server:
      - nginx/1.25.3
      Transfer-Encoding:
      - chunked
      content-length:
      - '77'
    status:
      code: 200
      message: OK
- request:
    body: ''
    headers:
      accept:
      - '*/*'
      accept-encoding:
      - gzip, deflate
      connection:
      - keep-alive
      host:
      - gizmok47.fhcrc.org:42539
      user-agent:
      - python-httpx/0.28.1
    method: GET
    uri: https://gizmok47.fhcrc.org:42539/api/workflows/v1/fdc6bd70-cb67-48c4-9bd4-edf2d021136c/metadata?includeKey=status&includeKey=failures&includeKey=jobId
  response:
    body:
      string: '{"status":"Submitted","calls":{},"id":"fdc6bd70-cb67-48c4-9bd4-edf2d021136c"}'
    headers:
      Connection:
      - keep-alive
      Content-Type:
      - application/json
      Date:
      - Sun, 12 Oct 2025 04:12:40 GMT
      Server:
      - nginx/1.25.3
      Transfer-Encoding:
      - chunked
      content-length:
      - '77'
    status:
      code: 200
      message: OK
- request:
    body: ''
    headers:
      accept:
      - '*/*'
      accept-encoding:
      - gzip, deflate
      connection:
      - keep-alive
      host:
      - gizmok47.fhcrc.org:42539
      user-agent:
      - python-httpx/0.28.1
    method: GET
    uri: https://gizmok47.fhcrc.org:42539/api/workflows/v1/fdc6bd70-cb67-48c4-9bd4-edf2d021136c/metadata?includeKey=status&includeKey=failures&includeKey=jobId
  response:
    body:
      string: '{"status":"Submitted","calls":{},"id":"fdc6bd70-cb67-48c4-9bd4-edf2d021136c"}'
    headers:
      Connection:
      - keep-alive
      Content-Type:
      - application/json
      Date:
      - Sun, 12 Oct 2025 04:12:45 GMT
      Server:
      - nginx/1.25.3
      Transfer-Encoding:
      - chunked
      content-length:
      - '77'
    status:
      code: 200
      message: OK
- request:
    body: ''
    headers:
      accept:
      - '*/*'
      accept-encoding:
      - gzip, deflate
      connection:
      - keep-alive
      host:
      - gizmok47.fhcrc.org:42539
      user-agent:
      - python-httpx/0.28.1
    method: GET
    uri: https://gizmok47.fhcrc.org:42539/api/workflows/v1/fdc6bd70-cb67-48c4-9bd4-edf2d021136c/metadata?includeKey=status&includeKey=failures&includeKey=jobId
  response:
    body:
      string: '{"status":"Submitted","calls":{},"id":"fdc6bd70-cb67-48c4-9bd4-edf2d021136c"}'
    headers:
      Connection:
      - keep-alive
      Content-Type:
      - application/json
      Date:
      - Sun, 12 Oct 2025 04:12:50 GMT
      Server:
      - nginx/1.25.3
      Transfer-Encoding:
      - chunked
      content-length:
      - '77'
    status:
      code: 200
      message: OK
- request:
    body: ''
    headers:
      accept:
      - '*/*'
      accept-encoding:
      - gzip, deflate
      connection:
      - keep-alive
      host:
      - gizmok47.fhcrc.org:42539
      user-agent:
      - python-httpx/0.28.1
    method: GET
    uri: https://gizmok47.fhcrc.org:42539/api/workflows/v1/fdc6bd70-cb67-48c4-9bd4-edf2d021136c/metadata?includeKey=status&includeKey=failures&includeKey=jobId
  response:
    body:
      string: '{"status":"Submitted","calls":{},"id":"fdc6bd70-cb67-48c4-9bd4-edf2d021136c"}'
    headers:
      Connection:
      - keep-alive
      Content-Type:
      - application/json
      Date:
      - Sun, 12 Oct 2025 04:12:55 GMT
      Server:
      - nginx/1.25.3
      Transfer-Encoding:
      - chunked
      content-length:
      - '77'
    status:
      code: 200
      message: OK
- request:
    body: ''
    headers:
      accept:
      - '*/*'
      accept-encoding:
      - gzip, deflate
      connection:
      - keep-alive
      host:
      - gizmok47.fhcrc.org:42539
      user-agent:
      - python-httpx/0.28.1
    method: GET
    uri: https://gizmok47.fhcrc.org:42539/api/workflows/v1/fdc6bd70-cb67-48c4-9bd4-edf2d021136c/metadata?includeKey=status&includeKey=failures&includeKey=jobId
  response:
    body:
      string: '{"status":"Submitted","calls":{},"id":"fdc6bd70-cb67-48c4-9bd4-edf2d021136c"}'
    headers:
      Connection:
      - keep-alive
      Content-Type:
      - application/json
      Date:
      - Sun, 12 Oct 2025 04:13:00 GMT
      Server:
      - nginx/1.25.3
      Transfer-Encoding:
      - chunked
      content-length:
      - '77'
    status:
      code: 200
      message: OK
- request:
    body: ''
    headers:
      accept:
      - '*/*'
      accept-encoding:
      - gzip, deflate
      connection:
      - keep-alive
      host:
      - gizmok47.fhcrc.org:42539
      user-agent:
      - python-httpx/0.28.1
    method: GET
    uri: https://gizmok47.fhcrc.org:42539/api/workflows/v1/fdc6bd70-cb67-48c4-9bd4-edf2d021136c/metadata?includeKey=status&includeKey=failures&includeKey=jobId
  response:
    body:
      string: '{"status":"Submitted","calls":{},"id":"fdc6bd70-cb67-48c4-9bd4-edf2d021136c"}'
    headers:
      Connection:
      - keep-alive
      Content-Type:
      - application/json
      Date:
      - Sun, 12 Oct 2025 04:13:05 GMT
      Server:
      - nginx/1.25.3
      Transfer-Encoding:
      - chunked
      content-length:
      - '77'
    status:
      code: 200
      message: OK
- request:
    body: ''
    headers:
      accept:
      - '*/*'
      accept-encoding:
      - gzip, deflate
      connection:
      - keep-alive
      host:
      - gizmok47.fhcrc.org:42539
      user-agent:
      - python-httpx/0.28.1
    method: GET
    uri: https://gizmok47.fhcrc.org:42539/api/workflows/v1/fdc6bd70-cb67-48c4-9bd4-edf2d021136c/metadata?includeKey=status&includeKey=failures&includeKey=jobId
  response:
    body:
      string: '{"status":"Submitted","calls":{},"id":"fdc6bd70-cb67-48c4-9bd4-edf2d021136c"}'
    headers:
      Connection:
      - keep-alive
      Content-Type:
      - application/json
      Date:
      - Sun, 12 Oct 2025 04:13:10 GMT
      Server:
      - nginx/1.25.3
      Transfer-Encoding:
      - chunked
      content-length:
      - '77'
    status:
      code: 200
      message: OK
- request:
    body: ''
    headers:
      accept:
      - '*/*'
      accept-encoding:
      - gzip, deflate
      connection:
      - keep-alive
      host:
      - gizmok47.fhcrc.org:42539
      user-agent:
      - python-httpx/0.28.1
    method: GET
    uri: https://gizmok47.fhcrc.org:42539/api/workflows/v1/fdc6bd70-cb67-48c4-9bd4-edf2d021136c/metadata?includeKey=status&includeKey=failures&includeKey=jobId
  response:
    body:
      string: '{"status":"Submitted","calls":{},"id":"fdc6bd70-cb67-48c4-9bd4-edf2d021136c"}'
    headers:
      Connection:
      - keep-alive
      Content-Type:
      - application/json
      Date:
      - Sun, 12 Oct 2025 04:13:15 GMT
      Server:
      - nginx/1.25.3
      Transfer-Encoding:
      - chunked
      content-length:
      - '77'
    status:
      code: 200
      message: OK
- request:
    body: ''
    headers:
      accept:
      - '*/*'
      accept-encoding:
      - gzip, deflate
      connection:
      - keep-alive
      host:
      - gizmok47.fhcrc.org:42539
      user-agent:
      - python-httpx/0.28.1
    method: GET
    uri: https://gizmok47.fhcrc.org:42539/api/workflows/v1/fdc6bd70-cb67-48c4-9bd4-edf2d021136c/metadata?includeKey=status&includeKey=failures&includeKey=jobId
  response:
    body:
      string: '{"status":"Submitted","calls":{},"id":"fdc6bd70-cb67-48c4-9bd4-edf2d021136c"}'
    headers:
      Connection:
      - keep-alive
      Content-Type:
      - application/json
      Date:
      - Sun, 12 Oct 2025 04:13:20 GMT
      Server:
      - nginx/1.25.3
      Transfer-Encoding:
      - chunked
      content-length:
      - '77'
    status:
      code: 200
      message: OK
- request:
    body: ''
    headers:
      accept:
      - '*/*'
      accept-encoding:
      - gzip, deflate
      connection:
      - keep-alive
      host:
      - gizmok47.fhcrc.org:42539
      user-agent:
      - python-httpx/0.28.1
    method: GET
    uri: https://gizmok47.fhcrc.org:42539/api/workflows/v1/fdc6bd70-cb67-48c4-9bd4-edf2d021136c/metadata?includeKey=status&includeKey=failures&includeKey=jobId
  response:
    body:
      string: '{"status":"Submitted","calls":{},"id":"fdc6bd70-cb67-48c4-9bd4-edf2d021136c"}'
    headers:
      Connection:
      - keep-alive
      Content-Type:
      - application/json
      Date:
      - Sun, 12 Oct 2025 04:13:25 GMT
      Server:
      - nginx/1.25.3
      Transfer-Encoding:
      - chunked
      content-length:
      - '77'
    status:
      code: 200
      message: OK
- request:
    body: ''
    headers:
      accept:
      - '*/*'
      accept-encoding:
      - gzip, deflate
      connection:
      - keep-alive
      host:
      - gizmok47.fhcrc.org:42539
      user-agent:
      - python-httpx/0.28.1
    method: GET
    uri: https://gizmok47.fhcrc.org:42539/api/workflows/v1/fdc6bd70-cb67-48c4-9bd4-edf2d021136c/metadata?includeKey=status&includeKey=failures&includeKey=jobId
  response:
    body:
      string: '{"status":"Submitted","calls":{},"id":"fdc6bd70-cb67-48c4-9bd4-edf2d021136c"}'
    headers:
      Connection:
      - keep-alive
      Content-Type:
      - application/json
      Date:
      - Sun, 12 Oct 2025 04:13:30 GMT
      Server:
      - nginx/1.25.3
      Transfer-Encoding:
      - chunked
      content-length:
      - '77'
    status:
      code: 200
      message: OK
- request:
    body: ''
    headers:
      accept:
      - '*/*'
      accept-encoding:
      - gzip, deflate
      connection:
      - keep-alive
      host:
      - gizmok47.fhcrc.org:42539
      user-agent:
      - python-httpx/0.28.1
    method: GET
    uri: https://gizmok47.fhcrc.org:42539/api/workflows/v1/fdc6bd70-cb67-48c4-9bd4-edf2d021136c/metadata?includeKey=status&includeKey=failures&includeKey=jobId
  response:
    body:
      string: '{"status":"Running","calls":{},"id":"fdc6bd70-cb67-48c4-9bd4-edf2d021136c"}'
    headers:
      Connection:
      - keep-alive
      Content-Type:
      - application/json
      Date:
      - Sun, 12 Oct 2025 04:13:35 GMT
      Server:
      - nginx/1.25.3
      Transfer-Encoding:
      - chunked
      content-length:
      - '75'
    status:
      code: 200
      message: OK
- request:
    body: ''
    headers:
      accept:
      - '*/*'
      accept-encoding:
      - gzip, deflate
      connection:
      - keep-alive
      host:
      - gizmok47.fhcrc.org:42539
      user-agent:
      - python-httpx/0.28.1
    method: GET
    uri: https://gizmok47.fhcrc.org:42539/api/workflows/v1/fdc6bd70-cb67-48c4-9bd4-edf2d021136c/metadata?includeKey=status&includeKey=failures&includeKey=jobId
  response:
    body:
      string: '{"status":"Running","calls":{},"id":"fdc6bd70-cb67-48c4-9bd4-edf2d021136c"}'
    headers:
      Connection:
      - keep-alive
      Content-Type:
      - application/json
      Date:
      - Sun, 12 Oct 2025 04:13:40 GMT
      Server:
      - nginx/1.25.3
      Transfer-Encoding:
      - chunked
      content-length:
      - '75'
    status:
      code: 200
      message: OK
- request:
    body: ''
    headers:
      accept:
      - '*/*'
      accept-encoding:
      - gzip, deflate
      connection:
      - keep-alive
      host:
      - gizmok47.fhcrc.org:42539
      user-agent:
      - python-httpx/0.28.1
    method: GET
    uri: https://gizmok47.fhcrc.org:42539/api/workflows/v1/fdc6bd70-cb67-48c4-9bd4-edf2d021136c/metadata?includeKey=status&includeKey=failures&includeKey=jobId
  response:
    body:
      string: '{"status":"Running","calls":{"HelloHostname.Hostname":[{"jobId":"37628823","attempt":1,"shardIndex":-1}]},"id":"fdc6bd70-cb67-48c4-9bd4-edf2d021136c"}'
    headers:
      Connection:
      - keep-alive
      Content-Type:
      - application/json
      Date:
      - Sun, 12 Oct 2025 04:13:45 GMT
      Server:
      - nginx/1.25.3
      Transfer-Encoding:
      - chunked
      content-length:
      - '150'
    status:
      code: 200
      message: OK
- request:
    body: ''
    headers:
      accept:
      - '*/*'
      accept-encoding:
      - gzip, deflate
      connection:
      - keep-alive
      host:
      - gizmok47.fhcrc.org:42539
      user-agent:
      - python-httpx/0.28.1
    method: GET
    uri: https://gizmok47.fhcrc.org:42539/api/workflows/v1/fdc6bd70-cb67-48c4-9bd4-edf2d021136c/metadata?includeKey=status&includeKey=failures&includeKey=jobId
  response:
    body:
      string: '{"status":"Running","calls":{"HelloHostname.Hostname":[{"jobId":"37628823","attempt":1,"shardIndex":-1}]},"id":"fdc6bd70-cb67-48c4-9bd4-edf2d021136c"}'
    headers:
      Connection:
      - keep-alive
      Content-Type:
      - application/json
      Date:
      - Sun, 12 Oct 2025 04:13:51 GMT
      Server:
      - nginx/1.25.3
      Transfer-Encoding:
      - chunked
      content-length:
      - '150'
    status:
      code: 200
      message: OK
- request:
    body: ''
    headers:
      accept:
      - '*/*'
      accept-encoding:
      - gzip, deflate
      connection:
      - keep-alive
      host:
      - gizmok47.fhcrc.org:42539
      user-agent:
      - python-httpx/0.28.1
    method: GET
    uri: https://gizmok47.fhcrc.org:42539/api/workflows/v1/fdc6bd70-cb67-48c4-9bd4-edf2d021136c/metadata?includeKey=status&includeKey=failures&includeKey=jobId
  response:
    body:
      string: '{"status":"Running","calls":{"HelloHostname.Hostname":[{"jobId":"37628823","attempt":1,"shardIndex":-1}]},"id":"fdc6bd70-cb67-48c4-9bd4-edf2d021136c"}'
    headers:
      Connection:
      - keep-alive
      Content-Type:
      - application/json
      Date:
      - Sun, 12 Oct 2025 04:13:56 GMT
      Server:
      - nginx/1.25.3
      Transfer-Encoding:
      - chunked
      content-length:
      - '150'
    status:
      code: 200
      message: OK
- request:
    body: ''
    headers:
      accept:
      - '*/*'
      accept-encoding:
      - gzip, deflate
      connection:
      - keep-alive
      host:
      - gizmok47.fhcrc.org:42539
      user-agent:
      - python-httpx/0.28.1
    method: GET
    uri: https://gizmok47.fhcrc.org:42539/api/workflows/v1/fdc6bd70-cb67-48c4-9bd4-edf2d021136c/metadata?includeKey=status&includeKey=failures&includeKey=jobId
  response:
    body:
      string: '{"status":"Running","calls":{"HelloHostname.Hostname":[{"jobId":"37628823","attempt":1,"shardIndex":-1}]},"id":"fdc6bd70-cb67-48c4-9bd4-edf2d021136c"}'
    headers:
      Connection:
      - keep-alive
      Content-Type:
      - application/json
      Date:
      - Sun, 12 Oct 2025 04:14:01 GMT
      Server:
      - nginx/1.25.3
      Transfer-Encoding:
      - chunked
      content-length:
      - '150'
    status:
      code: 200
      message: OK
- request:
    body: ''
    headers:
      accept:
      - '*/*'
      accept-encoding:
      - gzip, deflate
      connection:
      - keep-alive
      host:
      - gizmok47.fhcrc.org:42539
      user-agent:
      - python-httpx/0.28.1
    method: GET
    uri: https://gizmok47.fhcrc.org:42539/api/workflows/v1/fdc6bd70-cb67-48c4-9bd4-edf2d021136c/metadata?includeKey=status&includeKey=failures&includeKey=jobId
  response:
    body:
      string: '{"status":"Running","calls":{"HelloHostname.Hostname":[{"jobId":"37628823","attempt":1,"shardIndex":-1}]},"id":"fdc6bd70-cb67-48c4-9bd4-edf2d021136c"}'
    headers:
      Connection:
      - keep-alive
      Content-Type:
      - application/json
      Date:
      - Sun, 12 Oct 2025 04:14:06 GMT
      Server:
      - nginx/1.25.3
      Transfer-Encoding:
      - chunked
      content-length:
      - '150'
    status:
      code: 200
      message: OK
- request:
    body: ''
    headers:
      accept:
      - '*/*'
      accept-encoding:
      - gzip, deflate
      connection:
      - keep-alive
      host:
      - gizmok47.fhcrc.org:42539
      user-agent:
      - python-httpx/0.28.1
    method: GET
    uri: https://gizmok47.fhcrc.org:42539/api/workflows/v1/fdc6bd70-cb67-48c4-9bd4-edf2d021136c/metadata?includeKey=status&includeKey=failures&includeKey=jobId
  response:
    body:
      string: '{"status":"Running","calls":{"HelloHostname.Hostname":[{"jobId":"37628823","attempt":1,"shardIndex":-1}]},"id":"fdc6bd70-cb67-48c4-9bd4-edf2d021136c"}'
    headers:
      Connection:
      - keep-alive
      Content-Type:
      - application/json
      Date:
      - Sun, 12 Oct 2025 04:14:11 GMT
      Server:
      - nginx/1.25.3
      Transfer-Encoding:
      - chunked
      content-length:
      - '150'
    status:
      code: 200
      message: OK
- request:
    body: ''
    headers:
      accept:
      - '*/*'
      accept-encoding:
      - gzip, deflate
      connection:
      - keep-alive
      host:
      - gizmok47.fhcrc.org:42539
      user-agent:
      - python-httpx/0.28.1
    method: GET
    uri: https://gizmok47.fhcrc.org:42539/api/workflows/v1/fdc6bd70-cb67-48c4-9bd4-edf2d021136c/metadata?includeKey=status&includeKey=failures&includeKey=jobId
  response:
    body:
      string: '{"status":"Running","calls":{"HelloHostname.Hostname":[{"jobId":"37628823","attempt":1,"shardIndex":-1}]},"id":"fdc6bd70-cb67-48c4-9bd4-edf2d021136c"}'
    headers:
      Connection:
      - keep-alive
      Content-Type:
      - application/json
      Date:
      - Sun, 12 Oct 2025 04:14:16 GMT
      Server:
      - nginx/1.25.3
      Transfer-Encoding:
      - chunked
      content-length:
      - '150'
    status:
      code: 200
      message: OK
- request:
    body: ''
    headers:
      accept:
      - '*/*'
      accept-encoding:
      - gzip, deflate
      connection:
      - keep-alive
      host:
      - gizmok47.fhcrc.org:42539
      user-agent:
      - python-httpx/0.28.1
    method: GET
    uri: https://gizmok47.fhcrc.org:42539/api/workflows/v1/fdc6bd70-cb67-48c4-9bd4-edf2d021136c/metadata?includeKey=status&includeKey=failures&includeKey=jobId
  response:
    body:
      string: '{"status":"Succeeded","calls":{"HelloHostname.Hostname":[{"jobId":"37628823","attempt":1,"shardIndex":-1}]},"id":"fdc6bd70-cb67-48c4-9bd4-edf2d021136c"}'
    headers:
      Connection:
      - keep-alive
      Content-Type:
      - application/json
      Date:
      - Sun, 12 Oct 2025 04:14:21 GMT
      Server:
      - nginx/1.25.3
      Transfer-Encoding:
      - chunked
      content-length:
      - '152'
    status:
      code: 200
      message: OK
version: 1
