interactions:
- request:
    body: "--76e462ea52a4c8648f24ae545be98ff3\r\nContent-Disposition: form-data; name=\"workflowSource\";
      filename=\"WildcardsandConditions.wdl\"\r\nContent-Type: application/octet-stream\r\n\r\nversion
      1.0\n\nworkflow WildcardsandConditions {\n    input {\n        String prefix
      \ # Required input for the file prefix (no default value)\n    }\n\n    call
      wildcard_and_conditions_test {\n        input:\n            prefix = prefix
      \ # Explicitly pass the workflow input to the task\n    }\n\n    output {\n
      \       Array[File] txt_files = wildcard_and_conditions_test.txt_files\n        String
      conditional_result = wildcard_and_conditions_test.conditional_output\n    }\n}\n\ntask
      wildcard_and_conditions_test {\n    input {\n        String prefix  # Required
      input for file creation\n        Boolean create_extra_file = true  # Default
      value for conditional logic\n    }\n\n    command <<<\n        # Create multiple
      .txt files to test wildcard resolution\n        for i in {1..3}; do\n            echo
      \"File content $i\" > \"~{prefix}_$i.txt\"\n        done\n\n        # Create
      an extra file conditionally\n        if [[ ~{create_extra_file} == \"true\"
      ]]; then\n            echo \"Extra file content\" > ~{prefix}_extra.txt\n        fi\n\n
      \       # Parse inputs directly in the command\n        echo \"Parsed prefix:
      ~{prefix}\" > parsed_output.txt\n    >>>\n\n    output {\n        Array[File]
      txt_files = glob(\"*.txt\")  # Test wildcard resolution\n        String conditional_output
      = read_string(\"parsed_output.txt\")  # Verify input parsing\n    }\n\n    runtime
      {\n        docker: \"ubuntu:20.04\"\n    }\n}\n\r\n--76e462ea52a4c8648f24ae545be98ff3\r\nContent-Disposition:
      form-data; name=\"workflowInputs\"; filename=\"inputs.json\"\r\nContent-Type:
      application/json\r\n\r\n{\n  \"WildcardsandConditions.prefix\": \"testfile\"\n}\n\r\n--76e462ea52a4c8648f24ae545be98ff3\r\nContent-Disposition:
      form-data; name=\"workflowOptions\"; filename=\"options.json\"\r\nContent-Type:
      application/json\r\n\r\n{\n    \"workflow_failure_mode\": \"ContinueWhilePossible\",\n
      \   \"write_to_cache\": false,\n    \"read_from_cache\": false\n}\n\r\n--76e462ea52a4c8648f24ae545be98ff3--\r\n"
    headers:
      accept:
      - '*/*'
      accept-encoding:
      - gzip, deflate
      connection:
      - keep-alive
      content-length:
      - '2043'
      content-type:
      - multipart/form-data; boundary=76e462ea52a4c8648f24ae545be98ff3
      host:
      - gizmok58.fhcrc.org:43607
      user-agent:
      - python-httpx/0.28.1
    method: POST
    uri: https://gizmok58.fhcrc.org:43607/api/workflows/v1
  response:
    body:
      string: '{"id":"dc31df25-3294-4386-9ec6-f65803d98556","status":"Submitted"}'
    headers:
      Connection:
      - keep-alive
      Content-Length:
      - '66'
      Content-Type:
      - application/json
      Date:
      - Sun, 18 May 2025 03:52:03 GMT
      Server:
      - nginx/1.25.3
    status:
      code: 201
      message: Created
- request:
    body: ''
    headers:
      accept:
      - '*/*'
      accept-encoding:
      - gzip, deflate
      connection:
      - keep-alive
      host:
      - gizmok58.fhcrc.org:43607
      user-agent:
      - python-httpx/0.28.1
    method: GET
    uri: https://gizmok58.fhcrc.org:43607/api/workflows/v1/dc31df25-3294-4386-9ec6-f65803d98556/metadata?includeKey=status&includeKey=failures&includeKey=jobId
  response:
    body:
      string: '{"status":"Submitted","calls":{},"id":"dc31df25-3294-4386-9ec6-f65803d98556"}'
    headers:
      Connection:
      - keep-alive
      Content-Type:
      - application/json
      Date:
      - Sun, 18 May 2025 03:52:08 GMT
      Server:
      - nginx/1.25.3
      Transfer-Encoding:
      - chunked
      content-length:
      - '77'
    status:
      code: 200
      message: OK
- request:
    body: ''
    headers:
      accept:
      - '*/*'
      accept-encoding:
      - gzip, deflate
      connection:
      - keep-alive
      host:
      - gizmok58.fhcrc.org:43607
      user-agent:
      - python-httpx/0.28.1
    method: GET
    uri: https://gizmok58.fhcrc.org:43607/api/workflows/v1/dc31df25-3294-4386-9ec6-f65803d98556/metadata?includeKey=status&includeKey=failures&includeKey=jobId
  response:
    body:
      string: '{"status":"Submitted","calls":{},"id":"dc31df25-3294-4386-9ec6-f65803d98556"}'
    headers:
      Connection:
      - keep-alive
      Content-Type:
      - application/json
      Date:
      - Sun, 18 May 2025 03:52:13 GMT
      Server:
      - nginx/1.25.3
      Transfer-Encoding:
      - chunked
      content-length:
      - '77'
    status:
      code: 200
      message: OK
- request:
    body: ''
    headers:
      accept:
      - '*/*'
      accept-encoding:
      - gzip, deflate
      connection:
      - keep-alive
      host:
      - gizmok58.fhcrc.org:43607
      user-agent:
      - python-httpx/0.28.1
    method: GET
    uri: https://gizmok58.fhcrc.org:43607/api/workflows/v1/dc31df25-3294-4386-9ec6-f65803d98556/metadata?includeKey=status&includeKey=failures&includeKey=jobId
  response:
    body:
      string: '{"status":"Submitted","calls":{},"id":"dc31df25-3294-4386-9ec6-f65803d98556"}'
    headers:
      Connection:
      - keep-alive
      Content-Type:
      - application/json
      Date:
      - Sun, 18 May 2025 03:52:18 GMT
      Server:
      - nginx/1.25.3
      Transfer-Encoding:
      - chunked
      content-length:
      - '77'
    status:
      code: 200
      message: OK
- request:
    body: ''
    headers:
      accept:
      - '*/*'
      accept-encoding:
      - gzip, deflate
      connection:
      - keep-alive
      host:
      - gizmok58.fhcrc.org:43607
      user-agent:
      - python-httpx/0.28.1
    method: GET
    uri: https://gizmok58.fhcrc.org:43607/api/workflows/v1/dc31df25-3294-4386-9ec6-f65803d98556/metadata?includeKey=status&includeKey=failures&includeKey=jobId
  response:
    body:
      string: '{"status":"Submitted","calls":{},"id":"dc31df25-3294-4386-9ec6-f65803d98556"}'
    headers:
      Connection:
      - keep-alive
      Content-Type:
      - application/json
      Date:
      - Sun, 18 May 2025 03:52:23 GMT
      Server:
      - nginx/1.25.3
      Transfer-Encoding:
      - chunked
      content-length:
      - '77'
    status:
      code: 200
      message: OK
- request:
    body: ''
    headers:
      accept:
      - '*/*'
      accept-encoding:
      - gzip, deflate
      connection:
      - keep-alive
      host:
      - gizmok58.fhcrc.org:43607
      user-agent:
      - python-httpx/0.28.1
    method: GET
    uri: https://gizmok58.fhcrc.org:43607/api/workflows/v1/dc31df25-3294-4386-9ec6-f65803d98556/metadata?includeKey=status&includeKey=failures&includeKey=jobId
  response:
    body:
      string: '{"status":"Submitted","calls":{},"id":"dc31df25-3294-4386-9ec6-f65803d98556"}'
    headers:
      Connection:
      - keep-alive
      Content-Type:
      - application/json
      Date:
      - Sun, 18 May 2025 03:52:28 GMT
      Server:
      - nginx/1.25.3
      Transfer-Encoding:
      - chunked
      content-length:
      - '77'
    status:
      code: 200
      message: OK
- request:
    body: ''
    headers:
      accept:
      - '*/*'
      accept-encoding:
      - gzip, deflate
      connection:
      - keep-alive
      host:
      - gizmok58.fhcrc.org:43607
      user-agent:
      - python-httpx/0.28.1
    method: GET
    uri: https://gizmok58.fhcrc.org:43607/api/workflows/v1/dc31df25-3294-4386-9ec6-f65803d98556/metadata?includeKey=status&includeKey=failures&includeKey=jobId
  response:
    body:
      string: '{"status":"Submitted","calls":{},"id":"dc31df25-3294-4386-9ec6-f65803d98556"}'
    headers:
      Connection:
      - keep-alive
      Content-Type:
      - application/json
      Date:
      - Sun, 18 May 2025 03:52:33 GMT
      Server:
      - nginx/1.25.3
      Transfer-Encoding:
      - chunked
      content-length:
      - '77'
    status:
      code: 200
      message: OK
- request:
    body: ''
    headers:
      accept:
      - '*/*'
      accept-encoding:
      - gzip, deflate
      connection:
      - keep-alive
      host:
      - gizmok58.fhcrc.org:43607
      user-agent:
      - python-httpx/0.28.1
    method: GET
    uri: https://gizmok58.fhcrc.org:43607/api/workflows/v1/dc31df25-3294-4386-9ec6-f65803d98556/metadata?includeKey=status&includeKey=failures&includeKey=jobId
  response:
    body:
      string: '{"status":"Submitted","calls":{},"id":"dc31df25-3294-4386-9ec6-f65803d98556"}'
    headers:
      Connection:
      - keep-alive
      Content-Type:
      - application/json
      Date:
      - Sun, 18 May 2025 03:52:38 GMT
      Server:
      - nginx/1.25.3
      Transfer-Encoding:
      - chunked
      content-length:
      - '77'
    status:
      code: 200
      message: OK
- request:
    body: ''
    headers:
      accept:
      - '*/*'
      accept-encoding:
      - gzip, deflate
      connection:
      - keep-alive
      host:
      - gizmok58.fhcrc.org:43607
      user-agent:
      - python-httpx/0.28.1
    method: GET
    uri: https://gizmok58.fhcrc.org:43607/api/workflows/v1/dc31df25-3294-4386-9ec6-f65803d98556/metadata?includeKey=status&includeKey=failures&includeKey=jobId
  response:
    body:
      string: '{"status":"Submitted","calls":{},"id":"dc31df25-3294-4386-9ec6-f65803d98556"}'
    headers:
      Connection:
      - keep-alive
      Content-Type:
      - application/json
      Date:
      - Sun, 18 May 2025 03:52:43 GMT
      Server:
      - nginx/1.25.3
      Transfer-Encoding:
      - chunked
      content-length:
      - '77'
    status:
      code: 200
      message: OK
- request:
    body: ''
    headers:
      accept:
      - '*/*'
      accept-encoding:
      - gzip, deflate
      connection:
      - keep-alive
      host:
      - gizmok58.fhcrc.org:43607
      user-agent:
      - python-httpx/0.28.1
    method: GET
    uri: https://gizmok58.fhcrc.org:43607/api/workflows/v1/dc31df25-3294-4386-9ec6-f65803d98556/metadata?includeKey=status&includeKey=failures&includeKey=jobId
  response:
    body:
      string: '{"status":"Submitted","calls":{},"id":"dc31df25-3294-4386-9ec6-f65803d98556"}'
    headers:
      Connection:
      - keep-alive
      Content-Type:
      - application/json
      Date:
      - Sun, 18 May 2025 03:52:48 GMT
      Server:
      - nginx/1.25.3
      Transfer-Encoding:
      - chunked
      content-length:
      - '77'
    status:
      code: 200
      message: OK
- request:
    body: ''
    headers:
      accept:
      - '*/*'
      accept-encoding:
      - gzip, deflate
      connection:
      - keep-alive
      host:
      - gizmok58.fhcrc.org:43607
      user-agent:
      - python-httpx/0.28.1
    method: GET
    uri: https://gizmok58.fhcrc.org:43607/api/workflows/v1/dc31df25-3294-4386-9ec6-f65803d98556/metadata?includeKey=status&includeKey=failures&includeKey=jobId
  response:
    body:
      string: '{"status":"Submitted","calls":{},"id":"dc31df25-3294-4386-9ec6-f65803d98556"}'
    headers:
      Connection:
      - keep-alive
      Content-Type:
      - application/json
      Date:
      - Sun, 18 May 2025 03:52:53 GMT
      Server:
      - nginx/1.25.3
      Transfer-Encoding:
      - chunked
      content-length:
      - '77'
    status:
      code: 200
      message: OK
- request:
    body: ''
    headers:
      accept:
      - '*/*'
      accept-encoding:
      - gzip, deflate
      connection:
      - keep-alive
      host:
      - gizmok58.fhcrc.org:43607
      user-agent:
      - python-httpx/0.28.1
    method: GET
    uri: https://gizmok58.fhcrc.org:43607/api/workflows/v1/dc31df25-3294-4386-9ec6-f65803d98556/metadata?includeKey=status&includeKey=failures&includeKey=jobId
  response:
    body:
      string: '{"status":"Submitted","calls":{},"id":"dc31df25-3294-4386-9ec6-f65803d98556"}'
    headers:
      Connection:
      - keep-alive
      Content-Type:
      - application/json
      Date:
      - Sun, 18 May 2025 03:52:58 GMT
      Server:
      - nginx/1.25.3
      Transfer-Encoding:
      - chunked
      content-length:
      - '77'
    status:
      code: 200
      message: OK
- request:
    body: ''
    headers:
      accept:
      - '*/*'
      accept-encoding:
      - gzip, deflate
      connection:
      - keep-alive
      host:
      - gizmok58.fhcrc.org:43607
      user-agent:
      - python-httpx/0.28.1
    method: GET
    uri: https://gizmok58.fhcrc.org:43607/api/workflows/v1/dc31df25-3294-4386-9ec6-f65803d98556/metadata?includeKey=status&includeKey=failures&includeKey=jobId
  response:
    body:
      string: '{"status":"Submitted","calls":{},"id":"dc31df25-3294-4386-9ec6-f65803d98556"}'
    headers:
      Connection:
      - keep-alive
      Content-Type:
      - application/json
      Date:
      - Sun, 18 May 2025 03:53:03 GMT
      Server:
      - nginx/1.25.3
      Transfer-Encoding:
      - chunked
      content-length:
      - '77'
    status:
      code: 200
      message: OK
- request:
    body: ''
    headers:
      accept:
      - '*/*'
      accept-encoding:
      - gzip, deflate
      connection:
      - keep-alive
      host:
      - gizmok58.fhcrc.org:43607
      user-agent:
      - python-httpx/0.28.1
    method: GET
    uri: https://gizmok58.fhcrc.org:43607/api/workflows/v1/dc31df25-3294-4386-9ec6-f65803d98556/metadata?includeKey=status&includeKey=failures&includeKey=jobId
  response:
    body:
      string: '{"status":"Submitted","calls":{},"id":"dc31df25-3294-4386-9ec6-f65803d98556"}'
    headers:
      Connection:
      - keep-alive
      Content-Type:
      - application/json
      Date:
      - Sun, 18 May 2025 03:53:08 GMT
      Server:
      - nginx/1.25.3
      Transfer-Encoding:
      - chunked
      content-length:
      - '77'
    status:
      code: 200
      message: OK
- request:
    body: ''
    headers:
      accept:
      - '*/*'
      accept-encoding:
      - gzip, deflate
      connection:
      - keep-alive
      host:
      - gizmok58.fhcrc.org:43607
      user-agent:
      - python-httpx/0.28.1
    method: GET
    uri: https://gizmok58.fhcrc.org:43607/api/workflows/v1/dc31df25-3294-4386-9ec6-f65803d98556/metadata?includeKey=status&includeKey=failures&includeKey=jobId
  response:
    body:
      string: '{"status":"Submitted","calls":{},"id":"dc31df25-3294-4386-9ec6-f65803d98556"}'
    headers:
      Connection:
      - keep-alive
      Content-Type:
      - application/json
      Date:
      - Sun, 18 May 2025 03:53:13 GMT
      Server:
      - nginx/1.25.3
      Transfer-Encoding:
      - chunked
      content-length:
      - '77'
    status:
      code: 200
      message: OK
- request:
    body: ''
    headers:
      accept:
      - '*/*'
      accept-encoding:
      - gzip, deflate
      connection:
      - keep-alive
      host:
      - gizmok58.fhcrc.org:43607
      user-agent:
      - python-httpx/0.28.1
    method: GET
    uri: https://gizmok58.fhcrc.org:43607/api/workflows/v1/dc31df25-3294-4386-9ec6-f65803d98556/metadata?includeKey=status&includeKey=failures&includeKey=jobId
  response:
    body:
      string: '{"status":"Submitted","calls":{},"id":"dc31df25-3294-4386-9ec6-f65803d98556"}'
    headers:
      Connection:
      - keep-alive
      Content-Type:
      - application/json
      Date:
      - Sun, 18 May 2025 03:53:19 GMT
      Server:
      - nginx/1.25.3
      Transfer-Encoding:
      - chunked
      content-length:
      - '77'
    status:
      code: 200
      message: OK
- request:
    body: ''
    headers:
      accept:
      - '*/*'
      accept-encoding:
      - gzip, deflate
      connection:
      - keep-alive
      host:
      - gizmok58.fhcrc.org:43607
      user-agent:
      - python-httpx/0.28.1
    method: GET
    uri: https://gizmok58.fhcrc.org:43607/api/workflows/v1/dc31df25-3294-4386-9ec6-f65803d98556/metadata?includeKey=status&includeKey=failures&includeKey=jobId
  response:
    body:
      string: '{"status":"Submitted","calls":{},"id":"dc31df25-3294-4386-9ec6-f65803d98556"}'
    headers:
      Connection:
      - keep-alive
      Content-Type:
      - application/json
      Date:
      - Sun, 18 May 2025 03:53:24 GMT
      Server:
      - nginx/1.25.3
      Transfer-Encoding:
      - chunked
      content-length:
      - '77'
    status:
      code: 200
      message: OK
- request:
    body: ''
    headers:
      accept:
      - '*/*'
      accept-encoding:
      - gzip, deflate
      connection:
      - keep-alive
      host:
      - gizmok58.fhcrc.org:43607
      user-agent:
      - python-httpx/0.28.1
    method: GET
    uri: https://gizmok58.fhcrc.org:43607/api/workflows/v1/dc31df25-3294-4386-9ec6-f65803d98556/metadata?includeKey=status&includeKey=failures&includeKey=jobId
  response:
    body:
      string: '{"status":"Submitted","calls":{},"id":"dc31df25-3294-4386-9ec6-f65803d98556"}'
    headers:
      Connection:
      - keep-alive
      Content-Type:
      - application/json
      Date:
      - Sun, 18 May 2025 03:53:29 GMT
      Server:
      - nginx/1.25.3
      Transfer-Encoding:
      - chunked
      content-length:
      - '77'
    status:
      code: 200
      message: OK
- request:
    body: ''
    headers:
      accept:
      - '*/*'
      accept-encoding:
      - gzip, deflate
      connection:
      - keep-alive
      host:
      - gizmok58.fhcrc.org:43607
      user-agent:
      - python-httpx/0.28.1
    method: GET
    uri: https://gizmok58.fhcrc.org:43607/api/workflows/v1/dc31df25-3294-4386-9ec6-f65803d98556/metadata?includeKey=status&includeKey=failures&includeKey=jobId
  response:
    body:
      string: '{"status":"Submitted","calls":{},"id":"dc31df25-3294-4386-9ec6-f65803d98556"}'
    headers:
      Connection:
      - keep-alive
      Content-Type:
      - application/json
      Date:
      - Sun, 18 May 2025 03:53:34 GMT
      Server:
      - nginx/1.25.3
      Transfer-Encoding:
      - chunked
      content-length:
      - '77'
    status:
      code: 200
      message: OK
- request:
    body: ''
    headers:
      accept:
      - '*/*'
      accept-encoding:
      - gzip, deflate
      connection:
      - keep-alive
      host:
      - gizmok58.fhcrc.org:43607
      user-agent:
      - python-httpx/0.28.1
    method: GET
    uri: https://gizmok58.fhcrc.org:43607/api/workflows/v1/dc31df25-3294-4386-9ec6-f65803d98556/metadata?includeKey=status&includeKey=failures&includeKey=jobId
  response:
    body:
      string: '{"status":"Submitted","calls":{},"id":"dc31df25-3294-4386-9ec6-f65803d98556"}'
    headers:
      Connection:
      - keep-alive
      Content-Type:
      - application/json
      Date:
      - Sun, 18 May 2025 03:53:39 GMT
      Server:
      - nginx/1.25.3
      Transfer-Encoding:
      - chunked
      content-length:
      - '77'
    status:
      code: 200
      message: OK
- request:
    body: ''
    headers:
      accept:
      - '*/*'
      accept-encoding:
      - gzip, deflate
      connection:
      - keep-alive
      host:
      - gizmok58.fhcrc.org:43607
      user-agent:
      - python-httpx/0.28.1
    method: GET
    uri: https://gizmok58.fhcrc.org:43607/api/workflows/v1/dc31df25-3294-4386-9ec6-f65803d98556/metadata?includeKey=status&includeKey=failures&includeKey=jobId
  response:
    body:
      string: '{"status":"Submitted","calls":{},"id":"dc31df25-3294-4386-9ec6-f65803d98556"}'
    headers:
      Connection:
      - keep-alive
      Content-Type:
      - application/json
      Date:
      - Sun, 18 May 2025 03:53:44 GMT
      Server:
      - nginx/1.25.3
      Transfer-Encoding:
      - chunked
      content-length:
      - '77'
    status:
      code: 200
      message: OK
- request:
    body: ''
    headers:
      accept:
      - '*/*'
      accept-encoding:
      - gzip, deflate
      connection:
      - keep-alive
      host:
      - gizmok58.fhcrc.org:43607
      user-agent:
      - python-httpx/0.28.1
    method: GET
    uri: https://gizmok58.fhcrc.org:43607/api/workflows/v1/dc31df25-3294-4386-9ec6-f65803d98556/metadata?includeKey=status&includeKey=failures&includeKey=jobId
  response:
    body:
      string: '{"status":"Submitted","calls":{},"id":"dc31df25-3294-4386-9ec6-f65803d98556"}'
    headers:
      Connection:
      - keep-alive
      Content-Type:
      - application/json
      Date:
      - Sun, 18 May 2025 03:53:49 GMT
      Server:
      - nginx/1.25.3
      Transfer-Encoding:
      - chunked
      content-length:
      - '77'
    status:
      code: 200
      message: OK
- request:
    body: ''
    headers:
      accept:
      - '*/*'
      accept-encoding:
      - gzip, deflate
      connection:
      - keep-alive
      host:
      - gizmok58.fhcrc.org:43607
      user-agent:
      - python-httpx/0.28.1
    method: GET
    uri: https://gizmok58.fhcrc.org:43607/api/workflows/v1/dc31df25-3294-4386-9ec6-f65803d98556/metadata?includeKey=status&includeKey=failures&includeKey=jobId
  response:
    body:
      string: '{"status":"Submitted","calls":{},"id":"dc31df25-3294-4386-9ec6-f65803d98556"}'
    headers:
      Connection:
      - keep-alive
      Content-Type:
      - application/json
      Date:
      - Sun, 18 May 2025 03:53:54 GMT
      Server:
      - nginx/1.25.3
      Transfer-Encoding:
      - chunked
      content-length:
      - '77'
    status:
      code: 200
      message: OK
- request:
    body: ''
    headers:
      accept:
      - '*/*'
      accept-encoding:
      - gzip, deflate
      connection:
      - keep-alive
      host:
      - gizmok58.fhcrc.org:43607
      user-agent:
      - python-httpx/0.28.1
    method: GET
    uri: https://gizmok58.fhcrc.org:43607/api/workflows/v1/dc31df25-3294-4386-9ec6-f65803d98556/metadata?includeKey=status&includeKey=failures&includeKey=jobId
  response:
    body:
      string: '{"status":"Submitted","calls":{},"id":"dc31df25-3294-4386-9ec6-f65803d98556"}'
    headers:
      Connection:
      - keep-alive
      Content-Type:
      - application/json
      Date:
      - Sun, 18 May 2025 03:53:59 GMT
      Server:
      - nginx/1.25.3
      Transfer-Encoding:
      - chunked
      content-length:
      - '77'
    status:
      code: 200
      message: OK
- request:
    body: ''
    headers:
      accept:
      - '*/*'
      accept-encoding:
      - gzip, deflate
      connection:
      - keep-alive
      host:
      - gizmok58.fhcrc.org:43607
      user-agent:
      - python-httpx/0.28.1
    method: GET
    uri: https://gizmok58.fhcrc.org:43607/api/workflows/v1/dc31df25-3294-4386-9ec6-f65803d98556/metadata?includeKey=status&includeKey=failures&includeKey=jobId
  response:
    body:
      string: '{"status":"Submitted","calls":{},"id":"dc31df25-3294-4386-9ec6-f65803d98556"}'
    headers:
      Connection:
      - keep-alive
      Content-Type:
      - application/json
      Date:
      - Sun, 18 May 2025 03:54:04 GMT
      Server:
      - nginx/1.25.3
      Transfer-Encoding:
      - chunked
      content-length:
      - '77'
    status:
      code: 200
      message: OK
- request:
    body: ''
    headers:
      accept:
      - '*/*'
      accept-encoding:
      - gzip, deflate
      connection:
      - keep-alive
      host:
      - gizmok58.fhcrc.org:43607
      user-agent:
      - python-httpx/0.28.1
    method: GET
    uri: https://gizmok58.fhcrc.org:43607/api/workflows/v1/dc31df25-3294-4386-9ec6-f65803d98556/metadata?includeKey=status&includeKey=failures&includeKey=jobId
  response:
    body:
      string: '{"status":"Submitted","calls":{},"id":"dc31df25-3294-4386-9ec6-f65803d98556"}'
    headers:
      Connection:
      - keep-alive
      Content-Type:
      - application/json
      Date:
      - Sun, 18 May 2025 03:54:09 GMT
      Server:
      - nginx/1.25.3
      Transfer-Encoding:
      - chunked
      content-length:
      - '77'
    status:
      code: 200
      message: OK
- request:
    body: ''
    headers:
      accept:
      - '*/*'
      accept-encoding:
      - gzip, deflate
      connection:
      - keep-alive
      host:
      - gizmok58.fhcrc.org:43607
      user-agent:
      - python-httpx/0.28.1
    method: GET
    uri: https://gizmok58.fhcrc.org:43607/api/workflows/v1/dc31df25-3294-4386-9ec6-f65803d98556/metadata?includeKey=status&includeKey=failures&includeKey=jobId
  response:
    body:
      string: '{"status":"Submitted","calls":{},"id":"dc31df25-3294-4386-9ec6-f65803d98556"}'
    headers:
      Connection:
      - keep-alive
      Content-Type:
      - application/json
      Date:
      - Sun, 18 May 2025 03:54:14 GMT
      Server:
      - nginx/1.25.3
      Transfer-Encoding:
      - chunked
      content-length:
      - '77'
    status:
      code: 200
      message: OK
- request:
    body: ''
    headers:
      accept:
      - '*/*'
      accept-encoding:
      - gzip, deflate
      connection:
      - keep-alive
      host:
      - gizmok58.fhcrc.org:43607
      user-agent:
      - python-httpx/0.28.1
    method: GET
    uri: https://gizmok58.fhcrc.org:43607/api/workflows/v1/dc31df25-3294-4386-9ec6-f65803d98556/metadata?includeKey=status&includeKey=failures&includeKey=jobId
  response:
    body:
      string: '{"status":"Submitted","calls":{},"id":"dc31df25-3294-4386-9ec6-f65803d98556"}'
    headers:
      Connection:
      - keep-alive
      Content-Type:
      - application/json
      Date:
      - Sun, 18 May 2025 03:54:19 GMT
      Server:
      - nginx/1.25.3
      Transfer-Encoding:
      - chunked
      content-length:
      - '77'
    status:
      code: 200
      message: OK
- request:
    body: ''
    headers:
      accept:
      - '*/*'
      accept-encoding:
      - gzip, deflate
      connection:
      - keep-alive
      host:
      - gizmok58.fhcrc.org:43607
      user-agent:
      - python-httpx/0.28.1
    method: GET
    uri: https://gizmok58.fhcrc.org:43607/api/workflows/v1/dc31df25-3294-4386-9ec6-f65803d98556/metadata?includeKey=status&includeKey=failures&includeKey=jobId
  response:
    body:
      string: '{"status":"Submitted","calls":{},"id":"dc31df25-3294-4386-9ec6-f65803d98556"}'
    headers:
      Connection:
      - keep-alive
      Content-Type:
      - application/json
      Date:
      - Sun, 18 May 2025 03:54:24 GMT
      Server:
      - nginx/1.25.3
      Transfer-Encoding:
      - chunked
      content-length:
      - '77'
    status:
      code: 200
      message: OK
- request:
    body: ''
    headers:
      accept:
      - '*/*'
      accept-encoding:
      - gzip, deflate
      connection:
      - keep-alive
      host:
      - gizmok58.fhcrc.org:43607
      user-agent:
      - python-httpx/0.28.1
    method: GET
    uri: https://gizmok58.fhcrc.org:43607/api/workflows/v1/dc31df25-3294-4386-9ec6-f65803d98556/metadata?includeKey=status&includeKey=failures&includeKey=jobId
  response:
    body:
      string: '{"status":"Submitted","calls":{},"id":"dc31df25-3294-4386-9ec6-f65803d98556"}'
    headers:
      Connection:
      - keep-alive
      Content-Type:
      - application/json
      Date:
      - Sun, 18 May 2025 03:54:30 GMT
      Server:
      - nginx/1.25.3
      Transfer-Encoding:
      - chunked
      content-length:
      - '77'
    status:
      code: 200
      message: OK
- request:
    body: ''
    headers:
      accept:
      - '*/*'
      accept-encoding:
      - gzip, deflate
      connection:
      - keep-alive
      host:
      - gizmok58.fhcrc.org:43607
      user-agent:
      - python-httpx/0.28.1
    method: GET
    uri: https://gizmok58.fhcrc.org:43607/api/workflows/v1/dc31df25-3294-4386-9ec6-f65803d98556/metadata?includeKey=status&includeKey=failures&includeKey=jobId
  response:
    body:
      string: '{"status":"Submitted","calls":{},"id":"dc31df25-3294-4386-9ec6-f65803d98556"}'
    headers:
      Connection:
      - keep-alive
      Content-Type:
      - application/json
      Date:
      - Sun, 18 May 2025 03:54:35 GMT
      Server:
      - nginx/1.25.3
      Transfer-Encoding:
      - chunked
      content-length:
      - '77'
    status:
      code: 200
      message: OK
- request:
    body: ''
    headers:
      accept:
      - '*/*'
      accept-encoding:
      - gzip, deflate
      connection:
      - keep-alive
      host:
      - gizmok58.fhcrc.org:43607
      user-agent:
      - python-httpx/0.28.1
    method: GET
    uri: https://gizmok58.fhcrc.org:43607/api/workflows/v1/dc31df25-3294-4386-9ec6-f65803d98556/metadata?includeKey=status&includeKey=failures&includeKey=jobId
  response:
    body:
      string: '{"status":"Submitted","calls":{},"id":"dc31df25-3294-4386-9ec6-f65803d98556"}'
    headers:
      Connection:
      - keep-alive
      Content-Type:
      - application/json
      Date:
      - Sun, 18 May 2025 03:54:40 GMT
      Server:
      - nginx/1.25.3
      Transfer-Encoding:
      - chunked
      content-length:
      - '77'
    status:
      code: 200
      message: OK
- request:
    body: ''
    headers:
      accept:
      - '*/*'
      accept-encoding:
      - gzip, deflate
      connection:
      - keep-alive
      host:
      - gizmok58.fhcrc.org:43607
      user-agent:
      - python-httpx/0.28.1
    method: GET
    uri: https://gizmok58.fhcrc.org:43607/api/workflows/v1/dc31df25-3294-4386-9ec6-f65803d98556/metadata?includeKey=status&includeKey=failures&includeKey=jobId
  response:
    body:
      string: '{"status":"Submitted","calls":{},"id":"dc31df25-3294-4386-9ec6-f65803d98556"}'
    headers:
      Connection:
      - keep-alive
      Content-Type:
      - application/json
      Date:
      - Sun, 18 May 2025 03:54:45 GMT
      Server:
      - nginx/1.25.3
      Transfer-Encoding:
      - chunked
      content-length:
      - '77'
    status:
      code: 200
      message: OK
- request:
    body: ''
    headers:
      accept:
      - '*/*'
      accept-encoding:
      - gzip, deflate
      connection:
      - keep-alive
      host:
      - gizmok58.fhcrc.org:43607
      user-agent:
      - python-httpx/0.28.1
    method: GET
    uri: https://gizmok58.fhcrc.org:43607/api/workflows/v1/dc31df25-3294-4386-9ec6-f65803d98556/metadata?includeKey=status&includeKey=failures&includeKey=jobId
  response:
    body:
      string: '{"status":"Submitted","calls":{},"id":"dc31df25-3294-4386-9ec6-f65803d98556"}'
    headers:
      Connection:
      - keep-alive
      Content-Type:
      - application/json
      Date:
      - Sun, 18 May 2025 03:54:50 GMT
      Server:
      - nginx/1.25.3
      Transfer-Encoding:
      - chunked
      content-length:
      - '77'
    status:
      code: 200
      message: OK
- request:
    body: ''
    headers:
      accept:
      - '*/*'
      accept-encoding:
      - gzip, deflate
      connection:
      - keep-alive
      host:
      - gizmok58.fhcrc.org:43607
      user-agent:
      - python-httpx/0.28.1
    method: GET
    uri: https://gizmok58.fhcrc.org:43607/api/workflows/v1/dc31df25-3294-4386-9ec6-f65803d98556/metadata?includeKey=status&includeKey=failures&includeKey=jobId
  response:
    body:
      string: '{"status":"Submitted","calls":{},"id":"dc31df25-3294-4386-9ec6-f65803d98556"}'
    headers:
      Connection:
      - keep-alive
      Content-Type:
      - application/json
      Date:
      - Sun, 18 May 2025 03:54:55 GMT
      Server:
      - nginx/1.25.3
      Transfer-Encoding:
      - chunked
      content-length:
      - '77'
    status:
      code: 200
      message: OK
- request:
    body: ''
    headers:
      accept:
      - '*/*'
      accept-encoding:
      - gzip, deflate
      connection:
      - keep-alive
      host:
      - gizmok58.fhcrc.org:43607
      user-agent:
      - python-httpx/0.28.1
    method: GET
    uri: https://gizmok58.fhcrc.org:43607/api/workflows/v1/dc31df25-3294-4386-9ec6-f65803d98556/metadata?includeKey=status&includeKey=failures&includeKey=jobId
  response:
    body:
      string: '{"status":"Submitted","calls":{},"id":"dc31df25-3294-4386-9ec6-f65803d98556"}'
    headers:
      Connection:
      - keep-alive
      Content-Type:
      - application/json
      Date:
      - Sun, 18 May 2025 03:55:00 GMT
      Server:
      - nginx/1.25.3
      Transfer-Encoding:
      - chunked
      content-length:
      - '77'
    status:
      code: 200
      message: OK
- request:
    body: ''
    headers:
      accept:
      - '*/*'
      accept-encoding:
      - gzip, deflate
      connection:
      - keep-alive
      host:
      - gizmok58.fhcrc.org:43607
      user-agent:
      - python-httpx/0.28.1
    method: GET
    uri: https://gizmok58.fhcrc.org:43607/api/workflows/v1/dc31df25-3294-4386-9ec6-f65803d98556/metadata?includeKey=status&includeKey=failures&includeKey=jobId
  response:
    body:
      string: '{"status":"Submitted","calls":{},"id":"dc31df25-3294-4386-9ec6-f65803d98556"}'
    headers:
      Connection:
      - keep-alive
      Content-Type:
      - application/json
      Date:
      - Sun, 18 May 2025 03:55:05 GMT
      Server:
      - nginx/1.25.3
      Transfer-Encoding:
      - chunked
      content-length:
      - '77'
    status:
      code: 200
      message: OK
- request:
    body: ''
    headers:
      accept:
      - '*/*'
      accept-encoding:
      - gzip, deflate
      connection:
      - keep-alive
      host:
      - gizmok58.fhcrc.org:43607
      user-agent:
      - python-httpx/0.28.1
    method: GET
    uri: https://gizmok58.fhcrc.org:43607/api/workflows/v1/dc31df25-3294-4386-9ec6-f65803d98556/metadata?includeKey=status&includeKey=failures&includeKey=jobId
  response:
    body:
      string: '{"status":"Submitted","calls":{},"id":"dc31df25-3294-4386-9ec6-f65803d98556"}'
    headers:
      Connection:
      - keep-alive
      Content-Type:
      - application/json
      Date:
      - Sun, 18 May 2025 03:55:10 GMT
      Server:
      - nginx/1.25.3
      Transfer-Encoding:
      - chunked
      content-length:
      - '77'
    status:
      code: 200
      message: OK
- request:
    body: ''
    headers:
      accept:
      - '*/*'
      accept-encoding:
      - gzip, deflate
      connection:
      - keep-alive
      host:
      - gizmok58.fhcrc.org:43607
      user-agent:
      - python-httpx/0.28.1
    method: GET
    uri: https://gizmok58.fhcrc.org:43607/api/workflows/v1/dc31df25-3294-4386-9ec6-f65803d98556/metadata?includeKey=status&includeKey=failures&includeKey=jobId
  response:
    body:
      string: '{"status":"Submitted","calls":{},"id":"dc31df25-3294-4386-9ec6-f65803d98556"}'
    headers:
      Connection:
      - keep-alive
      Content-Type:
      - application/json
      Date:
      - Sun, 18 May 2025 03:55:15 GMT
      Server:
      - nginx/1.25.3
      Transfer-Encoding:
      - chunked
      content-length:
      - '77'
    status:
      code: 200
      message: OK
- request:
    body: ''
    headers:
      accept:
      - '*/*'
      accept-encoding:
      - gzip, deflate
      connection:
      - keep-alive
      host:
      - gizmok58.fhcrc.org:43607
      user-agent:
      - python-httpx/0.28.1
    method: GET
    uri: https://gizmok58.fhcrc.org:43607/api/workflows/v1/dc31df25-3294-4386-9ec6-f65803d98556/metadata?includeKey=status&includeKey=failures&includeKey=jobId
  response:
    body:
      string: '{"status":"Submitted","calls":{},"id":"dc31df25-3294-4386-9ec6-f65803d98556"}'
    headers:
      Connection:
      - keep-alive
      Content-Type:
      - application/json
      Date:
      - Sun, 18 May 2025 03:55:20 GMT
      Server:
      - nginx/1.25.3
      Transfer-Encoding:
      - chunked
      content-length:
      - '77'
    status:
      code: 200
      message: OK
- request:
    body: ''
    headers:
      accept:
      - '*/*'
      accept-encoding:
      - gzip, deflate
      connection:
      - keep-alive
      host:
      - gizmok58.fhcrc.org:43607
      user-agent:
      - python-httpx/0.28.1
    method: GET
    uri: https://gizmok58.fhcrc.org:43607/api/workflows/v1/dc31df25-3294-4386-9ec6-f65803d98556/metadata?includeKey=status&includeKey=failures&includeKey=jobId
  response:
    body:
      string: '{"status":"Submitted","calls":{},"id":"dc31df25-3294-4386-9ec6-f65803d98556"}'
    headers:
      Connection:
      - keep-alive
      Content-Type:
      - application/json
      Date:
      - Sun, 18 May 2025 03:55:25 GMT
      Server:
      - nginx/1.25.3
      Transfer-Encoding:
      - chunked
      content-length:
      - '77'
    status:
      code: 200
      message: OK
- request:
    body: ''
    headers:
      accept:
      - '*/*'
      accept-encoding:
      - gzip, deflate
      connection:
      - keep-alive
      host:
      - gizmok58.fhcrc.org:43607
      user-agent:
      - python-httpx/0.28.1
    method: GET
    uri: https://gizmok58.fhcrc.org:43607/api/workflows/v1/dc31df25-3294-4386-9ec6-f65803d98556/metadata?includeKey=status&includeKey=failures&includeKey=jobId
  response:
    body:
      string: '{"status":"Submitted","calls":{},"id":"dc31df25-3294-4386-9ec6-f65803d98556"}'
    headers:
      Connection:
      - keep-alive
      Content-Type:
      - application/json
      Date:
      - Sun, 18 May 2025 03:55:30 GMT
      Server:
      - nginx/1.25.3
      Transfer-Encoding:
      - chunked
      content-length:
      - '77'
    status:
      code: 200
      message: OK
- request:
    body: ''
    headers:
      accept:
      - '*/*'
      accept-encoding:
      - gzip, deflate
      connection:
      - keep-alive
      host:
      - gizmok58.fhcrc.org:43607
      user-agent:
      - python-httpx/0.28.1
    method: GET
    uri: https://gizmok58.fhcrc.org:43607/api/workflows/v1/dc31df25-3294-4386-9ec6-f65803d98556/metadata?includeKey=status&includeKey=failures&includeKey=jobId
  response:
    body:
      string: '{"status":"Submitted","calls":{},"id":"dc31df25-3294-4386-9ec6-f65803d98556"}'
    headers:
      Connection:
      - keep-alive
      Content-Type:
      - application/json
      Date:
      - Sun, 18 May 2025 03:55:35 GMT
      Server:
      - nginx/1.25.3
      Transfer-Encoding:
      - chunked
      content-length:
      - '77'
    status:
      code: 200
      message: OK
- request:
    body: ''
    headers:
      accept:
      - '*/*'
      accept-encoding:
      - gzip, deflate
      connection:
      - keep-alive
      host:
      - gizmok58.fhcrc.org:43607
      user-agent:
      - python-httpx/0.28.1
    method: GET
    uri: https://gizmok58.fhcrc.org:43607/api/workflows/v1/dc31df25-3294-4386-9ec6-f65803d98556/metadata?includeKey=status&includeKey=failures&includeKey=jobId
  response:
    body:
      string: '{"status":"Submitted","calls":{},"id":"dc31df25-3294-4386-9ec6-f65803d98556"}'
    headers:
      Connection:
      - keep-alive
      Content-Type:
      - application/json
      Date:
      - Sun, 18 May 2025 03:55:41 GMT
      Server:
      - nginx/1.25.3
      Transfer-Encoding:
      - chunked
      content-length:
      - '77'
    status:
      code: 200
      message: OK
- request:
    body: ''
    headers:
      accept:
      - '*/*'
      accept-encoding:
      - gzip, deflate
      connection:
      - keep-alive
      host:
      - gizmok58.fhcrc.org:43607
      user-agent:
      - python-httpx/0.28.1
    method: GET
    uri: https://gizmok58.fhcrc.org:43607/api/workflows/v1/dc31df25-3294-4386-9ec6-f65803d98556/metadata?includeKey=status&includeKey=failures&includeKey=jobId
  response:
    body:
      string: '{"status":"Submitted","calls":{},"id":"dc31df25-3294-4386-9ec6-f65803d98556"}'
    headers:
      Connection:
      - keep-alive
      Content-Type:
      - application/json
      Date:
      - Sun, 18 May 2025 03:55:46 GMT
      Server:
      - nginx/1.25.3
      Transfer-Encoding:
      - chunked
      content-length:
      - '77'
    status:
      code: 200
      message: OK
- request:
    body: ''
    headers:
      accept:
      - '*/*'
      accept-encoding:
      - gzip, deflate
      connection:
      - keep-alive
      host:
      - gizmok58.fhcrc.org:43607
      user-agent:
      - python-httpx/0.28.1
    method: GET
    uri: https://gizmok58.fhcrc.org:43607/api/workflows/v1/dc31df25-3294-4386-9ec6-f65803d98556/metadata?includeKey=status&includeKey=failures&includeKey=jobId
  response:
    body:
      string: '{"status":"Submitted","calls":{},"id":"dc31df25-3294-4386-9ec6-f65803d98556"}'
    headers:
      Connection:
      - keep-alive
      Content-Type:
      - application/json
      Date:
      - Sun, 18 May 2025 03:55:51 GMT
      Server:
      - nginx/1.25.3
      Transfer-Encoding:
      - chunked
      content-length:
      - '77'
    status:
      code: 200
      message: OK
- request:
    body: ''
    headers:
      accept:
      - '*/*'
      accept-encoding:
      - gzip, deflate
      connection:
      - keep-alive
      host:
      - gizmok58.fhcrc.org:43607
      user-agent:
      - python-httpx/0.28.1
    method: GET
    uri: https://gizmok58.fhcrc.org:43607/api/workflows/v1/dc31df25-3294-4386-9ec6-f65803d98556/metadata?includeKey=status&includeKey=failures&includeKey=jobId
  response:
    body:
      string: '{"status":"Submitted","calls":{},"id":"dc31df25-3294-4386-9ec6-f65803d98556"}'
    headers:
      Connection:
      - keep-alive
      Content-Type:
      - application/json
      Date:
      - Sun, 18 May 2025 03:55:56 GMT
      Server:
      - nginx/1.25.3
      Transfer-Encoding:
      - chunked
      content-length:
      - '77'
    status:
      code: 200
      message: OK
- request:
    body: ''
    headers:
      accept:
      - '*/*'
      accept-encoding:
      - gzip, deflate
      connection:
      - keep-alive
      host:
      - gizmok58.fhcrc.org:43607
      user-agent:
      - python-httpx/0.28.1
    method: GET
    uri: https://gizmok58.fhcrc.org:43607/api/workflows/v1/dc31df25-3294-4386-9ec6-f65803d98556/metadata?includeKey=status&includeKey=failures&includeKey=jobId
  response:
    body:
      string: '{"status":"Submitted","calls":{},"id":"dc31df25-3294-4386-9ec6-f65803d98556"}'
    headers:
      Connection:
      - keep-alive
      Content-Type:
      - application/json
      Date:
      - Sun, 18 May 2025 03:56:01 GMT
      Server:
      - nginx/1.25.3
      Transfer-Encoding:
      - chunked
      content-length:
      - '77'
    status:
      code: 200
      message: OK
- request:
    body: ''
    headers:
      accept:
      - '*/*'
      accept-encoding:
      - gzip, deflate
      connection:
      - keep-alive
      host:
      - gizmok58.fhcrc.org:43607
      user-agent:
      - python-httpx/0.28.1
    method: GET
    uri: https://gizmok58.fhcrc.org:43607/api/workflows/v1/dc31df25-3294-4386-9ec6-f65803d98556/metadata?includeKey=status&includeKey=failures&includeKey=jobId
  response:
    body:
      string: '{"status":"Submitted","calls":{},"id":"dc31df25-3294-4386-9ec6-f65803d98556"}'
    headers:
      Connection:
      - keep-alive
      Content-Type:
      - application/json
      Date:
      - Sun, 18 May 2025 03:56:06 GMT
      Server:
      - nginx/1.25.3
      Transfer-Encoding:
      - chunked
      content-length:
      - '77'
    status:
      code: 200
      message: OK
- request:
    body: ''
    headers:
      accept:
      - '*/*'
      accept-encoding:
      - gzip, deflate
      connection:
      - keep-alive
      host:
      - gizmok58.fhcrc.org:43607
      user-agent:
      - python-httpx/0.28.1
    method: GET
    uri: https://gizmok58.fhcrc.org:43607/api/workflows/v1/dc31df25-3294-4386-9ec6-f65803d98556/metadata?includeKey=status&includeKey=failures&includeKey=jobId
  response:
    body:
      string: '{"status":"Submitted","calls":{},"id":"dc31df25-3294-4386-9ec6-f65803d98556"}'
    headers:
      Connection:
      - keep-alive
      Content-Type:
      - application/json
      Date:
      - Sun, 18 May 2025 03:56:11 GMT
      Server:
      - nginx/1.25.3
      Transfer-Encoding:
      - chunked
      content-length:
      - '77'
    status:
      code: 200
      message: OK
- request:
    body: ''
    headers:
      accept:
      - '*/*'
      accept-encoding:
      - gzip, deflate
      connection:
      - keep-alive
      host:
      - gizmok58.fhcrc.org:43607
      user-agent:
      - python-httpx/0.28.1
    method: GET
    uri: https://gizmok58.fhcrc.org:43607/api/workflows/v1/dc31df25-3294-4386-9ec6-f65803d98556/metadata?includeKey=status&includeKey=failures&includeKey=jobId
  response:
    body:
      string: '{"status":"Submitted","calls":{},"id":"dc31df25-3294-4386-9ec6-f65803d98556"}'
    headers:
      Connection:
      - keep-alive
      Content-Type:
      - application/json
      Date:
      - Sun, 18 May 2025 03:56:16 GMT
      Server:
      - nginx/1.25.3
      Transfer-Encoding:
      - chunked
      content-length:
      - '77'
    status:
      code: 200
      message: OK
- request:
    body: ''
    headers:
      accept:
      - '*/*'
      accept-encoding:
      - gzip, deflate
      connection:
      - keep-alive
      host:
      - gizmok58.fhcrc.org:43607
      user-agent:
      - python-httpx/0.28.1
    method: GET
    uri: https://gizmok58.fhcrc.org:43607/api/workflows/v1/dc31df25-3294-4386-9ec6-f65803d98556/metadata?includeKey=status&includeKey=failures&includeKey=jobId
  response:
    body:
      string: '{"status":"Submitted","calls":{},"id":"dc31df25-3294-4386-9ec6-f65803d98556"}'
    headers:
      Connection:
      - keep-alive
      Content-Type:
      - application/json
      Date:
      - Sun, 18 May 2025 03:56:21 GMT
      Server:
      - nginx/1.25.3
      Transfer-Encoding:
      - chunked
      content-length:
      - '77'
    status:
      code: 200
      message: OK
- request:
    body: ''
    headers:
      accept:
      - '*/*'
      accept-encoding:
      - gzip, deflate
      connection:
      - keep-alive
      host:
      - gizmok58.fhcrc.org:43607
      user-agent:
      - python-httpx/0.28.1
    method: GET
    uri: https://gizmok58.fhcrc.org:43607/api/workflows/v1/dc31df25-3294-4386-9ec6-f65803d98556/metadata?includeKey=status&includeKey=failures&includeKey=jobId
  response:
    body:
      string: '{"status":"Submitted","calls":{},"id":"dc31df25-3294-4386-9ec6-f65803d98556"}'
    headers:
      Connection:
      - keep-alive
      Content-Type:
      - application/json
      Date:
      - Sun, 18 May 2025 03:56:26 GMT
      Server:
      - nginx/1.25.3
      Transfer-Encoding:
      - chunked
      content-length:
      - '77'
    status:
      code: 200
      message: OK
- request:
    body: ''
    headers:
      accept:
      - '*/*'
      accept-encoding:
      - gzip, deflate
      connection:
      - keep-alive
      host:
      - gizmok58.fhcrc.org:43607
      user-agent:
      - python-httpx/0.28.1
    method: GET
    uri: https://gizmok58.fhcrc.org:43607/api/workflows/v1/dc31df25-3294-4386-9ec6-f65803d98556/metadata?includeKey=status&includeKey=failures&includeKey=jobId
  response:
    body:
      string: '{"status":"Submitted","calls":{},"id":"dc31df25-3294-4386-9ec6-f65803d98556"}'
    headers:
      Connection:
      - keep-alive
      Content-Type:
      - application/json
      Date:
      - Sun, 18 May 2025 03:56:31 GMT
      Server:
      - nginx/1.25.3
      Transfer-Encoding:
      - chunked
      content-length:
      - '77'
    status:
      code: 200
      message: OK
- request:
    body: ''
    headers:
      accept:
      - '*/*'
      accept-encoding:
      - gzip, deflate
      connection:
      - keep-alive
      host:
      - gizmok58.fhcrc.org:43607
      user-agent:
      - python-httpx/0.28.1
    method: GET
    uri: https://gizmok58.fhcrc.org:43607/api/workflows/v1/dc31df25-3294-4386-9ec6-f65803d98556/metadata?includeKey=status&includeKey=failures&includeKey=jobId
  response:
    body:
      string: '{"status":"Submitted","calls":{},"id":"dc31df25-3294-4386-9ec6-f65803d98556"}'
    headers:
      Connection:
      - keep-alive
      Content-Type:
      - application/json
      Date:
      - Sun, 18 May 2025 03:56:36 GMT
      Server:
      - nginx/1.25.3
      Transfer-Encoding:
      - chunked
      content-length:
      - '77'
    status:
      code: 200
      message: OK
- request:
    body: ''
    headers:
      accept:
      - '*/*'
      accept-encoding:
      - gzip, deflate
      connection:
      - keep-alive
      host:
      - gizmok58.fhcrc.org:43607
      user-agent:
      - python-httpx/0.28.1
    method: GET
    uri: https://gizmok58.fhcrc.org:43607/api/workflows/v1/dc31df25-3294-4386-9ec6-f65803d98556/metadata?includeKey=status&includeKey=failures&includeKey=jobId
  response:
    body:
      string: '{"status":"Submitted","calls":{},"id":"dc31df25-3294-4386-9ec6-f65803d98556"}'
    headers:
      Connection:
      - keep-alive
      Content-Type:
      - application/json
      Date:
      - Sun, 18 May 2025 03:56:41 GMT
      Server:
      - nginx/1.25.3
      Transfer-Encoding:
      - chunked
      content-length:
      - '77'
    status:
      code: 200
      message: OK
- request:
    body: ''
    headers:
      accept:
      - '*/*'
      accept-encoding:
      - gzip, deflate
      connection:
      - keep-alive
      host:
      - gizmok58.fhcrc.org:43607
      user-agent:
      - python-httpx/0.28.1
    method: GET
    uri: https://gizmok58.fhcrc.org:43607/api/workflows/v1/dc31df25-3294-4386-9ec6-f65803d98556/metadata?includeKey=status&includeKey=failures&includeKey=jobId
  response:
    body:
      string: '{"status":"Submitted","calls":{},"id":"dc31df25-3294-4386-9ec6-f65803d98556"}'
    headers:
      Connection:
      - keep-alive
      Content-Type:
      - application/json
      Date:
      - Sun, 18 May 2025 03:56:47 GMT
      Server:
      - nginx/1.25.3
      Transfer-Encoding:
      - chunked
      content-length:
      - '77'
    status:
      code: 200
      message: OK
- request:
    body: ''
    headers:
      accept:
      - '*/*'
      accept-encoding:
      - gzip, deflate
      connection:
      - keep-alive
      host:
      - gizmok58.fhcrc.org:43607
      user-agent:
      - python-httpx/0.28.1
    method: GET
    uri: https://gizmok58.fhcrc.org:43607/api/workflows/v1/dc31df25-3294-4386-9ec6-f65803d98556/metadata?includeKey=status&includeKey=failures&includeKey=jobId
  response:
    body:
      string: '{"status":"Submitted","calls":{},"id":"dc31df25-3294-4386-9ec6-f65803d98556"}'
    headers:
      Connection:
      - keep-alive
      Content-Type:
      - application/json
      Date:
      - Sun, 18 May 2025 03:56:52 GMT
      Server:
      - nginx/1.25.3
      Transfer-Encoding:
      - chunked
      content-length:
      - '77'
    status:
      code: 200
      message: OK
- request:
    body: ''
    headers:
      accept:
      - '*/*'
      accept-encoding:
      - gzip, deflate
      connection:
      - keep-alive
      host:
      - gizmok58.fhcrc.org:43607
      user-agent:
      - python-httpx/0.28.1
    method: GET
    uri: https://gizmok58.fhcrc.org:43607/api/workflows/v1/dc31df25-3294-4386-9ec6-f65803d98556/metadata?includeKey=status&includeKey=failures&includeKey=jobId
  response:
    body:
      string: '{"status":"Submitted","calls":{},"id":"dc31df25-3294-4386-9ec6-f65803d98556"}'
    headers:
      Connection:
      - keep-alive
      Content-Type:
      - application/json
      Date:
      - Sun, 18 May 2025 03:56:57 GMT
      Server:
      - nginx/1.25.3
      Transfer-Encoding:
      - chunked
      content-length:
      - '77'
    status:
      code: 200
      message: OK
- request:
    body: ''
    headers:
      accept:
      - '*/*'
      accept-encoding:
      - gzip, deflate
      connection:
      - keep-alive
      host:
      - gizmok58.fhcrc.org:43607
      user-agent:
      - python-httpx/0.28.1
    method: GET
    uri: https://gizmok58.fhcrc.org:43607/api/workflows/v1/dc31df25-3294-4386-9ec6-f65803d98556/metadata?includeKey=status&includeKey=failures&includeKey=jobId
  response:
    body:
      string: '{"status":"Submitted","calls":{},"id":"dc31df25-3294-4386-9ec6-f65803d98556"}'
    headers:
      Connection:
      - keep-alive
      Content-Type:
      - application/json
      Date:
      - Sun, 18 May 2025 03:57:02 GMT
      Server:
      - nginx/1.25.3
      Transfer-Encoding:
      - chunked
      content-length:
      - '77'
    status:
      code: 200
      message: OK
- request:
    body: ''
    headers:
      accept:
      - '*/*'
      accept-encoding:
      - gzip, deflate
      connection:
      - keep-alive
      host:
      - gizmok58.fhcrc.org:43607
      user-agent:
      - python-httpx/0.28.1
    method: GET
    uri: https://gizmok58.fhcrc.org:43607/api/workflows/v1/dc31df25-3294-4386-9ec6-f65803d98556/metadata?includeKey=status&includeKey=failures&includeKey=jobId
  response:
    body:
      string: '{"status":"Submitted","calls":{},"id":"dc31df25-3294-4386-9ec6-f65803d98556"}'
    headers:
      Connection:
      - keep-alive
      Content-Type:
      - application/json
      Date:
      - Sun, 18 May 2025 03:57:07 GMT
      Server:
      - nginx/1.25.3
      Transfer-Encoding:
      - chunked
      content-length:
      - '77'
    status:
      code: 200
      message: OK
- request:
    body: ''
    headers:
      accept:
      - '*/*'
      accept-encoding:
      - gzip, deflate
      connection:
      - keep-alive
      host:
      - gizmok58.fhcrc.org:43607
      user-agent:
      - python-httpx/0.28.1
    method: GET
    uri: https://gizmok58.fhcrc.org:43607/api/workflows/v1/dc31df25-3294-4386-9ec6-f65803d98556/metadata?includeKey=status&includeKey=failures&includeKey=jobId
  response:
    body:
      string: '{"status":"Submitted","calls":{},"id":"dc31df25-3294-4386-9ec6-f65803d98556"}'
    headers:
      Connection:
      - keep-alive
      Content-Type:
      - application/json
      Date:
      - Sun, 18 May 2025 03:57:12 GMT
      Server:
      - nginx/1.25.3
      Transfer-Encoding:
      - chunked
      content-length:
      - '77'
    status:
      code: 200
      message: OK
- request:
    body: ''
    headers:
      accept:
      - '*/*'
      accept-encoding:
      - gzip, deflate
      connection:
      - keep-alive
      host:
      - gizmok58.fhcrc.org:43607
      user-agent:
      - python-httpx/0.28.1
    method: GET
    uri: https://gizmok58.fhcrc.org:43607/api/workflows/v1/dc31df25-3294-4386-9ec6-f65803d98556/metadata?includeKey=status&includeKey=failures&includeKey=jobId
  response:
    body:
      string: '{"status":"Submitted","calls":{},"id":"dc31df25-3294-4386-9ec6-f65803d98556"}'
    headers:
      Connection:
      - keep-alive
      Content-Type:
      - application/json
      Date:
      - Sun, 18 May 2025 03:57:17 GMT
      Server:
      - nginx/1.25.3
      Transfer-Encoding:
      - chunked
      content-length:
      - '77'
    status:
      code: 200
      message: OK
- request:
    body: ''
    headers:
      accept:
      - '*/*'
      accept-encoding:
      - gzip, deflate
      connection:
      - keep-alive
      host:
      - gizmok58.fhcrc.org:43607
      user-agent:
      - python-httpx/0.28.1
    method: GET
    uri: https://gizmok58.fhcrc.org:43607/api/workflows/v1/dc31df25-3294-4386-9ec6-f65803d98556/metadata?includeKey=status&includeKey=failures&includeKey=jobId
  response:
    body:
      string: '{"status":"Submitted","calls":{},"id":"dc31df25-3294-4386-9ec6-f65803d98556"}'
    headers:
      Connection:
      - keep-alive
      Content-Type:
      - application/json
      Date:
      - Sun, 18 May 2025 03:57:22 GMT
      Server:
      - nginx/1.25.3
      Transfer-Encoding:
      - chunked
      content-length:
      - '77'
    status:
      code: 200
      message: OK
- request:
    body: ''
    headers:
      accept:
      - '*/*'
      accept-encoding:
      - gzip, deflate
      connection:
      - keep-alive
      host:
      - gizmok58.fhcrc.org:43607
      user-agent:
      - python-httpx/0.28.1
    method: GET
    uri: https://gizmok58.fhcrc.org:43607/api/workflows/v1/dc31df25-3294-4386-9ec6-f65803d98556/metadata?includeKey=status&includeKey=failures&includeKey=jobId
  response:
    body:
      string: '{"status":"Submitted","calls":{},"id":"dc31df25-3294-4386-9ec6-f65803d98556"}'
    headers:
      Connection:
      - keep-alive
      Content-Type:
      - application/json
      Date:
      - Sun, 18 May 2025 03:57:27 GMT
      Server:
      - nginx/1.25.3
      Transfer-Encoding:
      - chunked
      content-length:
      - '77'
    status:
      code: 200
      message: OK
- request:
    body: ''
    headers:
      accept:
      - '*/*'
      accept-encoding:
      - gzip, deflate
      connection:
      - keep-alive
      host:
      - gizmok58.fhcrc.org:43607
      user-agent:
      - python-httpx/0.28.1
    method: GET
    uri: https://gizmok58.fhcrc.org:43607/api/workflows/v1/dc31df25-3294-4386-9ec6-f65803d98556/metadata?includeKey=status&includeKey=failures&includeKey=jobId
  response:
    body:
      string: '{"status":"Submitted","calls":{},"id":"dc31df25-3294-4386-9ec6-f65803d98556"}'
    headers:
      Connection:
      - keep-alive
      Content-Type:
      - application/json
      Date:
      - Sun, 18 May 2025 03:57:32 GMT
      Server:
      - nginx/1.25.3
      Transfer-Encoding:
      - chunked
      content-length:
      - '77'
    status:
      code: 200
      message: OK
- request:
    body: ''
    headers:
      accept:
      - '*/*'
      accept-encoding:
      - gzip, deflate
      connection:
      - keep-alive
      host:
      - gizmok58.fhcrc.org:43607
      user-agent:
      - python-httpx/0.28.1
    method: GET
    uri: https://gizmok58.fhcrc.org:43607/api/workflows/v1/dc31df25-3294-4386-9ec6-f65803d98556/metadata?includeKey=status&includeKey=failures&includeKey=jobId
  response:
    body:
      string: '{"status":"Submitted","calls":{},"id":"dc31df25-3294-4386-9ec6-f65803d98556"}'
    headers:
      Connection:
      - keep-alive
      Content-Type:
      - application/json
      Date:
      - Sun, 18 May 2025 03:57:37 GMT
      Server:
      - nginx/1.25.3
      Transfer-Encoding:
      - chunked
      content-length:
      - '77'
    status:
      code: 200
      message: OK
- request:
    body: ''
    headers:
      accept:
      - '*/*'
      accept-encoding:
      - gzip, deflate
      connection:
      - keep-alive
      host:
      - gizmok58.fhcrc.org:43607
      user-agent:
      - python-httpx/0.28.1
    method: GET
    uri: https://gizmok58.fhcrc.org:43607/api/workflows/v1/dc31df25-3294-4386-9ec6-f65803d98556/metadata?includeKey=status&includeKey=failures&includeKey=jobId
  response:
    body:
      string: '{"status":"Submitted","calls":{},"id":"dc31df25-3294-4386-9ec6-f65803d98556"}'
    headers:
      Connection:
      - keep-alive
      Content-Type:
      - application/json
      Date:
      - Sun, 18 May 2025 03:57:42 GMT
      Server:
      - nginx/1.25.3
      Transfer-Encoding:
      - chunked
      content-length:
      - '77'
    status:
      code: 200
      message: OK
- request:
    body: ''
    headers:
      accept:
      - '*/*'
      accept-encoding:
      - gzip, deflate
      connection:
      - keep-alive
      host:
      - gizmok58.fhcrc.org:43607
      user-agent:
      - python-httpx/0.28.1
    method: GET
    uri: https://gizmok58.fhcrc.org:43607/api/workflows/v1/dc31df25-3294-4386-9ec6-f65803d98556/metadata?includeKey=status&includeKey=failures&includeKey=jobId
  response:
    body:
      string: '{"status":"Submitted","calls":{},"id":"dc31df25-3294-4386-9ec6-f65803d98556"}'
    headers:
      Connection:
      - keep-alive
      Content-Type:
      - application/json
      Date:
      - Sun, 18 May 2025 03:57:47 GMT
      Server:
      - nginx/1.25.3
      Transfer-Encoding:
      - chunked
      content-length:
      - '77'
    status:
      code: 200
      message: OK
- request:
    body: ''
    headers:
      accept:
      - '*/*'
      accept-encoding:
      - gzip, deflate
      connection:
      - keep-alive
      host:
      - gizmok58.fhcrc.org:43607
      user-agent:
      - python-httpx/0.28.1
    method: GET
    uri: https://gizmok58.fhcrc.org:43607/api/workflows/v1/dc31df25-3294-4386-9ec6-f65803d98556/metadata?includeKey=status&includeKey=failures&includeKey=jobId
  response:
    body:
      string: '{"status":"Submitted","calls":{},"id":"dc31df25-3294-4386-9ec6-f65803d98556"}'
    headers:
      Connection:
      - keep-alive
      Content-Type:
      - application/json
      Date:
      - Sun, 18 May 2025 03:57:53 GMT
      Server:
      - nginx/1.25.3
      Transfer-Encoding:
      - chunked
      content-length:
      - '77'
    status:
      code: 200
      message: OK
- request:
    body: ''
    headers:
      accept:
      - '*/*'
      accept-encoding:
      - gzip, deflate
      connection:
      - keep-alive
      host:
      - gizmok58.fhcrc.org:43607
      user-agent:
      - python-httpx/0.28.1
    method: GET
    uri: https://gizmok58.fhcrc.org:43607/api/workflows/v1/dc31df25-3294-4386-9ec6-f65803d98556/metadata?includeKey=status&includeKey=failures&includeKey=jobId
  response:
    body:
      string: '{"status":"Submitted","calls":{},"id":"dc31df25-3294-4386-9ec6-f65803d98556"}'
    headers:
      Connection:
      - keep-alive
      Content-Type:
      - application/json
      Date:
      - Sun, 18 May 2025 03:57:58 GMT
      Server:
      - nginx/1.25.3
      Transfer-Encoding:
      - chunked
      content-length:
      - '77'
    status:
      code: 200
      message: OK
- request:
    body: ''
    headers:
      accept:
      - '*/*'
      accept-encoding:
      - gzip, deflate
      connection:
      - keep-alive
      host:
      - gizmok58.fhcrc.org:43607
      user-agent:
      - python-httpx/0.28.1
    method: GET
    uri: https://gizmok58.fhcrc.org:43607/api/workflows/v1/dc31df25-3294-4386-9ec6-f65803d98556/metadata?includeKey=status&includeKey=failures&includeKey=jobId
  response:
    body:
      string: '{"status":"Submitted","calls":{},"id":"dc31df25-3294-4386-9ec6-f65803d98556"}'
    headers:
      Connection:
      - keep-alive
      Content-Type:
      - application/json
      Date:
      - Sun, 18 May 2025 03:58:03 GMT
      Server:
      - nginx/1.25.3
      Transfer-Encoding:
      - chunked
      content-length:
      - '77'
    status:
      code: 200
      message: OK
- request:
    body: ''
    headers:
      accept:
      - '*/*'
      accept-encoding:
      - gzip, deflate
      connection:
      - keep-alive
      host:
      - gizmok58.fhcrc.org:43607
      user-agent:
      - python-httpx/0.28.1
    method: GET
    uri: https://gizmok58.fhcrc.org:43607/api/workflows/v1/dc31df25-3294-4386-9ec6-f65803d98556/metadata?includeKey=status&includeKey=failures&includeKey=jobId
  response:
    body:
      string: '{"status":"Submitted","calls":{},"id":"dc31df25-3294-4386-9ec6-f65803d98556"}'
    headers:
      Connection:
      - keep-alive
      Content-Type:
      - application/json
      Date:
      - Sun, 18 May 2025 03:58:08 GMT
      Server:
      - nginx/1.25.3
      Transfer-Encoding:
      - chunked
      content-length:
      - '77'
    status:
      code: 200
      message: OK
- request:
    body: ''
    headers:
      accept:
      - '*/*'
      accept-encoding:
      - gzip, deflate
      connection:
      - keep-alive
      host:
      - gizmok58.fhcrc.org:43607
      user-agent:
      - python-httpx/0.28.1
    method: GET
    uri: https://gizmok58.fhcrc.org:43607/api/workflows/v1/dc31df25-3294-4386-9ec6-f65803d98556/metadata?includeKey=status&includeKey=failures&includeKey=jobId
  response:
    body:
      string: '{"status":"Submitted","calls":{},"id":"dc31df25-3294-4386-9ec6-f65803d98556"}'
    headers:
      Connection:
      - keep-alive
      Content-Type:
      - application/json
      Date:
      - Sun, 18 May 2025 03:58:13 GMT
      Server:
      - nginx/1.25.3
      Transfer-Encoding:
      - chunked
      content-length:
      - '77'
    status:
      code: 200
      message: OK
- request:
    body: ''
    headers:
      accept:
      - '*/*'
      accept-encoding:
      - gzip, deflate
      connection:
      - keep-alive
      host:
      - gizmok58.fhcrc.org:43607
      user-agent:
      - python-httpx/0.28.1
    method: GET
    uri: https://gizmok58.fhcrc.org:43607/api/workflows/v1/dc31df25-3294-4386-9ec6-f65803d98556/metadata?includeKey=status&includeKey=failures&includeKey=jobId
  response:
    body:
      string: '{"status":"Submitted","calls":{},"id":"dc31df25-3294-4386-9ec6-f65803d98556"}'
    headers:
      Connection:
      - keep-alive
      Content-Type:
      - application/json
      Date:
      - Sun, 18 May 2025 03:58:18 GMT
      Server:
      - nginx/1.25.3
      Transfer-Encoding:
      - chunked
      content-length:
      - '77'
    status:
      code: 200
      message: OK
- request:
    body: ''
    headers:
      accept:
      - '*/*'
      accept-encoding:
      - gzip, deflate
      connection:
      - keep-alive
      host:
      - gizmok58.fhcrc.org:43607
      user-agent:
      - python-httpx/0.28.1
    method: GET
    uri: https://gizmok58.fhcrc.org:43607/api/workflows/v1/dc31df25-3294-4386-9ec6-f65803d98556/metadata?includeKey=status&includeKey=failures&includeKey=jobId
  response:
    body:
      string: '{"status":"Submitted","calls":{},"id":"dc31df25-3294-4386-9ec6-f65803d98556"}'
    headers:
      Connection:
      - keep-alive
      Content-Type:
      - application/json
      Date:
      - Sun, 18 May 2025 03:58:23 GMT
      Server:
      - nginx/1.25.3
      Transfer-Encoding:
      - chunked
      content-length:
      - '77'
    status:
      code: 200
      message: OK
- request:
    body: ''
    headers:
      accept:
      - '*/*'
      accept-encoding:
      - gzip, deflate
      connection:
      - keep-alive
      host:
      - gizmok58.fhcrc.org:43607
      user-agent:
      - python-httpx/0.28.1
    method: GET
    uri: https://gizmok58.fhcrc.org:43607/api/workflows/v1/dc31df25-3294-4386-9ec6-f65803d98556/metadata?includeKey=status&includeKey=failures&includeKey=jobId
  response:
    body:
      string: '{"status":"Submitted","calls":{},"id":"dc31df25-3294-4386-9ec6-f65803d98556"}'
    headers:
      Connection:
      - keep-alive
      Content-Type:
      - application/json
      Date:
      - Sun, 18 May 2025 03:58:28 GMT
      Server:
      - nginx/1.25.3
      Transfer-Encoding:
      - chunked
      content-length:
      - '77'
    status:
      code: 200
      message: OK
- request:
    body: ''
    headers:
      accept:
      - '*/*'
      accept-encoding:
      - gzip, deflate
      connection:
      - keep-alive
      host:
      - gizmok58.fhcrc.org:43607
      user-agent:
      - python-httpx/0.28.1
    method: GET
    uri: https://gizmok58.fhcrc.org:43607/api/workflows/v1/dc31df25-3294-4386-9ec6-f65803d98556/metadata?includeKey=status&includeKey=failures&includeKey=jobId
  response:
    body:
      string: '{"status":"Submitted","calls":{},"id":"dc31df25-3294-4386-9ec6-f65803d98556"}'
    headers:
      Connection:
      - keep-alive
      Content-Type:
      - application/json
      Date:
      - Sun, 18 May 2025 03:58:33 GMT
      Server:
      - nginx/1.25.3
      Transfer-Encoding:
      - chunked
      content-length:
      - '77'
    status:
      code: 200
      message: OK
- request:
    body: ''
    headers:
      accept:
      - '*/*'
      accept-encoding:
      - gzip, deflate
      connection:
      - keep-alive
      host:
      - gizmok58.fhcrc.org:43607
      user-agent:
      - python-httpx/0.28.1
    method: GET
    uri: https://gizmok58.fhcrc.org:43607/api/workflows/v1/dc31df25-3294-4386-9ec6-f65803d98556/metadata?includeKey=status&includeKey=failures&includeKey=jobId
  response:
    body:
      string: '{"status":"Submitted","calls":{},"id":"dc31df25-3294-4386-9ec6-f65803d98556"}'
    headers:
      Connection:
      - keep-alive
      Content-Type:
      - application/json
      Date:
      - Sun, 18 May 2025 03:58:38 GMT
      Server:
      - nginx/1.25.3
      Transfer-Encoding:
      - chunked
      content-length:
      - '77'
    status:
      code: 200
      message: OK
- request:
    body: ''
    headers:
      accept:
      - '*/*'
      accept-encoding:
      - gzip, deflate
      connection:
      - keep-alive
      host:
      - gizmok58.fhcrc.org:43607
      user-agent:
      - python-httpx/0.28.1
    method: GET
    uri: https://gizmok58.fhcrc.org:43607/api/workflows/v1/dc31df25-3294-4386-9ec6-f65803d98556/metadata?includeKey=status&includeKey=failures&includeKey=jobId
  response:
    body:
      string: '{"status":"Submitted","calls":{},"id":"dc31df25-3294-4386-9ec6-f65803d98556"}'
    headers:
      Connection:
      - keep-alive
      Content-Type:
      - application/json
      Date:
      - Sun, 18 May 2025 03:58:43 GMT
      Server:
      - nginx/1.25.3
      Transfer-Encoding:
      - chunked
      content-length:
      - '77'
    status:
      code: 200
      message: OK
- request:
    body: ''
    headers:
      accept:
      - '*/*'
      accept-encoding:
      - gzip, deflate
      connection:
      - keep-alive
      host:
      - gizmok58.fhcrc.org:43607
      user-agent:
      - python-httpx/0.28.1
    method: GET
    uri: https://gizmok58.fhcrc.org:43607/api/workflows/v1/dc31df25-3294-4386-9ec6-f65803d98556/metadata?includeKey=status&includeKey=failures&includeKey=jobId
  response:
    body:
      string: '{"status":"Submitted","calls":{},"id":"dc31df25-3294-4386-9ec6-f65803d98556"}'
    headers:
      Connection:
      - keep-alive
      Content-Type:
      - application/json
      Date:
      - Sun, 18 May 2025 03:58:48 GMT
      Server:
      - nginx/1.25.3
      Transfer-Encoding:
      - chunked
      content-length:
      - '77'
    status:
      code: 200
      message: OK
- request:
    body: ''
    headers:
      accept:
      - '*/*'
      accept-encoding:
      - gzip, deflate
      connection:
      - keep-alive
      host:
      - gizmok58.fhcrc.org:43607
      user-agent:
      - python-httpx/0.28.1
    method: GET
    uri: https://gizmok58.fhcrc.org:43607/api/workflows/v1/dc31df25-3294-4386-9ec6-f65803d98556/metadata?includeKey=status&includeKey=failures&includeKey=jobId
  response:
    body:
      string: '{"status":"Submitted","calls":{},"id":"dc31df25-3294-4386-9ec6-f65803d98556"}'
    headers:
      Connection:
      - keep-alive
      Content-Type:
      - application/json
      Date:
      - Sun, 18 May 2025 03:58:53 GMT
      Server:
      - nginx/1.25.3
      Transfer-Encoding:
      - chunked
      content-length:
      - '77'
    status:
      code: 200
      message: OK
- request:
    body: ''
    headers:
      accept:
      - '*/*'
      accept-encoding:
      - gzip, deflate
      connection:
      - keep-alive
      host:
      - gizmok58.fhcrc.org:43607
      user-agent:
      - python-httpx/0.28.1
    method: GET
    uri: https://gizmok58.fhcrc.org:43607/api/workflows/v1/dc31df25-3294-4386-9ec6-f65803d98556/metadata?includeKey=status&includeKey=failures&includeKey=jobId
  response:
    body:
      string: '{"status":"Submitted","calls":{},"id":"dc31df25-3294-4386-9ec6-f65803d98556"}'
    headers:
      Connection:
      - keep-alive
      Content-Type:
      - application/json
      Date:
      - Sun, 18 May 2025 03:58:59 GMT
      Server:
      - nginx/1.25.3
      Transfer-Encoding:
      - chunked
      content-length:
      - '77'
    status:
      code: 200
      message: OK
- request:
    body: ''
    headers:
      accept:
      - '*/*'
      accept-encoding:
      - gzip, deflate
      connection:
      - keep-alive
      host:
      - gizmok58.fhcrc.org:43607
      user-agent:
      - python-httpx/0.28.1
    method: GET
    uri: https://gizmok58.fhcrc.org:43607/api/workflows/v1/dc31df25-3294-4386-9ec6-f65803d98556/metadata?includeKey=status&includeKey=failures&includeKey=jobId
  response:
    body:
      string: '{"status":"Submitted","calls":{},"id":"dc31df25-3294-4386-9ec6-f65803d98556"}'
    headers:
      Connection:
      - keep-alive
      Content-Type:
      - application/json
      Date:
      - Sun, 18 May 2025 03:59:04 GMT
      Server:
      - nginx/1.25.3
      Transfer-Encoding:
      - chunked
      content-length:
      - '77'
    status:
      code: 200
      message: OK
- request:
    body: ''
    headers:
      accept:
      - '*/*'
      accept-encoding:
      - gzip, deflate
      connection:
      - keep-alive
      host:
      - gizmok58.fhcrc.org:43607
      user-agent:
      - python-httpx/0.28.1
    method: GET
    uri: https://gizmok58.fhcrc.org:43607/api/workflows/v1/dc31df25-3294-4386-9ec6-f65803d98556/metadata?includeKey=status&includeKey=failures&includeKey=jobId
  response:
    body:
      string: '{"status":"Submitted","calls":{},"id":"dc31df25-3294-4386-9ec6-f65803d98556"}'
    headers:
      Connection:
      - keep-alive
      Content-Type:
      - application/json
      Date:
      - Sun, 18 May 2025 03:59:09 GMT
      Server:
      - nginx/1.25.3
      Transfer-Encoding:
      - chunked
      content-length:
      - '77'
    status:
      code: 200
      message: OK
- request:
    body: ''
    headers:
      accept:
      - '*/*'
      accept-encoding:
      - gzip, deflate
      connection:
      - keep-alive
      host:
      - gizmok58.fhcrc.org:43607
      user-agent:
      - python-httpx/0.28.1
    method: GET
    uri: https://gizmok58.fhcrc.org:43607/api/workflows/v1/dc31df25-3294-4386-9ec6-f65803d98556/metadata?includeKey=status&includeKey=failures&includeKey=jobId
  response:
    body:
      string: '{"status":"Submitted","calls":{},"id":"dc31df25-3294-4386-9ec6-f65803d98556"}'
    headers:
      Connection:
      - keep-alive
      Content-Type:
      - application/json
      Date:
      - Sun, 18 May 2025 03:59:14 GMT
      Server:
      - nginx/1.25.3
      Transfer-Encoding:
      - chunked
      content-length:
      - '77'
    status:
      code: 200
      message: OK
- request:
    body: ''
    headers:
      accept:
      - '*/*'
      accept-encoding:
      - gzip, deflate
      connection:
      - keep-alive
      host:
      - gizmok58.fhcrc.org:43607
      user-agent:
      - python-httpx/0.28.1
    method: GET
    uri: https://gizmok58.fhcrc.org:43607/api/workflows/v1/dc31df25-3294-4386-9ec6-f65803d98556/metadata?includeKey=status&includeKey=failures&includeKey=jobId
  response:
    body:
      string: '{"status":"Submitted","calls":{},"id":"dc31df25-3294-4386-9ec6-f65803d98556"}'
    headers:
      Connection:
      - keep-alive
      Content-Type:
      - application/json
      Date:
      - Sun, 18 May 2025 03:59:19 GMT
      Server:
      - nginx/1.25.3
      Transfer-Encoding:
      - chunked
      content-length:
      - '77'
    status:
      code: 200
      message: OK
- request:
    body: ''
    headers:
      accept:
      - '*/*'
      accept-encoding:
      - gzip, deflate
      connection:
      - keep-alive
      host:
      - gizmok58.fhcrc.org:43607
      user-agent:
      - python-httpx/0.28.1
    method: GET
    uri: https://gizmok58.fhcrc.org:43607/api/workflows/v1/dc31df25-3294-4386-9ec6-f65803d98556/metadata?includeKey=status&includeKey=failures&includeKey=jobId
  response:
    body:
      string: '{"status":"Submitted","calls":{},"id":"dc31df25-3294-4386-9ec6-f65803d98556"}'
    headers:
      Connection:
      - keep-alive
      Content-Type:
      - application/json
      Date:
      - Sun, 18 May 2025 03:59:24 GMT
      Server:
      - nginx/1.25.3
      Transfer-Encoding:
      - chunked
      content-length:
      - '77'
    status:
      code: 200
      message: OK
- request:
    body: ''
    headers:
      accept:
      - '*/*'
      accept-encoding:
      - gzip, deflate
      connection:
      - keep-alive
      host:
      - gizmok58.fhcrc.org:43607
      user-agent:
      - python-httpx/0.28.1
    method: GET
    uri: https://gizmok58.fhcrc.org:43607/api/workflows/v1/dc31df25-3294-4386-9ec6-f65803d98556/metadata?includeKey=status&includeKey=failures&includeKey=jobId
  response:
    body:
      string: '{"status":"Submitted","calls":{},"id":"dc31df25-3294-4386-9ec6-f65803d98556"}'
    headers:
      Connection:
      - keep-alive
      Content-Type:
      - application/json
      Date:
      - Sun, 18 May 2025 03:59:29 GMT
      Server:
      - nginx/1.25.3
      Transfer-Encoding:
      - chunked
      content-length:
      - '77'
    status:
      code: 200
      message: OK
- request:
    body: ''
    headers:
      accept:
      - '*/*'
      accept-encoding:
      - gzip, deflate
      connection:
      - keep-alive
      host:
      - gizmok58.fhcrc.org:43607
      user-agent:
      - python-httpx/0.28.1
    method: GET
    uri: https://gizmok58.fhcrc.org:43607/api/workflows/v1/dc31df25-3294-4386-9ec6-f65803d98556/metadata?includeKey=status&includeKey=failures&includeKey=jobId
  response:
    body:
      string: '{"status":"Submitted","calls":{},"id":"dc31df25-3294-4386-9ec6-f65803d98556"}'
    headers:
      Connection:
      - keep-alive
      Content-Type:
      - application/json
      Date:
      - Sun, 18 May 2025 03:59:34 GMT
      Server:
      - nginx/1.25.3
      Transfer-Encoding:
      - chunked
      content-length:
      - '77'
    status:
      code: 200
      message: OK
- request:
    body: ''
    headers:
      accept:
      - '*/*'
      accept-encoding:
      - gzip, deflate
      connection:
      - keep-alive
      host:
      - gizmok58.fhcrc.org:43607
      user-agent:
      - python-httpx/0.28.1
    method: GET
    uri: https://gizmok58.fhcrc.org:43607/api/workflows/v1/dc31df25-3294-4386-9ec6-f65803d98556/metadata?includeKey=status&includeKey=failures&includeKey=jobId
  response:
    body:
      string: '{"status":"Submitted","calls":{},"id":"dc31df25-3294-4386-9ec6-f65803d98556"}'
    headers:
      Connection:
      - keep-alive
      Content-Type:
      - application/json
      Date:
      - Sun, 18 May 2025 03:59:39 GMT
      Server:
      - nginx/1.25.3
      Transfer-Encoding:
      - chunked
      content-length:
      - '77'
    status:
      code: 200
      message: OK
- request:
    body: ''
    headers:
      accept:
      - '*/*'
      accept-encoding:
      - gzip, deflate
      connection:
      - keep-alive
      host:
      - gizmok58.fhcrc.org:43607
      user-agent:
      - python-httpx/0.28.1
    method: GET
    uri: https://gizmok58.fhcrc.org:43607/api/workflows/v1/dc31df25-3294-4386-9ec6-f65803d98556/metadata?includeKey=status&includeKey=failures&includeKey=jobId
  response:
    body:
      string: '{"status":"Submitted","calls":{},"id":"dc31df25-3294-4386-9ec6-f65803d98556"}'
    headers:
      Connection:
      - keep-alive
      Content-Type:
      - application/json
      Date:
      - Sun, 18 May 2025 03:59:44 GMT
      Server:
      - nginx/1.25.3
      Transfer-Encoding:
      - chunked
      content-length:
      - '77'
    status:
      code: 200
      message: OK
- request:
    body: ''
    headers:
      accept:
      - '*/*'
      accept-encoding:
      - gzip, deflate
      connection:
      - keep-alive
      host:
      - gizmok58.fhcrc.org:43607
      user-agent:
      - python-httpx/0.28.1
    method: GET
    uri: https://gizmok58.fhcrc.org:43607/api/workflows/v1/dc31df25-3294-4386-9ec6-f65803d98556/metadata?includeKey=status&includeKey=failures&includeKey=jobId
  response:
    body:
      string: '{"status":"Submitted","calls":{},"id":"dc31df25-3294-4386-9ec6-f65803d98556"}'
    headers:
      Connection:
      - keep-alive
      Content-Type:
      - application/json
      Date:
      - Sun, 18 May 2025 03:59:49 GMT
      Server:
      - nginx/1.25.3
      Transfer-Encoding:
      - chunked
      content-length:
      - '77'
    status:
      code: 200
      message: OK
- request:
    body: ''
    headers:
      accept:
      - '*/*'
      accept-encoding:
      - gzip, deflate
      connection:
      - keep-alive
      host:
      - gizmok58.fhcrc.org:43607
      user-agent:
      - python-httpx/0.28.1
    method: GET
    uri: https://gizmok58.fhcrc.org:43607/api/workflows/v1/dc31df25-3294-4386-9ec6-f65803d98556/metadata?includeKey=status&includeKey=failures&includeKey=jobId
  response:
    body:
      string: '{"status":"Submitted","calls":{},"id":"dc31df25-3294-4386-9ec6-f65803d98556"}'
    headers:
      Connection:
      - keep-alive
      Content-Type:
      - application/json
      Date:
      - Sun, 18 May 2025 03:59:54 GMT
      Server:
      - nginx/1.25.3
      Transfer-Encoding:
      - chunked
      content-length:
      - '77'
    status:
      code: 200
      message: OK
- request:
    body: ''
    headers:
      accept:
      - '*/*'
      accept-encoding:
      - gzip, deflate
      connection:
      - keep-alive
      host:
      - gizmok58.fhcrc.org:43607
      user-agent:
      - python-httpx/0.28.1
    method: GET
    uri: https://gizmok58.fhcrc.org:43607/api/workflows/v1/dc31df25-3294-4386-9ec6-f65803d98556/metadata?includeKey=status&includeKey=failures&includeKey=jobId
  response:
    body:
      string: '{"status":"Submitted","calls":{},"id":"dc31df25-3294-4386-9ec6-f65803d98556"}'
    headers:
      Connection:
      - keep-alive
      Content-Type:
      - application/json
      Date:
      - Sun, 18 May 2025 04:00:00 GMT
      Server:
      - nginx/1.25.3
      Transfer-Encoding:
      - chunked
      content-length:
      - '77'
    status:
      code: 200
      message: OK
- request:
    body: ''
    headers:
      accept:
      - '*/*'
      accept-encoding:
      - gzip, deflate
      connection:
      - keep-alive
      host:
      - gizmok58.fhcrc.org:43607
      user-agent:
      - python-httpx/0.28.1
    method: GET
    uri: https://gizmok58.fhcrc.org:43607/api/workflows/v1/dc31df25-3294-4386-9ec6-f65803d98556/metadata?includeKey=status&includeKey=failures&includeKey=jobId
  response:
    body:
      string: '{"status":"Submitted","calls":{},"id":"dc31df25-3294-4386-9ec6-f65803d98556"}'
    headers:
      Connection:
      - keep-alive
      Content-Type:
      - application/json
      Date:
      - Sun, 18 May 2025 04:00:05 GMT
      Server:
      - nginx/1.25.3
      Transfer-Encoding:
      - chunked
      content-length:
      - '77'
    status:
      code: 200
      message: OK
- request:
    body: ''
    headers:
      accept:
      - '*/*'
      accept-encoding:
      - gzip, deflate
      connection:
      - keep-alive
      host:
      - gizmok58.fhcrc.org:43607
      user-agent:
      - python-httpx/0.28.1
    method: GET
    uri: https://gizmok58.fhcrc.org:43607/api/workflows/v1/dc31df25-3294-4386-9ec6-f65803d98556/metadata?includeKey=status&includeKey=failures&includeKey=jobId
  response:
    body:
      string: '{"status":"Submitted","calls":{},"id":"dc31df25-3294-4386-9ec6-f65803d98556"}'
    headers:
      Connection:
      - keep-alive
      Content-Type:
      - application/json
      Date:
      - Sun, 18 May 2025 04:00:10 GMT
      Server:
      - nginx/1.25.3
      Transfer-Encoding:
      - chunked
      content-length:
      - '77'
    status:
      code: 200
      message: OK
- request:
    body: ''
    headers:
      accept:
      - '*/*'
      accept-encoding:
      - gzip, deflate
      connection:
      - keep-alive
      host:
      - gizmok58.fhcrc.org:43607
      user-agent:
      - python-httpx/0.28.1
    method: GET
    uri: https://gizmok58.fhcrc.org:43607/api/workflows/v1/dc31df25-3294-4386-9ec6-f65803d98556/metadata?includeKey=status&includeKey=failures&includeKey=jobId
  response:
    body:
      string: '{"status":"Submitted","calls":{},"id":"dc31df25-3294-4386-9ec6-f65803d98556"}'
    headers:
      Connection:
      - keep-alive
      Content-Type:
      - application/json
      Date:
      - Sun, 18 May 2025 04:00:15 GMT
      Server:
      - nginx/1.25.3
      Transfer-Encoding:
      - chunked
      content-length:
      - '77'
    status:
      code: 200
      message: OK
- request:
    body: ''
    headers:
      accept:
      - '*/*'
      accept-encoding:
      - gzip, deflate
      connection:
      - keep-alive
      host:
      - gizmok58.fhcrc.org:43607
      user-agent:
      - python-httpx/0.28.1
    method: GET
    uri: https://gizmok58.fhcrc.org:43607/api/workflows/v1/dc31df25-3294-4386-9ec6-f65803d98556/metadata?includeKey=status&includeKey=failures&includeKey=jobId
  response:
    body:
      string: '{"status":"Submitted","calls":{},"id":"dc31df25-3294-4386-9ec6-f65803d98556"}'
    headers:
      Connection:
      - keep-alive
      Content-Type:
      - application/json
      Date:
      - Sun, 18 May 2025 04:00:20 GMT
      Server:
      - nginx/1.25.3
      Transfer-Encoding:
      - chunked
      content-length:
      - '77'
    status:
      code: 200
      message: OK
- request:
    body: ''
    headers:
      accept:
      - '*/*'
      accept-encoding:
      - gzip, deflate
      connection:
      - keep-alive
      host:
      - gizmok58.fhcrc.org:43607
      user-agent:
      - python-httpx/0.28.1
    method: GET
    uri: https://gizmok58.fhcrc.org:43607/api/workflows/v1/dc31df25-3294-4386-9ec6-f65803d98556/metadata?includeKey=status&includeKey=failures&includeKey=jobId
  response:
    body:
      string: '{"status":"Submitted","calls":{},"id":"dc31df25-3294-4386-9ec6-f65803d98556"}'
    headers:
      Connection:
      - keep-alive
      Content-Type:
      - application/json
      Date:
      - Sun, 18 May 2025 04:00:25 GMT
      Server:
      - nginx/1.25.3
      Transfer-Encoding:
      - chunked
      content-length:
      - '77'
    status:
      code: 200
      message: OK
- request:
    body: ''
    headers:
      accept:
      - '*/*'
      accept-encoding:
      - gzip, deflate
      connection:
      - keep-alive
      host:
      - gizmok58.fhcrc.org:43607
      user-agent:
      - python-httpx/0.28.1
    method: GET
    uri: https://gizmok58.fhcrc.org:43607/api/workflows/v1/dc31df25-3294-4386-9ec6-f65803d98556/metadata?includeKey=status&includeKey=failures&includeKey=jobId
  response:
    body:
      string: '{"status":"Submitted","calls":{},"id":"dc31df25-3294-4386-9ec6-f65803d98556"}'
    headers:
      Connection:
      - keep-alive
      Content-Type:
      - application/json
      Date:
      - Sun, 18 May 2025 04:00:30 GMT
      Server:
      - nginx/1.25.3
      Transfer-Encoding:
      - chunked
      content-length:
      - '77'
    status:
      code: 200
      message: OK
- request:
    body: ''
    headers:
      accept:
      - '*/*'
      accept-encoding:
      - gzip, deflate
      connection:
      - keep-alive
      host:
      - gizmok58.fhcrc.org:43607
      user-agent:
      - python-httpx/0.28.1
    method: GET
    uri: https://gizmok58.fhcrc.org:43607/api/workflows/v1/dc31df25-3294-4386-9ec6-f65803d98556/metadata?includeKey=status&includeKey=failures&includeKey=jobId
  response:
    body:
      string: '{"status":"Submitted","calls":{},"id":"dc31df25-3294-4386-9ec6-f65803d98556"}'
    headers:
      Connection:
      - keep-alive
      Content-Type:
      - application/json
      Date:
      - Sun, 18 May 2025 04:00:35 GMT
      Server:
      - nginx/1.25.3
      Transfer-Encoding:
      - chunked
      content-length:
      - '77'
    status:
      code: 200
      message: OK
- request:
    body: ''
    headers:
      accept:
      - '*/*'
      accept-encoding:
      - gzip, deflate
      connection:
      - keep-alive
      host:
      - gizmok58.fhcrc.org:43607
      user-agent:
      - python-httpx/0.28.1
    method: GET
    uri: https://gizmok58.fhcrc.org:43607/api/workflows/v1/dc31df25-3294-4386-9ec6-f65803d98556/metadata?includeKey=status&includeKey=failures&includeKey=jobId
  response:
    body:
      string: '{"status":"Submitted","calls":{},"id":"dc31df25-3294-4386-9ec6-f65803d98556"}'
    headers:
      Connection:
      - keep-alive
      Content-Type:
      - application/json
      Date:
      - Sun, 18 May 2025 04:00:40 GMT
      Server:
      - nginx/1.25.3
      Transfer-Encoding:
      - chunked
      content-length:
      - '77'
    status:
      code: 200
      message: OK
- request:
    body: ''
    headers:
      accept:
      - '*/*'
      accept-encoding:
      - gzip, deflate
      connection:
      - keep-alive
      host:
      - gizmok58.fhcrc.org:43607
      user-agent:
      - python-httpx/0.28.1
    method: GET
    uri: https://gizmok58.fhcrc.org:43607/api/workflows/v1/dc31df25-3294-4386-9ec6-f65803d98556/metadata?includeKey=status&includeKey=failures&includeKey=jobId
  response:
    body:
      string: '{"status":"Submitted","calls":{},"id":"dc31df25-3294-4386-9ec6-f65803d98556"}'
    headers:
      Connection:
      - keep-alive
      Content-Type:
      - application/json
      Date:
      - Sun, 18 May 2025 04:00:45 GMT
      Server:
      - nginx/1.25.3
      Transfer-Encoding:
      - chunked
      content-length:
      - '77'
    status:
      code: 200
      message: OK
- request:
    body: ''
    headers:
      accept:
      - '*/*'
      accept-encoding:
      - gzip, deflate
      connection:
      - keep-alive
      host:
      - gizmok58.fhcrc.org:43607
      user-agent:
      - python-httpx/0.28.1
    method: GET
    uri: https://gizmok58.fhcrc.org:43607/api/workflows/v1/dc31df25-3294-4386-9ec6-f65803d98556/metadata?includeKey=status&includeKey=failures&includeKey=jobId
  response:
    body:
      string: '{"status":"Submitted","calls":{},"id":"dc31df25-3294-4386-9ec6-f65803d98556"}'
    headers:
      Connection:
      - keep-alive
      Content-Type:
      - application/json
      Date:
      - Sun, 18 May 2025 04:00:50 GMT
      Server:
      - nginx/1.25.3
      Transfer-Encoding:
      - chunked
      content-length:
      - '77'
    status:
      code: 200
      message: OK
- request:
    body: ''
    headers:
      accept:
      - '*/*'
      accept-encoding:
      - gzip, deflate
      connection:
      - keep-alive
      host:
      - gizmok58.fhcrc.org:43607
      user-agent:
      - python-httpx/0.28.1
    method: GET
    uri: https://gizmok58.fhcrc.org:43607/api/workflows/v1/dc31df25-3294-4386-9ec6-f65803d98556/metadata?includeKey=status&includeKey=failures&includeKey=jobId
  response:
    body:
      string: '{"status":"Submitted","calls":{},"id":"dc31df25-3294-4386-9ec6-f65803d98556"}'
    headers:
      Connection:
      - keep-alive
      Content-Type:
      - application/json
      Date:
      - Sun, 18 May 2025 04:00:55 GMT
      Server:
      - nginx/1.25.3
      Transfer-Encoding:
      - chunked
      content-length:
      - '77'
    status:
      code: 200
      message: OK
- request:
    body: ''
    headers:
      accept:
      - '*/*'
      accept-encoding:
      - gzip, deflate
      connection:
      - keep-alive
      host:
      - gizmok58.fhcrc.org:43607
      user-agent:
      - python-httpx/0.28.1
    method: GET
    uri: https://gizmok58.fhcrc.org:43607/api/workflows/v1/dc31df25-3294-4386-9ec6-f65803d98556/metadata?includeKey=status&includeKey=failures&includeKey=jobId
  response:
    body:
      string: '{"status":"Submitted","calls":{},"id":"dc31df25-3294-4386-9ec6-f65803d98556"}'
    headers:
      Connection:
      - keep-alive
      Content-Type:
      - application/json
      Date:
      - Sun, 18 May 2025 04:01:00 GMT
      Server:
      - nginx/1.25.3
      Transfer-Encoding:
      - chunked
      content-length:
      - '77'
    status:
      code: 200
      message: OK
- request:
    body: ''
    headers:
      accept:
      - '*/*'
      accept-encoding:
      - gzip, deflate
      connection:
      - keep-alive
      host:
      - gizmok58.fhcrc.org:43607
      user-agent:
      - python-httpx/0.28.1
    method: GET
    uri: https://gizmok58.fhcrc.org:43607/api/workflows/v1/dc31df25-3294-4386-9ec6-f65803d98556/metadata?includeKey=status&includeKey=failures&includeKey=jobId
  response:
    body:
      string: '{"status":"Submitted","calls":{},"id":"dc31df25-3294-4386-9ec6-f65803d98556"}'
    headers:
      Connection:
      - keep-alive
      Content-Type:
      - application/json
      Date:
      - Sun, 18 May 2025 04:01:05 GMT
      Server:
      - nginx/1.25.3
      Transfer-Encoding:
      - chunked
      content-length:
      - '77'
    status:
      code: 200
      message: OK
- request:
    body: ''
    headers:
      accept:
      - '*/*'
      accept-encoding:
      - gzip, deflate
      connection:
      - keep-alive
      host:
      - gizmok58.fhcrc.org:43607
      user-agent:
      - python-httpx/0.28.1
    method: GET
    uri: https://gizmok58.fhcrc.org:43607/api/workflows/v1/dc31df25-3294-4386-9ec6-f65803d98556/metadata?includeKey=status&includeKey=failures&includeKey=jobId
  response:
    body:
      string: '{"status":"Submitted","calls":{},"id":"dc31df25-3294-4386-9ec6-f65803d98556"}'
    headers:
      Connection:
      - keep-alive
      Content-Type:
      - application/json
      Date:
      - Sun, 18 May 2025 04:01:11 GMT
      Server:
      - nginx/1.25.3
      Transfer-Encoding:
      - chunked
      content-length:
      - '77'
    status:
      code: 200
      message: OK
- request:
    body: ''
    headers:
      accept:
      - '*/*'
      accept-encoding:
      - gzip, deflate
      connection:
      - keep-alive
      host:
      - gizmok58.fhcrc.org:43607
      user-agent:
      - python-httpx/0.28.1
    method: GET
    uri: https://gizmok58.fhcrc.org:43607/api/workflows/v1/dc31df25-3294-4386-9ec6-f65803d98556/metadata?includeKey=status&includeKey=failures&includeKey=jobId
  response:
    body:
      string: '{"status":"Submitted","calls":{},"id":"dc31df25-3294-4386-9ec6-f65803d98556"}'
    headers:
      Connection:
      - keep-alive
      Content-Type:
      - application/json
      Date:
      - Sun, 18 May 2025 04:01:16 GMT
      Server:
      - nginx/1.25.3
      Transfer-Encoding:
      - chunked
      content-length:
      - '77'
    status:
      code: 200
      message: OK
- request:
    body: ''
    headers:
      accept:
      - '*/*'
      accept-encoding:
      - gzip, deflate
      connection:
      - keep-alive
      host:
      - gizmok58.fhcrc.org:43607
      user-agent:
      - python-httpx/0.28.1
    method: GET
    uri: https://gizmok58.fhcrc.org:43607/api/workflows/v1/dc31df25-3294-4386-9ec6-f65803d98556/metadata?includeKey=status&includeKey=failures&includeKey=jobId
  response:
    body:
      string: '{"status":"Submitted","calls":{},"id":"dc31df25-3294-4386-9ec6-f65803d98556"}'
    headers:
      Connection:
      - keep-alive
      Content-Type:
      - application/json
      Date:
      - Sun, 18 May 2025 04:01:21 GMT
      Server:
      - nginx/1.25.3
      Transfer-Encoding:
      - chunked
      content-length:
      - '77'
    status:
      code: 200
      message: OK
- request:
    body: ''
    headers:
      accept:
      - '*/*'
      accept-encoding:
      - gzip, deflate
      connection:
      - keep-alive
      host:
      - gizmok58.fhcrc.org:43607
      user-agent:
      - python-httpx/0.28.1
    method: GET
    uri: https://gizmok58.fhcrc.org:43607/api/workflows/v1/dc31df25-3294-4386-9ec6-f65803d98556/metadata?includeKey=status&includeKey=failures&includeKey=jobId
  response:
    body:
      string: '{"status":"Submitted","calls":{},"id":"dc31df25-3294-4386-9ec6-f65803d98556"}'
    headers:
      Connection:
      - keep-alive
      Content-Type:
      - application/json
      Date:
      - Sun, 18 May 2025 04:01:26 GMT
      Server:
      - nginx/1.25.3
      Transfer-Encoding:
      - chunked
      content-length:
      - '77'
    status:
      code: 200
      message: OK
- request:
    body: ''
    headers:
      accept:
      - '*/*'
      accept-encoding:
      - gzip, deflate
      connection:
      - keep-alive
      host:
      - gizmok58.fhcrc.org:43607
      user-agent:
      - python-httpx/0.28.1
    method: GET
    uri: https://gizmok58.fhcrc.org:43607/api/workflows/v1/dc31df25-3294-4386-9ec6-f65803d98556/metadata?includeKey=status&includeKey=failures&includeKey=jobId
  response:
    body:
      string: '{"status":"Submitted","calls":{},"id":"dc31df25-3294-4386-9ec6-f65803d98556"}'
    headers:
      Connection:
      - keep-alive
      Content-Type:
      - application/json
      Date:
      - Sun, 18 May 2025 04:01:31 GMT
      Server:
      - nginx/1.25.3
      Transfer-Encoding:
      - chunked
      content-length:
      - '77'
    status:
      code: 200
      message: OK
- request:
    body: ''
    headers:
      accept:
      - '*/*'
      accept-encoding:
      - gzip, deflate
      connection:
      - keep-alive
      host:
      - gizmok58.fhcrc.org:43607
      user-agent:
      - python-httpx/0.28.1
    method: GET
    uri: https://gizmok58.fhcrc.org:43607/api/workflows/v1/dc31df25-3294-4386-9ec6-f65803d98556/metadata?includeKey=status&includeKey=failures&includeKey=jobId
  response:
    body:
      string: '{"status":"Submitted","calls":{},"id":"dc31df25-3294-4386-9ec6-f65803d98556"}'
    headers:
      Connection:
      - keep-alive
      Content-Type:
      - application/json
      Date:
      - Sun, 18 May 2025 04:01:36 GMT
      Server:
      - nginx/1.25.3
      Transfer-Encoding:
      - chunked
      content-length:
      - '77'
    status:
      code: 200
      message: OK
- request:
    body: ''
    headers:
      accept:
      - '*/*'
      accept-encoding:
      - gzip, deflate
      connection:
      - keep-alive
      host:
      - gizmok58.fhcrc.org:43607
      user-agent:
      - python-httpx/0.28.1
    method: GET
    uri: https://gizmok58.fhcrc.org:43607/api/workflows/v1/dc31df25-3294-4386-9ec6-f65803d98556/metadata?includeKey=status&includeKey=failures&includeKey=jobId
  response:
    body:
      string: '{"status":"Submitted","calls":{},"id":"dc31df25-3294-4386-9ec6-f65803d98556"}'
    headers:
      Connection:
      - keep-alive
      Content-Type:
      - application/json
      Date:
      - Sun, 18 May 2025 04:01:41 GMT
      Server:
      - nginx/1.25.3
      Transfer-Encoding:
      - chunked
      content-length:
      - '77'
    status:
      code: 200
      message: OK
- request:
    body: ''
    headers:
      accept:
      - '*/*'
      accept-encoding:
      - gzip, deflate
      connection:
      - keep-alive
      host:
      - gizmok58.fhcrc.org:43607
      user-agent:
      - python-httpx/0.28.1
    method: GET
    uri: https://gizmok58.fhcrc.org:43607/api/workflows/v1/dc31df25-3294-4386-9ec6-f65803d98556/metadata?includeKey=status&includeKey=failures&includeKey=jobId
  response:
    body:
      string: '{"status":"Submitted","calls":{},"id":"dc31df25-3294-4386-9ec6-f65803d98556"}'
    headers:
      Connection:
      - keep-alive
      Content-Type:
      - application/json
      Date:
      - Sun, 18 May 2025 04:01:46 GMT
      Server:
      - nginx/1.25.3
      Transfer-Encoding:
      - chunked
      content-length:
      - '77'
    status:
      code: 200
      message: OK
- request:
    body: ''
    headers:
      accept:
      - '*/*'
      accept-encoding:
      - gzip, deflate
      connection:
      - keep-alive
      host:
      - gizmok58.fhcrc.org:43607
      user-agent:
      - python-httpx/0.28.1
    method: GET
    uri: https://gizmok58.fhcrc.org:43607/api/workflows/v1/dc31df25-3294-4386-9ec6-f65803d98556/metadata?includeKey=status&includeKey=failures&includeKey=jobId
  response:
    body:
      string: '{"status":"Submitted","calls":{},"id":"dc31df25-3294-4386-9ec6-f65803d98556"}'
    headers:
      Connection:
      - keep-alive
      Content-Type:
      - application/json
      Date:
      - Sun, 18 May 2025 04:01:51 GMT
      Server:
      - nginx/1.25.3
      Transfer-Encoding:
      - chunked
      content-length:
      - '77'
    status:
      code: 200
      message: OK
- request:
    body: ''
    headers:
      accept:
      - '*/*'
      accept-encoding:
      - gzip, deflate
      connection:
      - keep-alive
      host:
      - gizmok58.fhcrc.org:43607
      user-agent:
      - python-httpx/0.28.1
    method: GET
    uri: https://gizmok58.fhcrc.org:43607/api/workflows/v1/dc31df25-3294-4386-9ec6-f65803d98556/metadata?includeKey=status&includeKey=failures&includeKey=jobId
  response:
    body:
      string: '{"status":"Submitted","calls":{},"id":"dc31df25-3294-4386-9ec6-f65803d98556"}'
    headers:
      Connection:
      - keep-alive
      Content-Type:
      - application/json
      Date:
      - Sun, 18 May 2025 04:01:56 GMT
      Server:
      - nginx/1.25.3
      Transfer-Encoding:
      - chunked
      content-length:
      - '77'
    status:
      code: 200
      message: OK
- request:
    body: ''
    headers:
      accept:
      - '*/*'
      accept-encoding:
      - gzip, deflate
      connection:
      - keep-alive
      host:
      - gizmok58.fhcrc.org:43607
      user-agent:
      - python-httpx/0.28.1
    method: GET
    uri: https://gizmok58.fhcrc.org:43607/api/workflows/v1/dc31df25-3294-4386-9ec6-f65803d98556/metadata?includeKey=status&includeKey=failures&includeKey=jobId
  response:
    body:
      string: '{"status":"Submitted","calls":{},"id":"dc31df25-3294-4386-9ec6-f65803d98556"}'
    headers:
      Connection:
      - keep-alive
      Content-Type:
      - application/json
      Date:
      - Sun, 18 May 2025 04:02:01 GMT
      Server:
      - nginx/1.25.3
      Transfer-Encoding:
      - chunked
      content-length:
      - '77'
    status:
      code: 200
      message: OK
- request:
    body: ''
    headers:
      accept:
      - '*/*'
      accept-encoding:
      - gzip, deflate
      connection:
      - keep-alive
      host:
      - gizmok58.fhcrc.org:43607
      user-agent:
      - python-httpx/0.28.1
    method: GET
    uri: https://gizmok58.fhcrc.org:43607/api/workflows/v1/dc31df25-3294-4386-9ec6-f65803d98556/metadata?includeKey=status&includeKey=failures&includeKey=jobId
  response:
    body:
      string: '{"status":"Submitted","calls":{},"id":"dc31df25-3294-4386-9ec6-f65803d98556"}'
    headers:
      Connection:
      - keep-alive
      Content-Type:
      - application/json
      Date:
      - Sun, 18 May 2025 04:02:06 GMT
      Server:
      - nginx/1.25.3
      Transfer-Encoding:
      - chunked
      content-length:
      - '77'
    status:
      code: 200
      message: OK
- request:
    body: ''
    headers:
      accept:
      - '*/*'
      accept-encoding:
      - gzip, deflate
      connection:
      - keep-alive
      host:
      - gizmok58.fhcrc.org:43607
      user-agent:
      - python-httpx/0.28.1
    method: GET
    uri: https://gizmok58.fhcrc.org:43607/api/workflows/v1/dc31df25-3294-4386-9ec6-f65803d98556/metadata?includeKey=status&includeKey=failures&includeKey=jobId
  response:
    body:
      string: '{"status":"Submitted","calls":{},"id":"dc31df25-3294-4386-9ec6-f65803d98556"}'
    headers:
      Connection:
      - keep-alive
      Content-Type:
      - application/json
      Date:
      - Sun, 18 May 2025 04:02:11 GMT
      Server:
      - nginx/1.25.3
      Transfer-Encoding:
      - chunked
      content-length:
      - '77'
    status:
      code: 200
      message: OK
- request:
    body: ''
    headers:
      accept:
      - '*/*'
      accept-encoding:
      - gzip, deflate
      connection:
      - keep-alive
      host:
      - gizmok58.fhcrc.org:43607
      user-agent:
      - python-httpx/0.28.1
    method: GET
    uri: https://gizmok58.fhcrc.org:43607/api/workflows/v1/dc31df25-3294-4386-9ec6-f65803d98556/metadata?includeKey=status&includeKey=failures&includeKey=jobId
  response:
    body:
      string: '{"status":"Submitted","calls":{},"id":"dc31df25-3294-4386-9ec6-f65803d98556"}'
    headers:
      Connection:
      - keep-alive
      Content-Type:
      - application/json
      Date:
      - Sun, 18 May 2025 04:02:16 GMT
      Server:
      - nginx/1.25.3
      Transfer-Encoding:
      - chunked
      content-length:
      - '77'
    status:
      code: 200
      message: OK
- request:
    body: ''
    headers:
      accept:
      - '*/*'
      accept-encoding:
      - gzip, deflate
      connection:
      - keep-alive
      host:
      - gizmok58.fhcrc.org:43607
      user-agent:
      - python-httpx/0.28.1
    method: GET
    uri: https://gizmok58.fhcrc.org:43607/api/workflows/v1/dc31df25-3294-4386-9ec6-f65803d98556/metadata?includeKey=status&includeKey=failures&includeKey=jobId
  response:
    body:
      string: '{"status":"Submitted","calls":{},"id":"dc31df25-3294-4386-9ec6-f65803d98556"}'
    headers:
      Connection:
      - keep-alive
      Content-Type:
      - application/json
      Date:
      - Sun, 18 May 2025 04:02:21 GMT
      Server:
      - nginx/1.25.3
      Transfer-Encoding:
      - chunked
      content-length:
      - '77'
    status:
      code: 200
      message: OK
- request:
    body: ''
    headers:
      accept:
      - '*/*'
      accept-encoding:
      - gzip, deflate
      connection:
      - keep-alive
      host:
      - gizmok58.fhcrc.org:43607
      user-agent:
      - python-httpx/0.28.1
    method: GET
    uri: https://gizmok58.fhcrc.org:43607/api/workflows/v1/dc31df25-3294-4386-9ec6-f65803d98556/metadata?includeKey=status&includeKey=failures&includeKey=jobId
  response:
    body:
      string: '{"status":"Submitted","calls":{},"id":"dc31df25-3294-4386-9ec6-f65803d98556"}'
    headers:
      Connection:
      - keep-alive
      Content-Type:
      - application/json
      Date:
      - Sun, 18 May 2025 04:02:27 GMT
      Server:
      - nginx/1.25.3
      Transfer-Encoding:
      - chunked
      content-length:
      - '77'
    status:
      code: 200
      message: OK
- request:
    body: ''
    headers:
      accept:
      - '*/*'
      accept-encoding:
      - gzip, deflate
      connection:
      - keep-alive
      host:
      - gizmok58.fhcrc.org:43607
      user-agent:
      - python-httpx/0.28.1
    method: GET
    uri: https://gizmok58.fhcrc.org:43607/api/workflows/v1/dc31df25-3294-4386-9ec6-f65803d98556/metadata?includeKey=status&includeKey=failures&includeKey=jobId
  response:
    body:
      string: '{"status":"Submitted","calls":{},"id":"dc31df25-3294-4386-9ec6-f65803d98556"}'
    headers:
      Connection:
      - keep-alive
      Content-Type:
      - application/json
      Date:
      - Sun, 18 May 2025 04:02:32 GMT
      Server:
      - nginx/1.25.3
      Transfer-Encoding:
      - chunked
      content-length:
      - '77'
    status:
      code: 200
      message: OK
- request:
    body: ''
    headers:
      accept:
      - '*/*'
      accept-encoding:
      - gzip, deflate
      connection:
      - keep-alive
      host:
      - gizmok58.fhcrc.org:43607
      user-agent:
      - python-httpx/0.28.1
    method: GET
    uri: https://gizmok58.fhcrc.org:43607/api/workflows/v1/dc31df25-3294-4386-9ec6-f65803d98556/metadata?includeKey=status&includeKey=failures&includeKey=jobId
  response:
    body:
      string: '{"status":"Submitted","calls":{},"id":"dc31df25-3294-4386-9ec6-f65803d98556"}'
    headers:
      Connection:
      - keep-alive
      Content-Type:
      - application/json
      Date:
      - Sun, 18 May 2025 04:02:37 GMT
      Server:
      - nginx/1.25.3
      Transfer-Encoding:
      - chunked
      content-length:
      - '77'
    status:
      code: 200
      message: OK
- request:
    body: ''
    headers:
      accept:
      - '*/*'
      accept-encoding:
      - gzip, deflate
      connection:
      - keep-alive
      host:
      - gizmok58.fhcrc.org:43607
      user-agent:
      - python-httpx/0.28.1
    method: GET
    uri: https://gizmok58.fhcrc.org:43607/api/workflows/v1/dc31df25-3294-4386-9ec6-f65803d98556/metadata?includeKey=status&includeKey=failures&includeKey=jobId
  response:
    body:
      string: '{"status":"Submitted","calls":{},"id":"dc31df25-3294-4386-9ec6-f65803d98556"}'
    headers:
      Connection:
      - keep-alive
      Content-Type:
      - application/json
      Date:
      - Sun, 18 May 2025 04:02:42 GMT
      Server:
      - nginx/1.25.3
      Transfer-Encoding:
      - chunked
      content-length:
      - '77'
    status:
      code: 200
      message: OK
- request:
    body: ''
    headers:
      accept:
      - '*/*'
      accept-encoding:
      - gzip, deflate
      connection:
      - keep-alive
      host:
      - gizmok58.fhcrc.org:43607
      user-agent:
      - python-httpx/0.28.1
    method: GET
    uri: https://gizmok58.fhcrc.org:43607/api/workflows/v1/dc31df25-3294-4386-9ec6-f65803d98556/metadata?includeKey=status&includeKey=failures&includeKey=jobId
  response:
    body:
      string: '{"status":"Submitted","calls":{},"id":"dc31df25-3294-4386-9ec6-f65803d98556"}'
    headers:
      Connection:
      - keep-alive
      Content-Type:
      - application/json
      Date:
      - Sun, 18 May 2025 04:02:47 GMT
      Server:
      - nginx/1.25.3
      Transfer-Encoding:
      - chunked
      content-length:
      - '77'
    status:
      code: 200
      message: OK
- request:
    body: ''
    headers:
      accept:
      - '*/*'
      accept-encoding:
      - gzip, deflate
      connection:
      - keep-alive
      host:
      - gizmok58.fhcrc.org:43607
      user-agent:
      - python-httpx/0.28.1
    method: GET
    uri: https://gizmok58.fhcrc.org:43607/api/workflows/v1/dc31df25-3294-4386-9ec6-f65803d98556/metadata?includeKey=status&includeKey=failures&includeKey=jobId
  response:
    body:
      string: '{"status":"Submitted","calls":{},"id":"dc31df25-3294-4386-9ec6-f65803d98556"}'
    headers:
      Connection:
      - keep-alive
      Content-Type:
      - application/json
      Date:
      - Sun, 18 May 2025 04:02:52 GMT
      Server:
      - nginx/1.25.3
      Transfer-Encoding:
      - chunked
      content-length:
      - '77'
    status:
      code: 200
      message: OK
- request:
    body: ''
    headers:
      accept:
      - '*/*'
      accept-encoding:
      - gzip, deflate
      connection:
      - keep-alive
      host:
      - gizmok58.fhcrc.org:43607
      user-agent:
      - python-httpx/0.28.1
    method: GET
    uri: https://gizmok58.fhcrc.org:43607/api/workflows/v1/dc31df25-3294-4386-9ec6-f65803d98556/metadata?includeKey=status&includeKey=failures&includeKey=jobId
  response:
    body:
      string: '{"status":"Submitted","calls":{},"id":"dc31df25-3294-4386-9ec6-f65803d98556"}'
    headers:
      Connection:
      - keep-alive
      Content-Type:
      - application/json
      Date:
      - Sun, 18 May 2025 04:02:57 GMT
      Server:
      - nginx/1.25.3
      Transfer-Encoding:
      - chunked
      content-length:
      - '77'
    status:
      code: 200
      message: OK
- request:
    body: ''
    headers:
      accept:
      - '*/*'
      accept-encoding:
      - gzip, deflate
      connection:
      - keep-alive
      host:
      - gizmok58.fhcrc.org:43607
      user-agent:
      - python-httpx/0.28.1
    method: GET
    uri: https://gizmok58.fhcrc.org:43607/api/workflows/v1/dc31df25-3294-4386-9ec6-f65803d98556/metadata?includeKey=status&includeKey=failures&includeKey=jobId
  response:
    body:
      string: '{"status":"Submitted","calls":{},"id":"dc31df25-3294-4386-9ec6-f65803d98556"}'
    headers:
      Connection:
      - keep-alive
      Content-Type:
      - application/json
      Date:
      - Sun, 18 May 2025 04:03:02 GMT
      Server:
      - nginx/1.25.3
      Transfer-Encoding:
      - chunked
      content-length:
      - '77'
    status:
      code: 200
      message: OK
- request:
    body: ''
    headers:
      accept:
      - '*/*'
      accept-encoding:
      - gzip, deflate
      connection:
      - keep-alive
      host:
      - gizmok58.fhcrc.org:43607
      user-agent:
      - python-httpx/0.28.1
    method: GET
    uri: https://gizmok58.fhcrc.org:43607/api/workflows/v1/dc31df25-3294-4386-9ec6-f65803d98556/metadata?includeKey=status&includeKey=failures&includeKey=jobId
  response:
    body:
      string: '{"status":"Submitted","calls":{},"id":"dc31df25-3294-4386-9ec6-f65803d98556"}'
    headers:
      Connection:
      - keep-alive
      Content-Type:
      - application/json
      Date:
      - Sun, 18 May 2025 04:03:07 GMT
      Server:
      - nginx/1.25.3
      Transfer-Encoding:
      - chunked
      content-length:
      - '77'
    status:
      code: 200
      message: OK
- request:
    body: ''
    headers:
      accept:
      - '*/*'
      accept-encoding:
      - gzip, deflate
      connection:
      - keep-alive
      host:
      - gizmok58.fhcrc.org:43607
      user-agent:
      - python-httpx/0.28.1
    method: GET
    uri: https://gizmok58.fhcrc.org:43607/api/workflows/v1/dc31df25-3294-4386-9ec6-f65803d98556/metadata?includeKey=status&includeKey=failures&includeKey=jobId
  response:
    body:
      string: '{"status":"Submitted","calls":{},"id":"dc31df25-3294-4386-9ec6-f65803d98556"}'
    headers:
      Connection:
      - keep-alive
      Content-Type:
      - application/json
      Date:
      - Sun, 18 May 2025 04:03:12 GMT
      Server:
      - nginx/1.25.3
      Transfer-Encoding:
      - chunked
      content-length:
      - '77'
    status:
      code: 200
      message: OK
- request:
    body: ''
    headers:
      accept:
      - '*/*'
      accept-encoding:
      - gzip, deflate
      connection:
      - keep-alive
      host:
      - gizmok58.fhcrc.org:43607
      user-agent:
      - python-httpx/0.28.1
    method: GET
    uri: https://gizmok58.fhcrc.org:43607/api/workflows/v1/dc31df25-3294-4386-9ec6-f65803d98556/metadata?includeKey=status&includeKey=failures&includeKey=jobId
  response:
    body:
      string: '{"status":"Submitted","calls":{},"id":"dc31df25-3294-4386-9ec6-f65803d98556"}'
    headers:
      Connection:
      - keep-alive
      Content-Type:
      - application/json
      Date:
      - Sun, 18 May 2025 04:03:17 GMT
      Server:
      - nginx/1.25.3
      Transfer-Encoding:
      - chunked
      content-length:
      - '77'
    status:
      code: 200
      message: OK
- request:
    body: ''
    headers:
      accept:
      - '*/*'
      accept-encoding:
      - gzip, deflate
      connection:
      - keep-alive
      host:
      - gizmok58.fhcrc.org:43607
      user-agent:
      - python-httpx/0.28.1
    method: GET
    uri: https://gizmok58.fhcrc.org:43607/api/workflows/v1/dc31df25-3294-4386-9ec6-f65803d98556/metadata?includeKey=status&includeKey=failures&includeKey=jobId
  response:
    body:
      string: '{"status":"Submitted","calls":{},"id":"dc31df25-3294-4386-9ec6-f65803d98556"}'
    headers:
      Connection:
      - keep-alive
      Content-Type:
      - application/json
      Date:
      - Sun, 18 May 2025 04:03:22 GMT
      Server:
      - nginx/1.25.3
      Transfer-Encoding:
      - chunked
      content-length:
      - '77'
    status:
      code: 200
      message: OK
- request:
    body: ''
    headers:
      accept:
      - '*/*'
      accept-encoding:
      - gzip, deflate
      connection:
      - keep-alive
      host:
      - gizmok58.fhcrc.org:43607
      user-agent:
      - python-httpx/0.28.1
    method: GET
    uri: https://gizmok58.fhcrc.org:43607/api/workflows/v1/dc31df25-3294-4386-9ec6-f65803d98556/metadata?includeKey=status&includeKey=failures&includeKey=jobId
  response:
    body:
      string: '{"status":"Submitted","calls":{},"id":"dc31df25-3294-4386-9ec6-f65803d98556"}'
    headers:
      Connection:
      - keep-alive
      Content-Type:
      - application/json
      Date:
      - Sun, 18 May 2025 04:03:28 GMT
      Server:
      - nginx/1.25.3
      Transfer-Encoding:
      - chunked
      content-length:
      - '77'
    status:
      code: 200
      message: OK
- request:
    body: ''
    headers:
      accept:
      - '*/*'
      accept-encoding:
      - gzip, deflate
      connection:
      - keep-alive
      host:
      - gizmok58.fhcrc.org:43607
      user-agent:
      - python-httpx/0.28.1
    method: GET
    uri: https://gizmok58.fhcrc.org:43607/api/workflows/v1/dc31df25-3294-4386-9ec6-f65803d98556/metadata?includeKey=status&includeKey=failures&includeKey=jobId
  response:
    body:
      string: '{"status":"Submitted","calls":{},"id":"dc31df25-3294-4386-9ec6-f65803d98556"}'
    headers:
      Connection:
      - keep-alive
      Content-Type:
      - application/json
      Date:
      - Sun, 18 May 2025 04:03:33 GMT
      Server:
      - nginx/1.25.3
      Transfer-Encoding:
      - chunked
      content-length:
      - '77'
    status:
      code: 200
      message: OK
- request:
    body: ''
    headers:
      accept:
      - '*/*'
      accept-encoding:
      - gzip, deflate
      connection:
      - keep-alive
      host:
      - gizmok58.fhcrc.org:43607
      user-agent:
      - python-httpx/0.28.1
    method: GET
    uri: https://gizmok58.fhcrc.org:43607/api/workflows/v1/dc31df25-3294-4386-9ec6-f65803d98556/metadata?includeKey=status&includeKey=failures&includeKey=jobId
  response:
    body:
      string: '{"status":"Submitted","calls":{},"id":"dc31df25-3294-4386-9ec6-f65803d98556"}'
    headers:
      Connection:
      - keep-alive
      Content-Type:
      - application/json
      Date:
      - Sun, 18 May 2025 04:03:38 GMT
      Server:
      - nginx/1.25.3
      Transfer-Encoding:
      - chunked
      content-length:
      - '77'
    status:
      code: 200
      message: OK
- request:
    body: ''
    headers:
      accept:
      - '*/*'
      accept-encoding:
      - gzip, deflate
      connection:
      - keep-alive
      host:
      - gizmok58.fhcrc.org:43607
      user-agent:
      - python-httpx/0.28.1
    method: GET
    uri: https://gizmok58.fhcrc.org:43607/api/workflows/v1/dc31df25-3294-4386-9ec6-f65803d98556/metadata?includeKey=status&includeKey=failures&includeKey=jobId
  response:
    body:
      string: '{"status":"Submitted","calls":{},"id":"dc31df25-3294-4386-9ec6-f65803d98556"}'
    headers:
      Connection:
      - keep-alive
      Content-Type:
      - application/json
      Date:
      - Sun, 18 May 2025 04:03:43 GMT
      Server:
      - nginx/1.25.3
      Transfer-Encoding:
      - chunked
      content-length:
      - '77'
    status:
      code: 200
      message: OK
- request:
    body: ''
    headers:
      accept:
      - '*/*'
      accept-encoding:
      - gzip, deflate
      connection:
      - keep-alive
      host:
      - gizmok58.fhcrc.org:43607
      user-agent:
      - python-httpx/0.28.1
    method: GET
    uri: https://gizmok58.fhcrc.org:43607/api/workflows/v1/dc31df25-3294-4386-9ec6-f65803d98556/metadata?includeKey=status&includeKey=failures&includeKey=jobId
  response:
    body:
      string: '{"status":"Submitted","calls":{},"id":"dc31df25-3294-4386-9ec6-f65803d98556"}'
    headers:
      Connection:
      - keep-alive
      Content-Type:
      - application/json
      Date:
      - Sun, 18 May 2025 04:03:48 GMT
      Server:
      - nginx/1.25.3
      Transfer-Encoding:
      - chunked
      content-length:
      - '77'
    status:
      code: 200
      message: OK
- request:
    body: ''
    headers:
      accept:
      - '*/*'
      accept-encoding:
      - gzip, deflate
      connection:
      - keep-alive
      host:
      - gizmok58.fhcrc.org:43607
      user-agent:
      - python-httpx/0.28.1
    method: GET
    uri: https://gizmok58.fhcrc.org:43607/api/workflows/v1/dc31df25-3294-4386-9ec6-f65803d98556/metadata?includeKey=status&includeKey=failures&includeKey=jobId
  response:
    body:
      string: '{"status":"Submitted","calls":{},"id":"dc31df25-3294-4386-9ec6-f65803d98556"}'
    headers:
      Connection:
      - keep-alive
      Content-Type:
      - application/json
      Date:
      - Sun, 18 May 2025 04:03:53 GMT
      Server:
      - nginx/1.25.3
      Transfer-Encoding:
      - chunked
      content-length:
      - '77'
    status:
      code: 200
      message: OK
- request:
    body: ''
    headers:
      accept:
      - '*/*'
      accept-encoding:
      - gzip, deflate
      connection:
      - keep-alive
      host:
      - gizmok58.fhcrc.org:43607
      user-agent:
      - python-httpx/0.28.1
    method: GET
    uri: https://gizmok58.fhcrc.org:43607/api/workflows/v1/dc31df25-3294-4386-9ec6-f65803d98556/metadata?includeKey=status&includeKey=failures&includeKey=jobId
  response:
    body:
      string: '{"status":"Submitted","calls":{},"id":"dc31df25-3294-4386-9ec6-f65803d98556"}'
    headers:
      Connection:
      - keep-alive
      Content-Type:
      - application/json
      Date:
      - Sun, 18 May 2025 04:03:58 GMT
      Server:
      - nginx/1.25.3
      Transfer-Encoding:
      - chunked
      content-length:
      - '77'
    status:
      code: 200
      message: OK
- request:
    body: ''
    headers:
      accept:
      - '*/*'
      accept-encoding:
      - gzip, deflate
      connection:
      - keep-alive
      host:
      - gizmok58.fhcrc.org:43607
      user-agent:
      - python-httpx/0.28.1
    method: GET
    uri: https://gizmok58.fhcrc.org:43607/api/workflows/v1/dc31df25-3294-4386-9ec6-f65803d98556/metadata?includeKey=status&includeKey=failures&includeKey=jobId
  response:
    body:
      string: '{"status":"Submitted","calls":{},"id":"dc31df25-3294-4386-9ec6-f65803d98556"}'
    headers:
      Connection:
      - keep-alive
      Content-Type:
      - application/json
      Date:
      - Sun, 18 May 2025 04:04:03 GMT
      Server:
      - nginx/1.25.3
      Transfer-Encoding:
      - chunked
      content-length:
      - '77'
    status:
      code: 200
      message: OK
- request:
    body: ''
    headers:
      accept:
      - '*/*'
      accept-encoding:
      - gzip, deflate
      connection:
      - keep-alive
      host:
      - gizmok58.fhcrc.org:43607
      user-agent:
      - python-httpx/0.28.1
    method: GET
    uri: https://gizmok58.fhcrc.org:43607/api/workflows/v1/dc31df25-3294-4386-9ec6-f65803d98556/metadata?includeKey=status&includeKey=failures&includeKey=jobId
  response:
    body:
      string: '{"status":"Submitted","calls":{},"id":"dc31df25-3294-4386-9ec6-f65803d98556"}'
    headers:
      Connection:
      - keep-alive
      Content-Type:
      - application/json
      Date:
      - Sun, 18 May 2025 04:04:08 GMT
      Server:
      - nginx/1.25.3
      Transfer-Encoding:
      - chunked
      content-length:
      - '77'
    status:
      code: 200
      message: OK
- request:
    body: ''
    headers:
      accept:
      - '*/*'
      accept-encoding:
      - gzip, deflate
      connection:
      - keep-alive
      host:
      - gizmok58.fhcrc.org:43607
      user-agent:
      - python-httpx/0.28.1
    method: GET
    uri: https://gizmok58.fhcrc.org:43607/api/workflows/v1/dc31df25-3294-4386-9ec6-f65803d98556/metadata?includeKey=status&includeKey=failures&includeKey=jobId
  response:
    body:
      string: '{"status":"Submitted","calls":{},"id":"dc31df25-3294-4386-9ec6-f65803d98556"}'
    headers:
      Connection:
      - keep-alive
      Content-Type:
      - application/json
      Date:
      - Sun, 18 May 2025 04:04:13 GMT
      Server:
      - nginx/1.25.3
      Transfer-Encoding:
      - chunked
      content-length:
      - '77'
    status:
      code: 200
      message: OK
- request:
    body: ''
    headers:
      accept:
      - '*/*'
      accept-encoding:
      - gzip, deflate
      connection:
      - keep-alive
      host:
      - gizmok58.fhcrc.org:43607
      user-agent:
      - python-httpx/0.28.1
    method: GET
    uri: https://gizmok58.fhcrc.org:43607/api/workflows/v1/dc31df25-3294-4386-9ec6-f65803d98556/metadata?includeKey=status&includeKey=failures&includeKey=jobId
  response:
    body:
      string: '{"status":"Submitted","calls":{},"id":"dc31df25-3294-4386-9ec6-f65803d98556"}'
    headers:
      Connection:
      - keep-alive
      Content-Type:
      - application/json
      Date:
      - Sun, 18 May 2025 04:04:18 GMT
      Server:
      - nginx/1.25.3
      Transfer-Encoding:
      - chunked
      content-length:
      - '77'
    status:
      code: 200
      message: OK
- request:
    body: ''
    headers:
      accept:
      - '*/*'
      accept-encoding:
      - gzip, deflate
      connection:
      - keep-alive
      host:
      - gizmok58.fhcrc.org:43607
      user-agent:
      - python-httpx/0.28.1
    method: GET
    uri: https://gizmok58.fhcrc.org:43607/api/workflows/v1/dc31df25-3294-4386-9ec6-f65803d98556/metadata?includeKey=status&includeKey=failures&includeKey=jobId
  response:
    body:
      string: '{"status":"Submitted","calls":{},"id":"dc31df25-3294-4386-9ec6-f65803d98556"}'
    headers:
      Connection:
      - keep-alive
      Content-Type:
      - application/json
      Date:
      - Sun, 18 May 2025 04:04:23 GMT
      Server:
      - nginx/1.25.3
      Transfer-Encoding:
      - chunked
      content-length:
      - '77'
    status:
      code: 200
      message: OK
- request:
    body: ''
    headers:
      accept:
      - '*/*'
      accept-encoding:
      - gzip, deflate
      connection:
      - keep-alive
      host:
      - gizmok58.fhcrc.org:43607
      user-agent:
      - python-httpx/0.28.1
    method: GET
    uri: https://gizmok58.fhcrc.org:43607/api/workflows/v1/dc31df25-3294-4386-9ec6-f65803d98556/metadata?includeKey=status&includeKey=failures&includeKey=jobId
  response:
    body:
      string: '{"status":"Submitted","calls":{},"id":"dc31df25-3294-4386-9ec6-f65803d98556"}'
    headers:
      Connection:
      - keep-alive
      Content-Type:
      - application/json
      Date:
      - Sun, 18 May 2025 04:04:28 GMT
      Server:
      - nginx/1.25.3
      Transfer-Encoding:
      - chunked
      content-length:
      - '77'
    status:
      code: 200
      message: OK
- request:
    body: ''
    headers:
      accept:
      - '*/*'
      accept-encoding:
      - gzip, deflate
      connection:
      - keep-alive
      host:
      - gizmok58.fhcrc.org:43607
      user-agent:
      - python-httpx/0.28.1
    method: GET
    uri: https://gizmok58.fhcrc.org:43607/api/workflows/v1/dc31df25-3294-4386-9ec6-f65803d98556/metadata?includeKey=status&includeKey=failures&includeKey=jobId
  response:
    body:
      string: '{"status":"Submitted","calls":{},"id":"dc31df25-3294-4386-9ec6-f65803d98556"}'
    headers:
      Connection:
      - keep-alive
      Content-Type:
      - application/json
      Date:
      - Sun, 18 May 2025 04:04:34 GMT
      Server:
      - nginx/1.25.3
      Transfer-Encoding:
      - chunked
      content-length:
      - '77'
    status:
      code: 200
      message: OK
- request:
    body: ''
    headers:
      accept:
      - '*/*'
      accept-encoding:
      - gzip, deflate
      connection:
      - keep-alive
      host:
      - gizmok58.fhcrc.org:43607
      user-agent:
      - python-httpx/0.28.1
    method: GET
    uri: https://gizmok58.fhcrc.org:43607/api/workflows/v1/dc31df25-3294-4386-9ec6-f65803d98556/metadata?includeKey=status&includeKey=failures&includeKey=jobId
  response:
    body:
      string: '{"status":"Submitted","calls":{},"id":"dc31df25-3294-4386-9ec6-f65803d98556"}'
    headers:
      Connection:
      - keep-alive
      Content-Type:
      - application/json
      Date:
      - Sun, 18 May 2025 04:04:39 GMT
      Server:
      - nginx/1.25.3
      Transfer-Encoding:
      - chunked
      content-length:
      - '77'
    status:
      code: 200
      message: OK
- request:
    body: ''
    headers:
      accept:
      - '*/*'
      accept-encoding:
      - gzip, deflate
      connection:
      - keep-alive
      host:
      - gizmok58.fhcrc.org:43607
      user-agent:
      - python-httpx/0.28.1
    method: GET
    uri: https://gizmok58.fhcrc.org:43607/api/workflows/v1/dc31df25-3294-4386-9ec6-f65803d98556/metadata?includeKey=status&includeKey=failures&includeKey=jobId
  response:
    body:
      string: '{"status":"Submitted","calls":{},"id":"dc31df25-3294-4386-9ec6-f65803d98556"}'
    headers:
      Connection:
      - keep-alive
      Content-Type:
      - application/json
      Date:
      - Sun, 18 May 2025 04:04:44 GMT
      Server:
      - nginx/1.25.3
      Transfer-Encoding:
      - chunked
      content-length:
      - '77'
    status:
      code: 200
      message: OK
- request:
    body: ''
    headers:
      accept:
      - '*/*'
      accept-encoding:
      - gzip, deflate
      connection:
      - keep-alive
      host:
      - gizmok58.fhcrc.org:43607
      user-agent:
      - python-httpx/0.28.1
    method: GET
    uri: https://gizmok58.fhcrc.org:43607/api/workflows/v1/dc31df25-3294-4386-9ec6-f65803d98556/metadata?includeKey=status&includeKey=failures&includeKey=jobId
  response:
    body:
      string: '{"status":"Submitted","calls":{},"id":"dc31df25-3294-4386-9ec6-f65803d98556"}'
    headers:
      Connection:
      - keep-alive
      Content-Type:
      - application/json
      Date:
      - Sun, 18 May 2025 04:04:49 GMT
      Server:
      - nginx/1.25.3
      Transfer-Encoding:
      - chunked
      content-length:
      - '77'
    status:
      code: 200
      message: OK
- request:
    body: ''
    headers:
      accept:
      - '*/*'
      accept-encoding:
      - gzip, deflate
      connection:
      - keep-alive
      host:
      - gizmok58.fhcrc.org:43607
      user-agent:
      - python-httpx/0.28.1
    method: GET
    uri: https://gizmok58.fhcrc.org:43607/api/workflows/v1/dc31df25-3294-4386-9ec6-f65803d98556/metadata?includeKey=status&includeKey=failures&includeKey=jobId
  response:
    body:
      string: '{"status":"Submitted","calls":{},"id":"dc31df25-3294-4386-9ec6-f65803d98556"}'
    headers:
      Connection:
      - keep-alive
      Content-Type:
      - application/json
      Date:
      - Sun, 18 May 2025 04:04:54 GMT
      Server:
      - nginx/1.25.3
      Transfer-Encoding:
      - chunked
      content-length:
      - '77'
    status:
      code: 200
      message: OK
- request:
    body: ''
    headers:
      accept:
      - '*/*'
      accept-encoding:
      - gzip, deflate
      connection:
      - keep-alive
      host:
      - gizmok58.fhcrc.org:43607
      user-agent:
      - python-httpx/0.28.1
    method: GET
    uri: https://gizmok58.fhcrc.org:43607/api/workflows/v1/dc31df25-3294-4386-9ec6-f65803d98556/metadata?includeKey=status&includeKey=failures&includeKey=jobId
  response:
    body:
      string: '{"status":"Submitted","calls":{},"id":"dc31df25-3294-4386-9ec6-f65803d98556"}'
    headers:
      Connection:
      - keep-alive
      Content-Type:
      - application/json
      Date:
      - Sun, 18 May 2025 04:04:59 GMT
      Server:
      - nginx/1.25.3
      Transfer-Encoding:
      - chunked
      content-length:
      - '77'
    status:
      code: 200
      message: OK
- request:
    body: ''
    headers:
      accept:
      - '*/*'
      accept-encoding:
      - gzip, deflate
      connection:
      - keep-alive
      host:
      - gizmok58.fhcrc.org:43607
      user-agent:
      - python-httpx/0.28.1
    method: GET
    uri: https://gizmok58.fhcrc.org:43607/api/workflows/v1/dc31df25-3294-4386-9ec6-f65803d98556/metadata?includeKey=status&includeKey=failures&includeKey=jobId
  response:
    body:
      string: '{"status":"Submitted","calls":{},"id":"dc31df25-3294-4386-9ec6-f65803d98556"}'
    headers:
      Connection:
      - keep-alive
      Content-Type:
      - application/json
      Date:
      - Sun, 18 May 2025 04:05:04 GMT
      Server:
      - nginx/1.25.3
      Transfer-Encoding:
      - chunked
      content-length:
      - '77'
    status:
      code: 200
      message: OK
- request:
    body: ''
    headers:
      accept:
      - '*/*'
      accept-encoding:
      - gzip, deflate
      connection:
      - keep-alive
      host:
      - gizmok58.fhcrc.org:43607
      user-agent:
      - python-httpx/0.28.1
    method: GET
    uri: https://gizmok58.fhcrc.org:43607/api/workflows/v1/dc31df25-3294-4386-9ec6-f65803d98556/metadata?includeKey=status&includeKey=failures&includeKey=jobId
  response:
    body:
      string: '{"status":"Submitted","calls":{},"id":"dc31df25-3294-4386-9ec6-f65803d98556"}'
    headers:
      Connection:
      - keep-alive
      Content-Type:
      - application/json
      Date:
      - Sun, 18 May 2025 04:05:09 GMT
      Server:
      - nginx/1.25.3
      Transfer-Encoding:
      - chunked
      content-length:
      - '77'
    status:
      code: 200
      message: OK
- request:
    body: ''
    headers:
      accept:
      - '*/*'
      accept-encoding:
      - gzip, deflate
      connection:
      - keep-alive
      host:
      - gizmok58.fhcrc.org:43607
      user-agent:
      - python-httpx/0.28.1
    method: GET
    uri: https://gizmok58.fhcrc.org:43607/api/workflows/v1/dc31df25-3294-4386-9ec6-f65803d98556/metadata?includeKey=status&includeKey=failures&includeKey=jobId
  response:
    body:
      string: '{"status":"Submitted","calls":{},"id":"dc31df25-3294-4386-9ec6-f65803d98556"}'
    headers:
      Connection:
      - keep-alive
      Content-Type:
      - application/json
      Date:
      - Sun, 18 May 2025 04:05:14 GMT
      Server:
      - nginx/1.25.3
      Transfer-Encoding:
      - chunked
      content-length:
      - '77'
    status:
      code: 200
      message: OK
- request:
    body: ''
    headers:
      accept:
      - '*/*'
      accept-encoding:
      - gzip, deflate
      connection:
      - keep-alive
      host:
      - gizmok58.fhcrc.org:43607
      user-agent:
      - python-httpx/0.28.1
    method: GET
    uri: https://gizmok58.fhcrc.org:43607/api/workflows/v1/dc31df25-3294-4386-9ec6-f65803d98556/metadata?includeKey=status&includeKey=failures&includeKey=jobId
  response:
    body:
      string: '{"status":"Submitted","calls":{},"id":"dc31df25-3294-4386-9ec6-f65803d98556"}'
    headers:
      Connection:
      - keep-alive
      Content-Type:
      - application/json
      Date:
      - Sun, 18 May 2025 04:05:19 GMT
      Server:
      - nginx/1.25.3
      Transfer-Encoding:
      - chunked
      content-length:
      - '77'
    status:
      code: 200
      message: OK
- request:
    body: ''
    headers:
      accept:
      - '*/*'
      accept-encoding:
      - gzip, deflate
      connection:
      - keep-alive
      host:
      - gizmok58.fhcrc.org:43607
      user-agent:
      - python-httpx/0.28.1
    method: GET
    uri: https://gizmok58.fhcrc.org:43607/api/workflows/v1/dc31df25-3294-4386-9ec6-f65803d98556/metadata?includeKey=status&includeKey=failures&includeKey=jobId
  response:
    body:
      string: '{"status":"Submitted","calls":{},"id":"dc31df25-3294-4386-9ec6-f65803d98556"}'
    headers:
      Connection:
      - keep-alive
      Content-Type:
      - application/json
      Date:
      - Sun, 18 May 2025 04:05:24 GMT
      Server:
      - nginx/1.25.3
      Transfer-Encoding:
      - chunked
      content-length:
      - '77'
    status:
      code: 200
      message: OK
- request:
    body: ''
    headers:
      accept:
      - '*/*'
      accept-encoding:
      - gzip, deflate
      connection:
      - keep-alive
      host:
      - gizmok58.fhcrc.org:43607
      user-agent:
      - python-httpx/0.28.1
    method: GET
    uri: https://gizmok58.fhcrc.org:43607/api/workflows/v1/dc31df25-3294-4386-9ec6-f65803d98556/metadata?includeKey=status&includeKey=failures&includeKey=jobId
  response:
    body:
      string: '{"status":"Submitted","calls":{},"id":"dc31df25-3294-4386-9ec6-f65803d98556"}'
    headers:
      Connection:
      - keep-alive
      Content-Type:
      - application/json
      Date:
      - Sun, 18 May 2025 04:05:29 GMT
      Server:
      - nginx/1.25.3
      Transfer-Encoding:
      - chunked
      content-length:
      - '77'
    status:
      code: 200
      message: OK
- request:
    body: ''
    headers:
      accept:
      - '*/*'
      accept-encoding:
      - gzip, deflate
      connection:
      - keep-alive
      host:
      - gizmok58.fhcrc.org:43607
      user-agent:
      - python-httpx/0.28.1
    method: GET
    uri: https://gizmok58.fhcrc.org:43607/api/workflows/v1/dc31df25-3294-4386-9ec6-f65803d98556/metadata?includeKey=status&includeKey=failures&includeKey=jobId
  response:
    body:
      string: '{"status":"Running","calls":{},"id":"dc31df25-3294-4386-9ec6-f65803d98556"}'
    headers:
      Connection:
      - keep-alive
      Content-Type:
      - application/json
      Date:
      - Sun, 18 May 2025 04:05:34 GMT
      Server:
      - nginx/1.25.3
      Transfer-Encoding:
      - chunked
      content-length:
      - '75'
    status:
      code: 200
      message: OK
- request:
    body: ''
    headers:
      accept:
      - '*/*'
      accept-encoding:
      - gzip, deflate
      connection:
      - keep-alive
      host:
      - gizmok58.fhcrc.org:43607
      user-agent:
      - python-httpx/0.28.1
    method: GET
    uri: https://gizmok58.fhcrc.org:43607/api/workflows/v1/dc31df25-3294-4386-9ec6-f65803d98556/metadata?includeKey=status&includeKey=failures&includeKey=jobId
  response:
    body:
      string: '{"status":"Running","calls":{},"id":"dc31df25-3294-4386-9ec6-f65803d98556"}'
    headers:
      Connection:
      - keep-alive
      Content-Type:
      - application/json
      Date:
      - Sun, 18 May 2025 04:05:40 GMT
      Server:
      - nginx/1.25.3
      Transfer-Encoding:
      - chunked
      content-length:
      - '75'
    status:
      code: 200
      message: OK
- request:
    body: ''
    headers:
      accept:
      - '*/*'
      accept-encoding:
      - gzip, deflate
      connection:
      - keep-alive
      host:
      - gizmok58.fhcrc.org:43607
      user-agent:
      - python-httpx/0.28.1
    method: GET
    uri: https://gizmok58.fhcrc.org:43607/api/workflows/v1/dc31df25-3294-4386-9ec6-f65803d98556/metadata?includeKey=status&includeKey=failures&includeKey=jobId
  response:
    body:
      string: '{"status":"Running","calls":{"WildcardsandConditions.wildcard_and_conditions_test":[{"jobId":"21708899","attempt":1,"shardIndex":-1}]},"id":"dc31df25-3294-4386-9ec6-f65803d98556"}'
    headers:
      Connection:
      - keep-alive
      Content-Type:
      - application/json
      Date:
      - Sun, 18 May 2025 04:05:45 GMT
      Server:
      - nginx/1.25.3
      Transfer-Encoding:
      - chunked
      content-length:
      - '179'
    status:
      code: 200
      message: OK
- request:
    body: ''
    headers:
      accept:
      - '*/*'
      accept-encoding:
      - gzip, deflate
      connection:
      - keep-alive
      host:
      - gizmok58.fhcrc.org:43607
      user-agent:
      - python-httpx/0.28.1
    method: GET
    uri: https://gizmok58.fhcrc.org:43607/api/workflows/v1/dc31df25-3294-4386-9ec6-f65803d98556/metadata?includeKey=status&includeKey=failures&includeKey=jobId
  response:
    body:
      string: '{"status":"Running","calls":{"WildcardsandConditions.wildcard_and_conditions_test":[{"jobId":"21708899","attempt":1,"shardIndex":-1}]},"id":"dc31df25-3294-4386-9ec6-f65803d98556"}'
    headers:
      Connection:
      - keep-alive
      Content-Type:
      - application/json
      Date:
      - Sun, 18 May 2025 04:05:50 GMT
      Server:
      - nginx/1.25.3
      Transfer-Encoding:
      - chunked
      content-length:
      - '179'
    status:
      code: 200
      message: OK
- request:
    body: ''
    headers:
      accept:
      - '*/*'
      accept-encoding:
      - gzip, deflate
      connection:
      - keep-alive
      host:
      - gizmok58.fhcrc.org:43607
      user-agent:
      - python-httpx/0.28.1
    method: GET
    uri: https://gizmok58.fhcrc.org:43607/api/workflows/v1/dc31df25-3294-4386-9ec6-f65803d98556/metadata?includeKey=status&includeKey=failures&includeKey=jobId
  response:
    body:
      string: '{"status":"Running","calls":{"WildcardsandConditions.wildcard_and_conditions_test":[{"jobId":"21708899","attempt":1,"shardIndex":-1}]},"id":"dc31df25-3294-4386-9ec6-f65803d98556"}'
    headers:
      Connection:
      - keep-alive
      Content-Type:
      - application/json
      Date:
      - Sun, 18 May 2025 04:05:55 GMT
      Server:
      - nginx/1.25.3
      Transfer-Encoding:
      - chunked
      content-length:
      - '179'
    status:
      code: 200
      message: OK
- request:
    body: ''
    headers:
      accept:
      - '*/*'
      accept-encoding:
      - gzip, deflate
      connection:
      - keep-alive
      host:
      - gizmok58.fhcrc.org:43607
      user-agent:
      - python-httpx/0.28.1
    method: GET
    uri: https://gizmok58.fhcrc.org:43607/api/workflows/v1/dc31df25-3294-4386-9ec6-f65803d98556/metadata?includeKey=status&includeKey=failures&includeKey=jobId
  response:
    body:
      string: '{"status":"Running","calls":{"WildcardsandConditions.wildcard_and_conditions_test":[{"jobId":"21708899","attempt":1,"shardIndex":-1}]},"id":"dc31df25-3294-4386-9ec6-f65803d98556"}'
    headers:
      Connection:
      - keep-alive
      Content-Type:
      - application/json
      Date:
      - Sun, 18 May 2025 04:06:00 GMT
      Server:
      - nginx/1.25.3
      Transfer-Encoding:
      - chunked
      content-length:
      - '179'
    status:
      code: 200
      message: OK
- request:
    body: ''
    headers:
      accept:
      - '*/*'
      accept-encoding:
      - gzip, deflate
      connection:
      - keep-alive
      host:
      - gizmok58.fhcrc.org:43607
      user-agent:
      - python-httpx/0.28.1
    method: GET
    uri: https://gizmok58.fhcrc.org:43607/api/workflows/v1/dc31df25-3294-4386-9ec6-f65803d98556/metadata?includeKey=status&includeKey=failures&includeKey=jobId
  response:
    body:
      string: '{"status":"Running","calls":{"WildcardsandConditions.wildcard_and_conditions_test":[{"jobId":"21708899","attempt":1,"shardIndex":-1}]},"id":"dc31df25-3294-4386-9ec6-f65803d98556"}'
    headers:
      Connection:
      - keep-alive
      Content-Type:
      - application/json
      Date:
      - Sun, 18 May 2025 04:06:05 GMT
      Server:
      - nginx/1.25.3
      Transfer-Encoding:
      - chunked
      content-length:
      - '179'
    status:
      code: 200
      message: OK
- request:
    body: ''
    headers:
      accept:
      - '*/*'
      accept-encoding:
      - gzip, deflate
      connection:
      - keep-alive
      host:
      - gizmok58.fhcrc.org:43607
      user-agent:
      - python-httpx/0.28.1
    method: GET
    uri: https://gizmok58.fhcrc.org:43607/api/workflows/v1/dc31df25-3294-4386-9ec6-f65803d98556/metadata?includeKey=status&includeKey=failures&includeKey=jobId
  response:
    body:
      string: '{"status":"Running","calls":{"WildcardsandConditions.wildcard_and_conditions_test":[{"jobId":"21708899","attempt":1,"shardIndex":-1}]},"id":"dc31df25-3294-4386-9ec6-f65803d98556"}'
    headers:
      Connection:
      - keep-alive
      Content-Type:
      - application/json
      Date:
      - Sun, 18 May 2025 04:06:10 GMT
      Server:
      - nginx/1.25.3
      Transfer-Encoding:
      - chunked
      content-length:
      - '179'
    status:
      code: 200
      message: OK
- request:
    body: ''
    headers:
      accept:
      - '*/*'
      accept-encoding:
      - gzip, deflate
      connection:
      - keep-alive
      host:
      - gizmok58.fhcrc.org:43607
      user-agent:
      - python-httpx/0.28.1
    method: GET
    uri: https://gizmok58.fhcrc.org:43607/api/workflows/v1/dc31df25-3294-4386-9ec6-f65803d98556/metadata?includeKey=status&includeKey=failures&includeKey=jobId
  response:
    body:
      string: '{"status":"Running","calls":{"WildcardsandConditions.wildcard_and_conditions_test":[{"jobId":"21708899","attempt":1,"shardIndex":-1}]},"id":"dc31df25-3294-4386-9ec6-f65803d98556"}'
    headers:
      Connection:
      - keep-alive
      Content-Type:
      - application/json
      Date:
      - Sun, 18 May 2025 04:06:15 GMT
      Server:
      - nginx/1.25.3
      Transfer-Encoding:
      - chunked
      content-length:
      - '179'
    status:
      code: 200
      message: OK
- request:
    body: ''
    headers:
      accept:
      - '*/*'
      accept-encoding:
      - gzip, deflate
      connection:
      - keep-alive
      host:
      - gizmok58.fhcrc.org:43607
      user-agent:
      - python-httpx/0.28.1
    method: GET
    uri: https://gizmok58.fhcrc.org:43607/api/workflows/v1/dc31df25-3294-4386-9ec6-f65803d98556/metadata?includeKey=status&includeKey=failures&includeKey=jobId
  response:
    body:
      string: '{"status":"Running","calls":{"WildcardsandConditions.wildcard_and_conditions_test":[{"jobId":"21708899","attempt":1,"shardIndex":-1}]},"id":"dc31df25-3294-4386-9ec6-f65803d98556"}'
    headers:
      Connection:
      - keep-alive
      Content-Type:
      - application/json
      Date:
      - Sun, 18 May 2025 04:06:20 GMT
      Server:
      - nginx/1.25.3
      Transfer-Encoding:
      - chunked
      content-length:
      - '179'
    status:
      code: 200
      message: OK
- request:
    body: ''
    headers:
      accept:
      - '*/*'
      accept-encoding:
      - gzip, deflate
      connection:
      - keep-alive
      host:
      - gizmok58.fhcrc.org:43607
      user-agent:
      - python-httpx/0.28.1
    method: GET
    uri: https://gizmok58.fhcrc.org:43607/api/workflows/v1/dc31df25-3294-4386-9ec6-f65803d98556/metadata?includeKey=status&includeKey=failures&includeKey=jobId
  response:
    body:
      string: '{"status":"Succeeded","calls":{"WildcardsandConditions.wildcard_and_conditions_test":[{"jobId":"21708899","attempt":1,"shardIndex":-1}]},"id":"dc31df25-3294-4386-9ec6-f65803d98556"}'
    headers:
      Connection:
      - keep-alive
      Content-Type:
      - application/json
      Date:
      - Sun, 18 May 2025 04:06:25 GMT
      Server:
      - nginx/1.25.3
      Transfer-Encoding:
      - chunked
      content-length:
      - '181'
    status:
      code: 200
      message: OK
version: 1
