interactions:
- request:
    body: "--bfda96a80580ee9c41d61ff5505ce611\r\nContent-Disposition: form-data; name=\"workflowSource\";
      filename=\"testFileoperations.wdl\"\r\nContent-Type: application/octet-stream\r\n\r\nversion
      1.0\n\nworkflow testFileoperations {\n    call file_operations\n\n    output
      {\n        File created_file1 = file_operations.created_file1\n        File
      moved_file = file_operations.moved_file\n        File renamed_file = file_operations.renamed_file\n
      \   }\n}\n\ntask file_operations {\n    command <<<\n        # Create three
      different files\n        echo \"This is the first created file.\" > file1.txt\n
      \       echo \"This is the second file that will be moved.\" > file2.txt\n        echo
      \"This is the third file that will be renamed.\" > file3.txt\n        \n        #
      Move the second file to a new directory\n        mkdir -p output_dir\n        mv
      file2.txt output_dir/\n        \n        # Rename the third file\n        mv
      file3.txt file3_renamed.txt\n    >>>\n\n    output {\n        # Output the actual
      existing files\n        File created_file1 = \"file1.txt\"                  #
      The first file remains unchanged\n        File moved_file = \"output_dir/file2.txt\"
      \         # The second file after being moved\n        File renamed_file = \"file3_renamed.txt\"
      \          # The third file after being renamed\n    }\n\n    runtime {\n        docker:
      \"ubuntu:20.04\"\n    }\n}\n\r\n--bfda96a80580ee9c41d61ff5505ce611\r\nContent-Disposition:
      form-data; name=\"workflowOptions\"; filename=\"options.json\"\r\nContent-Type:
      application/json\r\n\r\n{\n    \"workflow_failure_mode\": \"ContinueWhilePossible\",\n
      \   \"write_to_cache\": false,\n    \"read_from_cache\": false\n}\n\r\n--bfda96a80580ee9c41d61ff5505ce611--\r\n"
    headers:
      Accept:
      - '*/*'
      Accept-Encoding:
      - gzip, deflate
      Connection:
      - keep-alive
      Content-Length:
      - '1624'
      Content-Type:
      - multipart/form-data; boundary=bfda96a80580ee9c41d61ff5505ce611
      Host:
      - gizmok23.fhcrc.org:46091
      User-Agent:
      - python-httpx/0.28.1
    method: POST
    uri: https://gizmok23.fhcrc.org:46091/api/workflows/v1
  response:
    body:
      string: '{"id":"ff00df0a-3bc3-4192-8ba2-34368d8cf2b1","status":"Submitted"}'
    headers:
      Connection:
      - keep-alive
      Content-Length:
      - '66'
      Content-Type:
      - application/json
      Date:
      - Thu, 12 Feb 2026 18:42:30 GMT
      Server:
      - nginx/1.25.3
    status:
      code: 201
      message: Created
- request:
    body: ''
    headers:
      Accept:
      - '*/*'
      Accept-Encoding:
      - gzip, deflate
      Connection:
      - keep-alive
      Host:
      - gizmok23.fhcrc.org:46091
      User-Agent:
      - python-httpx/0.28.1
    method: GET
    uri: https://gizmok23.fhcrc.org:46091/api/workflows/v1/ff00df0a-3bc3-4192-8ba2-34368d8cf2b1/metadata?includeKey=status&includeKey=failures&includeKey=jobId
  response:
    body:
      string: '{"status":"Submitted","calls":{},"id":"ff00df0a-3bc3-4192-8ba2-34368d8cf2b1"}'
    headers:
      Connection:
      - keep-alive
      Content-Type:
      - application/json
      Date:
      - Thu, 12 Feb 2026 18:42:35 GMT
      Server:
      - nginx/1.25.3
      Transfer-Encoding:
      - chunked
      content-length:
      - '77'
    status:
      code: 200
      message: OK
- request:
    body: ''
    headers:
      Accept:
      - '*/*'
      Accept-Encoding:
      - gzip, deflate
      Connection:
      - keep-alive
      Host:
      - gizmok23.fhcrc.org:46091
      User-Agent:
      - python-httpx/0.28.1
    method: GET
    uri: https://gizmok23.fhcrc.org:46091/api/workflows/v1/ff00df0a-3bc3-4192-8ba2-34368d8cf2b1/metadata?includeKey=status&includeKey=failures&includeKey=jobId
  response:
    body:
      string: '{"status":"Submitted","calls":{},"id":"ff00df0a-3bc3-4192-8ba2-34368d8cf2b1"}'
    headers:
      Connection:
      - keep-alive
      Content-Type:
      - application/json
      Date:
      - Thu, 12 Feb 2026 18:42:40 GMT
      Server:
      - nginx/1.25.3
      Transfer-Encoding:
      - chunked
      content-length:
      - '77'
    status:
      code: 200
      message: OK
- request:
    body: ''
    headers:
      Accept:
      - '*/*'
      Accept-Encoding:
      - gzip, deflate
      Connection:
      - keep-alive
      Host:
      - gizmok23.fhcrc.org:46091
      User-Agent:
      - python-httpx/0.28.1
    method: GET
    uri: https://gizmok23.fhcrc.org:46091/api/workflows/v1/ff00df0a-3bc3-4192-8ba2-34368d8cf2b1/metadata?includeKey=status&includeKey=failures&includeKey=jobId
  response:
    body:
      string: '{"status":"Submitted","calls":{},"id":"ff00df0a-3bc3-4192-8ba2-34368d8cf2b1"}'
    headers:
      Connection:
      - keep-alive
      Content-Type:
      - application/json
      Date:
      - Thu, 12 Feb 2026 18:42:45 GMT
      Server:
      - nginx/1.25.3
      Transfer-Encoding:
      - chunked
      content-length:
      - '77'
    status:
      code: 200
      message: OK
- request:
    body: ''
    headers:
      Accept:
      - '*/*'
      Accept-Encoding:
      - gzip, deflate
      Connection:
      - keep-alive
      Host:
      - gizmok23.fhcrc.org:46091
      User-Agent:
      - python-httpx/0.28.1
    method: GET
    uri: https://gizmok23.fhcrc.org:46091/api/workflows/v1/ff00df0a-3bc3-4192-8ba2-34368d8cf2b1/metadata?includeKey=status&includeKey=failures&includeKey=jobId
  response:
    body:
      string: '{"status":"Submitted","calls":{},"id":"ff00df0a-3bc3-4192-8ba2-34368d8cf2b1"}'
    headers:
      Connection:
      - keep-alive
      Content-Type:
      - application/json
      Date:
      - Thu, 12 Feb 2026 18:42:50 GMT
      Server:
      - nginx/1.25.3
      Transfer-Encoding:
      - chunked
      content-length:
      - '77'
    status:
      code: 200
      message: OK
- request:
    body: ''
    headers:
      Accept:
      - '*/*'
      Accept-Encoding:
      - gzip, deflate
      Connection:
      - keep-alive
      Host:
      - gizmok23.fhcrc.org:46091
      User-Agent:
      - python-httpx/0.28.1
    method: GET
    uri: https://gizmok23.fhcrc.org:46091/api/workflows/v1/ff00df0a-3bc3-4192-8ba2-34368d8cf2b1/metadata?includeKey=status&includeKey=failures&includeKey=jobId
  response:
    body:
      string: '{"status":"Submitted","calls":{},"id":"ff00df0a-3bc3-4192-8ba2-34368d8cf2b1"}'
    headers:
      Connection:
      - keep-alive
      Content-Type:
      - application/json
      Date:
      - Thu, 12 Feb 2026 18:42:55 GMT
      Server:
      - nginx/1.25.3
      Transfer-Encoding:
      - chunked
      content-length:
      - '77'
    status:
      code: 200
      message: OK
- request:
    body: ''
    headers:
      Accept:
      - '*/*'
      Accept-Encoding:
      - gzip, deflate
      Connection:
      - keep-alive
      Host:
      - gizmok23.fhcrc.org:46091
      User-Agent:
      - python-httpx/0.28.1
    method: GET
    uri: https://gizmok23.fhcrc.org:46091/api/workflows/v1/ff00df0a-3bc3-4192-8ba2-34368d8cf2b1/metadata?includeKey=status&includeKey=failures&includeKey=jobId
  response:
    body:
      string: '{"status":"Submitted","calls":{},"id":"ff00df0a-3bc3-4192-8ba2-34368d8cf2b1"}'
    headers:
      Connection:
      - keep-alive
      Content-Type:
      - application/json
      Date:
      - Thu, 12 Feb 2026 18:43:00 GMT
      Server:
      - nginx/1.25.3
      Transfer-Encoding:
      - chunked
      content-length:
      - '77'
    status:
      code: 200
      message: OK
- request:
    body: ''
    headers:
      Accept:
      - '*/*'
      Accept-Encoding:
      - gzip, deflate
      Connection:
      - keep-alive
      Host:
      - gizmok23.fhcrc.org:46091
      User-Agent:
      - python-httpx/0.28.1
    method: GET
    uri: https://gizmok23.fhcrc.org:46091/api/workflows/v1/ff00df0a-3bc3-4192-8ba2-34368d8cf2b1/metadata?includeKey=status&includeKey=failures&includeKey=jobId
  response:
    body:
      string: '{"status":"Submitted","calls":{},"id":"ff00df0a-3bc3-4192-8ba2-34368d8cf2b1"}'
    headers:
      Connection:
      - keep-alive
      Content-Type:
      - application/json
      Date:
      - Thu, 12 Feb 2026 18:43:05 GMT
      Server:
      - nginx/1.25.3
      Transfer-Encoding:
      - chunked
      content-length:
      - '77'
    status:
      code: 200
      message: OK
- request:
    body: ''
    headers:
      Accept:
      - '*/*'
      Accept-Encoding:
      - gzip, deflate
      Connection:
      - keep-alive
      Host:
      - gizmok23.fhcrc.org:46091
      User-Agent:
      - python-httpx/0.28.1
    method: GET
    uri: https://gizmok23.fhcrc.org:46091/api/workflows/v1/ff00df0a-3bc3-4192-8ba2-34368d8cf2b1/metadata?includeKey=status&includeKey=failures&includeKey=jobId
  response:
    body:
      string: '{"status":"Submitted","calls":{},"id":"ff00df0a-3bc3-4192-8ba2-34368d8cf2b1"}'
    headers:
      Connection:
      - keep-alive
      Content-Type:
      - application/json
      Date:
      - Thu, 12 Feb 2026 18:43:10 GMT
      Server:
      - nginx/1.25.3
      Transfer-Encoding:
      - chunked
      content-length:
      - '77'
    status:
      code: 200
      message: OK
- request:
    body: ''
    headers:
      Accept:
      - '*/*'
      Accept-Encoding:
      - gzip, deflate
      Connection:
      - keep-alive
      Host:
      - gizmok23.fhcrc.org:46091
      User-Agent:
      - python-httpx/0.28.1
    method: GET
    uri: https://gizmok23.fhcrc.org:46091/api/workflows/v1/ff00df0a-3bc3-4192-8ba2-34368d8cf2b1/metadata?includeKey=status&includeKey=failures&includeKey=jobId
  response:
    body:
      string: '{"status":"Submitted","calls":{},"id":"ff00df0a-3bc3-4192-8ba2-34368d8cf2b1"}'
    headers:
      Connection:
      - keep-alive
      Content-Type:
      - application/json
      Date:
      - Thu, 12 Feb 2026 18:43:15 GMT
      Server:
      - nginx/1.25.3
      Transfer-Encoding:
      - chunked
      content-length:
      - '77'
    status:
      code: 200
      message: OK
- request:
    body: ''
    headers:
      Accept:
      - '*/*'
      Accept-Encoding:
      - gzip, deflate
      Connection:
      - keep-alive
      Host:
      - gizmok23.fhcrc.org:46091
      User-Agent:
      - python-httpx/0.28.1
    method: GET
    uri: https://gizmok23.fhcrc.org:46091/api/workflows/v1/ff00df0a-3bc3-4192-8ba2-34368d8cf2b1/metadata?includeKey=status&includeKey=failures&includeKey=jobId
  response:
    body:
      string: '{"status":"Submitted","calls":{},"id":"ff00df0a-3bc3-4192-8ba2-34368d8cf2b1"}'
    headers:
      Connection:
      - keep-alive
      Content-Type:
      - application/json
      Date:
      - Thu, 12 Feb 2026 18:43:20 GMT
      Server:
      - nginx/1.25.3
      Transfer-Encoding:
      - chunked
      content-length:
      - '77'
    status:
      code: 200
      message: OK
- request:
    body: ''
    headers:
      Accept:
      - '*/*'
      Accept-Encoding:
      - gzip, deflate
      Connection:
      - keep-alive
      Host:
      - gizmok23.fhcrc.org:46091
      User-Agent:
      - python-httpx/0.28.1
    method: GET
    uri: https://gizmok23.fhcrc.org:46091/api/workflows/v1/ff00df0a-3bc3-4192-8ba2-34368d8cf2b1/metadata?includeKey=status&includeKey=failures&includeKey=jobId
  response:
    body:
      string: '{"status":"Submitted","calls":{},"id":"ff00df0a-3bc3-4192-8ba2-34368d8cf2b1"}'
    headers:
      Connection:
      - keep-alive
      Content-Type:
      - application/json
      Date:
      - Thu, 12 Feb 2026 18:43:25 GMT
      Server:
      - nginx/1.25.3
      Transfer-Encoding:
      - chunked
      content-length:
      - '77'
    status:
      code: 200
      message: OK
- request:
    body: ''
    headers:
      Accept:
      - '*/*'
      Accept-Encoding:
      - gzip, deflate
      Connection:
      - keep-alive
      Host:
      - gizmok23.fhcrc.org:46091
      User-Agent:
      - python-httpx/0.28.1
    method: GET
    uri: https://gizmok23.fhcrc.org:46091/api/workflows/v1/ff00df0a-3bc3-4192-8ba2-34368d8cf2b1/metadata?includeKey=status&includeKey=failures&includeKey=jobId
  response:
    body:
      string: '{"status":"Submitted","calls":{},"id":"ff00df0a-3bc3-4192-8ba2-34368d8cf2b1"}'
    headers:
      Connection:
      - keep-alive
      Content-Type:
      - application/json
      Date:
      - Thu, 12 Feb 2026 18:43:30 GMT
      Server:
      - nginx/1.25.3
      Transfer-Encoding:
      - chunked
      content-length:
      - '77'
    status:
      code: 200
      message: OK
- request:
    body: ''
    headers:
      Accept:
      - '*/*'
      Accept-Encoding:
      - gzip, deflate
      Connection:
      - keep-alive
      Host:
      - gizmok23.fhcrc.org:46091
      User-Agent:
      - python-httpx/0.28.1
    method: GET
    uri: https://gizmok23.fhcrc.org:46091/api/workflows/v1/ff00df0a-3bc3-4192-8ba2-34368d8cf2b1/metadata?includeKey=status&includeKey=failures&includeKey=jobId
  response:
    body:
      string: '{"status":"Submitted","calls":{},"id":"ff00df0a-3bc3-4192-8ba2-34368d8cf2b1"}'
    headers:
      Connection:
      - keep-alive
      Content-Type:
      - application/json
      Date:
      - Thu, 12 Feb 2026 18:43:36 GMT
      Server:
      - nginx/1.25.3
      Transfer-Encoding:
      - chunked
      content-length:
      - '77'
    status:
      code: 200
      message: OK
- request:
    body: ''
    headers:
      Accept:
      - '*/*'
      Accept-Encoding:
      - gzip, deflate
      Connection:
      - keep-alive
      Host:
      - gizmok23.fhcrc.org:46091
      User-Agent:
      - python-httpx/0.28.1
    method: GET
    uri: https://gizmok23.fhcrc.org:46091/api/workflows/v1/ff00df0a-3bc3-4192-8ba2-34368d8cf2b1/metadata?includeKey=status&includeKey=failures&includeKey=jobId
  response:
    body:
      string: '{"status":"Submitted","calls":{},"id":"ff00df0a-3bc3-4192-8ba2-34368d8cf2b1"}'
    headers:
      Connection:
      - keep-alive
      Content-Type:
      - application/json
      Date:
      - Thu, 12 Feb 2026 18:43:41 GMT
      Server:
      - nginx/1.25.3
      Transfer-Encoding:
      - chunked
      content-length:
      - '77'
    status:
      code: 200
      message: OK
- request:
    body: ''
    headers:
      Accept:
      - '*/*'
      Accept-Encoding:
      - gzip, deflate
      Connection:
      - keep-alive
      Host:
      - gizmok23.fhcrc.org:46091
      User-Agent:
      - python-httpx/0.28.1
    method: GET
    uri: https://gizmok23.fhcrc.org:46091/api/workflows/v1/ff00df0a-3bc3-4192-8ba2-34368d8cf2b1/metadata?includeKey=status&includeKey=failures&includeKey=jobId
  response:
    body:
      string: '{"status":"Submitted","calls":{},"id":"ff00df0a-3bc3-4192-8ba2-34368d8cf2b1"}'
    headers:
      Connection:
      - keep-alive
      Content-Type:
      - application/json
      Date:
      - Thu, 12 Feb 2026 18:43:46 GMT
      Server:
      - nginx/1.25.3
      Transfer-Encoding:
      - chunked
      content-length:
      - '77'
    status:
      code: 200
      message: OK
- request:
    body: ''
    headers:
      Accept:
      - '*/*'
      Accept-Encoding:
      - gzip, deflate
      Connection:
      - keep-alive
      Host:
      - gizmok23.fhcrc.org:46091
      User-Agent:
      - python-httpx/0.28.1
    method: GET
    uri: https://gizmok23.fhcrc.org:46091/api/workflows/v1/ff00df0a-3bc3-4192-8ba2-34368d8cf2b1/metadata?includeKey=status&includeKey=failures&includeKey=jobId
  response:
    body:
      string: '{"status":"Submitted","calls":{},"id":"ff00df0a-3bc3-4192-8ba2-34368d8cf2b1"}'
    headers:
      Connection:
      - keep-alive
      Content-Type:
      - application/json
      Date:
      - Thu, 12 Feb 2026 18:43:51 GMT
      Server:
      - nginx/1.25.3
      Transfer-Encoding:
      - chunked
      content-length:
      - '77'
    status:
      code: 200
      message: OK
- request:
    body: ''
    headers:
      Accept:
      - '*/*'
      Accept-Encoding:
      - gzip, deflate
      Connection:
      - keep-alive
      Host:
      - gizmok23.fhcrc.org:46091
      User-Agent:
      - python-httpx/0.28.1
    method: GET
    uri: https://gizmok23.fhcrc.org:46091/api/workflows/v1/ff00df0a-3bc3-4192-8ba2-34368d8cf2b1/metadata?includeKey=status&includeKey=failures&includeKey=jobId
  response:
    body:
      string: '{"status":"Submitted","calls":{},"id":"ff00df0a-3bc3-4192-8ba2-34368d8cf2b1"}'
    headers:
      Connection:
      - keep-alive
      Content-Type:
      - application/json
      Date:
      - Thu, 12 Feb 2026 18:43:56 GMT
      Server:
      - nginx/1.25.3
      Transfer-Encoding:
      - chunked
      content-length:
      - '77'
    status:
      code: 200
      message: OK
- request:
    body: ''
    headers:
      Accept:
      - '*/*'
      Accept-Encoding:
      - gzip, deflate
      Connection:
      - keep-alive
      Host:
      - gizmok23.fhcrc.org:46091
      User-Agent:
      - python-httpx/0.28.1
    method: GET
    uri: https://gizmok23.fhcrc.org:46091/api/workflows/v1/ff00df0a-3bc3-4192-8ba2-34368d8cf2b1/metadata?includeKey=status&includeKey=failures&includeKey=jobId
  response:
    body:
      string: '{"status":"Submitted","calls":{},"id":"ff00df0a-3bc3-4192-8ba2-34368d8cf2b1"}'
    headers:
      Connection:
      - keep-alive
      Content-Type:
      - application/json
      Date:
      - Thu, 12 Feb 2026 18:44:01 GMT
      Server:
      - nginx/1.25.3
      Transfer-Encoding:
      - chunked
      content-length:
      - '77'
    status:
      code: 200
      message: OK
- request:
    body: ''
    headers:
      Accept:
      - '*/*'
      Accept-Encoding:
      - gzip, deflate
      Connection:
      - keep-alive
      Host:
      - gizmok23.fhcrc.org:46091
      User-Agent:
      - python-httpx/0.28.1
    method: GET
    uri: https://gizmok23.fhcrc.org:46091/api/workflows/v1/ff00df0a-3bc3-4192-8ba2-34368d8cf2b1/metadata?includeKey=status&includeKey=failures&includeKey=jobId
  response:
    body:
      string: '{"status":"Submitted","calls":{},"id":"ff00df0a-3bc3-4192-8ba2-34368d8cf2b1"}'
    headers:
      Connection:
      - keep-alive
      Content-Type:
      - application/json
      Date:
      - Thu, 12 Feb 2026 18:44:06 GMT
      Server:
      - nginx/1.25.3
      Transfer-Encoding:
      - chunked
      content-length:
      - '77'
    status:
      code: 200
      message: OK
- request:
    body: ''
    headers:
      Accept:
      - '*/*'
      Accept-Encoding:
      - gzip, deflate
      Connection:
      - keep-alive
      Host:
      - gizmok23.fhcrc.org:46091
      User-Agent:
      - python-httpx/0.28.1
    method: GET
    uri: https://gizmok23.fhcrc.org:46091/api/workflows/v1/ff00df0a-3bc3-4192-8ba2-34368d8cf2b1/metadata?includeKey=status&includeKey=failures&includeKey=jobId
  response:
    body:
      string: '{"status":"Submitted","calls":{},"id":"ff00df0a-3bc3-4192-8ba2-34368d8cf2b1"}'
    headers:
      Connection:
      - keep-alive
      Content-Type:
      - application/json
      Date:
      - Thu, 12 Feb 2026 18:44:11 GMT
      Server:
      - nginx/1.25.3
      Transfer-Encoding:
      - chunked
      content-length:
      - '77'
    status:
      code: 200
      message: OK
- request:
    body: ''
    headers:
      Accept:
      - '*/*'
      Accept-Encoding:
      - gzip, deflate
      Connection:
      - keep-alive
      Host:
      - gizmok23.fhcrc.org:46091
      User-Agent:
      - python-httpx/0.28.1
    method: GET
    uri: https://gizmok23.fhcrc.org:46091/api/workflows/v1/ff00df0a-3bc3-4192-8ba2-34368d8cf2b1/metadata?includeKey=status&includeKey=failures&includeKey=jobId
  response:
    body:
      string: '{"status":"Submitted","calls":{},"id":"ff00df0a-3bc3-4192-8ba2-34368d8cf2b1"}'
    headers:
      Connection:
      - keep-alive
      Content-Type:
      - application/json
      Date:
      - Thu, 12 Feb 2026 18:44:16 GMT
      Server:
      - nginx/1.25.3
      Transfer-Encoding:
      - chunked
      content-length:
      - '77'
    status:
      code: 200
      message: OK
- request:
    body: ''
    headers:
      Accept:
      - '*/*'
      Accept-Encoding:
      - gzip, deflate
      Connection:
      - keep-alive
      Host:
      - gizmok23.fhcrc.org:46091
      User-Agent:
      - python-httpx/0.28.1
    method: GET
    uri: https://gizmok23.fhcrc.org:46091/api/workflows/v1/ff00df0a-3bc3-4192-8ba2-34368d8cf2b1/metadata?includeKey=status&includeKey=failures&includeKey=jobId
  response:
    body:
      string: '{"status":"Submitted","calls":{},"id":"ff00df0a-3bc3-4192-8ba2-34368d8cf2b1"}'
    headers:
      Connection:
      - keep-alive
      Content-Type:
      - application/json
      Date:
      - Thu, 12 Feb 2026 18:44:21 GMT
      Server:
      - nginx/1.25.3
      Transfer-Encoding:
      - chunked
      content-length:
      - '77'
    status:
      code: 200
      message: OK
- request:
    body: ''
    headers:
      Accept:
      - '*/*'
      Accept-Encoding:
      - gzip, deflate
      Connection:
      - keep-alive
      Host:
      - gizmok23.fhcrc.org:46091
      User-Agent:
      - python-httpx/0.28.1
    method: GET
    uri: https://gizmok23.fhcrc.org:46091/api/workflows/v1/ff00df0a-3bc3-4192-8ba2-34368d8cf2b1/metadata?includeKey=status&includeKey=failures&includeKey=jobId
  response:
    body:
      string: '{"status":"Submitted","calls":{},"id":"ff00df0a-3bc3-4192-8ba2-34368d8cf2b1"}'
    headers:
      Connection:
      - keep-alive
      Content-Type:
      - application/json
      Date:
      - Thu, 12 Feb 2026 18:44:26 GMT
      Server:
      - nginx/1.25.3
      Transfer-Encoding:
      - chunked
      content-length:
      - '77'
    status:
      code: 200
      message: OK
- request:
    body: ''
    headers:
      Accept:
      - '*/*'
      Accept-Encoding:
      - gzip, deflate
      Connection:
      - keep-alive
      Host:
      - gizmok23.fhcrc.org:46091
      User-Agent:
      - python-httpx/0.28.1
    method: GET
    uri: https://gizmok23.fhcrc.org:46091/api/workflows/v1/ff00df0a-3bc3-4192-8ba2-34368d8cf2b1/metadata?includeKey=status&includeKey=failures&includeKey=jobId
  response:
    body:
      string: '{"status":"Submitted","calls":{},"id":"ff00df0a-3bc3-4192-8ba2-34368d8cf2b1"}'
    headers:
      Connection:
      - keep-alive
      Content-Type:
      - application/json
      Date:
      - Thu, 12 Feb 2026 18:44:31 GMT
      Server:
      - nginx/1.25.3
      Transfer-Encoding:
      - chunked
      content-length:
      - '77'
    status:
      code: 200
      message: OK
- request:
    body: ''
    headers:
      Accept:
      - '*/*'
      Accept-Encoding:
      - gzip, deflate
      Connection:
      - keep-alive
      Host:
      - gizmok23.fhcrc.org:46091
      User-Agent:
      - python-httpx/0.28.1
    method: GET
    uri: https://gizmok23.fhcrc.org:46091/api/workflows/v1/ff00df0a-3bc3-4192-8ba2-34368d8cf2b1/metadata?includeKey=status&includeKey=failures&includeKey=jobId
  response:
    body:
      string: '{"status":"Submitted","calls":{},"id":"ff00df0a-3bc3-4192-8ba2-34368d8cf2b1"}'
    headers:
      Connection:
      - keep-alive
      Content-Type:
      - application/json
      Date:
      - Thu, 12 Feb 2026 18:44:36 GMT
      Server:
      - nginx/1.25.3
      Transfer-Encoding:
      - chunked
      content-length:
      - '77'
    status:
      code: 200
      message: OK
- request:
    body: ''
    headers:
      Accept:
      - '*/*'
      Accept-Encoding:
      - gzip, deflate
      Connection:
      - keep-alive
      Host:
      - gizmok23.fhcrc.org:46091
      User-Agent:
      - python-httpx/0.28.1
    method: GET
    uri: https://gizmok23.fhcrc.org:46091/api/workflows/v1/ff00df0a-3bc3-4192-8ba2-34368d8cf2b1/metadata?includeKey=status&includeKey=failures&includeKey=jobId
  response:
    body:
      string: '{"status":"Submitted","calls":{},"id":"ff00df0a-3bc3-4192-8ba2-34368d8cf2b1"}'
    headers:
      Connection:
      - keep-alive
      Content-Type:
      - application/json
      Date:
      - Thu, 12 Feb 2026 18:44:41 GMT
      Server:
      - nginx/1.25.3
      Transfer-Encoding:
      - chunked
      content-length:
      - '77'
    status:
      code: 200
      message: OK
- request:
    body: ''
    headers:
      Accept:
      - '*/*'
      Accept-Encoding:
      - gzip, deflate
      Connection:
      - keep-alive
      Host:
      - gizmok23.fhcrc.org:46091
      User-Agent:
      - python-httpx/0.28.1
    method: GET
    uri: https://gizmok23.fhcrc.org:46091/api/workflows/v1/ff00df0a-3bc3-4192-8ba2-34368d8cf2b1/metadata?includeKey=status&includeKey=failures&includeKey=jobId
  response:
    body:
      string: '{"status":"Submitted","calls":{},"id":"ff00df0a-3bc3-4192-8ba2-34368d8cf2b1"}'
    headers:
      Connection:
      - keep-alive
      Content-Type:
      - application/json
      Date:
      - Thu, 12 Feb 2026 18:44:46 GMT
      Server:
      - nginx/1.25.3
      Transfer-Encoding:
      - chunked
      content-length:
      - '77'
    status:
      code: 200
      message: OK
- request:
    body: ''
    headers:
      Accept:
      - '*/*'
      Accept-Encoding:
      - gzip, deflate
      Connection:
      - keep-alive
      Host:
      - gizmok23.fhcrc.org:46091
      User-Agent:
      - python-httpx/0.28.1
    method: GET
    uri: https://gizmok23.fhcrc.org:46091/api/workflows/v1/ff00df0a-3bc3-4192-8ba2-34368d8cf2b1/metadata?includeKey=status&includeKey=failures&includeKey=jobId
  response:
    body:
      string: '{"status":"Submitted","calls":{},"id":"ff00df0a-3bc3-4192-8ba2-34368d8cf2b1"}'
    headers:
      Connection:
      - keep-alive
      Content-Type:
      - application/json
      Date:
      - Thu, 12 Feb 2026 18:44:51 GMT
      Server:
      - nginx/1.25.3
      Transfer-Encoding:
      - chunked
      content-length:
      - '77'
    status:
      code: 200
      message: OK
- request:
    body: ''
    headers:
      Accept:
      - '*/*'
      Accept-Encoding:
      - gzip, deflate
      Connection:
      - keep-alive
      Host:
      - gizmok23.fhcrc.org:46091
      User-Agent:
      - python-httpx/0.28.1
    method: GET
    uri: https://gizmok23.fhcrc.org:46091/api/workflows/v1/ff00df0a-3bc3-4192-8ba2-34368d8cf2b1/metadata?includeKey=status&includeKey=failures&includeKey=jobId
  response:
    body:
      string: '{"status":"Submitted","calls":{},"id":"ff00df0a-3bc3-4192-8ba2-34368d8cf2b1"}'
    headers:
      Connection:
      - keep-alive
      Content-Type:
      - application/json
      Date:
      - Thu, 12 Feb 2026 18:44:56 GMT
      Server:
      - nginx/1.25.3
      Transfer-Encoding:
      - chunked
      content-length:
      - '77'
    status:
      code: 200
      message: OK
- request:
    body: ''
    headers:
      Accept:
      - '*/*'
      Accept-Encoding:
      - gzip, deflate
      Connection:
      - keep-alive
      Host:
      - gizmok23.fhcrc.org:46091
      User-Agent:
      - python-httpx/0.28.1
    method: GET
    uri: https://gizmok23.fhcrc.org:46091/api/workflows/v1/ff00df0a-3bc3-4192-8ba2-34368d8cf2b1/metadata?includeKey=status&includeKey=failures&includeKey=jobId
  response:
    body:
      string: '{"status":"Submitted","calls":{},"id":"ff00df0a-3bc3-4192-8ba2-34368d8cf2b1"}'
    headers:
      Connection:
      - keep-alive
      Content-Type:
      - application/json
      Date:
      - Thu, 12 Feb 2026 18:45:01 GMT
      Server:
      - nginx/1.25.3
      Transfer-Encoding:
      - chunked
      content-length:
      - '77'
    status:
      code: 200
      message: OK
- request:
    body: ''
    headers:
      Accept:
      - '*/*'
      Accept-Encoding:
      - gzip, deflate
      Connection:
      - keep-alive
      Host:
      - gizmok23.fhcrc.org:46091
      User-Agent:
      - python-httpx/0.28.1
    method: GET
    uri: https://gizmok23.fhcrc.org:46091/api/workflows/v1/ff00df0a-3bc3-4192-8ba2-34368d8cf2b1/metadata?includeKey=status&includeKey=failures&includeKey=jobId
  response:
    body:
      string: '{"status":"Submitted","calls":{},"id":"ff00df0a-3bc3-4192-8ba2-34368d8cf2b1"}'
    headers:
      Connection:
      - keep-alive
      Content-Type:
      - application/json
      Date:
      - Thu, 12 Feb 2026 18:45:06 GMT
      Server:
      - nginx/1.25.3
      Transfer-Encoding:
      - chunked
      content-length:
      - '77'
    status:
      code: 200
      message: OK
- request:
    body: ''
    headers:
      Accept:
      - '*/*'
      Accept-Encoding:
      - gzip, deflate
      Connection:
      - keep-alive
      Host:
      - gizmok23.fhcrc.org:46091
      User-Agent:
      - python-httpx/0.28.1
    method: GET
    uri: https://gizmok23.fhcrc.org:46091/api/workflows/v1/ff00df0a-3bc3-4192-8ba2-34368d8cf2b1/metadata?includeKey=status&includeKey=failures&includeKey=jobId
  response:
    body:
      string: '{"status":"Submitted","calls":{},"id":"ff00df0a-3bc3-4192-8ba2-34368d8cf2b1"}'
    headers:
      Connection:
      - keep-alive
      Content-Type:
      - application/json
      Date:
      - Thu, 12 Feb 2026 18:45:11 GMT
      Server:
      - nginx/1.25.3
      Transfer-Encoding:
      - chunked
      content-length:
      - '77'
    status:
      code: 200
      message: OK
- request:
    body: ''
    headers:
      Accept:
      - '*/*'
      Accept-Encoding:
      - gzip, deflate
      Connection:
      - keep-alive
      Host:
      - gizmok23.fhcrc.org:46091
      User-Agent:
      - python-httpx/0.28.1
    method: GET
    uri: https://gizmok23.fhcrc.org:46091/api/workflows/v1/ff00df0a-3bc3-4192-8ba2-34368d8cf2b1/metadata?includeKey=status&includeKey=failures&includeKey=jobId
  response:
    body:
      string: '{"status":"Submitted","calls":{},"id":"ff00df0a-3bc3-4192-8ba2-34368d8cf2b1"}'
    headers:
      Connection:
      - keep-alive
      Content-Type:
      - application/json
      Date:
      - Thu, 12 Feb 2026 18:45:16 GMT
      Server:
      - nginx/1.25.3
      Transfer-Encoding:
      - chunked
      content-length:
      - '77'
    status:
      code: 200
      message: OK
- request:
    body: ''
    headers:
      Accept:
      - '*/*'
      Accept-Encoding:
      - gzip, deflate
      Connection:
      - keep-alive
      Host:
      - gizmok23.fhcrc.org:46091
      User-Agent:
      - python-httpx/0.28.1
    method: GET
    uri: https://gizmok23.fhcrc.org:46091/api/workflows/v1/ff00df0a-3bc3-4192-8ba2-34368d8cf2b1/metadata?includeKey=status&includeKey=failures&includeKey=jobId
  response:
    body:
      string: '{"status":"Submitted","calls":{},"id":"ff00df0a-3bc3-4192-8ba2-34368d8cf2b1"}'
    headers:
      Connection:
      - keep-alive
      Content-Type:
      - application/json
      Date:
      - Thu, 12 Feb 2026 18:45:21 GMT
      Server:
      - nginx/1.25.3
      Transfer-Encoding:
      - chunked
      content-length:
      - '77'
    status:
      code: 200
      message: OK
- request:
    body: ''
    headers:
      Accept:
      - '*/*'
      Accept-Encoding:
      - gzip, deflate
      Connection:
      - keep-alive
      Host:
      - gizmok23.fhcrc.org:46091
      User-Agent:
      - python-httpx/0.28.1
    method: GET
    uri: https://gizmok23.fhcrc.org:46091/api/workflows/v1/ff00df0a-3bc3-4192-8ba2-34368d8cf2b1/metadata?includeKey=status&includeKey=failures&includeKey=jobId
  response:
    body:
      string: '{"status":"Submitted","calls":{},"id":"ff00df0a-3bc3-4192-8ba2-34368d8cf2b1"}'
    headers:
      Connection:
      - keep-alive
      Content-Type:
      - application/json
      Date:
      - Thu, 12 Feb 2026 18:45:27 GMT
      Server:
      - nginx/1.25.3
      Transfer-Encoding:
      - chunked
      content-length:
      - '77'
    status:
      code: 200
      message: OK
- request:
    body: ''
    headers:
      Accept:
      - '*/*'
      Accept-Encoding:
      - gzip, deflate
      Connection:
      - keep-alive
      Host:
      - gizmok23.fhcrc.org:46091
      User-Agent:
      - python-httpx/0.28.1
    method: GET
    uri: https://gizmok23.fhcrc.org:46091/api/workflows/v1/ff00df0a-3bc3-4192-8ba2-34368d8cf2b1/metadata?includeKey=status&includeKey=failures&includeKey=jobId
  response:
    body:
      string: '{"status":"Submitted","calls":{},"id":"ff00df0a-3bc3-4192-8ba2-34368d8cf2b1"}'
    headers:
      Connection:
      - keep-alive
      Content-Type:
      - application/json
      Date:
      - Thu, 12 Feb 2026 18:45:32 GMT
      Server:
      - nginx/1.25.3
      Transfer-Encoding:
      - chunked
      content-length:
      - '77'
    status:
      code: 200
      message: OK
- request:
    body: ''
    headers:
      Accept:
      - '*/*'
      Accept-Encoding:
      - gzip, deflate
      Connection:
      - keep-alive
      Host:
      - gizmok23.fhcrc.org:46091
      User-Agent:
      - python-httpx/0.28.1
    method: GET
    uri: https://gizmok23.fhcrc.org:46091/api/workflows/v1/ff00df0a-3bc3-4192-8ba2-34368d8cf2b1/metadata?includeKey=status&includeKey=failures&includeKey=jobId
  response:
    body:
      string: '{"status":"Submitted","calls":{},"id":"ff00df0a-3bc3-4192-8ba2-34368d8cf2b1"}'
    headers:
      Connection:
      - keep-alive
      Content-Type:
      - application/json
      Date:
      - Thu, 12 Feb 2026 18:45:37 GMT
      Server:
      - nginx/1.25.3
      Transfer-Encoding:
      - chunked
      content-length:
      - '77'
    status:
      code: 200
      message: OK
- request:
    body: ''
    headers:
      Accept:
      - '*/*'
      Accept-Encoding:
      - gzip, deflate
      Connection:
      - keep-alive
      Host:
      - gizmok23.fhcrc.org:46091
      User-Agent:
      - python-httpx/0.28.1
    method: GET
    uri: https://gizmok23.fhcrc.org:46091/api/workflows/v1/ff00df0a-3bc3-4192-8ba2-34368d8cf2b1/metadata?includeKey=status&includeKey=failures&includeKey=jobId
  response:
    body:
      string: '{"status":"Submitted","calls":{},"id":"ff00df0a-3bc3-4192-8ba2-34368d8cf2b1"}'
    headers:
      Connection:
      - keep-alive
      Content-Type:
      - application/json
      Date:
      - Thu, 12 Feb 2026 18:45:42 GMT
      Server:
      - nginx/1.25.3
      Transfer-Encoding:
      - chunked
      content-length:
      - '77'
    status:
      code: 200
      message: OK
- request:
    body: ''
    headers:
      Accept:
      - '*/*'
      Accept-Encoding:
      - gzip, deflate
      Connection:
      - keep-alive
      Host:
      - gizmok23.fhcrc.org:46091
      User-Agent:
      - python-httpx/0.28.1
    method: GET
    uri: https://gizmok23.fhcrc.org:46091/api/workflows/v1/ff00df0a-3bc3-4192-8ba2-34368d8cf2b1/metadata?includeKey=status&includeKey=failures&includeKey=jobId
  response:
    body:
      string: '{"status":"Submitted","calls":{},"id":"ff00df0a-3bc3-4192-8ba2-34368d8cf2b1"}'
    headers:
      Connection:
      - keep-alive
      Content-Type:
      - application/json
      Date:
      - Thu, 12 Feb 2026 18:45:47 GMT
      Server:
      - nginx/1.25.3
      Transfer-Encoding:
      - chunked
      content-length:
      - '77'
    status:
      code: 200
      message: OK
- request:
    body: ''
    headers:
      Accept:
      - '*/*'
      Accept-Encoding:
      - gzip, deflate
      Connection:
      - keep-alive
      Host:
      - gizmok23.fhcrc.org:46091
      User-Agent:
      - python-httpx/0.28.1
    method: GET
    uri: https://gizmok23.fhcrc.org:46091/api/workflows/v1/ff00df0a-3bc3-4192-8ba2-34368d8cf2b1/metadata?includeKey=status&includeKey=failures&includeKey=jobId
  response:
    body:
      string: '{"status":"Submitted","calls":{},"id":"ff00df0a-3bc3-4192-8ba2-34368d8cf2b1"}'
    headers:
      Connection:
      - keep-alive
      Content-Type:
      - application/json
      Date:
      - Thu, 12 Feb 2026 18:45:52 GMT
      Server:
      - nginx/1.25.3
      Transfer-Encoding:
      - chunked
      content-length:
      - '77'
    status:
      code: 200
      message: OK
- request:
    body: ''
    headers:
      Accept:
      - '*/*'
      Accept-Encoding:
      - gzip, deflate
      Connection:
      - keep-alive
      Host:
      - gizmok23.fhcrc.org:46091
      User-Agent:
      - python-httpx/0.28.1
    method: GET
    uri: https://gizmok23.fhcrc.org:46091/api/workflows/v1/ff00df0a-3bc3-4192-8ba2-34368d8cf2b1/metadata?includeKey=status&includeKey=failures&includeKey=jobId
  response:
    body:
      string: '{"status":"Submitted","calls":{},"id":"ff00df0a-3bc3-4192-8ba2-34368d8cf2b1"}'
    headers:
      Connection:
      - keep-alive
      Content-Type:
      - application/json
      Date:
      - Thu, 12 Feb 2026 18:45:57 GMT
      Server:
      - nginx/1.25.3
      Transfer-Encoding:
      - chunked
      content-length:
      - '77'
    status:
      code: 200
      message: OK
- request:
    body: ''
    headers:
      Accept:
      - '*/*'
      Accept-Encoding:
      - gzip, deflate
      Connection:
      - keep-alive
      Host:
      - gizmok23.fhcrc.org:46091
      User-Agent:
      - python-httpx/0.28.1
    method: GET
    uri: https://gizmok23.fhcrc.org:46091/api/workflows/v1/ff00df0a-3bc3-4192-8ba2-34368d8cf2b1/metadata?includeKey=status&includeKey=failures&includeKey=jobId
  response:
    body:
      string: '{"status":"Submitted","calls":{},"id":"ff00df0a-3bc3-4192-8ba2-34368d8cf2b1"}'
    headers:
      Connection:
      - keep-alive
      Content-Type:
      - application/json
      Date:
      - Thu, 12 Feb 2026 18:46:02 GMT
      Server:
      - nginx/1.25.3
      Transfer-Encoding:
      - chunked
      content-length:
      - '77'
    status:
      code: 200
      message: OK
- request:
    body: ''
    headers:
      Accept:
      - '*/*'
      Accept-Encoding:
      - gzip, deflate
      Connection:
      - keep-alive
      Host:
      - gizmok23.fhcrc.org:46091
      User-Agent:
      - python-httpx/0.28.1
    method: GET
    uri: https://gizmok23.fhcrc.org:46091/api/workflows/v1/ff00df0a-3bc3-4192-8ba2-34368d8cf2b1/metadata?includeKey=status&includeKey=failures&includeKey=jobId
  response:
    body:
      string: '{"status":"Submitted","calls":{},"id":"ff00df0a-3bc3-4192-8ba2-34368d8cf2b1"}'
    headers:
      Connection:
      - keep-alive
      Content-Type:
      - application/json
      Date:
      - Thu, 12 Feb 2026 18:46:07 GMT
      Server:
      - nginx/1.25.3
      Transfer-Encoding:
      - chunked
      content-length:
      - '77'
    status:
      code: 200
      message: OK
- request:
    body: ''
    headers:
      Accept:
      - '*/*'
      Accept-Encoding:
      - gzip, deflate
      Connection:
      - keep-alive
      Host:
      - gizmok23.fhcrc.org:46091
      User-Agent:
      - python-httpx/0.28.1
    method: GET
    uri: https://gizmok23.fhcrc.org:46091/api/workflows/v1/ff00df0a-3bc3-4192-8ba2-34368d8cf2b1/metadata?includeKey=status&includeKey=failures&includeKey=jobId
  response:
    body:
      string: '{"status":"Submitted","calls":{},"id":"ff00df0a-3bc3-4192-8ba2-34368d8cf2b1"}'
    headers:
      Connection:
      - keep-alive
      Content-Type:
      - application/json
      Date:
      - Thu, 12 Feb 2026 18:46:12 GMT
      Server:
      - nginx/1.25.3
      Transfer-Encoding:
      - chunked
      content-length:
      - '77'
    status:
      code: 200
      message: OK
- request:
    body: ''
    headers:
      Accept:
      - '*/*'
      Accept-Encoding:
      - gzip, deflate
      Connection:
      - keep-alive
      Host:
      - gizmok23.fhcrc.org:46091
      User-Agent:
      - python-httpx/0.28.1
    method: GET
    uri: https://gizmok23.fhcrc.org:46091/api/workflows/v1/ff00df0a-3bc3-4192-8ba2-34368d8cf2b1/metadata?includeKey=status&includeKey=failures&includeKey=jobId
  response:
    body:
      string: '{"status":"Submitted","calls":{},"id":"ff00df0a-3bc3-4192-8ba2-34368d8cf2b1"}'
    headers:
      Connection:
      - keep-alive
      Content-Type:
      - application/json
      Date:
      - Thu, 12 Feb 2026 18:46:17 GMT
      Server:
      - nginx/1.25.3
      Transfer-Encoding:
      - chunked
      content-length:
      - '77'
    status:
      code: 200
      message: OK
- request:
    body: ''
    headers:
      Accept:
      - '*/*'
      Accept-Encoding:
      - gzip, deflate
      Connection:
      - keep-alive
      Host:
      - gizmok23.fhcrc.org:46091
      User-Agent:
      - python-httpx/0.28.1
    method: GET
    uri: https://gizmok23.fhcrc.org:46091/api/workflows/v1/ff00df0a-3bc3-4192-8ba2-34368d8cf2b1/metadata?includeKey=status&includeKey=failures&includeKey=jobId
  response:
    body:
      string: '{"status":"Submitted","calls":{},"id":"ff00df0a-3bc3-4192-8ba2-34368d8cf2b1"}'
    headers:
      Connection:
      - keep-alive
      Content-Type:
      - application/json
      Date:
      - Thu, 12 Feb 2026 18:46:22 GMT
      Server:
      - nginx/1.25.3
      Transfer-Encoding:
      - chunked
      content-length:
      - '77'
    status:
      code: 200
      message: OK
- request:
    body: ''
    headers:
      Accept:
      - '*/*'
      Accept-Encoding:
      - gzip, deflate
      Connection:
      - keep-alive
      Host:
      - gizmok23.fhcrc.org:46091
      User-Agent:
      - python-httpx/0.28.1
    method: GET
    uri: https://gizmok23.fhcrc.org:46091/api/workflows/v1/ff00df0a-3bc3-4192-8ba2-34368d8cf2b1/metadata?includeKey=status&includeKey=failures&includeKey=jobId
  response:
    body:
      string: '{"status":"Submitted","calls":{},"id":"ff00df0a-3bc3-4192-8ba2-34368d8cf2b1"}'
    headers:
      Connection:
      - keep-alive
      Content-Type:
      - application/json
      Date:
      - Thu, 12 Feb 2026 18:46:27 GMT
      Server:
      - nginx/1.25.3
      Transfer-Encoding:
      - chunked
      content-length:
      - '77'
    status:
      code: 200
      message: OK
- request:
    body: ''
    headers:
      Accept:
      - '*/*'
      Accept-Encoding:
      - gzip, deflate
      Connection:
      - keep-alive
      Host:
      - gizmok23.fhcrc.org:46091
      User-Agent:
      - python-httpx/0.28.1
    method: GET
    uri: https://gizmok23.fhcrc.org:46091/api/workflows/v1/ff00df0a-3bc3-4192-8ba2-34368d8cf2b1/metadata?includeKey=status&includeKey=failures&includeKey=jobId
  response:
    body:
      string: '{"status":"Submitted","calls":{},"id":"ff00df0a-3bc3-4192-8ba2-34368d8cf2b1"}'
    headers:
      Connection:
      - keep-alive
      Content-Type:
      - application/json
      Date:
      - Thu, 12 Feb 2026 18:46:32 GMT
      Server:
      - nginx/1.25.3
      Transfer-Encoding:
      - chunked
      content-length:
      - '77'
    status:
      code: 200
      message: OK
- request:
    body: ''
    headers:
      Accept:
      - '*/*'
      Accept-Encoding:
      - gzip, deflate
      Connection:
      - keep-alive
      Host:
      - gizmok23.fhcrc.org:46091
      User-Agent:
      - python-httpx/0.28.1
    method: GET
    uri: https://gizmok23.fhcrc.org:46091/api/workflows/v1/ff00df0a-3bc3-4192-8ba2-34368d8cf2b1/metadata?includeKey=status&includeKey=failures&includeKey=jobId
  response:
    body:
      string: '{"status":"Submitted","calls":{},"id":"ff00df0a-3bc3-4192-8ba2-34368d8cf2b1"}'
    headers:
      Connection:
      - keep-alive
      Content-Type:
      - application/json
      Date:
      - Thu, 12 Feb 2026 18:46:37 GMT
      Server:
      - nginx/1.25.3
      Transfer-Encoding:
      - chunked
      content-length:
      - '77'
    status:
      code: 200
      message: OK
- request:
    body: ''
    headers:
      Accept:
      - '*/*'
      Accept-Encoding:
      - gzip, deflate
      Connection:
      - keep-alive
      Host:
      - gizmok23.fhcrc.org:46091
      User-Agent:
      - python-httpx/0.28.1
    method: GET
    uri: https://gizmok23.fhcrc.org:46091/api/workflows/v1/ff00df0a-3bc3-4192-8ba2-34368d8cf2b1/metadata?includeKey=status&includeKey=failures&includeKey=jobId
  response:
    body:
      string: '{"status":"Submitted","calls":{},"id":"ff00df0a-3bc3-4192-8ba2-34368d8cf2b1"}'
    headers:
      Connection:
      - keep-alive
      Content-Type:
      - application/json
      Date:
      - Thu, 12 Feb 2026 18:46:42 GMT
      Server:
      - nginx/1.25.3
      Transfer-Encoding:
      - chunked
      content-length:
      - '77'
    status:
      code: 200
      message: OK
- request:
    body: ''
    headers:
      Accept:
      - '*/*'
      Accept-Encoding:
      - gzip, deflate
      Connection:
      - keep-alive
      Host:
      - gizmok23.fhcrc.org:46091
      User-Agent:
      - python-httpx/0.28.1
    method: GET
    uri: https://gizmok23.fhcrc.org:46091/api/workflows/v1/ff00df0a-3bc3-4192-8ba2-34368d8cf2b1/metadata?includeKey=status&includeKey=failures&includeKey=jobId
  response:
    body:
      string: '{"status":"Submitted","calls":{},"id":"ff00df0a-3bc3-4192-8ba2-34368d8cf2b1"}'
    headers:
      Connection:
      - keep-alive
      Content-Type:
      - application/json
      Date:
      - Thu, 12 Feb 2026 18:46:47 GMT
      Server:
      - nginx/1.25.3
      Transfer-Encoding:
      - chunked
      content-length:
      - '77'
    status:
      code: 200
      message: OK
- request:
    body: ''
    headers:
      Accept:
      - '*/*'
      Accept-Encoding:
      - gzip, deflate
      Connection:
      - keep-alive
      Host:
      - gizmok23.fhcrc.org:46091
      User-Agent:
      - python-httpx/0.28.1
    method: GET
    uri: https://gizmok23.fhcrc.org:46091/api/workflows/v1/ff00df0a-3bc3-4192-8ba2-34368d8cf2b1/metadata?includeKey=status&includeKey=failures&includeKey=jobId
  response:
    body:
      string: '{"status":"Submitted","calls":{},"id":"ff00df0a-3bc3-4192-8ba2-34368d8cf2b1"}'
    headers:
      Connection:
      - keep-alive
      Content-Type:
      - application/json
      Date:
      - Thu, 12 Feb 2026 18:46:52 GMT
      Server:
      - nginx/1.25.3
      Transfer-Encoding:
      - chunked
      content-length:
      - '77'
    status:
      code: 200
      message: OK
- request:
    body: ''
    headers:
      Accept:
      - '*/*'
      Accept-Encoding:
      - gzip, deflate
      Connection:
      - keep-alive
      Host:
      - gizmok23.fhcrc.org:46091
      User-Agent:
      - python-httpx/0.28.1
    method: GET
    uri: https://gizmok23.fhcrc.org:46091/api/workflows/v1/ff00df0a-3bc3-4192-8ba2-34368d8cf2b1/metadata?includeKey=status&includeKey=failures&includeKey=jobId
  response:
    body:
      string: '{"status":"Submitted","calls":{},"id":"ff00df0a-3bc3-4192-8ba2-34368d8cf2b1"}'
    headers:
      Connection:
      - keep-alive
      Content-Type:
      - application/json
      Date:
      - Thu, 12 Feb 2026 18:46:57 GMT
      Server:
      - nginx/1.25.3
      Transfer-Encoding:
      - chunked
      content-length:
      - '77'
    status:
      code: 200
      message: OK
- request:
    body: ''
    headers:
      Accept:
      - '*/*'
      Accept-Encoding:
      - gzip, deflate
      Connection:
      - keep-alive
      Host:
      - gizmok23.fhcrc.org:46091
      User-Agent:
      - python-httpx/0.28.1
    method: GET
    uri: https://gizmok23.fhcrc.org:46091/api/workflows/v1/ff00df0a-3bc3-4192-8ba2-34368d8cf2b1/metadata?includeKey=status&includeKey=failures&includeKey=jobId
  response:
    body:
      string: '{"status":"Submitted","calls":{},"id":"ff00df0a-3bc3-4192-8ba2-34368d8cf2b1"}'
    headers:
      Connection:
      - keep-alive
      Content-Type:
      - application/json
      Date:
      - Thu, 12 Feb 2026 18:47:02 GMT
      Server:
      - nginx/1.25.3
      Transfer-Encoding:
      - chunked
      content-length:
      - '77'
    status:
      code: 200
      message: OK
- request:
    body: ''
    headers:
      Accept:
      - '*/*'
      Accept-Encoding:
      - gzip, deflate
      Connection:
      - keep-alive
      Host:
      - gizmok23.fhcrc.org:46091
      User-Agent:
      - python-httpx/0.28.1
    method: GET
    uri: https://gizmok23.fhcrc.org:46091/api/workflows/v1/ff00df0a-3bc3-4192-8ba2-34368d8cf2b1/metadata?includeKey=status&includeKey=failures&includeKey=jobId
  response:
    body:
      string: '{"status":"Submitted","calls":{},"id":"ff00df0a-3bc3-4192-8ba2-34368d8cf2b1"}'
    headers:
      Connection:
      - keep-alive
      Content-Type:
      - application/json
      Date:
      - Thu, 12 Feb 2026 18:47:07 GMT
      Server:
      - nginx/1.25.3
      Transfer-Encoding:
      - chunked
      content-length:
      - '77'
    status:
      code: 200
      message: OK
- request:
    body: ''
    headers:
      Accept:
      - '*/*'
      Accept-Encoding:
      - gzip, deflate
      Connection:
      - keep-alive
      Host:
      - gizmok23.fhcrc.org:46091
      User-Agent:
      - python-httpx/0.28.1
    method: GET
    uri: https://gizmok23.fhcrc.org:46091/api/workflows/v1/ff00df0a-3bc3-4192-8ba2-34368d8cf2b1/metadata?includeKey=status&includeKey=failures&includeKey=jobId
  response:
    body:
      string: '{"status":"Submitted","calls":{},"id":"ff00df0a-3bc3-4192-8ba2-34368d8cf2b1"}'
    headers:
      Connection:
      - keep-alive
      Content-Type:
      - application/json
      Date:
      - Thu, 12 Feb 2026 18:47:12 GMT
      Server:
      - nginx/1.25.3
      Transfer-Encoding:
      - chunked
      content-length:
      - '77'
    status:
      code: 200
      message: OK
- request:
    body: ''
    headers:
      Accept:
      - '*/*'
      Accept-Encoding:
      - gzip, deflate
      Connection:
      - keep-alive
      Host:
      - gizmok23.fhcrc.org:46091
      User-Agent:
      - python-httpx/0.28.1
    method: GET
    uri: https://gizmok23.fhcrc.org:46091/api/workflows/v1/ff00df0a-3bc3-4192-8ba2-34368d8cf2b1/metadata?includeKey=status&includeKey=failures&includeKey=jobId
  response:
    body:
      string: '{"status":"Submitted","calls":{},"id":"ff00df0a-3bc3-4192-8ba2-34368d8cf2b1"}'
    headers:
      Connection:
      - keep-alive
      Content-Type:
      - application/json
      Date:
      - Thu, 12 Feb 2026 18:47:17 GMT
      Server:
      - nginx/1.25.3
      Transfer-Encoding:
      - chunked
      content-length:
      - '77'
    status:
      code: 200
      message: OK
- request:
    body: ''
    headers:
      Accept:
      - '*/*'
      Accept-Encoding:
      - gzip, deflate
      Connection:
      - keep-alive
      Host:
      - gizmok23.fhcrc.org:46091
      User-Agent:
      - python-httpx/0.28.1
    method: GET
    uri: https://gizmok23.fhcrc.org:46091/api/workflows/v1/ff00df0a-3bc3-4192-8ba2-34368d8cf2b1/metadata?includeKey=status&includeKey=failures&includeKey=jobId
  response:
    body:
      string: '{"status":"Submitted","calls":{},"id":"ff00df0a-3bc3-4192-8ba2-34368d8cf2b1"}'
    headers:
      Connection:
      - keep-alive
      Content-Type:
      - application/json
      Date:
      - Thu, 12 Feb 2026 18:47:22 GMT
      Server:
      - nginx/1.25.3
      Transfer-Encoding:
      - chunked
      content-length:
      - '77'
    status:
      code: 200
      message: OK
- request:
    body: ''
    headers:
      Accept:
      - '*/*'
      Accept-Encoding:
      - gzip, deflate
      Connection:
      - keep-alive
      Host:
      - gizmok23.fhcrc.org:46091
      User-Agent:
      - python-httpx/0.28.1
    method: GET
    uri: https://gizmok23.fhcrc.org:46091/api/workflows/v1/ff00df0a-3bc3-4192-8ba2-34368d8cf2b1/metadata?includeKey=status&includeKey=failures&includeKey=jobId
  response:
    body:
      string: '{"status":"Submitted","calls":{},"id":"ff00df0a-3bc3-4192-8ba2-34368d8cf2b1"}'
    headers:
      Connection:
      - keep-alive
      Content-Type:
      - application/json
      Date:
      - Thu, 12 Feb 2026 18:47:27 GMT
      Server:
      - nginx/1.25.3
      Transfer-Encoding:
      - chunked
      content-length:
      - '77'
    status:
      code: 200
      message: OK
- request:
    body: ''
    headers:
      Accept:
      - '*/*'
      Accept-Encoding:
      - gzip, deflate
      Connection:
      - keep-alive
      Host:
      - gizmok23.fhcrc.org:46091
      User-Agent:
      - python-httpx/0.28.1
    method: GET
    uri: https://gizmok23.fhcrc.org:46091/api/workflows/v1/ff00df0a-3bc3-4192-8ba2-34368d8cf2b1/metadata?includeKey=status&includeKey=failures&includeKey=jobId
  response:
    body:
      string: '{"status":"Submitted","calls":{},"id":"ff00df0a-3bc3-4192-8ba2-34368d8cf2b1"}'
    headers:
      Connection:
      - keep-alive
      Content-Type:
      - application/json
      Date:
      - Thu, 12 Feb 2026 18:47:33 GMT
      Server:
      - nginx/1.25.3
      Transfer-Encoding:
      - chunked
      content-length:
      - '77'
    status:
      code: 200
      message: OK
- request:
    body: ''
    headers:
      Accept:
      - '*/*'
      Accept-Encoding:
      - gzip, deflate
      Connection:
      - keep-alive
      Host:
      - gizmok23.fhcrc.org:46091
      User-Agent:
      - python-httpx/0.28.1
    method: GET
    uri: https://gizmok23.fhcrc.org:46091/api/workflows/v1/ff00df0a-3bc3-4192-8ba2-34368d8cf2b1/metadata?includeKey=status&includeKey=failures&includeKey=jobId
  response:
    body:
      string: '{"status":"Submitted","calls":{},"id":"ff00df0a-3bc3-4192-8ba2-34368d8cf2b1"}'
    headers:
      Connection:
      - keep-alive
      Content-Type:
      - application/json
      Date:
      - Thu, 12 Feb 2026 18:47:38 GMT
      Server:
      - nginx/1.25.3
      Transfer-Encoding:
      - chunked
      content-length:
      - '77'
    status:
      code: 200
      message: OK
- request:
    body: ''
    headers:
      Accept:
      - '*/*'
      Accept-Encoding:
      - gzip, deflate
      Connection:
      - keep-alive
      Host:
      - gizmok23.fhcrc.org:46091
      User-Agent:
      - python-httpx/0.28.1
    method: GET
    uri: https://gizmok23.fhcrc.org:46091/api/workflows/v1/ff00df0a-3bc3-4192-8ba2-34368d8cf2b1/metadata?includeKey=status&includeKey=failures&includeKey=jobId
  response:
    body:
      string: '{"status":"Submitted","calls":{},"id":"ff00df0a-3bc3-4192-8ba2-34368d8cf2b1"}'
    headers:
      Connection:
      - keep-alive
      Content-Type:
      - application/json
      Date:
      - Thu, 12 Feb 2026 18:47:43 GMT
      Server:
      - nginx/1.25.3
      Transfer-Encoding:
      - chunked
      content-length:
      - '77'
    status:
      code: 200
      message: OK
- request:
    body: ''
    headers:
      Accept:
      - '*/*'
      Accept-Encoding:
      - gzip, deflate
      Connection:
      - keep-alive
      Host:
      - gizmok23.fhcrc.org:46091
      User-Agent:
      - python-httpx/0.28.1
    method: GET
    uri: https://gizmok23.fhcrc.org:46091/api/workflows/v1/ff00df0a-3bc3-4192-8ba2-34368d8cf2b1/metadata?includeKey=status&includeKey=failures&includeKey=jobId
  response:
    body:
      string: '{"status":"Submitted","calls":{},"id":"ff00df0a-3bc3-4192-8ba2-34368d8cf2b1"}'
    headers:
      Connection:
      - keep-alive
      Content-Type:
      - application/json
      Date:
      - Thu, 12 Feb 2026 18:47:48 GMT
      Server:
      - nginx/1.25.3
      Transfer-Encoding:
      - chunked
      content-length:
      - '77'
    status:
      code: 200
      message: OK
- request:
    body: ''
    headers:
      Accept:
      - '*/*'
      Accept-Encoding:
      - gzip, deflate
      Connection:
      - keep-alive
      Host:
      - gizmok23.fhcrc.org:46091
      User-Agent:
      - python-httpx/0.28.1
    method: GET
    uri: https://gizmok23.fhcrc.org:46091/api/workflows/v1/ff00df0a-3bc3-4192-8ba2-34368d8cf2b1/metadata?includeKey=status&includeKey=failures&includeKey=jobId
  response:
    body:
      string: '{"status":"Submitted","calls":{},"id":"ff00df0a-3bc3-4192-8ba2-34368d8cf2b1"}'
    headers:
      Connection:
      - keep-alive
      Content-Type:
      - application/json
      Date:
      - Thu, 12 Feb 2026 18:47:53 GMT
      Server:
      - nginx/1.25.3
      Transfer-Encoding:
      - chunked
      content-length:
      - '77'
    status:
      code: 200
      message: OK
- request:
    body: ''
    headers:
      Accept:
      - '*/*'
      Accept-Encoding:
      - gzip, deflate
      Connection:
      - keep-alive
      Host:
      - gizmok23.fhcrc.org:46091
      User-Agent:
      - python-httpx/0.28.1
    method: GET
    uri: https://gizmok23.fhcrc.org:46091/api/workflows/v1/ff00df0a-3bc3-4192-8ba2-34368d8cf2b1/metadata?includeKey=status&includeKey=failures&includeKey=jobId
  response:
    body:
      string: '{"status":"Submitted","calls":{},"id":"ff00df0a-3bc3-4192-8ba2-34368d8cf2b1"}'
    headers:
      Connection:
      - keep-alive
      Content-Type:
      - application/json
      Date:
      - Thu, 12 Feb 2026 18:47:58 GMT
      Server:
      - nginx/1.25.3
      Transfer-Encoding:
      - chunked
      content-length:
      - '77'
    status:
      code: 200
      message: OK
- request:
    body: ''
    headers:
      Accept:
      - '*/*'
      Accept-Encoding:
      - gzip, deflate
      Connection:
      - keep-alive
      Host:
      - gizmok23.fhcrc.org:46091
      User-Agent:
      - python-httpx/0.28.1
    method: GET
    uri: https://gizmok23.fhcrc.org:46091/api/workflows/v1/ff00df0a-3bc3-4192-8ba2-34368d8cf2b1/metadata?includeKey=status&includeKey=failures&includeKey=jobId
  response:
    body:
      string: '{"status":"Submitted","calls":{},"id":"ff00df0a-3bc3-4192-8ba2-34368d8cf2b1"}'
    headers:
      Connection:
      - keep-alive
      Content-Type:
      - application/json
      Date:
      - Thu, 12 Feb 2026 18:48:03 GMT
      Server:
      - nginx/1.25.3
      Transfer-Encoding:
      - chunked
      content-length:
      - '77'
    status:
      code: 200
      message: OK
- request:
    body: ''
    headers:
      Accept:
      - '*/*'
      Accept-Encoding:
      - gzip, deflate
      Connection:
      - keep-alive
      Host:
      - gizmok23.fhcrc.org:46091
      User-Agent:
      - python-httpx/0.28.1
    method: GET
    uri: https://gizmok23.fhcrc.org:46091/api/workflows/v1/ff00df0a-3bc3-4192-8ba2-34368d8cf2b1/metadata?includeKey=status&includeKey=failures&includeKey=jobId
  response:
    body:
      string: '{"status":"Submitted","calls":{},"id":"ff00df0a-3bc3-4192-8ba2-34368d8cf2b1"}'
    headers:
      Connection:
      - keep-alive
      Content-Type:
      - application/json
      Date:
      - Thu, 12 Feb 2026 18:48:08 GMT
      Server:
      - nginx/1.25.3
      Transfer-Encoding:
      - chunked
      content-length:
      - '77'
    status:
      code: 200
      message: OK
- request:
    body: ''
    headers:
      Accept:
      - '*/*'
      Accept-Encoding:
      - gzip, deflate
      Connection:
      - keep-alive
      Host:
      - gizmok23.fhcrc.org:46091
      User-Agent:
      - python-httpx/0.28.1
    method: GET
    uri: https://gizmok23.fhcrc.org:46091/api/workflows/v1/ff00df0a-3bc3-4192-8ba2-34368d8cf2b1/metadata?includeKey=status&includeKey=failures&includeKey=jobId
  response:
    body:
      string: '{"status":"Submitted","calls":{},"id":"ff00df0a-3bc3-4192-8ba2-34368d8cf2b1"}'
    headers:
      Connection:
      - keep-alive
      Content-Type:
      - application/json
      Date:
      - Thu, 12 Feb 2026 18:48:13 GMT
      Server:
      - nginx/1.25.3
      Transfer-Encoding:
      - chunked
      content-length:
      - '77'
    status:
      code: 200
      message: OK
- request:
    body: ''
    headers:
      Accept:
      - '*/*'
      Accept-Encoding:
      - gzip, deflate
      Connection:
      - keep-alive
      Host:
      - gizmok23.fhcrc.org:46091
      User-Agent:
      - python-httpx/0.28.1
    method: GET
    uri: https://gizmok23.fhcrc.org:46091/api/workflows/v1/ff00df0a-3bc3-4192-8ba2-34368d8cf2b1/metadata?includeKey=status&includeKey=failures&includeKey=jobId
  response:
    body:
      string: '{"status":"Submitted","calls":{},"id":"ff00df0a-3bc3-4192-8ba2-34368d8cf2b1"}'
    headers:
      Connection:
      - keep-alive
      Content-Type:
      - application/json
      Date:
      - Thu, 12 Feb 2026 18:48:18 GMT
      Server:
      - nginx/1.25.3
      Transfer-Encoding:
      - chunked
      content-length:
      - '77'
    status:
      code: 200
      message: OK
- request:
    body: ''
    headers:
      Accept:
      - '*/*'
      Accept-Encoding:
      - gzip, deflate
      Connection:
      - keep-alive
      Host:
      - gizmok23.fhcrc.org:46091
      User-Agent:
      - python-httpx/0.28.1
    method: GET
    uri: https://gizmok23.fhcrc.org:46091/api/workflows/v1/ff00df0a-3bc3-4192-8ba2-34368d8cf2b1/metadata?includeKey=status&includeKey=failures&includeKey=jobId
  response:
    body:
      string: '{"status":"Submitted","calls":{},"id":"ff00df0a-3bc3-4192-8ba2-34368d8cf2b1"}'
    headers:
      Connection:
      - keep-alive
      Content-Type:
      - application/json
      Date:
      - Thu, 12 Feb 2026 18:48:23 GMT
      Server:
      - nginx/1.25.3
      Transfer-Encoding:
      - chunked
      content-length:
      - '77'
    status:
      code: 200
      message: OK
- request:
    body: ''
    headers:
      Accept:
      - '*/*'
      Accept-Encoding:
      - gzip, deflate
      Connection:
      - keep-alive
      Host:
      - gizmok23.fhcrc.org:46091
      User-Agent:
      - python-httpx/0.28.1
    method: GET
    uri: https://gizmok23.fhcrc.org:46091/api/workflows/v1/ff00df0a-3bc3-4192-8ba2-34368d8cf2b1/metadata?includeKey=status&includeKey=failures&includeKey=jobId
  response:
    body:
      string: '{"status":"Submitted","calls":{},"id":"ff00df0a-3bc3-4192-8ba2-34368d8cf2b1"}'
    headers:
      Connection:
      - keep-alive
      Content-Type:
      - application/json
      Date:
      - Thu, 12 Feb 2026 18:48:28 GMT
      Server:
      - nginx/1.25.3
      Transfer-Encoding:
      - chunked
      content-length:
      - '77'
    status:
      code: 200
      message: OK
- request:
    body: ''
    headers:
      Accept:
      - '*/*'
      Accept-Encoding:
      - gzip, deflate
      Connection:
      - keep-alive
      Host:
      - gizmok23.fhcrc.org:46091
      User-Agent:
      - python-httpx/0.28.1
    method: GET
    uri: https://gizmok23.fhcrc.org:46091/api/workflows/v1/ff00df0a-3bc3-4192-8ba2-34368d8cf2b1/metadata?includeKey=status&includeKey=failures&includeKey=jobId
  response:
    body:
      string: '{"status":"Submitted","calls":{},"id":"ff00df0a-3bc3-4192-8ba2-34368d8cf2b1"}'
    headers:
      Connection:
      - keep-alive
      Content-Type:
      - application/json
      Date:
      - Thu, 12 Feb 2026 18:48:33 GMT
      Server:
      - nginx/1.25.3
      Transfer-Encoding:
      - chunked
      content-length:
      - '77'
    status:
      code: 200
      message: OK
- request:
    body: ''
    headers:
      Accept:
      - '*/*'
      Accept-Encoding:
      - gzip, deflate
      Connection:
      - keep-alive
      Host:
      - gizmok23.fhcrc.org:46091
      User-Agent:
      - python-httpx/0.28.1
    method: GET
    uri: https://gizmok23.fhcrc.org:46091/api/workflows/v1/ff00df0a-3bc3-4192-8ba2-34368d8cf2b1/metadata?includeKey=status&includeKey=failures&includeKey=jobId
  response:
    body:
      string: '{"status":"Submitted","calls":{},"id":"ff00df0a-3bc3-4192-8ba2-34368d8cf2b1"}'
    headers:
      Connection:
      - keep-alive
      Content-Type:
      - application/json
      Date:
      - Thu, 12 Feb 2026 18:48:38 GMT
      Server:
      - nginx/1.25.3
      Transfer-Encoding:
      - chunked
      content-length:
      - '77'
    status:
      code: 200
      message: OK
- request:
    body: ''
    headers:
      Accept:
      - '*/*'
      Accept-Encoding:
      - gzip, deflate
      Connection:
      - keep-alive
      Host:
      - gizmok23.fhcrc.org:46091
      User-Agent:
      - python-httpx/0.28.1
    method: GET
    uri: https://gizmok23.fhcrc.org:46091/api/workflows/v1/ff00df0a-3bc3-4192-8ba2-34368d8cf2b1/metadata?includeKey=status&includeKey=failures&includeKey=jobId
  response:
    body:
      string: '{"status":"Submitted","calls":{},"id":"ff00df0a-3bc3-4192-8ba2-34368d8cf2b1"}'
    headers:
      Connection:
      - keep-alive
      Content-Type:
      - application/json
      Date:
      - Thu, 12 Feb 2026 18:48:43 GMT
      Server:
      - nginx/1.25.3
      Transfer-Encoding:
      - chunked
      content-length:
      - '77'
    status:
      code: 200
      message: OK
- request:
    body: ''
    headers:
      Accept:
      - '*/*'
      Accept-Encoding:
      - gzip, deflate
      Connection:
      - keep-alive
      Host:
      - gizmok23.fhcrc.org:46091
      User-Agent:
      - python-httpx/0.28.1
    method: GET
    uri: https://gizmok23.fhcrc.org:46091/api/workflows/v1/ff00df0a-3bc3-4192-8ba2-34368d8cf2b1/metadata?includeKey=status&includeKey=failures&includeKey=jobId
  response:
    body:
      string: '{"status":"Submitted","calls":{},"id":"ff00df0a-3bc3-4192-8ba2-34368d8cf2b1"}'
    headers:
      Connection:
      - keep-alive
      Content-Type:
      - application/json
      Date:
      - Thu, 12 Feb 2026 18:48:48 GMT
      Server:
      - nginx/1.25.3
      Transfer-Encoding:
      - chunked
      content-length:
      - '77'
    status:
      code: 200
      message: OK
- request:
    body: ''
    headers:
      Accept:
      - '*/*'
      Accept-Encoding:
      - gzip, deflate
      Connection:
      - keep-alive
      Host:
      - gizmok23.fhcrc.org:46091
      User-Agent:
      - python-httpx/0.28.1
    method: GET
    uri: https://gizmok23.fhcrc.org:46091/api/workflows/v1/ff00df0a-3bc3-4192-8ba2-34368d8cf2b1/metadata?includeKey=status&includeKey=failures&includeKey=jobId
  response:
    body:
      string: '{"status":"Submitted","calls":{},"id":"ff00df0a-3bc3-4192-8ba2-34368d8cf2b1"}'
    headers:
      Connection:
      - keep-alive
      Content-Type:
      - application/json
      Date:
      - Thu, 12 Feb 2026 18:48:53 GMT
      Server:
      - nginx/1.25.3
      Transfer-Encoding:
      - chunked
      content-length:
      - '77'
    status:
      code: 200
      message: OK
- request:
    body: ''
    headers:
      Accept:
      - '*/*'
      Accept-Encoding:
      - gzip, deflate
      Connection:
      - keep-alive
      Host:
      - gizmok23.fhcrc.org:46091
      User-Agent:
      - python-httpx/0.28.1
    method: GET
    uri: https://gizmok23.fhcrc.org:46091/api/workflows/v1/ff00df0a-3bc3-4192-8ba2-34368d8cf2b1/metadata?includeKey=status&includeKey=failures&includeKey=jobId
  response:
    body:
      string: '{"status":"Submitted","calls":{},"id":"ff00df0a-3bc3-4192-8ba2-34368d8cf2b1"}'
    headers:
      Connection:
      - keep-alive
      Content-Type:
      - application/json
      Date:
      - Thu, 12 Feb 2026 18:48:58 GMT
      Server:
      - nginx/1.25.3
      Transfer-Encoding:
      - chunked
      content-length:
      - '77'
    status:
      code: 200
      message: OK
- request:
    body: ''
    headers:
      Accept:
      - '*/*'
      Accept-Encoding:
      - gzip, deflate
      Connection:
      - keep-alive
      Host:
      - gizmok23.fhcrc.org:46091
      User-Agent:
      - python-httpx/0.28.1
    method: GET
    uri: https://gizmok23.fhcrc.org:46091/api/workflows/v1/ff00df0a-3bc3-4192-8ba2-34368d8cf2b1/metadata?includeKey=status&includeKey=failures&includeKey=jobId
  response:
    body:
      string: '{"status":"Submitted","calls":{},"id":"ff00df0a-3bc3-4192-8ba2-34368d8cf2b1"}'
    headers:
      Connection:
      - keep-alive
      Content-Type:
      - application/json
      Date:
      - Thu, 12 Feb 2026 18:49:03 GMT
      Server:
      - nginx/1.25.3
      Transfer-Encoding:
      - chunked
      content-length:
      - '77'
    status:
      code: 200
      message: OK
- request:
    body: ''
    headers:
      Accept:
      - '*/*'
      Accept-Encoding:
      - gzip, deflate
      Connection:
      - keep-alive
      Host:
      - gizmok23.fhcrc.org:46091
      User-Agent:
      - python-httpx/0.28.1
    method: GET
    uri: https://gizmok23.fhcrc.org:46091/api/workflows/v1/ff00df0a-3bc3-4192-8ba2-34368d8cf2b1/metadata?includeKey=status&includeKey=failures&includeKey=jobId
  response:
    body:
      string: '{"status":"Submitted","calls":{},"id":"ff00df0a-3bc3-4192-8ba2-34368d8cf2b1"}'
    headers:
      Connection:
      - keep-alive
      Content-Type:
      - application/json
      Date:
      - Thu, 12 Feb 2026 18:49:08 GMT
      Server:
      - nginx/1.25.3
      Transfer-Encoding:
      - chunked
      content-length:
      - '77'
    status:
      code: 200
      message: OK
- request:
    body: ''
    headers:
      Accept:
      - '*/*'
      Accept-Encoding:
      - gzip, deflate
      Connection:
      - keep-alive
      Host:
      - gizmok23.fhcrc.org:46091
      User-Agent:
      - python-httpx/0.28.1
    method: GET
    uri: https://gizmok23.fhcrc.org:46091/api/workflows/v1/ff00df0a-3bc3-4192-8ba2-34368d8cf2b1/metadata?includeKey=status&includeKey=failures&includeKey=jobId
  response:
    body:
      string: '{"status":"Submitted","calls":{},"id":"ff00df0a-3bc3-4192-8ba2-34368d8cf2b1"}'
    headers:
      Connection:
      - keep-alive
      Content-Type:
      - application/json
      Date:
      - Thu, 12 Feb 2026 18:49:13 GMT
      Server:
      - nginx/1.25.3
      Transfer-Encoding:
      - chunked
      content-length:
      - '77'
    status:
      code: 200
      message: OK
- request:
    body: ''
    headers:
      Accept:
      - '*/*'
      Accept-Encoding:
      - gzip, deflate
      Connection:
      - keep-alive
      Host:
      - gizmok23.fhcrc.org:46091
      User-Agent:
      - python-httpx/0.28.1
    method: GET
    uri: https://gizmok23.fhcrc.org:46091/api/workflows/v1/ff00df0a-3bc3-4192-8ba2-34368d8cf2b1/metadata?includeKey=status&includeKey=failures&includeKey=jobId
  response:
    body:
      string: '{"status":"Submitted","calls":{},"id":"ff00df0a-3bc3-4192-8ba2-34368d8cf2b1"}'
    headers:
      Connection:
      - keep-alive
      Content-Type:
      - application/json
      Date:
      - Thu, 12 Feb 2026 18:49:18 GMT
      Server:
      - nginx/1.25.3
      Transfer-Encoding:
      - chunked
      content-length:
      - '77'
    status:
      code: 200
      message: OK
- request:
    body: ''
    headers:
      Accept:
      - '*/*'
      Accept-Encoding:
      - gzip, deflate
      Connection:
      - keep-alive
      Host:
      - gizmok23.fhcrc.org:46091
      User-Agent:
      - python-httpx/0.28.1
    method: GET
    uri: https://gizmok23.fhcrc.org:46091/api/workflows/v1/ff00df0a-3bc3-4192-8ba2-34368d8cf2b1/metadata?includeKey=status&includeKey=failures&includeKey=jobId
  response:
    body:
      string: '{"status":"Submitted","calls":{},"id":"ff00df0a-3bc3-4192-8ba2-34368d8cf2b1"}'
    headers:
      Connection:
      - keep-alive
      Content-Type:
      - application/json
      Date:
      - Thu, 12 Feb 2026 18:49:23 GMT
      Server:
      - nginx/1.25.3
      Transfer-Encoding:
      - chunked
      content-length:
      - '77'
    status:
      code: 200
      message: OK
- request:
    body: ''
    headers:
      Accept:
      - '*/*'
      Accept-Encoding:
      - gzip, deflate
      Connection:
      - keep-alive
      Host:
      - gizmok23.fhcrc.org:46091
      User-Agent:
      - python-httpx/0.28.1
    method: GET
    uri: https://gizmok23.fhcrc.org:46091/api/workflows/v1/ff00df0a-3bc3-4192-8ba2-34368d8cf2b1/metadata?includeKey=status&includeKey=failures&includeKey=jobId
  response:
    body:
      string: '{"status":"Submitted","calls":{},"id":"ff00df0a-3bc3-4192-8ba2-34368d8cf2b1"}'
    headers:
      Connection:
      - keep-alive
      Content-Type:
      - application/json
      Date:
      - Thu, 12 Feb 2026 18:49:28 GMT
      Server:
      - nginx/1.25.3
      Transfer-Encoding:
      - chunked
      content-length:
      - '77'
    status:
      code: 200
      message: OK
- request:
    body: ''
    headers:
      Accept:
      - '*/*'
      Accept-Encoding:
      - gzip, deflate
      Connection:
      - keep-alive
      Host:
      - gizmok23.fhcrc.org:46091
      User-Agent:
      - python-httpx/0.28.1
    method: GET
    uri: https://gizmok23.fhcrc.org:46091/api/workflows/v1/ff00df0a-3bc3-4192-8ba2-34368d8cf2b1/metadata?includeKey=status&includeKey=failures&includeKey=jobId
  response:
    body:
      string: '{"status":"Submitted","calls":{},"id":"ff00df0a-3bc3-4192-8ba2-34368d8cf2b1"}'
    headers:
      Connection:
      - keep-alive
      Content-Type:
      - application/json
      Date:
      - Thu, 12 Feb 2026 18:49:34 GMT
      Server:
      - nginx/1.25.3
      Transfer-Encoding:
      - chunked
      content-length:
      - '77'
    status:
      code: 200
      message: OK
- request:
    body: ''
    headers:
      Accept:
      - '*/*'
      Accept-Encoding:
      - gzip, deflate
      Connection:
      - keep-alive
      Host:
      - gizmok23.fhcrc.org:46091
      User-Agent:
      - python-httpx/0.28.1
    method: GET
    uri: https://gizmok23.fhcrc.org:46091/api/workflows/v1/ff00df0a-3bc3-4192-8ba2-34368d8cf2b1/metadata?includeKey=status&includeKey=failures&includeKey=jobId
  response:
    body:
      string: '{"status":"Submitted","calls":{},"id":"ff00df0a-3bc3-4192-8ba2-34368d8cf2b1"}'
    headers:
      Connection:
      - keep-alive
      Content-Type:
      - application/json
      Date:
      - Thu, 12 Feb 2026 18:49:39 GMT
      Server:
      - nginx/1.25.3
      Transfer-Encoding:
      - chunked
      content-length:
      - '77'
    status:
      code: 200
      message: OK
- request:
    body: ''
    headers:
      Accept:
      - '*/*'
      Accept-Encoding:
      - gzip, deflate
      Connection:
      - keep-alive
      Host:
      - gizmok23.fhcrc.org:46091
      User-Agent:
      - python-httpx/0.28.1
    method: GET
    uri: https://gizmok23.fhcrc.org:46091/api/workflows/v1/ff00df0a-3bc3-4192-8ba2-34368d8cf2b1/metadata?includeKey=status&includeKey=failures&includeKey=jobId
  response:
    body:
      string: '{"status":"Submitted","calls":{},"id":"ff00df0a-3bc3-4192-8ba2-34368d8cf2b1"}'
    headers:
      Connection:
      - keep-alive
      Content-Type:
      - application/json
      Date:
      - Thu, 12 Feb 2026 18:49:44 GMT
      Server:
      - nginx/1.25.3
      Transfer-Encoding:
      - chunked
      content-length:
      - '77'
    status:
      code: 200
      message: OK
- request:
    body: ''
    headers:
      Accept:
      - '*/*'
      Accept-Encoding:
      - gzip, deflate
      Connection:
      - keep-alive
      Host:
      - gizmok23.fhcrc.org:46091
      User-Agent:
      - python-httpx/0.28.1
    method: GET
    uri: https://gizmok23.fhcrc.org:46091/api/workflows/v1/ff00df0a-3bc3-4192-8ba2-34368d8cf2b1/metadata?includeKey=status&includeKey=failures&includeKey=jobId
  response:
    body:
      string: '{"status":"Submitted","calls":{},"id":"ff00df0a-3bc3-4192-8ba2-34368d8cf2b1"}'
    headers:
      Connection:
      - keep-alive
      Content-Type:
      - application/json
      Date:
      - Thu, 12 Feb 2026 18:49:49 GMT
      Server:
      - nginx/1.25.3
      Transfer-Encoding:
      - chunked
      content-length:
      - '77'
    status:
      code: 200
      message: OK
- request:
    body: ''
    headers:
      Accept:
      - '*/*'
      Accept-Encoding:
      - gzip, deflate
      Connection:
      - keep-alive
      Host:
      - gizmok23.fhcrc.org:46091
      User-Agent:
      - python-httpx/0.28.1
    method: GET
    uri: https://gizmok23.fhcrc.org:46091/api/workflows/v1/ff00df0a-3bc3-4192-8ba2-34368d8cf2b1/metadata?includeKey=status&includeKey=failures&includeKey=jobId
  response:
    body:
      string: '{"status":"Running","calls":{},"id":"ff00df0a-3bc3-4192-8ba2-34368d8cf2b1"}'
    headers:
      Connection:
      - keep-alive
      Content-Type:
      - application/json
      Date:
      - Thu, 12 Feb 2026 18:49:54 GMT
      Server:
      - nginx/1.25.3
      Transfer-Encoding:
      - chunked
      content-length:
      - '75'
    status:
      code: 200
      message: OK
- request:
    body: ''
    headers:
      Accept:
      - '*/*'
      Accept-Encoding:
      - gzip, deflate
      Connection:
      - keep-alive
      Host:
      - gizmok23.fhcrc.org:46091
      User-Agent:
      - python-httpx/0.28.1
    method: GET
    uri: https://gizmok23.fhcrc.org:46091/api/workflows/v1/ff00df0a-3bc3-4192-8ba2-34368d8cf2b1/metadata?includeKey=status&includeKey=failures&includeKey=jobId
  response:
    body:
      string: '{"status":"Running","calls":{},"id":"ff00df0a-3bc3-4192-8ba2-34368d8cf2b1"}'
    headers:
      Connection:
      - keep-alive
      Content-Type:
      - application/json
      Date:
      - Thu, 12 Feb 2026 18:49:59 GMT
      Server:
      - nginx/1.25.3
      Transfer-Encoding:
      - chunked
      content-length:
      - '75'
    status:
      code: 200
      message: OK
- request:
    body: ''
    headers:
      Accept:
      - '*/*'
      Accept-Encoding:
      - gzip, deflate
      Connection:
      - keep-alive
      Host:
      - gizmok23.fhcrc.org:46091
      User-Agent:
      - python-httpx/0.28.1
    method: GET
    uri: https://gizmok23.fhcrc.org:46091/api/workflows/v1/ff00df0a-3bc3-4192-8ba2-34368d8cf2b1/metadata?includeKey=status&includeKey=failures&includeKey=jobId
  response:
    body:
      string: '{"status":"Running","calls":{"testFileoperations.file_operations":[{"jobId":"46403878","attempt":1,"shardIndex":-1}]},"id":"ff00df0a-3bc3-4192-8ba2-34368d8cf2b1"}'
    headers:
      Connection:
      - keep-alive
      Content-Type:
      - application/json
      Date:
      - Thu, 12 Feb 2026 18:50:04 GMT
      Server:
      - nginx/1.25.3
      Transfer-Encoding:
      - chunked
      content-length:
      - '162'
    status:
      code: 200
      message: OK
- request:
    body: ''
    headers:
      Accept:
      - '*/*'
      Accept-Encoding:
      - gzip, deflate
      Connection:
      - keep-alive
      Host:
      - gizmok23.fhcrc.org:46091
      User-Agent:
      - python-httpx/0.28.1
    method: GET
    uri: https://gizmok23.fhcrc.org:46091/api/workflows/v1/ff00df0a-3bc3-4192-8ba2-34368d8cf2b1/metadata?includeKey=status&includeKey=failures&includeKey=jobId
  response:
    body:
      string: '{"status":"Running","calls":{"testFileoperations.file_operations":[{"jobId":"46403878","attempt":1,"shardIndex":-1}]},"id":"ff00df0a-3bc3-4192-8ba2-34368d8cf2b1"}'
    headers:
      Connection:
      - keep-alive
      Content-Type:
      - application/json
      Date:
      - Thu, 12 Feb 2026 18:50:09 GMT
      Server:
      - nginx/1.25.3
      Transfer-Encoding:
      - chunked
      content-length:
      - '162'
    status:
      code: 200
      message: OK
- request:
    body: ''
    headers:
      Accept:
      - '*/*'
      Accept-Encoding:
      - gzip, deflate
      Connection:
      - keep-alive
      Host:
      - gizmok23.fhcrc.org:46091
      User-Agent:
      - python-httpx/0.28.1
    method: GET
    uri: https://gizmok23.fhcrc.org:46091/api/workflows/v1/ff00df0a-3bc3-4192-8ba2-34368d8cf2b1/metadata?includeKey=status&includeKey=failures&includeKey=jobId
  response:
    body:
      string: '{"status":"Running","calls":{"testFileoperations.file_operations":[{"jobId":"46403878","attempt":1,"shardIndex":-1}]},"id":"ff00df0a-3bc3-4192-8ba2-34368d8cf2b1"}'
    headers:
      Connection:
      - keep-alive
      Content-Type:
      - application/json
      Date:
      - Thu, 12 Feb 2026 18:50:14 GMT
      Server:
      - nginx/1.25.3
      Transfer-Encoding:
      - chunked
      content-length:
      - '162'
    status:
      code: 200
      message: OK
- request:
    body: ''
    headers:
      Accept:
      - '*/*'
      Accept-Encoding:
      - gzip, deflate
      Connection:
      - keep-alive
      Host:
      - gizmok23.fhcrc.org:46091
      User-Agent:
      - python-httpx/0.28.1
    method: GET
    uri: https://gizmok23.fhcrc.org:46091/api/workflows/v1/ff00df0a-3bc3-4192-8ba2-34368d8cf2b1/metadata?includeKey=status&includeKey=failures&includeKey=jobId
  response:
    body:
      string: '{"status":"Running","calls":{"testFileoperations.file_operations":[{"jobId":"46403878","attempt":1,"shardIndex":-1}]},"id":"ff00df0a-3bc3-4192-8ba2-34368d8cf2b1"}'
    headers:
      Connection:
      - keep-alive
      Content-Type:
      - application/json
      Date:
      - Thu, 12 Feb 2026 18:50:19 GMT
      Server:
      - nginx/1.25.3
      Transfer-Encoding:
      - chunked
      content-length:
      - '162'
    status:
      code: 200
      message: OK
- request:
    body: ''
    headers:
      Accept:
      - '*/*'
      Accept-Encoding:
      - gzip, deflate
      Connection:
      - keep-alive
      Host:
      - gizmok23.fhcrc.org:46091
      User-Agent:
      - python-httpx/0.28.1
    method: GET
    uri: https://gizmok23.fhcrc.org:46091/api/workflows/v1/ff00df0a-3bc3-4192-8ba2-34368d8cf2b1/metadata?includeKey=status&includeKey=failures&includeKey=jobId
  response:
    body:
      string: '{"status":"Running","calls":{"testFileoperations.file_operations":[{"jobId":"46403878","attempt":1,"shardIndex":-1}]},"id":"ff00df0a-3bc3-4192-8ba2-34368d8cf2b1"}'
    headers:
      Connection:
      - keep-alive
      Content-Type:
      - application/json
      Date:
      - Thu, 12 Feb 2026 18:50:24 GMT
      Server:
      - nginx/1.25.3
      Transfer-Encoding:
      - chunked
      content-length:
      - '162'
    status:
      code: 200
      message: OK
- request:
    body: ''
    headers:
      Accept:
      - '*/*'
      Accept-Encoding:
      - gzip, deflate
      Connection:
      - keep-alive
      Host:
      - gizmok23.fhcrc.org:46091
      User-Agent:
      - python-httpx/0.28.1
    method: GET
    uri: https://gizmok23.fhcrc.org:46091/api/workflows/v1/ff00df0a-3bc3-4192-8ba2-34368d8cf2b1/metadata?includeKey=status&includeKey=failures&includeKey=jobId
  response:
    body:
      string: '{"status":"Running","calls":{"testFileoperations.file_operations":[{"jobId":"46403878","attempt":1,"shardIndex":-1}]},"id":"ff00df0a-3bc3-4192-8ba2-34368d8cf2b1"}'
    headers:
      Connection:
      - keep-alive
      Content-Type:
      - application/json
      Date:
      - Thu, 12 Feb 2026 18:50:29 GMT
      Server:
      - nginx/1.25.3
      Transfer-Encoding:
      - chunked
      content-length:
      - '162'
    status:
      code: 200
      message: OK
- request:
    body: ''
    headers:
      Accept:
      - '*/*'
      Accept-Encoding:
      - gzip, deflate
      Connection:
      - keep-alive
      Host:
      - gizmok23.fhcrc.org:46091
      User-Agent:
      - python-httpx/0.28.1
    method: GET
    uri: https://gizmok23.fhcrc.org:46091/api/workflows/v1/ff00df0a-3bc3-4192-8ba2-34368d8cf2b1/metadata?includeKey=status&includeKey=failures&includeKey=jobId
  response:
    body:
      string: '{"status":"Succeeded","calls":{"testFileoperations.file_operations":[{"jobId":"46403878","attempt":1,"shardIndex":-1}]},"id":"ff00df0a-3bc3-4192-8ba2-34368d8cf2b1"}'
    headers:
      Connection:
      - keep-alive
      Content-Type:
      - application/json
      Date:
      - Thu, 12 Feb 2026 18:50:34 GMT
      Server:
      - nginx/1.25.3
      Transfer-Encoding:
      - chunked
      content-length:
      - '164'
    status:
      code: 200
      message: OK
version: 1
