interactions:
- request:
    body: "--4b724a2c2e497219c45212cf1dae7f5f\r\nContent-Disposition: form-data; name=\"workflowSource\";
      filename=\"arrayOperations.wdl\"\r\nContent-Type: application/octet-stream\r\n\r\nversion
      1.0\n\nworkflow ArrayOperations {\n    input {\n        # Input arrays for different
      tests\n        Array[String] strings\n        Array[String] additional_strings
      = []  # For testing array concatenation\n        Array[Array[String]] nested_arrays
      = []  # For testing nested arrays\n        Array[Int] numbers = [1, 2, 3, 4,
      5]  # Default integer array for numeric operations\n        Array[File] input_files
      = [] # Array of files to test file operations\n    }\n    \n    # Scatter operation
      to test processing of each element in an array\n    # Test empty arrays (original
      operation still works with empty input)\n    scatter (str in strings) {\n        call
      Uppercase { input: text = str }\n    }\n    \n    # Test array indexing (accessing
      first and last elements)\n    if (length(strings) > 0) {\n        call ValidateIndex
      { input: arr = strings }\n    }\n    \n    # Test array functions like sorting,
      length calculation, and flattening\n    call ArrayFunctions { \n        input:
      \n            arr = strings,\n            nested = nested_arrays\n    }\n    \n
      \   # Test array concatenation and verify the combined length\n    Array[String]
      combined = flatten([strings, additional_strings])\n    call ArrayConcat {\n
      \       input: \n            arr1 = strings,\n            arr2 = additional_strings,\n
      \           expected_length = length(combined)\n    }\n    \n    # Test integer
      array operations like summation and combining arrays\n    Array[Int] more_numbers
      = [6, 7, 8, 9, 10]  # Intermediate array declaration\n    call IntegerArrayOps
      {\n        input:\n            numbers = numbers,\n            additional_numbers
      = more_numbers\n    }\n\n    # Test file array operations like localization
      and content reading\n    if (length(input_files) > 0) {\n        call FileArrayOps
      {\n            input:\n                files = input_files\n        }\n    }\n
      \   # Outputs to capture results of the tests\n    output {\n        Array[String]
      uppercased = Uppercase.out # Outputs from scatter task\n        Int? first_index
      = ValidateIndex.first_index # First index in string array\n        Int? last_index
      = ValidateIndex.last_index # Last index in string array\n        Array[String]
      sorted_array = ArrayFunctions.sorted # Sorted array\n        Array[Array[String]]
      processed_nested = ArrayFunctions.processed_nested # Processed nested array\n
      \       Boolean concat_test_passed = ArrayConcat.test_passed # Result of concatenation
      test\n        Int array_length = ArrayFunctions.arr_length # Length of input
      array\n        Array[String] flattened = ArrayFunctions.flattened # Flattened
      nested arrays\n        # New outputs for integer array operations \n        Int
      sum_result = IntegerArrayOps.sum # Sum of integer array\n        Array[Int]
      combined_numbers = IntegerArrayOps.combined # Combined integer arrays\n        #
      New outputs for file array operations\n        Array[String]? file_contents
      = FileArrayOps.contents # Contents of files\n        Boolean? files_localized
      = FileArrayOps.localization_success # File localization status\n    }\n\n    parameter_meta
      {\n        # Descriptions for inputs\n        strings: \"Primary array of input
      strings\"\n        additional_strings: \"Secondary array for testing concatenation\"\n
      \       nested_arrays: \"Array of arrays for testing nested array operations\"\n
      \       numbers: \"Array of integers for testing numeric operations\"\n        input_files:
      \"Array of input files for testing file localization\"\n    }\n}\n\n# Task to
      convert string to uppercase (tests per-element processing)\ntask Uppercase {\n
      \   input {\n        String text\n    }\n    \n    command <<<\n        echo
      \"~{text}\" | tr '[:lower:]' '[:upper:]'\n    >>>\n    \n    output {\n        String
      out = read_string(stdout())\n    }\n    \n    runtime {\n        cpu: 1\n        memory:
      \"1 GB\"\n    }\n}\n\n\n# Task to test indexing operations\ntask ValidateIndex
      {\n    input {\n        Array[String] arr\n    }\n    \n    command <<<\n        echo
      \"0\" > first_index.txt  # First index\n        echo \"~{length(arr)-1}\" >
      last_index.txt  # Last index\n    >>>\n    \n    output {\n        Int first_index
      = read_int(\"first_index.txt\")\n        Int last_index = read_int(\"last_index.txt\")\n
      \   }\n    \n    runtime {\n        cpu: 1\n        memory: \"1 GB\"\n    }\n}\n\n#
      Task to test array functions\ntask ArrayFunctions {\n    input {\n        Array[String]
      arr\n        Array[Array[String]] nested\n    }\n    \n    command <<<\n        #
      Sort the input array using bash\n        echo \"~{sep='\\n' arr}\" | sort >
      sorted.txt\n        \n        # Get array length\n        echo \"~{length(arr)}\"
      > length.txt\n        \n        # Process nested arrays (flatten them)\n        echo
      \"~{sep='\\n' flatten(nested)}\" > flattened.txt\n    >>>\n    \n    output
      {\n        Array[String] sorted = read_lines(\"sorted.txt\")\n        Int arr_length
      = read_int(\"length.txt\")\n        Array[String] flattened = read_lines(\"flattened.txt\")\n
      \       Array[Array[String]] processed_nested = nested  # Return the original
      nested array\n    }\n    \n    runtime {\n        cpu: 1\n        memory: \"1
      GB\"\n    }\n}\n\n# Task to test concatenation of two arrays\ntask ArrayConcat
      {\n    input {\n        Array[String] arr1\n        Array[String] arr2\n        Int
      expected_length\n    }\n    \n    command <<<\n        actual_length=$(( ~{length(arr1)}
      + ~{length(arr2)} ))\n        if [ \"$actual_length\" -eq ~{expected_length}
      ]; then\n            echo \"true\"\n        else\n            echo \"false\"\n
      \       fi\n    >>>\n    \n    output {\n        Boolean test_passed = read_boolean(stdout())\n
      \   }\n    \n    runtime {\n        cpu: 1\n        memory: \"1 GB\"\n    }\n}\n\n#
      Task to test integer array operations\ntask IntegerArrayOps {\n    input {\n
      \       Array[Int] numbers\n        Array[Int] additional_numbers\n    }\n    \n
      \   command <<<\n        # Calculate sum of numbers to verify proper parsing\n
      \       total=0\n        for num in ~{sep=' ' numbers}; do\n            total=$((total
      + num))\n        done\n        echo $total > sum.txt\n\n        # Combine arrays
      and write to file\n        echo \"~{sep='\\n' flatten([numbers, additional_numbers])}\"
      > combined.txt\n    >>>\n    \n    output {\n        Int sum = read_int(\"sum.txt\")\n
      \       Array[Int] combined = read_lines(\"combined.txt\")\n    }\n    \n    runtime
      {\n        cpu: 1\n        memory: \"1 GB\"\n    }\n}\n\n# Task to test file
      array operations\ntask FileArrayOps {\n    input {\n        Array[File] files\n
      \   }\n    \n    command <<<\n        # Test file localization by reading contents\n
      \       for file in ~{sep=' ' files}; do\n            if [ -f \"$file\" ]; then\n
      \               cat \"$file\" >> all_contents.txt\n                echo \"---\"
      >> all_contents.txt  # Separator between files\n            else\n                echo
      \"false\" > localization_success.txt\n                exit 1\n            fi\n
      \       done\n        echo \"true\" > localization_success.txt\n    >>>\n    \n
      \   output {\n        Array[String] contents = read_lines(\"all_contents.txt\")\n
      \       Boolean localization_success = read_boolean(\"localization_success.txt\")\n
      \   }\n    \n    runtime {\n        cpu: 1\n        memory: \"1 GB\"\n    }\n}\n\r\n--4b724a2c2e497219c45212cf1dae7f5f\r\nContent-Disposition:
      form-data; name=\"workflowInputs\"; filename=\"inputs.json\"\r\nContent-Type:
      application/json\r\n\r\n{\n    \"ArrayOperations.strings\": [\"hello\", \"world\",
      \"test\"],\n    \"ArrayOperations.additional_strings\": [\"foo\", \"bar\"],\n
      \   \"ArrayOperations.nested_arrays\": [\n        [\"nested1\", \"nested2\"],\n
      \       [\"nested3\", \"nested4\"]\n    ],\n    \"ArrayOperations.numbers\":
      [1, 2, 3, 4, 5],\n    \"ArrayOperations.input_files\": [\n        \"arrayOperations/data/test1.txt\",\n
      \       \"arrayOperations/data/test2.txt\",\n        \"arrayOperations/data/test3.txt\"\n
      \   ]\n}\n\r\n--4b724a2c2e497219c45212cf1dae7f5f\r\nContent-Disposition: form-data;
      name=\"workflowOptions\"; filename=\"options.json\"\r\nContent-Type: application/json\r\n\r\n{\n
      \   \"workflow_failure_mode\": \"ContinueWhilePossible\",\n    \"write_to_cache\":
      false,\n    \"read_from_cache\": false\n}\n\r\n--4b724a2c2e497219c45212cf1dae7f5f--\r\n"
    headers:
      Accept:
      - '*/*'
      Accept-Encoding:
      - gzip, deflate
      Connection:
      - keep-alive
      Content-Length:
      - '8043'
      Content-Type:
      - multipart/form-data; boundary=4b724a2c2e497219c45212cf1dae7f5f
      Host:
      - gizmok23.fhcrc.org:46091
      User-Agent:
      - python-httpx/0.28.1
    method: POST
    uri: https://gizmok23.fhcrc.org:46091/api/workflows/v1
  response:
    body:
      string: '{"id":"1fe124f1-d331-49e9-b904-83a8de917670","status":"Submitted"}'
    headers:
      Connection:
      - keep-alive
      Content-Length:
      - '66'
      Content-Type:
      - application/json
      Date:
      - Thu, 12 Feb 2026 18:42:52 GMT
      Server:
      - nginx/1.25.3
    status:
      code: 201
      message: Created
- request:
    body: ''
    headers:
      Accept:
      - '*/*'
      Accept-Encoding:
      - gzip, deflate
      Connection:
      - keep-alive
      Host:
      - gizmok23.fhcrc.org:46091
      User-Agent:
      - python-httpx/0.28.1
    method: GET
    uri: https://gizmok23.fhcrc.org:46091/api/workflows/v1/1fe124f1-d331-49e9-b904-83a8de917670/metadata?includeKey=status&includeKey=failures&includeKey=jobId
  response:
    body:
      string: '{"status":"Submitted","calls":{},"id":"1fe124f1-d331-49e9-b904-83a8de917670"}'
    headers:
      Connection:
      - keep-alive
      Content-Type:
      - application/json
      Date:
      - Thu, 12 Feb 2026 18:42:57 GMT
      Server:
      - nginx/1.25.3
      Transfer-Encoding:
      - chunked
      content-length:
      - '77'
    status:
      code: 200
      message: OK
- request:
    body: ''
    headers:
      Accept:
      - '*/*'
      Accept-Encoding:
      - gzip, deflate
      Connection:
      - keep-alive
      Host:
      - gizmok23.fhcrc.org:46091
      User-Agent:
      - python-httpx/0.28.1
    method: GET
    uri: https://gizmok23.fhcrc.org:46091/api/workflows/v1/1fe124f1-d331-49e9-b904-83a8de917670/metadata?includeKey=status&includeKey=failures&includeKey=jobId
  response:
    body:
      string: '{"status":"Submitted","calls":{},"id":"1fe124f1-d331-49e9-b904-83a8de917670"}'
    headers:
      Connection:
      - keep-alive
      Content-Type:
      - application/json
      Date:
      - Thu, 12 Feb 2026 18:43:02 GMT
      Server:
      - nginx/1.25.3
      Transfer-Encoding:
      - chunked
      content-length:
      - '77'
    status:
      code: 200
      message: OK
- request:
    body: ''
    headers:
      Accept:
      - '*/*'
      Accept-Encoding:
      - gzip, deflate
      Connection:
      - keep-alive
      Host:
      - gizmok23.fhcrc.org:46091
      User-Agent:
      - python-httpx/0.28.1
    method: GET
    uri: https://gizmok23.fhcrc.org:46091/api/workflows/v1/1fe124f1-d331-49e9-b904-83a8de917670/metadata?includeKey=status&includeKey=failures&includeKey=jobId
  response:
    body:
      string: '{"status":"Submitted","calls":{},"id":"1fe124f1-d331-49e9-b904-83a8de917670"}'
    headers:
      Connection:
      - keep-alive
      Content-Type:
      - application/json
      Date:
      - Thu, 12 Feb 2026 18:43:07 GMT
      Server:
      - nginx/1.25.3
      Transfer-Encoding:
      - chunked
      content-length:
      - '77'
    status:
      code: 200
      message: OK
- request:
    body: ''
    headers:
      Accept:
      - '*/*'
      Accept-Encoding:
      - gzip, deflate
      Connection:
      - keep-alive
      Host:
      - gizmok23.fhcrc.org:46091
      User-Agent:
      - python-httpx/0.28.1
    method: GET
    uri: https://gizmok23.fhcrc.org:46091/api/workflows/v1/1fe124f1-d331-49e9-b904-83a8de917670/metadata?includeKey=status&includeKey=failures&includeKey=jobId
  response:
    body:
      string: '{"status":"Submitted","calls":{},"id":"1fe124f1-d331-49e9-b904-83a8de917670"}'
    headers:
      Connection:
      - keep-alive
      Content-Type:
      - application/json
      Date:
      - Thu, 12 Feb 2026 18:43:12 GMT
      Server:
      - nginx/1.25.3
      Transfer-Encoding:
      - chunked
      content-length:
      - '77'
    status:
      code: 200
      message: OK
- request:
    body: ''
    headers:
      Accept:
      - '*/*'
      Accept-Encoding:
      - gzip, deflate
      Connection:
      - keep-alive
      Host:
      - gizmok23.fhcrc.org:46091
      User-Agent:
      - python-httpx/0.28.1
    method: GET
    uri: https://gizmok23.fhcrc.org:46091/api/workflows/v1/1fe124f1-d331-49e9-b904-83a8de917670/metadata?includeKey=status&includeKey=failures&includeKey=jobId
  response:
    body:
      string: '{"status":"Submitted","calls":{},"id":"1fe124f1-d331-49e9-b904-83a8de917670"}'
    headers:
      Connection:
      - keep-alive
      Content-Type:
      - application/json
      Date:
      - Thu, 12 Feb 2026 18:43:17 GMT
      Server:
      - nginx/1.25.3
      Transfer-Encoding:
      - chunked
      content-length:
      - '77'
    status:
      code: 200
      message: OK
- request:
    body: ''
    headers:
      Accept:
      - '*/*'
      Accept-Encoding:
      - gzip, deflate
      Connection:
      - keep-alive
      Host:
      - gizmok23.fhcrc.org:46091
      User-Agent:
      - python-httpx/0.28.1
    method: GET
    uri: https://gizmok23.fhcrc.org:46091/api/workflows/v1/1fe124f1-d331-49e9-b904-83a8de917670/metadata?includeKey=status&includeKey=failures&includeKey=jobId
  response:
    body:
      string: '{"status":"Submitted","calls":{},"id":"1fe124f1-d331-49e9-b904-83a8de917670"}'
    headers:
      Connection:
      - keep-alive
      Content-Type:
      - application/json
      Date:
      - Thu, 12 Feb 2026 18:43:22 GMT
      Server:
      - nginx/1.25.3
      Transfer-Encoding:
      - chunked
      content-length:
      - '77'
    status:
      code: 200
      message: OK
- request:
    body: ''
    headers:
      Accept:
      - '*/*'
      Accept-Encoding:
      - gzip, deflate
      Connection:
      - keep-alive
      Host:
      - gizmok23.fhcrc.org:46091
      User-Agent:
      - python-httpx/0.28.1
    method: GET
    uri: https://gizmok23.fhcrc.org:46091/api/workflows/v1/1fe124f1-d331-49e9-b904-83a8de917670/metadata?includeKey=status&includeKey=failures&includeKey=jobId
  response:
    body:
      string: '{"status":"Submitted","calls":{},"id":"1fe124f1-d331-49e9-b904-83a8de917670"}'
    headers:
      Connection:
      - keep-alive
      Content-Type:
      - application/json
      Date:
      - Thu, 12 Feb 2026 18:43:27 GMT
      Server:
      - nginx/1.25.3
      Transfer-Encoding:
      - chunked
      content-length:
      - '77'
    status:
      code: 200
      message: OK
- request:
    body: ''
    headers:
      Accept:
      - '*/*'
      Accept-Encoding:
      - gzip, deflate
      Connection:
      - keep-alive
      Host:
      - gizmok23.fhcrc.org:46091
      User-Agent:
      - python-httpx/0.28.1
    method: GET
    uri: https://gizmok23.fhcrc.org:46091/api/workflows/v1/1fe124f1-d331-49e9-b904-83a8de917670/metadata?includeKey=status&includeKey=failures&includeKey=jobId
  response:
    body:
      string: '{"status":"Submitted","calls":{},"id":"1fe124f1-d331-49e9-b904-83a8de917670"}'
    headers:
      Connection:
      - keep-alive
      Content-Type:
      - application/json
      Date:
      - Thu, 12 Feb 2026 18:43:32 GMT
      Server:
      - nginx/1.25.3
      Transfer-Encoding:
      - chunked
      content-length:
      - '77'
    status:
      code: 200
      message: OK
- request:
    body: ''
    headers:
      Accept:
      - '*/*'
      Accept-Encoding:
      - gzip, deflate
      Connection:
      - keep-alive
      Host:
      - gizmok23.fhcrc.org:46091
      User-Agent:
      - python-httpx/0.28.1
    method: GET
    uri: https://gizmok23.fhcrc.org:46091/api/workflows/v1/1fe124f1-d331-49e9-b904-83a8de917670/metadata?includeKey=status&includeKey=failures&includeKey=jobId
  response:
    body:
      string: '{"status":"Submitted","calls":{},"id":"1fe124f1-d331-49e9-b904-83a8de917670"}'
    headers:
      Connection:
      - keep-alive
      Content-Type:
      - application/json
      Date:
      - Thu, 12 Feb 2026 18:43:37 GMT
      Server:
      - nginx/1.25.3
      Transfer-Encoding:
      - chunked
      content-length:
      - '77'
    status:
      code: 200
      message: OK
- request:
    body: ''
    headers:
      Accept:
      - '*/*'
      Accept-Encoding:
      - gzip, deflate
      Connection:
      - keep-alive
      Host:
      - gizmok23.fhcrc.org:46091
      User-Agent:
      - python-httpx/0.28.1
    method: GET
    uri: https://gizmok23.fhcrc.org:46091/api/workflows/v1/1fe124f1-d331-49e9-b904-83a8de917670/metadata?includeKey=status&includeKey=failures&includeKey=jobId
  response:
    body:
      string: '{"status":"Submitted","calls":{},"id":"1fe124f1-d331-49e9-b904-83a8de917670"}'
    headers:
      Connection:
      - keep-alive
      Content-Type:
      - application/json
      Date:
      - Thu, 12 Feb 2026 18:43:42 GMT
      Server:
      - nginx/1.25.3
      Transfer-Encoding:
      - chunked
      content-length:
      - '77'
    status:
      code: 200
      message: OK
- request:
    body: ''
    headers:
      Accept:
      - '*/*'
      Accept-Encoding:
      - gzip, deflate
      Connection:
      - keep-alive
      Host:
      - gizmok23.fhcrc.org:46091
      User-Agent:
      - python-httpx/0.28.1
    method: GET
    uri: https://gizmok23.fhcrc.org:46091/api/workflows/v1/1fe124f1-d331-49e9-b904-83a8de917670/metadata?includeKey=status&includeKey=failures&includeKey=jobId
  response:
    body:
      string: '{"status":"Submitted","calls":{},"id":"1fe124f1-d331-49e9-b904-83a8de917670"}'
    headers:
      Connection:
      - keep-alive
      Content-Type:
      - application/json
      Date:
      - Thu, 12 Feb 2026 18:43:47 GMT
      Server:
      - nginx/1.25.3
      Transfer-Encoding:
      - chunked
      content-length:
      - '77'
    status:
      code: 200
      message: OK
- request:
    body: ''
    headers:
      Accept:
      - '*/*'
      Accept-Encoding:
      - gzip, deflate
      Connection:
      - keep-alive
      Host:
      - gizmok23.fhcrc.org:46091
      User-Agent:
      - python-httpx/0.28.1
    method: GET
    uri: https://gizmok23.fhcrc.org:46091/api/workflows/v1/1fe124f1-d331-49e9-b904-83a8de917670/metadata?includeKey=status&includeKey=failures&includeKey=jobId
  response:
    body:
      string: '{"status":"Submitted","calls":{},"id":"1fe124f1-d331-49e9-b904-83a8de917670"}'
    headers:
      Connection:
      - keep-alive
      Content-Type:
      - application/json
      Date:
      - Thu, 12 Feb 2026 18:43:52 GMT
      Server:
      - nginx/1.25.3
      Transfer-Encoding:
      - chunked
      content-length:
      - '77'
    status:
      code: 200
      message: OK
- request:
    body: ''
    headers:
      Accept:
      - '*/*'
      Accept-Encoding:
      - gzip, deflate
      Connection:
      - keep-alive
      Host:
      - gizmok23.fhcrc.org:46091
      User-Agent:
      - python-httpx/0.28.1
    method: GET
    uri: https://gizmok23.fhcrc.org:46091/api/workflows/v1/1fe124f1-d331-49e9-b904-83a8de917670/metadata?includeKey=status&includeKey=failures&includeKey=jobId
  response:
    body:
      string: '{"status":"Submitted","calls":{},"id":"1fe124f1-d331-49e9-b904-83a8de917670"}'
    headers:
      Connection:
      - keep-alive
      Content-Type:
      - application/json
      Date:
      - Thu, 12 Feb 2026 18:43:57 GMT
      Server:
      - nginx/1.25.3
      Transfer-Encoding:
      - chunked
      content-length:
      - '77'
    status:
      code: 200
      message: OK
- request:
    body: ''
    headers:
      Accept:
      - '*/*'
      Accept-Encoding:
      - gzip, deflate
      Connection:
      - keep-alive
      Host:
      - gizmok23.fhcrc.org:46091
      User-Agent:
      - python-httpx/0.28.1
    method: GET
    uri: https://gizmok23.fhcrc.org:46091/api/workflows/v1/1fe124f1-d331-49e9-b904-83a8de917670/metadata?includeKey=status&includeKey=failures&includeKey=jobId
  response:
    body:
      string: '{"status":"Submitted","calls":{},"id":"1fe124f1-d331-49e9-b904-83a8de917670"}'
    headers:
      Connection:
      - keep-alive
      Content-Type:
      - application/json
      Date:
      - Thu, 12 Feb 2026 18:44:02 GMT
      Server:
      - nginx/1.25.3
      Transfer-Encoding:
      - chunked
      content-length:
      - '77'
    status:
      code: 200
      message: OK
- request:
    body: ''
    headers:
      Accept:
      - '*/*'
      Accept-Encoding:
      - gzip, deflate
      Connection:
      - keep-alive
      Host:
      - gizmok23.fhcrc.org:46091
      User-Agent:
      - python-httpx/0.28.1
    method: GET
    uri: https://gizmok23.fhcrc.org:46091/api/workflows/v1/1fe124f1-d331-49e9-b904-83a8de917670/metadata?includeKey=status&includeKey=failures&includeKey=jobId
  response:
    body:
      string: '{"status":"Submitted","calls":{},"id":"1fe124f1-d331-49e9-b904-83a8de917670"}'
    headers:
      Connection:
      - keep-alive
      Content-Type:
      - application/json
      Date:
      - Thu, 12 Feb 2026 18:44:07 GMT
      Server:
      - nginx/1.25.3
      Transfer-Encoding:
      - chunked
      content-length:
      - '77'
    status:
      code: 200
      message: OK
- request:
    body: ''
    headers:
      Accept:
      - '*/*'
      Accept-Encoding:
      - gzip, deflate
      Connection:
      - keep-alive
      Host:
      - gizmok23.fhcrc.org:46091
      User-Agent:
      - python-httpx/0.28.1
    method: GET
    uri: https://gizmok23.fhcrc.org:46091/api/workflows/v1/1fe124f1-d331-49e9-b904-83a8de917670/metadata?includeKey=status&includeKey=failures&includeKey=jobId
  response:
    body:
      string: '{"status":"Submitted","calls":{},"id":"1fe124f1-d331-49e9-b904-83a8de917670"}'
    headers:
      Connection:
      - keep-alive
      Content-Type:
      - application/json
      Date:
      - Thu, 12 Feb 2026 18:44:12 GMT
      Server:
      - nginx/1.25.3
      Transfer-Encoding:
      - chunked
      content-length:
      - '77'
    status:
      code: 200
      message: OK
- request:
    body: ''
    headers:
      Accept:
      - '*/*'
      Accept-Encoding:
      - gzip, deflate
      Connection:
      - keep-alive
      Host:
      - gizmok23.fhcrc.org:46091
      User-Agent:
      - python-httpx/0.28.1
    method: GET
    uri: https://gizmok23.fhcrc.org:46091/api/workflows/v1/1fe124f1-d331-49e9-b904-83a8de917670/metadata?includeKey=status&includeKey=failures&includeKey=jobId
  response:
    body:
      string: '{"status":"Submitted","calls":{},"id":"1fe124f1-d331-49e9-b904-83a8de917670"}'
    headers:
      Connection:
      - keep-alive
      Content-Type:
      - application/json
      Date:
      - Thu, 12 Feb 2026 18:44:17 GMT
      Server:
      - nginx/1.25.3
      Transfer-Encoding:
      - chunked
      content-length:
      - '77'
    status:
      code: 200
      message: OK
- request:
    body: ''
    headers:
      Accept:
      - '*/*'
      Accept-Encoding:
      - gzip, deflate
      Connection:
      - keep-alive
      Host:
      - gizmok23.fhcrc.org:46091
      User-Agent:
      - python-httpx/0.28.1
    method: GET
    uri: https://gizmok23.fhcrc.org:46091/api/workflows/v1/1fe124f1-d331-49e9-b904-83a8de917670/metadata?includeKey=status&includeKey=failures&includeKey=jobId
  response:
    body:
      string: '{"status":"Submitted","calls":{},"id":"1fe124f1-d331-49e9-b904-83a8de917670"}'
    headers:
      Connection:
      - keep-alive
      Content-Type:
      - application/json
      Date:
      - Thu, 12 Feb 2026 18:44:22 GMT
      Server:
      - nginx/1.25.3
      Transfer-Encoding:
      - chunked
      content-length:
      - '77'
    status:
      code: 200
      message: OK
- request:
    body: ''
    headers:
      Accept:
      - '*/*'
      Accept-Encoding:
      - gzip, deflate
      Connection:
      - keep-alive
      Host:
      - gizmok23.fhcrc.org:46091
      User-Agent:
      - python-httpx/0.28.1
    method: GET
    uri: https://gizmok23.fhcrc.org:46091/api/workflows/v1/1fe124f1-d331-49e9-b904-83a8de917670/metadata?includeKey=status&includeKey=failures&includeKey=jobId
  response:
    body:
      string: '{"status":"Submitted","calls":{},"id":"1fe124f1-d331-49e9-b904-83a8de917670"}'
    headers:
      Connection:
      - keep-alive
      Content-Type:
      - application/json
      Date:
      - Thu, 12 Feb 2026 18:44:27 GMT
      Server:
      - nginx/1.25.3
      Transfer-Encoding:
      - chunked
      content-length:
      - '77'
    status:
      code: 200
      message: OK
- request:
    body: ''
    headers:
      Accept:
      - '*/*'
      Accept-Encoding:
      - gzip, deflate
      Connection:
      - keep-alive
      Host:
      - gizmok23.fhcrc.org:46091
      User-Agent:
      - python-httpx/0.28.1
    method: GET
    uri: https://gizmok23.fhcrc.org:46091/api/workflows/v1/1fe124f1-d331-49e9-b904-83a8de917670/metadata?includeKey=status&includeKey=failures&includeKey=jobId
  response:
    body:
      string: '{"status":"Submitted","calls":{},"id":"1fe124f1-d331-49e9-b904-83a8de917670"}'
    headers:
      Connection:
      - keep-alive
      Content-Type:
      - application/json
      Date:
      - Thu, 12 Feb 2026 18:44:32 GMT
      Server:
      - nginx/1.25.3
      Transfer-Encoding:
      - chunked
      content-length:
      - '77'
    status:
      code: 200
      message: OK
- request:
    body: ''
    headers:
      Accept:
      - '*/*'
      Accept-Encoding:
      - gzip, deflate
      Connection:
      - keep-alive
      Host:
      - gizmok23.fhcrc.org:46091
      User-Agent:
      - python-httpx/0.28.1
    method: GET
    uri: https://gizmok23.fhcrc.org:46091/api/workflows/v1/1fe124f1-d331-49e9-b904-83a8de917670/metadata?includeKey=status&includeKey=failures&includeKey=jobId
  response:
    body:
      string: '{"status":"Submitted","calls":{},"id":"1fe124f1-d331-49e9-b904-83a8de917670"}'
    headers:
      Connection:
      - keep-alive
      Content-Type:
      - application/json
      Date:
      - Thu, 12 Feb 2026 18:44:37 GMT
      Server:
      - nginx/1.25.3
      Transfer-Encoding:
      - chunked
      content-length:
      - '77'
    status:
      code: 200
      message: OK
- request:
    body: ''
    headers:
      Accept:
      - '*/*'
      Accept-Encoding:
      - gzip, deflate
      Connection:
      - keep-alive
      Host:
      - gizmok23.fhcrc.org:46091
      User-Agent:
      - python-httpx/0.28.1
    method: GET
    uri: https://gizmok23.fhcrc.org:46091/api/workflows/v1/1fe124f1-d331-49e9-b904-83a8de917670/metadata?includeKey=status&includeKey=failures&includeKey=jobId
  response:
    body:
      string: '{"status":"Submitted","calls":{},"id":"1fe124f1-d331-49e9-b904-83a8de917670"}'
    headers:
      Connection:
      - keep-alive
      Content-Type:
      - application/json
      Date:
      - Thu, 12 Feb 2026 18:44:42 GMT
      Server:
      - nginx/1.25.3
      Transfer-Encoding:
      - chunked
      content-length:
      - '77'
    status:
      code: 200
      message: OK
- request:
    body: ''
    headers:
      Accept:
      - '*/*'
      Accept-Encoding:
      - gzip, deflate
      Connection:
      - keep-alive
      Host:
      - gizmok23.fhcrc.org:46091
      User-Agent:
      - python-httpx/0.28.1
    method: GET
    uri: https://gizmok23.fhcrc.org:46091/api/workflows/v1/1fe124f1-d331-49e9-b904-83a8de917670/metadata?includeKey=status&includeKey=failures&includeKey=jobId
  response:
    body:
      string: '{"status":"Submitted","calls":{},"id":"1fe124f1-d331-49e9-b904-83a8de917670"}'
    headers:
      Connection:
      - keep-alive
      Content-Type:
      - application/json
      Date:
      - Thu, 12 Feb 2026 18:44:48 GMT
      Server:
      - nginx/1.25.3
      Transfer-Encoding:
      - chunked
      content-length:
      - '77'
    status:
      code: 200
      message: OK
- request:
    body: ''
    headers:
      Accept:
      - '*/*'
      Accept-Encoding:
      - gzip, deflate
      Connection:
      - keep-alive
      Host:
      - gizmok23.fhcrc.org:46091
      User-Agent:
      - python-httpx/0.28.1
    method: GET
    uri: https://gizmok23.fhcrc.org:46091/api/workflows/v1/1fe124f1-d331-49e9-b904-83a8de917670/metadata?includeKey=status&includeKey=failures&includeKey=jobId
  response:
    body:
      string: '{"status":"Submitted","calls":{},"id":"1fe124f1-d331-49e9-b904-83a8de917670"}'
    headers:
      Connection:
      - keep-alive
      Content-Type:
      - application/json
      Date:
      - Thu, 12 Feb 2026 18:44:53 GMT
      Server:
      - nginx/1.25.3
      Transfer-Encoding:
      - chunked
      content-length:
      - '77'
    status:
      code: 200
      message: OK
- request:
    body: ''
    headers:
      Accept:
      - '*/*'
      Accept-Encoding:
      - gzip, deflate
      Connection:
      - keep-alive
      Host:
      - gizmok23.fhcrc.org:46091
      User-Agent:
      - python-httpx/0.28.1
    method: GET
    uri: https://gizmok23.fhcrc.org:46091/api/workflows/v1/1fe124f1-d331-49e9-b904-83a8de917670/metadata?includeKey=status&includeKey=failures&includeKey=jobId
  response:
    body:
      string: '{"status":"Submitted","calls":{},"id":"1fe124f1-d331-49e9-b904-83a8de917670"}'
    headers:
      Connection:
      - keep-alive
      Content-Type:
      - application/json
      Date:
      - Thu, 12 Feb 2026 18:44:58 GMT
      Server:
      - nginx/1.25.3
      Transfer-Encoding:
      - chunked
      content-length:
      - '77'
    status:
      code: 200
      message: OK
- request:
    body: ''
    headers:
      Accept:
      - '*/*'
      Accept-Encoding:
      - gzip, deflate
      Connection:
      - keep-alive
      Host:
      - gizmok23.fhcrc.org:46091
      User-Agent:
      - python-httpx/0.28.1
    method: GET
    uri: https://gizmok23.fhcrc.org:46091/api/workflows/v1/1fe124f1-d331-49e9-b904-83a8de917670/metadata?includeKey=status&includeKey=failures&includeKey=jobId
  response:
    body:
      string: '{"status":"Submitted","calls":{},"id":"1fe124f1-d331-49e9-b904-83a8de917670"}'
    headers:
      Connection:
      - keep-alive
      Content-Type:
      - application/json
      Date:
      - Thu, 12 Feb 2026 18:45:03 GMT
      Server:
      - nginx/1.25.3
      Transfer-Encoding:
      - chunked
      content-length:
      - '77'
    status:
      code: 200
      message: OK
- request:
    body: ''
    headers:
      Accept:
      - '*/*'
      Accept-Encoding:
      - gzip, deflate
      Connection:
      - keep-alive
      Host:
      - gizmok23.fhcrc.org:46091
      User-Agent:
      - python-httpx/0.28.1
    method: GET
    uri: https://gizmok23.fhcrc.org:46091/api/workflows/v1/1fe124f1-d331-49e9-b904-83a8de917670/metadata?includeKey=status&includeKey=failures&includeKey=jobId
  response:
    body:
      string: '{"status":"Submitted","calls":{},"id":"1fe124f1-d331-49e9-b904-83a8de917670"}'
    headers:
      Connection:
      - keep-alive
      Content-Type:
      - application/json
      Date:
      - Thu, 12 Feb 2026 18:45:08 GMT
      Server:
      - nginx/1.25.3
      Transfer-Encoding:
      - chunked
      content-length:
      - '77'
    status:
      code: 200
      message: OK
- request:
    body: ''
    headers:
      Accept:
      - '*/*'
      Accept-Encoding:
      - gzip, deflate
      Connection:
      - keep-alive
      Host:
      - gizmok23.fhcrc.org:46091
      User-Agent:
      - python-httpx/0.28.1
    method: GET
    uri: https://gizmok23.fhcrc.org:46091/api/workflows/v1/1fe124f1-d331-49e9-b904-83a8de917670/metadata?includeKey=status&includeKey=failures&includeKey=jobId
  response:
    body:
      string: '{"status":"Submitted","calls":{},"id":"1fe124f1-d331-49e9-b904-83a8de917670"}'
    headers:
      Connection:
      - keep-alive
      Content-Type:
      - application/json
      Date:
      - Thu, 12 Feb 2026 18:45:13 GMT
      Server:
      - nginx/1.25.3
      Transfer-Encoding:
      - chunked
      content-length:
      - '77'
    status:
      code: 200
      message: OK
- request:
    body: ''
    headers:
      Accept:
      - '*/*'
      Accept-Encoding:
      - gzip, deflate
      Connection:
      - keep-alive
      Host:
      - gizmok23.fhcrc.org:46091
      User-Agent:
      - python-httpx/0.28.1
    method: GET
    uri: https://gizmok23.fhcrc.org:46091/api/workflows/v1/1fe124f1-d331-49e9-b904-83a8de917670/metadata?includeKey=status&includeKey=failures&includeKey=jobId
  response:
    body:
      string: '{"status":"Submitted","calls":{},"id":"1fe124f1-d331-49e9-b904-83a8de917670"}'
    headers:
      Connection:
      - keep-alive
      Content-Type:
      - application/json
      Date:
      - Thu, 12 Feb 2026 18:45:18 GMT
      Server:
      - nginx/1.25.3
      Transfer-Encoding:
      - chunked
      content-length:
      - '77'
    status:
      code: 200
      message: OK
- request:
    body: ''
    headers:
      Accept:
      - '*/*'
      Accept-Encoding:
      - gzip, deflate
      Connection:
      - keep-alive
      Host:
      - gizmok23.fhcrc.org:46091
      User-Agent:
      - python-httpx/0.28.1
    method: GET
    uri: https://gizmok23.fhcrc.org:46091/api/workflows/v1/1fe124f1-d331-49e9-b904-83a8de917670/metadata?includeKey=status&includeKey=failures&includeKey=jobId
  response:
    body:
      string: '{"status":"Submitted","calls":{},"id":"1fe124f1-d331-49e9-b904-83a8de917670"}'
    headers:
      Connection:
      - keep-alive
      Content-Type:
      - application/json
      Date:
      - Thu, 12 Feb 2026 18:45:23 GMT
      Server:
      - nginx/1.25.3
      Transfer-Encoding:
      - chunked
      content-length:
      - '77'
    status:
      code: 200
      message: OK
- request:
    body: ''
    headers:
      Accept:
      - '*/*'
      Accept-Encoding:
      - gzip, deflate
      Connection:
      - keep-alive
      Host:
      - gizmok23.fhcrc.org:46091
      User-Agent:
      - python-httpx/0.28.1
    method: GET
    uri: https://gizmok23.fhcrc.org:46091/api/workflows/v1/1fe124f1-d331-49e9-b904-83a8de917670/metadata?includeKey=status&includeKey=failures&includeKey=jobId
  response:
    body:
      string: '{"status":"Submitted","calls":{},"id":"1fe124f1-d331-49e9-b904-83a8de917670"}'
    headers:
      Connection:
      - keep-alive
      Content-Type:
      - application/json
      Date:
      - Thu, 12 Feb 2026 18:45:28 GMT
      Server:
      - nginx/1.25.3
      Transfer-Encoding:
      - chunked
      content-length:
      - '77'
    status:
      code: 200
      message: OK
- request:
    body: ''
    headers:
      Accept:
      - '*/*'
      Accept-Encoding:
      - gzip, deflate
      Connection:
      - keep-alive
      Host:
      - gizmok23.fhcrc.org:46091
      User-Agent:
      - python-httpx/0.28.1
    method: GET
    uri: https://gizmok23.fhcrc.org:46091/api/workflows/v1/1fe124f1-d331-49e9-b904-83a8de917670/metadata?includeKey=status&includeKey=failures&includeKey=jobId
  response:
    body:
      string: '{"status":"Submitted","calls":{},"id":"1fe124f1-d331-49e9-b904-83a8de917670"}'
    headers:
      Connection:
      - keep-alive
      Content-Type:
      - application/json
      Date:
      - Thu, 12 Feb 2026 18:45:33 GMT
      Server:
      - nginx/1.25.3
      Transfer-Encoding:
      - chunked
      content-length:
      - '77'
    status:
      code: 200
      message: OK
- request:
    body: ''
    headers:
      Accept:
      - '*/*'
      Accept-Encoding:
      - gzip, deflate
      Connection:
      - keep-alive
      Host:
      - gizmok23.fhcrc.org:46091
      User-Agent:
      - python-httpx/0.28.1
    method: GET
    uri: https://gizmok23.fhcrc.org:46091/api/workflows/v1/1fe124f1-d331-49e9-b904-83a8de917670/metadata?includeKey=status&includeKey=failures&includeKey=jobId
  response:
    body:
      string: '{"status":"Submitted","calls":{},"id":"1fe124f1-d331-49e9-b904-83a8de917670"}'
    headers:
      Connection:
      - keep-alive
      Content-Type:
      - application/json
      Date:
      - Thu, 12 Feb 2026 18:45:38 GMT
      Server:
      - nginx/1.25.3
      Transfer-Encoding:
      - chunked
      content-length:
      - '77'
    status:
      code: 200
      message: OK
- request:
    body: ''
    headers:
      Accept:
      - '*/*'
      Accept-Encoding:
      - gzip, deflate
      Connection:
      - keep-alive
      Host:
      - gizmok23.fhcrc.org:46091
      User-Agent:
      - python-httpx/0.28.1
    method: GET
    uri: https://gizmok23.fhcrc.org:46091/api/workflows/v1/1fe124f1-d331-49e9-b904-83a8de917670/metadata?includeKey=status&includeKey=failures&includeKey=jobId
  response:
    body:
      string: '{"status":"Submitted","calls":{},"id":"1fe124f1-d331-49e9-b904-83a8de917670"}'
    headers:
      Connection:
      - keep-alive
      Content-Type:
      - application/json
      Date:
      - Thu, 12 Feb 2026 18:45:43 GMT
      Server:
      - nginx/1.25.3
      Transfer-Encoding:
      - chunked
      content-length:
      - '77'
    status:
      code: 200
      message: OK
- request:
    body: ''
    headers:
      Accept:
      - '*/*'
      Accept-Encoding:
      - gzip, deflate
      Connection:
      - keep-alive
      Host:
      - gizmok23.fhcrc.org:46091
      User-Agent:
      - python-httpx/0.28.1
    method: GET
    uri: https://gizmok23.fhcrc.org:46091/api/workflows/v1/1fe124f1-d331-49e9-b904-83a8de917670/metadata?includeKey=status&includeKey=failures&includeKey=jobId
  response:
    body:
      string: '{"status":"Submitted","calls":{},"id":"1fe124f1-d331-49e9-b904-83a8de917670"}'
    headers:
      Connection:
      - keep-alive
      Content-Type:
      - application/json
      Date:
      - Thu, 12 Feb 2026 18:45:48 GMT
      Server:
      - nginx/1.25.3
      Transfer-Encoding:
      - chunked
      content-length:
      - '77'
    status:
      code: 200
      message: OK
- request:
    body: ''
    headers:
      Accept:
      - '*/*'
      Accept-Encoding:
      - gzip, deflate
      Connection:
      - keep-alive
      Host:
      - gizmok23.fhcrc.org:46091
      User-Agent:
      - python-httpx/0.28.1
    method: GET
    uri: https://gizmok23.fhcrc.org:46091/api/workflows/v1/1fe124f1-d331-49e9-b904-83a8de917670/metadata?includeKey=status&includeKey=failures&includeKey=jobId
  response:
    body:
      string: '{"status":"Submitted","calls":{},"id":"1fe124f1-d331-49e9-b904-83a8de917670"}'
    headers:
      Connection:
      - keep-alive
      Content-Type:
      - application/json
      Date:
      - Thu, 12 Feb 2026 18:45:53 GMT
      Server:
      - nginx/1.25.3
      Transfer-Encoding:
      - chunked
      content-length:
      - '77'
    status:
      code: 200
      message: OK
- request:
    body: ''
    headers:
      Accept:
      - '*/*'
      Accept-Encoding:
      - gzip, deflate
      Connection:
      - keep-alive
      Host:
      - gizmok23.fhcrc.org:46091
      User-Agent:
      - python-httpx/0.28.1
    method: GET
    uri: https://gizmok23.fhcrc.org:46091/api/workflows/v1/1fe124f1-d331-49e9-b904-83a8de917670/metadata?includeKey=status&includeKey=failures&includeKey=jobId
  response:
    body:
      string: '{"status":"Submitted","calls":{},"id":"1fe124f1-d331-49e9-b904-83a8de917670"}'
    headers:
      Connection:
      - keep-alive
      Content-Type:
      - application/json
      Date:
      - Thu, 12 Feb 2026 18:45:58 GMT
      Server:
      - nginx/1.25.3
      Transfer-Encoding:
      - chunked
      content-length:
      - '77'
    status:
      code: 200
      message: OK
- request:
    body: ''
    headers:
      Accept:
      - '*/*'
      Accept-Encoding:
      - gzip, deflate
      Connection:
      - keep-alive
      Host:
      - gizmok23.fhcrc.org:46091
      User-Agent:
      - python-httpx/0.28.1
    method: GET
    uri: https://gizmok23.fhcrc.org:46091/api/workflows/v1/1fe124f1-d331-49e9-b904-83a8de917670/metadata?includeKey=status&includeKey=failures&includeKey=jobId
  response:
    body:
      string: '{"status":"Submitted","calls":{},"id":"1fe124f1-d331-49e9-b904-83a8de917670"}'
    headers:
      Connection:
      - keep-alive
      Content-Type:
      - application/json
      Date:
      - Thu, 12 Feb 2026 18:46:03 GMT
      Server:
      - nginx/1.25.3
      Transfer-Encoding:
      - chunked
      content-length:
      - '77'
    status:
      code: 200
      message: OK
- request:
    body: ''
    headers:
      Accept:
      - '*/*'
      Accept-Encoding:
      - gzip, deflate
      Connection:
      - keep-alive
      Host:
      - gizmok23.fhcrc.org:46091
      User-Agent:
      - python-httpx/0.28.1
    method: GET
    uri: https://gizmok23.fhcrc.org:46091/api/workflows/v1/1fe124f1-d331-49e9-b904-83a8de917670/metadata?includeKey=status&includeKey=failures&includeKey=jobId
  response:
    body:
      string: '{"status":"Submitted","calls":{},"id":"1fe124f1-d331-49e9-b904-83a8de917670"}'
    headers:
      Connection:
      - keep-alive
      Content-Type:
      - application/json
      Date:
      - Thu, 12 Feb 2026 18:46:08 GMT
      Server:
      - nginx/1.25.3
      Transfer-Encoding:
      - chunked
      content-length:
      - '77'
    status:
      code: 200
      message: OK
- request:
    body: ''
    headers:
      Accept:
      - '*/*'
      Accept-Encoding:
      - gzip, deflate
      Connection:
      - keep-alive
      Host:
      - gizmok23.fhcrc.org:46091
      User-Agent:
      - python-httpx/0.28.1
    method: GET
    uri: https://gizmok23.fhcrc.org:46091/api/workflows/v1/1fe124f1-d331-49e9-b904-83a8de917670/metadata?includeKey=status&includeKey=failures&includeKey=jobId
  response:
    body:
      string: '{"status":"Submitted","calls":{},"id":"1fe124f1-d331-49e9-b904-83a8de917670"}'
    headers:
      Connection:
      - keep-alive
      Content-Type:
      - application/json
      Date:
      - Thu, 12 Feb 2026 18:46:13 GMT
      Server:
      - nginx/1.25.3
      Transfer-Encoding:
      - chunked
      content-length:
      - '77'
    status:
      code: 200
      message: OK
- request:
    body: ''
    headers:
      Accept:
      - '*/*'
      Accept-Encoding:
      - gzip, deflate
      Connection:
      - keep-alive
      Host:
      - gizmok23.fhcrc.org:46091
      User-Agent:
      - python-httpx/0.28.1
    method: GET
    uri: https://gizmok23.fhcrc.org:46091/api/workflows/v1/1fe124f1-d331-49e9-b904-83a8de917670/metadata?includeKey=status&includeKey=failures&includeKey=jobId
  response:
    body:
      string: '{"status":"Submitted","calls":{},"id":"1fe124f1-d331-49e9-b904-83a8de917670"}'
    headers:
      Connection:
      - keep-alive
      Content-Type:
      - application/json
      Date:
      - Thu, 12 Feb 2026 18:46:18 GMT
      Server:
      - nginx/1.25.3
      Transfer-Encoding:
      - chunked
      content-length:
      - '77'
    status:
      code: 200
      message: OK
- request:
    body: ''
    headers:
      Accept:
      - '*/*'
      Accept-Encoding:
      - gzip, deflate
      Connection:
      - keep-alive
      Host:
      - gizmok23.fhcrc.org:46091
      User-Agent:
      - python-httpx/0.28.1
    method: GET
    uri: https://gizmok23.fhcrc.org:46091/api/workflows/v1/1fe124f1-d331-49e9-b904-83a8de917670/metadata?includeKey=status&includeKey=failures&includeKey=jobId
  response:
    body:
      string: '{"status":"Submitted","calls":{},"id":"1fe124f1-d331-49e9-b904-83a8de917670"}'
    headers:
      Connection:
      - keep-alive
      Content-Type:
      - application/json
      Date:
      - Thu, 12 Feb 2026 18:46:23 GMT
      Server:
      - nginx/1.25.3
      Transfer-Encoding:
      - chunked
      content-length:
      - '77'
    status:
      code: 200
      message: OK
- request:
    body: ''
    headers:
      Accept:
      - '*/*'
      Accept-Encoding:
      - gzip, deflate
      Connection:
      - keep-alive
      Host:
      - gizmok23.fhcrc.org:46091
      User-Agent:
      - python-httpx/0.28.1
    method: GET
    uri: https://gizmok23.fhcrc.org:46091/api/workflows/v1/1fe124f1-d331-49e9-b904-83a8de917670/metadata?includeKey=status&includeKey=failures&includeKey=jobId
  response:
    body:
      string: '{"status":"Submitted","calls":{},"id":"1fe124f1-d331-49e9-b904-83a8de917670"}'
    headers:
      Connection:
      - keep-alive
      Content-Type:
      - application/json
      Date:
      - Thu, 12 Feb 2026 18:46:28 GMT
      Server:
      - nginx/1.25.3
      Transfer-Encoding:
      - chunked
      content-length:
      - '77'
    status:
      code: 200
      message: OK
- request:
    body: ''
    headers:
      Accept:
      - '*/*'
      Accept-Encoding:
      - gzip, deflate
      Connection:
      - keep-alive
      Host:
      - gizmok23.fhcrc.org:46091
      User-Agent:
      - python-httpx/0.28.1
    method: GET
    uri: https://gizmok23.fhcrc.org:46091/api/workflows/v1/1fe124f1-d331-49e9-b904-83a8de917670/metadata?includeKey=status&includeKey=failures&includeKey=jobId
  response:
    body:
      string: '{"status":"Submitted","calls":{},"id":"1fe124f1-d331-49e9-b904-83a8de917670"}'
    headers:
      Connection:
      - keep-alive
      Content-Type:
      - application/json
      Date:
      - Thu, 12 Feb 2026 18:46:33 GMT
      Server:
      - nginx/1.25.3
      Transfer-Encoding:
      - chunked
      content-length:
      - '77'
    status:
      code: 200
      message: OK
- request:
    body: ''
    headers:
      Accept:
      - '*/*'
      Accept-Encoding:
      - gzip, deflate
      Connection:
      - keep-alive
      Host:
      - gizmok23.fhcrc.org:46091
      User-Agent:
      - python-httpx/0.28.1
    method: GET
    uri: https://gizmok23.fhcrc.org:46091/api/workflows/v1/1fe124f1-d331-49e9-b904-83a8de917670/metadata?includeKey=status&includeKey=failures&includeKey=jobId
  response:
    body:
      string: '{"status":"Submitted","calls":{},"id":"1fe124f1-d331-49e9-b904-83a8de917670"}'
    headers:
      Connection:
      - keep-alive
      Content-Type:
      - application/json
      Date:
      - Thu, 12 Feb 2026 18:46:38 GMT
      Server:
      - nginx/1.25.3
      Transfer-Encoding:
      - chunked
      content-length:
      - '77'
    status:
      code: 200
      message: OK
- request:
    body: ''
    headers:
      Accept:
      - '*/*'
      Accept-Encoding:
      - gzip, deflate
      Connection:
      - keep-alive
      Host:
      - gizmok23.fhcrc.org:46091
      User-Agent:
      - python-httpx/0.28.1
    method: GET
    uri: https://gizmok23.fhcrc.org:46091/api/workflows/v1/1fe124f1-d331-49e9-b904-83a8de917670/metadata?includeKey=status&includeKey=failures&includeKey=jobId
  response:
    body:
      string: '{"status":"Submitted","calls":{},"id":"1fe124f1-d331-49e9-b904-83a8de917670"}'
    headers:
      Connection:
      - keep-alive
      Content-Type:
      - application/json
      Date:
      - Thu, 12 Feb 2026 18:46:43 GMT
      Server:
      - nginx/1.25.3
      Transfer-Encoding:
      - chunked
      content-length:
      - '77'
    status:
      code: 200
      message: OK
- request:
    body: ''
    headers:
      Accept:
      - '*/*'
      Accept-Encoding:
      - gzip, deflate
      Connection:
      - keep-alive
      Host:
      - gizmok23.fhcrc.org:46091
      User-Agent:
      - python-httpx/0.28.1
    method: GET
    uri: https://gizmok23.fhcrc.org:46091/api/workflows/v1/1fe124f1-d331-49e9-b904-83a8de917670/metadata?includeKey=status&includeKey=failures&includeKey=jobId
  response:
    body:
      string: '{"status":"Submitted","calls":{},"id":"1fe124f1-d331-49e9-b904-83a8de917670"}'
    headers:
      Connection:
      - keep-alive
      Content-Type:
      - application/json
      Date:
      - Thu, 12 Feb 2026 18:46:49 GMT
      Server:
      - nginx/1.25.3
      Transfer-Encoding:
      - chunked
      content-length:
      - '77'
    status:
      code: 200
      message: OK
- request:
    body: ''
    headers:
      Accept:
      - '*/*'
      Accept-Encoding:
      - gzip, deflate
      Connection:
      - keep-alive
      Host:
      - gizmok23.fhcrc.org:46091
      User-Agent:
      - python-httpx/0.28.1
    method: GET
    uri: https://gizmok23.fhcrc.org:46091/api/workflows/v1/1fe124f1-d331-49e9-b904-83a8de917670/metadata?includeKey=status&includeKey=failures&includeKey=jobId
  response:
    body:
      string: '{"status":"Submitted","calls":{},"id":"1fe124f1-d331-49e9-b904-83a8de917670"}'
    headers:
      Connection:
      - keep-alive
      Content-Type:
      - application/json
      Date:
      - Thu, 12 Feb 2026 18:46:54 GMT
      Server:
      - nginx/1.25.3
      Transfer-Encoding:
      - chunked
      content-length:
      - '77'
    status:
      code: 200
      message: OK
- request:
    body: ''
    headers:
      Accept:
      - '*/*'
      Accept-Encoding:
      - gzip, deflate
      Connection:
      - keep-alive
      Host:
      - gizmok23.fhcrc.org:46091
      User-Agent:
      - python-httpx/0.28.1
    method: GET
    uri: https://gizmok23.fhcrc.org:46091/api/workflows/v1/1fe124f1-d331-49e9-b904-83a8de917670/metadata?includeKey=status&includeKey=failures&includeKey=jobId
  response:
    body:
      string: '{"status":"Submitted","calls":{},"id":"1fe124f1-d331-49e9-b904-83a8de917670"}'
    headers:
      Connection:
      - keep-alive
      Content-Type:
      - application/json
      Date:
      - Thu, 12 Feb 2026 18:46:59 GMT
      Server:
      - nginx/1.25.3
      Transfer-Encoding:
      - chunked
      content-length:
      - '77'
    status:
      code: 200
      message: OK
- request:
    body: ''
    headers:
      Accept:
      - '*/*'
      Accept-Encoding:
      - gzip, deflate
      Connection:
      - keep-alive
      Host:
      - gizmok23.fhcrc.org:46091
      User-Agent:
      - python-httpx/0.28.1
    method: GET
    uri: https://gizmok23.fhcrc.org:46091/api/workflows/v1/1fe124f1-d331-49e9-b904-83a8de917670/metadata?includeKey=status&includeKey=failures&includeKey=jobId
  response:
    body:
      string: '{"status":"Submitted","calls":{},"id":"1fe124f1-d331-49e9-b904-83a8de917670"}'
    headers:
      Connection:
      - keep-alive
      Content-Type:
      - application/json
      Date:
      - Thu, 12 Feb 2026 18:47:04 GMT
      Server:
      - nginx/1.25.3
      Transfer-Encoding:
      - chunked
      content-length:
      - '77'
    status:
      code: 200
      message: OK
- request:
    body: ''
    headers:
      Accept:
      - '*/*'
      Accept-Encoding:
      - gzip, deflate
      Connection:
      - keep-alive
      Host:
      - gizmok23.fhcrc.org:46091
      User-Agent:
      - python-httpx/0.28.1
    method: GET
    uri: https://gizmok23.fhcrc.org:46091/api/workflows/v1/1fe124f1-d331-49e9-b904-83a8de917670/metadata?includeKey=status&includeKey=failures&includeKey=jobId
  response:
    body:
      string: '{"status":"Submitted","calls":{},"id":"1fe124f1-d331-49e9-b904-83a8de917670"}'
    headers:
      Connection:
      - keep-alive
      Content-Type:
      - application/json
      Date:
      - Thu, 12 Feb 2026 18:47:09 GMT
      Server:
      - nginx/1.25.3
      Transfer-Encoding:
      - chunked
      content-length:
      - '77'
    status:
      code: 200
      message: OK
- request:
    body: ''
    headers:
      Accept:
      - '*/*'
      Accept-Encoding:
      - gzip, deflate
      Connection:
      - keep-alive
      Host:
      - gizmok23.fhcrc.org:46091
      User-Agent:
      - python-httpx/0.28.1
    method: GET
    uri: https://gizmok23.fhcrc.org:46091/api/workflows/v1/1fe124f1-d331-49e9-b904-83a8de917670/metadata?includeKey=status&includeKey=failures&includeKey=jobId
  response:
    body:
      string: '{"status":"Submitted","calls":{},"id":"1fe124f1-d331-49e9-b904-83a8de917670"}'
    headers:
      Connection:
      - keep-alive
      Content-Type:
      - application/json
      Date:
      - Thu, 12 Feb 2026 18:47:14 GMT
      Server:
      - nginx/1.25.3
      Transfer-Encoding:
      - chunked
      content-length:
      - '77'
    status:
      code: 200
      message: OK
- request:
    body: ''
    headers:
      Accept:
      - '*/*'
      Accept-Encoding:
      - gzip, deflate
      Connection:
      - keep-alive
      Host:
      - gizmok23.fhcrc.org:46091
      User-Agent:
      - python-httpx/0.28.1
    method: GET
    uri: https://gizmok23.fhcrc.org:46091/api/workflows/v1/1fe124f1-d331-49e9-b904-83a8de917670/metadata?includeKey=status&includeKey=failures&includeKey=jobId
  response:
    body:
      string: '{"status":"Submitted","calls":{},"id":"1fe124f1-d331-49e9-b904-83a8de917670"}'
    headers:
      Connection:
      - keep-alive
      Content-Type:
      - application/json
      Date:
      - Thu, 12 Feb 2026 18:47:19 GMT
      Server:
      - nginx/1.25.3
      Transfer-Encoding:
      - chunked
      content-length:
      - '77'
    status:
      code: 200
      message: OK
- request:
    body: ''
    headers:
      Accept:
      - '*/*'
      Accept-Encoding:
      - gzip, deflate
      Connection:
      - keep-alive
      Host:
      - gizmok23.fhcrc.org:46091
      User-Agent:
      - python-httpx/0.28.1
    method: GET
    uri: https://gizmok23.fhcrc.org:46091/api/workflows/v1/1fe124f1-d331-49e9-b904-83a8de917670/metadata?includeKey=status&includeKey=failures&includeKey=jobId
  response:
    body:
      string: '{"status":"Submitted","calls":{},"id":"1fe124f1-d331-49e9-b904-83a8de917670"}'
    headers:
      Connection:
      - keep-alive
      Content-Type:
      - application/json
      Date:
      - Thu, 12 Feb 2026 18:47:24 GMT
      Server:
      - nginx/1.25.3
      Transfer-Encoding:
      - chunked
      content-length:
      - '77'
    status:
      code: 200
      message: OK
- request:
    body: ''
    headers:
      Accept:
      - '*/*'
      Accept-Encoding:
      - gzip, deflate
      Connection:
      - keep-alive
      Host:
      - gizmok23.fhcrc.org:46091
      User-Agent:
      - python-httpx/0.28.1
    method: GET
    uri: https://gizmok23.fhcrc.org:46091/api/workflows/v1/1fe124f1-d331-49e9-b904-83a8de917670/metadata?includeKey=status&includeKey=failures&includeKey=jobId
  response:
    body:
      string: '{"status":"Submitted","calls":{},"id":"1fe124f1-d331-49e9-b904-83a8de917670"}'
    headers:
      Connection:
      - keep-alive
      Content-Type:
      - application/json
      Date:
      - Thu, 12 Feb 2026 18:47:29 GMT
      Server:
      - nginx/1.25.3
      Transfer-Encoding:
      - chunked
      content-length:
      - '77'
    status:
      code: 200
      message: OK
- request:
    body: ''
    headers:
      Accept:
      - '*/*'
      Accept-Encoding:
      - gzip, deflate
      Connection:
      - keep-alive
      Host:
      - gizmok23.fhcrc.org:46091
      User-Agent:
      - python-httpx/0.28.1
    method: GET
    uri: https://gizmok23.fhcrc.org:46091/api/workflows/v1/1fe124f1-d331-49e9-b904-83a8de917670/metadata?includeKey=status&includeKey=failures&includeKey=jobId
  response:
    body:
      string: '{"status":"Submitted","calls":{},"id":"1fe124f1-d331-49e9-b904-83a8de917670"}'
    headers:
      Connection:
      - keep-alive
      Content-Type:
      - application/json
      Date:
      - Thu, 12 Feb 2026 18:47:34 GMT
      Server:
      - nginx/1.25.3
      Transfer-Encoding:
      - chunked
      content-length:
      - '77'
    status:
      code: 200
      message: OK
- request:
    body: ''
    headers:
      Accept:
      - '*/*'
      Accept-Encoding:
      - gzip, deflate
      Connection:
      - keep-alive
      Host:
      - gizmok23.fhcrc.org:46091
      User-Agent:
      - python-httpx/0.28.1
    method: GET
    uri: https://gizmok23.fhcrc.org:46091/api/workflows/v1/1fe124f1-d331-49e9-b904-83a8de917670/metadata?includeKey=status&includeKey=failures&includeKey=jobId
  response:
    body:
      string: '{"status":"Submitted","calls":{},"id":"1fe124f1-d331-49e9-b904-83a8de917670"}'
    headers:
      Connection:
      - keep-alive
      Content-Type:
      - application/json
      Date:
      - Thu, 12 Feb 2026 18:47:39 GMT
      Server:
      - nginx/1.25.3
      Transfer-Encoding:
      - chunked
      content-length:
      - '77'
    status:
      code: 200
      message: OK
- request:
    body: ''
    headers:
      Accept:
      - '*/*'
      Accept-Encoding:
      - gzip, deflate
      Connection:
      - keep-alive
      Host:
      - gizmok23.fhcrc.org:46091
      User-Agent:
      - python-httpx/0.28.1
    method: GET
    uri: https://gizmok23.fhcrc.org:46091/api/workflows/v1/1fe124f1-d331-49e9-b904-83a8de917670/metadata?includeKey=status&includeKey=failures&includeKey=jobId
  response:
    body:
      string: '{"status":"Submitted","calls":{},"id":"1fe124f1-d331-49e9-b904-83a8de917670"}'
    headers:
      Connection:
      - keep-alive
      Content-Type:
      - application/json
      Date:
      - Thu, 12 Feb 2026 18:47:44 GMT
      Server:
      - nginx/1.25.3
      Transfer-Encoding:
      - chunked
      content-length:
      - '77'
    status:
      code: 200
      message: OK
- request:
    body: ''
    headers:
      Accept:
      - '*/*'
      Accept-Encoding:
      - gzip, deflate
      Connection:
      - keep-alive
      Host:
      - gizmok23.fhcrc.org:46091
      User-Agent:
      - python-httpx/0.28.1
    method: GET
    uri: https://gizmok23.fhcrc.org:46091/api/workflows/v1/1fe124f1-d331-49e9-b904-83a8de917670/metadata?includeKey=status&includeKey=failures&includeKey=jobId
  response:
    body:
      string: '{"status":"Submitted","calls":{},"id":"1fe124f1-d331-49e9-b904-83a8de917670"}'
    headers:
      Connection:
      - keep-alive
      Content-Type:
      - application/json
      Date:
      - Thu, 12 Feb 2026 18:47:49 GMT
      Server:
      - nginx/1.25.3
      Transfer-Encoding:
      - chunked
      content-length:
      - '77'
    status:
      code: 200
      message: OK
- request:
    body: ''
    headers:
      Accept:
      - '*/*'
      Accept-Encoding:
      - gzip, deflate
      Connection:
      - keep-alive
      Host:
      - gizmok23.fhcrc.org:46091
      User-Agent:
      - python-httpx/0.28.1
    method: GET
    uri: https://gizmok23.fhcrc.org:46091/api/workflows/v1/1fe124f1-d331-49e9-b904-83a8de917670/metadata?includeKey=status&includeKey=failures&includeKey=jobId
  response:
    body:
      string: '{"status":"Submitted","calls":{},"id":"1fe124f1-d331-49e9-b904-83a8de917670"}'
    headers:
      Connection:
      - keep-alive
      Content-Type:
      - application/json
      Date:
      - Thu, 12 Feb 2026 18:47:54 GMT
      Server:
      - nginx/1.25.3
      Transfer-Encoding:
      - chunked
      content-length:
      - '77'
    status:
      code: 200
      message: OK
- request:
    body: ''
    headers:
      Accept:
      - '*/*'
      Accept-Encoding:
      - gzip, deflate
      Connection:
      - keep-alive
      Host:
      - gizmok23.fhcrc.org:46091
      User-Agent:
      - python-httpx/0.28.1
    method: GET
    uri: https://gizmok23.fhcrc.org:46091/api/workflows/v1/1fe124f1-d331-49e9-b904-83a8de917670/metadata?includeKey=status&includeKey=failures&includeKey=jobId
  response:
    body:
      string: '{"status":"Submitted","calls":{},"id":"1fe124f1-d331-49e9-b904-83a8de917670"}'
    headers:
      Connection:
      - keep-alive
      Content-Type:
      - application/json
      Date:
      - Thu, 12 Feb 2026 18:47:59 GMT
      Server:
      - nginx/1.25.3
      Transfer-Encoding:
      - chunked
      content-length:
      - '77'
    status:
      code: 200
      message: OK
- request:
    body: ''
    headers:
      Accept:
      - '*/*'
      Accept-Encoding:
      - gzip, deflate
      Connection:
      - keep-alive
      Host:
      - gizmok23.fhcrc.org:46091
      User-Agent:
      - python-httpx/0.28.1
    method: GET
    uri: https://gizmok23.fhcrc.org:46091/api/workflows/v1/1fe124f1-d331-49e9-b904-83a8de917670/metadata?includeKey=status&includeKey=failures&includeKey=jobId
  response:
    body:
      string: '{"status":"Submitted","calls":{},"id":"1fe124f1-d331-49e9-b904-83a8de917670"}'
    headers:
      Connection:
      - keep-alive
      Content-Type:
      - application/json
      Date:
      - Thu, 12 Feb 2026 18:48:04 GMT
      Server:
      - nginx/1.25.3
      Transfer-Encoding:
      - chunked
      content-length:
      - '77'
    status:
      code: 200
      message: OK
- request:
    body: ''
    headers:
      Accept:
      - '*/*'
      Accept-Encoding:
      - gzip, deflate
      Connection:
      - keep-alive
      Host:
      - gizmok23.fhcrc.org:46091
      User-Agent:
      - python-httpx/0.28.1
    method: GET
    uri: https://gizmok23.fhcrc.org:46091/api/workflows/v1/1fe124f1-d331-49e9-b904-83a8de917670/metadata?includeKey=status&includeKey=failures&includeKey=jobId
  response:
    body:
      string: '{"status":"Submitted","calls":{},"id":"1fe124f1-d331-49e9-b904-83a8de917670"}'
    headers:
      Connection:
      - keep-alive
      Content-Type:
      - application/json
      Date:
      - Thu, 12 Feb 2026 18:48:09 GMT
      Server:
      - nginx/1.25.3
      Transfer-Encoding:
      - chunked
      content-length:
      - '77'
    status:
      code: 200
      message: OK
- request:
    body: ''
    headers:
      Accept:
      - '*/*'
      Accept-Encoding:
      - gzip, deflate
      Connection:
      - keep-alive
      Host:
      - gizmok23.fhcrc.org:46091
      User-Agent:
      - python-httpx/0.28.1
    method: GET
    uri: https://gizmok23.fhcrc.org:46091/api/workflows/v1/1fe124f1-d331-49e9-b904-83a8de917670/metadata?includeKey=status&includeKey=failures&includeKey=jobId
  response:
    body:
      string: '{"status":"Submitted","calls":{},"id":"1fe124f1-d331-49e9-b904-83a8de917670"}'
    headers:
      Connection:
      - keep-alive
      Content-Type:
      - application/json
      Date:
      - Thu, 12 Feb 2026 18:48:14 GMT
      Server:
      - nginx/1.25.3
      Transfer-Encoding:
      - chunked
      content-length:
      - '77'
    status:
      code: 200
      message: OK
- request:
    body: ''
    headers:
      Accept:
      - '*/*'
      Accept-Encoding:
      - gzip, deflate
      Connection:
      - keep-alive
      Host:
      - gizmok23.fhcrc.org:46091
      User-Agent:
      - python-httpx/0.28.1
    method: GET
    uri: https://gizmok23.fhcrc.org:46091/api/workflows/v1/1fe124f1-d331-49e9-b904-83a8de917670/metadata?includeKey=status&includeKey=failures&includeKey=jobId
  response:
    body:
      string: '{"status":"Submitted","calls":{},"id":"1fe124f1-d331-49e9-b904-83a8de917670"}'
    headers:
      Connection:
      - keep-alive
      Content-Type:
      - application/json
      Date:
      - Thu, 12 Feb 2026 18:48:19 GMT
      Server:
      - nginx/1.25.3
      Transfer-Encoding:
      - chunked
      content-length:
      - '77'
    status:
      code: 200
      message: OK
- request:
    body: ''
    headers:
      Accept:
      - '*/*'
      Accept-Encoding:
      - gzip, deflate
      Connection:
      - keep-alive
      Host:
      - gizmok23.fhcrc.org:46091
      User-Agent:
      - python-httpx/0.28.1
    method: GET
    uri: https://gizmok23.fhcrc.org:46091/api/workflows/v1/1fe124f1-d331-49e9-b904-83a8de917670/metadata?includeKey=status&includeKey=failures&includeKey=jobId
  response:
    body:
      string: '{"status":"Submitted","calls":{},"id":"1fe124f1-d331-49e9-b904-83a8de917670"}'
    headers:
      Connection:
      - keep-alive
      Content-Type:
      - application/json
      Date:
      - Thu, 12 Feb 2026 18:48:24 GMT
      Server:
      - nginx/1.25.3
      Transfer-Encoding:
      - chunked
      content-length:
      - '77'
    status:
      code: 200
      message: OK
- request:
    body: ''
    headers:
      Accept:
      - '*/*'
      Accept-Encoding:
      - gzip, deflate
      Connection:
      - keep-alive
      Host:
      - gizmok23.fhcrc.org:46091
      User-Agent:
      - python-httpx/0.28.1
    method: GET
    uri: https://gizmok23.fhcrc.org:46091/api/workflows/v1/1fe124f1-d331-49e9-b904-83a8de917670/metadata?includeKey=status&includeKey=failures&includeKey=jobId
  response:
    body:
      string: '{"status":"Submitted","calls":{},"id":"1fe124f1-d331-49e9-b904-83a8de917670"}'
    headers:
      Connection:
      - keep-alive
      Content-Type:
      - application/json
      Date:
      - Thu, 12 Feb 2026 18:48:29 GMT
      Server:
      - nginx/1.25.3
      Transfer-Encoding:
      - chunked
      content-length:
      - '77'
    status:
      code: 200
      message: OK
- request:
    body: ''
    headers:
      Accept:
      - '*/*'
      Accept-Encoding:
      - gzip, deflate
      Connection:
      - keep-alive
      Host:
      - gizmok23.fhcrc.org:46091
      User-Agent:
      - python-httpx/0.28.1
    method: GET
    uri: https://gizmok23.fhcrc.org:46091/api/workflows/v1/1fe124f1-d331-49e9-b904-83a8de917670/metadata?includeKey=status&includeKey=failures&includeKey=jobId
  response:
    body:
      string: '{"status":"Submitted","calls":{},"id":"1fe124f1-d331-49e9-b904-83a8de917670"}'
    headers:
      Connection:
      - keep-alive
      Content-Type:
      - application/json
      Date:
      - Thu, 12 Feb 2026 18:48:34 GMT
      Server:
      - nginx/1.25.3
      Transfer-Encoding:
      - chunked
      content-length:
      - '77'
    status:
      code: 200
      message: OK
- request:
    body: ''
    headers:
      Accept:
      - '*/*'
      Accept-Encoding:
      - gzip, deflate
      Connection:
      - keep-alive
      Host:
      - gizmok23.fhcrc.org:46091
      User-Agent:
      - python-httpx/0.28.1
    method: GET
    uri: https://gizmok23.fhcrc.org:46091/api/workflows/v1/1fe124f1-d331-49e9-b904-83a8de917670/metadata?includeKey=status&includeKey=failures&includeKey=jobId
  response:
    body:
      string: '{"status":"Submitted","calls":{},"id":"1fe124f1-d331-49e9-b904-83a8de917670"}'
    headers:
      Connection:
      - keep-alive
      Content-Type:
      - application/json
      Date:
      - Thu, 12 Feb 2026 18:48:39 GMT
      Server:
      - nginx/1.25.3
      Transfer-Encoding:
      - chunked
      content-length:
      - '77'
    status:
      code: 200
      message: OK
- request:
    body: ''
    headers:
      Accept:
      - '*/*'
      Accept-Encoding:
      - gzip, deflate
      Connection:
      - keep-alive
      Host:
      - gizmok23.fhcrc.org:46091
      User-Agent:
      - python-httpx/0.28.1
    method: GET
    uri: https://gizmok23.fhcrc.org:46091/api/workflows/v1/1fe124f1-d331-49e9-b904-83a8de917670/metadata?includeKey=status&includeKey=failures&includeKey=jobId
  response:
    body:
      string: '{"status":"Submitted","calls":{},"id":"1fe124f1-d331-49e9-b904-83a8de917670"}'
    headers:
      Connection:
      - keep-alive
      Content-Type:
      - application/json
      Date:
      - Thu, 12 Feb 2026 18:48:45 GMT
      Server:
      - nginx/1.25.3
      Transfer-Encoding:
      - chunked
      content-length:
      - '77'
    status:
      code: 200
      message: OK
- request:
    body: ''
    headers:
      Accept:
      - '*/*'
      Accept-Encoding:
      - gzip, deflate
      Connection:
      - keep-alive
      Host:
      - gizmok23.fhcrc.org:46091
      User-Agent:
      - python-httpx/0.28.1
    method: GET
    uri: https://gizmok23.fhcrc.org:46091/api/workflows/v1/1fe124f1-d331-49e9-b904-83a8de917670/metadata?includeKey=status&includeKey=failures&includeKey=jobId
  response:
    body:
      string: '{"status":"Submitted","calls":{},"id":"1fe124f1-d331-49e9-b904-83a8de917670"}'
    headers:
      Connection:
      - keep-alive
      Content-Type:
      - application/json
      Date:
      - Thu, 12 Feb 2026 18:48:50 GMT
      Server:
      - nginx/1.25.3
      Transfer-Encoding:
      - chunked
      content-length:
      - '77'
    status:
      code: 200
      message: OK
- request:
    body: ''
    headers:
      Accept:
      - '*/*'
      Accept-Encoding:
      - gzip, deflate
      Connection:
      - keep-alive
      Host:
      - gizmok23.fhcrc.org:46091
      User-Agent:
      - python-httpx/0.28.1
    method: GET
    uri: https://gizmok23.fhcrc.org:46091/api/workflows/v1/1fe124f1-d331-49e9-b904-83a8de917670/metadata?includeKey=status&includeKey=failures&includeKey=jobId
  response:
    body:
      string: '{"status":"Submitted","calls":{},"id":"1fe124f1-d331-49e9-b904-83a8de917670"}'
    headers:
      Connection:
      - keep-alive
      Content-Type:
      - application/json
      Date:
      - Thu, 12 Feb 2026 18:48:55 GMT
      Server:
      - nginx/1.25.3
      Transfer-Encoding:
      - chunked
      content-length:
      - '77'
    status:
      code: 200
      message: OK
- request:
    body: ''
    headers:
      Accept:
      - '*/*'
      Accept-Encoding:
      - gzip, deflate
      Connection:
      - keep-alive
      Host:
      - gizmok23.fhcrc.org:46091
      User-Agent:
      - python-httpx/0.28.1
    method: GET
    uri: https://gizmok23.fhcrc.org:46091/api/workflows/v1/1fe124f1-d331-49e9-b904-83a8de917670/metadata?includeKey=status&includeKey=failures&includeKey=jobId
  response:
    body:
      string: '{"status":"Submitted","calls":{},"id":"1fe124f1-d331-49e9-b904-83a8de917670"}'
    headers:
      Connection:
      - keep-alive
      Content-Type:
      - application/json
      Date:
      - Thu, 12 Feb 2026 18:49:00 GMT
      Server:
      - nginx/1.25.3
      Transfer-Encoding:
      - chunked
      content-length:
      - '77'
    status:
      code: 200
      message: OK
- request:
    body: ''
    headers:
      Accept:
      - '*/*'
      Accept-Encoding:
      - gzip, deflate
      Connection:
      - keep-alive
      Host:
      - gizmok23.fhcrc.org:46091
      User-Agent:
      - python-httpx/0.28.1
    method: GET
    uri: https://gizmok23.fhcrc.org:46091/api/workflows/v1/1fe124f1-d331-49e9-b904-83a8de917670/metadata?includeKey=status&includeKey=failures&includeKey=jobId
  response:
    body:
      string: '{"status":"Submitted","calls":{},"id":"1fe124f1-d331-49e9-b904-83a8de917670"}'
    headers:
      Connection:
      - keep-alive
      Content-Type:
      - application/json
      Date:
      - Thu, 12 Feb 2026 18:49:05 GMT
      Server:
      - nginx/1.25.3
      Transfer-Encoding:
      - chunked
      content-length:
      - '77'
    status:
      code: 200
      message: OK
- request:
    body: ''
    headers:
      Accept:
      - '*/*'
      Accept-Encoding:
      - gzip, deflate
      Connection:
      - keep-alive
      Host:
      - gizmok23.fhcrc.org:46091
      User-Agent:
      - python-httpx/0.28.1
    method: GET
    uri: https://gizmok23.fhcrc.org:46091/api/workflows/v1/1fe124f1-d331-49e9-b904-83a8de917670/metadata?includeKey=status&includeKey=failures&includeKey=jobId
  response:
    body:
      string: '{"status":"Submitted","calls":{},"id":"1fe124f1-d331-49e9-b904-83a8de917670"}'
    headers:
      Connection:
      - keep-alive
      Content-Type:
      - application/json
      Date:
      - Thu, 12 Feb 2026 18:49:10 GMT
      Server:
      - nginx/1.25.3
      Transfer-Encoding:
      - chunked
      content-length:
      - '77'
    status:
      code: 200
      message: OK
- request:
    body: ''
    headers:
      Accept:
      - '*/*'
      Accept-Encoding:
      - gzip, deflate
      Connection:
      - keep-alive
      Host:
      - gizmok23.fhcrc.org:46091
      User-Agent:
      - python-httpx/0.28.1
    method: GET
    uri: https://gizmok23.fhcrc.org:46091/api/workflows/v1/1fe124f1-d331-49e9-b904-83a8de917670/metadata?includeKey=status&includeKey=failures&includeKey=jobId
  response:
    body:
      string: '{"status":"Submitted","calls":{},"id":"1fe124f1-d331-49e9-b904-83a8de917670"}'
    headers:
      Connection:
      - keep-alive
      Content-Type:
      - application/json
      Date:
      - Thu, 12 Feb 2026 18:49:15 GMT
      Server:
      - nginx/1.25.3
      Transfer-Encoding:
      - chunked
      content-length:
      - '77'
    status:
      code: 200
      message: OK
- request:
    body: ''
    headers:
      Accept:
      - '*/*'
      Accept-Encoding:
      - gzip, deflate
      Connection:
      - keep-alive
      Host:
      - gizmok23.fhcrc.org:46091
      User-Agent:
      - python-httpx/0.28.1
    method: GET
    uri: https://gizmok23.fhcrc.org:46091/api/workflows/v1/1fe124f1-d331-49e9-b904-83a8de917670/metadata?includeKey=status&includeKey=failures&includeKey=jobId
  response:
    body:
      string: '{"status":"Submitted","calls":{},"id":"1fe124f1-d331-49e9-b904-83a8de917670"}'
    headers:
      Connection:
      - keep-alive
      Content-Type:
      - application/json
      Date:
      - Thu, 12 Feb 2026 18:49:20 GMT
      Server:
      - nginx/1.25.3
      Transfer-Encoding:
      - chunked
      content-length:
      - '77'
    status:
      code: 200
      message: OK
- request:
    body: ''
    headers:
      Accept:
      - '*/*'
      Accept-Encoding:
      - gzip, deflate
      Connection:
      - keep-alive
      Host:
      - gizmok23.fhcrc.org:46091
      User-Agent:
      - python-httpx/0.28.1
    method: GET
    uri: https://gizmok23.fhcrc.org:46091/api/workflows/v1/1fe124f1-d331-49e9-b904-83a8de917670/metadata?includeKey=status&includeKey=failures&includeKey=jobId
  response:
    body:
      string: '{"status":"Submitted","calls":{},"id":"1fe124f1-d331-49e9-b904-83a8de917670"}'
    headers:
      Connection:
      - keep-alive
      Content-Type:
      - application/json
      Date:
      - Thu, 12 Feb 2026 18:49:25 GMT
      Server:
      - nginx/1.25.3
      Transfer-Encoding:
      - chunked
      content-length:
      - '77'
    status:
      code: 200
      message: OK
- request:
    body: ''
    headers:
      Accept:
      - '*/*'
      Accept-Encoding:
      - gzip, deflate
      Connection:
      - keep-alive
      Host:
      - gizmok23.fhcrc.org:46091
      User-Agent:
      - python-httpx/0.28.1
    method: GET
    uri: https://gizmok23.fhcrc.org:46091/api/workflows/v1/1fe124f1-d331-49e9-b904-83a8de917670/metadata?includeKey=status&includeKey=failures&includeKey=jobId
  response:
    body:
      string: '{"status":"Submitted","calls":{},"id":"1fe124f1-d331-49e9-b904-83a8de917670"}'
    headers:
      Connection:
      - keep-alive
      Content-Type:
      - application/json
      Date:
      - Thu, 12 Feb 2026 18:49:30 GMT
      Server:
      - nginx/1.25.3
      Transfer-Encoding:
      - chunked
      content-length:
      - '77'
    status:
      code: 200
      message: OK
- request:
    body: ''
    headers:
      Accept:
      - '*/*'
      Accept-Encoding:
      - gzip, deflate
      Connection:
      - keep-alive
      Host:
      - gizmok23.fhcrc.org:46091
      User-Agent:
      - python-httpx/0.28.1
    method: GET
    uri: https://gizmok23.fhcrc.org:46091/api/workflows/v1/1fe124f1-d331-49e9-b904-83a8de917670/metadata?includeKey=status&includeKey=failures&includeKey=jobId
  response:
    body:
      string: '{"status":"Submitted","calls":{},"id":"1fe124f1-d331-49e9-b904-83a8de917670"}'
    headers:
      Connection:
      - keep-alive
      Content-Type:
      - application/json
      Date:
      - Thu, 12 Feb 2026 18:49:35 GMT
      Server:
      - nginx/1.25.3
      Transfer-Encoding:
      - chunked
      content-length:
      - '77'
    status:
      code: 200
      message: OK
- request:
    body: ''
    headers:
      Accept:
      - '*/*'
      Accept-Encoding:
      - gzip, deflate
      Connection:
      - keep-alive
      Host:
      - gizmok23.fhcrc.org:46091
      User-Agent:
      - python-httpx/0.28.1
    method: GET
    uri: https://gizmok23.fhcrc.org:46091/api/workflows/v1/1fe124f1-d331-49e9-b904-83a8de917670/metadata?includeKey=status&includeKey=failures&includeKey=jobId
  response:
    body:
      string: '{"status":"Submitted","calls":{},"id":"1fe124f1-d331-49e9-b904-83a8de917670"}'
    headers:
      Connection:
      - keep-alive
      Content-Type:
      - application/json
      Date:
      - Thu, 12 Feb 2026 18:49:40 GMT
      Server:
      - nginx/1.25.3
      Transfer-Encoding:
      - chunked
      content-length:
      - '77'
    status:
      code: 200
      message: OK
- request:
    body: ''
    headers:
      Accept:
      - '*/*'
      Accept-Encoding:
      - gzip, deflate
      Connection:
      - keep-alive
      Host:
      - gizmok23.fhcrc.org:46091
      User-Agent:
      - python-httpx/0.28.1
    method: GET
    uri: https://gizmok23.fhcrc.org:46091/api/workflows/v1/1fe124f1-d331-49e9-b904-83a8de917670/metadata?includeKey=status&includeKey=failures&includeKey=jobId
  response:
    body:
      string: '{"status":"Submitted","calls":{},"id":"1fe124f1-d331-49e9-b904-83a8de917670"}'
    headers:
      Connection:
      - keep-alive
      Content-Type:
      - application/json
      Date:
      - Thu, 12 Feb 2026 18:49:45 GMT
      Server:
      - nginx/1.25.3
      Transfer-Encoding:
      - chunked
      content-length:
      - '77'
    status:
      code: 200
      message: OK
- request:
    body: ''
    headers:
      Accept:
      - '*/*'
      Accept-Encoding:
      - gzip, deflate
      Connection:
      - keep-alive
      Host:
      - gizmok23.fhcrc.org:46091
      User-Agent:
      - python-httpx/0.28.1
    method: GET
    uri: https://gizmok23.fhcrc.org:46091/api/workflows/v1/1fe124f1-d331-49e9-b904-83a8de917670/metadata?includeKey=status&includeKey=failures&includeKey=jobId
  response:
    body:
      string: '{"status":"Submitted","calls":{},"id":"1fe124f1-d331-49e9-b904-83a8de917670"}'
    headers:
      Connection:
      - keep-alive
      Content-Type:
      - application/json
      Date:
      - Thu, 12 Feb 2026 18:49:50 GMT
      Server:
      - nginx/1.25.3
      Transfer-Encoding:
      - chunked
      content-length:
      - '77'
    status:
      code: 200
      message: OK
- request:
    body: ''
    headers:
      Accept:
      - '*/*'
      Accept-Encoding:
      - gzip, deflate
      Connection:
      - keep-alive
      Host:
      - gizmok23.fhcrc.org:46091
      User-Agent:
      - python-httpx/0.28.1
    method: GET
    uri: https://gizmok23.fhcrc.org:46091/api/workflows/v1/1fe124f1-d331-49e9-b904-83a8de917670/metadata?includeKey=status&includeKey=failures&includeKey=jobId
  response:
    body:
      string: '{"status":"Submitted","calls":{},"id":"1fe124f1-d331-49e9-b904-83a8de917670"}'
    headers:
      Connection:
      - keep-alive
      Content-Type:
      - application/json
      Date:
      - Thu, 12 Feb 2026 18:49:55 GMT
      Server:
      - nginx/1.25.3
      Transfer-Encoding:
      - chunked
      content-length:
      - '77'
    status:
      code: 200
      message: OK
- request:
    body: ''
    headers:
      Accept:
      - '*/*'
      Accept-Encoding:
      - gzip, deflate
      Connection:
      - keep-alive
      Host:
      - gizmok23.fhcrc.org:46091
      User-Agent:
      - python-httpx/0.28.1
    method: GET
    uri: https://gizmok23.fhcrc.org:46091/api/workflows/v1/1fe124f1-d331-49e9-b904-83a8de917670/metadata?includeKey=status&includeKey=failures&includeKey=jobId
  response:
    body:
      string: '{"status":"Submitted","calls":{},"id":"1fe124f1-d331-49e9-b904-83a8de917670"}'
    headers:
      Connection:
      - keep-alive
      Content-Type:
      - application/json
      Date:
      - Thu, 12 Feb 2026 18:50:00 GMT
      Server:
      - nginx/1.25.3
      Transfer-Encoding:
      - chunked
      content-length:
      - '77'
    status:
      code: 200
      message: OK
- request:
    body: ''
    headers:
      Accept:
      - '*/*'
      Accept-Encoding:
      - gzip, deflate
      Connection:
      - keep-alive
      Host:
      - gizmok23.fhcrc.org:46091
      User-Agent:
      - python-httpx/0.28.1
    method: GET
    uri: https://gizmok23.fhcrc.org:46091/api/workflows/v1/1fe124f1-d331-49e9-b904-83a8de917670/metadata?includeKey=status&includeKey=failures&includeKey=jobId
  response:
    body:
      string: '{"status":"Submitted","calls":{},"id":"1fe124f1-d331-49e9-b904-83a8de917670"}'
    headers:
      Connection:
      - keep-alive
      Content-Type:
      - application/json
      Date:
      - Thu, 12 Feb 2026 18:50:05 GMT
      Server:
      - nginx/1.25.3
      Transfer-Encoding:
      - chunked
      content-length:
      - '77'
    status:
      code: 200
      message: OK
- request:
    body: ''
    headers:
      Accept:
      - '*/*'
      Accept-Encoding:
      - gzip, deflate
      Connection:
      - keep-alive
      Host:
      - gizmok23.fhcrc.org:46091
      User-Agent:
      - python-httpx/0.28.1
    method: GET
    uri: https://gizmok23.fhcrc.org:46091/api/workflows/v1/1fe124f1-d331-49e9-b904-83a8de917670/metadata?includeKey=status&includeKey=failures&includeKey=jobId
  response:
    body:
      string: '{"status":"Submitted","calls":{},"id":"1fe124f1-d331-49e9-b904-83a8de917670"}'
    headers:
      Connection:
      - keep-alive
      Content-Type:
      - application/json
      Date:
      - Thu, 12 Feb 2026 18:50:10 GMT
      Server:
      - nginx/1.25.3
      Transfer-Encoding:
      - chunked
      content-length:
      - '77'
    status:
      code: 200
      message: OK
- request:
    body: ''
    headers:
      Accept:
      - '*/*'
      Accept-Encoding:
      - gzip, deflate
      Connection:
      - keep-alive
      Host:
      - gizmok23.fhcrc.org:46091
      User-Agent:
      - python-httpx/0.28.1
    method: GET
    uri: https://gizmok23.fhcrc.org:46091/api/workflows/v1/1fe124f1-d331-49e9-b904-83a8de917670/metadata?includeKey=status&includeKey=failures&includeKey=jobId
  response:
    body:
      string: '{"status":"Running","calls":{},"id":"1fe124f1-d331-49e9-b904-83a8de917670"}'
    headers:
      Connection:
      - keep-alive
      Content-Type:
      - application/json
      Date:
      - Thu, 12 Feb 2026 18:50:15 GMT
      Server:
      - nginx/1.25.3
      Transfer-Encoding:
      - chunked
      content-length:
      - '75'
    status:
      code: 200
      message: OK
- request:
    body: ''
    headers:
      Accept:
      - '*/*'
      Accept-Encoding:
      - gzip, deflate
      Connection:
      - keep-alive
      Host:
      - gizmok23.fhcrc.org:46091
      User-Agent:
      - python-httpx/0.28.1
    method: GET
    uri: https://gizmok23.fhcrc.org:46091/api/workflows/v1/1fe124f1-d331-49e9-b904-83a8de917670/metadata?includeKey=status&includeKey=failures&includeKey=jobId
  response:
    body:
      string: '{"status":"Running","calls":{},"id":"1fe124f1-d331-49e9-b904-83a8de917670"}'
    headers:
      Connection:
      - keep-alive
      Content-Type:
      - application/json
      Date:
      - Thu, 12 Feb 2026 18:50:20 GMT
      Server:
      - nginx/1.25.3
      Transfer-Encoding:
      - chunked
      content-length:
      - '75'
    status:
      code: 200
      message: OK
- request:
    body: ''
    headers:
      Accept:
      - '*/*'
      Accept-Encoding:
      - gzip, deflate
      Connection:
      - keep-alive
      Host:
      - gizmok23.fhcrc.org:46091
      User-Agent:
      - python-httpx/0.28.1
    method: GET
    uri: https://gizmok23.fhcrc.org:46091/api/workflows/v1/1fe124f1-d331-49e9-b904-83a8de917670/metadata?includeKey=status&includeKey=failures&includeKey=jobId
  response:
    body:
      string: '{"status":"Running","calls":{"ArrayOperations.ArrayConcat":[{"jobId":"46403882","attempt":1,"shardIndex":-1}],"ArrayOperations.FileArrayOps":[{"jobId":"46403887","attempt":1,"shardIndex":-1}],"ArrayOperations.ArrayFunctions":[{"jobId":"46403880","attempt":1,"shardIndex":-1}],"ArrayOperations.IntegerArrayOps":[{"jobId":"46403885","attempt":1,"shardIndex":-1}],"ArrayOperations.ValidateIndex":[{"jobId":"46403883","attempt":1,"shardIndex":-1}],"ArrayOperations.Uppercase":[{"jobId":"46403886","attempt":1,"shardIndex":0},{"jobId":"46403881","attempt":1,"shardIndex":1},{"jobId":"46403884","attempt":1,"shardIndex":2}]},"id":"1fe124f1-d331-49e9-b904-83a8de917670"}'
    headers:
      Connection:
      - keep-alive
      Content-Type:
      - application/json
      Date:
      - Thu, 12 Feb 2026 18:50:25 GMT
      Server:
      - nginx/1.25.3
      Transfer-Encoding:
      - chunked
      content-length:
      - '663'
    status:
      code: 200
      message: OK
- request:
    body: ''
    headers:
      Accept:
      - '*/*'
      Accept-Encoding:
      - gzip, deflate
      Connection:
      - keep-alive
      Host:
      - gizmok23.fhcrc.org:46091
      User-Agent:
      - python-httpx/0.28.1
    method: GET
    uri: https://gizmok23.fhcrc.org:46091/api/workflows/v1/1fe124f1-d331-49e9-b904-83a8de917670/metadata?includeKey=status&includeKey=failures&includeKey=jobId
  response:
    body:
      string: '{"status":"Running","calls":{"ArrayOperations.ArrayConcat":[{"jobId":"46403882","attempt":1,"shardIndex":-1}],"ArrayOperations.FileArrayOps":[{"jobId":"46403887","attempt":1,"shardIndex":-1}],"ArrayOperations.ArrayFunctions":[{"jobId":"46403880","attempt":1,"shardIndex":-1}],"ArrayOperations.IntegerArrayOps":[{"jobId":"46403885","attempt":1,"shardIndex":-1}],"ArrayOperations.ValidateIndex":[{"jobId":"46403883","attempt":1,"shardIndex":-1}],"ArrayOperations.Uppercase":[{"jobId":"46403886","attempt":1,"shardIndex":0},{"jobId":"46403881","attempt":1,"shardIndex":1},{"jobId":"46403884","attempt":1,"shardIndex":2}]},"id":"1fe124f1-d331-49e9-b904-83a8de917670"}'
    headers:
      Connection:
      - keep-alive
      Content-Type:
      - application/json
      Date:
      - Thu, 12 Feb 2026 18:50:30 GMT
      Server:
      - nginx/1.25.3
      Transfer-Encoding:
      - chunked
      content-length:
      - '663'
    status:
      code: 200
      message: OK
- request:
    body: ''
    headers:
      Accept:
      - '*/*'
      Accept-Encoding:
      - gzip, deflate
      Connection:
      - keep-alive
      Host:
      - gizmok23.fhcrc.org:46091
      User-Agent:
      - python-httpx/0.28.1
    method: GET
    uri: https://gizmok23.fhcrc.org:46091/api/workflows/v1/1fe124f1-d331-49e9-b904-83a8de917670/metadata?includeKey=status&includeKey=failures&includeKey=jobId
  response:
    body:
      string: '{"status":"Running","calls":{"ArrayOperations.ArrayConcat":[{"jobId":"46403882","attempt":1,"shardIndex":-1}],"ArrayOperations.FileArrayOps":[{"jobId":"46403887","attempt":1,"shardIndex":-1}],"ArrayOperations.ArrayFunctions":[{"jobId":"46403880","attempt":1,"shardIndex":-1}],"ArrayOperations.IntegerArrayOps":[{"jobId":"46403885","attempt":1,"shardIndex":-1}],"ArrayOperations.ValidateIndex":[{"jobId":"46403883","attempt":1,"shardIndex":-1}],"ArrayOperations.Uppercase":[{"jobId":"46403886","attempt":1,"shardIndex":0},{"jobId":"46403881","attempt":1,"shardIndex":1},{"jobId":"46403884","attempt":1,"shardIndex":2}]},"id":"1fe124f1-d331-49e9-b904-83a8de917670"}'
    headers:
      Connection:
      - keep-alive
      Content-Type:
      - application/json
      Date:
      - Thu, 12 Feb 2026 18:50:35 GMT
      Server:
      - nginx/1.25.3
      Transfer-Encoding:
      - chunked
      content-length:
      - '663'
    status:
      code: 200
      message: OK
- request:
    body: ''
    headers:
      Accept:
      - '*/*'
      Accept-Encoding:
      - gzip, deflate
      Connection:
      - keep-alive
      Host:
      - gizmok23.fhcrc.org:46091
      User-Agent:
      - python-httpx/0.28.1
    method: GET
    uri: https://gizmok23.fhcrc.org:46091/api/workflows/v1/1fe124f1-d331-49e9-b904-83a8de917670/metadata?includeKey=status&includeKey=failures&includeKey=jobId
  response:
    body:
      string: '{"status":"Running","calls":{"ArrayOperations.ArrayConcat":[{"jobId":"46403882","attempt":1,"shardIndex":-1}],"ArrayOperations.FileArrayOps":[{"jobId":"46403887","attempt":1,"shardIndex":-1}],"ArrayOperations.ArrayFunctions":[{"jobId":"46403880","attempt":1,"shardIndex":-1}],"ArrayOperations.IntegerArrayOps":[{"jobId":"46403885","attempt":1,"shardIndex":-1}],"ArrayOperations.ValidateIndex":[{"jobId":"46403883","attempt":1,"shardIndex":-1}],"ArrayOperations.Uppercase":[{"jobId":"46403886","attempt":1,"shardIndex":0},{"jobId":"46403881","attempt":1,"shardIndex":1},{"jobId":"46403884","attempt":1,"shardIndex":2}]},"id":"1fe124f1-d331-49e9-b904-83a8de917670"}'
    headers:
      Connection:
      - keep-alive
      Content-Type:
      - application/json
      Date:
      - Thu, 12 Feb 2026 18:50:40 GMT
      Server:
      - nginx/1.25.3
      Transfer-Encoding:
      - chunked
      content-length:
      - '663'
    status:
      code: 200
      message: OK
- request:
    body: ''
    headers:
      Accept:
      - '*/*'
      Accept-Encoding:
      - gzip, deflate
      Connection:
      - keep-alive
      Host:
      - gizmok23.fhcrc.org:46091
      User-Agent:
      - python-httpx/0.28.1
    method: GET
    uri: https://gizmok23.fhcrc.org:46091/api/workflows/v1/1fe124f1-d331-49e9-b904-83a8de917670/metadata?includeKey=status&includeKey=failures&includeKey=jobId
  response:
    body:
      string: '{"status":"Running","calls":{"ArrayOperations.ArrayConcat":[{"jobId":"46403882","attempt":1,"shardIndex":-1}],"ArrayOperations.FileArrayOps":[{"jobId":"46403887","attempt":1,"shardIndex":-1}],"ArrayOperations.ArrayFunctions":[{"jobId":"46403880","attempt":1,"shardIndex":-1}],"ArrayOperations.IntegerArrayOps":[{"jobId":"46403885","attempt":1,"shardIndex":-1}],"ArrayOperations.ValidateIndex":[{"jobId":"46403883","attempt":1,"shardIndex":-1}],"ArrayOperations.Uppercase":[{"jobId":"46403886","attempt":1,"shardIndex":0},{"jobId":"46403881","attempt":1,"shardIndex":1},{"jobId":"46403884","attempt":1,"shardIndex":2}]},"id":"1fe124f1-d331-49e9-b904-83a8de917670"}'
    headers:
      Connection:
      - keep-alive
      Content-Type:
      - application/json
      Date:
      - Thu, 12 Feb 2026 18:50:46 GMT
      Server:
      - nginx/1.25.3
      Transfer-Encoding:
      - chunked
      content-length:
      - '663'
    status:
      code: 200
      message: OK
- request:
    body: ''
    headers:
      Accept:
      - '*/*'
      Accept-Encoding:
      - gzip, deflate
      Connection:
      - keep-alive
      Host:
      - gizmok23.fhcrc.org:46091
      User-Agent:
      - python-httpx/0.28.1
    method: GET
    uri: https://gizmok23.fhcrc.org:46091/api/workflows/v1/1fe124f1-d331-49e9-b904-83a8de917670/metadata?includeKey=status&includeKey=failures&includeKey=jobId
  response:
    body:
      string: '{"status":"Running","calls":{"ArrayOperations.ArrayConcat":[{"jobId":"46403882","attempt":1,"shardIndex":-1}],"ArrayOperations.FileArrayOps":[{"jobId":"46403887","attempt":1,"shardIndex":-1}],"ArrayOperations.ArrayFunctions":[{"jobId":"46403880","attempt":1,"shardIndex":-1}],"ArrayOperations.IntegerArrayOps":[{"jobId":"46403885","attempt":1,"shardIndex":-1}],"ArrayOperations.ValidateIndex":[{"jobId":"46403883","attempt":1,"shardIndex":-1}],"ArrayOperations.Uppercase":[{"jobId":"46403886","attempt":1,"shardIndex":0},{"jobId":"46403881","attempt":1,"shardIndex":1},{"jobId":"46403884","attempt":1,"shardIndex":2}]},"id":"1fe124f1-d331-49e9-b904-83a8de917670"}'
    headers:
      Connection:
      - keep-alive
      Content-Type:
      - application/json
      Date:
      - Thu, 12 Feb 2026 18:50:51 GMT
      Server:
      - nginx/1.25.3
      Transfer-Encoding:
      - chunked
      content-length:
      - '663'
    status:
      code: 200
      message: OK
- request:
    body: ''
    headers:
      Accept:
      - '*/*'
      Accept-Encoding:
      - gzip, deflate
      Connection:
      - keep-alive
      Host:
      - gizmok23.fhcrc.org:46091
      User-Agent:
      - python-httpx/0.28.1
    method: GET
    uri: https://gizmok23.fhcrc.org:46091/api/workflows/v1/1fe124f1-d331-49e9-b904-83a8de917670/metadata?includeKey=status&includeKey=failures&includeKey=jobId
  response:
    body:
      string: '{"status":"Succeeded","calls":{"ArrayOperations.ArrayConcat":[{"jobId":"46403882","attempt":1,"shardIndex":-1}],"ArrayOperations.FileArrayOps":[{"jobId":"46403887","attempt":1,"shardIndex":-1}],"ArrayOperations.ArrayFunctions":[{"jobId":"46403880","attempt":1,"shardIndex":-1}],"ArrayOperations.IntegerArrayOps":[{"jobId":"46403885","attempt":1,"shardIndex":-1}],"ArrayOperations.ValidateIndex":[{"jobId":"46403883","attempt":1,"shardIndex":-1}],"ArrayOperations.Uppercase":[{"jobId":"46403886","attempt":1,"shardIndex":0},{"jobId":"46403881","attempt":1,"shardIndex":1},{"jobId":"46403884","attempt":1,"shardIndex":2}]},"id":"1fe124f1-d331-49e9-b904-83a8de917670"}'
    headers:
      Connection:
      - keep-alive
      Content-Type:
      - application/json
      Date:
      - Thu, 12 Feb 2026 18:50:56 GMT
      Server:
      - nginx/1.25.3
      Transfer-Encoding:
      - chunked
      content-length:
      - '665'
    status:
      code: 200
      message: OK
version: 1
