interactions:
- request:
    body: "--74bea722bbace73226d560778f2e3638\r\nContent-Disposition: form-data; name=\"workflowSource\";
      filename=\"mapTypeTest.wdl\"\r\nContent-Type: application/octet-stream\r\n\r\nversion
      1.0\n\nworkflow enhanced_map_test {\n    input {\n        # Original inputs\n
      \       Array[String] samples\n        Map[String, String] sample_metadata\n
      \       Map[String, Int] read_lengths\n\n        # New test inputs\n        Map[String,
      Map[String, String]] nested_map = {\n            \"patient1\": {\n                \"sample1\":
      \"normal\",\n                \"sample2\": \"tumor\"\n            },\n            \"patient2\":
      {\n                \"sample3\": \"normal\",\n                \"sample4\": \"tumor\"\n
      \           }\n        }\n        # We need to provide keys as arrays since
      WDL 1.0 doesn't have a keys() function\n        Array[String] patient_ids =
      [\"patient1\", \"patient2\"]\n    }\n\n    # Test nested map processing\n    scatter
      (patient_id in patient_ids) {\n        call process_nested_map {\n            input:\n
      \               patient_id = patient_id,\n                patient_data = nested_map[patient_id],\n
      \               # We need to provide the sample names explicitly\n                samples_for_patient
      = if patient_id == \"patient1\" then [\"sample1\", \"sample2\"] else [\"sample3\",
      \"sample4\"]\n        }\n    }\n\n    # Original sample processing with output
      map generation\n    scatter (sample in samples) {\n        call process_sample
      {\n            input:\n                sample_name = sample,\n                sample_type
      = sample_metadata[sample],\n                read_length = read_lengths[sample]\n
      \       }\n    }\n\n    # Aggregate results into a map\n    call create_result_map
      {\n        input:\n            sample_names = samples,\n            processing_messages
      = process_sample.message\n    }\n\n    output {\n        Map[String, String]
      result_map = create_result_map.output_map\n        Array[String] nested_map_results
      = process_nested_map.message\n    }\n}\n\ntask process_nested_map {\n    input
      {\n        String patient_id\n        Map[String, String] patient_data\n        Array[String]
      samples_for_patient\n    }\n\n    # First get the first sample ID\n    String
      first_sample = samples_for_patient[0]\n    # Then use it to index the patient
      data\n    String sample_type = patient_data[first_sample]\n\n    command {\n
      \       echo \"Processing patient ${patient_id} with sample type ${sample_type}\"\n
      \       for sample in ${sep=' ' samples_for_patient}; do\n            echo \"Sample:
      $sample\"\n        done\n    }\n\n    output {\n        String message = read_string(stdout())\n
      \   }\n\n    runtime {\n        docker: \"ubuntu:noble-20241118.1\"\n    }\n}\n\ntask
      process_sample {\n    input {\n        String sample_name\n        String sample_type\n
      \       Int read_length\n    }\n\n    command <<<\n        echo \"Processing
      ~{sample_name} (~{sample_type}) with read length ~{read_length}\"\n    >>>\n\n
      \   output {\n        String message = read_string(stdout())\n    }\n\n    runtime
      {\n        docker: \"ubuntu:noble-20241118.1\"\n    }\n}\n\ntask create_result_map
      {\n    input {\n        Array[String] sample_names\n        Array[String] processing_messages\n
      \   }\n\n    command <<<\n        python <<CODE\n        samples = '~{sep=\",\"
      sample_names}'.split(',')\n        messages = '~{sep=\",\" processing_messages}'.split(',')\n
      \       result = dict(zip(samples, messages))\n        with open('output.txt',
      'w') as f:\n            for sample, message in result.items():\n                f.write(f\"{sample}\\t{message}\\n\")\n
      \       CODE\n    >>>\n\n    output {\n        Map[String, String] output_map
      = read_map('output.txt')\n    }\n\n    runtime {\n        docker: \"python:3.8-slim\"\n
      \   }\n}\r\n--74bea722bbace73226d560778f2e3638\r\nContent-Disposition: form-data;
      name=\"workflowInputs\"; filename=\"inputs.json\"\r\nContent-Type: application/json\r\n\r\n{\n
      \   \"enhanced_map_test.samples\": [\"sample1\", \"sample2\", \"sample3\"],\n
      \   \"enhanced_map_test.sample_metadata\": {\n        \"sample1\": \"normal\",\n
      \       \"sample2\": \"tumor\",\n        \"sample3\": \"normal\"\n    },\n    \"enhanced_map_test.read_lengths\":
      {\n        \"sample1\": 100,\n        \"sample2\": 150,\n        \"sample3\":
      100\n    },\n    \"enhanced_map_test.nested_map\": {\n        \"patient1\":
      {\n            \"sample1\": \"normal\",\n            \"sample2\": \"tumor\"\n
      \       },\n        \"patient2\": {\n            \"sample3\": \"normal\",\n
      \           \"sample4\": \"tumor\"\n        }\n    },\n    \"enhanced_map_test.patient_ids\":
      [\"patient1\", \"patient2\"]\n}\r\n--74bea722bbace73226d560778f2e3638\r\nContent-Disposition:
      form-data; name=\"workflowOptions\"; filename=\"options.json\"\r\nContent-Type:
      application/json\r\n\r\n{\n    \"workflow_failure_mode\": \"ContinueWhilePossible\",\n
      \   \"write_to_cache\": false,\n    \"read_from_cache\": false\n}\n\r\n--74bea722bbace73226d560778f2e3638--\r\n"
    headers:
      accept:
      - '*/*'
      accept-encoding:
      - gzip, deflate
      connection:
      - keep-alive
      content-length:
      - '4653'
      content-type:
      - multipart/form-data; boundary=74bea722bbace73226d560778f2e3638
      host:
      - gizmoj12.fhcrc.org:34469
      user-agent:
      - python-httpx/0.28.1
    method: POST
    uri: https://gizmoj12.fhcrc.org:34469/api/workflows/v1
  response:
    body:
      string: '{"id":"64c6de95-06d3-4628-96b0-b1c0be037327","status":"Submitted"}'
    headers:
      Connection:
      - keep-alive
      Content-Length:
      - '66'
      Content-Type:
      - application/json
      Date:
      - Sun, 23 Nov 2025 04:24:11 GMT
      Server:
      - nginx/1.25.3
    status:
      code: 201
      message: Created
- request:
    body: ''
    headers:
      accept:
      - '*/*'
      accept-encoding:
      - gzip, deflate
      connection:
      - keep-alive
      host:
      - gizmoj12.fhcrc.org:34469
      user-agent:
      - python-httpx/0.28.1
    method: GET
    uri: https://gizmoj12.fhcrc.org:34469/api/workflows/v1/64c6de95-06d3-4628-96b0-b1c0be037327/metadata?includeKey=status&includeKey=failures&includeKey=jobId
  response:
    body:
      string: '{"status":"Submitted","calls":{},"id":"64c6de95-06d3-4628-96b0-b1c0be037327"}'
    headers:
      Connection:
      - keep-alive
      Content-Type:
      - application/json
      Date:
      - Sun, 23 Nov 2025 04:24:16 GMT
      Server:
      - nginx/1.25.3
      Transfer-Encoding:
      - chunked
      content-length:
      - '77'
    status:
      code: 200
      message: OK
- request:
    body: ''
    headers:
      accept:
      - '*/*'
      accept-encoding:
      - gzip, deflate
      connection:
      - keep-alive
      host:
      - gizmoj12.fhcrc.org:34469
      user-agent:
      - python-httpx/0.28.1
    method: GET
    uri: https://gizmoj12.fhcrc.org:34469/api/workflows/v1/64c6de95-06d3-4628-96b0-b1c0be037327/metadata?includeKey=status&includeKey=failures&includeKey=jobId
  response:
    body:
      string: '{"status":"Submitted","calls":{},"id":"64c6de95-06d3-4628-96b0-b1c0be037327"}'
    headers:
      Connection:
      - keep-alive
      Content-Type:
      - application/json
      Date:
      - Sun, 23 Nov 2025 04:24:21 GMT
      Server:
      - nginx/1.25.3
      Transfer-Encoding:
      - chunked
      content-length:
      - '77'
    status:
      code: 200
      message: OK
- request:
    body: ''
    headers:
      accept:
      - '*/*'
      accept-encoding:
      - gzip, deflate
      connection:
      - keep-alive
      host:
      - gizmoj12.fhcrc.org:34469
      user-agent:
      - python-httpx/0.28.1
    method: GET
    uri: https://gizmoj12.fhcrc.org:34469/api/workflows/v1/64c6de95-06d3-4628-96b0-b1c0be037327/metadata?includeKey=status&includeKey=failures&includeKey=jobId
  response:
    body:
      string: '{"status":"Submitted","calls":{},"id":"64c6de95-06d3-4628-96b0-b1c0be037327"}'
    headers:
      Connection:
      - keep-alive
      Content-Type:
      - application/json
      Date:
      - Sun, 23 Nov 2025 04:24:26 GMT
      Server:
      - nginx/1.25.3
      Transfer-Encoding:
      - chunked
      content-length:
      - '77'
    status:
      code: 200
      message: OK
- request:
    body: ''
    headers:
      accept:
      - '*/*'
      accept-encoding:
      - gzip, deflate
      connection:
      - keep-alive
      host:
      - gizmoj12.fhcrc.org:34469
      user-agent:
      - python-httpx/0.28.1
    method: GET
    uri: https://gizmoj12.fhcrc.org:34469/api/workflows/v1/64c6de95-06d3-4628-96b0-b1c0be037327/metadata?includeKey=status&includeKey=failures&includeKey=jobId
  response:
    body:
      string: '{"status":"Submitted","calls":{},"id":"64c6de95-06d3-4628-96b0-b1c0be037327"}'
    headers:
      Connection:
      - keep-alive
      Content-Type:
      - application/json
      Date:
      - Sun, 23 Nov 2025 04:24:31 GMT
      Server:
      - nginx/1.25.3
      Transfer-Encoding:
      - chunked
      content-length:
      - '77'
    status:
      code: 200
      message: OK
- request:
    body: ''
    headers:
      accept:
      - '*/*'
      accept-encoding:
      - gzip, deflate
      connection:
      - keep-alive
      host:
      - gizmoj12.fhcrc.org:34469
      user-agent:
      - python-httpx/0.28.1
    method: GET
    uri: https://gizmoj12.fhcrc.org:34469/api/workflows/v1/64c6de95-06d3-4628-96b0-b1c0be037327/metadata?includeKey=status&includeKey=failures&includeKey=jobId
  response:
    body:
      string: '{"status":"Submitted","calls":{},"id":"64c6de95-06d3-4628-96b0-b1c0be037327"}'
    headers:
      Connection:
      - keep-alive
      Content-Type:
      - application/json
      Date:
      - Sun, 23 Nov 2025 04:24:36 GMT
      Server:
      - nginx/1.25.3
      Transfer-Encoding:
      - chunked
      content-length:
      - '77'
    status:
      code: 200
      message: OK
- request:
    body: ''
    headers:
      accept:
      - '*/*'
      accept-encoding:
      - gzip, deflate
      connection:
      - keep-alive
      host:
      - gizmoj12.fhcrc.org:34469
      user-agent:
      - python-httpx/0.28.1
    method: GET
    uri: https://gizmoj12.fhcrc.org:34469/api/workflows/v1/64c6de95-06d3-4628-96b0-b1c0be037327/metadata?includeKey=status&includeKey=failures&includeKey=jobId
  response:
    body:
      string: '{"status":"Submitted","calls":{},"id":"64c6de95-06d3-4628-96b0-b1c0be037327"}'
    headers:
      Connection:
      - keep-alive
      Content-Type:
      - application/json
      Date:
      - Sun, 23 Nov 2025 04:24:41 GMT
      Server:
      - nginx/1.25.3
      Transfer-Encoding:
      - chunked
      content-length:
      - '77'
    status:
      code: 200
      message: OK
- request:
    body: ''
    headers:
      accept:
      - '*/*'
      accept-encoding:
      - gzip, deflate
      connection:
      - keep-alive
      host:
      - gizmoj12.fhcrc.org:34469
      user-agent:
      - python-httpx/0.28.1
    method: GET
    uri: https://gizmoj12.fhcrc.org:34469/api/workflows/v1/64c6de95-06d3-4628-96b0-b1c0be037327/metadata?includeKey=status&includeKey=failures&includeKey=jobId
  response:
    body:
      string: '{"status":"Submitted","calls":{},"id":"64c6de95-06d3-4628-96b0-b1c0be037327"}'
    headers:
      Connection:
      - keep-alive
      Content-Type:
      - application/json
      Date:
      - Sun, 23 Nov 2025 04:24:46 GMT
      Server:
      - nginx/1.25.3
      Transfer-Encoding:
      - chunked
      content-length:
      - '77'
    status:
      code: 200
      message: OK
- request:
    body: ''
    headers:
      accept:
      - '*/*'
      accept-encoding:
      - gzip, deflate
      connection:
      - keep-alive
      host:
      - gizmoj12.fhcrc.org:34469
      user-agent:
      - python-httpx/0.28.1
    method: GET
    uri: https://gizmoj12.fhcrc.org:34469/api/workflows/v1/64c6de95-06d3-4628-96b0-b1c0be037327/metadata?includeKey=status&includeKey=failures&includeKey=jobId
  response:
    body:
      string: '{"status":"Submitted","calls":{},"id":"64c6de95-06d3-4628-96b0-b1c0be037327"}'
    headers:
      Connection:
      - keep-alive
      Content-Type:
      - application/json
      Date:
      - Sun, 23 Nov 2025 04:24:52 GMT
      Server:
      - nginx/1.25.3
      Transfer-Encoding:
      - chunked
      content-length:
      - '77'
    status:
      code: 200
      message: OK
- request:
    body: ''
    headers:
      accept:
      - '*/*'
      accept-encoding:
      - gzip, deflate
      connection:
      - keep-alive
      host:
      - gizmoj12.fhcrc.org:34469
      user-agent:
      - python-httpx/0.28.1
    method: GET
    uri: https://gizmoj12.fhcrc.org:34469/api/workflows/v1/64c6de95-06d3-4628-96b0-b1c0be037327/metadata?includeKey=status&includeKey=failures&includeKey=jobId
  response:
    body:
      string: '{"status":"Submitted","calls":{},"id":"64c6de95-06d3-4628-96b0-b1c0be037327"}'
    headers:
      Connection:
      - keep-alive
      Content-Type:
      - application/json
      Date:
      - Sun, 23 Nov 2025 04:24:57 GMT
      Server:
      - nginx/1.25.3
      Transfer-Encoding:
      - chunked
      content-length:
      - '77'
    status:
      code: 200
      message: OK
- request:
    body: ''
    headers:
      accept:
      - '*/*'
      accept-encoding:
      - gzip, deflate
      connection:
      - keep-alive
      host:
      - gizmoj12.fhcrc.org:34469
      user-agent:
      - python-httpx/0.28.1
    method: GET
    uri: https://gizmoj12.fhcrc.org:34469/api/workflows/v1/64c6de95-06d3-4628-96b0-b1c0be037327/metadata?includeKey=status&includeKey=failures&includeKey=jobId
  response:
    body:
      string: '{"status":"Submitted","calls":{},"id":"64c6de95-06d3-4628-96b0-b1c0be037327"}'
    headers:
      Connection:
      - keep-alive
      Content-Type:
      - application/json
      Date:
      - Sun, 23 Nov 2025 04:25:02 GMT
      Server:
      - nginx/1.25.3
      Transfer-Encoding:
      - chunked
      content-length:
      - '77'
    status:
      code: 200
      message: OK
- request:
    body: ''
    headers:
      accept:
      - '*/*'
      accept-encoding:
      - gzip, deflate
      connection:
      - keep-alive
      host:
      - gizmoj12.fhcrc.org:34469
      user-agent:
      - python-httpx/0.28.1
    method: GET
    uri: https://gizmoj12.fhcrc.org:34469/api/workflows/v1/64c6de95-06d3-4628-96b0-b1c0be037327/metadata?includeKey=status&includeKey=failures&includeKey=jobId
  response:
    body:
      string: '{"status":"Submitted","calls":{},"id":"64c6de95-06d3-4628-96b0-b1c0be037327"}'
    headers:
      Connection:
      - keep-alive
      Content-Type:
      - application/json
      Date:
      - Sun, 23 Nov 2025 04:25:07 GMT
      Server:
      - nginx/1.25.3
      Transfer-Encoding:
      - chunked
      content-length:
      - '77'
    status:
      code: 200
      message: OK
- request:
    body: ''
    headers:
      accept:
      - '*/*'
      accept-encoding:
      - gzip, deflate
      connection:
      - keep-alive
      host:
      - gizmoj12.fhcrc.org:34469
      user-agent:
      - python-httpx/0.28.1
    method: GET
    uri: https://gizmoj12.fhcrc.org:34469/api/workflows/v1/64c6de95-06d3-4628-96b0-b1c0be037327/metadata?includeKey=status&includeKey=failures&includeKey=jobId
  response:
    body:
      string: '{"status":"Submitted","calls":{},"id":"64c6de95-06d3-4628-96b0-b1c0be037327"}'
    headers:
      Connection:
      - keep-alive
      Content-Type:
      - application/json
      Date:
      - Sun, 23 Nov 2025 04:25:12 GMT
      Server:
      - nginx/1.25.3
      Transfer-Encoding:
      - chunked
      content-length:
      - '77'
    status:
      code: 200
      message: OK
- request:
    body: ''
    headers:
      accept:
      - '*/*'
      accept-encoding:
      - gzip, deflate
      connection:
      - keep-alive
      host:
      - gizmoj12.fhcrc.org:34469
      user-agent:
      - python-httpx/0.28.1
    method: GET
    uri: https://gizmoj12.fhcrc.org:34469/api/workflows/v1/64c6de95-06d3-4628-96b0-b1c0be037327/metadata?includeKey=status&includeKey=failures&includeKey=jobId
  response:
    body:
      string: '{"status":"Submitted","calls":{},"id":"64c6de95-06d3-4628-96b0-b1c0be037327"}'
    headers:
      Connection:
      - keep-alive
      Content-Type:
      - application/json
      Date:
      - Sun, 23 Nov 2025 04:25:17 GMT
      Server:
      - nginx/1.25.3
      Transfer-Encoding:
      - chunked
      content-length:
      - '77'
    status:
      code: 200
      message: OK
- request:
    body: ''
    headers:
      accept:
      - '*/*'
      accept-encoding:
      - gzip, deflate
      connection:
      - keep-alive
      host:
      - gizmoj12.fhcrc.org:34469
      user-agent:
      - python-httpx/0.28.1
    method: GET
    uri: https://gizmoj12.fhcrc.org:34469/api/workflows/v1/64c6de95-06d3-4628-96b0-b1c0be037327/metadata?includeKey=status&includeKey=failures&includeKey=jobId
  response:
    body:
      string: '{"status":"Submitted","calls":{},"id":"64c6de95-06d3-4628-96b0-b1c0be037327"}'
    headers:
      Connection:
      - keep-alive
      Content-Type:
      - application/json
      Date:
      - Sun, 23 Nov 2025 04:25:22 GMT
      Server:
      - nginx/1.25.3
      Transfer-Encoding:
      - chunked
      content-length:
      - '77'
    status:
      code: 200
      message: OK
- request:
    body: ''
    headers:
      accept:
      - '*/*'
      accept-encoding:
      - gzip, deflate
      connection:
      - keep-alive
      host:
      - gizmoj12.fhcrc.org:34469
      user-agent:
      - python-httpx/0.28.1
    method: GET
    uri: https://gizmoj12.fhcrc.org:34469/api/workflows/v1/64c6de95-06d3-4628-96b0-b1c0be037327/metadata?includeKey=status&includeKey=failures&includeKey=jobId
  response:
    body:
      string: '{"status":"Submitted","calls":{},"id":"64c6de95-06d3-4628-96b0-b1c0be037327"}'
    headers:
      Connection:
      - keep-alive
      Content-Type:
      - application/json
      Date:
      - Sun, 23 Nov 2025 04:25:27 GMT
      Server:
      - nginx/1.25.3
      Transfer-Encoding:
      - chunked
      content-length:
      - '77'
    status:
      code: 200
      message: OK
- request:
    body: ''
    headers:
      accept:
      - '*/*'
      accept-encoding:
      - gzip, deflate
      connection:
      - keep-alive
      host:
      - gizmoj12.fhcrc.org:34469
      user-agent:
      - python-httpx/0.28.1
    method: GET
    uri: https://gizmoj12.fhcrc.org:34469/api/workflows/v1/64c6de95-06d3-4628-96b0-b1c0be037327/metadata?includeKey=status&includeKey=failures&includeKey=jobId
  response:
    body:
      string: '{"status":"Submitted","calls":{},"id":"64c6de95-06d3-4628-96b0-b1c0be037327"}'
    headers:
      Connection:
      - keep-alive
      Content-Type:
      - application/json
      Date:
      - Sun, 23 Nov 2025 04:25:32 GMT
      Server:
      - nginx/1.25.3
      Transfer-Encoding:
      - chunked
      content-length:
      - '77'
    status:
      code: 200
      message: OK
- request:
    body: ''
    headers:
      accept:
      - '*/*'
      accept-encoding:
      - gzip, deflate
      connection:
      - keep-alive
      host:
      - gizmoj12.fhcrc.org:34469
      user-agent:
      - python-httpx/0.28.1
    method: GET
    uri: https://gizmoj12.fhcrc.org:34469/api/workflows/v1/64c6de95-06d3-4628-96b0-b1c0be037327/metadata?includeKey=status&includeKey=failures&includeKey=jobId
  response:
    body:
      string: '{"status":"Submitted","calls":{},"id":"64c6de95-06d3-4628-96b0-b1c0be037327"}'
    headers:
      Connection:
      - keep-alive
      Content-Type:
      - application/json
      Date:
      - Sun, 23 Nov 2025 04:25:37 GMT
      Server:
      - nginx/1.25.3
      Transfer-Encoding:
      - chunked
      content-length:
      - '77'
    status:
      code: 200
      message: OK
- request:
    body: ''
    headers:
      accept:
      - '*/*'
      accept-encoding:
      - gzip, deflate
      connection:
      - keep-alive
      host:
      - gizmoj12.fhcrc.org:34469
      user-agent:
      - python-httpx/0.28.1
    method: GET
    uri: https://gizmoj12.fhcrc.org:34469/api/workflows/v1/64c6de95-06d3-4628-96b0-b1c0be037327/metadata?includeKey=status&includeKey=failures&includeKey=jobId
  response:
    body:
      string: '{"status":"Submitted","calls":{},"id":"64c6de95-06d3-4628-96b0-b1c0be037327"}'
    headers:
      Connection:
      - keep-alive
      Content-Type:
      - application/json
      Date:
      - Sun, 23 Nov 2025 04:25:42 GMT
      Server:
      - nginx/1.25.3
      Transfer-Encoding:
      - chunked
      content-length:
      - '77'
    status:
      code: 200
      message: OK
- request:
    body: ''
    headers:
      accept:
      - '*/*'
      accept-encoding:
      - gzip, deflate
      connection:
      - keep-alive
      host:
      - gizmoj12.fhcrc.org:34469
      user-agent:
      - python-httpx/0.28.1
    method: GET
    uri: https://gizmoj12.fhcrc.org:34469/api/workflows/v1/64c6de95-06d3-4628-96b0-b1c0be037327/metadata?includeKey=status&includeKey=failures&includeKey=jobId
  response:
    body:
      string: '{"status":"Submitted","calls":{},"id":"64c6de95-06d3-4628-96b0-b1c0be037327"}'
    headers:
      Connection:
      - keep-alive
      Content-Type:
      - application/json
      Date:
      - Sun, 23 Nov 2025 04:25:47 GMT
      Server:
      - nginx/1.25.3
      Transfer-Encoding:
      - chunked
      content-length:
      - '77'
    status:
      code: 200
      message: OK
- request:
    body: ''
    headers:
      accept:
      - '*/*'
      accept-encoding:
      - gzip, deflate
      connection:
      - keep-alive
      host:
      - gizmoj12.fhcrc.org:34469
      user-agent:
      - python-httpx/0.28.1
    method: GET
    uri: https://gizmoj12.fhcrc.org:34469/api/workflows/v1/64c6de95-06d3-4628-96b0-b1c0be037327/metadata?includeKey=status&includeKey=failures&includeKey=jobId
  response:
    body:
      string: '{"status":"Submitted","calls":{},"id":"64c6de95-06d3-4628-96b0-b1c0be037327"}'
    headers:
      Connection:
      - keep-alive
      Content-Type:
      - application/json
      Date:
      - Sun, 23 Nov 2025 04:25:52 GMT
      Server:
      - nginx/1.25.3
      Transfer-Encoding:
      - chunked
      content-length:
      - '77'
    status:
      code: 200
      message: OK
- request:
    body: ''
    headers:
      accept:
      - '*/*'
      accept-encoding:
      - gzip, deflate
      connection:
      - keep-alive
      host:
      - gizmoj12.fhcrc.org:34469
      user-agent:
      - python-httpx/0.28.1
    method: GET
    uri: https://gizmoj12.fhcrc.org:34469/api/workflows/v1/64c6de95-06d3-4628-96b0-b1c0be037327/metadata?includeKey=status&includeKey=failures&includeKey=jobId
  response:
    body:
      string: '{"status":"Submitted","calls":{},"id":"64c6de95-06d3-4628-96b0-b1c0be037327"}'
    headers:
      Connection:
      - keep-alive
      Content-Type:
      - application/json
      Date:
      - Sun, 23 Nov 2025 04:25:57 GMT
      Server:
      - nginx/1.25.3
      Transfer-Encoding:
      - chunked
      content-length:
      - '77'
    status:
      code: 200
      message: OK
- request:
    body: ''
    headers:
      accept:
      - '*/*'
      accept-encoding:
      - gzip, deflate
      connection:
      - keep-alive
      host:
      - gizmoj12.fhcrc.org:34469
      user-agent:
      - python-httpx/0.28.1
    method: GET
    uri: https://gizmoj12.fhcrc.org:34469/api/workflows/v1/64c6de95-06d3-4628-96b0-b1c0be037327/metadata?includeKey=status&includeKey=failures&includeKey=jobId
  response:
    body:
      string: '{"status":"Submitted","calls":{},"id":"64c6de95-06d3-4628-96b0-b1c0be037327"}'
    headers:
      Connection:
      - keep-alive
      Content-Type:
      - application/json
      Date:
      - Sun, 23 Nov 2025 04:26:02 GMT
      Server:
      - nginx/1.25.3
      Transfer-Encoding:
      - chunked
      content-length:
      - '77'
    status:
      code: 200
      message: OK
- request:
    body: ''
    headers:
      accept:
      - '*/*'
      accept-encoding:
      - gzip, deflate
      connection:
      - keep-alive
      host:
      - gizmoj12.fhcrc.org:34469
      user-agent:
      - python-httpx/0.28.1
    method: GET
    uri: https://gizmoj12.fhcrc.org:34469/api/workflows/v1/64c6de95-06d3-4628-96b0-b1c0be037327/metadata?includeKey=status&includeKey=failures&includeKey=jobId
  response:
    body:
      string: '{"status":"Submitted","calls":{},"id":"64c6de95-06d3-4628-96b0-b1c0be037327"}'
    headers:
      Connection:
      - keep-alive
      Content-Type:
      - application/json
      Date:
      - Sun, 23 Nov 2025 04:26:07 GMT
      Server:
      - nginx/1.25.3
      Transfer-Encoding:
      - chunked
      content-length:
      - '77'
    status:
      code: 200
      message: OK
- request:
    body: ''
    headers:
      accept:
      - '*/*'
      accept-encoding:
      - gzip, deflate
      connection:
      - keep-alive
      host:
      - gizmoj12.fhcrc.org:34469
      user-agent:
      - python-httpx/0.28.1
    method: GET
    uri: https://gizmoj12.fhcrc.org:34469/api/workflows/v1/64c6de95-06d3-4628-96b0-b1c0be037327/metadata?includeKey=status&includeKey=failures&includeKey=jobId
  response:
    body:
      string: '{"status":"Submitted","calls":{},"id":"64c6de95-06d3-4628-96b0-b1c0be037327"}'
    headers:
      Connection:
      - keep-alive
      Content-Type:
      - application/json
      Date:
      - Sun, 23 Nov 2025 04:26:12 GMT
      Server:
      - nginx/1.25.3
      Transfer-Encoding:
      - chunked
      content-length:
      - '77'
    status:
      code: 200
      message: OK
- request:
    body: ''
    headers:
      accept:
      - '*/*'
      accept-encoding:
      - gzip, deflate
      connection:
      - keep-alive
      host:
      - gizmoj12.fhcrc.org:34469
      user-agent:
      - python-httpx/0.28.1
    method: GET
    uri: https://gizmoj12.fhcrc.org:34469/api/workflows/v1/64c6de95-06d3-4628-96b0-b1c0be037327/metadata?includeKey=status&includeKey=failures&includeKey=jobId
  response:
    body:
      string: '{"status":"Submitted","calls":{},"id":"64c6de95-06d3-4628-96b0-b1c0be037327"}'
    headers:
      Connection:
      - keep-alive
      Content-Type:
      - application/json
      Date:
      - Sun, 23 Nov 2025 04:26:17 GMT
      Server:
      - nginx/1.25.3
      Transfer-Encoding:
      - chunked
      content-length:
      - '77'
    status:
      code: 200
      message: OK
- request:
    body: ''
    headers:
      accept:
      - '*/*'
      accept-encoding:
      - gzip, deflate
      connection:
      - keep-alive
      host:
      - gizmoj12.fhcrc.org:34469
      user-agent:
      - python-httpx/0.28.1
    method: GET
    uri: https://gizmoj12.fhcrc.org:34469/api/workflows/v1/64c6de95-06d3-4628-96b0-b1c0be037327/metadata?includeKey=status&includeKey=failures&includeKey=jobId
  response:
    body:
      string: '{"status":"Submitted","calls":{},"id":"64c6de95-06d3-4628-96b0-b1c0be037327"}'
    headers:
      Connection:
      - keep-alive
      Content-Type:
      - application/json
      Date:
      - Sun, 23 Nov 2025 04:26:22 GMT
      Server:
      - nginx/1.25.3
      Transfer-Encoding:
      - chunked
      content-length:
      - '77'
    status:
      code: 200
      message: OK
- request:
    body: ''
    headers:
      accept:
      - '*/*'
      accept-encoding:
      - gzip, deflate
      connection:
      - keep-alive
      host:
      - gizmoj12.fhcrc.org:34469
      user-agent:
      - python-httpx/0.28.1
    method: GET
    uri: https://gizmoj12.fhcrc.org:34469/api/workflows/v1/64c6de95-06d3-4628-96b0-b1c0be037327/metadata?includeKey=status&includeKey=failures&includeKey=jobId
  response:
    body:
      string: '{"status":"Submitted","calls":{},"id":"64c6de95-06d3-4628-96b0-b1c0be037327"}'
    headers:
      Connection:
      - keep-alive
      Content-Type:
      - application/json
      Date:
      - Sun, 23 Nov 2025 04:26:27 GMT
      Server:
      - nginx/1.25.3
      Transfer-Encoding:
      - chunked
      content-length:
      - '77'
    status:
      code: 200
      message: OK
- request:
    body: ''
    headers:
      accept:
      - '*/*'
      accept-encoding:
      - gzip, deflate
      connection:
      - keep-alive
      host:
      - gizmoj12.fhcrc.org:34469
      user-agent:
      - python-httpx/0.28.1
    method: GET
    uri: https://gizmoj12.fhcrc.org:34469/api/workflows/v1/64c6de95-06d3-4628-96b0-b1c0be037327/metadata?includeKey=status&includeKey=failures&includeKey=jobId
  response:
    body:
      string: '{"status":"Submitted","calls":{},"id":"64c6de95-06d3-4628-96b0-b1c0be037327"}'
    headers:
      Connection:
      - keep-alive
      Content-Type:
      - application/json
      Date:
      - Sun, 23 Nov 2025 04:26:32 GMT
      Server:
      - nginx/1.25.3
      Transfer-Encoding:
      - chunked
      content-length:
      - '77'
    status:
      code: 200
      message: OK
- request:
    body: ''
    headers:
      accept:
      - '*/*'
      accept-encoding:
      - gzip, deflate
      connection:
      - keep-alive
      host:
      - gizmoj12.fhcrc.org:34469
      user-agent:
      - python-httpx/0.28.1
    method: GET
    uri: https://gizmoj12.fhcrc.org:34469/api/workflows/v1/64c6de95-06d3-4628-96b0-b1c0be037327/metadata?includeKey=status&includeKey=failures&includeKey=jobId
  response:
    body:
      string: '{"status":"Submitted","calls":{},"id":"64c6de95-06d3-4628-96b0-b1c0be037327"}'
    headers:
      Connection:
      - keep-alive
      Content-Type:
      - application/json
      Date:
      - Sun, 23 Nov 2025 04:26:37 GMT
      Server:
      - nginx/1.25.3
      Transfer-Encoding:
      - chunked
      content-length:
      - '77'
    status:
      code: 200
      message: OK
- request:
    body: ''
    headers:
      accept:
      - '*/*'
      accept-encoding:
      - gzip, deflate
      connection:
      - keep-alive
      host:
      - gizmoj12.fhcrc.org:34469
      user-agent:
      - python-httpx/0.28.1
    method: GET
    uri: https://gizmoj12.fhcrc.org:34469/api/workflows/v1/64c6de95-06d3-4628-96b0-b1c0be037327/metadata?includeKey=status&includeKey=failures&includeKey=jobId
  response:
    body:
      string: '{"status":"Submitted","calls":{},"id":"64c6de95-06d3-4628-96b0-b1c0be037327"}'
    headers:
      Connection:
      - keep-alive
      Content-Type:
      - application/json
      Date:
      - Sun, 23 Nov 2025 04:26:42 GMT
      Server:
      - nginx/1.25.3
      Transfer-Encoding:
      - chunked
      content-length:
      - '77'
    status:
      code: 200
      message: OK
- request:
    body: ''
    headers:
      accept:
      - '*/*'
      accept-encoding:
      - gzip, deflate
      connection:
      - keep-alive
      host:
      - gizmoj12.fhcrc.org:34469
      user-agent:
      - python-httpx/0.28.1
    method: GET
    uri: https://gizmoj12.fhcrc.org:34469/api/workflows/v1/64c6de95-06d3-4628-96b0-b1c0be037327/metadata?includeKey=status&includeKey=failures&includeKey=jobId
  response:
    body:
      string: '{"status":"Submitted","calls":{},"id":"64c6de95-06d3-4628-96b0-b1c0be037327"}'
    headers:
      Connection:
      - keep-alive
      Content-Type:
      - application/json
      Date:
      - Sun, 23 Nov 2025 04:26:47 GMT
      Server:
      - nginx/1.25.3
      Transfer-Encoding:
      - chunked
      content-length:
      - '77'
    status:
      code: 200
      message: OK
- request:
    body: ''
    headers:
      accept:
      - '*/*'
      accept-encoding:
      - gzip, deflate
      connection:
      - keep-alive
      host:
      - gizmoj12.fhcrc.org:34469
      user-agent:
      - python-httpx/0.28.1
    method: GET
    uri: https://gizmoj12.fhcrc.org:34469/api/workflows/v1/64c6de95-06d3-4628-96b0-b1c0be037327/metadata?includeKey=status&includeKey=failures&includeKey=jobId
  response:
    body:
      string: '{"status":"Submitted","calls":{},"id":"64c6de95-06d3-4628-96b0-b1c0be037327"}'
    headers:
      Connection:
      - keep-alive
      Content-Type:
      - application/json
      Date:
      - Sun, 23 Nov 2025 04:26:53 GMT
      Server:
      - nginx/1.25.3
      Transfer-Encoding:
      - chunked
      content-length:
      - '77'
    status:
      code: 200
      message: OK
- request:
    body: ''
    headers:
      accept:
      - '*/*'
      accept-encoding:
      - gzip, deflate
      connection:
      - keep-alive
      host:
      - gizmoj12.fhcrc.org:34469
      user-agent:
      - python-httpx/0.28.1
    method: GET
    uri: https://gizmoj12.fhcrc.org:34469/api/workflows/v1/64c6de95-06d3-4628-96b0-b1c0be037327/metadata?includeKey=status&includeKey=failures&includeKey=jobId
  response:
    body:
      string: '{"status":"Submitted","calls":{},"id":"64c6de95-06d3-4628-96b0-b1c0be037327"}'
    headers:
      Connection:
      - keep-alive
      Content-Type:
      - application/json
      Date:
      - Sun, 23 Nov 2025 04:26:58 GMT
      Server:
      - nginx/1.25.3
      Transfer-Encoding:
      - chunked
      content-length:
      - '77'
    status:
      code: 200
      message: OK
- request:
    body: ''
    headers:
      accept:
      - '*/*'
      accept-encoding:
      - gzip, deflate
      connection:
      - keep-alive
      host:
      - gizmoj12.fhcrc.org:34469
      user-agent:
      - python-httpx/0.28.1
    method: GET
    uri: https://gizmoj12.fhcrc.org:34469/api/workflows/v1/64c6de95-06d3-4628-96b0-b1c0be037327/metadata?includeKey=status&includeKey=failures&includeKey=jobId
  response:
    body:
      string: '{"status":"Submitted","calls":{},"id":"64c6de95-06d3-4628-96b0-b1c0be037327"}'
    headers:
      Connection:
      - keep-alive
      Content-Type:
      - application/json
      Date:
      - Sun, 23 Nov 2025 04:27:03 GMT
      Server:
      - nginx/1.25.3
      Transfer-Encoding:
      - chunked
      content-length:
      - '77'
    status:
      code: 200
      message: OK
- request:
    body: ''
    headers:
      accept:
      - '*/*'
      accept-encoding:
      - gzip, deflate
      connection:
      - keep-alive
      host:
      - gizmoj12.fhcrc.org:34469
      user-agent:
      - python-httpx/0.28.1
    method: GET
    uri: https://gizmoj12.fhcrc.org:34469/api/workflows/v1/64c6de95-06d3-4628-96b0-b1c0be037327/metadata?includeKey=status&includeKey=failures&includeKey=jobId
  response:
    body:
      string: '{"status":"Submitted","calls":{},"id":"64c6de95-06d3-4628-96b0-b1c0be037327"}'
    headers:
      Connection:
      - keep-alive
      Content-Type:
      - application/json
      Date:
      - Sun, 23 Nov 2025 04:27:08 GMT
      Server:
      - nginx/1.25.3
      Transfer-Encoding:
      - chunked
      content-length:
      - '77'
    status:
      code: 200
      message: OK
- request:
    body: ''
    headers:
      accept:
      - '*/*'
      accept-encoding:
      - gzip, deflate
      connection:
      - keep-alive
      host:
      - gizmoj12.fhcrc.org:34469
      user-agent:
      - python-httpx/0.28.1
    method: GET
    uri: https://gizmoj12.fhcrc.org:34469/api/workflows/v1/64c6de95-06d3-4628-96b0-b1c0be037327/metadata?includeKey=status&includeKey=failures&includeKey=jobId
  response:
    body:
      string: '{"status":"Submitted","calls":{},"id":"64c6de95-06d3-4628-96b0-b1c0be037327"}'
    headers:
      Connection:
      - keep-alive
      Content-Type:
      - application/json
      Date:
      - Sun, 23 Nov 2025 04:27:13 GMT
      Server:
      - nginx/1.25.3
      Transfer-Encoding:
      - chunked
      content-length:
      - '77'
    status:
      code: 200
      message: OK
- request:
    body: ''
    headers:
      accept:
      - '*/*'
      accept-encoding:
      - gzip, deflate
      connection:
      - keep-alive
      host:
      - gizmoj12.fhcrc.org:34469
      user-agent:
      - python-httpx/0.28.1
    method: GET
    uri: https://gizmoj12.fhcrc.org:34469/api/workflows/v1/64c6de95-06d3-4628-96b0-b1c0be037327/metadata?includeKey=status&includeKey=failures&includeKey=jobId
  response:
    body:
      string: '{"status":"Submitted","calls":{},"id":"64c6de95-06d3-4628-96b0-b1c0be037327"}'
    headers:
      Connection:
      - keep-alive
      Content-Type:
      - application/json
      Date:
      - Sun, 23 Nov 2025 04:27:18 GMT
      Server:
      - nginx/1.25.3
      Transfer-Encoding:
      - chunked
      content-length:
      - '77'
    status:
      code: 200
      message: OK
- request:
    body: ''
    headers:
      accept:
      - '*/*'
      accept-encoding:
      - gzip, deflate
      connection:
      - keep-alive
      host:
      - gizmoj12.fhcrc.org:34469
      user-agent:
      - python-httpx/0.28.1
    method: GET
    uri: https://gizmoj12.fhcrc.org:34469/api/workflows/v1/64c6de95-06d3-4628-96b0-b1c0be037327/metadata?includeKey=status&includeKey=failures&includeKey=jobId
  response:
    body:
      string: '{"status":"Submitted","calls":{},"id":"64c6de95-06d3-4628-96b0-b1c0be037327"}'
    headers:
      Connection:
      - keep-alive
      Content-Type:
      - application/json
      Date:
      - Sun, 23 Nov 2025 04:27:23 GMT
      Server:
      - nginx/1.25.3
      Transfer-Encoding:
      - chunked
      content-length:
      - '77'
    status:
      code: 200
      message: OK
- request:
    body: ''
    headers:
      accept:
      - '*/*'
      accept-encoding:
      - gzip, deflate
      connection:
      - keep-alive
      host:
      - gizmoj12.fhcrc.org:34469
      user-agent:
      - python-httpx/0.28.1
    method: GET
    uri: https://gizmoj12.fhcrc.org:34469/api/workflows/v1/64c6de95-06d3-4628-96b0-b1c0be037327/metadata?includeKey=status&includeKey=failures&includeKey=jobId
  response:
    body:
      string: '{"status":"Submitted","calls":{},"id":"64c6de95-06d3-4628-96b0-b1c0be037327"}'
    headers:
      Connection:
      - keep-alive
      Content-Type:
      - application/json
      Date:
      - Sun, 23 Nov 2025 04:27:28 GMT
      Server:
      - nginx/1.25.3
      Transfer-Encoding:
      - chunked
      content-length:
      - '77'
    status:
      code: 200
      message: OK
- request:
    body: ''
    headers:
      accept:
      - '*/*'
      accept-encoding:
      - gzip, deflate
      connection:
      - keep-alive
      host:
      - gizmoj12.fhcrc.org:34469
      user-agent:
      - python-httpx/0.28.1
    method: GET
    uri: https://gizmoj12.fhcrc.org:34469/api/workflows/v1/64c6de95-06d3-4628-96b0-b1c0be037327/metadata?includeKey=status&includeKey=failures&includeKey=jobId
  response:
    body:
      string: '{"status":"Submitted","calls":{},"id":"64c6de95-06d3-4628-96b0-b1c0be037327"}'
    headers:
      Connection:
      - keep-alive
      Content-Type:
      - application/json
      Date:
      - Sun, 23 Nov 2025 04:27:33 GMT
      Server:
      - nginx/1.25.3
      Transfer-Encoding:
      - chunked
      content-length:
      - '77'
    status:
      code: 200
      message: OK
- request:
    body: ''
    headers:
      accept:
      - '*/*'
      accept-encoding:
      - gzip, deflate
      connection:
      - keep-alive
      host:
      - gizmoj12.fhcrc.org:34469
      user-agent:
      - python-httpx/0.28.1
    method: GET
    uri: https://gizmoj12.fhcrc.org:34469/api/workflows/v1/64c6de95-06d3-4628-96b0-b1c0be037327/metadata?includeKey=status&includeKey=failures&includeKey=jobId
  response:
    body:
      string: '{"status":"Submitted","calls":{},"id":"64c6de95-06d3-4628-96b0-b1c0be037327"}'
    headers:
      Connection:
      - keep-alive
      Content-Type:
      - application/json
      Date:
      - Sun, 23 Nov 2025 04:27:38 GMT
      Server:
      - nginx/1.25.3
      Transfer-Encoding:
      - chunked
      content-length:
      - '77'
    status:
      code: 200
      message: OK
- request:
    body: ''
    headers:
      accept:
      - '*/*'
      accept-encoding:
      - gzip, deflate
      connection:
      - keep-alive
      host:
      - gizmoj12.fhcrc.org:34469
      user-agent:
      - python-httpx/0.28.1
    method: GET
    uri: https://gizmoj12.fhcrc.org:34469/api/workflows/v1/64c6de95-06d3-4628-96b0-b1c0be037327/metadata?includeKey=status&includeKey=failures&includeKey=jobId
  response:
    body:
      string: '{"status":"Submitted","calls":{},"id":"64c6de95-06d3-4628-96b0-b1c0be037327"}'
    headers:
      Connection:
      - keep-alive
      Content-Type:
      - application/json
      Date:
      - Sun, 23 Nov 2025 04:27:43 GMT
      Server:
      - nginx/1.25.3
      Transfer-Encoding:
      - chunked
      content-length:
      - '77'
    status:
      code: 200
      message: OK
- request:
    body: ''
    headers:
      accept:
      - '*/*'
      accept-encoding:
      - gzip, deflate
      connection:
      - keep-alive
      host:
      - gizmoj12.fhcrc.org:34469
      user-agent:
      - python-httpx/0.28.1
    method: GET
    uri: https://gizmoj12.fhcrc.org:34469/api/workflows/v1/64c6de95-06d3-4628-96b0-b1c0be037327/metadata?includeKey=status&includeKey=failures&includeKey=jobId
  response:
    body:
      string: '{"status":"Submitted","calls":{},"id":"64c6de95-06d3-4628-96b0-b1c0be037327"}'
    headers:
      Connection:
      - keep-alive
      Content-Type:
      - application/json
      Date:
      - Sun, 23 Nov 2025 04:27:48 GMT
      Server:
      - nginx/1.25.3
      Transfer-Encoding:
      - chunked
      content-length:
      - '77'
    status:
      code: 200
      message: OK
- request:
    body: ''
    headers:
      accept:
      - '*/*'
      accept-encoding:
      - gzip, deflate
      connection:
      - keep-alive
      host:
      - gizmoj12.fhcrc.org:34469
      user-agent:
      - python-httpx/0.28.1
    method: GET
    uri: https://gizmoj12.fhcrc.org:34469/api/workflows/v1/64c6de95-06d3-4628-96b0-b1c0be037327/metadata?includeKey=status&includeKey=failures&includeKey=jobId
  response:
    body:
      string: '{"status":"Submitted","calls":{},"id":"64c6de95-06d3-4628-96b0-b1c0be037327"}'
    headers:
      Connection:
      - keep-alive
      Content-Type:
      - application/json
      Date:
      - Sun, 23 Nov 2025 04:27:53 GMT
      Server:
      - nginx/1.25.3
      Transfer-Encoding:
      - chunked
      content-length:
      - '77'
    status:
      code: 200
      message: OK
- request:
    body: ''
    headers:
      accept:
      - '*/*'
      accept-encoding:
      - gzip, deflate
      connection:
      - keep-alive
      host:
      - gizmoj12.fhcrc.org:34469
      user-agent:
      - python-httpx/0.28.1
    method: GET
    uri: https://gizmoj12.fhcrc.org:34469/api/workflows/v1/64c6de95-06d3-4628-96b0-b1c0be037327/metadata?includeKey=status&includeKey=failures&includeKey=jobId
  response:
    body:
      string: '{"status":"Submitted","calls":{},"id":"64c6de95-06d3-4628-96b0-b1c0be037327"}'
    headers:
      Connection:
      - keep-alive
      Content-Type:
      - application/json
      Date:
      - Sun, 23 Nov 2025 04:27:58 GMT
      Server:
      - nginx/1.25.3
      Transfer-Encoding:
      - chunked
      content-length:
      - '77'
    status:
      code: 200
      message: OK
- request:
    body: ''
    headers:
      accept:
      - '*/*'
      accept-encoding:
      - gzip, deflate
      connection:
      - keep-alive
      host:
      - gizmoj12.fhcrc.org:34469
      user-agent:
      - python-httpx/0.28.1
    method: GET
    uri: https://gizmoj12.fhcrc.org:34469/api/workflows/v1/64c6de95-06d3-4628-96b0-b1c0be037327/metadata?includeKey=status&includeKey=failures&includeKey=jobId
  response:
    body:
      string: '{"status":"Submitted","calls":{},"id":"64c6de95-06d3-4628-96b0-b1c0be037327"}'
    headers:
      Connection:
      - keep-alive
      Content-Type:
      - application/json
      Date:
      - Sun, 23 Nov 2025 04:28:03 GMT
      Server:
      - nginx/1.25.3
      Transfer-Encoding:
      - chunked
      content-length:
      - '77'
    status:
      code: 200
      message: OK
- request:
    body: ''
    headers:
      accept:
      - '*/*'
      accept-encoding:
      - gzip, deflate
      connection:
      - keep-alive
      host:
      - gizmoj12.fhcrc.org:34469
      user-agent:
      - python-httpx/0.28.1
    method: GET
    uri: https://gizmoj12.fhcrc.org:34469/api/workflows/v1/64c6de95-06d3-4628-96b0-b1c0be037327/metadata?includeKey=status&includeKey=failures&includeKey=jobId
  response:
    body:
      string: '{"status":"Submitted","calls":{},"id":"64c6de95-06d3-4628-96b0-b1c0be037327"}'
    headers:
      Connection:
      - keep-alive
      Content-Type:
      - application/json
      Date:
      - Sun, 23 Nov 2025 04:28:08 GMT
      Server:
      - nginx/1.25.3
      Transfer-Encoding:
      - chunked
      content-length:
      - '77'
    status:
      code: 200
      message: OK
- request:
    body: ''
    headers:
      accept:
      - '*/*'
      accept-encoding:
      - gzip, deflate
      connection:
      - keep-alive
      host:
      - gizmoj12.fhcrc.org:34469
      user-agent:
      - python-httpx/0.28.1
    method: GET
    uri: https://gizmoj12.fhcrc.org:34469/api/workflows/v1/64c6de95-06d3-4628-96b0-b1c0be037327/metadata?includeKey=status&includeKey=failures&includeKey=jobId
  response:
    body:
      string: '{"status":"Submitted","calls":{},"id":"64c6de95-06d3-4628-96b0-b1c0be037327"}'
    headers:
      Connection:
      - keep-alive
      Content-Type:
      - application/json
      Date:
      - Sun, 23 Nov 2025 04:28:13 GMT
      Server:
      - nginx/1.25.3
      Transfer-Encoding:
      - chunked
      content-length:
      - '77'
    status:
      code: 200
      message: OK
- request:
    body: ''
    headers:
      accept:
      - '*/*'
      accept-encoding:
      - gzip, deflate
      connection:
      - keep-alive
      host:
      - gizmoj12.fhcrc.org:34469
      user-agent:
      - python-httpx/0.28.1
    method: GET
    uri: https://gizmoj12.fhcrc.org:34469/api/workflows/v1/64c6de95-06d3-4628-96b0-b1c0be037327/metadata?includeKey=status&includeKey=failures&includeKey=jobId
  response:
    body:
      string: '{"status":"Submitted","calls":{},"id":"64c6de95-06d3-4628-96b0-b1c0be037327"}'
    headers:
      Connection:
      - keep-alive
      Content-Type:
      - application/json
      Date:
      - Sun, 23 Nov 2025 04:28:18 GMT
      Server:
      - nginx/1.25.3
      Transfer-Encoding:
      - chunked
      content-length:
      - '77'
    status:
      code: 200
      message: OK
- request:
    body: ''
    headers:
      accept:
      - '*/*'
      accept-encoding:
      - gzip, deflate
      connection:
      - keep-alive
      host:
      - gizmoj12.fhcrc.org:34469
      user-agent:
      - python-httpx/0.28.1
    method: GET
    uri: https://gizmoj12.fhcrc.org:34469/api/workflows/v1/64c6de95-06d3-4628-96b0-b1c0be037327/metadata?includeKey=status&includeKey=failures&includeKey=jobId
  response:
    body:
      string: '{"status":"Submitted","calls":{},"id":"64c6de95-06d3-4628-96b0-b1c0be037327"}'
    headers:
      Connection:
      - keep-alive
      Content-Type:
      - application/json
      Date:
      - Sun, 23 Nov 2025 04:28:23 GMT
      Server:
      - nginx/1.25.3
      Transfer-Encoding:
      - chunked
      content-length:
      - '77'
    status:
      code: 200
      message: OK
- request:
    body: ''
    headers:
      accept:
      - '*/*'
      accept-encoding:
      - gzip, deflate
      connection:
      - keep-alive
      host:
      - gizmoj12.fhcrc.org:34469
      user-agent:
      - python-httpx/0.28.1
    method: GET
    uri: https://gizmoj12.fhcrc.org:34469/api/workflows/v1/64c6de95-06d3-4628-96b0-b1c0be037327/metadata?includeKey=status&includeKey=failures&includeKey=jobId
  response:
    body:
      string: '{"status":"Submitted","calls":{},"id":"64c6de95-06d3-4628-96b0-b1c0be037327"}'
    headers:
      Connection:
      - keep-alive
      Content-Type:
      - application/json
      Date:
      - Sun, 23 Nov 2025 04:28:28 GMT
      Server:
      - nginx/1.25.3
      Transfer-Encoding:
      - chunked
      content-length:
      - '77'
    status:
      code: 200
      message: OK
- request:
    body: ''
    headers:
      accept:
      - '*/*'
      accept-encoding:
      - gzip, deflate
      connection:
      - keep-alive
      host:
      - gizmoj12.fhcrc.org:34469
      user-agent:
      - python-httpx/0.28.1
    method: GET
    uri: https://gizmoj12.fhcrc.org:34469/api/workflows/v1/64c6de95-06d3-4628-96b0-b1c0be037327/metadata?includeKey=status&includeKey=failures&includeKey=jobId
  response:
    body:
      string: '{"status":"Submitted","calls":{},"id":"64c6de95-06d3-4628-96b0-b1c0be037327"}'
    headers:
      Connection:
      - keep-alive
      Content-Type:
      - application/json
      Date:
      - Sun, 23 Nov 2025 04:28:33 GMT
      Server:
      - nginx/1.25.3
      Transfer-Encoding:
      - chunked
      content-length:
      - '77'
    status:
      code: 200
      message: OK
- request:
    body: ''
    headers:
      accept:
      - '*/*'
      accept-encoding:
      - gzip, deflate
      connection:
      - keep-alive
      host:
      - gizmoj12.fhcrc.org:34469
      user-agent:
      - python-httpx/0.28.1
    method: GET
    uri: https://gizmoj12.fhcrc.org:34469/api/workflows/v1/64c6de95-06d3-4628-96b0-b1c0be037327/metadata?includeKey=status&includeKey=failures&includeKey=jobId
  response:
    body:
      string: '{"status":"Submitted","calls":{},"id":"64c6de95-06d3-4628-96b0-b1c0be037327"}'
    headers:
      Connection:
      - keep-alive
      Content-Type:
      - application/json
      Date:
      - Sun, 23 Nov 2025 04:28:38 GMT
      Server:
      - nginx/1.25.3
      Transfer-Encoding:
      - chunked
      content-length:
      - '77'
    status:
      code: 200
      message: OK
- request:
    body: ''
    headers:
      accept:
      - '*/*'
      accept-encoding:
      - gzip, deflate
      connection:
      - keep-alive
      host:
      - gizmoj12.fhcrc.org:34469
      user-agent:
      - python-httpx/0.28.1
    method: GET
    uri: https://gizmoj12.fhcrc.org:34469/api/workflows/v1/64c6de95-06d3-4628-96b0-b1c0be037327/metadata?includeKey=status&includeKey=failures&includeKey=jobId
  response:
    body:
      string: '{"status":"Submitted","calls":{},"id":"64c6de95-06d3-4628-96b0-b1c0be037327"}'
    headers:
      Connection:
      - keep-alive
      Content-Type:
      - application/json
      Date:
      - Sun, 23 Nov 2025 04:28:43 GMT
      Server:
      - nginx/1.25.3
      Transfer-Encoding:
      - chunked
      content-length:
      - '77'
    status:
      code: 200
      message: OK
- request:
    body: ''
    headers:
      accept:
      - '*/*'
      accept-encoding:
      - gzip, deflate
      connection:
      - keep-alive
      host:
      - gizmoj12.fhcrc.org:34469
      user-agent:
      - python-httpx/0.28.1
    method: GET
    uri: https://gizmoj12.fhcrc.org:34469/api/workflows/v1/64c6de95-06d3-4628-96b0-b1c0be037327/metadata?includeKey=status&includeKey=failures&includeKey=jobId
  response:
    body:
      string: '{"status":"Submitted","calls":{},"id":"64c6de95-06d3-4628-96b0-b1c0be037327"}'
    headers:
      Connection:
      - keep-alive
      Content-Type:
      - application/json
      Date:
      - Sun, 23 Nov 2025 04:28:48 GMT
      Server:
      - nginx/1.25.3
      Transfer-Encoding:
      - chunked
      content-length:
      - '77'
    status:
      code: 200
      message: OK
- request:
    body: ''
    headers:
      accept:
      - '*/*'
      accept-encoding:
      - gzip, deflate
      connection:
      - keep-alive
      host:
      - gizmoj12.fhcrc.org:34469
      user-agent:
      - python-httpx/0.28.1
    method: GET
    uri: https://gizmoj12.fhcrc.org:34469/api/workflows/v1/64c6de95-06d3-4628-96b0-b1c0be037327/metadata?includeKey=status&includeKey=failures&includeKey=jobId
  response:
    body:
      string: '{"status":"Submitted","calls":{},"id":"64c6de95-06d3-4628-96b0-b1c0be037327"}'
    headers:
      Connection:
      - keep-alive
      Content-Type:
      - application/json
      Date:
      - Sun, 23 Nov 2025 04:28:54 GMT
      Server:
      - nginx/1.25.3
      Transfer-Encoding:
      - chunked
      content-length:
      - '77'
    status:
      code: 200
      message: OK
- request:
    body: ''
    headers:
      accept:
      - '*/*'
      accept-encoding:
      - gzip, deflate
      connection:
      - keep-alive
      host:
      - gizmoj12.fhcrc.org:34469
      user-agent:
      - python-httpx/0.28.1
    method: GET
    uri: https://gizmoj12.fhcrc.org:34469/api/workflows/v1/64c6de95-06d3-4628-96b0-b1c0be037327/metadata?includeKey=status&includeKey=failures&includeKey=jobId
  response:
    body:
      string: '{"status":"Submitted","calls":{},"id":"64c6de95-06d3-4628-96b0-b1c0be037327"}'
    headers:
      Connection:
      - keep-alive
      Content-Type:
      - application/json
      Date:
      - Sun, 23 Nov 2025 04:28:59 GMT
      Server:
      - nginx/1.25.3
      Transfer-Encoding:
      - chunked
      content-length:
      - '77'
    status:
      code: 200
      message: OK
- request:
    body: ''
    headers:
      accept:
      - '*/*'
      accept-encoding:
      - gzip, deflate
      connection:
      - keep-alive
      host:
      - gizmoj12.fhcrc.org:34469
      user-agent:
      - python-httpx/0.28.1
    method: GET
    uri: https://gizmoj12.fhcrc.org:34469/api/workflows/v1/64c6de95-06d3-4628-96b0-b1c0be037327/metadata?includeKey=status&includeKey=failures&includeKey=jobId
  response:
    body:
      string: '{"status":"Submitted","calls":{},"id":"64c6de95-06d3-4628-96b0-b1c0be037327"}'
    headers:
      Connection:
      - keep-alive
      Content-Type:
      - application/json
      Date:
      - Sun, 23 Nov 2025 04:29:04 GMT
      Server:
      - nginx/1.25.3
      Transfer-Encoding:
      - chunked
      content-length:
      - '77'
    status:
      code: 200
      message: OK
- request:
    body: ''
    headers:
      accept:
      - '*/*'
      accept-encoding:
      - gzip, deflate
      connection:
      - keep-alive
      host:
      - gizmoj12.fhcrc.org:34469
      user-agent:
      - python-httpx/0.28.1
    method: GET
    uri: https://gizmoj12.fhcrc.org:34469/api/workflows/v1/64c6de95-06d3-4628-96b0-b1c0be037327/metadata?includeKey=status&includeKey=failures&includeKey=jobId
  response:
    body:
      string: '{"status":"Submitted","calls":{},"id":"64c6de95-06d3-4628-96b0-b1c0be037327"}'
    headers:
      Connection:
      - keep-alive
      Content-Type:
      - application/json
      Date:
      - Sun, 23 Nov 2025 04:29:09 GMT
      Server:
      - nginx/1.25.3
      Transfer-Encoding:
      - chunked
      content-length:
      - '77'
    status:
      code: 200
      message: OK
- request:
    body: ''
    headers:
      accept:
      - '*/*'
      accept-encoding:
      - gzip, deflate
      connection:
      - keep-alive
      host:
      - gizmoj12.fhcrc.org:34469
      user-agent:
      - python-httpx/0.28.1
    method: GET
    uri: https://gizmoj12.fhcrc.org:34469/api/workflows/v1/64c6de95-06d3-4628-96b0-b1c0be037327/metadata?includeKey=status&includeKey=failures&includeKey=jobId
  response:
    body:
      string: '{"status":"Submitted","calls":{},"id":"64c6de95-06d3-4628-96b0-b1c0be037327"}'
    headers:
      Connection:
      - keep-alive
      Content-Type:
      - application/json
      Date:
      - Sun, 23 Nov 2025 04:29:14 GMT
      Server:
      - nginx/1.25.3
      Transfer-Encoding:
      - chunked
      content-length:
      - '77'
    status:
      code: 200
      message: OK
- request:
    body: ''
    headers:
      accept:
      - '*/*'
      accept-encoding:
      - gzip, deflate
      connection:
      - keep-alive
      host:
      - gizmoj12.fhcrc.org:34469
      user-agent:
      - python-httpx/0.28.1
    method: GET
    uri: https://gizmoj12.fhcrc.org:34469/api/workflows/v1/64c6de95-06d3-4628-96b0-b1c0be037327/metadata?includeKey=status&includeKey=failures&includeKey=jobId
  response:
    body:
      string: '{"status":"Submitted","calls":{},"id":"64c6de95-06d3-4628-96b0-b1c0be037327"}'
    headers:
      Connection:
      - keep-alive
      Content-Type:
      - application/json
      Date:
      - Sun, 23 Nov 2025 04:29:19 GMT
      Server:
      - nginx/1.25.3
      Transfer-Encoding:
      - chunked
      content-length:
      - '77'
    status:
      code: 200
      message: OK
- request:
    body: ''
    headers:
      accept:
      - '*/*'
      accept-encoding:
      - gzip, deflate
      connection:
      - keep-alive
      host:
      - gizmoj12.fhcrc.org:34469
      user-agent:
      - python-httpx/0.28.1
    method: GET
    uri: https://gizmoj12.fhcrc.org:34469/api/workflows/v1/64c6de95-06d3-4628-96b0-b1c0be037327/metadata?includeKey=status&includeKey=failures&includeKey=jobId
  response:
    body:
      string: '{"status":"Submitted","calls":{},"id":"64c6de95-06d3-4628-96b0-b1c0be037327"}'
    headers:
      Connection:
      - keep-alive
      Content-Type:
      - application/json
      Date:
      - Sun, 23 Nov 2025 04:29:24 GMT
      Server:
      - nginx/1.25.3
      Transfer-Encoding:
      - chunked
      content-length:
      - '77'
    status:
      code: 200
      message: OK
- request:
    body: ''
    headers:
      accept:
      - '*/*'
      accept-encoding:
      - gzip, deflate
      connection:
      - keep-alive
      host:
      - gizmoj12.fhcrc.org:34469
      user-agent:
      - python-httpx/0.28.1
    method: GET
    uri: https://gizmoj12.fhcrc.org:34469/api/workflows/v1/64c6de95-06d3-4628-96b0-b1c0be037327/metadata?includeKey=status&includeKey=failures&includeKey=jobId
  response:
    body:
      string: '{"status":"Submitted","calls":{},"id":"64c6de95-06d3-4628-96b0-b1c0be037327"}'
    headers:
      Connection:
      - keep-alive
      Content-Type:
      - application/json
      Date:
      - Sun, 23 Nov 2025 04:29:29 GMT
      Server:
      - nginx/1.25.3
      Transfer-Encoding:
      - chunked
      content-length:
      - '77'
    status:
      code: 200
      message: OK
- request:
    body: ''
    headers:
      accept:
      - '*/*'
      accept-encoding:
      - gzip, deflate
      connection:
      - keep-alive
      host:
      - gizmoj12.fhcrc.org:34469
      user-agent:
      - python-httpx/0.28.1
    method: GET
    uri: https://gizmoj12.fhcrc.org:34469/api/workflows/v1/64c6de95-06d3-4628-96b0-b1c0be037327/metadata?includeKey=status&includeKey=failures&includeKey=jobId
  response:
    body:
      string: '{"status":"Submitted","calls":{},"id":"64c6de95-06d3-4628-96b0-b1c0be037327"}'
    headers:
      Connection:
      - keep-alive
      Content-Type:
      - application/json
      Date:
      - Sun, 23 Nov 2025 04:29:34 GMT
      Server:
      - nginx/1.25.3
      Transfer-Encoding:
      - chunked
      content-length:
      - '77'
    status:
      code: 200
      message: OK
- request:
    body: ''
    headers:
      accept:
      - '*/*'
      accept-encoding:
      - gzip, deflate
      connection:
      - keep-alive
      host:
      - gizmoj12.fhcrc.org:34469
      user-agent:
      - python-httpx/0.28.1
    method: GET
    uri: https://gizmoj12.fhcrc.org:34469/api/workflows/v1/64c6de95-06d3-4628-96b0-b1c0be037327/metadata?includeKey=status&includeKey=failures&includeKey=jobId
  response:
    body:
      string: '{"status":"Submitted","calls":{},"id":"64c6de95-06d3-4628-96b0-b1c0be037327"}'
    headers:
      Connection:
      - keep-alive
      Content-Type:
      - application/json
      Date:
      - Sun, 23 Nov 2025 04:29:39 GMT
      Server:
      - nginx/1.25.3
      Transfer-Encoding:
      - chunked
      content-length:
      - '77'
    status:
      code: 200
      message: OK
- request:
    body: ''
    headers:
      accept:
      - '*/*'
      accept-encoding:
      - gzip, deflate
      connection:
      - keep-alive
      host:
      - gizmoj12.fhcrc.org:34469
      user-agent:
      - python-httpx/0.28.1
    method: GET
    uri: https://gizmoj12.fhcrc.org:34469/api/workflows/v1/64c6de95-06d3-4628-96b0-b1c0be037327/metadata?includeKey=status&includeKey=failures&includeKey=jobId
  response:
    body:
      string: '{"status":"Submitted","calls":{},"id":"64c6de95-06d3-4628-96b0-b1c0be037327"}'
    headers:
      Connection:
      - keep-alive
      Content-Type:
      - application/json
      Date:
      - Sun, 23 Nov 2025 04:29:44 GMT
      Server:
      - nginx/1.25.3
      Transfer-Encoding:
      - chunked
      content-length:
      - '77'
    status:
      code: 200
      message: OK
- request:
    body: ''
    headers:
      accept:
      - '*/*'
      accept-encoding:
      - gzip, deflate
      connection:
      - keep-alive
      host:
      - gizmoj12.fhcrc.org:34469
      user-agent:
      - python-httpx/0.28.1
    method: GET
    uri: https://gizmoj12.fhcrc.org:34469/api/workflows/v1/64c6de95-06d3-4628-96b0-b1c0be037327/metadata?includeKey=status&includeKey=failures&includeKey=jobId
  response:
    body:
      string: '{"status":"Submitted","calls":{},"id":"64c6de95-06d3-4628-96b0-b1c0be037327"}'
    headers:
      Connection:
      - keep-alive
      Content-Type:
      - application/json
      Date:
      - Sun, 23 Nov 2025 04:29:49 GMT
      Server:
      - nginx/1.25.3
      Transfer-Encoding:
      - chunked
      content-length:
      - '77'
    status:
      code: 200
      message: OK
- request:
    body: ''
    headers:
      accept:
      - '*/*'
      accept-encoding:
      - gzip, deflate
      connection:
      - keep-alive
      host:
      - gizmoj12.fhcrc.org:34469
      user-agent:
      - python-httpx/0.28.1
    method: GET
    uri: https://gizmoj12.fhcrc.org:34469/api/workflows/v1/64c6de95-06d3-4628-96b0-b1c0be037327/metadata?includeKey=status&includeKey=failures&includeKey=jobId
  response:
    body:
      string: '{"status":"Submitted","calls":{},"id":"64c6de95-06d3-4628-96b0-b1c0be037327"}'
    headers:
      Connection:
      - keep-alive
      Content-Type:
      - application/json
      Date:
      - Sun, 23 Nov 2025 04:29:54 GMT
      Server:
      - nginx/1.25.3
      Transfer-Encoding:
      - chunked
      content-length:
      - '77'
    status:
      code: 200
      message: OK
- request:
    body: ''
    headers:
      accept:
      - '*/*'
      accept-encoding:
      - gzip, deflate
      connection:
      - keep-alive
      host:
      - gizmoj12.fhcrc.org:34469
      user-agent:
      - python-httpx/0.28.1
    method: GET
    uri: https://gizmoj12.fhcrc.org:34469/api/workflows/v1/64c6de95-06d3-4628-96b0-b1c0be037327/metadata?includeKey=status&includeKey=failures&includeKey=jobId
  response:
    body:
      string: '{"status":"Submitted","calls":{},"id":"64c6de95-06d3-4628-96b0-b1c0be037327"}'
    headers:
      Connection:
      - keep-alive
      Content-Type:
      - application/json
      Date:
      - Sun, 23 Nov 2025 04:29:59 GMT
      Server:
      - nginx/1.25.3
      Transfer-Encoding:
      - chunked
      content-length:
      - '77'
    status:
      code: 200
      message: OK
- request:
    body: ''
    headers:
      accept:
      - '*/*'
      accept-encoding:
      - gzip, deflate
      connection:
      - keep-alive
      host:
      - gizmoj12.fhcrc.org:34469
      user-agent:
      - python-httpx/0.28.1
    method: GET
    uri: https://gizmoj12.fhcrc.org:34469/api/workflows/v1/64c6de95-06d3-4628-96b0-b1c0be037327/metadata?includeKey=status&includeKey=failures&includeKey=jobId
  response:
    body:
      string: '{"status":"Submitted","calls":{},"id":"64c6de95-06d3-4628-96b0-b1c0be037327"}'
    headers:
      Connection:
      - keep-alive
      Content-Type:
      - application/json
      Date:
      - Sun, 23 Nov 2025 04:30:04 GMT
      Server:
      - nginx/1.25.3
      Transfer-Encoding:
      - chunked
      content-length:
      - '77'
    status:
      code: 200
      message: OK
- request:
    body: ''
    headers:
      accept:
      - '*/*'
      accept-encoding:
      - gzip, deflate
      connection:
      - keep-alive
      host:
      - gizmoj12.fhcrc.org:34469
      user-agent:
      - python-httpx/0.28.1
    method: GET
    uri: https://gizmoj12.fhcrc.org:34469/api/workflows/v1/64c6de95-06d3-4628-96b0-b1c0be037327/metadata?includeKey=status&includeKey=failures&includeKey=jobId
  response:
    body:
      string: '{"status":"Submitted","calls":{},"id":"64c6de95-06d3-4628-96b0-b1c0be037327"}'
    headers:
      Connection:
      - keep-alive
      Content-Type:
      - application/json
      Date:
      - Sun, 23 Nov 2025 04:30:09 GMT
      Server:
      - nginx/1.25.3
      Transfer-Encoding:
      - chunked
      content-length:
      - '77'
    status:
      code: 200
      message: OK
- request:
    body: ''
    headers:
      accept:
      - '*/*'
      accept-encoding:
      - gzip, deflate
      connection:
      - keep-alive
      host:
      - gizmoj12.fhcrc.org:34469
      user-agent:
      - python-httpx/0.28.1
    method: GET
    uri: https://gizmoj12.fhcrc.org:34469/api/workflows/v1/64c6de95-06d3-4628-96b0-b1c0be037327/metadata?includeKey=status&includeKey=failures&includeKey=jobId
  response:
    body:
      string: '{"status":"Submitted","calls":{},"id":"64c6de95-06d3-4628-96b0-b1c0be037327"}'
    headers:
      Connection:
      - keep-alive
      Content-Type:
      - application/json
      Date:
      - Sun, 23 Nov 2025 04:30:14 GMT
      Server:
      - nginx/1.25.3
      Transfer-Encoding:
      - chunked
      content-length:
      - '77'
    status:
      code: 200
      message: OK
- request:
    body: ''
    headers:
      accept:
      - '*/*'
      accept-encoding:
      - gzip, deflate
      connection:
      - keep-alive
      host:
      - gizmoj12.fhcrc.org:34469
      user-agent:
      - python-httpx/0.28.1
    method: GET
    uri: https://gizmoj12.fhcrc.org:34469/api/workflows/v1/64c6de95-06d3-4628-96b0-b1c0be037327/metadata?includeKey=status&includeKey=failures&includeKey=jobId
  response:
    body:
      string: '{"status":"Submitted","calls":{},"id":"64c6de95-06d3-4628-96b0-b1c0be037327"}'
    headers:
      Connection:
      - keep-alive
      Content-Type:
      - application/json
      Date:
      - Sun, 23 Nov 2025 04:30:19 GMT
      Server:
      - nginx/1.25.3
      Transfer-Encoding:
      - chunked
      content-length:
      - '77'
    status:
      code: 200
      message: OK
- request:
    body: ''
    headers:
      accept:
      - '*/*'
      accept-encoding:
      - gzip, deflate
      connection:
      - keep-alive
      host:
      - gizmoj12.fhcrc.org:34469
      user-agent:
      - python-httpx/0.28.1
    method: GET
    uri: https://gizmoj12.fhcrc.org:34469/api/workflows/v1/64c6de95-06d3-4628-96b0-b1c0be037327/metadata?includeKey=status&includeKey=failures&includeKey=jobId
  response:
    body:
      string: '{"status":"Submitted","calls":{},"id":"64c6de95-06d3-4628-96b0-b1c0be037327"}'
    headers:
      Connection:
      - keep-alive
      Content-Type:
      - application/json
      Date:
      - Sun, 23 Nov 2025 04:30:24 GMT
      Server:
      - nginx/1.25.3
      Transfer-Encoding:
      - chunked
      content-length:
      - '77'
    status:
      code: 200
      message: OK
- request:
    body: ''
    headers:
      accept:
      - '*/*'
      accept-encoding:
      - gzip, deflate
      connection:
      - keep-alive
      host:
      - gizmoj12.fhcrc.org:34469
      user-agent:
      - python-httpx/0.28.1
    method: GET
    uri: https://gizmoj12.fhcrc.org:34469/api/workflows/v1/64c6de95-06d3-4628-96b0-b1c0be037327/metadata?includeKey=status&includeKey=failures&includeKey=jobId
  response:
    body:
      string: '{"status":"Submitted","calls":{},"id":"64c6de95-06d3-4628-96b0-b1c0be037327"}'
    headers:
      Connection:
      - keep-alive
      Content-Type:
      - application/json
      Date:
      - Sun, 23 Nov 2025 04:30:29 GMT
      Server:
      - nginx/1.25.3
      Transfer-Encoding:
      - chunked
      content-length:
      - '77'
    status:
      code: 200
      message: OK
- request:
    body: ''
    headers:
      accept:
      - '*/*'
      accept-encoding:
      - gzip, deflate
      connection:
      - keep-alive
      host:
      - gizmoj12.fhcrc.org:34469
      user-agent:
      - python-httpx/0.28.1
    method: GET
    uri: https://gizmoj12.fhcrc.org:34469/api/workflows/v1/64c6de95-06d3-4628-96b0-b1c0be037327/metadata?includeKey=status&includeKey=failures&includeKey=jobId
  response:
    body:
      string: '{"status":"Submitted","calls":{},"id":"64c6de95-06d3-4628-96b0-b1c0be037327"}'
    headers:
      Connection:
      - keep-alive
      Content-Type:
      - application/json
      Date:
      - Sun, 23 Nov 2025 04:30:34 GMT
      Server:
      - nginx/1.25.3
      Transfer-Encoding:
      - chunked
      content-length:
      - '77'
    status:
      code: 200
      message: OK
- request:
    body: ''
    headers:
      accept:
      - '*/*'
      accept-encoding:
      - gzip, deflate
      connection:
      - keep-alive
      host:
      - gizmoj12.fhcrc.org:34469
      user-agent:
      - python-httpx/0.28.1
    method: GET
    uri: https://gizmoj12.fhcrc.org:34469/api/workflows/v1/64c6de95-06d3-4628-96b0-b1c0be037327/metadata?includeKey=status&includeKey=failures&includeKey=jobId
  response:
    body:
      string: '{"status":"Submitted","calls":{},"id":"64c6de95-06d3-4628-96b0-b1c0be037327"}'
    headers:
      Connection:
      - keep-alive
      Content-Type:
      - application/json
      Date:
      - Sun, 23 Nov 2025 04:30:39 GMT
      Server:
      - nginx/1.25.3
      Transfer-Encoding:
      - chunked
      content-length:
      - '77'
    status:
      code: 200
      message: OK
- request:
    body: ''
    headers:
      accept:
      - '*/*'
      accept-encoding:
      - gzip, deflate
      connection:
      - keep-alive
      host:
      - gizmoj12.fhcrc.org:34469
      user-agent:
      - python-httpx/0.28.1
    method: GET
    uri: https://gizmoj12.fhcrc.org:34469/api/workflows/v1/64c6de95-06d3-4628-96b0-b1c0be037327/metadata?includeKey=status&includeKey=failures&includeKey=jobId
  response:
    body:
      string: '{"status":"Submitted","calls":{},"id":"64c6de95-06d3-4628-96b0-b1c0be037327"}'
    headers:
      Connection:
      - keep-alive
      Content-Type:
      - application/json
      Date:
      - Sun, 23 Nov 2025 04:30:44 GMT
      Server:
      - nginx/1.25.3
      Transfer-Encoding:
      - chunked
      content-length:
      - '77'
    status:
      code: 200
      message: OK
- request:
    body: ''
    headers:
      accept:
      - '*/*'
      accept-encoding:
      - gzip, deflate
      connection:
      - keep-alive
      host:
      - gizmoj12.fhcrc.org:34469
      user-agent:
      - python-httpx/0.28.1
    method: GET
    uri: https://gizmoj12.fhcrc.org:34469/api/workflows/v1/64c6de95-06d3-4628-96b0-b1c0be037327/metadata?includeKey=status&includeKey=failures&includeKey=jobId
  response:
    body:
      string: '{"status":"Submitted","calls":{},"id":"64c6de95-06d3-4628-96b0-b1c0be037327"}'
    headers:
      Connection:
      - keep-alive
      Content-Type:
      - application/json
      Date:
      - Sun, 23 Nov 2025 04:30:50 GMT
      Server:
      - nginx/1.25.3
      Transfer-Encoding:
      - chunked
      content-length:
      - '77'
    status:
      code: 200
      message: OK
- request:
    body: ''
    headers:
      accept:
      - '*/*'
      accept-encoding:
      - gzip, deflate
      connection:
      - keep-alive
      host:
      - gizmoj12.fhcrc.org:34469
      user-agent:
      - python-httpx/0.28.1
    method: GET
    uri: https://gizmoj12.fhcrc.org:34469/api/workflows/v1/64c6de95-06d3-4628-96b0-b1c0be037327/metadata?includeKey=status&includeKey=failures&includeKey=jobId
  response:
    body:
      string: '{"status":"Submitted","calls":{},"id":"64c6de95-06d3-4628-96b0-b1c0be037327"}'
    headers:
      Connection:
      - keep-alive
      Content-Type:
      - application/json
      Date:
      - Sun, 23 Nov 2025 04:30:55 GMT
      Server:
      - nginx/1.25.3
      Transfer-Encoding:
      - chunked
      content-length:
      - '77'
    status:
      code: 200
      message: OK
- request:
    body: ''
    headers:
      accept:
      - '*/*'
      accept-encoding:
      - gzip, deflate
      connection:
      - keep-alive
      host:
      - gizmoj12.fhcrc.org:34469
      user-agent:
      - python-httpx/0.28.1
    method: GET
    uri: https://gizmoj12.fhcrc.org:34469/api/workflows/v1/64c6de95-06d3-4628-96b0-b1c0be037327/metadata?includeKey=status&includeKey=failures&includeKey=jobId
  response:
    body:
      string: '{"status":"Submitted","calls":{},"id":"64c6de95-06d3-4628-96b0-b1c0be037327"}'
    headers:
      Connection:
      - keep-alive
      Content-Type:
      - application/json
      Date:
      - Sun, 23 Nov 2025 04:31:00 GMT
      Server:
      - nginx/1.25.3
      Transfer-Encoding:
      - chunked
      content-length:
      - '77'
    status:
      code: 200
      message: OK
- request:
    body: ''
    headers:
      accept:
      - '*/*'
      accept-encoding:
      - gzip, deflate
      connection:
      - keep-alive
      host:
      - gizmoj12.fhcrc.org:34469
      user-agent:
      - python-httpx/0.28.1
    method: GET
    uri: https://gizmoj12.fhcrc.org:34469/api/workflows/v1/64c6de95-06d3-4628-96b0-b1c0be037327/metadata?includeKey=status&includeKey=failures&includeKey=jobId
  response:
    body:
      string: '{"status":"Submitted","calls":{},"id":"64c6de95-06d3-4628-96b0-b1c0be037327"}'
    headers:
      Connection:
      - keep-alive
      Content-Type:
      - application/json
      Date:
      - Sun, 23 Nov 2025 04:31:05 GMT
      Server:
      - nginx/1.25.3
      Transfer-Encoding:
      - chunked
      content-length:
      - '77'
    status:
      code: 200
      message: OK
- request:
    body: ''
    headers:
      accept:
      - '*/*'
      accept-encoding:
      - gzip, deflate
      connection:
      - keep-alive
      host:
      - gizmoj12.fhcrc.org:34469
      user-agent:
      - python-httpx/0.28.1
    method: GET
    uri: https://gizmoj12.fhcrc.org:34469/api/workflows/v1/64c6de95-06d3-4628-96b0-b1c0be037327/metadata?includeKey=status&includeKey=failures&includeKey=jobId
  response:
    body:
      string: '{"status":"Submitted","calls":{},"id":"64c6de95-06d3-4628-96b0-b1c0be037327"}'
    headers:
      Connection:
      - keep-alive
      Content-Type:
      - application/json
      Date:
      - Sun, 23 Nov 2025 04:31:10 GMT
      Server:
      - nginx/1.25.3
      Transfer-Encoding:
      - chunked
      content-length:
      - '77'
    status:
      code: 200
      message: OK
- request:
    body: ''
    headers:
      accept:
      - '*/*'
      accept-encoding:
      - gzip, deflate
      connection:
      - keep-alive
      host:
      - gizmoj12.fhcrc.org:34469
      user-agent:
      - python-httpx/0.28.1
    method: GET
    uri: https://gizmoj12.fhcrc.org:34469/api/workflows/v1/64c6de95-06d3-4628-96b0-b1c0be037327/metadata?includeKey=status&includeKey=failures&includeKey=jobId
  response:
    body:
      string: '{"status":"Submitted","calls":{},"id":"64c6de95-06d3-4628-96b0-b1c0be037327"}'
    headers:
      Connection:
      - keep-alive
      Content-Type:
      - application/json
      Date:
      - Sun, 23 Nov 2025 04:31:15 GMT
      Server:
      - nginx/1.25.3
      Transfer-Encoding:
      - chunked
      content-length:
      - '77'
    status:
      code: 200
      message: OK
- request:
    body: ''
    headers:
      accept:
      - '*/*'
      accept-encoding:
      - gzip, deflate
      connection:
      - keep-alive
      host:
      - gizmoj12.fhcrc.org:34469
      user-agent:
      - python-httpx/0.28.1
    method: GET
    uri: https://gizmoj12.fhcrc.org:34469/api/workflows/v1/64c6de95-06d3-4628-96b0-b1c0be037327/metadata?includeKey=status&includeKey=failures&includeKey=jobId
  response:
    body:
      string: '{"status":"Submitted","calls":{},"id":"64c6de95-06d3-4628-96b0-b1c0be037327"}'
    headers:
      Connection:
      - keep-alive
      Content-Type:
      - application/json
      Date:
      - Sun, 23 Nov 2025 04:31:20 GMT
      Server:
      - nginx/1.25.3
      Transfer-Encoding:
      - chunked
      content-length:
      - '77'
    status:
      code: 200
      message: OK
- request:
    body: ''
    headers:
      accept:
      - '*/*'
      accept-encoding:
      - gzip, deflate
      connection:
      - keep-alive
      host:
      - gizmoj12.fhcrc.org:34469
      user-agent:
      - python-httpx/0.28.1
    method: GET
    uri: https://gizmoj12.fhcrc.org:34469/api/workflows/v1/64c6de95-06d3-4628-96b0-b1c0be037327/metadata?includeKey=status&includeKey=failures&includeKey=jobId
  response:
    body:
      string: '{"status":"Submitted","calls":{},"id":"64c6de95-06d3-4628-96b0-b1c0be037327"}'
    headers:
      Connection:
      - keep-alive
      Content-Type:
      - application/json
      Date:
      - Sun, 23 Nov 2025 04:31:25 GMT
      Server:
      - nginx/1.25.3
      Transfer-Encoding:
      - chunked
      content-length:
      - '77'
    status:
      code: 200
      message: OK
- request:
    body: ''
    headers:
      accept:
      - '*/*'
      accept-encoding:
      - gzip, deflate
      connection:
      - keep-alive
      host:
      - gizmoj12.fhcrc.org:34469
      user-agent:
      - python-httpx/0.28.1
    method: GET
    uri: https://gizmoj12.fhcrc.org:34469/api/workflows/v1/64c6de95-06d3-4628-96b0-b1c0be037327/metadata?includeKey=status&includeKey=failures&includeKey=jobId
  response:
    body:
      string: '{"status":"Submitted","calls":{},"id":"64c6de95-06d3-4628-96b0-b1c0be037327"}'
    headers:
      Connection:
      - keep-alive
      Content-Type:
      - application/json
      Date:
      - Sun, 23 Nov 2025 04:31:30 GMT
      Server:
      - nginx/1.25.3
      Transfer-Encoding:
      - chunked
      content-length:
      - '77'
    status:
      code: 200
      message: OK
- request:
    body: ''
    headers:
      accept:
      - '*/*'
      accept-encoding:
      - gzip, deflate
      connection:
      - keep-alive
      host:
      - gizmoj12.fhcrc.org:34469
      user-agent:
      - python-httpx/0.28.1
    method: GET
    uri: https://gizmoj12.fhcrc.org:34469/api/workflows/v1/64c6de95-06d3-4628-96b0-b1c0be037327/metadata?includeKey=status&includeKey=failures&includeKey=jobId
  response:
    body:
      string: '{"status":"Running","calls":{},"id":"64c6de95-06d3-4628-96b0-b1c0be037327"}'
    headers:
      Connection:
      - keep-alive
      Content-Type:
      - application/json
      Date:
      - Sun, 23 Nov 2025 04:31:35 GMT
      Server:
      - nginx/1.25.3
      Transfer-Encoding:
      - chunked
      content-length:
      - '75'
    status:
      code: 200
      message: OK
- request:
    body: ''
    headers:
      accept:
      - '*/*'
      accept-encoding:
      - gzip, deflate
      connection:
      - keep-alive
      host:
      - gizmoj12.fhcrc.org:34469
      user-agent:
      - python-httpx/0.28.1
    method: GET
    uri: https://gizmoj12.fhcrc.org:34469/api/workflows/v1/64c6de95-06d3-4628-96b0-b1c0be037327/metadata?includeKey=status&includeKey=failures&includeKey=jobId
  response:
    body:
      string: '{"status":"Running","calls":{},"id":"64c6de95-06d3-4628-96b0-b1c0be037327"}'
    headers:
      Connection:
      - keep-alive
      Content-Type:
      - application/json
      Date:
      - Sun, 23 Nov 2025 04:31:40 GMT
      Server:
      - nginx/1.25.3
      Transfer-Encoding:
      - chunked
      content-length:
      - '75'
    status:
      code: 200
      message: OK
- request:
    body: ''
    headers:
      accept:
      - '*/*'
      accept-encoding:
      - gzip, deflate
      connection:
      - keep-alive
      host:
      - gizmoj12.fhcrc.org:34469
      user-agent:
      - python-httpx/0.28.1
    method: GET
    uri: https://gizmoj12.fhcrc.org:34469/api/workflows/v1/64c6de95-06d3-4628-96b0-b1c0be037327/metadata?includeKey=status&includeKey=failures&includeKey=jobId
  response:
    body:
      string: '{"status":"Running","calls":{"enhanced_map_test.process_nested_map":[{"jobId":"42372185","attempt":1,"shardIndex":0},{"jobId":"42372183","attempt":1,"shardIndex":1}],"enhanced_map_test.process_sample":[{"jobId":"42372186","attempt":1,"shardIndex":0},{"jobId":"42372184","attempt":1,"shardIndex":1},{"jobId":"42372182","attempt":1,"shardIndex":2}]},"id":"64c6de95-06d3-4628-96b0-b1c0be037327"}'
    headers:
      Connection:
      - keep-alive
      Content-Type:
      - application/json
      Date:
      - Sun, 23 Nov 2025 04:31:45 GMT
      Server:
      - nginx/1.25.3
      Transfer-Encoding:
      - chunked
      content-length:
      - '392'
    status:
      code: 200
      message: OK
- request:
    body: ''
    headers:
      accept:
      - '*/*'
      accept-encoding:
      - gzip, deflate
      connection:
      - keep-alive
      host:
      - gizmoj12.fhcrc.org:34469
      user-agent:
      - python-httpx/0.28.1
    method: GET
    uri: https://gizmoj12.fhcrc.org:34469/api/workflows/v1/64c6de95-06d3-4628-96b0-b1c0be037327/metadata?includeKey=status&includeKey=failures&includeKey=jobId
  response:
    body:
      string: '{"status":"Running","calls":{"enhanced_map_test.process_nested_map":[{"jobId":"42372185","attempt":1,"shardIndex":0},{"jobId":"42372183","attempt":1,"shardIndex":1}],"enhanced_map_test.process_sample":[{"jobId":"42372186","attempt":1,"shardIndex":0},{"jobId":"42372184","attempt":1,"shardIndex":1},{"jobId":"42372182","attempt":1,"shardIndex":2}]},"id":"64c6de95-06d3-4628-96b0-b1c0be037327"}'
    headers:
      Connection:
      - keep-alive
      Content-Type:
      - application/json
      Date:
      - Sun, 23 Nov 2025 04:31:50 GMT
      Server:
      - nginx/1.25.3
      Transfer-Encoding:
      - chunked
      content-length:
      - '392'
    status:
      code: 200
      message: OK
- request:
    body: ''
    headers:
      accept:
      - '*/*'
      accept-encoding:
      - gzip, deflate
      connection:
      - keep-alive
      host:
      - gizmoj12.fhcrc.org:34469
      user-agent:
      - python-httpx/0.28.1
    method: GET
    uri: https://gizmoj12.fhcrc.org:34469/api/workflows/v1/64c6de95-06d3-4628-96b0-b1c0be037327/metadata?includeKey=status&includeKey=failures&includeKey=jobId
  response:
    body:
      string: '{"status":"Running","calls":{"enhanced_map_test.process_nested_map":[{"jobId":"42372185","attempt":1,"shardIndex":0},{"jobId":"42372183","attempt":1,"shardIndex":1}],"enhanced_map_test.process_sample":[{"jobId":"42372186","attempt":1,"shardIndex":0},{"jobId":"42372184","attempt":1,"shardIndex":1},{"jobId":"42372182","attempt":1,"shardIndex":2}]},"id":"64c6de95-06d3-4628-96b0-b1c0be037327"}'
    headers:
      Connection:
      - keep-alive
      Content-Type:
      - application/json
      Date:
      - Sun, 23 Nov 2025 04:31:55 GMT
      Server:
      - nginx/1.25.3
      Transfer-Encoding:
      - chunked
      content-length:
      - '392'
    status:
      code: 200
      message: OK
- request:
    body: ''
    headers:
      accept:
      - '*/*'
      accept-encoding:
      - gzip, deflate
      connection:
      - keep-alive
      host:
      - gizmoj12.fhcrc.org:34469
      user-agent:
      - python-httpx/0.28.1
    method: GET
    uri: https://gizmoj12.fhcrc.org:34469/api/workflows/v1/64c6de95-06d3-4628-96b0-b1c0be037327/metadata?includeKey=status&includeKey=failures&includeKey=jobId
  response:
    body:
      string: '{"status":"Running","calls":{"enhanced_map_test.process_nested_map":[{"jobId":"42372185","attempt":1,"shardIndex":0},{"jobId":"42372183","attempt":1,"shardIndex":1}],"enhanced_map_test.process_sample":[{"jobId":"42372186","attempt":1,"shardIndex":0},{"jobId":"42372184","attempt":1,"shardIndex":1},{"jobId":"42372182","attempt":1,"shardIndex":2}]},"id":"64c6de95-06d3-4628-96b0-b1c0be037327"}'
    headers:
      Connection:
      - keep-alive
      Content-Type:
      - application/json
      Date:
      - Sun, 23 Nov 2025 04:32:00 GMT
      Server:
      - nginx/1.25.3
      Transfer-Encoding:
      - chunked
      content-length:
      - '392'
    status:
      code: 200
      message: OK
- request:
    body: ''
    headers:
      accept:
      - '*/*'
      accept-encoding:
      - gzip, deflate
      connection:
      - keep-alive
      host:
      - gizmoj12.fhcrc.org:34469
      user-agent:
      - python-httpx/0.28.1
    method: GET
    uri: https://gizmoj12.fhcrc.org:34469/api/workflows/v1/64c6de95-06d3-4628-96b0-b1c0be037327/metadata?includeKey=status&includeKey=failures&includeKey=jobId
  response:
    body:
      string: '{"status":"Running","calls":{"enhanced_map_test.process_nested_map":[{"jobId":"42372185","attempt":1,"shardIndex":0},{"jobId":"42372183","attempt":1,"shardIndex":1}],"enhanced_map_test.process_sample":[{"jobId":"42372186","attempt":1,"shardIndex":0},{"jobId":"42372184","attempt":1,"shardIndex":1},{"jobId":"42372182","attempt":1,"shardIndex":2}]},"id":"64c6de95-06d3-4628-96b0-b1c0be037327"}'
    headers:
      Connection:
      - keep-alive
      Content-Type:
      - application/json
      Date:
      - Sun, 23 Nov 2025 04:32:05 GMT
      Server:
      - nginx/1.25.3
      Transfer-Encoding:
      - chunked
      content-length:
      - '392'
    status:
      code: 200
      message: OK
- request:
    body: ''
    headers:
      accept:
      - '*/*'
      accept-encoding:
      - gzip, deflate
      connection:
      - keep-alive
      host:
      - gizmoj12.fhcrc.org:34469
      user-agent:
      - python-httpx/0.28.1
    method: GET
    uri: https://gizmoj12.fhcrc.org:34469/api/workflows/v1/64c6de95-06d3-4628-96b0-b1c0be037327/metadata?includeKey=status&includeKey=failures&includeKey=jobId
  response:
    body:
      string: '{"status":"Running","calls":{"enhanced_map_test.process_nested_map":[{"jobId":"42372185","attempt":1,"shardIndex":0},{"jobId":"42372183","attempt":1,"shardIndex":1}],"enhanced_map_test.process_sample":[{"jobId":"42372186","attempt":1,"shardIndex":0},{"jobId":"42372184","attempt":1,"shardIndex":1},{"jobId":"42372182","attempt":1,"shardIndex":2}]},"id":"64c6de95-06d3-4628-96b0-b1c0be037327"}'
    headers:
      Connection:
      - keep-alive
      Content-Type:
      - application/json
      Date:
      - Sun, 23 Nov 2025 04:32:10 GMT
      Server:
      - nginx/1.25.3
      Transfer-Encoding:
      - chunked
      content-length:
      - '392'
    status:
      code: 200
      message: OK
- request:
    body: ''
    headers:
      accept:
      - '*/*'
      accept-encoding:
      - gzip, deflate
      connection:
      - keep-alive
      host:
      - gizmoj12.fhcrc.org:34469
      user-agent:
      - python-httpx/0.28.1
    method: GET
    uri: https://gizmoj12.fhcrc.org:34469/api/workflows/v1/64c6de95-06d3-4628-96b0-b1c0be037327/metadata?includeKey=status&includeKey=failures&includeKey=jobId
  response:
    body:
      string: '{"status":"Running","calls":{"enhanced_map_test.process_nested_map":[{"jobId":"42372185","attempt":1,"shardIndex":0},{"jobId":"42372183","attempt":1,"shardIndex":1}],"enhanced_map_test.process_sample":[{"jobId":"42372186","attempt":1,"shardIndex":0},{"jobId":"42372184","attempt":1,"shardIndex":1},{"jobId":"42372182","attempt":1,"shardIndex":2}]},"id":"64c6de95-06d3-4628-96b0-b1c0be037327"}'
    headers:
      Connection:
      - keep-alive
      Content-Type:
      - application/json
      Date:
      - Sun, 23 Nov 2025 04:32:15 GMT
      Server:
      - nginx/1.25.3
      Transfer-Encoding:
      - chunked
      content-length:
      - '392'
    status:
      code: 200
      message: OK
- request:
    body: ''
    headers:
      accept:
      - '*/*'
      accept-encoding:
      - gzip, deflate
      connection:
      - keep-alive
      host:
      - gizmoj12.fhcrc.org:34469
      user-agent:
      - python-httpx/0.28.1
    method: GET
    uri: https://gizmoj12.fhcrc.org:34469/api/workflows/v1/64c6de95-06d3-4628-96b0-b1c0be037327/metadata?includeKey=status&includeKey=failures&includeKey=jobId
  response:
    body:
      string: '{"status":"Running","calls":{"enhanced_map_test.process_sample":[{"jobId":"42372186","attempt":1,"shardIndex":0},{"jobId":"42372184","attempt":1,"shardIndex":1},{"jobId":"42372182","attempt":1,"shardIndex":2}],"enhanced_map_test.process_nested_map":[{"jobId":"42372185","attempt":1,"shardIndex":0},{"jobId":"42372183","attempt":1,"shardIndex":1}],"enhanced_map_test.create_result_map":[{"jobId":"42372191","attempt":1,"shardIndex":-1}]},"id":"64c6de95-06d3-4628-96b0-b1c0be037327"}'
    headers:
      Connection:
      - keep-alive
      Content-Type:
      - application/json
      Date:
      - Sun, 23 Nov 2025 04:32:20 GMT
      Server:
      - nginx/1.25.3
      Transfer-Encoding:
      - chunked
      content-length:
      - '481'
    status:
      code: 200
      message: OK
- request:
    body: ''
    headers:
      accept:
      - '*/*'
      accept-encoding:
      - gzip, deflate
      connection:
      - keep-alive
      host:
      - gizmoj12.fhcrc.org:34469
      user-agent:
      - python-httpx/0.28.1
    method: GET
    uri: https://gizmoj12.fhcrc.org:34469/api/workflows/v1/64c6de95-06d3-4628-96b0-b1c0be037327/metadata?includeKey=status&includeKey=failures&includeKey=jobId
  response:
    body:
      string: '{"status":"Running","calls":{"enhanced_map_test.process_sample":[{"jobId":"42372186","attempt":1,"shardIndex":0},{"jobId":"42372184","attempt":1,"shardIndex":1},{"jobId":"42372182","attempt":1,"shardIndex":2}],"enhanced_map_test.process_nested_map":[{"jobId":"42372185","attempt":1,"shardIndex":0},{"jobId":"42372183","attempt":1,"shardIndex":1}],"enhanced_map_test.create_result_map":[{"jobId":"42372191","attempt":1,"shardIndex":-1}]},"id":"64c6de95-06d3-4628-96b0-b1c0be037327"}'
    headers:
      Connection:
      - keep-alive
      Content-Type:
      - application/json
      Date:
      - Sun, 23 Nov 2025 04:32:25 GMT
      Server:
      - nginx/1.25.3
      Transfer-Encoding:
      - chunked
      content-length:
      - '481'
    status:
      code: 200
      message: OK
- request:
    body: ''
    headers:
      accept:
      - '*/*'
      accept-encoding:
      - gzip, deflate
      connection:
      - keep-alive
      host:
      - gizmoj12.fhcrc.org:34469
      user-agent:
      - python-httpx/0.28.1
    method: GET
    uri: https://gizmoj12.fhcrc.org:34469/api/workflows/v1/64c6de95-06d3-4628-96b0-b1c0be037327/metadata?includeKey=status&includeKey=failures&includeKey=jobId
  response:
    body:
      string: '{"status":"Running","calls":{"enhanced_map_test.process_sample":[{"jobId":"42372186","attempt":1,"shardIndex":0},{"jobId":"42372184","attempt":1,"shardIndex":1},{"jobId":"42372182","attempt":1,"shardIndex":2}],"enhanced_map_test.process_nested_map":[{"jobId":"42372185","attempt":1,"shardIndex":0},{"jobId":"42372183","attempt":1,"shardIndex":1}],"enhanced_map_test.create_result_map":[{"jobId":"42372191","attempt":1,"shardIndex":-1}]},"id":"64c6de95-06d3-4628-96b0-b1c0be037327"}'
    headers:
      Connection:
      - keep-alive
      Content-Type:
      - application/json
      Date:
      - Sun, 23 Nov 2025 04:32:30 GMT
      Server:
      - nginx/1.25.3
      Transfer-Encoding:
      - chunked
      content-length:
      - '481'
    status:
      code: 200
      message: OK
- request:
    body: ''
    headers:
      accept:
      - '*/*'
      accept-encoding:
      - gzip, deflate
      connection:
      - keep-alive
      host:
      - gizmoj12.fhcrc.org:34469
      user-agent:
      - python-httpx/0.28.1
    method: GET
    uri: https://gizmoj12.fhcrc.org:34469/api/workflows/v1/64c6de95-06d3-4628-96b0-b1c0be037327/metadata?includeKey=status&includeKey=failures&includeKey=jobId
  response:
    body:
      string: '{"status":"Running","calls":{"enhanced_map_test.process_sample":[{"jobId":"42372186","attempt":1,"shardIndex":0},{"jobId":"42372184","attempt":1,"shardIndex":1},{"jobId":"42372182","attempt":1,"shardIndex":2}],"enhanced_map_test.process_nested_map":[{"jobId":"42372185","attempt":1,"shardIndex":0},{"jobId":"42372183","attempt":1,"shardIndex":1}],"enhanced_map_test.create_result_map":[{"jobId":"42372191","attempt":1,"shardIndex":-1}]},"id":"64c6de95-06d3-4628-96b0-b1c0be037327"}'
    headers:
      Connection:
      - keep-alive
      Content-Type:
      - application/json
      Date:
      - Sun, 23 Nov 2025 04:32:35 GMT
      Server:
      - nginx/1.25.3
      Transfer-Encoding:
      - chunked
      content-length:
      - '481'
    status:
      code: 200
      message: OK
- request:
    body: ''
    headers:
      accept:
      - '*/*'
      accept-encoding:
      - gzip, deflate
      connection:
      - keep-alive
      host:
      - gizmoj12.fhcrc.org:34469
      user-agent:
      - python-httpx/0.28.1
    method: GET
    uri: https://gizmoj12.fhcrc.org:34469/api/workflows/v1/64c6de95-06d3-4628-96b0-b1c0be037327/metadata?includeKey=status&includeKey=failures&includeKey=jobId
  response:
    body:
      string: '{"status":"Running","calls":{"enhanced_map_test.process_sample":[{"jobId":"42372186","attempt":1,"shardIndex":0},{"jobId":"42372184","attempt":1,"shardIndex":1},{"jobId":"42372182","attempt":1,"shardIndex":2}],"enhanced_map_test.process_nested_map":[{"jobId":"42372185","attempt":1,"shardIndex":0},{"jobId":"42372183","attempt":1,"shardIndex":1}],"enhanced_map_test.create_result_map":[{"jobId":"42372191","attempt":1,"shardIndex":-1}]},"id":"64c6de95-06d3-4628-96b0-b1c0be037327"}'
    headers:
      Connection:
      - keep-alive
      Content-Type:
      - application/json
      Date:
      - Sun, 23 Nov 2025 04:32:40 GMT
      Server:
      - nginx/1.25.3
      Transfer-Encoding:
      - chunked
      content-length:
      - '481'
    status:
      code: 200
      message: OK
- request:
    body: ''
    headers:
      accept:
      - '*/*'
      accept-encoding:
      - gzip, deflate
      connection:
      - keep-alive
      host:
      - gizmoj12.fhcrc.org:34469
      user-agent:
      - python-httpx/0.28.1
    method: GET
    uri: https://gizmoj12.fhcrc.org:34469/api/workflows/v1/64c6de95-06d3-4628-96b0-b1c0be037327/metadata?includeKey=status&includeKey=failures&includeKey=jobId
  response:
    body:
      string: '{"status":"Running","calls":{"enhanced_map_test.process_sample":[{"jobId":"42372186","attempt":1,"shardIndex":0},{"jobId":"42372184","attempt":1,"shardIndex":1},{"jobId":"42372182","attempt":1,"shardIndex":2}],"enhanced_map_test.process_nested_map":[{"jobId":"42372185","attempt":1,"shardIndex":0},{"jobId":"42372183","attempt":1,"shardIndex":1}],"enhanced_map_test.create_result_map":[{"jobId":"42372191","attempt":1,"shardIndex":-1}]},"id":"64c6de95-06d3-4628-96b0-b1c0be037327"}'
    headers:
      Connection:
      - keep-alive
      Content-Type:
      - application/json
      Date:
      - Sun, 23 Nov 2025 04:32:46 GMT
      Server:
      - nginx/1.25.3
      Transfer-Encoding:
      - chunked
      content-length:
      - '481'
    status:
      code: 200
      message: OK
- request:
    body: ''
    headers:
      accept:
      - '*/*'
      accept-encoding:
      - gzip, deflate
      connection:
      - keep-alive
      host:
      - gizmoj12.fhcrc.org:34469
      user-agent:
      - python-httpx/0.28.1
    method: GET
    uri: https://gizmoj12.fhcrc.org:34469/api/workflows/v1/64c6de95-06d3-4628-96b0-b1c0be037327/metadata?includeKey=status&includeKey=failures&includeKey=jobId
  response:
    body:
      string: '{"status":"Succeeded","calls":{"enhanced_map_test.process_sample":[{"jobId":"42372186","attempt":1,"shardIndex":0},{"jobId":"42372184","attempt":1,"shardIndex":1},{"jobId":"42372182","attempt":1,"shardIndex":2}],"enhanced_map_test.process_nested_map":[{"jobId":"42372185","attempt":1,"shardIndex":0},{"jobId":"42372183","attempt":1,"shardIndex":1}],"enhanced_map_test.create_result_map":[{"jobId":"42372191","attempt":1,"shardIndex":-1}]},"id":"64c6de95-06d3-4628-96b0-b1c0be037327"}'
    headers:
      Connection:
      - keep-alive
      Content-Type:
      - application/json
      Date:
      - Sun, 23 Nov 2025 04:32:51 GMT
      Server:
      - nginx/1.25.3
      Transfer-Encoding:
      - chunked
      content-length:
      - '483'
    status:
      code: 200
      message: OK
version: 1
