interactions:
- request:
    body: "--e08d68fd8913380ae4494fd56394e095\r\nContent-Disposition: form-data; name=\"workflowSource\";
      filename=\"globNonmatching.wdl\"\r\nContent-Type: application/octet-stream\r\n\r\nversion
      1.0\n\nworkflow globNonmatching {\n    call create_files\n    output {\n        Array[File]
      unmatched_files = create_files.unmatched_files\n    }\n}\n\ntask create_files
      {\n    command <<<\n        echo \"Test file\" > test.txt\n    >>>\n    output
      {\n        Array[File] unmatched_files = glob(\"*.log\")\n    }\n}\n\r\n--e08d68fd8913380ae4494fd56394e095\r\nContent-Disposition:
      form-data; name=\"workflowOptions\"; filename=\"options.json\"\r\nContent-Type:
      application/json\r\n\r\n{\n    \"workflow_failure_mode\": \"ContinueWhilePossible\",\n
      \   \"write_to_cache\": false,\n    \"read_from_cache\": false\n}\n\r\n--e08d68fd8913380ae4494fd56394e095--\r\n"
    headers:
      accept:
      - '*/*'
      accept-encoding:
      - gzip, deflate
      connection:
      - keep-alive
      content-length:
      - '778'
      content-type:
      - multipart/form-data; boundary=e08d68fd8913380ae4494fd56394e095
      host:
      - gizmok111.fhcrc.org:34399
      user-agent:
      - python-httpx/0.28.1
    method: POST
    uri: https://gizmok111.fhcrc.org:34399/api/workflows/v1
  response:
    body:
      string: '{"id":"34ef9264-dd7f-48a8-aebb-290f17a756f7","status":"Submitted"}'
    headers:
      Connection:
      - keep-alive
      Content-Length:
      - '66'
      Content-Type:
      - application/json
      Date:
      - Sun, 21 Sep 2025 04:11:57 GMT
      Server:
      - nginx/1.25.3
    status:
      code: 201
      message: Created
- request:
    body: ''
    headers:
      accept:
      - '*/*'
      accept-encoding:
      - gzip, deflate
      connection:
      - keep-alive
      host:
      - gizmok111.fhcrc.org:34399
      user-agent:
      - python-httpx/0.28.1
    method: GET
    uri: https://gizmok111.fhcrc.org:34399/api/workflows/v1/34ef9264-dd7f-48a8-aebb-290f17a756f7/metadata?includeKey=status&includeKey=failures&includeKey=jobId
  response:
    body:
      string: '{"status":"Submitted","calls":{},"id":"34ef9264-dd7f-48a8-aebb-290f17a756f7"}'
    headers:
      Connection:
      - keep-alive
      Content-Type:
      - application/json
      Date:
      - Sun, 21 Sep 2025 04:12:02 GMT
      Server:
      - nginx/1.25.3
      Transfer-Encoding:
      - chunked
      content-length:
      - '77'
    status:
      code: 200
      message: OK
- request:
    body: ''
    headers:
      accept:
      - '*/*'
      accept-encoding:
      - gzip, deflate
      connection:
      - keep-alive
      host:
      - gizmok111.fhcrc.org:34399
      user-agent:
      - python-httpx/0.28.1
    method: GET
    uri: https://gizmok111.fhcrc.org:34399/api/workflows/v1/34ef9264-dd7f-48a8-aebb-290f17a756f7/metadata?includeKey=status&includeKey=failures&includeKey=jobId
  response:
    body:
      string: '{"status":"Submitted","calls":{},"id":"34ef9264-dd7f-48a8-aebb-290f17a756f7"}'
    headers:
      Connection:
      - keep-alive
      Content-Type:
      - application/json
      Date:
      - Sun, 21 Sep 2025 04:12:07 GMT
      Server:
      - nginx/1.25.3
      Transfer-Encoding:
      - chunked
      content-length:
      - '77'
    status:
      code: 200
      message: OK
- request:
    body: ''
    headers:
      accept:
      - '*/*'
      accept-encoding:
      - gzip, deflate
      connection:
      - keep-alive
      host:
      - gizmok111.fhcrc.org:34399
      user-agent:
      - python-httpx/0.28.1
    method: GET
    uri: https://gizmok111.fhcrc.org:34399/api/workflows/v1/34ef9264-dd7f-48a8-aebb-290f17a756f7/metadata?includeKey=status&includeKey=failures&includeKey=jobId
  response:
    body:
      string: '{"status":"Submitted","calls":{},"id":"34ef9264-dd7f-48a8-aebb-290f17a756f7"}'
    headers:
      Connection:
      - keep-alive
      Content-Type:
      - application/json
      Date:
      - Sun, 21 Sep 2025 04:12:12 GMT
      Server:
      - nginx/1.25.3
      Transfer-Encoding:
      - chunked
      content-length:
      - '77'
    status:
      code: 200
      message: OK
- request:
    body: ''
    headers:
      accept:
      - '*/*'
      accept-encoding:
      - gzip, deflate
      connection:
      - keep-alive
      host:
      - gizmok111.fhcrc.org:34399
      user-agent:
      - python-httpx/0.28.1
    method: GET
    uri: https://gizmok111.fhcrc.org:34399/api/workflows/v1/34ef9264-dd7f-48a8-aebb-290f17a756f7/metadata?includeKey=status&includeKey=failures&includeKey=jobId
  response:
    body:
      string: '{"status":"Submitted","calls":{},"id":"34ef9264-dd7f-48a8-aebb-290f17a756f7"}'
    headers:
      Connection:
      - keep-alive
      Content-Type:
      - application/json
      Date:
      - Sun, 21 Sep 2025 04:12:17 GMT
      Server:
      - nginx/1.25.3
      Transfer-Encoding:
      - chunked
      content-length:
      - '77'
    status:
      code: 200
      message: OK
- request:
    body: ''
    headers:
      accept:
      - '*/*'
      accept-encoding:
      - gzip, deflate
      connection:
      - keep-alive
      host:
      - gizmok111.fhcrc.org:34399
      user-agent:
      - python-httpx/0.28.1
    method: GET
    uri: https://gizmok111.fhcrc.org:34399/api/workflows/v1/34ef9264-dd7f-48a8-aebb-290f17a756f7/metadata?includeKey=status&includeKey=failures&includeKey=jobId
  response:
    body:
      string: '{"status":"Submitted","calls":{},"id":"34ef9264-dd7f-48a8-aebb-290f17a756f7"}'
    headers:
      Connection:
      - keep-alive
      Content-Type:
      - application/json
      Date:
      - Sun, 21 Sep 2025 04:12:22 GMT
      Server:
      - nginx/1.25.3
      Transfer-Encoding:
      - chunked
      content-length:
      - '77'
    status:
      code: 200
      message: OK
- request:
    body: ''
    headers:
      accept:
      - '*/*'
      accept-encoding:
      - gzip, deflate
      connection:
      - keep-alive
      host:
      - gizmok111.fhcrc.org:34399
      user-agent:
      - python-httpx/0.28.1
    method: GET
    uri: https://gizmok111.fhcrc.org:34399/api/workflows/v1/34ef9264-dd7f-48a8-aebb-290f17a756f7/metadata?includeKey=status&includeKey=failures&includeKey=jobId
  response:
    body:
      string: '{"status":"Submitted","calls":{},"id":"34ef9264-dd7f-48a8-aebb-290f17a756f7"}'
    headers:
      Connection:
      - keep-alive
      Content-Type:
      - application/json
      Date:
      - Sun, 21 Sep 2025 04:12:28 GMT
      Server:
      - nginx/1.25.3
      Transfer-Encoding:
      - chunked
      content-length:
      - '77'
    status:
      code: 200
      message: OK
- request:
    body: ''
    headers:
      accept:
      - '*/*'
      accept-encoding:
      - gzip, deflate
      connection:
      - keep-alive
      host:
      - gizmok111.fhcrc.org:34399
      user-agent:
      - python-httpx/0.28.1
    method: GET
    uri: https://gizmok111.fhcrc.org:34399/api/workflows/v1/34ef9264-dd7f-48a8-aebb-290f17a756f7/metadata?includeKey=status&includeKey=failures&includeKey=jobId
  response:
    body:
      string: '{"status":"Submitted","calls":{},"id":"34ef9264-dd7f-48a8-aebb-290f17a756f7"}'
    headers:
      Connection:
      - keep-alive
      Content-Type:
      - application/json
      Date:
      - Sun, 21 Sep 2025 04:12:33 GMT
      Server:
      - nginx/1.25.3
      Transfer-Encoding:
      - chunked
      content-length:
      - '77'
    status:
      code: 200
      message: OK
- request:
    body: ''
    headers:
      accept:
      - '*/*'
      accept-encoding:
      - gzip, deflate
      connection:
      - keep-alive
      host:
      - gizmok111.fhcrc.org:34399
      user-agent:
      - python-httpx/0.28.1
    method: GET
    uri: https://gizmok111.fhcrc.org:34399/api/workflows/v1/34ef9264-dd7f-48a8-aebb-290f17a756f7/metadata?includeKey=status&includeKey=failures&includeKey=jobId
  response:
    body:
      string: '{"status":"Submitted","calls":{},"id":"34ef9264-dd7f-48a8-aebb-290f17a756f7"}'
    headers:
      Connection:
      - keep-alive
      Content-Type:
      - application/json
      Date:
      - Sun, 21 Sep 2025 04:12:38 GMT
      Server:
      - nginx/1.25.3
      Transfer-Encoding:
      - chunked
      content-length:
      - '77'
    status:
      code: 200
      message: OK
- request:
    body: ''
    headers:
      accept:
      - '*/*'
      accept-encoding:
      - gzip, deflate
      connection:
      - keep-alive
      host:
      - gizmok111.fhcrc.org:34399
      user-agent:
      - python-httpx/0.28.1
    method: GET
    uri: https://gizmok111.fhcrc.org:34399/api/workflows/v1/34ef9264-dd7f-48a8-aebb-290f17a756f7/metadata?includeKey=status&includeKey=failures&includeKey=jobId
  response:
    body:
      string: '{"status":"Submitted","calls":{},"id":"34ef9264-dd7f-48a8-aebb-290f17a756f7"}'
    headers:
      Connection:
      - keep-alive
      Content-Type:
      - application/json
      Date:
      - Sun, 21 Sep 2025 04:12:43 GMT
      Server:
      - nginx/1.25.3
      Transfer-Encoding:
      - chunked
      content-length:
      - '77'
    status:
      code: 200
      message: OK
- request:
    body: ''
    headers:
      accept:
      - '*/*'
      accept-encoding:
      - gzip, deflate
      connection:
      - keep-alive
      host:
      - gizmok111.fhcrc.org:34399
      user-agent:
      - python-httpx/0.28.1
    method: GET
    uri: https://gizmok111.fhcrc.org:34399/api/workflows/v1/34ef9264-dd7f-48a8-aebb-290f17a756f7/metadata?includeKey=status&includeKey=failures&includeKey=jobId
  response:
    body:
      string: '{"status":"Submitted","calls":{},"id":"34ef9264-dd7f-48a8-aebb-290f17a756f7"}'
    headers:
      Connection:
      - keep-alive
      Content-Type:
      - application/json
      Date:
      - Sun, 21 Sep 2025 04:12:48 GMT
      Server:
      - nginx/1.25.3
      Transfer-Encoding:
      - chunked
      content-length:
      - '77'
    status:
      code: 200
      message: OK
- request:
    body: ''
    headers:
      accept:
      - '*/*'
      accept-encoding:
      - gzip, deflate
      connection:
      - keep-alive
      host:
      - gizmok111.fhcrc.org:34399
      user-agent:
      - python-httpx/0.28.1
    method: GET
    uri: https://gizmok111.fhcrc.org:34399/api/workflows/v1/34ef9264-dd7f-48a8-aebb-290f17a756f7/metadata?includeKey=status&includeKey=failures&includeKey=jobId
  response:
    body:
      string: '{"status":"Submitted","calls":{},"id":"34ef9264-dd7f-48a8-aebb-290f17a756f7"}'
    headers:
      Connection:
      - keep-alive
      Content-Type:
      - application/json
      Date:
      - Sun, 21 Sep 2025 04:12:53 GMT
      Server:
      - nginx/1.25.3
      Transfer-Encoding:
      - chunked
      content-length:
      - '77'
    status:
      code: 200
      message: OK
- request:
    body: ''
    headers:
      accept:
      - '*/*'
      accept-encoding:
      - gzip, deflate
      connection:
      - keep-alive
      host:
      - gizmok111.fhcrc.org:34399
      user-agent:
      - python-httpx/0.28.1
    method: GET
    uri: https://gizmok111.fhcrc.org:34399/api/workflows/v1/34ef9264-dd7f-48a8-aebb-290f17a756f7/metadata?includeKey=status&includeKey=failures&includeKey=jobId
  response:
    body:
      string: '{"status":"Submitted","calls":{},"id":"34ef9264-dd7f-48a8-aebb-290f17a756f7"}'
    headers:
      Connection:
      - keep-alive
      Content-Type:
      - application/json
      Date:
      - Sun, 21 Sep 2025 04:12:58 GMT
      Server:
      - nginx/1.25.3
      Transfer-Encoding:
      - chunked
      content-length:
      - '77'
    status:
      code: 200
      message: OK
- request:
    body: ''
    headers:
      accept:
      - '*/*'
      accept-encoding:
      - gzip, deflate
      connection:
      - keep-alive
      host:
      - gizmok111.fhcrc.org:34399
      user-agent:
      - python-httpx/0.28.1
    method: GET
    uri: https://gizmok111.fhcrc.org:34399/api/workflows/v1/34ef9264-dd7f-48a8-aebb-290f17a756f7/metadata?includeKey=status&includeKey=failures&includeKey=jobId
  response:
    body:
      string: '{"status":"Submitted","calls":{},"id":"34ef9264-dd7f-48a8-aebb-290f17a756f7"}'
    headers:
      Connection:
      - keep-alive
      Content-Type:
      - application/json
      Date:
      - Sun, 21 Sep 2025 04:13:03 GMT
      Server:
      - nginx/1.25.3
      Transfer-Encoding:
      - chunked
      content-length:
      - '77'
    status:
      code: 200
      message: OK
- request:
    body: ''
    headers:
      accept:
      - '*/*'
      accept-encoding:
      - gzip, deflate
      connection:
      - keep-alive
      host:
      - gizmok111.fhcrc.org:34399
      user-agent:
      - python-httpx/0.28.1
    method: GET
    uri: https://gizmok111.fhcrc.org:34399/api/workflows/v1/34ef9264-dd7f-48a8-aebb-290f17a756f7/metadata?includeKey=status&includeKey=failures&includeKey=jobId
  response:
    body:
      string: '{"status":"Submitted","calls":{},"id":"34ef9264-dd7f-48a8-aebb-290f17a756f7"}'
    headers:
      Connection:
      - keep-alive
      Content-Type:
      - application/json
      Date:
      - Sun, 21 Sep 2025 04:13:08 GMT
      Server:
      - nginx/1.25.3
      Transfer-Encoding:
      - chunked
      content-length:
      - '77'
    status:
      code: 200
      message: OK
- request:
    body: ''
    headers:
      accept:
      - '*/*'
      accept-encoding:
      - gzip, deflate
      connection:
      - keep-alive
      host:
      - gizmok111.fhcrc.org:34399
      user-agent:
      - python-httpx/0.28.1
    method: GET
    uri: https://gizmok111.fhcrc.org:34399/api/workflows/v1/34ef9264-dd7f-48a8-aebb-290f17a756f7/metadata?includeKey=status&includeKey=failures&includeKey=jobId
  response:
    body:
      string: '{"status":"Submitted","calls":{},"id":"34ef9264-dd7f-48a8-aebb-290f17a756f7"}'
    headers:
      Connection:
      - keep-alive
      Content-Type:
      - application/json
      Date:
      - Sun, 21 Sep 2025 04:13:13 GMT
      Server:
      - nginx/1.25.3
      Transfer-Encoding:
      - chunked
      content-length:
      - '77'
    status:
      code: 200
      message: OK
- request:
    body: ''
    headers:
      accept:
      - '*/*'
      accept-encoding:
      - gzip, deflate
      connection:
      - keep-alive
      host:
      - gizmok111.fhcrc.org:34399
      user-agent:
      - python-httpx/0.28.1
    method: GET
    uri: https://gizmok111.fhcrc.org:34399/api/workflows/v1/34ef9264-dd7f-48a8-aebb-290f17a756f7/metadata?includeKey=status&includeKey=failures&includeKey=jobId
  response:
    body:
      string: '{"status":"Submitted","calls":{},"id":"34ef9264-dd7f-48a8-aebb-290f17a756f7"}'
    headers:
      Connection:
      - keep-alive
      Content-Type:
      - application/json
      Date:
      - Sun, 21 Sep 2025 04:13:18 GMT
      Server:
      - nginx/1.25.3
      Transfer-Encoding:
      - chunked
      content-length:
      - '77'
    status:
      code: 200
      message: OK
- request:
    body: ''
    headers:
      accept:
      - '*/*'
      accept-encoding:
      - gzip, deflate
      connection:
      - keep-alive
      host:
      - gizmok111.fhcrc.org:34399
      user-agent:
      - python-httpx/0.28.1
    method: GET
    uri: https://gizmok111.fhcrc.org:34399/api/workflows/v1/34ef9264-dd7f-48a8-aebb-290f17a756f7/metadata?includeKey=status&includeKey=failures&includeKey=jobId
  response:
    body:
      string: '{"status":"Submitted","calls":{},"id":"34ef9264-dd7f-48a8-aebb-290f17a756f7"}'
    headers:
      Connection:
      - keep-alive
      Content-Type:
      - application/json
      Date:
      - Sun, 21 Sep 2025 04:13:23 GMT
      Server:
      - nginx/1.25.3
      Transfer-Encoding:
      - chunked
      content-length:
      - '77'
    status:
      code: 200
      message: OK
- request:
    body: ''
    headers:
      accept:
      - '*/*'
      accept-encoding:
      - gzip, deflate
      connection:
      - keep-alive
      host:
      - gizmok111.fhcrc.org:34399
      user-agent:
      - python-httpx/0.28.1
    method: GET
    uri: https://gizmok111.fhcrc.org:34399/api/workflows/v1/34ef9264-dd7f-48a8-aebb-290f17a756f7/metadata?includeKey=status&includeKey=failures&includeKey=jobId
  response:
    body:
      string: '{"status":"Submitted","calls":{},"id":"34ef9264-dd7f-48a8-aebb-290f17a756f7"}'
    headers:
      Connection:
      - keep-alive
      Content-Type:
      - application/json
      Date:
      - Sun, 21 Sep 2025 04:13:28 GMT
      Server:
      - nginx/1.25.3
      Transfer-Encoding:
      - chunked
      content-length:
      - '77'
    status:
      code: 200
      message: OK
- request:
    body: ''
    headers:
      accept:
      - '*/*'
      accept-encoding:
      - gzip, deflate
      connection:
      - keep-alive
      host:
      - gizmok111.fhcrc.org:34399
      user-agent:
      - python-httpx/0.28.1
    method: GET
    uri: https://gizmok111.fhcrc.org:34399/api/workflows/v1/34ef9264-dd7f-48a8-aebb-290f17a756f7/metadata?includeKey=status&includeKey=failures&includeKey=jobId
  response:
    body:
      string: '{"status":"Submitted","calls":{},"id":"34ef9264-dd7f-48a8-aebb-290f17a756f7"}'
    headers:
      Connection:
      - keep-alive
      Content-Type:
      - application/json
      Date:
      - Sun, 21 Sep 2025 04:13:34 GMT
      Server:
      - nginx/1.25.3
      Transfer-Encoding:
      - chunked
      content-length:
      - '77'
    status:
      code: 200
      message: OK
- request:
    body: ''
    headers:
      accept:
      - '*/*'
      accept-encoding:
      - gzip, deflate
      connection:
      - keep-alive
      host:
      - gizmok111.fhcrc.org:34399
      user-agent:
      - python-httpx/0.28.1
    method: GET
    uri: https://gizmok111.fhcrc.org:34399/api/workflows/v1/34ef9264-dd7f-48a8-aebb-290f17a756f7/metadata?includeKey=status&includeKey=failures&includeKey=jobId
  response:
    body:
      string: '{"status":"Submitted","calls":{},"id":"34ef9264-dd7f-48a8-aebb-290f17a756f7"}'
    headers:
      Connection:
      - keep-alive
      Content-Type:
      - application/json
      Date:
      - Sun, 21 Sep 2025 04:13:39 GMT
      Server:
      - nginx/1.25.3
      Transfer-Encoding:
      - chunked
      content-length:
      - '77'
    status:
      code: 200
      message: OK
- request:
    body: ''
    headers:
      accept:
      - '*/*'
      accept-encoding:
      - gzip, deflate
      connection:
      - keep-alive
      host:
      - gizmok111.fhcrc.org:34399
      user-agent:
      - python-httpx/0.28.1
    method: GET
    uri: https://gizmok111.fhcrc.org:34399/api/workflows/v1/34ef9264-dd7f-48a8-aebb-290f17a756f7/metadata?includeKey=status&includeKey=failures&includeKey=jobId
  response:
    body:
      string: '{"status":"Submitted","calls":{},"id":"34ef9264-dd7f-48a8-aebb-290f17a756f7"}'
    headers:
      Connection:
      - keep-alive
      Content-Type:
      - application/json
      Date:
      - Sun, 21 Sep 2025 04:13:44 GMT
      Server:
      - nginx/1.25.3
      Transfer-Encoding:
      - chunked
      content-length:
      - '77'
    status:
      code: 200
      message: OK
- request:
    body: ''
    headers:
      accept:
      - '*/*'
      accept-encoding:
      - gzip, deflate
      connection:
      - keep-alive
      host:
      - gizmok111.fhcrc.org:34399
      user-agent:
      - python-httpx/0.28.1
    method: GET
    uri: https://gizmok111.fhcrc.org:34399/api/workflows/v1/34ef9264-dd7f-48a8-aebb-290f17a756f7/metadata?includeKey=status&includeKey=failures&includeKey=jobId
  response:
    body:
      string: '{"status":"Submitted","calls":{},"id":"34ef9264-dd7f-48a8-aebb-290f17a756f7"}'
    headers:
      Connection:
      - keep-alive
      Content-Type:
      - application/json
      Date:
      - Sun, 21 Sep 2025 04:13:49 GMT
      Server:
      - nginx/1.25.3
      Transfer-Encoding:
      - chunked
      content-length:
      - '77'
    status:
      code: 200
      message: OK
- request:
    body: ''
    headers:
      accept:
      - '*/*'
      accept-encoding:
      - gzip, deflate
      connection:
      - keep-alive
      host:
      - gizmok111.fhcrc.org:34399
      user-agent:
      - python-httpx/0.28.1
    method: GET
    uri: https://gizmok111.fhcrc.org:34399/api/workflows/v1/34ef9264-dd7f-48a8-aebb-290f17a756f7/metadata?includeKey=status&includeKey=failures&includeKey=jobId
  response:
    body:
      string: '{"status":"Submitted","calls":{},"id":"34ef9264-dd7f-48a8-aebb-290f17a756f7"}'
    headers:
      Connection:
      - keep-alive
      Content-Type:
      - application/json
      Date:
      - Sun, 21 Sep 2025 04:13:54 GMT
      Server:
      - nginx/1.25.3
      Transfer-Encoding:
      - chunked
      content-length:
      - '77'
    status:
      code: 200
      message: OK
- request:
    body: ''
    headers:
      accept:
      - '*/*'
      accept-encoding:
      - gzip, deflate
      connection:
      - keep-alive
      host:
      - gizmok111.fhcrc.org:34399
      user-agent:
      - python-httpx/0.28.1
    method: GET
    uri: https://gizmok111.fhcrc.org:34399/api/workflows/v1/34ef9264-dd7f-48a8-aebb-290f17a756f7/metadata?includeKey=status&includeKey=failures&includeKey=jobId
  response:
    body:
      string: '{"status":"Submitted","calls":{},"id":"34ef9264-dd7f-48a8-aebb-290f17a756f7"}'
    headers:
      Connection:
      - keep-alive
      Content-Type:
      - application/json
      Date:
      - Sun, 21 Sep 2025 04:13:59 GMT
      Server:
      - nginx/1.25.3
      Transfer-Encoding:
      - chunked
      content-length:
      - '77'
    status:
      code: 200
      message: OK
- request:
    body: ''
    headers:
      accept:
      - '*/*'
      accept-encoding:
      - gzip, deflate
      connection:
      - keep-alive
      host:
      - gizmok111.fhcrc.org:34399
      user-agent:
      - python-httpx/0.28.1
    method: GET
    uri: https://gizmok111.fhcrc.org:34399/api/workflows/v1/34ef9264-dd7f-48a8-aebb-290f17a756f7/metadata?includeKey=status&includeKey=failures&includeKey=jobId
  response:
    body:
      string: '{"status":"Submitted","calls":{},"id":"34ef9264-dd7f-48a8-aebb-290f17a756f7"}'
    headers:
      Connection:
      - keep-alive
      Content-Type:
      - application/json
      Date:
      - Sun, 21 Sep 2025 04:14:04 GMT
      Server:
      - nginx/1.25.3
      Transfer-Encoding:
      - chunked
      content-length:
      - '77'
    status:
      code: 200
      message: OK
- request:
    body: ''
    headers:
      accept:
      - '*/*'
      accept-encoding:
      - gzip, deflate
      connection:
      - keep-alive
      host:
      - gizmok111.fhcrc.org:34399
      user-agent:
      - python-httpx/0.28.1
    method: GET
    uri: https://gizmok111.fhcrc.org:34399/api/workflows/v1/34ef9264-dd7f-48a8-aebb-290f17a756f7/metadata?includeKey=status&includeKey=failures&includeKey=jobId
  response:
    body:
      string: '{"status":"Submitted","calls":{},"id":"34ef9264-dd7f-48a8-aebb-290f17a756f7"}'
    headers:
      Connection:
      - keep-alive
      Content-Type:
      - application/json
      Date:
      - Sun, 21 Sep 2025 04:14:09 GMT
      Server:
      - nginx/1.25.3
      Transfer-Encoding:
      - chunked
      content-length:
      - '77'
    status:
      code: 200
      message: OK
- request:
    body: ''
    headers:
      accept:
      - '*/*'
      accept-encoding:
      - gzip, deflate
      connection:
      - keep-alive
      host:
      - gizmok111.fhcrc.org:34399
      user-agent:
      - python-httpx/0.28.1
    method: GET
    uri: https://gizmok111.fhcrc.org:34399/api/workflows/v1/34ef9264-dd7f-48a8-aebb-290f17a756f7/metadata?includeKey=status&includeKey=failures&includeKey=jobId
  response:
    body:
      string: '{"status":"Submitted","calls":{},"id":"34ef9264-dd7f-48a8-aebb-290f17a756f7"}'
    headers:
      Connection:
      - keep-alive
      Content-Type:
      - application/json
      Date:
      - Sun, 21 Sep 2025 04:14:14 GMT
      Server:
      - nginx/1.25.3
      Transfer-Encoding:
      - chunked
      content-length:
      - '77'
    status:
      code: 200
      message: OK
- request:
    body: ''
    headers:
      accept:
      - '*/*'
      accept-encoding:
      - gzip, deflate
      connection:
      - keep-alive
      host:
      - gizmok111.fhcrc.org:34399
      user-agent:
      - python-httpx/0.28.1
    method: GET
    uri: https://gizmok111.fhcrc.org:34399/api/workflows/v1/34ef9264-dd7f-48a8-aebb-290f17a756f7/metadata?includeKey=status&includeKey=failures&includeKey=jobId
  response:
    body:
      string: '{"status":"Submitted","calls":{},"id":"34ef9264-dd7f-48a8-aebb-290f17a756f7"}'
    headers:
      Connection:
      - keep-alive
      Content-Type:
      - application/json
      Date:
      - Sun, 21 Sep 2025 04:14:19 GMT
      Server:
      - nginx/1.25.3
      Transfer-Encoding:
      - chunked
      content-length:
      - '77'
    status:
      code: 200
      message: OK
- request:
    body: ''
    headers:
      accept:
      - '*/*'
      accept-encoding:
      - gzip, deflate
      connection:
      - keep-alive
      host:
      - gizmok111.fhcrc.org:34399
      user-agent:
      - python-httpx/0.28.1
    method: GET
    uri: https://gizmok111.fhcrc.org:34399/api/workflows/v1/34ef9264-dd7f-48a8-aebb-290f17a756f7/metadata?includeKey=status&includeKey=failures&includeKey=jobId
  response:
    body:
      string: '{"status":"Submitted","calls":{},"id":"34ef9264-dd7f-48a8-aebb-290f17a756f7"}'
    headers:
      Connection:
      - keep-alive
      Content-Type:
      - application/json
      Date:
      - Sun, 21 Sep 2025 04:14:24 GMT
      Server:
      - nginx/1.25.3
      Transfer-Encoding:
      - chunked
      content-length:
      - '77'
    status:
      code: 200
      message: OK
- request:
    body: ''
    headers:
      accept:
      - '*/*'
      accept-encoding:
      - gzip, deflate
      connection:
      - keep-alive
      host:
      - gizmok111.fhcrc.org:34399
      user-agent:
      - python-httpx/0.28.1
    method: GET
    uri: https://gizmok111.fhcrc.org:34399/api/workflows/v1/34ef9264-dd7f-48a8-aebb-290f17a756f7/metadata?includeKey=status&includeKey=failures&includeKey=jobId
  response:
    body:
      string: '{"status":"Submitted","calls":{},"id":"34ef9264-dd7f-48a8-aebb-290f17a756f7"}'
    headers:
      Connection:
      - keep-alive
      Content-Type:
      - application/json
      Date:
      - Sun, 21 Sep 2025 04:14:29 GMT
      Server:
      - nginx/1.25.3
      Transfer-Encoding:
      - chunked
      content-length:
      - '77'
    status:
      code: 200
      message: OK
- request:
    body: ''
    headers:
      accept:
      - '*/*'
      accept-encoding:
      - gzip, deflate
      connection:
      - keep-alive
      host:
      - gizmok111.fhcrc.org:34399
      user-agent:
      - python-httpx/0.28.1
    method: GET
    uri: https://gizmok111.fhcrc.org:34399/api/workflows/v1/34ef9264-dd7f-48a8-aebb-290f17a756f7/metadata?includeKey=status&includeKey=failures&includeKey=jobId
  response:
    body:
      string: '{"status":"Submitted","calls":{},"id":"34ef9264-dd7f-48a8-aebb-290f17a756f7"}'
    headers:
      Connection:
      - keep-alive
      Content-Type:
      - application/json
      Date:
      - Sun, 21 Sep 2025 04:14:34 GMT
      Server:
      - nginx/1.25.3
      Transfer-Encoding:
      - chunked
      content-length:
      - '77'
    status:
      code: 200
      message: OK
- request:
    body: ''
    headers:
      accept:
      - '*/*'
      accept-encoding:
      - gzip, deflate
      connection:
      - keep-alive
      host:
      - gizmok111.fhcrc.org:34399
      user-agent:
      - python-httpx/0.28.1
    method: GET
    uri: https://gizmok111.fhcrc.org:34399/api/workflows/v1/34ef9264-dd7f-48a8-aebb-290f17a756f7/metadata?includeKey=status&includeKey=failures&includeKey=jobId
  response:
    body:
      string: '{"status":"Submitted","calls":{},"id":"34ef9264-dd7f-48a8-aebb-290f17a756f7"}'
    headers:
      Connection:
      - keep-alive
      Content-Type:
      - application/json
      Date:
      - Sun, 21 Sep 2025 04:14:39 GMT
      Server:
      - nginx/1.25.3
      Transfer-Encoding:
      - chunked
      content-length:
      - '77'
    status:
      code: 200
      message: OK
- request:
    body: ''
    headers:
      accept:
      - '*/*'
      accept-encoding:
      - gzip, deflate
      connection:
      - keep-alive
      host:
      - gizmok111.fhcrc.org:34399
      user-agent:
      - python-httpx/0.28.1
    method: GET
    uri: https://gizmok111.fhcrc.org:34399/api/workflows/v1/34ef9264-dd7f-48a8-aebb-290f17a756f7/metadata?includeKey=status&includeKey=failures&includeKey=jobId
  response:
    body:
      string: '{"status":"Submitted","calls":{},"id":"34ef9264-dd7f-48a8-aebb-290f17a756f7"}'
    headers:
      Connection:
      - keep-alive
      Content-Type:
      - application/json
      Date:
      - Sun, 21 Sep 2025 04:14:45 GMT
      Server:
      - nginx/1.25.3
      Transfer-Encoding:
      - chunked
      content-length:
      - '77'
    status:
      code: 200
      message: OK
- request:
    body: ''
    headers:
      accept:
      - '*/*'
      accept-encoding:
      - gzip, deflate
      connection:
      - keep-alive
      host:
      - gizmok111.fhcrc.org:34399
      user-agent:
      - python-httpx/0.28.1
    method: GET
    uri: https://gizmok111.fhcrc.org:34399/api/workflows/v1/34ef9264-dd7f-48a8-aebb-290f17a756f7/metadata?includeKey=status&includeKey=failures&includeKey=jobId
  response:
    body:
      string: '{"status":"Submitted","calls":{},"id":"34ef9264-dd7f-48a8-aebb-290f17a756f7"}'
    headers:
      Connection:
      - keep-alive
      Content-Type:
      - application/json
      Date:
      - Sun, 21 Sep 2025 04:14:50 GMT
      Server:
      - nginx/1.25.3
      Transfer-Encoding:
      - chunked
      content-length:
      - '77'
    status:
      code: 200
      message: OK
- request:
    body: ''
    headers:
      accept:
      - '*/*'
      accept-encoding:
      - gzip, deflate
      connection:
      - keep-alive
      host:
      - gizmok111.fhcrc.org:34399
      user-agent:
      - python-httpx/0.28.1
    method: GET
    uri: https://gizmok111.fhcrc.org:34399/api/workflows/v1/34ef9264-dd7f-48a8-aebb-290f17a756f7/metadata?includeKey=status&includeKey=failures&includeKey=jobId
  response:
    body:
      string: '{"status":"Submitted","calls":{},"id":"34ef9264-dd7f-48a8-aebb-290f17a756f7"}'
    headers:
      Connection:
      - keep-alive
      Content-Type:
      - application/json
      Date:
      - Sun, 21 Sep 2025 04:14:55 GMT
      Server:
      - nginx/1.25.3
      Transfer-Encoding:
      - chunked
      content-length:
      - '77'
    status:
      code: 200
      message: OK
- request:
    body: ''
    headers:
      accept:
      - '*/*'
      accept-encoding:
      - gzip, deflate
      connection:
      - keep-alive
      host:
      - gizmok111.fhcrc.org:34399
      user-agent:
      - python-httpx/0.28.1
    method: GET
    uri: https://gizmok111.fhcrc.org:34399/api/workflows/v1/34ef9264-dd7f-48a8-aebb-290f17a756f7/metadata?includeKey=status&includeKey=failures&includeKey=jobId
  response:
    body:
      string: '{"status":"Submitted","calls":{},"id":"34ef9264-dd7f-48a8-aebb-290f17a756f7"}'
    headers:
      Connection:
      - keep-alive
      Content-Type:
      - application/json
      Date:
      - Sun, 21 Sep 2025 04:15:00 GMT
      Server:
      - nginx/1.25.3
      Transfer-Encoding:
      - chunked
      content-length:
      - '77'
    status:
      code: 200
      message: OK
- request:
    body: ''
    headers:
      accept:
      - '*/*'
      accept-encoding:
      - gzip, deflate
      connection:
      - keep-alive
      host:
      - gizmok111.fhcrc.org:34399
      user-agent:
      - python-httpx/0.28.1
    method: GET
    uri: https://gizmok111.fhcrc.org:34399/api/workflows/v1/34ef9264-dd7f-48a8-aebb-290f17a756f7/metadata?includeKey=status&includeKey=failures&includeKey=jobId
  response:
    body:
      string: '{"status":"Submitted","calls":{},"id":"34ef9264-dd7f-48a8-aebb-290f17a756f7"}'
    headers:
      Connection:
      - keep-alive
      Content-Type:
      - application/json
      Date:
      - Sun, 21 Sep 2025 04:15:05 GMT
      Server:
      - nginx/1.25.3
      Transfer-Encoding:
      - chunked
      content-length:
      - '77'
    status:
      code: 200
      message: OK
- request:
    body: ''
    headers:
      accept:
      - '*/*'
      accept-encoding:
      - gzip, deflate
      connection:
      - keep-alive
      host:
      - gizmok111.fhcrc.org:34399
      user-agent:
      - python-httpx/0.28.1
    method: GET
    uri: https://gizmok111.fhcrc.org:34399/api/workflows/v1/34ef9264-dd7f-48a8-aebb-290f17a756f7/metadata?includeKey=status&includeKey=failures&includeKey=jobId
  response:
    body:
      string: '{"status":"Submitted","calls":{},"id":"34ef9264-dd7f-48a8-aebb-290f17a756f7"}'
    headers:
      Connection:
      - keep-alive
      Content-Type:
      - application/json
      Date:
      - Sun, 21 Sep 2025 04:15:10 GMT
      Server:
      - nginx/1.25.3
      Transfer-Encoding:
      - chunked
      content-length:
      - '77'
    status:
      code: 200
      message: OK
- request:
    body: ''
    headers:
      accept:
      - '*/*'
      accept-encoding:
      - gzip, deflate
      connection:
      - keep-alive
      host:
      - gizmok111.fhcrc.org:34399
      user-agent:
      - python-httpx/0.28.1
    method: GET
    uri: https://gizmok111.fhcrc.org:34399/api/workflows/v1/34ef9264-dd7f-48a8-aebb-290f17a756f7/metadata?includeKey=status&includeKey=failures&includeKey=jobId
  response:
    body:
      string: '{"status":"Submitted","calls":{},"id":"34ef9264-dd7f-48a8-aebb-290f17a756f7"}'
    headers:
      Connection:
      - keep-alive
      Content-Type:
      - application/json
      Date:
      - Sun, 21 Sep 2025 04:15:15 GMT
      Server:
      - nginx/1.25.3
      Transfer-Encoding:
      - chunked
      content-length:
      - '77'
    status:
      code: 200
      message: OK
- request:
    body: ''
    headers:
      accept:
      - '*/*'
      accept-encoding:
      - gzip, deflate
      connection:
      - keep-alive
      host:
      - gizmok111.fhcrc.org:34399
      user-agent:
      - python-httpx/0.28.1
    method: GET
    uri: https://gizmok111.fhcrc.org:34399/api/workflows/v1/34ef9264-dd7f-48a8-aebb-290f17a756f7/metadata?includeKey=status&includeKey=failures&includeKey=jobId
  response:
    body:
      string: '{"status":"Submitted","calls":{},"id":"34ef9264-dd7f-48a8-aebb-290f17a756f7"}'
    headers:
      Connection:
      - keep-alive
      Content-Type:
      - application/json
      Date:
      - Sun, 21 Sep 2025 04:15:20 GMT
      Server:
      - nginx/1.25.3
      Transfer-Encoding:
      - chunked
      content-length:
      - '77'
    status:
      code: 200
      message: OK
- request:
    body: ''
    headers:
      accept:
      - '*/*'
      accept-encoding:
      - gzip, deflate
      connection:
      - keep-alive
      host:
      - gizmok111.fhcrc.org:34399
      user-agent:
      - python-httpx/0.28.1
    method: GET
    uri: https://gizmok111.fhcrc.org:34399/api/workflows/v1/34ef9264-dd7f-48a8-aebb-290f17a756f7/metadata?includeKey=status&includeKey=failures&includeKey=jobId
  response:
    body:
      string: '{"status":"Submitted","calls":{},"id":"34ef9264-dd7f-48a8-aebb-290f17a756f7"}'
    headers:
      Connection:
      - keep-alive
      Content-Type:
      - application/json
      Date:
      - Sun, 21 Sep 2025 04:15:25 GMT
      Server:
      - nginx/1.25.3
      Transfer-Encoding:
      - chunked
      content-length:
      - '77'
    status:
      code: 200
      message: OK
- request:
    body: ''
    headers:
      accept:
      - '*/*'
      accept-encoding:
      - gzip, deflate
      connection:
      - keep-alive
      host:
      - gizmok111.fhcrc.org:34399
      user-agent:
      - python-httpx/0.28.1
    method: GET
    uri: https://gizmok111.fhcrc.org:34399/api/workflows/v1/34ef9264-dd7f-48a8-aebb-290f17a756f7/metadata?includeKey=status&includeKey=failures&includeKey=jobId
  response:
    body:
      string: '{"status":"Submitted","calls":{},"id":"34ef9264-dd7f-48a8-aebb-290f17a756f7"}'
    headers:
      Connection:
      - keep-alive
      Content-Type:
      - application/json
      Date:
      - Sun, 21 Sep 2025 04:15:30 GMT
      Server:
      - nginx/1.25.3
      Transfer-Encoding:
      - chunked
      content-length:
      - '77'
    status:
      code: 200
      message: OK
- request:
    body: ''
    headers:
      accept:
      - '*/*'
      accept-encoding:
      - gzip, deflate
      connection:
      - keep-alive
      host:
      - gizmok111.fhcrc.org:34399
      user-agent:
      - python-httpx/0.28.1
    method: GET
    uri: https://gizmok111.fhcrc.org:34399/api/workflows/v1/34ef9264-dd7f-48a8-aebb-290f17a756f7/metadata?includeKey=status&includeKey=failures&includeKey=jobId
  response:
    body:
      string: '{"status":"Submitted","calls":{},"id":"34ef9264-dd7f-48a8-aebb-290f17a756f7"}'
    headers:
      Connection:
      - keep-alive
      Content-Type:
      - application/json
      Date:
      - Sun, 21 Sep 2025 04:15:35 GMT
      Server:
      - nginx/1.25.3
      Transfer-Encoding:
      - chunked
      content-length:
      - '77'
    status:
      code: 200
      message: OK
- request:
    body: ''
    headers:
      accept:
      - '*/*'
      accept-encoding:
      - gzip, deflate
      connection:
      - keep-alive
      host:
      - gizmok111.fhcrc.org:34399
      user-agent:
      - python-httpx/0.28.1
    method: GET
    uri: https://gizmok111.fhcrc.org:34399/api/workflows/v1/34ef9264-dd7f-48a8-aebb-290f17a756f7/metadata?includeKey=status&includeKey=failures&includeKey=jobId
  response:
    body:
      string: '{"status":"Submitted","calls":{},"id":"34ef9264-dd7f-48a8-aebb-290f17a756f7"}'
    headers:
      Connection:
      - keep-alive
      Content-Type:
      - application/json
      Date:
      - Sun, 21 Sep 2025 04:15:40 GMT
      Server:
      - nginx/1.25.3
      Transfer-Encoding:
      - chunked
      content-length:
      - '77'
    status:
      code: 200
      message: OK
- request:
    body: ''
    headers:
      accept:
      - '*/*'
      accept-encoding:
      - gzip, deflate
      connection:
      - keep-alive
      host:
      - gizmok111.fhcrc.org:34399
      user-agent:
      - python-httpx/0.28.1
    method: GET
    uri: https://gizmok111.fhcrc.org:34399/api/workflows/v1/34ef9264-dd7f-48a8-aebb-290f17a756f7/metadata?includeKey=status&includeKey=failures&includeKey=jobId
  response:
    body:
      string: '{"status":"Submitted","calls":{},"id":"34ef9264-dd7f-48a8-aebb-290f17a756f7"}'
    headers:
      Connection:
      - keep-alive
      Content-Type:
      - application/json
      Date:
      - Sun, 21 Sep 2025 04:15:45 GMT
      Server:
      - nginx/1.25.3
      Transfer-Encoding:
      - chunked
      content-length:
      - '77'
    status:
      code: 200
      message: OK
- request:
    body: ''
    headers:
      accept:
      - '*/*'
      accept-encoding:
      - gzip, deflate
      connection:
      - keep-alive
      host:
      - gizmok111.fhcrc.org:34399
      user-agent:
      - python-httpx/0.28.1
    method: GET
    uri: https://gizmok111.fhcrc.org:34399/api/workflows/v1/34ef9264-dd7f-48a8-aebb-290f17a756f7/metadata?includeKey=status&includeKey=failures&includeKey=jobId
  response:
    body:
      string: '{"status":"Submitted","calls":{},"id":"34ef9264-dd7f-48a8-aebb-290f17a756f7"}'
    headers:
      Connection:
      - keep-alive
      Content-Type:
      - application/json
      Date:
      - Sun, 21 Sep 2025 04:15:51 GMT
      Server:
      - nginx/1.25.3
      Transfer-Encoding:
      - chunked
      content-length:
      - '77'
    status:
      code: 200
      message: OK
- request:
    body: ''
    headers:
      accept:
      - '*/*'
      accept-encoding:
      - gzip, deflate
      connection:
      - keep-alive
      host:
      - gizmok111.fhcrc.org:34399
      user-agent:
      - python-httpx/0.28.1
    method: GET
    uri: https://gizmok111.fhcrc.org:34399/api/workflows/v1/34ef9264-dd7f-48a8-aebb-290f17a756f7/metadata?includeKey=status&includeKey=failures&includeKey=jobId
  response:
    body:
      string: '{"status":"Submitted","calls":{},"id":"34ef9264-dd7f-48a8-aebb-290f17a756f7"}'
    headers:
      Connection:
      - keep-alive
      Content-Type:
      - application/json
      Date:
      - Sun, 21 Sep 2025 04:15:56 GMT
      Server:
      - nginx/1.25.3
      Transfer-Encoding:
      - chunked
      content-length:
      - '77'
    status:
      code: 200
      message: OK
- request:
    body: ''
    headers:
      accept:
      - '*/*'
      accept-encoding:
      - gzip, deflate
      connection:
      - keep-alive
      host:
      - gizmok111.fhcrc.org:34399
      user-agent:
      - python-httpx/0.28.1
    method: GET
    uri: https://gizmok111.fhcrc.org:34399/api/workflows/v1/34ef9264-dd7f-48a8-aebb-290f17a756f7/metadata?includeKey=status&includeKey=failures&includeKey=jobId
  response:
    body:
      string: '{"status":"Submitted","calls":{},"id":"34ef9264-dd7f-48a8-aebb-290f17a756f7"}'
    headers:
      Connection:
      - keep-alive
      Content-Type:
      - application/json
      Date:
      - Sun, 21 Sep 2025 04:16:01 GMT
      Server:
      - nginx/1.25.3
      Transfer-Encoding:
      - chunked
      content-length:
      - '77'
    status:
      code: 200
      message: OK
- request:
    body: ''
    headers:
      accept:
      - '*/*'
      accept-encoding:
      - gzip, deflate
      connection:
      - keep-alive
      host:
      - gizmok111.fhcrc.org:34399
      user-agent:
      - python-httpx/0.28.1
    method: GET
    uri: https://gizmok111.fhcrc.org:34399/api/workflows/v1/34ef9264-dd7f-48a8-aebb-290f17a756f7/metadata?includeKey=status&includeKey=failures&includeKey=jobId
  response:
    body:
      string: '{"status":"Submitted","calls":{},"id":"34ef9264-dd7f-48a8-aebb-290f17a756f7"}'
    headers:
      Connection:
      - keep-alive
      Content-Type:
      - application/json
      Date:
      - Sun, 21 Sep 2025 04:16:06 GMT
      Server:
      - nginx/1.25.3
      Transfer-Encoding:
      - chunked
      content-length:
      - '77'
    status:
      code: 200
      message: OK
- request:
    body: ''
    headers:
      accept:
      - '*/*'
      accept-encoding:
      - gzip, deflate
      connection:
      - keep-alive
      host:
      - gizmok111.fhcrc.org:34399
      user-agent:
      - python-httpx/0.28.1
    method: GET
    uri: https://gizmok111.fhcrc.org:34399/api/workflows/v1/34ef9264-dd7f-48a8-aebb-290f17a756f7/metadata?includeKey=status&includeKey=failures&includeKey=jobId
  response:
    body:
      string: '{"status":"Submitted","calls":{},"id":"34ef9264-dd7f-48a8-aebb-290f17a756f7"}'
    headers:
      Connection:
      - keep-alive
      Content-Type:
      - application/json
      Date:
      - Sun, 21 Sep 2025 04:16:11 GMT
      Server:
      - nginx/1.25.3
      Transfer-Encoding:
      - chunked
      content-length:
      - '77'
    status:
      code: 200
      message: OK
- request:
    body: ''
    headers:
      accept:
      - '*/*'
      accept-encoding:
      - gzip, deflate
      connection:
      - keep-alive
      host:
      - gizmok111.fhcrc.org:34399
      user-agent:
      - python-httpx/0.28.1
    method: GET
    uri: https://gizmok111.fhcrc.org:34399/api/workflows/v1/34ef9264-dd7f-48a8-aebb-290f17a756f7/metadata?includeKey=status&includeKey=failures&includeKey=jobId
  response:
    body:
      string: '{"status":"Submitted","calls":{},"id":"34ef9264-dd7f-48a8-aebb-290f17a756f7"}'
    headers:
      Connection:
      - keep-alive
      Content-Type:
      - application/json
      Date:
      - Sun, 21 Sep 2025 04:16:16 GMT
      Server:
      - nginx/1.25.3
      Transfer-Encoding:
      - chunked
      content-length:
      - '77'
    status:
      code: 200
      message: OK
- request:
    body: ''
    headers:
      accept:
      - '*/*'
      accept-encoding:
      - gzip, deflate
      connection:
      - keep-alive
      host:
      - gizmok111.fhcrc.org:34399
      user-agent:
      - python-httpx/0.28.1
    method: GET
    uri: https://gizmok111.fhcrc.org:34399/api/workflows/v1/34ef9264-dd7f-48a8-aebb-290f17a756f7/metadata?includeKey=status&includeKey=failures&includeKey=jobId
  response:
    body:
      string: '{"status":"Submitted","calls":{},"id":"34ef9264-dd7f-48a8-aebb-290f17a756f7"}'
    headers:
      Connection:
      - keep-alive
      Content-Type:
      - application/json
      Date:
      - Sun, 21 Sep 2025 04:16:21 GMT
      Server:
      - nginx/1.25.3
      Transfer-Encoding:
      - chunked
      content-length:
      - '77'
    status:
      code: 200
      message: OK
- request:
    body: ''
    headers:
      accept:
      - '*/*'
      accept-encoding:
      - gzip, deflate
      connection:
      - keep-alive
      host:
      - gizmok111.fhcrc.org:34399
      user-agent:
      - python-httpx/0.28.1
    method: GET
    uri: https://gizmok111.fhcrc.org:34399/api/workflows/v1/34ef9264-dd7f-48a8-aebb-290f17a756f7/metadata?includeKey=status&includeKey=failures&includeKey=jobId
  response:
    body:
      string: '{"status":"Submitted","calls":{},"id":"34ef9264-dd7f-48a8-aebb-290f17a756f7"}'
    headers:
      Connection:
      - keep-alive
      Content-Type:
      - application/json
      Date:
      - Sun, 21 Sep 2025 04:16:26 GMT
      Server:
      - nginx/1.25.3
      Transfer-Encoding:
      - chunked
      content-length:
      - '77'
    status:
      code: 200
      message: OK
- request:
    body: ''
    headers:
      accept:
      - '*/*'
      accept-encoding:
      - gzip, deflate
      connection:
      - keep-alive
      host:
      - gizmok111.fhcrc.org:34399
      user-agent:
      - python-httpx/0.28.1
    method: GET
    uri: https://gizmok111.fhcrc.org:34399/api/workflows/v1/34ef9264-dd7f-48a8-aebb-290f17a756f7/metadata?includeKey=status&includeKey=failures&includeKey=jobId
  response:
    body:
      string: '{"status":"Submitted","calls":{},"id":"34ef9264-dd7f-48a8-aebb-290f17a756f7"}'
    headers:
      Connection:
      - keep-alive
      Content-Type:
      - application/json
      Date:
      - Sun, 21 Sep 2025 04:16:31 GMT
      Server:
      - nginx/1.25.3
      Transfer-Encoding:
      - chunked
      content-length:
      - '77'
    status:
      code: 200
      message: OK
- request:
    body: ''
    headers:
      accept:
      - '*/*'
      accept-encoding:
      - gzip, deflate
      connection:
      - keep-alive
      host:
      - gizmok111.fhcrc.org:34399
      user-agent:
      - python-httpx/0.28.1
    method: GET
    uri: https://gizmok111.fhcrc.org:34399/api/workflows/v1/34ef9264-dd7f-48a8-aebb-290f17a756f7/metadata?includeKey=status&includeKey=failures&includeKey=jobId
  response:
    body:
      string: '{"status":"Submitted","calls":{},"id":"34ef9264-dd7f-48a8-aebb-290f17a756f7"}'
    headers:
      Connection:
      - keep-alive
      Content-Type:
      - application/json
      Date:
      - Sun, 21 Sep 2025 04:16:36 GMT
      Server:
      - nginx/1.25.3
      Transfer-Encoding:
      - chunked
      content-length:
      - '77'
    status:
      code: 200
      message: OK
- request:
    body: ''
    headers:
      accept:
      - '*/*'
      accept-encoding:
      - gzip, deflate
      connection:
      - keep-alive
      host:
      - gizmok111.fhcrc.org:34399
      user-agent:
      - python-httpx/0.28.1
    method: GET
    uri: https://gizmok111.fhcrc.org:34399/api/workflows/v1/34ef9264-dd7f-48a8-aebb-290f17a756f7/metadata?includeKey=status&includeKey=failures&includeKey=jobId
  response:
    body:
      string: '{"status":"Submitted","calls":{},"id":"34ef9264-dd7f-48a8-aebb-290f17a756f7"}'
    headers:
      Connection:
      - keep-alive
      Content-Type:
      - application/json
      Date:
      - Sun, 21 Sep 2025 04:16:41 GMT
      Server:
      - nginx/1.25.3
      Transfer-Encoding:
      - chunked
      content-length:
      - '77'
    status:
      code: 200
      message: OK
- request:
    body: ''
    headers:
      accept:
      - '*/*'
      accept-encoding:
      - gzip, deflate
      connection:
      - keep-alive
      host:
      - gizmok111.fhcrc.org:34399
      user-agent:
      - python-httpx/0.28.1
    method: GET
    uri: https://gizmok111.fhcrc.org:34399/api/workflows/v1/34ef9264-dd7f-48a8-aebb-290f17a756f7/metadata?includeKey=status&includeKey=failures&includeKey=jobId
  response:
    body:
      string: '{"status":"Submitted","calls":{},"id":"34ef9264-dd7f-48a8-aebb-290f17a756f7"}'
    headers:
      Connection:
      - keep-alive
      Content-Type:
      - application/json
      Date:
      - Sun, 21 Sep 2025 04:16:46 GMT
      Server:
      - nginx/1.25.3
      Transfer-Encoding:
      - chunked
      content-length:
      - '77'
    status:
      code: 200
      message: OK
- request:
    body: ''
    headers:
      accept:
      - '*/*'
      accept-encoding:
      - gzip, deflate
      connection:
      - keep-alive
      host:
      - gizmok111.fhcrc.org:34399
      user-agent:
      - python-httpx/0.28.1
    method: GET
    uri: https://gizmok111.fhcrc.org:34399/api/workflows/v1/34ef9264-dd7f-48a8-aebb-290f17a756f7/metadata?includeKey=status&includeKey=failures&includeKey=jobId
  response:
    body:
      string: '{"status":"Submitted","calls":{},"id":"34ef9264-dd7f-48a8-aebb-290f17a756f7"}'
    headers:
      Connection:
      - keep-alive
      Content-Type:
      - application/json
      Date:
      - Sun, 21 Sep 2025 04:16:51 GMT
      Server:
      - nginx/1.25.3
      Transfer-Encoding:
      - chunked
      content-length:
      - '77'
    status:
      code: 200
      message: OK
- request:
    body: ''
    headers:
      accept:
      - '*/*'
      accept-encoding:
      - gzip, deflate
      connection:
      - keep-alive
      host:
      - gizmok111.fhcrc.org:34399
      user-agent:
      - python-httpx/0.28.1
    method: GET
    uri: https://gizmok111.fhcrc.org:34399/api/workflows/v1/34ef9264-dd7f-48a8-aebb-290f17a756f7/metadata?includeKey=status&includeKey=failures&includeKey=jobId
  response:
    body:
      string: '{"status":"Submitted","calls":{},"id":"34ef9264-dd7f-48a8-aebb-290f17a756f7"}'
    headers:
      Connection:
      - keep-alive
      Content-Type:
      - application/json
      Date:
      - Sun, 21 Sep 2025 04:16:56 GMT
      Server:
      - nginx/1.25.3
      Transfer-Encoding:
      - chunked
      content-length:
      - '77'
    status:
      code: 200
      message: OK
- request:
    body: ''
    headers:
      accept:
      - '*/*'
      accept-encoding:
      - gzip, deflate
      connection:
      - keep-alive
      host:
      - gizmok111.fhcrc.org:34399
      user-agent:
      - python-httpx/0.28.1
    method: GET
    uri: https://gizmok111.fhcrc.org:34399/api/workflows/v1/34ef9264-dd7f-48a8-aebb-290f17a756f7/metadata?includeKey=status&includeKey=failures&includeKey=jobId
  response:
    body:
      string: '{"status":"Submitted","calls":{},"id":"34ef9264-dd7f-48a8-aebb-290f17a756f7"}'
    headers:
      Connection:
      - keep-alive
      Content-Type:
      - application/json
      Date:
      - Sun, 21 Sep 2025 04:17:02 GMT
      Server:
      - nginx/1.25.3
      Transfer-Encoding:
      - chunked
      content-length:
      - '77'
    status:
      code: 200
      message: OK
- request:
    body: ''
    headers:
      accept:
      - '*/*'
      accept-encoding:
      - gzip, deflate
      connection:
      - keep-alive
      host:
      - gizmok111.fhcrc.org:34399
      user-agent:
      - python-httpx/0.28.1
    method: GET
    uri: https://gizmok111.fhcrc.org:34399/api/workflows/v1/34ef9264-dd7f-48a8-aebb-290f17a756f7/metadata?includeKey=status&includeKey=failures&includeKey=jobId
  response:
    body:
      string: '{"status":"Submitted","calls":{},"id":"34ef9264-dd7f-48a8-aebb-290f17a756f7"}'
    headers:
      Connection:
      - keep-alive
      Content-Type:
      - application/json
      Date:
      - Sun, 21 Sep 2025 04:17:07 GMT
      Server:
      - nginx/1.25.3
      Transfer-Encoding:
      - chunked
      content-length:
      - '77'
    status:
      code: 200
      message: OK
- request:
    body: ''
    headers:
      accept:
      - '*/*'
      accept-encoding:
      - gzip, deflate
      connection:
      - keep-alive
      host:
      - gizmok111.fhcrc.org:34399
      user-agent:
      - python-httpx/0.28.1
    method: GET
    uri: https://gizmok111.fhcrc.org:34399/api/workflows/v1/34ef9264-dd7f-48a8-aebb-290f17a756f7/metadata?includeKey=status&includeKey=failures&includeKey=jobId
  response:
    body:
      string: '{"status":"Submitted","calls":{},"id":"34ef9264-dd7f-48a8-aebb-290f17a756f7"}'
    headers:
      Connection:
      - keep-alive
      Content-Type:
      - application/json
      Date:
      - Sun, 21 Sep 2025 04:17:12 GMT
      Server:
      - nginx/1.25.3
      Transfer-Encoding:
      - chunked
      content-length:
      - '77'
    status:
      code: 200
      message: OK
- request:
    body: ''
    headers:
      accept:
      - '*/*'
      accept-encoding:
      - gzip, deflate
      connection:
      - keep-alive
      host:
      - gizmok111.fhcrc.org:34399
      user-agent:
      - python-httpx/0.28.1
    method: GET
    uri: https://gizmok111.fhcrc.org:34399/api/workflows/v1/34ef9264-dd7f-48a8-aebb-290f17a756f7/metadata?includeKey=status&includeKey=failures&includeKey=jobId
  response:
    body:
      string: '{"status":"Submitted","calls":{},"id":"34ef9264-dd7f-48a8-aebb-290f17a756f7"}'
    headers:
      Connection:
      - keep-alive
      Content-Type:
      - application/json
      Date:
      - Sun, 21 Sep 2025 04:17:17 GMT
      Server:
      - nginx/1.25.3
      Transfer-Encoding:
      - chunked
      content-length:
      - '77'
    status:
      code: 200
      message: OK
- request:
    body: ''
    headers:
      accept:
      - '*/*'
      accept-encoding:
      - gzip, deflate
      connection:
      - keep-alive
      host:
      - gizmok111.fhcrc.org:34399
      user-agent:
      - python-httpx/0.28.1
    method: GET
    uri: https://gizmok111.fhcrc.org:34399/api/workflows/v1/34ef9264-dd7f-48a8-aebb-290f17a756f7/metadata?includeKey=status&includeKey=failures&includeKey=jobId
  response:
    body:
      string: '{"status":"Submitted","calls":{},"id":"34ef9264-dd7f-48a8-aebb-290f17a756f7"}'
    headers:
      Connection:
      - keep-alive
      Content-Type:
      - application/json
      Date:
      - Sun, 21 Sep 2025 04:17:22 GMT
      Server:
      - nginx/1.25.3
      Transfer-Encoding:
      - chunked
      content-length:
      - '77'
    status:
      code: 200
      message: OK
- request:
    body: ''
    headers:
      accept:
      - '*/*'
      accept-encoding:
      - gzip, deflate
      connection:
      - keep-alive
      host:
      - gizmok111.fhcrc.org:34399
      user-agent:
      - python-httpx/0.28.1
    method: GET
    uri: https://gizmok111.fhcrc.org:34399/api/workflows/v1/34ef9264-dd7f-48a8-aebb-290f17a756f7/metadata?includeKey=status&includeKey=failures&includeKey=jobId
  response:
    body:
      string: '{"status":"Submitted","calls":{},"id":"34ef9264-dd7f-48a8-aebb-290f17a756f7"}'
    headers:
      Connection:
      - keep-alive
      Content-Type:
      - application/json
      Date:
      - Sun, 21 Sep 2025 04:17:27 GMT
      Server:
      - nginx/1.25.3
      Transfer-Encoding:
      - chunked
      content-length:
      - '77'
    status:
      code: 200
      message: OK
- request:
    body: ''
    headers:
      accept:
      - '*/*'
      accept-encoding:
      - gzip, deflate
      connection:
      - keep-alive
      host:
      - gizmok111.fhcrc.org:34399
      user-agent:
      - python-httpx/0.28.1
    method: GET
    uri: https://gizmok111.fhcrc.org:34399/api/workflows/v1/34ef9264-dd7f-48a8-aebb-290f17a756f7/metadata?includeKey=status&includeKey=failures&includeKey=jobId
  response:
    body:
      string: '{"status":"Submitted","calls":{},"id":"34ef9264-dd7f-48a8-aebb-290f17a756f7"}'
    headers:
      Connection:
      - keep-alive
      Content-Type:
      - application/json
      Date:
      - Sun, 21 Sep 2025 04:17:32 GMT
      Server:
      - nginx/1.25.3
      Transfer-Encoding:
      - chunked
      content-length:
      - '77'
    status:
      code: 200
      message: OK
- request:
    body: ''
    headers:
      accept:
      - '*/*'
      accept-encoding:
      - gzip, deflate
      connection:
      - keep-alive
      host:
      - gizmok111.fhcrc.org:34399
      user-agent:
      - python-httpx/0.28.1
    method: GET
    uri: https://gizmok111.fhcrc.org:34399/api/workflows/v1/34ef9264-dd7f-48a8-aebb-290f17a756f7/metadata?includeKey=status&includeKey=failures&includeKey=jobId
  response:
    body:
      string: '{"status":"Submitted","calls":{},"id":"34ef9264-dd7f-48a8-aebb-290f17a756f7"}'
    headers:
      Connection:
      - keep-alive
      Content-Type:
      - application/json
      Date:
      - Sun, 21 Sep 2025 04:17:37 GMT
      Server:
      - nginx/1.25.3
      Transfer-Encoding:
      - chunked
      content-length:
      - '77'
    status:
      code: 200
      message: OK
- request:
    body: ''
    headers:
      accept:
      - '*/*'
      accept-encoding:
      - gzip, deflate
      connection:
      - keep-alive
      host:
      - gizmok111.fhcrc.org:34399
      user-agent:
      - python-httpx/0.28.1
    method: GET
    uri: https://gizmok111.fhcrc.org:34399/api/workflows/v1/34ef9264-dd7f-48a8-aebb-290f17a756f7/metadata?includeKey=status&includeKey=failures&includeKey=jobId
  response:
    body:
      string: '{"status":"Submitted","calls":{},"id":"34ef9264-dd7f-48a8-aebb-290f17a756f7"}'
    headers:
      Connection:
      - keep-alive
      Content-Type:
      - application/json
      Date:
      - Sun, 21 Sep 2025 04:17:42 GMT
      Server:
      - nginx/1.25.3
      Transfer-Encoding:
      - chunked
      content-length:
      - '77'
    status:
      code: 200
      message: OK
- request:
    body: ''
    headers:
      accept:
      - '*/*'
      accept-encoding:
      - gzip, deflate
      connection:
      - keep-alive
      host:
      - gizmok111.fhcrc.org:34399
      user-agent:
      - python-httpx/0.28.1
    method: GET
    uri: https://gizmok111.fhcrc.org:34399/api/workflows/v1/34ef9264-dd7f-48a8-aebb-290f17a756f7/metadata?includeKey=status&includeKey=failures&includeKey=jobId
  response:
    body:
      string: '{"status":"Submitted","calls":{},"id":"34ef9264-dd7f-48a8-aebb-290f17a756f7"}'
    headers:
      Connection:
      - keep-alive
      Content-Type:
      - application/json
      Date:
      - Sun, 21 Sep 2025 04:17:47 GMT
      Server:
      - nginx/1.25.3
      Transfer-Encoding:
      - chunked
      content-length:
      - '77'
    status:
      code: 200
      message: OK
- request:
    body: ''
    headers:
      accept:
      - '*/*'
      accept-encoding:
      - gzip, deflate
      connection:
      - keep-alive
      host:
      - gizmok111.fhcrc.org:34399
      user-agent:
      - python-httpx/0.28.1
    method: GET
    uri: https://gizmok111.fhcrc.org:34399/api/workflows/v1/34ef9264-dd7f-48a8-aebb-290f17a756f7/metadata?includeKey=status&includeKey=failures&includeKey=jobId
  response:
    body:
      string: '{"status":"Submitted","calls":{},"id":"34ef9264-dd7f-48a8-aebb-290f17a756f7"}'
    headers:
      Connection:
      - keep-alive
      Content-Type:
      - application/json
      Date:
      - Sun, 21 Sep 2025 04:17:52 GMT
      Server:
      - nginx/1.25.3
      Transfer-Encoding:
      - chunked
      content-length:
      - '77'
    status:
      code: 200
      message: OK
- request:
    body: ''
    headers:
      accept:
      - '*/*'
      accept-encoding:
      - gzip, deflate
      connection:
      - keep-alive
      host:
      - gizmok111.fhcrc.org:34399
      user-agent:
      - python-httpx/0.28.1
    method: GET
    uri: https://gizmok111.fhcrc.org:34399/api/workflows/v1/34ef9264-dd7f-48a8-aebb-290f17a756f7/metadata?includeKey=status&includeKey=failures&includeKey=jobId
  response:
    body:
      string: '{"status":"Submitted","calls":{},"id":"34ef9264-dd7f-48a8-aebb-290f17a756f7"}'
    headers:
      Connection:
      - keep-alive
      Content-Type:
      - application/json
      Date:
      - Sun, 21 Sep 2025 04:17:57 GMT
      Server:
      - nginx/1.25.3
      Transfer-Encoding:
      - chunked
      content-length:
      - '77'
    status:
      code: 200
      message: OK
- request:
    body: ''
    headers:
      accept:
      - '*/*'
      accept-encoding:
      - gzip, deflate
      connection:
      - keep-alive
      host:
      - gizmok111.fhcrc.org:34399
      user-agent:
      - python-httpx/0.28.1
    method: GET
    uri: https://gizmok111.fhcrc.org:34399/api/workflows/v1/34ef9264-dd7f-48a8-aebb-290f17a756f7/metadata?includeKey=status&includeKey=failures&includeKey=jobId
  response:
    body:
      string: '{"status":"Submitted","calls":{},"id":"34ef9264-dd7f-48a8-aebb-290f17a756f7"}'
    headers:
      Connection:
      - keep-alive
      Content-Type:
      - application/json
      Date:
      - Sun, 21 Sep 2025 04:18:02 GMT
      Server:
      - nginx/1.25.3
      Transfer-Encoding:
      - chunked
      content-length:
      - '77'
    status:
      code: 200
      message: OK
- request:
    body: ''
    headers:
      accept:
      - '*/*'
      accept-encoding:
      - gzip, deflate
      connection:
      - keep-alive
      host:
      - gizmok111.fhcrc.org:34399
      user-agent:
      - python-httpx/0.28.1
    method: GET
    uri: https://gizmok111.fhcrc.org:34399/api/workflows/v1/34ef9264-dd7f-48a8-aebb-290f17a756f7/metadata?includeKey=status&includeKey=failures&includeKey=jobId
  response:
    body:
      string: '{"status":"Submitted","calls":{},"id":"34ef9264-dd7f-48a8-aebb-290f17a756f7"}'
    headers:
      Connection:
      - keep-alive
      Content-Type:
      - application/json
      Date:
      - Sun, 21 Sep 2025 04:18:08 GMT
      Server:
      - nginx/1.25.3
      Transfer-Encoding:
      - chunked
      content-length:
      - '77'
    status:
      code: 200
      message: OK
- request:
    body: ''
    headers:
      accept:
      - '*/*'
      accept-encoding:
      - gzip, deflate
      connection:
      - keep-alive
      host:
      - gizmok111.fhcrc.org:34399
      user-agent:
      - python-httpx/0.28.1
    method: GET
    uri: https://gizmok111.fhcrc.org:34399/api/workflows/v1/34ef9264-dd7f-48a8-aebb-290f17a756f7/metadata?includeKey=status&includeKey=failures&includeKey=jobId
  response:
    body:
      string: '{"status":"Submitted","calls":{},"id":"34ef9264-dd7f-48a8-aebb-290f17a756f7"}'
    headers:
      Connection:
      - keep-alive
      Content-Type:
      - application/json
      Date:
      - Sun, 21 Sep 2025 04:18:13 GMT
      Server:
      - nginx/1.25.3
      Transfer-Encoding:
      - chunked
      content-length:
      - '77'
    status:
      code: 200
      message: OK
- request:
    body: ''
    headers:
      accept:
      - '*/*'
      accept-encoding:
      - gzip, deflate
      connection:
      - keep-alive
      host:
      - gizmok111.fhcrc.org:34399
      user-agent:
      - python-httpx/0.28.1
    method: GET
    uri: https://gizmok111.fhcrc.org:34399/api/workflows/v1/34ef9264-dd7f-48a8-aebb-290f17a756f7/metadata?includeKey=status&includeKey=failures&includeKey=jobId
  response:
    body:
      string: '{"status":"Submitted","calls":{},"id":"34ef9264-dd7f-48a8-aebb-290f17a756f7"}'
    headers:
      Connection:
      - keep-alive
      Content-Type:
      - application/json
      Date:
      - Sun, 21 Sep 2025 04:18:18 GMT
      Server:
      - nginx/1.25.3
      Transfer-Encoding:
      - chunked
      content-length:
      - '77'
    status:
      code: 200
      message: OK
- request:
    body: ''
    headers:
      accept:
      - '*/*'
      accept-encoding:
      - gzip, deflate
      connection:
      - keep-alive
      host:
      - gizmok111.fhcrc.org:34399
      user-agent:
      - python-httpx/0.28.1
    method: GET
    uri: https://gizmok111.fhcrc.org:34399/api/workflows/v1/34ef9264-dd7f-48a8-aebb-290f17a756f7/metadata?includeKey=status&includeKey=failures&includeKey=jobId
  response:
    body:
      string: '{"status":"Submitted","calls":{},"id":"34ef9264-dd7f-48a8-aebb-290f17a756f7"}'
    headers:
      Connection:
      - keep-alive
      Content-Type:
      - application/json
      Date:
      - Sun, 21 Sep 2025 04:18:23 GMT
      Server:
      - nginx/1.25.3
      Transfer-Encoding:
      - chunked
      content-length:
      - '77'
    status:
      code: 200
      message: OK
- request:
    body: ''
    headers:
      accept:
      - '*/*'
      accept-encoding:
      - gzip, deflate
      connection:
      - keep-alive
      host:
      - gizmok111.fhcrc.org:34399
      user-agent:
      - python-httpx/0.28.1
    method: GET
    uri: https://gizmok111.fhcrc.org:34399/api/workflows/v1/34ef9264-dd7f-48a8-aebb-290f17a756f7/metadata?includeKey=status&includeKey=failures&includeKey=jobId
  response:
    body:
      string: '{"status":"Submitted","calls":{},"id":"34ef9264-dd7f-48a8-aebb-290f17a756f7"}'
    headers:
      Connection:
      - keep-alive
      Content-Type:
      - application/json
      Date:
      - Sun, 21 Sep 2025 04:18:28 GMT
      Server:
      - nginx/1.25.3
      Transfer-Encoding:
      - chunked
      content-length:
      - '77'
    status:
      code: 200
      message: OK
- request:
    body: ''
    headers:
      accept:
      - '*/*'
      accept-encoding:
      - gzip, deflate
      connection:
      - keep-alive
      host:
      - gizmok111.fhcrc.org:34399
      user-agent:
      - python-httpx/0.28.1
    method: GET
    uri: https://gizmok111.fhcrc.org:34399/api/workflows/v1/34ef9264-dd7f-48a8-aebb-290f17a756f7/metadata?includeKey=status&includeKey=failures&includeKey=jobId
  response:
    body:
      string: '{"status":"Submitted","calls":{},"id":"34ef9264-dd7f-48a8-aebb-290f17a756f7"}'
    headers:
      Connection:
      - keep-alive
      Content-Type:
      - application/json
      Date:
      - Sun, 21 Sep 2025 04:18:33 GMT
      Server:
      - nginx/1.25.3
      Transfer-Encoding:
      - chunked
      content-length:
      - '77'
    status:
      code: 200
      message: OK
- request:
    body: ''
    headers:
      accept:
      - '*/*'
      accept-encoding:
      - gzip, deflate
      connection:
      - keep-alive
      host:
      - gizmok111.fhcrc.org:34399
      user-agent:
      - python-httpx/0.28.1
    method: GET
    uri: https://gizmok111.fhcrc.org:34399/api/workflows/v1/34ef9264-dd7f-48a8-aebb-290f17a756f7/metadata?includeKey=status&includeKey=failures&includeKey=jobId
  response:
    body:
      string: '{"status":"Submitted","calls":{},"id":"34ef9264-dd7f-48a8-aebb-290f17a756f7"}'
    headers:
      Connection:
      - keep-alive
      Content-Type:
      - application/json
      Date:
      - Sun, 21 Sep 2025 04:18:38 GMT
      Server:
      - nginx/1.25.3
      Transfer-Encoding:
      - chunked
      content-length:
      - '77'
    status:
      code: 200
      message: OK
- request:
    body: ''
    headers:
      accept:
      - '*/*'
      accept-encoding:
      - gzip, deflate
      connection:
      - keep-alive
      host:
      - gizmok111.fhcrc.org:34399
      user-agent:
      - python-httpx/0.28.1
    method: GET
    uri: https://gizmok111.fhcrc.org:34399/api/workflows/v1/34ef9264-dd7f-48a8-aebb-290f17a756f7/metadata?includeKey=status&includeKey=failures&includeKey=jobId
  response:
    body:
      string: '{"status":"Submitted","calls":{},"id":"34ef9264-dd7f-48a8-aebb-290f17a756f7"}'
    headers:
      Connection:
      - keep-alive
      Content-Type:
      - application/json
      Date:
      - Sun, 21 Sep 2025 04:18:43 GMT
      Server:
      - nginx/1.25.3
      Transfer-Encoding:
      - chunked
      content-length:
      - '77'
    status:
      code: 200
      message: OK
- request:
    body: ''
    headers:
      accept:
      - '*/*'
      accept-encoding:
      - gzip, deflate
      connection:
      - keep-alive
      host:
      - gizmok111.fhcrc.org:34399
      user-agent:
      - python-httpx/0.28.1
    method: GET
    uri: https://gizmok111.fhcrc.org:34399/api/workflows/v1/34ef9264-dd7f-48a8-aebb-290f17a756f7/metadata?includeKey=status&includeKey=failures&includeKey=jobId
  response:
    body:
      string: '{"status":"Submitted","calls":{},"id":"34ef9264-dd7f-48a8-aebb-290f17a756f7"}'
    headers:
      Connection:
      - keep-alive
      Content-Type:
      - application/json
      Date:
      - Sun, 21 Sep 2025 04:18:48 GMT
      Server:
      - nginx/1.25.3
      Transfer-Encoding:
      - chunked
      content-length:
      - '77'
    status:
      code: 200
      message: OK
- request:
    body: ''
    headers:
      accept:
      - '*/*'
      accept-encoding:
      - gzip, deflate
      connection:
      - keep-alive
      host:
      - gizmok111.fhcrc.org:34399
      user-agent:
      - python-httpx/0.28.1
    method: GET
    uri: https://gizmok111.fhcrc.org:34399/api/workflows/v1/34ef9264-dd7f-48a8-aebb-290f17a756f7/metadata?includeKey=status&includeKey=failures&includeKey=jobId
  response:
    body:
      string: '{"status":"Submitted","calls":{},"id":"34ef9264-dd7f-48a8-aebb-290f17a756f7"}'
    headers:
      Connection:
      - keep-alive
      Content-Type:
      - application/json
      Date:
      - Sun, 21 Sep 2025 04:18:53 GMT
      Server:
      - nginx/1.25.3
      Transfer-Encoding:
      - chunked
      content-length:
      - '77'
    status:
      code: 200
      message: OK
- request:
    body: ''
    headers:
      accept:
      - '*/*'
      accept-encoding:
      - gzip, deflate
      connection:
      - keep-alive
      host:
      - gizmok111.fhcrc.org:34399
      user-agent:
      - python-httpx/0.28.1
    method: GET
    uri: https://gizmok111.fhcrc.org:34399/api/workflows/v1/34ef9264-dd7f-48a8-aebb-290f17a756f7/metadata?includeKey=status&includeKey=failures&includeKey=jobId
  response:
    body:
      string: '{"status":"Submitted","calls":{},"id":"34ef9264-dd7f-48a8-aebb-290f17a756f7"}'
    headers:
      Connection:
      - keep-alive
      Content-Type:
      - application/json
      Date:
      - Sun, 21 Sep 2025 04:18:58 GMT
      Server:
      - nginx/1.25.3
      Transfer-Encoding:
      - chunked
      content-length:
      - '77'
    status:
      code: 200
      message: OK
- request:
    body: ''
    headers:
      accept:
      - '*/*'
      accept-encoding:
      - gzip, deflate
      connection:
      - keep-alive
      host:
      - gizmok111.fhcrc.org:34399
      user-agent:
      - python-httpx/0.28.1
    method: GET
    uri: https://gizmok111.fhcrc.org:34399/api/workflows/v1/34ef9264-dd7f-48a8-aebb-290f17a756f7/metadata?includeKey=status&includeKey=failures&includeKey=jobId
  response:
    body:
      string: '{"status":"Submitted","calls":{},"id":"34ef9264-dd7f-48a8-aebb-290f17a756f7"}'
    headers:
      Connection:
      - keep-alive
      Content-Type:
      - application/json
      Date:
      - Sun, 21 Sep 2025 04:19:03 GMT
      Server:
      - nginx/1.25.3
      Transfer-Encoding:
      - chunked
      content-length:
      - '77'
    status:
      code: 200
      message: OK
- request:
    body: ''
    headers:
      accept:
      - '*/*'
      accept-encoding:
      - gzip, deflate
      connection:
      - keep-alive
      host:
      - gizmok111.fhcrc.org:34399
      user-agent:
      - python-httpx/0.28.1
    method: GET
    uri: https://gizmok111.fhcrc.org:34399/api/workflows/v1/34ef9264-dd7f-48a8-aebb-290f17a756f7/metadata?includeKey=status&includeKey=failures&includeKey=jobId
  response:
    body:
      string: '{"status":"Submitted","calls":{},"id":"34ef9264-dd7f-48a8-aebb-290f17a756f7"}'
    headers:
      Connection:
      - keep-alive
      Content-Type:
      - application/json
      Date:
      - Sun, 21 Sep 2025 04:19:08 GMT
      Server:
      - nginx/1.25.3
      Transfer-Encoding:
      - chunked
      content-length:
      - '77'
    status:
      code: 200
      message: OK
- request:
    body: ''
    headers:
      accept:
      - '*/*'
      accept-encoding:
      - gzip, deflate
      connection:
      - keep-alive
      host:
      - gizmok111.fhcrc.org:34399
      user-agent:
      - python-httpx/0.28.1
    method: GET
    uri: https://gizmok111.fhcrc.org:34399/api/workflows/v1/34ef9264-dd7f-48a8-aebb-290f17a756f7/metadata?includeKey=status&includeKey=failures&includeKey=jobId
  response:
    body:
      string: '{"status":"Submitted","calls":{},"id":"34ef9264-dd7f-48a8-aebb-290f17a756f7"}'
    headers:
      Connection:
      - keep-alive
      Content-Type:
      - application/json
      Date:
      - Sun, 21 Sep 2025 04:19:13 GMT
      Server:
      - nginx/1.25.3
      Transfer-Encoding:
      - chunked
      content-length:
      - '77'
    status:
      code: 200
      message: OK
- request:
    body: ''
    headers:
      accept:
      - '*/*'
      accept-encoding:
      - gzip, deflate
      connection:
      - keep-alive
      host:
      - gizmok111.fhcrc.org:34399
      user-agent:
      - python-httpx/0.28.1
    method: GET
    uri: https://gizmok111.fhcrc.org:34399/api/workflows/v1/34ef9264-dd7f-48a8-aebb-290f17a756f7/metadata?includeKey=status&includeKey=failures&includeKey=jobId
  response:
    body:
      string: '{"status":"Submitted","calls":{},"id":"34ef9264-dd7f-48a8-aebb-290f17a756f7"}'
    headers:
      Connection:
      - keep-alive
      Content-Type:
      - application/json
      Date:
      - Sun, 21 Sep 2025 04:19:19 GMT
      Server:
      - nginx/1.25.3
      Transfer-Encoding:
      - chunked
      content-length:
      - '77'
    status:
      code: 200
      message: OK
- request:
    body: ''
    headers:
      accept:
      - '*/*'
      accept-encoding:
      - gzip, deflate
      connection:
      - keep-alive
      host:
      - gizmok111.fhcrc.org:34399
      user-agent:
      - python-httpx/0.28.1
    method: GET
    uri: https://gizmok111.fhcrc.org:34399/api/workflows/v1/34ef9264-dd7f-48a8-aebb-290f17a756f7/metadata?includeKey=status&includeKey=failures&includeKey=jobId
  response:
    body:
      string: '{"status":"Submitted","calls":{},"id":"34ef9264-dd7f-48a8-aebb-290f17a756f7"}'
    headers:
      Connection:
      - keep-alive
      Content-Type:
      - application/json
      Date:
      - Sun, 21 Sep 2025 04:19:24 GMT
      Server:
      - nginx/1.25.3
      Transfer-Encoding:
      - chunked
      content-length:
      - '77'
    status:
      code: 200
      message: OK
- request:
    body: ''
    headers:
      accept:
      - '*/*'
      accept-encoding:
      - gzip, deflate
      connection:
      - keep-alive
      host:
      - gizmok111.fhcrc.org:34399
      user-agent:
      - python-httpx/0.28.1
    method: GET
    uri: https://gizmok111.fhcrc.org:34399/api/workflows/v1/34ef9264-dd7f-48a8-aebb-290f17a756f7/metadata?includeKey=status&includeKey=failures&includeKey=jobId
  response:
    body:
      string: '{"status":"Submitted","calls":{},"id":"34ef9264-dd7f-48a8-aebb-290f17a756f7"}'
    headers:
      Connection:
      - keep-alive
      Content-Type:
      - application/json
      Date:
      - Sun, 21 Sep 2025 04:19:29 GMT
      Server:
      - nginx/1.25.3
      Transfer-Encoding:
      - chunked
      content-length:
      - '77'
    status:
      code: 200
      message: OK
- request:
    body: ''
    headers:
      accept:
      - '*/*'
      accept-encoding:
      - gzip, deflate
      connection:
      - keep-alive
      host:
      - gizmok111.fhcrc.org:34399
      user-agent:
      - python-httpx/0.28.1
    method: GET
    uri: https://gizmok111.fhcrc.org:34399/api/workflows/v1/34ef9264-dd7f-48a8-aebb-290f17a756f7/metadata?includeKey=status&includeKey=failures&includeKey=jobId
  response:
    body:
      string: '{"status":"Running","calls":{},"id":"34ef9264-dd7f-48a8-aebb-290f17a756f7"}'
    headers:
      Connection:
      - keep-alive
      Content-Type:
      - application/json
      Date:
      - Sun, 21 Sep 2025 04:19:34 GMT
      Server:
      - nginx/1.25.3
      Transfer-Encoding:
      - chunked
      content-length:
      - '75'
    status:
      code: 200
      message: OK
- request:
    body: ''
    headers:
      accept:
      - '*/*'
      accept-encoding:
      - gzip, deflate
      connection:
      - keep-alive
      host:
      - gizmok111.fhcrc.org:34399
      user-agent:
      - python-httpx/0.28.1
    method: GET
    uri: https://gizmok111.fhcrc.org:34399/api/workflows/v1/34ef9264-dd7f-48a8-aebb-290f17a756f7/metadata?includeKey=status&includeKey=failures&includeKey=jobId
  response:
    body:
      string: '{"status":"Running","calls":{},"id":"34ef9264-dd7f-48a8-aebb-290f17a756f7"}'
    headers:
      Connection:
      - keep-alive
      Content-Type:
      - application/json
      Date:
      - Sun, 21 Sep 2025 04:19:39 GMT
      Server:
      - nginx/1.25.3
      Transfer-Encoding:
      - chunked
      content-length:
      - '75'
    status:
      code: 200
      message: OK
- request:
    body: ''
    headers:
      accept:
      - '*/*'
      accept-encoding:
      - gzip, deflate
      connection:
      - keep-alive
      host:
      - gizmok111.fhcrc.org:34399
      user-agent:
      - python-httpx/0.28.1
    method: GET
    uri: https://gizmok111.fhcrc.org:34399/api/workflows/v1/34ef9264-dd7f-48a8-aebb-290f17a756f7/metadata?includeKey=status&includeKey=failures&includeKey=jobId
  response:
    body:
      string: '{"status":"Running","calls":{"globNonmatching.create_files":[{"jobId":"35143822","attempt":1,"shardIndex":-1}]},"id":"34ef9264-dd7f-48a8-aebb-290f17a756f7"}'
    headers:
      Connection:
      - keep-alive
      Content-Type:
      - application/json
      Date:
      - Sun, 21 Sep 2025 04:19:44 GMT
      Server:
      - nginx/1.25.3
      Transfer-Encoding:
      - chunked
      content-length:
      - '156'
    status:
      code: 200
      message: OK
- request:
    body: ''
    headers:
      accept:
      - '*/*'
      accept-encoding:
      - gzip, deflate
      connection:
      - keep-alive
      host:
      - gizmok111.fhcrc.org:34399
      user-agent:
      - python-httpx/0.28.1
    method: GET
    uri: https://gizmok111.fhcrc.org:34399/api/workflows/v1/34ef9264-dd7f-48a8-aebb-290f17a756f7/metadata?includeKey=status&includeKey=failures&includeKey=jobId
  response:
    body:
      string: '{"status":"Running","calls":{"globNonmatching.create_files":[{"jobId":"35143822","attempt":1,"shardIndex":-1}]},"id":"34ef9264-dd7f-48a8-aebb-290f17a756f7"}'
    headers:
      Connection:
      - keep-alive
      Content-Type:
      - application/json
      Date:
      - Sun, 21 Sep 2025 04:19:49 GMT
      Server:
      - nginx/1.25.3
      Transfer-Encoding:
      - chunked
      content-length:
      - '156'
    status:
      code: 200
      message: OK
- request:
    body: ''
    headers:
      accept:
      - '*/*'
      accept-encoding:
      - gzip, deflate
      connection:
      - keep-alive
      host:
      - gizmok111.fhcrc.org:34399
      user-agent:
      - python-httpx/0.28.1
    method: GET
    uri: https://gizmok111.fhcrc.org:34399/api/workflows/v1/34ef9264-dd7f-48a8-aebb-290f17a756f7/metadata?includeKey=status&includeKey=failures&includeKey=jobId
  response:
    body:
      string: '{"status":"Running","calls":{"globNonmatching.create_files":[{"jobId":"35143822","attempt":1,"shardIndex":-1}]},"id":"34ef9264-dd7f-48a8-aebb-290f17a756f7"}'
    headers:
      Connection:
      - keep-alive
      Content-Type:
      - application/json
      Date:
      - Sun, 21 Sep 2025 04:19:54 GMT
      Server:
      - nginx/1.25.3
      Transfer-Encoding:
      - chunked
      content-length:
      - '156'
    status:
      code: 200
      message: OK
- request:
    body: ''
    headers:
      accept:
      - '*/*'
      accept-encoding:
      - gzip, deflate
      connection:
      - keep-alive
      host:
      - gizmok111.fhcrc.org:34399
      user-agent:
      - python-httpx/0.28.1
    method: GET
    uri: https://gizmok111.fhcrc.org:34399/api/workflows/v1/34ef9264-dd7f-48a8-aebb-290f17a756f7/metadata?includeKey=status&includeKey=failures&includeKey=jobId
  response:
    body:
      string: '{"status":"Running","calls":{"globNonmatching.create_files":[{"jobId":"35143822","attempt":1,"shardIndex":-1}]},"id":"34ef9264-dd7f-48a8-aebb-290f17a756f7"}'
    headers:
      Connection:
      - keep-alive
      Content-Type:
      - application/json
      Date:
      - Sun, 21 Sep 2025 04:19:59 GMT
      Server:
      - nginx/1.25.3
      Transfer-Encoding:
      - chunked
      content-length:
      - '156'
    status:
      code: 200
      message: OK
- request:
    body: ''
    headers:
      accept:
      - '*/*'
      accept-encoding:
      - gzip, deflate
      connection:
      - keep-alive
      host:
      - gizmok111.fhcrc.org:34399
      user-agent:
      - python-httpx/0.28.1
    method: GET
    uri: https://gizmok111.fhcrc.org:34399/api/workflows/v1/34ef9264-dd7f-48a8-aebb-290f17a756f7/metadata?includeKey=status&includeKey=failures&includeKey=jobId
  response:
    body:
      string: '{"status":"Running","calls":{"globNonmatching.create_files":[{"jobId":"35143822","attempt":1,"shardIndex":-1}]},"id":"34ef9264-dd7f-48a8-aebb-290f17a756f7"}'
    headers:
      Connection:
      - keep-alive
      Content-Type:
      - application/json
      Date:
      - Sun, 21 Sep 2025 04:20:04 GMT
      Server:
      - nginx/1.25.3
      Transfer-Encoding:
      - chunked
      content-length:
      - '156'
    status:
      code: 200
      message: OK
- request:
    body: ''
    headers:
      accept:
      - '*/*'
      accept-encoding:
      - gzip, deflate
      connection:
      - keep-alive
      host:
      - gizmok111.fhcrc.org:34399
      user-agent:
      - python-httpx/0.28.1
    method: GET
    uri: https://gizmok111.fhcrc.org:34399/api/workflows/v1/34ef9264-dd7f-48a8-aebb-290f17a756f7/metadata?includeKey=status&includeKey=failures&includeKey=jobId
  response:
    body:
      string: '{"status":"Running","calls":{"globNonmatching.create_files":[{"jobId":"35143822","attempt":1,"shardIndex":-1}]},"id":"34ef9264-dd7f-48a8-aebb-290f17a756f7"}'
    headers:
      Connection:
      - keep-alive
      Content-Type:
      - application/json
      Date:
      - Sun, 21 Sep 2025 04:20:09 GMT
      Server:
      - nginx/1.25.3
      Transfer-Encoding:
      - chunked
      content-length:
      - '156'
    status:
      code: 200
      message: OK
- request:
    body: ''
    headers:
      accept:
      - '*/*'
      accept-encoding:
      - gzip, deflate
      connection:
      - keep-alive
      host:
      - gizmok111.fhcrc.org:34399
      user-agent:
      - python-httpx/0.28.1
    method: GET
    uri: https://gizmok111.fhcrc.org:34399/api/workflows/v1/34ef9264-dd7f-48a8-aebb-290f17a756f7/metadata?includeKey=status&includeKey=failures&includeKey=jobId
  response:
    body:
      string: '{"status":"Succeeded","calls":{"globNonmatching.create_files":[{"jobId":"35143822","attempt":1,"shardIndex":-1}]},"id":"34ef9264-dd7f-48a8-aebb-290f17a756f7"}'
    headers:
      Connection:
      - keep-alive
      Content-Type:
      - application/json
      Date:
      - Sun, 21 Sep 2025 04:20:15 GMT
      Server:
      - nginx/1.25.3
      Transfer-Encoding:
      - chunked
      content-length:
      - '158'
    status:
      code: 200
      message: OK
version: 1
