interactions:
- request:
    body: "--4db6f6b3e50f13be9c11b4a7a659b515\r\nContent-Disposition: form-data; name=\"workflowSource\";
      filename=\"missingValue.wdl\"\r\nContent-Type: application/octet-stream\r\n\r\nversion
      1.0\n## This is a test workflow that fails against womtool.\n## From https://github.com/broadinstitute/cromwell\n\n####
      WORKFLOW DEFINITION\n\nworkflow oops {\n  call oopsie\n}\n\n#### TASK DEFINITIONS\n\ntask
      oopsie {\n  input {\n    String str\n  }\n  command { echo ${str} }\n  runtime
      { docker: docker_image }\n}\n\r\n--4db6f6b3e50f13be9c11b4a7a659b515\r\nContent-Disposition:
      form-data; name=\"workflowOptions\"; filename=\"options.json\"\r\nContent-Type:
      application/json\r\n\r\n{\n    \"workflow_failure_mode\": \"ContinueWhilePossible\",\n
      \   \"write_to_cache\": false,\n    \"read_from_cache\": false\n}\n\r\n--4db6f6b3e50f13be9c11b4a7a659b515--\r\n"
    headers:
      accept:
      - '*/*'
      accept-encoding:
      - gzip, deflate
      connection:
      - keep-alive
      content-length:
      - '778'
      content-type:
      - multipart/form-data; boundary=4db6f6b3e50f13be9c11b4a7a659b515
      host:
      - gizmok55.fhcrc.org:39153
      user-agent:
      - python-httpx/0.28.1
    method: POST
    uri: https://gizmok55.fhcrc.org:39153/api/workflows/v1
  response:
    body:
      string: '{"id":"cbdbb1d7-4d09-4ea7-bd88-178420bf4069","status":"Submitted"}'
    headers:
      Connection:
      - keep-alive
      Content-Length:
      - '66'
      Content-Type:
      - application/json
      Date:
      - Mon, 21 Jul 2025 16:01:13 GMT
      Server:
      - nginx/1.25.3
    status:
      code: 201
      message: Created
- request:
    body: ''
    headers:
      accept:
      - '*/*'
      accept-encoding:
      - gzip, deflate
      connection:
      - keep-alive
      host:
      - gizmok55.fhcrc.org:39153
      user-agent:
      - python-httpx/0.28.1
    method: GET
    uri: https://gizmok55.fhcrc.org:39153/api/workflows/v1/cbdbb1d7-4d09-4ea7-bd88-178420bf4069/metadata?includeKey=status&includeKey=failures&includeKey=jobId
  response:
    body:
      string: '{"status":"Submitted","calls":{},"id":"cbdbb1d7-4d09-4ea7-bd88-178420bf4069"}'
    headers:
      Connection:
      - keep-alive
      Content-Type:
      - application/json
      Date:
      - Mon, 21 Jul 2025 16:01:18 GMT
      Server:
      - nginx/1.25.3
      Transfer-Encoding:
      - chunked
      content-length:
      - '77'
    status:
      code: 200
      message: OK
- request:
    body: ''
    headers:
      accept:
      - '*/*'
      accept-encoding:
      - gzip, deflate
      connection:
      - keep-alive
      host:
      - gizmok55.fhcrc.org:39153
      user-agent:
      - python-httpx/0.28.1
    method: GET
    uri: https://gizmok55.fhcrc.org:39153/api/workflows/v1/cbdbb1d7-4d09-4ea7-bd88-178420bf4069/metadata?includeKey=status&includeKey=failures&includeKey=jobId
  response:
    body:
      string: '{"status":"Submitted","calls":{},"id":"cbdbb1d7-4d09-4ea7-bd88-178420bf4069"}'
    headers:
      Connection:
      - keep-alive
      Content-Type:
      - application/json
      Date:
      - Mon, 21 Jul 2025 16:01:24 GMT
      Server:
      - nginx/1.25.3
      Transfer-Encoding:
      - chunked
      content-length:
      - '77'
    status:
      code: 200
      message: OK
- request:
    body: ''
    headers:
      accept:
      - '*/*'
      accept-encoding:
      - gzip, deflate
      connection:
      - keep-alive
      host:
      - gizmok55.fhcrc.org:39153
      user-agent:
      - python-httpx/0.28.1
    method: GET
    uri: https://gizmok55.fhcrc.org:39153/api/workflows/v1/cbdbb1d7-4d09-4ea7-bd88-178420bf4069/metadata?includeKey=status&includeKey=failures&includeKey=jobId
  response:
    body:
      string: '{"status":"Submitted","calls":{},"id":"cbdbb1d7-4d09-4ea7-bd88-178420bf4069"}'
    headers:
      Connection:
      - keep-alive
      Content-Type:
      - application/json
      Date:
      - Mon, 21 Jul 2025 16:01:29 GMT
      Server:
      - nginx/1.25.3
      Transfer-Encoding:
      - chunked
      content-length:
      - '77'
    status:
      code: 200
      message: OK
- request:
    body: ''
    headers:
      accept:
      - '*/*'
      accept-encoding:
      - gzip, deflate
      connection:
      - keep-alive
      host:
      - gizmok55.fhcrc.org:39153
      user-agent:
      - python-httpx/0.28.1
    method: GET
    uri: https://gizmok55.fhcrc.org:39153/api/workflows/v1/cbdbb1d7-4d09-4ea7-bd88-178420bf4069/metadata?includeKey=status&includeKey=failures&includeKey=jobId
  response:
    body:
      string: '{"status":"Submitted","calls":{},"id":"cbdbb1d7-4d09-4ea7-bd88-178420bf4069"}'
    headers:
      Connection:
      - keep-alive
      Content-Type:
      - application/json
      Date:
      - Mon, 21 Jul 2025 16:01:34 GMT
      Server:
      - nginx/1.25.3
      Transfer-Encoding:
      - chunked
      content-length:
      - '77'
    status:
      code: 200
      message: OK
- request:
    body: ''
    headers:
      accept:
      - '*/*'
      accept-encoding:
      - gzip, deflate
      connection:
      - keep-alive
      host:
      - gizmok55.fhcrc.org:39153
      user-agent:
      - python-httpx/0.28.1
    method: GET
    uri: https://gizmok55.fhcrc.org:39153/api/workflows/v1/cbdbb1d7-4d09-4ea7-bd88-178420bf4069/metadata?includeKey=status&includeKey=failures&includeKey=jobId
  response:
    body:
      string: '{"status":"Submitted","calls":{},"id":"cbdbb1d7-4d09-4ea7-bd88-178420bf4069"}'
    headers:
      Connection:
      - keep-alive
      Content-Type:
      - application/json
      Date:
      - Mon, 21 Jul 2025 16:01:39 GMT
      Server:
      - nginx/1.25.3
      Transfer-Encoding:
      - chunked
      content-length:
      - '77'
    status:
      code: 200
      message: OK
- request:
    body: ''
    headers:
      accept:
      - '*/*'
      accept-encoding:
      - gzip, deflate
      connection:
      - keep-alive
      host:
      - gizmok55.fhcrc.org:39153
      user-agent:
      - python-httpx/0.28.1
    method: GET
    uri: https://gizmok55.fhcrc.org:39153/api/workflows/v1/cbdbb1d7-4d09-4ea7-bd88-178420bf4069/metadata?includeKey=status&includeKey=failures&includeKey=jobId
  response:
    body:
      string: '{"status":"Submitted","calls":{},"id":"cbdbb1d7-4d09-4ea7-bd88-178420bf4069"}'
    headers:
      Connection:
      - keep-alive
      Content-Type:
      - application/json
      Date:
      - Mon, 21 Jul 2025 16:01:44 GMT
      Server:
      - nginx/1.25.3
      Transfer-Encoding:
      - chunked
      content-length:
      - '77'
    status:
      code: 200
      message: OK
- request:
    body: ''
    headers:
      accept:
      - '*/*'
      accept-encoding:
      - gzip, deflate
      connection:
      - keep-alive
      host:
      - gizmok55.fhcrc.org:39153
      user-agent:
      - python-httpx/0.28.1
    method: GET
    uri: https://gizmok55.fhcrc.org:39153/api/workflows/v1/cbdbb1d7-4d09-4ea7-bd88-178420bf4069/metadata?includeKey=status&includeKey=failures&includeKey=jobId
  response:
    body:
      string: '{"status":"Submitted","calls":{},"id":"cbdbb1d7-4d09-4ea7-bd88-178420bf4069"}'
    headers:
      Connection:
      - keep-alive
      Content-Type:
      - application/json
      Date:
      - Mon, 21 Jul 2025 16:01:49 GMT
      Server:
      - nginx/1.25.3
      Transfer-Encoding:
      - chunked
      content-length:
      - '77'
    status:
      code: 200
      message: OK
- request:
    body: ''
    headers:
      accept:
      - '*/*'
      accept-encoding:
      - gzip, deflate
      connection:
      - keep-alive
      host:
      - gizmok55.fhcrc.org:39153
      user-agent:
      - python-httpx/0.28.1
    method: GET
    uri: https://gizmok55.fhcrc.org:39153/api/workflows/v1/cbdbb1d7-4d09-4ea7-bd88-178420bf4069/metadata?includeKey=status&includeKey=failures&includeKey=jobId
  response:
    body:
      string: '{"status":"Submitted","calls":{},"id":"cbdbb1d7-4d09-4ea7-bd88-178420bf4069"}'
    headers:
      Connection:
      - keep-alive
      Content-Type:
      - application/json
      Date:
      - Mon, 21 Jul 2025 16:01:54 GMT
      Server:
      - nginx/1.25.3
      Transfer-Encoding:
      - chunked
      content-length:
      - '77'
    status:
      code: 200
      message: OK
- request:
    body: ''
    headers:
      accept:
      - '*/*'
      accept-encoding:
      - gzip, deflate
      connection:
      - keep-alive
      host:
      - gizmok55.fhcrc.org:39153
      user-agent:
      - python-httpx/0.28.1
    method: GET
    uri: https://gizmok55.fhcrc.org:39153/api/workflows/v1/cbdbb1d7-4d09-4ea7-bd88-178420bf4069/metadata?includeKey=status&includeKey=failures&includeKey=jobId
  response:
    body:
      string: '{"status":"Submitted","calls":{},"id":"cbdbb1d7-4d09-4ea7-bd88-178420bf4069"}'
    headers:
      Connection:
      - keep-alive
      Content-Type:
      - application/json
      Date:
      - Mon, 21 Jul 2025 16:01:59 GMT
      Server:
      - nginx/1.25.3
      Transfer-Encoding:
      - chunked
      content-length:
      - '77'
    status:
      code: 200
      message: OK
- request:
    body: ''
    headers:
      accept:
      - '*/*'
      accept-encoding:
      - gzip, deflate
      connection:
      - keep-alive
      host:
      - gizmok55.fhcrc.org:39153
      user-agent:
      - python-httpx/0.28.1
    method: GET
    uri: https://gizmok55.fhcrc.org:39153/api/workflows/v1/cbdbb1d7-4d09-4ea7-bd88-178420bf4069/metadata?includeKey=status&includeKey=failures&includeKey=jobId
  response:
    body:
      string: '{"status":"Submitted","calls":{},"id":"cbdbb1d7-4d09-4ea7-bd88-178420bf4069"}'
    headers:
      Connection:
      - keep-alive
      Content-Type:
      - application/json
      Date:
      - Mon, 21 Jul 2025 16:02:04 GMT
      Server:
      - nginx/1.25.3
      Transfer-Encoding:
      - chunked
      content-length:
      - '77'
    status:
      code: 200
      message: OK
- request:
    body: ''
    headers:
      accept:
      - '*/*'
      accept-encoding:
      - gzip, deflate
      connection:
      - keep-alive
      host:
      - gizmok55.fhcrc.org:39153
      user-agent:
      - python-httpx/0.28.1
    method: GET
    uri: https://gizmok55.fhcrc.org:39153/api/workflows/v1/cbdbb1d7-4d09-4ea7-bd88-178420bf4069/metadata?includeKey=status&includeKey=failures&includeKey=jobId
  response:
    body:
      string: '{"status":"Submitted","calls":{},"id":"cbdbb1d7-4d09-4ea7-bd88-178420bf4069"}'
    headers:
      Connection:
      - keep-alive
      Content-Type:
      - application/json
      Date:
      - Mon, 21 Jul 2025 16:02:09 GMT
      Server:
      - nginx/1.25.3
      Transfer-Encoding:
      - chunked
      content-length:
      - '77'
    status:
      code: 200
      message: OK
- request:
    body: ''
    headers:
      accept:
      - '*/*'
      accept-encoding:
      - gzip, deflate
      connection:
      - keep-alive
      host:
      - gizmok55.fhcrc.org:39153
      user-agent:
      - python-httpx/0.28.1
    method: GET
    uri: https://gizmok55.fhcrc.org:39153/api/workflows/v1/cbdbb1d7-4d09-4ea7-bd88-178420bf4069/metadata?includeKey=status&includeKey=failures&includeKey=jobId
  response:
    body:
      string: '{"status":"Submitted","calls":{},"id":"cbdbb1d7-4d09-4ea7-bd88-178420bf4069"}'
    headers:
      Connection:
      - keep-alive
      Content-Type:
      - application/json
      Date:
      - Mon, 21 Jul 2025 16:02:14 GMT
      Server:
      - nginx/1.25.3
      Transfer-Encoding:
      - chunked
      content-length:
      - '77'
    status:
      code: 200
      message: OK
- request:
    body: ''
    headers:
      accept:
      - '*/*'
      accept-encoding:
      - gzip, deflate
      connection:
      - keep-alive
      host:
      - gizmok55.fhcrc.org:39153
      user-agent:
      - python-httpx/0.28.1
    method: GET
    uri: https://gizmok55.fhcrc.org:39153/api/workflows/v1/cbdbb1d7-4d09-4ea7-bd88-178420bf4069/metadata?includeKey=status&includeKey=failures&includeKey=jobId
  response:
    body:
      string: '{"status":"Submitted","calls":{},"id":"cbdbb1d7-4d09-4ea7-bd88-178420bf4069"}'
    headers:
      Connection:
      - keep-alive
      Content-Type:
      - application/json
      Date:
      - Mon, 21 Jul 2025 16:02:19 GMT
      Server:
      - nginx/1.25.3
      Transfer-Encoding:
      - chunked
      content-length:
      - '77'
    status:
      code: 200
      message: OK
- request:
    body: ''
    headers:
      accept:
      - '*/*'
      accept-encoding:
      - gzip, deflate
      connection:
      - keep-alive
      host:
      - gizmok55.fhcrc.org:39153
      user-agent:
      - python-httpx/0.28.1
    method: GET
    uri: https://gizmok55.fhcrc.org:39153/api/workflows/v1/cbdbb1d7-4d09-4ea7-bd88-178420bf4069/metadata?includeKey=status&includeKey=failures&includeKey=jobId
  response:
    body:
      string: '{"status":"Submitted","calls":{},"id":"cbdbb1d7-4d09-4ea7-bd88-178420bf4069"}'
    headers:
      Connection:
      - keep-alive
      Content-Type:
      - application/json
      Date:
      - Mon, 21 Jul 2025 16:02:24 GMT
      Server:
      - nginx/1.25.3
      Transfer-Encoding:
      - chunked
      content-length:
      - '77'
    status:
      code: 200
      message: OK
- request:
    body: ''
    headers:
      accept:
      - '*/*'
      accept-encoding:
      - gzip, deflate
      connection:
      - keep-alive
      host:
      - gizmok55.fhcrc.org:39153
      user-agent:
      - python-httpx/0.28.1
    method: GET
    uri: https://gizmok55.fhcrc.org:39153/api/workflows/v1/cbdbb1d7-4d09-4ea7-bd88-178420bf4069/metadata?includeKey=status&includeKey=failures&includeKey=jobId
  response:
    body:
      string: '{"status":"Submitted","calls":{},"id":"cbdbb1d7-4d09-4ea7-bd88-178420bf4069"}'
    headers:
      Connection:
      - keep-alive
      Content-Type:
      - application/json
      Date:
      - Mon, 21 Jul 2025 16:02:29 GMT
      Server:
      - nginx/1.25.3
      Transfer-Encoding:
      - chunked
      content-length:
      - '77'
    status:
      code: 200
      message: OK
- request:
    body: ''
    headers:
      accept:
      - '*/*'
      accept-encoding:
      - gzip, deflate
      connection:
      - keep-alive
      host:
      - gizmok55.fhcrc.org:39153
      user-agent:
      - python-httpx/0.28.1
    method: GET
    uri: https://gizmok55.fhcrc.org:39153/api/workflows/v1/cbdbb1d7-4d09-4ea7-bd88-178420bf4069/metadata?includeKey=status&includeKey=failures&includeKey=jobId
  response:
    body:
      string: '{"status":"Submitted","calls":{},"id":"cbdbb1d7-4d09-4ea7-bd88-178420bf4069"}'
    headers:
      Connection:
      - keep-alive
      Content-Type:
      - application/json
      Date:
      - Mon, 21 Jul 2025 16:02:35 GMT
      Server:
      - nginx/1.25.3
      Transfer-Encoding:
      - chunked
      content-length:
      - '77'
    status:
      code: 200
      message: OK
- request:
    body: ''
    headers:
      accept:
      - '*/*'
      accept-encoding:
      - gzip, deflate
      connection:
      - keep-alive
      host:
      - gizmok55.fhcrc.org:39153
      user-agent:
      - python-httpx/0.28.1
    method: GET
    uri: https://gizmok55.fhcrc.org:39153/api/workflows/v1/cbdbb1d7-4d09-4ea7-bd88-178420bf4069/metadata?includeKey=status&includeKey=failures&includeKey=jobId
  response:
    body:
      string: '{"status":"Submitted","calls":{},"id":"cbdbb1d7-4d09-4ea7-bd88-178420bf4069"}'
    headers:
      Connection:
      - keep-alive
      Content-Type:
      - application/json
      Date:
      - Mon, 21 Jul 2025 16:02:40 GMT
      Server:
      - nginx/1.25.3
      Transfer-Encoding:
      - chunked
      content-length:
      - '77'
    status:
      code: 200
      message: OK
- request:
    body: ''
    headers:
      accept:
      - '*/*'
      accept-encoding:
      - gzip, deflate
      connection:
      - keep-alive
      host:
      - gizmok55.fhcrc.org:39153
      user-agent:
      - python-httpx/0.28.1
    method: GET
    uri: https://gizmok55.fhcrc.org:39153/api/workflows/v1/cbdbb1d7-4d09-4ea7-bd88-178420bf4069/metadata?includeKey=status&includeKey=failures&includeKey=jobId
  response:
    body:
      string: '{"status":"Submitted","calls":{},"id":"cbdbb1d7-4d09-4ea7-bd88-178420bf4069"}'
    headers:
      Connection:
      - keep-alive
      Content-Type:
      - application/json
      Date:
      - Mon, 21 Jul 2025 16:02:45 GMT
      Server:
      - nginx/1.25.3
      Transfer-Encoding:
      - chunked
      content-length:
      - '77'
    status:
      code: 200
      message: OK
- request:
    body: ''
    headers:
      accept:
      - '*/*'
      accept-encoding:
      - gzip, deflate
      connection:
      - keep-alive
      host:
      - gizmok55.fhcrc.org:39153
      user-agent:
      - python-httpx/0.28.1
    method: GET
    uri: https://gizmok55.fhcrc.org:39153/api/workflows/v1/cbdbb1d7-4d09-4ea7-bd88-178420bf4069/metadata?includeKey=status&includeKey=failures&includeKey=jobId
  response:
    body:
      string: '{"failures":[{"causedBy":[{"causedBy":[],"message":"Failed to process
        task definition ''oopsie'' (reason 1 of 1): Cannot lookup value ''docker_image'',
        it is never declared. Available values are: [''str'']"}],"message":"Workflow
        input processing failed"}],"status":"Failed","calls":{},"id":"cbdbb1d7-4d09-4ea7-bd88-178420bf4069"}'
    headers:
      Connection:
      - keep-alive
      Content-Type:
      - application/json
      Date:
      - Mon, 21 Jul 2025 16:02:50 GMT
      Server:
      - nginx/1.25.3
      Transfer-Encoding:
      - chunked
      content-length:
      - '323'
    status:
      code: 200
      message: OK
version: 1
