interactions:
- request:
    body: "--9b5d29b4d2a059f32abaedb790b59845\r\nContent-Disposition: form-data; name=\"workflowSource\";
      filename=\"missingValue.wdl\"\r\nContent-Type: application/octet-stream\r\n\r\nversion
      1.0\n## This is a test workflow that fails against womtool.\n## From https://github.com/broadinstitute/cromwell\n\n####
      WORKFLOW DEFINITION\n\nworkflow oops {\n  call oopsie\n}\n\n#### TASK DEFINITIONS\n\ntask
      oopsie {\n  input {\n    String str\n  }\n  command { echo ${str} }\n  runtime
      { docker: docker_image }\n}\n\r\n--9b5d29b4d2a059f32abaedb790b59845\r\nContent-Disposition:
      form-data; name=\"workflowOptions\"; filename=\"options.json\"\r\nContent-Type:
      application/json\r\n\r\n{\n    \"workflow_failure_mode\": \"ContinueWhilePossible\",\n
      \   \"write_to_cache\": false,\n    \"read_from_cache\": false\n}\n\r\n--9b5d29b4d2a059f32abaedb790b59845--\r\n"
    headers:
      Accept:
      - '*/*'
      Accept-Encoding:
      - gzip, deflate
      Connection:
      - keep-alive
      Content-Length:
      - '778'
      Content-Type:
      - multipart/form-data; boundary=9b5d29b4d2a059f32abaedb790b59845
      Host:
      - gizmoj1.fhcrc.org:40319
      User-Agent:
      - python-httpx/0.28.1
    method: POST
    uri: https://gizmoj1.fhcrc.org:40319/api/workflows/v1
  response:
    body:
      string: '{"id":"fab417ee-fa2b-402b-bbfe-4e70b55d677a","status":"Submitted"}'
    headers:
      Connection:
      - keep-alive
      Content-Length:
      - '66'
      Content-Type:
      - application/json
      Date:
      - Sun, 14 Dec 2025 03:39:04 GMT
      Server:
      - nginx/1.25.3
    status:
      code: 201
      message: Created
- request:
    body: ''
    headers:
      Accept:
      - '*/*'
      Accept-Encoding:
      - gzip, deflate
      Connection:
      - keep-alive
      Host:
      - gizmoj1.fhcrc.org:40319
      User-Agent:
      - python-httpx/0.28.1
    method: GET
    uri: https://gizmoj1.fhcrc.org:40319/api/workflows/v1/fab417ee-fa2b-402b-bbfe-4e70b55d677a/metadata?includeKey=status&includeKey=failures&includeKey=jobId
  response:
    body:
      string: "{\n  \"status\": \"fail\",\n  \"message\": \"Unrecognized workflow
        ID: fab417ee-fa2b-402b-bbfe-4e70b55d677a\"\n}"
    headers:
      Connection:
      - keep-alive
      Content-Type:
      - application/json
      Date:
      - Sun, 14 Dec 2025 03:39:04 GMT
      Server:
      - nginx/1.25.3
      Transfer-Encoding:
      - chunked
      content-length:
      - '101'
    status:
      code: 404
      message: Not Found
- request:
    body: ''
    headers:
      Accept:
      - '*/*'
      Accept-Encoding:
      - gzip, deflate
      Connection:
      - keep-alive
      Host:
      - gizmoj1.fhcrc.org:40319
      User-Agent:
      - python-httpx/0.28.1
    method: GET
    uri: https://gizmoj1.fhcrc.org:40319/api/workflows/v1/fab417ee-fa2b-402b-bbfe-4e70b55d677a/metadata?includeKey=status&includeKey=failures&includeKey=jobId
  response:
    body:
      string: '{"status":"Submitted","calls":{},"id":"fab417ee-fa2b-402b-bbfe-4e70b55d677a"}'
    headers:
      Connection:
      - keep-alive
      Content-Type:
      - application/json
      Date:
      - Sun, 14 Dec 2025 03:39:08 GMT
      Server:
      - nginx/1.25.3
      Transfer-Encoding:
      - chunked
      content-length:
      - '77'
    status:
      code: 200
      message: OK
version: 1
