interactions:
- request:
    body: "--a9cf8fbc1fbca9f7d16a65cc778235f6\r\nContent-Disposition: form-data; name=\"workflowSource\";
      filename=\"helloHostname.wdl\"\r\nContent-Type: application/octet-stream\r\n\r\nversion
      1.0\n## This is a test workflow that returns the hostname of the node \n## the
      job is submitted to as a test for the Gizmo backend. \n\n#### WORKFLOW DEFINITION\n\nworkflow
      HelloHostname {\n  call Hostname {\n  }\n\n  output {\n    File stdout = Hostname.out\n
      \ }\n\n  parameter_meta {\n    stdout: \"hostname of the node the job was submitted
      to\"\n  }\n}\n\n#### TASK DEFINITIONS\n\ntask Hostname {\n  command <<<\n    echo
      $(hostname)\n  >>>\n\n  output {\n    File out = stdout()\n  }\n  \n  runtime
      {\n    cpu: 1\n    memory: \"1 GB\"\n  }\n\n  parameter_meta {\n    out: \"hostname
      of the node the job was submitted to\"\n  }\n}\n\r\n--a9cf8fbc1fbca9f7d16a65cc778235f6\r\nContent-Disposition:
      form-data; name=\"labels\"; filename=\"labels1.json\"\r\nContent-Type: application/json\r\n\r\n{\"workflowType\":
      \"AppSubmission\", \"Label\": \"one\", \"secondaryLabel\": \"two\"}\n\r\n--a9cf8fbc1fbca9f7d16a65cc778235f6\r\nContent-Disposition:
      form-data; name=\"workflowOptions\"; filename=\"options.json\"\r\nContent-Type:
      application/json\r\n\r\n{\n    \"workflow_failure_mode\": \"ContinueWhilePossible\",\n
      \   \"write_to_cache\": false,\n    \"read_from_cache\": false\n}\n\r\n--a9cf8fbc1fbca9f7d16a65cc778235f6--\r\n"
    headers:
      accept:
      - '*/*'
      accept-encoding:
      - gzip, deflate
      connection:
      - keep-alive
      content-length:
      - '1290'
      content-type:
      - multipart/form-data; boundary=a9cf8fbc1fbca9f7d16a65cc778235f6
      host:
      - gizmoj4.fhcrc.org:35141
      user-agent:
      - python-httpx/0.28.1
    method: POST
    uri: https://gizmoj4.fhcrc.org:35141/api/workflows/v1
  response:
    body:
      string: '{"id":"823e993d-c274-4853-9cfb-8f4b348ad5b8","status":"Submitted"}'
    headers:
      Connection:
      - keep-alive
      Content-Length:
      - '66'
      Content-Type:
      - application/json
      Date:
      - Tue, 06 May 2025 15:02:03 GMT
      Server:
      - nginx/1.25.3
    status:
      code: 201
      message: Created
- request:
    body: ''
    headers:
      accept:
      - '*/*'
      accept-encoding:
      - gzip, deflate
      connection:
      - keep-alive
      host:
      - gizmoj4.fhcrc.org:35141
      user-agent:
      - python-httpx/0.28.1
    method: GET
    uri: https://gizmoj4.fhcrc.org:35141/api/workflows/v1/823e993d-c274-4853-9cfb-8f4b348ad5b8/labels
  response:
    body:
      string: "{\n  \"status\": \"fail\",\n  \"message\": \"Unrecognized workflow
        ID: 823e993d-c274-4853-9cfb-8f4b348ad5b8\"\n}"
    headers:
      Connection:
      - keep-alive
      Content-Length:
      - '101'
      Content-Type:
      - application/json
      Date:
      - Tue, 06 May 2025 15:02:03 GMT
      Server:
      - nginx/1.25.3
    status:
      code: 404
      message: Not Found
- request:
    body: ''
    headers:
      accept:
      - '*/*'
      accept-encoding:
      - gzip, deflate
      connection:
      - keep-alive
      host:
      - gizmoj4.fhcrc.org:35141
      user-agent:
      - python-httpx/0.28.1
    method: GET
    uri: https://gizmoj4.fhcrc.org:35141/api/workflows/v1/823e993d-c274-4853-9cfb-8f4b348ad5b8/labels
  response:
    body:
      string: '{"id":"823e993d-c274-4853-9cfb-8f4b348ad5b8","labels":{"Label":"one","secondaryLabel":"two","workflowType":"AppSubmission","cromwell-workflow-id":"cromwell-823e993d-c274-4853-9cfb-8f4b348ad5b8"}}'
    headers:
      Connection:
      - keep-alive
      Content-Length:
      - '195'
      Content-Type:
      - application/json
      Date:
      - Tue, 06 May 2025 15:02:07 GMT
      Server:
      - nginx/1.25.3
    status:
      code: 200
      message: OK
version: 1
