interactions:
- request:
    body: "--80dac5190ecd830944299f6541eb23b3\r\nContent-Disposition: form-data; name=\"workflowSource\";
      filename=\"missingValue.wdl\"\r\nContent-Type: application/octet-stream\r\n\r\nversion
      1.0\n## This is a test workflow that fails against womtool.\n## From https://github.com/broadinstitute/cromwell\n\n####
      WORKFLOW DEFINITION\n\nworkflow oops {\n  call oopsie\n}\n\n#### TASK DEFINITIONS\n\ntask
      oopsie {\n  input {\n    String str\n  }\n  command { echo ${str} }\n  runtime
      { docker: docker_image }\n}\n\r\n--80dac5190ecd830944299f6541eb23b3\r\nContent-Disposition:
      form-data; name=\"workflowOptions\"; filename=\"options.json\"\r\nContent-Type:
      application/json\r\n\r\n{\n    \"workflow_failure_mode\": \"ContinueWhilePossible\",\n
      \   \"write_to_cache\": false,\n    \"read_from_cache\": false\n}\n\r\n--80dac5190ecd830944299f6541eb23b3--\r\n"
    headers:
      Accept:
      - '*/*'
      Accept-Encoding:
      - gzip, deflate
      Connection:
      - keep-alive
      Content-Length:
      - '778'
      Content-Type:
      - multipart/form-data; boundary=80dac5190ecd830944299f6541eb23b3
      Host:
      - gizmok38.fhcrc.org:44395
      User-Agent:
      - python-httpx/0.28.1
    method: POST
    uri: https://gizmok38.fhcrc.org:44395/api/workflows/v1
  response:
    body:
      string: '{"id":"8cb6b771-4754-4271-93d2-1b19d4a08ed4","status":"Submitted"}'
    headers:
      Connection:
      - keep-alive
      Content-Length:
      - '66'
      Content-Type:
      - application/json
      Date:
      - Sun, 25 Jan 2026 03:43:06 GMT
      Server:
      - nginx/1.25.3
    status:
      code: 201
      message: Created
- request:
    body: ''
    headers:
      Accept:
      - '*/*'
      Accept-Encoding:
      - gzip, deflate
      Connection:
      - keep-alive
      Host:
      - gizmok38.fhcrc.org:44395
      User-Agent:
      - python-httpx/0.28.1
    method: GET
    uri: https://gizmok38.fhcrc.org:44395/api/workflows/v1/8cb6b771-4754-4271-93d2-1b19d4a08ed4/metadata?expandSubWorkflows=true
  response:
    body:
      string: "{\n  \"status\": \"fail\",\n  \"message\": \"Unrecognized workflow
        ID: 8cb6b771-4754-4271-93d2-1b19d4a08ed4\"\n}"
    headers:
      Connection:
      - keep-alive
      Content-Type:
      - application/json
      Date:
      - Sun, 25 Jan 2026 03:43:06 GMT
      Server:
      - nginx/1.25.3
      Transfer-Encoding:
      - chunked
      content-length:
      - '101'
    status:
      code: 404
      message: Not Found
- request:
    body: ''
    headers:
      Accept:
      - '*/*'
      Accept-Encoding:
      - gzip, deflate
      Connection:
      - keep-alive
      Host:
      - gizmok38.fhcrc.org:44395
      User-Agent:
      - python-httpx/0.28.1
    method: GET
    uri: https://gizmok38.fhcrc.org:44395/api/workflows/v1/8cb6b771-4754-4271-93d2-1b19d4a08ed4/metadata?expandSubWorkflows=true
  response:
    body:
      string: "{\n  \"status\": \"fail\",\n  \"message\": \"Unrecognized workflow
        ID: 8cb6b771-4754-4271-93d2-1b19d4a08ed4\"\n}"
    headers:
      Connection:
      - keep-alive
      Content-Type:
      - application/json
      Date:
      - Sun, 25 Jan 2026 03:43:10 GMT
      Server:
      - nginx/1.25.3
      Transfer-Encoding:
      - chunked
      content-length:
      - '101'
    status:
      code: 404
      message: Not Found
- request:
    body: ''
    headers:
      Accept:
      - '*/*'
      Accept-Encoding:
      - gzip, deflate
      Connection:
      - keep-alive
      Host:
      - gizmok38.fhcrc.org:44395
      User-Agent:
      - python-httpx/0.28.1
    method: GET
    uri: https://gizmok38.fhcrc.org:44395/api/workflows/v1/8cb6b771-4754-4271-93d2-1b19d4a08ed4/metadata?expandSubWorkflows=true
  response:
    body:
      string: '{"submittedFiles":{"workflow":"version 1.0\n## This is a test workflow
        that fails against womtool.\n## From https://github.com/broadinstitute/cromwell\n\n####
        WORKFLOW DEFINITION\n\nworkflow oops {\n  call oopsie\n}\n\n#### TASK DEFINITIONS\n\ntask
        oopsie {\n  input {\n    String str\n  }\n  command { echo ${str} }\n  runtime
        { docker: docker_image }\n}\n","root":"","options":"{\n  \"read_from_cache\":
        false,\n  \"workflow_failure_mode\": \"ContinueWhilePossible\",\n  \"write_to_cache\":
        false\n}","inputs":"{}","workflowUrl":"","labels":"{}"},"calls":{},"outputs":{},"status":"Submitted","id":"8cb6b771-4754-4271-93d2-1b19d4a08ed4","inputs":{},"labels":{"cromwell-workflow-id":"cromwell-8cb6b771-4754-4271-93d2-1b19d4a08ed4"},"submission":"2026-01-25T03:43:06.871Z"}'
    headers:
      Connection:
      - keep-alive
      Content-Type:
      - application/json
      Date:
      - Sun, 25 Jan 2026 03:43:14 GMT
      Server:
      - nginx/1.25.3
      Transfer-Encoding:
      - chunked
      content-length:
      - '772'
    status:
      code: 200
      message: OK
version: 1
