interactions:
- request:
    body: "--c7cbc3cdd61176f7e306d2154fdc7575\r\nContent-Disposition: form-data; name=\"workflowSource\";
      filename=\"parseBatchFile.wdl\"\r\nContent-Type: application/octet-stream\r\n\r\nversion
      1.0\n# This workflow takes a tab separated file where each row is a set of data
      to be used in each \n# of the independent scattered task series that you have
      as your workflow process.  This file \n# will, for example, have column names
      `sampleName`, `bamLocation`, and `bedlocation`.  This\n# allows you to know
      that regardless of the order of the columns in your batch file, the correct\n#
      inputs will be used for the tasks you define.  \nworkflow parseBatchFile {\n
      \ input {\n  File batchFile\n  }\n    Array[Object] batchInfo = read_objects(batchFile)\n
      \ scatter (job in batchInfo){\n    String sampleName = job.sampleName\n    File
      bamFile = job.bamLocation\n    File bedFile = job.bedLocation\n\n    ## INSERT
      YOUR WORKFLOW TO RUN PER LINE IN YOUR BATCH FILE HERE!!!!\n    call test {\n
      \       input: in1=sampleName, in2=bamFile, in3=bedFile\n    }\n\n  }  # End
      Scatter over the batch file\n# Outputs that will be retained when execution
      is complete\n  output {\n    Array[File] outputArray = test.item_out\n    }\n#
      End workflow\n}\n\n#### TASK DEFINITIONS\n# echo some text to stdout, treats
      files as strings just to echo them as a dummy example\ntask test {\n  input
      {\n    String in1\n    String in2\n    String in3\n  }\n    command {\n    echo
      ~{in1}\n    echo ~{in2}\n    echo ~{in3}\n    }\n    output {\n        File
      item_out = stdout()\n    }\n}\r\n--c7cbc3cdd61176f7e306d2154fdc7575\r\nContent-Disposition:
      form-data; name=\"workflowOptions\"; filename=\"options.json\"\r\nContent-Type:
      application/json\r\n\r\n{\n    \"workflow_failure_mode\": \"ContinueWhilePossible\",\n
      \   \"write_to_cache\": false,\n    \"read_from_cache\": false\n}\n\r\n--c7cbc3cdd61176f7e306d2154fdc7575--\r\n"
    headers:
      Accept:
      - '*/*'
      Accept-Encoding:
      - gzip, deflate
      Connection:
      - keep-alive
      Content-Length:
      - '1797'
      Content-Type:
      - multipart/form-data; boundary=c7cbc3cdd61176f7e306d2154fdc7575
      Host:
      - gizmok103.fhcrc.org:42705
      User-Agent:
      - python-httpx/0.28.1
    method: POST
    uri: https://gizmok103.fhcrc.org:42705/api/workflows/v1
  response:
    body:
      string: '{"id":"0ecf732f-609e-480f-a0c7-18858854047e","status":"Submitted"}'
    headers:
      Connection:
      - keep-alive
      Content-Length:
      - '66'
      Content-Type:
      - application/json
      Date:
      - Sun, 11 Jan 2026 04:32:16 GMT
      Server:
      - nginx/1.25.3
    status:
      code: 201
      message: Created
- request:
    body: ''
    headers:
      Accept:
      - '*/*'
      Accept-Encoding:
      - gzip, deflate
      Connection:
      - keep-alive
      Host:
      - gizmok103.fhcrc.org:42705
      User-Agent:
      - python-httpx/0.28.1
    method: GET
    uri: https://gizmok103.fhcrc.org:42705/api/workflows/v1/0ecf732f-609e-480f-a0c7-18858854047e/metadata?expandSubWorkflows=true
  response:
    body:
      string: '{"submittedFiles":{"workflow":"version 1.0\n# This workflow takes a
        tab separated file where each row is a set of data to be used in each \n#
        of the independent scattered task series that you have as your workflow process.  This
        file \n# will, for example, have column names `sampleName`, `bamLocation`,
        and `bedlocation`.  This\n# allows you to know that regardless of the order
        of the columns in your batch file, the correct\n# inputs will be used for
        the tasks you define.  \nworkflow parseBatchFile {\n  input {\n  File batchFile\n  }\n    Array[Object]
        batchInfo = read_objects(batchFile)\n  scatter (job in batchInfo){\n    String
        sampleName = job.sampleName\n    File bamFile = job.bamLocation\n    File
        bedFile = job.bedLocation\n\n    ## INSERT YOUR WORKFLOW TO RUN PER LINE IN
        YOUR BATCH FILE HERE!!!!\n    call test {\n        input: in1=sampleName,
        in2=bamFile, in3=bedFile\n    }\n\n  }  # End Scatter over the batch file\n#
        Outputs that will be retained when execution is complete\n  output {\n    Array[File]
        outputArray = test.item_out\n    }\n# End workflow\n}\n\n#### TASK DEFINITIONS\n#
        echo some text to stdout, treats files as strings just to echo them as a dummy
        example\ntask test {\n  input {\n    String in1\n    String in2\n    String
        in3\n  }\n    command {\n    echo ~{in1}\n    echo ~{in2}\n    echo ~{in3}\n    }\n    output
        {\n        File item_out = stdout()\n    }\n}","root":"","options":"{\n  \"read_from_cache\":
        false,\n  \"workflow_failure_mode\": \"ContinueWhilePossible\",\n  \"write_to_cache\":
        false\n}","inputs":"{}","workflowUrl":"","labels":"{}"},"calls":{},"outputs":{},"status":"Submitted","id":"0ecf732f-609e-480f-a0c7-18858854047e","inputs":{},"labels":{"cromwell-workflow-id":"cromwell-0ecf732f-609e-480f-a0c7-18858854047e"},"submission":"2026-01-11T04:32:16.351Z"}'
    headers:
      Connection:
      - keep-alive
      Content-Type:
      - application/json
      Date:
      - Sun, 11 Jan 2026 04:32:21 GMT
      Server:
      - nginx/1.25.3
      Transfer-Encoding:
      - chunked
      content-length:
      - '1815'
    status:
      code: 200
      message: OK
- request:
    body: ''
    headers:
      Accept:
      - '*/*'
      Accept-Encoding:
      - gzip, deflate
      Connection:
      - keep-alive
      Host:
      - gizmok103.fhcrc.org:42705
      User-Agent:
      - python-httpx/0.28.1
    method: GET
    uri: https://gizmok103.fhcrc.org:42705/api/workflows/v1/0ecf732f-609e-480f-a0c7-18858854047e/metadata?expandSubWorkflows=true
  response:
    body:
      string: '{"submittedFiles":{"workflow":"version 1.0\n# This workflow takes a
        tab separated file where each row is a set of data to be used in each \n#
        of the independent scattered task series that you have as your workflow process.  This
        file \n# will, for example, have column names `sampleName`, `bamLocation`,
        and `bedlocation`.  This\n# allows you to know that regardless of the order
        of the columns in your batch file, the correct\n# inputs will be used for
        the tasks you define.  \nworkflow parseBatchFile {\n  input {\n  File batchFile\n  }\n    Array[Object]
        batchInfo = read_objects(batchFile)\n  scatter (job in batchInfo){\n    String
        sampleName = job.sampleName\n    File bamFile = job.bamLocation\n    File
        bedFile = job.bedLocation\n\n    ## INSERT YOUR WORKFLOW TO RUN PER LINE IN
        YOUR BATCH FILE HERE!!!!\n    call test {\n        input: in1=sampleName,
        in2=bamFile, in3=bedFile\n    }\n\n  }  # End Scatter over the batch file\n#
        Outputs that will be retained when execution is complete\n  output {\n    Array[File]
        outputArray = test.item_out\n    }\n# End workflow\n}\n\n#### TASK DEFINITIONS\n#
        echo some text to stdout, treats files as strings just to echo them as a dummy
        example\ntask test {\n  input {\n    String in1\n    String in2\n    String
        in3\n  }\n    command {\n    echo ~{in1}\n    echo ~{in2}\n    echo ~{in3}\n    }\n    output
        {\n        File item_out = stdout()\n    }\n}","root":"","options":"{\n  \"read_from_cache\":
        false,\n  \"workflow_failure_mode\": \"ContinueWhilePossible\",\n  \"write_to_cache\":
        false\n}","inputs":"{}","workflowUrl":"","labels":"{}"},"calls":{},"outputs":{},"status":"Submitted","id":"0ecf732f-609e-480f-a0c7-18858854047e","inputs":{},"labels":{"cromwell-workflow-id":"cromwell-0ecf732f-609e-480f-a0c7-18858854047e"},"submission":"2026-01-11T04:32:16.351Z"}'
    headers:
      Connection:
      - keep-alive
      Content-Type:
      - application/json
      Date:
      - Sun, 11 Jan 2026 04:32:26 GMT
      Server:
      - nginx/1.25.3
      Transfer-Encoding:
      - chunked
      content-length:
      - '1815'
    status:
      code: 200
      message: OK
- request:
    body: ''
    headers:
      Accept:
      - '*/*'
      Accept-Encoding:
      - gzip, deflate
      Connection:
      - keep-alive
      Host:
      - gizmok103.fhcrc.org:42705
      User-Agent:
      - python-httpx/0.28.1
    method: GET
    uri: https://gizmok103.fhcrc.org:42705/api/workflows/v1/0ecf732f-609e-480f-a0c7-18858854047e/metadata?expandSubWorkflows=true
  response:
    body:
      string: '{"submittedFiles":{"workflow":"version 1.0\n# This workflow takes a
        tab separated file where each row is a set of data to be used in each \n#
        of the independent scattered task series that you have as your workflow process.  This
        file \n# will, for example, have column names `sampleName`, `bamLocation`,
        and `bedlocation`.  This\n# allows you to know that regardless of the order
        of the columns in your batch file, the correct\n# inputs will be used for
        the tasks you define.  \nworkflow parseBatchFile {\n  input {\n  File batchFile\n  }\n    Array[Object]
        batchInfo = read_objects(batchFile)\n  scatter (job in batchInfo){\n    String
        sampleName = job.sampleName\n    File bamFile = job.bamLocation\n    File
        bedFile = job.bedLocation\n\n    ## INSERT YOUR WORKFLOW TO RUN PER LINE IN
        YOUR BATCH FILE HERE!!!!\n    call test {\n        input: in1=sampleName,
        in2=bamFile, in3=bedFile\n    }\n\n  }  # End Scatter over the batch file\n#
        Outputs that will be retained when execution is complete\n  output {\n    Array[File]
        outputArray = test.item_out\n    }\n# End workflow\n}\n\n#### TASK DEFINITIONS\n#
        echo some text to stdout, treats files as strings just to echo them as a dummy
        example\ntask test {\n  input {\n    String in1\n    String in2\n    String
        in3\n  }\n    command {\n    echo ~{in1}\n    echo ~{in2}\n    echo ~{in3}\n    }\n    output
        {\n        File item_out = stdout()\n    }\n}","root":"","options":"{\n  \"read_from_cache\":
        false,\n  \"workflow_failure_mode\": \"ContinueWhilePossible\",\n  \"write_to_cache\":
        false\n}","inputs":"{}","workflowUrl":"","labels":"{}"},"calls":{},"outputs":{},"status":"Submitted","id":"0ecf732f-609e-480f-a0c7-18858854047e","inputs":{},"labels":{"cromwell-workflow-id":"cromwell-0ecf732f-609e-480f-a0c7-18858854047e"},"submission":"2026-01-11T04:32:16.351Z"}'
    headers:
      Connection:
      - keep-alive
      Content-Type:
      - application/json
      Date:
      - Sun, 11 Jan 2026 04:32:31 GMT
      Server:
      - nginx/1.25.3
      Transfer-Encoding:
      - chunked
      content-length:
      - '1815'
    status:
      code: 200
      message: OK
- request:
    body: ''
    headers:
      Accept:
      - '*/*'
      Accept-Encoding:
      - gzip, deflate
      Connection:
      - keep-alive
      Host:
      - gizmok103.fhcrc.org:42705
      User-Agent:
      - python-httpx/0.28.1
    method: GET
    uri: https://gizmok103.fhcrc.org:42705/api/workflows/v1/0ecf732f-609e-480f-a0c7-18858854047e/metadata?expandSubWorkflows=true
  response:
    body:
      string: '{"submittedFiles":{"workflow":"version 1.0\n# This workflow takes a
        tab separated file where each row is a set of data to be used in each \n#
        of the independent scattered task series that you have as your workflow process.  This
        file \n# will, for example, have column names `sampleName`, `bamLocation`,
        and `bedlocation`.  This\n# allows you to know that regardless of the order
        of the columns in your batch file, the correct\n# inputs will be used for
        the tasks you define.  \nworkflow parseBatchFile {\n  input {\n  File batchFile\n  }\n    Array[Object]
        batchInfo = read_objects(batchFile)\n  scatter (job in batchInfo){\n    String
        sampleName = job.sampleName\n    File bamFile = job.bamLocation\n    File
        bedFile = job.bedLocation\n\n    ## INSERT YOUR WORKFLOW TO RUN PER LINE IN
        YOUR BATCH FILE HERE!!!!\n    call test {\n        input: in1=sampleName,
        in2=bamFile, in3=bedFile\n    }\n\n  }  # End Scatter over the batch file\n#
        Outputs that will be retained when execution is complete\n  output {\n    Array[File]
        outputArray = test.item_out\n    }\n# End workflow\n}\n\n#### TASK DEFINITIONS\n#
        echo some text to stdout, treats files as strings just to echo them as a dummy
        example\ntask test {\n  input {\n    String in1\n    String in2\n    String
        in3\n  }\n    command {\n    echo ~{in1}\n    echo ~{in2}\n    echo ~{in3}\n    }\n    output
        {\n        File item_out = stdout()\n    }\n}","root":"","options":"{\n  \"read_from_cache\":
        false,\n  \"workflow_failure_mode\": \"ContinueWhilePossible\",\n  \"write_to_cache\":
        false\n}","inputs":"{}","workflowUrl":"","labels":"{}"},"calls":{},"outputs":{},"status":"Submitted","id":"0ecf732f-609e-480f-a0c7-18858854047e","inputs":{},"labels":{"cromwell-workflow-id":"cromwell-0ecf732f-609e-480f-a0c7-18858854047e"},"submission":"2026-01-11T04:32:16.351Z"}'
    headers:
      Connection:
      - keep-alive
      Content-Type:
      - application/json
      Date:
      - Sun, 11 Jan 2026 04:32:36 GMT
      Server:
      - nginx/1.25.3
      Transfer-Encoding:
      - chunked
      content-length:
      - '1815'
    status:
      code: 200
      message: OK
- request:
    body: ''
    headers:
      Accept:
      - '*/*'
      Accept-Encoding:
      - gzip, deflate
      Connection:
      - keep-alive
      Host:
      - gizmok103.fhcrc.org:42705
      User-Agent:
      - python-httpx/0.28.1
    method: GET
    uri: https://gizmok103.fhcrc.org:42705/api/workflows/v1/0ecf732f-609e-480f-a0c7-18858854047e/metadata?expandSubWorkflows=true
  response:
    body:
      string: '{"submittedFiles":{"workflow":"version 1.0\n# This workflow takes a
        tab separated file where each row is a set of data to be used in each \n#
        of the independent scattered task series that you have as your workflow process.  This
        file \n# will, for example, have column names `sampleName`, `bamLocation`,
        and `bedlocation`.  This\n# allows you to know that regardless of the order
        of the columns in your batch file, the correct\n# inputs will be used for
        the tasks you define.  \nworkflow parseBatchFile {\n  input {\n  File batchFile\n  }\n    Array[Object]
        batchInfo = read_objects(batchFile)\n  scatter (job in batchInfo){\n    String
        sampleName = job.sampleName\n    File bamFile = job.bamLocation\n    File
        bedFile = job.bedLocation\n\n    ## INSERT YOUR WORKFLOW TO RUN PER LINE IN
        YOUR BATCH FILE HERE!!!!\n    call test {\n        input: in1=sampleName,
        in2=bamFile, in3=bedFile\n    }\n\n  }  # End Scatter over the batch file\n#
        Outputs that will be retained when execution is complete\n  output {\n    Array[File]
        outputArray = test.item_out\n    }\n# End workflow\n}\n\n#### TASK DEFINITIONS\n#
        echo some text to stdout, treats files as strings just to echo them as a dummy
        example\ntask test {\n  input {\n    String in1\n    String in2\n    String
        in3\n  }\n    command {\n    echo ~{in1}\n    echo ~{in2}\n    echo ~{in3}\n    }\n    output
        {\n        File item_out = stdout()\n    }\n}","root":"","options":"{\n  \"read_from_cache\":
        false,\n  \"workflow_failure_mode\": \"ContinueWhilePossible\",\n  \"write_to_cache\":
        false\n}","inputs":"{}","workflowUrl":"","labels":"{}"},"calls":{},"outputs":{},"status":"Submitted","id":"0ecf732f-609e-480f-a0c7-18858854047e","inputs":{},"labels":{"cromwell-workflow-id":"cromwell-0ecf732f-609e-480f-a0c7-18858854047e"},"submission":"2026-01-11T04:32:16.351Z"}'
    headers:
      Connection:
      - keep-alive
      Content-Type:
      - application/json
      Date:
      - Sun, 11 Jan 2026 04:32:41 GMT
      Server:
      - nginx/1.25.3
      Transfer-Encoding:
      - chunked
      content-length:
      - '1815'
    status:
      code: 200
      message: OK
- request:
    body: ''
    headers:
      Accept:
      - '*/*'
      Accept-Encoding:
      - gzip, deflate
      Connection:
      - keep-alive
      Host:
      - gizmok103.fhcrc.org:42705
      User-Agent:
      - python-httpx/0.28.1
    method: GET
    uri: https://gizmok103.fhcrc.org:42705/api/workflows/v1/0ecf732f-609e-480f-a0c7-18858854047e/metadata?expandSubWorkflows=true
  response:
    body:
      string: '{"submittedFiles":{"workflow":"version 1.0\n# This workflow takes a
        tab separated file where each row is a set of data to be used in each \n#
        of the independent scattered task series that you have as your workflow process.  This
        file \n# will, for example, have column names `sampleName`, `bamLocation`,
        and `bedlocation`.  This\n# allows you to know that regardless of the order
        of the columns in your batch file, the correct\n# inputs will be used for
        the tasks you define.  \nworkflow parseBatchFile {\n  input {\n  File batchFile\n  }\n    Array[Object]
        batchInfo = read_objects(batchFile)\n  scatter (job in batchInfo){\n    String
        sampleName = job.sampleName\n    File bamFile = job.bamLocation\n    File
        bedFile = job.bedLocation\n\n    ## INSERT YOUR WORKFLOW TO RUN PER LINE IN
        YOUR BATCH FILE HERE!!!!\n    call test {\n        input: in1=sampleName,
        in2=bamFile, in3=bedFile\n    }\n\n  }  # End Scatter over the batch file\n#
        Outputs that will be retained when execution is complete\n  output {\n    Array[File]
        outputArray = test.item_out\n    }\n# End workflow\n}\n\n#### TASK DEFINITIONS\n#
        echo some text to stdout, treats files as strings just to echo them as a dummy
        example\ntask test {\n  input {\n    String in1\n    String in2\n    String
        in3\n  }\n    command {\n    echo ~{in1}\n    echo ~{in2}\n    echo ~{in3}\n    }\n    output
        {\n        File item_out = stdout()\n    }\n}","root":"","options":"{\n  \"read_from_cache\":
        false,\n  \"workflow_failure_mode\": \"ContinueWhilePossible\",\n  \"write_to_cache\":
        false\n}","inputs":"{}","workflowUrl":"","labels":"{}"},"calls":{},"outputs":{},"status":"Submitted","id":"0ecf732f-609e-480f-a0c7-18858854047e","inputs":{},"labels":{"cromwell-workflow-id":"cromwell-0ecf732f-609e-480f-a0c7-18858854047e"},"submission":"2026-01-11T04:32:16.351Z"}'
    headers:
      Connection:
      - keep-alive
      Content-Type:
      - application/json
      Date:
      - Sun, 11 Jan 2026 04:32:46 GMT
      Server:
      - nginx/1.25.3
      Transfer-Encoding:
      - chunked
      content-length:
      - '1815'
    status:
      code: 200
      message: OK
- request:
    body: ''
    headers:
      Accept:
      - '*/*'
      Accept-Encoding:
      - gzip, deflate
      Connection:
      - keep-alive
      Host:
      - gizmok103.fhcrc.org:42705
      User-Agent:
      - python-httpx/0.28.1
    method: GET
    uri: https://gizmok103.fhcrc.org:42705/api/workflows/v1/0ecf732f-609e-480f-a0c7-18858854047e/metadata?expandSubWorkflows=true
  response:
    body:
      string: '{"submittedFiles":{"workflow":"version 1.0\n# This workflow takes a
        tab separated file where each row is a set of data to be used in each \n#
        of the independent scattered task series that you have as your workflow process.  This
        file \n# will, for example, have column names `sampleName`, `bamLocation`,
        and `bedlocation`.  This\n# allows you to know that regardless of the order
        of the columns in your batch file, the correct\n# inputs will be used for
        the tasks you define.  \nworkflow parseBatchFile {\n  input {\n  File batchFile\n  }\n    Array[Object]
        batchInfo = read_objects(batchFile)\n  scatter (job in batchInfo){\n    String
        sampleName = job.sampleName\n    File bamFile = job.bamLocation\n    File
        bedFile = job.bedLocation\n\n    ## INSERT YOUR WORKFLOW TO RUN PER LINE IN
        YOUR BATCH FILE HERE!!!!\n    call test {\n        input: in1=sampleName,
        in2=bamFile, in3=bedFile\n    }\n\n  }  # End Scatter over the batch file\n#
        Outputs that will be retained when execution is complete\n  output {\n    Array[File]
        outputArray = test.item_out\n    }\n# End workflow\n}\n\n#### TASK DEFINITIONS\n#
        echo some text to stdout, treats files as strings just to echo them as a dummy
        example\ntask test {\n  input {\n    String in1\n    String in2\n    String
        in3\n  }\n    command {\n    echo ~{in1}\n    echo ~{in2}\n    echo ~{in3}\n    }\n    output
        {\n        File item_out = stdout()\n    }\n}","root":"","options":"{\n  \"read_from_cache\":
        false,\n  \"workflow_failure_mode\": \"ContinueWhilePossible\",\n  \"write_to_cache\":
        false\n}","inputs":"{}","workflowUrl":"","labels":"{}"},"calls":{},"outputs":{},"status":"Submitted","id":"0ecf732f-609e-480f-a0c7-18858854047e","inputs":{},"labels":{"cromwell-workflow-id":"cromwell-0ecf732f-609e-480f-a0c7-18858854047e"},"submission":"2026-01-11T04:32:16.351Z"}'
    headers:
      Connection:
      - keep-alive
      Content-Type:
      - application/json
      Date:
      - Sun, 11 Jan 2026 04:32:51 GMT
      Server:
      - nginx/1.25.3
      Transfer-Encoding:
      - chunked
      content-length:
      - '1815'
    status:
      code: 200
      message: OK
- request:
    body: ''
    headers:
      Accept:
      - '*/*'
      Accept-Encoding:
      - gzip, deflate
      Connection:
      - keep-alive
      Host:
      - gizmok103.fhcrc.org:42705
      User-Agent:
      - python-httpx/0.28.1
    method: GET
    uri: https://gizmok103.fhcrc.org:42705/api/workflows/v1/0ecf732f-609e-480f-a0c7-18858854047e/metadata?expandSubWorkflows=true
  response:
    body:
      string: '{"submittedFiles":{"workflow":"version 1.0\n# This workflow takes a
        tab separated file where each row is a set of data to be used in each \n#
        of the independent scattered task series that you have as your workflow process.  This
        file \n# will, for example, have column names `sampleName`, `bamLocation`,
        and `bedlocation`.  This\n# allows you to know that regardless of the order
        of the columns in your batch file, the correct\n# inputs will be used for
        the tasks you define.  \nworkflow parseBatchFile {\n  input {\n  File batchFile\n  }\n    Array[Object]
        batchInfo = read_objects(batchFile)\n  scatter (job in batchInfo){\n    String
        sampleName = job.sampleName\n    File bamFile = job.bamLocation\n    File
        bedFile = job.bedLocation\n\n    ## INSERT YOUR WORKFLOW TO RUN PER LINE IN
        YOUR BATCH FILE HERE!!!!\n    call test {\n        input: in1=sampleName,
        in2=bamFile, in3=bedFile\n    }\n\n  }  # End Scatter over the batch file\n#
        Outputs that will be retained when execution is complete\n  output {\n    Array[File]
        outputArray = test.item_out\n    }\n# End workflow\n}\n\n#### TASK DEFINITIONS\n#
        echo some text to stdout, treats files as strings just to echo them as a dummy
        example\ntask test {\n  input {\n    String in1\n    String in2\n    String
        in3\n  }\n    command {\n    echo ~{in1}\n    echo ~{in2}\n    echo ~{in3}\n    }\n    output
        {\n        File item_out = stdout()\n    }\n}","root":"","options":"{\n  \"read_from_cache\":
        false,\n  \"workflow_failure_mode\": \"ContinueWhilePossible\",\n  \"write_to_cache\":
        false\n}","inputs":"{}","workflowUrl":"","labels":"{}"},"calls":{},"outputs":{},"status":"Submitted","id":"0ecf732f-609e-480f-a0c7-18858854047e","inputs":{},"labels":{"cromwell-workflow-id":"cromwell-0ecf732f-609e-480f-a0c7-18858854047e"},"submission":"2026-01-11T04:32:16.351Z"}'
    headers:
      Connection:
      - keep-alive
      Content-Type:
      - application/json
      Date:
      - Sun, 11 Jan 2026 04:32:56 GMT
      Server:
      - nginx/1.25.3
      Transfer-Encoding:
      - chunked
      content-length:
      - '1815'
    status:
      code: 200
      message: OK
- request:
    body: ''
    headers:
      Accept:
      - '*/*'
      Accept-Encoding:
      - gzip, deflate
      Connection:
      - keep-alive
      Host:
      - gizmok103.fhcrc.org:42705
      User-Agent:
      - python-httpx/0.28.1
    method: GET
    uri: https://gizmok103.fhcrc.org:42705/api/workflows/v1/0ecf732f-609e-480f-a0c7-18858854047e/metadata?expandSubWorkflows=true
  response:
    body:
      string: '{"submittedFiles":{"workflow":"version 1.0\n# This workflow takes a
        tab separated file where each row is a set of data to be used in each \n#
        of the independent scattered task series that you have as your workflow process.  This
        file \n# will, for example, have column names `sampleName`, `bamLocation`,
        and `bedlocation`.  This\n# allows you to know that regardless of the order
        of the columns in your batch file, the correct\n# inputs will be used for
        the tasks you define.  \nworkflow parseBatchFile {\n  input {\n  File batchFile\n  }\n    Array[Object]
        batchInfo = read_objects(batchFile)\n  scatter (job in batchInfo){\n    String
        sampleName = job.sampleName\n    File bamFile = job.bamLocation\n    File
        bedFile = job.bedLocation\n\n    ## INSERT YOUR WORKFLOW TO RUN PER LINE IN
        YOUR BATCH FILE HERE!!!!\n    call test {\n        input: in1=sampleName,
        in2=bamFile, in3=bedFile\n    }\n\n  }  # End Scatter over the batch file\n#
        Outputs that will be retained when execution is complete\n  output {\n    Array[File]
        outputArray = test.item_out\n    }\n# End workflow\n}\n\n#### TASK DEFINITIONS\n#
        echo some text to stdout, treats files as strings just to echo them as a dummy
        example\ntask test {\n  input {\n    String in1\n    String in2\n    String
        in3\n  }\n    command {\n    echo ~{in1}\n    echo ~{in2}\n    echo ~{in3}\n    }\n    output
        {\n        File item_out = stdout()\n    }\n}","root":"","options":"{\n  \"read_from_cache\":
        false,\n  \"workflow_failure_mode\": \"ContinueWhilePossible\",\n  \"write_to_cache\":
        false\n}","inputs":"{}","workflowUrl":"","labels":"{}"},"calls":{},"outputs":{},"status":"Submitted","id":"0ecf732f-609e-480f-a0c7-18858854047e","inputs":{},"labels":{"cromwell-workflow-id":"cromwell-0ecf732f-609e-480f-a0c7-18858854047e"},"submission":"2026-01-11T04:32:16.351Z"}'
    headers:
      Connection:
      - keep-alive
      Content-Type:
      - application/json
      Date:
      - Sun, 11 Jan 2026 04:33:01 GMT
      Server:
      - nginx/1.25.3
      Transfer-Encoding:
      - chunked
      content-length:
      - '1815'
    status:
      code: 200
      message: OK
- request:
    body: ''
    headers:
      Accept:
      - '*/*'
      Accept-Encoding:
      - gzip, deflate
      Connection:
      - keep-alive
      Host:
      - gizmok103.fhcrc.org:42705
      User-Agent:
      - python-httpx/0.28.1
    method: GET
    uri: https://gizmok103.fhcrc.org:42705/api/workflows/v1/0ecf732f-609e-480f-a0c7-18858854047e/metadata?expandSubWorkflows=true
  response:
    body:
      string: '{"submittedFiles":{"workflow":"version 1.0\n# This workflow takes a
        tab separated file where each row is a set of data to be used in each \n#
        of the independent scattered task series that you have as your workflow process.  This
        file \n# will, for example, have column names `sampleName`, `bamLocation`,
        and `bedlocation`.  This\n# allows you to know that regardless of the order
        of the columns in your batch file, the correct\n# inputs will be used for
        the tasks you define.  \nworkflow parseBatchFile {\n  input {\n  File batchFile\n  }\n    Array[Object]
        batchInfo = read_objects(batchFile)\n  scatter (job in batchInfo){\n    String
        sampleName = job.sampleName\n    File bamFile = job.bamLocation\n    File
        bedFile = job.bedLocation\n\n    ## INSERT YOUR WORKFLOW TO RUN PER LINE IN
        YOUR BATCH FILE HERE!!!!\n    call test {\n        input: in1=sampleName,
        in2=bamFile, in3=bedFile\n    }\n\n  }  # End Scatter over the batch file\n#
        Outputs that will be retained when execution is complete\n  output {\n    Array[File]
        outputArray = test.item_out\n    }\n# End workflow\n}\n\n#### TASK DEFINITIONS\n#
        echo some text to stdout, treats files as strings just to echo them as a dummy
        example\ntask test {\n  input {\n    String in1\n    String in2\n    String
        in3\n  }\n    command {\n    echo ~{in1}\n    echo ~{in2}\n    echo ~{in3}\n    }\n    output
        {\n        File item_out = stdout()\n    }\n}","root":"","options":"{\n  \"read_from_cache\":
        false,\n  \"workflow_failure_mode\": \"ContinueWhilePossible\",\n  \"write_to_cache\":
        false\n}","inputs":"{}","workflowUrl":"","labels":"{}"},"calls":{},"outputs":{},"status":"Submitted","id":"0ecf732f-609e-480f-a0c7-18858854047e","inputs":{},"labels":{"cromwell-workflow-id":"cromwell-0ecf732f-609e-480f-a0c7-18858854047e"},"submission":"2026-01-11T04:32:16.351Z"}'
    headers:
      Connection:
      - keep-alive
      Content-Type:
      - application/json
      Date:
      - Sun, 11 Jan 2026 04:33:06 GMT
      Server:
      - nginx/1.25.3
      Transfer-Encoding:
      - chunked
      content-length:
      - '1815'
    status:
      code: 200
      message: OK
- request:
    body: ''
    headers:
      Accept:
      - '*/*'
      Accept-Encoding:
      - gzip, deflate
      Connection:
      - keep-alive
      Host:
      - gizmok103.fhcrc.org:42705
      User-Agent:
      - python-httpx/0.28.1
    method: GET
    uri: https://gizmok103.fhcrc.org:42705/api/workflows/v1/0ecf732f-609e-480f-a0c7-18858854047e/metadata?expandSubWorkflows=true
  response:
    body:
      string: '{"submittedFiles":{"workflow":"version 1.0\n# This workflow takes a
        tab separated file where each row is a set of data to be used in each \n#
        of the independent scattered task series that you have as your workflow process.  This
        file \n# will, for example, have column names `sampleName`, `bamLocation`,
        and `bedlocation`.  This\n# allows you to know that regardless of the order
        of the columns in your batch file, the correct\n# inputs will be used for
        the tasks you define.  \nworkflow parseBatchFile {\n  input {\n  File batchFile\n  }\n    Array[Object]
        batchInfo = read_objects(batchFile)\n  scatter (job in batchInfo){\n    String
        sampleName = job.sampleName\n    File bamFile = job.bamLocation\n    File
        bedFile = job.bedLocation\n\n    ## INSERT YOUR WORKFLOW TO RUN PER LINE IN
        YOUR BATCH FILE HERE!!!!\n    call test {\n        input: in1=sampleName,
        in2=bamFile, in3=bedFile\n    }\n\n  }  # End Scatter over the batch file\n#
        Outputs that will be retained when execution is complete\n  output {\n    Array[File]
        outputArray = test.item_out\n    }\n# End workflow\n}\n\n#### TASK DEFINITIONS\n#
        echo some text to stdout, treats files as strings just to echo them as a dummy
        example\ntask test {\n  input {\n    String in1\n    String in2\n    String
        in3\n  }\n    command {\n    echo ~{in1}\n    echo ~{in2}\n    echo ~{in3}\n    }\n    output
        {\n        File item_out = stdout()\n    }\n}","root":"","options":"{\n  \"read_from_cache\":
        false,\n  \"workflow_failure_mode\": \"ContinueWhilePossible\",\n  \"write_to_cache\":
        false\n}","inputs":"{}","workflowUrl":"","labels":"{}"},"calls":{},"outputs":{},"status":"Submitted","id":"0ecf732f-609e-480f-a0c7-18858854047e","inputs":{},"labels":{"cromwell-workflow-id":"cromwell-0ecf732f-609e-480f-a0c7-18858854047e"},"submission":"2026-01-11T04:32:16.351Z"}'
    headers:
      Connection:
      - keep-alive
      Content-Type:
      - application/json
      Date:
      - Sun, 11 Jan 2026 04:33:11 GMT
      Server:
      - nginx/1.25.3
      Transfer-Encoding:
      - chunked
      content-length:
      - '1815'
    status:
      code: 200
      message: OK
- request:
    body: ''
    headers:
      Accept:
      - '*/*'
      Accept-Encoding:
      - gzip, deflate
      Connection:
      - keep-alive
      Host:
      - gizmok103.fhcrc.org:42705
      User-Agent:
      - python-httpx/0.28.1
    method: GET
    uri: https://gizmok103.fhcrc.org:42705/api/workflows/v1/0ecf732f-609e-480f-a0c7-18858854047e/metadata?expandSubWorkflows=true
  response:
    body:
      string: '{"submittedFiles":{"workflow":"version 1.0\n# This workflow takes a
        tab separated file where each row is a set of data to be used in each \n#
        of the independent scattered task series that you have as your workflow process.  This
        file \n# will, for example, have column names `sampleName`, `bamLocation`,
        and `bedlocation`.  This\n# allows you to know that regardless of the order
        of the columns in your batch file, the correct\n# inputs will be used for
        the tasks you define.  \nworkflow parseBatchFile {\n  input {\n  File batchFile\n  }\n    Array[Object]
        batchInfo = read_objects(batchFile)\n  scatter (job in batchInfo){\n    String
        sampleName = job.sampleName\n    File bamFile = job.bamLocation\n    File
        bedFile = job.bedLocation\n\n    ## INSERT YOUR WORKFLOW TO RUN PER LINE IN
        YOUR BATCH FILE HERE!!!!\n    call test {\n        input: in1=sampleName,
        in2=bamFile, in3=bedFile\n    }\n\n  }  # End Scatter over the batch file\n#
        Outputs that will be retained when execution is complete\n  output {\n    Array[File]
        outputArray = test.item_out\n    }\n# End workflow\n}\n\n#### TASK DEFINITIONS\n#
        echo some text to stdout, treats files as strings just to echo them as a dummy
        example\ntask test {\n  input {\n    String in1\n    String in2\n    String
        in3\n  }\n    command {\n    echo ~{in1}\n    echo ~{in2}\n    echo ~{in3}\n    }\n    output
        {\n        File item_out = stdout()\n    }\n}","root":"","options":"{\n  \"read_from_cache\":
        false,\n  \"workflow_failure_mode\": \"ContinueWhilePossible\",\n  \"write_to_cache\":
        false\n}","inputs":"{}","workflowUrl":"","labels":"{}"},"calls":{},"outputs":{},"status":"Submitted","id":"0ecf732f-609e-480f-a0c7-18858854047e","inputs":{},"labels":{"cromwell-workflow-id":"cromwell-0ecf732f-609e-480f-a0c7-18858854047e"},"submission":"2026-01-11T04:32:16.351Z"}'
    headers:
      Connection:
      - keep-alive
      Content-Type:
      - application/json
      Date:
      - Sun, 11 Jan 2026 04:33:16 GMT
      Server:
      - nginx/1.25.3
      Transfer-Encoding:
      - chunked
      content-length:
      - '1815'
    status:
      code: 200
      message: OK
- request:
    body: ''
    headers:
      Accept:
      - '*/*'
      Accept-Encoding:
      - gzip, deflate
      Connection:
      - keep-alive
      Host:
      - gizmok103.fhcrc.org:42705
      User-Agent:
      - python-httpx/0.28.1
    method: GET
    uri: https://gizmok103.fhcrc.org:42705/api/workflows/v1/0ecf732f-609e-480f-a0c7-18858854047e/metadata?expandSubWorkflows=true
  response:
    body:
      string: '{"submittedFiles":{"workflow":"version 1.0\n# This workflow takes a
        tab separated file where each row is a set of data to be used in each \n#
        of the independent scattered task series that you have as your workflow process.  This
        file \n# will, for example, have column names `sampleName`, `bamLocation`,
        and `bedlocation`.  This\n# allows you to know that regardless of the order
        of the columns in your batch file, the correct\n# inputs will be used for
        the tasks you define.  \nworkflow parseBatchFile {\n  input {\n  File batchFile\n  }\n    Array[Object]
        batchInfo = read_objects(batchFile)\n  scatter (job in batchInfo){\n    String
        sampleName = job.sampleName\n    File bamFile = job.bamLocation\n    File
        bedFile = job.bedLocation\n\n    ## INSERT YOUR WORKFLOW TO RUN PER LINE IN
        YOUR BATCH FILE HERE!!!!\n    call test {\n        input: in1=sampleName,
        in2=bamFile, in3=bedFile\n    }\n\n  }  # End Scatter over the batch file\n#
        Outputs that will be retained when execution is complete\n  output {\n    Array[File]
        outputArray = test.item_out\n    }\n# End workflow\n}\n\n#### TASK DEFINITIONS\n#
        echo some text to stdout, treats files as strings just to echo them as a dummy
        example\ntask test {\n  input {\n    String in1\n    String in2\n    String
        in3\n  }\n    command {\n    echo ~{in1}\n    echo ~{in2}\n    echo ~{in3}\n    }\n    output
        {\n        File item_out = stdout()\n    }\n}","root":"","options":"{\n  \"read_from_cache\":
        false,\n  \"workflow_failure_mode\": \"ContinueWhilePossible\",\n  \"write_to_cache\":
        false\n}","inputs":"{}","workflowUrl":"","labels":"{}"},"calls":{},"outputs":{},"status":"Submitted","id":"0ecf732f-609e-480f-a0c7-18858854047e","inputs":{},"labels":{"cromwell-workflow-id":"cromwell-0ecf732f-609e-480f-a0c7-18858854047e"},"submission":"2026-01-11T04:32:16.351Z"}'
    headers:
      Connection:
      - keep-alive
      Content-Type:
      - application/json
      Date:
      - Sun, 11 Jan 2026 04:33:21 GMT
      Server:
      - nginx/1.25.3
      Transfer-Encoding:
      - chunked
      content-length:
      - '1815'
    status:
      code: 200
      message: OK
- request:
    body: ''
    headers:
      Accept:
      - '*/*'
      Accept-Encoding:
      - gzip, deflate
      Connection:
      - keep-alive
      Host:
      - gizmok103.fhcrc.org:42705
      User-Agent:
      - python-httpx/0.28.1
    method: GET
    uri: https://gizmok103.fhcrc.org:42705/api/workflows/v1/0ecf732f-609e-480f-a0c7-18858854047e/metadata?expandSubWorkflows=true
  response:
    body:
      string: '{"submittedFiles":{"workflow":"version 1.0\n# This workflow takes a
        tab separated file where each row is a set of data to be used in each \n#
        of the independent scattered task series that you have as your workflow process.  This
        file \n# will, for example, have column names `sampleName`, `bamLocation`,
        and `bedlocation`.  This\n# allows you to know that regardless of the order
        of the columns in your batch file, the correct\n# inputs will be used for
        the tasks you define.  \nworkflow parseBatchFile {\n  input {\n  File batchFile\n  }\n    Array[Object]
        batchInfo = read_objects(batchFile)\n  scatter (job in batchInfo){\n    String
        sampleName = job.sampleName\n    File bamFile = job.bamLocation\n    File
        bedFile = job.bedLocation\n\n    ## INSERT YOUR WORKFLOW TO RUN PER LINE IN
        YOUR BATCH FILE HERE!!!!\n    call test {\n        input: in1=sampleName,
        in2=bamFile, in3=bedFile\n    }\n\n  }  # End Scatter over the batch file\n#
        Outputs that will be retained when execution is complete\n  output {\n    Array[File]
        outputArray = test.item_out\n    }\n# End workflow\n}\n\n#### TASK DEFINITIONS\n#
        echo some text to stdout, treats files as strings just to echo them as a dummy
        example\ntask test {\n  input {\n    String in1\n    String in2\n    String
        in3\n  }\n    command {\n    echo ~{in1}\n    echo ~{in2}\n    echo ~{in3}\n    }\n    output
        {\n        File item_out = stdout()\n    }\n}","root":"","options":"{\n  \"read_from_cache\":
        false,\n  \"workflow_failure_mode\": \"ContinueWhilePossible\",\n  \"write_to_cache\":
        false\n}","inputs":"{}","workflowUrl":"","labels":"{}"},"calls":{},"outputs":{},"status":"Submitted","id":"0ecf732f-609e-480f-a0c7-18858854047e","inputs":{},"labels":{"cromwell-workflow-id":"cromwell-0ecf732f-609e-480f-a0c7-18858854047e"},"submission":"2026-01-11T04:32:16.351Z"}'
    headers:
      Connection:
      - keep-alive
      Content-Type:
      - application/json
      Date:
      - Sun, 11 Jan 2026 04:33:26 GMT
      Server:
      - nginx/1.25.3
      Transfer-Encoding:
      - chunked
      content-length:
      - '1815'
    status:
      code: 200
      message: OK
- request:
    body: ''
    headers:
      Accept:
      - '*/*'
      Accept-Encoding:
      - gzip, deflate
      Connection:
      - keep-alive
      Host:
      - gizmok103.fhcrc.org:42705
      User-Agent:
      - python-httpx/0.28.1
    method: GET
    uri: https://gizmok103.fhcrc.org:42705/api/workflows/v1/0ecf732f-609e-480f-a0c7-18858854047e/metadata?expandSubWorkflows=true
  response:
    body:
      string: '{"submittedFiles":{"workflow":"version 1.0\n# This workflow takes a
        tab separated file where each row is a set of data to be used in each \n#
        of the independent scattered task series that you have as your workflow process.  This
        file \n# will, for example, have column names `sampleName`, `bamLocation`,
        and `bedlocation`.  This\n# allows you to know that regardless of the order
        of the columns in your batch file, the correct\n# inputs will be used for
        the tasks you define.  \nworkflow parseBatchFile {\n  input {\n  File batchFile\n  }\n    Array[Object]
        batchInfo = read_objects(batchFile)\n  scatter (job in batchInfo){\n    String
        sampleName = job.sampleName\n    File bamFile = job.bamLocation\n    File
        bedFile = job.bedLocation\n\n    ## INSERT YOUR WORKFLOW TO RUN PER LINE IN
        YOUR BATCH FILE HERE!!!!\n    call test {\n        input: in1=sampleName,
        in2=bamFile, in3=bedFile\n    }\n\n  }  # End Scatter over the batch file\n#
        Outputs that will be retained when execution is complete\n  output {\n    Array[File]
        outputArray = test.item_out\n    }\n# End workflow\n}\n\n#### TASK DEFINITIONS\n#
        echo some text to stdout, treats files as strings just to echo them as a dummy
        example\ntask test {\n  input {\n    String in1\n    String in2\n    String
        in3\n  }\n    command {\n    echo ~{in1}\n    echo ~{in2}\n    echo ~{in3}\n    }\n    output
        {\n        File item_out = stdout()\n    }\n}","root":"","options":"{\n  \"read_from_cache\":
        false,\n  \"workflow_failure_mode\": \"ContinueWhilePossible\",\n  \"write_to_cache\":
        false\n}","inputs":"{}","workflowUrl":"","labels":"{}"},"calls":{},"outputs":{},"status":"Submitted","id":"0ecf732f-609e-480f-a0c7-18858854047e","inputs":{},"labels":{"cromwell-workflow-id":"cromwell-0ecf732f-609e-480f-a0c7-18858854047e"},"submission":"2026-01-11T04:32:16.351Z"}'
    headers:
      Connection:
      - keep-alive
      Content-Type:
      - application/json
      Date:
      - Sun, 11 Jan 2026 04:33:31 GMT
      Server:
      - nginx/1.25.3
      Transfer-Encoding:
      - chunked
      content-length:
      - '1815'
    status:
      code: 200
      message: OK
- request:
    body: ''
    headers:
      Accept:
      - '*/*'
      Accept-Encoding:
      - gzip, deflate
      Connection:
      - keep-alive
      Host:
      - gizmok103.fhcrc.org:42705
      User-Agent:
      - python-httpx/0.28.1
    method: GET
    uri: https://gizmok103.fhcrc.org:42705/api/workflows/v1/0ecf732f-609e-480f-a0c7-18858854047e/metadata?expandSubWorkflows=true
  response:
    body:
      string: '{"submittedFiles":{"workflow":"version 1.0\n# This workflow takes a
        tab separated file where each row is a set of data to be used in each \n#
        of the independent scattered task series that you have as your workflow process.  This
        file \n# will, for example, have column names `sampleName`, `bamLocation`,
        and `bedlocation`.  This\n# allows you to know that regardless of the order
        of the columns in your batch file, the correct\n# inputs will be used for
        the tasks you define.  \nworkflow parseBatchFile {\n  input {\n  File batchFile\n  }\n    Array[Object]
        batchInfo = read_objects(batchFile)\n  scatter (job in batchInfo){\n    String
        sampleName = job.sampleName\n    File bamFile = job.bamLocation\n    File
        bedFile = job.bedLocation\n\n    ## INSERT YOUR WORKFLOW TO RUN PER LINE IN
        YOUR BATCH FILE HERE!!!!\n    call test {\n        input: in1=sampleName,
        in2=bamFile, in3=bedFile\n    }\n\n  }  # End Scatter over the batch file\n#
        Outputs that will be retained when execution is complete\n  output {\n    Array[File]
        outputArray = test.item_out\n    }\n# End workflow\n}\n\n#### TASK DEFINITIONS\n#
        echo some text to stdout, treats files as strings just to echo them as a dummy
        example\ntask test {\n  input {\n    String in1\n    String in2\n    String
        in3\n  }\n    command {\n    echo ~{in1}\n    echo ~{in2}\n    echo ~{in3}\n    }\n    output
        {\n        File item_out = stdout()\n    }\n}","root":"","options":"{\n  \"read_from_cache\":
        false,\n  \"workflow_failure_mode\": \"ContinueWhilePossible\",\n  \"write_to_cache\":
        false\n}","inputs":"{}","workflowUrl":"","labels":"{}"},"calls":{},"outputs":{},"status":"Submitted","id":"0ecf732f-609e-480f-a0c7-18858854047e","inputs":{},"labels":{"cromwell-workflow-id":"cromwell-0ecf732f-609e-480f-a0c7-18858854047e"},"submission":"2026-01-11T04:32:16.351Z"}'
    headers:
      Connection:
      - keep-alive
      Content-Type:
      - application/json
      Date:
      - Sun, 11 Jan 2026 04:33:36 GMT
      Server:
      - nginx/1.25.3
      Transfer-Encoding:
      - chunked
      content-length:
      - '1815'
    status:
      code: 200
      message: OK
- request:
    body: ''
    headers:
      Accept:
      - '*/*'
      Accept-Encoding:
      - gzip, deflate
      Connection:
      - keep-alive
      Host:
      - gizmok103.fhcrc.org:42705
      User-Agent:
      - python-httpx/0.28.1
    method: GET
    uri: https://gizmok103.fhcrc.org:42705/api/workflows/v1/0ecf732f-609e-480f-a0c7-18858854047e/metadata?expandSubWorkflows=true
  response:
    body:
      string: '{"submittedFiles":{"workflow":"version 1.0\n# This workflow takes a
        tab separated file where each row is a set of data to be used in each \n#
        of the independent scattered task series that you have as your workflow process.  This
        file \n# will, for example, have column names `sampleName`, `bamLocation`,
        and `bedlocation`.  This\n# allows you to know that regardless of the order
        of the columns in your batch file, the correct\n# inputs will be used for
        the tasks you define.  \nworkflow parseBatchFile {\n  input {\n  File batchFile\n  }\n    Array[Object]
        batchInfo = read_objects(batchFile)\n  scatter (job in batchInfo){\n    String
        sampleName = job.sampleName\n    File bamFile = job.bamLocation\n    File
        bedFile = job.bedLocation\n\n    ## INSERT YOUR WORKFLOW TO RUN PER LINE IN
        YOUR BATCH FILE HERE!!!!\n    call test {\n        input: in1=sampleName,
        in2=bamFile, in3=bedFile\n    }\n\n  }  # End Scatter over the batch file\n#
        Outputs that will be retained when execution is complete\n  output {\n    Array[File]
        outputArray = test.item_out\n    }\n# End workflow\n}\n\n#### TASK DEFINITIONS\n#
        echo some text to stdout, treats files as strings just to echo them as a dummy
        example\ntask test {\n  input {\n    String in1\n    String in2\n    String
        in3\n  }\n    command {\n    echo ~{in1}\n    echo ~{in2}\n    echo ~{in3}\n    }\n    output
        {\n        File item_out = stdout()\n    }\n}","root":"","options":"{\n  \"read_from_cache\":
        false,\n  \"workflow_failure_mode\": \"ContinueWhilePossible\",\n  \"write_to_cache\":
        false\n}","inputs":"{}","workflowUrl":"","labels":"{}"},"calls":{},"outputs":{},"status":"Submitted","id":"0ecf732f-609e-480f-a0c7-18858854047e","inputs":{},"labels":{"cromwell-workflow-id":"cromwell-0ecf732f-609e-480f-a0c7-18858854047e"},"submission":"2026-01-11T04:32:16.351Z"}'
    headers:
      Connection:
      - keep-alive
      Content-Type:
      - application/json
      Date:
      - Sun, 11 Jan 2026 04:33:41 GMT
      Server:
      - nginx/1.25.3
      Transfer-Encoding:
      - chunked
      content-length:
      - '1815'
    status:
      code: 200
      message: OK
- request:
    body: ''
    headers:
      Accept:
      - '*/*'
      Accept-Encoding:
      - gzip, deflate
      Connection:
      - keep-alive
      Host:
      - gizmok103.fhcrc.org:42705
      User-Agent:
      - python-httpx/0.28.1
    method: GET
    uri: https://gizmok103.fhcrc.org:42705/api/workflows/v1/0ecf732f-609e-480f-a0c7-18858854047e/metadata?expandSubWorkflows=true
  response:
    body:
      string: '{"submittedFiles":{"workflow":"version 1.0\n# This workflow takes a
        tab separated file where each row is a set of data to be used in each \n#
        of the independent scattered task series that you have as your workflow process.  This
        file \n# will, for example, have column names `sampleName`, `bamLocation`,
        and `bedlocation`.  This\n# allows you to know that regardless of the order
        of the columns in your batch file, the correct\n# inputs will be used for
        the tasks you define.  \nworkflow parseBatchFile {\n  input {\n  File batchFile\n  }\n    Array[Object]
        batchInfo = read_objects(batchFile)\n  scatter (job in batchInfo){\n    String
        sampleName = job.sampleName\n    File bamFile = job.bamLocation\n    File
        bedFile = job.bedLocation\n\n    ## INSERT YOUR WORKFLOW TO RUN PER LINE IN
        YOUR BATCH FILE HERE!!!!\n    call test {\n        input: in1=sampleName,
        in2=bamFile, in3=bedFile\n    }\n\n  }  # End Scatter over the batch file\n#
        Outputs that will be retained when execution is complete\n  output {\n    Array[File]
        outputArray = test.item_out\n    }\n# End workflow\n}\n\n#### TASK DEFINITIONS\n#
        echo some text to stdout, treats files as strings just to echo them as a dummy
        example\ntask test {\n  input {\n    String in1\n    String in2\n    String
        in3\n  }\n    command {\n    echo ~{in1}\n    echo ~{in2}\n    echo ~{in3}\n    }\n    output
        {\n        File item_out = stdout()\n    }\n}","root":"","options":"{\n  \"read_from_cache\":
        false,\n  \"workflow_failure_mode\": \"ContinueWhilePossible\",\n  \"write_to_cache\":
        false\n}","inputs":"{}","workflowUrl":"","labels":"{}"},"calls":{},"outputs":{},"status":"Submitted","id":"0ecf732f-609e-480f-a0c7-18858854047e","inputs":{},"labels":{"cromwell-workflow-id":"cromwell-0ecf732f-609e-480f-a0c7-18858854047e"},"submission":"2026-01-11T04:32:16.351Z"}'
    headers:
      Connection:
      - keep-alive
      Content-Type:
      - application/json
      Date:
      - Sun, 11 Jan 2026 04:33:46 GMT
      Server:
      - nginx/1.25.3
      Transfer-Encoding:
      - chunked
      content-length:
      - '1815'
    status:
      code: 200
      message: OK
- request:
    body: ''
    headers:
      Accept:
      - '*/*'
      Accept-Encoding:
      - gzip, deflate
      Connection:
      - keep-alive
      Host:
      - gizmok103.fhcrc.org:42705
      User-Agent:
      - python-httpx/0.28.1
    method: GET
    uri: https://gizmok103.fhcrc.org:42705/api/workflows/v1/0ecf732f-609e-480f-a0c7-18858854047e/metadata?expandSubWorkflows=true
  response:
    body:
      string: '{"submittedFiles":{"workflow":"version 1.0\n# This workflow takes a
        tab separated file where each row is a set of data to be used in each \n#
        of the independent scattered task series that you have as your workflow process.  This
        file \n# will, for example, have column names `sampleName`, `bamLocation`,
        and `bedlocation`.  This\n# allows you to know that regardless of the order
        of the columns in your batch file, the correct\n# inputs will be used for
        the tasks you define.  \nworkflow parseBatchFile {\n  input {\n  File batchFile\n  }\n    Array[Object]
        batchInfo = read_objects(batchFile)\n  scatter (job in batchInfo){\n    String
        sampleName = job.sampleName\n    File bamFile = job.bamLocation\n    File
        bedFile = job.bedLocation\n\n    ## INSERT YOUR WORKFLOW TO RUN PER LINE IN
        YOUR BATCH FILE HERE!!!!\n    call test {\n        input: in1=sampleName,
        in2=bamFile, in3=bedFile\n    }\n\n  }  # End Scatter over the batch file\n#
        Outputs that will be retained when execution is complete\n  output {\n    Array[File]
        outputArray = test.item_out\n    }\n# End workflow\n}\n\n#### TASK DEFINITIONS\n#
        echo some text to stdout, treats files as strings just to echo them as a dummy
        example\ntask test {\n  input {\n    String in1\n    String in2\n    String
        in3\n  }\n    command {\n    echo ~{in1}\n    echo ~{in2}\n    echo ~{in3}\n    }\n    output
        {\n        File item_out = stdout()\n    }\n}","root":"","options":"{\n  \"read_from_cache\":
        false,\n  \"workflow_failure_mode\": \"ContinueWhilePossible\",\n  \"write_to_cache\":
        false\n}","inputs":"{}","workflowUrl":"","labels":"{}"},"calls":{},"outputs":{},"status":"Submitted","id":"0ecf732f-609e-480f-a0c7-18858854047e","inputs":{},"labels":{"cromwell-workflow-id":"cromwell-0ecf732f-609e-480f-a0c7-18858854047e"},"submission":"2026-01-11T04:32:16.351Z"}'
    headers:
      Connection:
      - keep-alive
      Content-Type:
      - application/json
      Date:
      - Sun, 11 Jan 2026 04:33:52 GMT
      Server:
      - nginx/1.25.3
      Transfer-Encoding:
      - chunked
      content-length:
      - '1815'
    status:
      code: 200
      message: OK
- request:
    body: ''
    headers:
      Accept:
      - '*/*'
      Accept-Encoding:
      - gzip, deflate
      Connection:
      - keep-alive
      Host:
      - gizmok103.fhcrc.org:42705
      User-Agent:
      - python-httpx/0.28.1
    method: GET
    uri: https://gizmok103.fhcrc.org:42705/api/workflows/v1/0ecf732f-609e-480f-a0c7-18858854047e/metadata?expandSubWorkflows=true
  response:
    body:
      string: '{"submittedFiles":{"workflow":"version 1.0\n# This workflow takes a
        tab separated file where each row is a set of data to be used in each \n#
        of the independent scattered task series that you have as your workflow process.  This
        file \n# will, for example, have column names `sampleName`, `bamLocation`,
        and `bedlocation`.  This\n# allows you to know that regardless of the order
        of the columns in your batch file, the correct\n# inputs will be used for
        the tasks you define.  \nworkflow parseBatchFile {\n  input {\n  File batchFile\n  }\n    Array[Object]
        batchInfo = read_objects(batchFile)\n  scatter (job in batchInfo){\n    String
        sampleName = job.sampleName\n    File bamFile = job.bamLocation\n    File
        bedFile = job.bedLocation\n\n    ## INSERT YOUR WORKFLOW TO RUN PER LINE IN
        YOUR BATCH FILE HERE!!!!\n    call test {\n        input: in1=sampleName,
        in2=bamFile, in3=bedFile\n    }\n\n  }  # End Scatter over the batch file\n#
        Outputs that will be retained when execution is complete\n  output {\n    Array[File]
        outputArray = test.item_out\n    }\n# End workflow\n}\n\n#### TASK DEFINITIONS\n#
        echo some text to stdout, treats files as strings just to echo them as a dummy
        example\ntask test {\n  input {\n    String in1\n    String in2\n    String
        in3\n  }\n    command {\n    echo ~{in1}\n    echo ~{in2}\n    echo ~{in3}\n    }\n    output
        {\n        File item_out = stdout()\n    }\n}","root":"","options":"{\n  \"read_from_cache\":
        false,\n  \"workflow_failure_mode\": \"ContinueWhilePossible\",\n  \"write_to_cache\":
        false\n}","inputs":"{}","workflowUrl":"","labels":"{}"},"calls":{},"outputs":{},"status":"Submitted","id":"0ecf732f-609e-480f-a0c7-18858854047e","inputs":{},"labels":{"cromwell-workflow-id":"cromwell-0ecf732f-609e-480f-a0c7-18858854047e"},"submission":"2026-01-11T04:32:16.351Z"}'
    headers:
      Connection:
      - keep-alive
      Content-Type:
      - application/json
      Date:
      - Sun, 11 Jan 2026 04:33:57 GMT
      Server:
      - nginx/1.25.3
      Transfer-Encoding:
      - chunked
      content-length:
      - '1815'
    status:
      code: 200
      message: OK
- request:
    body: ''
    headers:
      Accept:
      - '*/*'
      Accept-Encoding:
      - gzip, deflate
      Connection:
      - keep-alive
      Host:
      - gizmok103.fhcrc.org:42705
      User-Agent:
      - python-httpx/0.28.1
    method: GET
    uri: https://gizmok103.fhcrc.org:42705/api/workflows/v1/0ecf732f-609e-480f-a0c7-18858854047e/metadata?expandSubWorkflows=true
  response:
    body:
      string: '{"submittedFiles":{"workflow":"version 1.0\n# This workflow takes a
        tab separated file where each row is a set of data to be used in each \n#
        of the independent scattered task series that you have as your workflow process.  This
        file \n# will, for example, have column names `sampleName`, `bamLocation`,
        and `bedlocation`.  This\n# allows you to know that regardless of the order
        of the columns in your batch file, the correct\n# inputs will be used for
        the tasks you define.  \nworkflow parseBatchFile {\n  input {\n  File batchFile\n  }\n    Array[Object]
        batchInfo = read_objects(batchFile)\n  scatter (job in batchInfo){\n    String
        sampleName = job.sampleName\n    File bamFile = job.bamLocation\n    File
        bedFile = job.bedLocation\n\n    ## INSERT YOUR WORKFLOW TO RUN PER LINE IN
        YOUR BATCH FILE HERE!!!!\n    call test {\n        input: in1=sampleName,
        in2=bamFile, in3=bedFile\n    }\n\n  }  # End Scatter over the batch file\n#
        Outputs that will be retained when execution is complete\n  output {\n    Array[File]
        outputArray = test.item_out\n    }\n# End workflow\n}\n\n#### TASK DEFINITIONS\n#
        echo some text to stdout, treats files as strings just to echo them as a dummy
        example\ntask test {\n  input {\n    String in1\n    String in2\n    String
        in3\n  }\n    command {\n    echo ~{in1}\n    echo ~{in2}\n    echo ~{in3}\n    }\n    output
        {\n        File item_out = stdout()\n    }\n}","root":"","options":"{\n  \"read_from_cache\":
        false,\n  \"workflow_failure_mode\": \"ContinueWhilePossible\",\n  \"write_to_cache\":
        false\n}","inputs":"{}","workflowUrl":"","labels":"{}"},"calls":{},"outputs":{},"status":"Submitted","id":"0ecf732f-609e-480f-a0c7-18858854047e","inputs":{},"labels":{"cromwell-workflow-id":"cromwell-0ecf732f-609e-480f-a0c7-18858854047e"},"submission":"2026-01-11T04:32:16.351Z"}'
    headers:
      Connection:
      - keep-alive
      Content-Type:
      - application/json
      Date:
      - Sun, 11 Jan 2026 04:34:02 GMT
      Server:
      - nginx/1.25.3
      Transfer-Encoding:
      - chunked
      content-length:
      - '1815'
    status:
      code: 200
      message: OK
- request:
    body: ''
    headers:
      Accept:
      - '*/*'
      Accept-Encoding:
      - gzip, deflate
      Connection:
      - keep-alive
      Host:
      - gizmok103.fhcrc.org:42705
      User-Agent:
      - python-httpx/0.28.1
    method: GET
    uri: https://gizmok103.fhcrc.org:42705/api/workflows/v1/0ecf732f-609e-480f-a0c7-18858854047e/metadata?expandSubWorkflows=true
  response:
    body:
      string: '{"submittedFiles":{"workflow":"version 1.0\n# This workflow takes a
        tab separated file where each row is a set of data to be used in each \n#
        of the independent scattered task series that you have as your workflow process.  This
        file \n# will, for example, have column names `sampleName`, `bamLocation`,
        and `bedlocation`.  This\n# allows you to know that regardless of the order
        of the columns in your batch file, the correct\n# inputs will be used for
        the tasks you define.  \nworkflow parseBatchFile {\n  input {\n  File batchFile\n  }\n    Array[Object]
        batchInfo = read_objects(batchFile)\n  scatter (job in batchInfo){\n    String
        sampleName = job.sampleName\n    File bamFile = job.bamLocation\n    File
        bedFile = job.bedLocation\n\n    ## INSERT YOUR WORKFLOW TO RUN PER LINE IN
        YOUR BATCH FILE HERE!!!!\n    call test {\n        input: in1=sampleName,
        in2=bamFile, in3=bedFile\n    }\n\n  }  # End Scatter over the batch file\n#
        Outputs that will be retained when execution is complete\n  output {\n    Array[File]
        outputArray = test.item_out\n    }\n# End workflow\n}\n\n#### TASK DEFINITIONS\n#
        echo some text to stdout, treats files as strings just to echo them as a dummy
        example\ntask test {\n  input {\n    String in1\n    String in2\n    String
        in3\n  }\n    command {\n    echo ~{in1}\n    echo ~{in2}\n    echo ~{in3}\n    }\n    output
        {\n        File item_out = stdout()\n    }\n}","root":"","options":"{\n  \"read_from_cache\":
        false,\n  \"workflow_failure_mode\": \"ContinueWhilePossible\",\n  \"write_to_cache\":
        false\n}","inputs":"{}","workflowUrl":"","labels":"{}"},"calls":{},"outputs":{},"status":"Submitted","id":"0ecf732f-609e-480f-a0c7-18858854047e","inputs":{},"labels":{"cromwell-workflow-id":"cromwell-0ecf732f-609e-480f-a0c7-18858854047e"},"submission":"2026-01-11T04:32:16.351Z"}'
    headers:
      Connection:
      - keep-alive
      Content-Type:
      - application/json
      Date:
      - Sun, 11 Jan 2026 04:34:07 GMT
      Server:
      - nginx/1.25.3
      Transfer-Encoding:
      - chunked
      content-length:
      - '1815'
    status:
      code: 200
      message: OK
- request:
    body: ''
    headers:
      Accept:
      - '*/*'
      Accept-Encoding:
      - gzip, deflate
      Connection:
      - keep-alive
      Host:
      - gizmok103.fhcrc.org:42705
      User-Agent:
      - python-httpx/0.28.1
    method: GET
    uri: https://gizmok103.fhcrc.org:42705/api/workflows/v1/0ecf732f-609e-480f-a0c7-18858854047e/metadata?expandSubWorkflows=true
  response:
    body:
      string: '{"submittedFiles":{"workflow":"version 1.0\n# This workflow takes a
        tab separated file where each row is a set of data to be used in each \n#
        of the independent scattered task series that you have as your workflow process.  This
        file \n# will, for example, have column names `sampleName`, `bamLocation`,
        and `bedlocation`.  This\n# allows you to know that regardless of the order
        of the columns in your batch file, the correct\n# inputs will be used for
        the tasks you define.  \nworkflow parseBatchFile {\n  input {\n  File batchFile\n  }\n    Array[Object]
        batchInfo = read_objects(batchFile)\n  scatter (job in batchInfo){\n    String
        sampleName = job.sampleName\n    File bamFile = job.bamLocation\n    File
        bedFile = job.bedLocation\n\n    ## INSERT YOUR WORKFLOW TO RUN PER LINE IN
        YOUR BATCH FILE HERE!!!!\n    call test {\n        input: in1=sampleName,
        in2=bamFile, in3=bedFile\n    }\n\n  }  # End Scatter over the batch file\n#
        Outputs that will be retained when execution is complete\n  output {\n    Array[File]
        outputArray = test.item_out\n    }\n# End workflow\n}\n\n#### TASK DEFINITIONS\n#
        echo some text to stdout, treats files as strings just to echo them as a dummy
        example\ntask test {\n  input {\n    String in1\n    String in2\n    String
        in3\n  }\n    command {\n    echo ~{in1}\n    echo ~{in2}\n    echo ~{in3}\n    }\n    output
        {\n        File item_out = stdout()\n    }\n}","root":"","options":"{\n  \"read_from_cache\":
        false,\n  \"workflow_failure_mode\": \"ContinueWhilePossible\",\n  \"write_to_cache\":
        false\n}","inputs":"{}","workflowUrl":"","labels":"{}"},"calls":{},"outputs":{},"status":"Submitted","id":"0ecf732f-609e-480f-a0c7-18858854047e","inputs":{},"labels":{"cromwell-workflow-id":"cromwell-0ecf732f-609e-480f-a0c7-18858854047e"},"submission":"2026-01-11T04:32:16.351Z"}'
    headers:
      Connection:
      - keep-alive
      Content-Type:
      - application/json
      Date:
      - Sun, 11 Jan 2026 04:34:12 GMT
      Server:
      - nginx/1.25.3
      Transfer-Encoding:
      - chunked
      content-length:
      - '1815'
    status:
      code: 200
      message: OK
- request:
    body: ''
    headers:
      Accept:
      - '*/*'
      Accept-Encoding:
      - gzip, deflate
      Connection:
      - keep-alive
      Host:
      - gizmok103.fhcrc.org:42705
      User-Agent:
      - python-httpx/0.28.1
    method: GET
    uri: https://gizmok103.fhcrc.org:42705/api/workflows/v1/0ecf732f-609e-480f-a0c7-18858854047e/metadata?expandSubWorkflows=true
  response:
    body:
      string: '{"submittedFiles":{"workflow":"version 1.0\n# This workflow takes a
        tab separated file where each row is a set of data to be used in each \n#
        of the independent scattered task series that you have as your workflow process.  This
        file \n# will, for example, have column names `sampleName`, `bamLocation`,
        and `bedlocation`.  This\n# allows you to know that regardless of the order
        of the columns in your batch file, the correct\n# inputs will be used for
        the tasks you define.  \nworkflow parseBatchFile {\n  input {\n  File batchFile\n  }\n    Array[Object]
        batchInfo = read_objects(batchFile)\n  scatter (job in batchInfo){\n    String
        sampleName = job.sampleName\n    File bamFile = job.bamLocation\n    File
        bedFile = job.bedLocation\n\n    ## INSERT YOUR WORKFLOW TO RUN PER LINE IN
        YOUR BATCH FILE HERE!!!!\n    call test {\n        input: in1=sampleName,
        in2=bamFile, in3=bedFile\n    }\n\n  }  # End Scatter over the batch file\n#
        Outputs that will be retained when execution is complete\n  output {\n    Array[File]
        outputArray = test.item_out\n    }\n# End workflow\n}\n\n#### TASK DEFINITIONS\n#
        echo some text to stdout, treats files as strings just to echo them as a dummy
        example\ntask test {\n  input {\n    String in1\n    String in2\n    String
        in3\n  }\n    command {\n    echo ~{in1}\n    echo ~{in2}\n    echo ~{in3}\n    }\n    output
        {\n        File item_out = stdout()\n    }\n}","root":"","options":"{\n  \"read_from_cache\":
        false,\n  \"workflow_failure_mode\": \"ContinueWhilePossible\",\n  \"write_to_cache\":
        false\n}","inputs":"{}","workflowUrl":"","labels":"{}"},"calls":{},"outputs":{},"status":"Submitted","id":"0ecf732f-609e-480f-a0c7-18858854047e","inputs":{},"labels":{"cromwell-workflow-id":"cromwell-0ecf732f-609e-480f-a0c7-18858854047e"},"submission":"2026-01-11T04:32:16.351Z"}'
    headers:
      Connection:
      - keep-alive
      Content-Type:
      - application/json
      Date:
      - Sun, 11 Jan 2026 04:34:17 GMT
      Server:
      - nginx/1.25.3
      Transfer-Encoding:
      - chunked
      content-length:
      - '1815'
    status:
      code: 200
      message: OK
- request:
    body: ''
    headers:
      Accept:
      - '*/*'
      Accept-Encoding:
      - gzip, deflate
      Connection:
      - keep-alive
      Host:
      - gizmok103.fhcrc.org:42705
      User-Agent:
      - python-httpx/0.28.1
    method: GET
    uri: https://gizmok103.fhcrc.org:42705/api/workflows/v1/0ecf732f-609e-480f-a0c7-18858854047e/metadata?expandSubWorkflows=true
  response:
    body:
      string: '{"submittedFiles":{"workflow":"version 1.0\n# This workflow takes a
        tab separated file where each row is a set of data to be used in each \n#
        of the independent scattered task series that you have as your workflow process.  This
        file \n# will, for example, have column names `sampleName`, `bamLocation`,
        and `bedlocation`.  This\n# allows you to know that regardless of the order
        of the columns in your batch file, the correct\n# inputs will be used for
        the tasks you define.  \nworkflow parseBatchFile {\n  input {\n  File batchFile\n  }\n    Array[Object]
        batchInfo = read_objects(batchFile)\n  scatter (job in batchInfo){\n    String
        sampleName = job.sampleName\n    File bamFile = job.bamLocation\n    File
        bedFile = job.bedLocation\n\n    ## INSERT YOUR WORKFLOW TO RUN PER LINE IN
        YOUR BATCH FILE HERE!!!!\n    call test {\n        input: in1=sampleName,
        in2=bamFile, in3=bedFile\n    }\n\n  }  # End Scatter over the batch file\n#
        Outputs that will be retained when execution is complete\n  output {\n    Array[File]
        outputArray = test.item_out\n    }\n# End workflow\n}\n\n#### TASK DEFINITIONS\n#
        echo some text to stdout, treats files as strings just to echo them as a dummy
        example\ntask test {\n  input {\n    String in1\n    String in2\n    String
        in3\n  }\n    command {\n    echo ~{in1}\n    echo ~{in2}\n    echo ~{in3}\n    }\n    output
        {\n        File item_out = stdout()\n    }\n}","root":"","options":"{\n  \"read_from_cache\":
        false,\n  \"workflow_failure_mode\": \"ContinueWhilePossible\",\n  \"write_to_cache\":
        false\n}","inputs":"{}","workflowUrl":"","labels":"{}"},"calls":{},"outputs":{},"status":"Submitted","id":"0ecf732f-609e-480f-a0c7-18858854047e","inputs":{},"labels":{"cromwell-workflow-id":"cromwell-0ecf732f-609e-480f-a0c7-18858854047e"},"submission":"2026-01-11T04:32:16.351Z"}'
    headers:
      Connection:
      - keep-alive
      Content-Type:
      - application/json
      Date:
      - Sun, 11 Jan 2026 04:34:22 GMT
      Server:
      - nginx/1.25.3
      Transfer-Encoding:
      - chunked
      content-length:
      - '1815'
    status:
      code: 200
      message: OK
- request:
    body: ''
    headers:
      Accept:
      - '*/*'
      Accept-Encoding:
      - gzip, deflate
      Connection:
      - keep-alive
      Host:
      - gizmok103.fhcrc.org:42705
      User-Agent:
      - python-httpx/0.28.1
    method: GET
    uri: https://gizmok103.fhcrc.org:42705/api/workflows/v1/0ecf732f-609e-480f-a0c7-18858854047e/metadata?expandSubWorkflows=true
  response:
    body:
      string: '{"submittedFiles":{"workflow":"version 1.0\n# This workflow takes a
        tab separated file where each row is a set of data to be used in each \n#
        of the independent scattered task series that you have as your workflow process.  This
        file \n# will, for example, have column names `sampleName`, `bamLocation`,
        and `bedlocation`.  This\n# allows you to know that regardless of the order
        of the columns in your batch file, the correct\n# inputs will be used for
        the tasks you define.  \nworkflow parseBatchFile {\n  input {\n  File batchFile\n  }\n    Array[Object]
        batchInfo = read_objects(batchFile)\n  scatter (job in batchInfo){\n    String
        sampleName = job.sampleName\n    File bamFile = job.bamLocation\n    File
        bedFile = job.bedLocation\n\n    ## INSERT YOUR WORKFLOW TO RUN PER LINE IN
        YOUR BATCH FILE HERE!!!!\n    call test {\n        input: in1=sampleName,
        in2=bamFile, in3=bedFile\n    }\n\n  }  # End Scatter over the batch file\n#
        Outputs that will be retained when execution is complete\n  output {\n    Array[File]
        outputArray = test.item_out\n    }\n# End workflow\n}\n\n#### TASK DEFINITIONS\n#
        echo some text to stdout, treats files as strings just to echo them as a dummy
        example\ntask test {\n  input {\n    String in1\n    String in2\n    String
        in3\n  }\n    command {\n    echo ~{in1}\n    echo ~{in2}\n    echo ~{in3}\n    }\n    output
        {\n        File item_out = stdout()\n    }\n}","root":"","options":"{\n  \"read_from_cache\":
        false,\n  \"workflow_failure_mode\": \"ContinueWhilePossible\",\n  \"write_to_cache\":
        false\n}","inputs":"{}","workflowUrl":"","labels":"{}"},"calls":{},"outputs":{},"status":"Submitted","id":"0ecf732f-609e-480f-a0c7-18858854047e","inputs":{},"labels":{"cromwell-workflow-id":"cromwell-0ecf732f-609e-480f-a0c7-18858854047e"},"submission":"2026-01-11T04:32:16.351Z"}'
    headers:
      Connection:
      - keep-alive
      Content-Type:
      - application/json
      Date:
      - Sun, 11 Jan 2026 04:34:27 GMT
      Server:
      - nginx/1.25.3
      Transfer-Encoding:
      - chunked
      content-length:
      - '1815'
    status:
      code: 200
      message: OK
- request:
    body: ''
    headers:
      Accept:
      - '*/*'
      Accept-Encoding:
      - gzip, deflate
      Connection:
      - keep-alive
      Host:
      - gizmok103.fhcrc.org:42705
      User-Agent:
      - python-httpx/0.28.1
    method: GET
    uri: https://gizmok103.fhcrc.org:42705/api/workflows/v1/0ecf732f-609e-480f-a0c7-18858854047e/metadata?expandSubWorkflows=true
  response:
    body:
      string: '{"submittedFiles":{"workflow":"version 1.0\n# This workflow takes a
        tab separated file where each row is a set of data to be used in each \n#
        of the independent scattered task series that you have as your workflow process.  This
        file \n# will, for example, have column names `sampleName`, `bamLocation`,
        and `bedlocation`.  This\n# allows you to know that regardless of the order
        of the columns in your batch file, the correct\n# inputs will be used for
        the tasks you define.  \nworkflow parseBatchFile {\n  input {\n  File batchFile\n  }\n    Array[Object]
        batchInfo = read_objects(batchFile)\n  scatter (job in batchInfo){\n    String
        sampleName = job.sampleName\n    File bamFile = job.bamLocation\n    File
        bedFile = job.bedLocation\n\n    ## INSERT YOUR WORKFLOW TO RUN PER LINE IN
        YOUR BATCH FILE HERE!!!!\n    call test {\n        input: in1=sampleName,
        in2=bamFile, in3=bedFile\n    }\n\n  }  # End Scatter over the batch file\n#
        Outputs that will be retained when execution is complete\n  output {\n    Array[File]
        outputArray = test.item_out\n    }\n# End workflow\n}\n\n#### TASK DEFINITIONS\n#
        echo some text to stdout, treats files as strings just to echo them as a dummy
        example\ntask test {\n  input {\n    String in1\n    String in2\n    String
        in3\n  }\n    command {\n    echo ~{in1}\n    echo ~{in2}\n    echo ~{in3}\n    }\n    output
        {\n        File item_out = stdout()\n    }\n}","root":"","options":"{\n  \"read_from_cache\":
        false,\n  \"workflow_failure_mode\": \"ContinueWhilePossible\",\n  \"write_to_cache\":
        false\n}","inputs":"{}","workflowUrl":"","labels":"{}"},"calls":{},"outputs":{},"status":"Submitted","id":"0ecf732f-609e-480f-a0c7-18858854047e","inputs":{},"labels":{"cromwell-workflow-id":"cromwell-0ecf732f-609e-480f-a0c7-18858854047e"},"submission":"2026-01-11T04:32:16.351Z"}'
    headers:
      Connection:
      - keep-alive
      Content-Type:
      - application/json
      Date:
      - Sun, 11 Jan 2026 04:34:32 GMT
      Server:
      - nginx/1.25.3
      Transfer-Encoding:
      - chunked
      content-length:
      - '1815'
    status:
      code: 200
      message: OK
- request:
    body: ''
    headers:
      Accept:
      - '*/*'
      Accept-Encoding:
      - gzip, deflate
      Connection:
      - keep-alive
      Host:
      - gizmok103.fhcrc.org:42705
      User-Agent:
      - python-httpx/0.28.1
    method: GET
    uri: https://gizmok103.fhcrc.org:42705/api/workflows/v1/0ecf732f-609e-480f-a0c7-18858854047e/metadata?expandSubWorkflows=true
  response:
    body:
      string: '{"submittedFiles":{"workflow":"version 1.0\n# This workflow takes a
        tab separated file where each row is a set of data to be used in each \n#
        of the independent scattered task series that you have as your workflow process.  This
        file \n# will, for example, have column names `sampleName`, `bamLocation`,
        and `bedlocation`.  This\n# allows you to know that regardless of the order
        of the columns in your batch file, the correct\n# inputs will be used for
        the tasks you define.  \nworkflow parseBatchFile {\n  input {\n  File batchFile\n  }\n    Array[Object]
        batchInfo = read_objects(batchFile)\n  scatter (job in batchInfo){\n    String
        sampleName = job.sampleName\n    File bamFile = job.bamLocation\n    File
        bedFile = job.bedLocation\n\n    ## INSERT YOUR WORKFLOW TO RUN PER LINE IN
        YOUR BATCH FILE HERE!!!!\n    call test {\n        input: in1=sampleName,
        in2=bamFile, in3=bedFile\n    }\n\n  }  # End Scatter over the batch file\n#
        Outputs that will be retained when execution is complete\n  output {\n    Array[File]
        outputArray = test.item_out\n    }\n# End workflow\n}\n\n#### TASK DEFINITIONS\n#
        echo some text to stdout, treats files as strings just to echo them as a dummy
        example\ntask test {\n  input {\n    String in1\n    String in2\n    String
        in3\n  }\n    command {\n    echo ~{in1}\n    echo ~{in2}\n    echo ~{in3}\n    }\n    output
        {\n        File item_out = stdout()\n    }\n}","root":"","options":"{\n  \"read_from_cache\":
        false,\n  \"workflow_failure_mode\": \"ContinueWhilePossible\",\n  \"write_to_cache\":
        false\n}","inputs":"{}","workflowUrl":"","labels":"{}"},"calls":{},"outputs":{},"status":"Submitted","id":"0ecf732f-609e-480f-a0c7-18858854047e","inputs":{},"labels":{"cromwell-workflow-id":"cromwell-0ecf732f-609e-480f-a0c7-18858854047e"},"submission":"2026-01-11T04:32:16.351Z"}'
    headers:
      Connection:
      - keep-alive
      Content-Type:
      - application/json
      Date:
      - Sun, 11 Jan 2026 04:34:37 GMT
      Server:
      - nginx/1.25.3
      Transfer-Encoding:
      - chunked
      content-length:
      - '1815'
    status:
      code: 200
      message: OK
- request:
    body: ''
    headers:
      Accept:
      - '*/*'
      Accept-Encoding:
      - gzip, deflate
      Connection:
      - keep-alive
      Host:
      - gizmok103.fhcrc.org:42705
      User-Agent:
      - python-httpx/0.28.1
    method: GET
    uri: https://gizmok103.fhcrc.org:42705/api/workflows/v1/0ecf732f-609e-480f-a0c7-18858854047e/metadata?expandSubWorkflows=true
  response:
    body:
      string: '{"submittedFiles":{"workflow":"version 1.0\n# This workflow takes a
        tab separated file where each row is a set of data to be used in each \n#
        of the independent scattered task series that you have as your workflow process.  This
        file \n# will, for example, have column names `sampleName`, `bamLocation`,
        and `bedlocation`.  This\n# allows you to know that regardless of the order
        of the columns in your batch file, the correct\n# inputs will be used for
        the tasks you define.  \nworkflow parseBatchFile {\n  input {\n  File batchFile\n  }\n    Array[Object]
        batchInfo = read_objects(batchFile)\n  scatter (job in batchInfo){\n    String
        sampleName = job.sampleName\n    File bamFile = job.bamLocation\n    File
        bedFile = job.bedLocation\n\n    ## INSERT YOUR WORKFLOW TO RUN PER LINE IN
        YOUR BATCH FILE HERE!!!!\n    call test {\n        input: in1=sampleName,
        in2=bamFile, in3=bedFile\n    }\n\n  }  # End Scatter over the batch file\n#
        Outputs that will be retained when execution is complete\n  output {\n    Array[File]
        outputArray = test.item_out\n    }\n# End workflow\n}\n\n#### TASK DEFINITIONS\n#
        echo some text to stdout, treats files as strings just to echo them as a dummy
        example\ntask test {\n  input {\n    String in1\n    String in2\n    String
        in3\n  }\n    command {\n    echo ~{in1}\n    echo ~{in2}\n    echo ~{in3}\n    }\n    output
        {\n        File item_out = stdout()\n    }\n}","root":"","options":"{\n  \"read_from_cache\":
        false,\n  \"workflow_failure_mode\": \"ContinueWhilePossible\",\n  \"write_to_cache\":
        false\n}","inputs":"{}","workflowUrl":"","labels":"{}"},"calls":{},"outputs":{},"status":"Submitted","id":"0ecf732f-609e-480f-a0c7-18858854047e","inputs":{},"labels":{"cromwell-workflow-id":"cromwell-0ecf732f-609e-480f-a0c7-18858854047e"},"submission":"2026-01-11T04:32:16.351Z"}'
    headers:
      Connection:
      - keep-alive
      Content-Type:
      - application/json
      Date:
      - Sun, 11 Jan 2026 04:34:42 GMT
      Server:
      - nginx/1.25.3
      Transfer-Encoding:
      - chunked
      content-length:
      - '1815'
    status:
      code: 200
      message: OK
- request:
    body: ''
    headers:
      Accept:
      - '*/*'
      Accept-Encoding:
      - gzip, deflate
      Connection:
      - keep-alive
      Host:
      - gizmok103.fhcrc.org:42705
      User-Agent:
      - python-httpx/0.28.1
    method: GET
    uri: https://gizmok103.fhcrc.org:42705/api/workflows/v1/0ecf732f-609e-480f-a0c7-18858854047e/metadata?expandSubWorkflows=true
  response:
    body:
      string: '{"submittedFiles":{"workflow":"version 1.0\n# This workflow takes a
        tab separated file where each row is a set of data to be used in each \n#
        of the independent scattered task series that you have as your workflow process.  This
        file \n# will, for example, have column names `sampleName`, `bamLocation`,
        and `bedlocation`.  This\n# allows you to know that regardless of the order
        of the columns in your batch file, the correct\n# inputs will be used for
        the tasks you define.  \nworkflow parseBatchFile {\n  input {\n  File batchFile\n  }\n    Array[Object]
        batchInfo = read_objects(batchFile)\n  scatter (job in batchInfo){\n    String
        sampleName = job.sampleName\n    File bamFile = job.bamLocation\n    File
        bedFile = job.bedLocation\n\n    ## INSERT YOUR WORKFLOW TO RUN PER LINE IN
        YOUR BATCH FILE HERE!!!!\n    call test {\n        input: in1=sampleName,
        in2=bamFile, in3=bedFile\n    }\n\n  }  # End Scatter over the batch file\n#
        Outputs that will be retained when execution is complete\n  output {\n    Array[File]
        outputArray = test.item_out\n    }\n# End workflow\n}\n\n#### TASK DEFINITIONS\n#
        echo some text to stdout, treats files as strings just to echo them as a dummy
        example\ntask test {\n  input {\n    String in1\n    String in2\n    String
        in3\n  }\n    command {\n    echo ~{in1}\n    echo ~{in2}\n    echo ~{in3}\n    }\n    output
        {\n        File item_out = stdout()\n    }\n}","root":"","options":"{\n  \"read_from_cache\":
        false,\n  \"workflow_failure_mode\": \"ContinueWhilePossible\",\n  \"write_to_cache\":
        false\n}","inputs":"{}","workflowUrl":"","labels":"{}"},"calls":{},"outputs":{},"status":"Submitted","id":"0ecf732f-609e-480f-a0c7-18858854047e","inputs":{},"labels":{"cromwell-workflow-id":"cromwell-0ecf732f-609e-480f-a0c7-18858854047e"},"submission":"2026-01-11T04:32:16.351Z"}'
    headers:
      Connection:
      - keep-alive
      Content-Type:
      - application/json
      Date:
      - Sun, 11 Jan 2026 04:34:47 GMT
      Server:
      - nginx/1.25.3
      Transfer-Encoding:
      - chunked
      content-length:
      - '1815'
    status:
      code: 200
      message: OK
- request:
    body: ''
    headers:
      Accept:
      - '*/*'
      Accept-Encoding:
      - gzip, deflate
      Connection:
      - keep-alive
      Host:
      - gizmok103.fhcrc.org:42705
      User-Agent:
      - python-httpx/0.28.1
    method: GET
    uri: https://gizmok103.fhcrc.org:42705/api/workflows/v1/0ecf732f-609e-480f-a0c7-18858854047e/metadata?expandSubWorkflows=true
  response:
    body:
      string: '{"submittedFiles":{"workflow":"version 1.0\n# This workflow takes a
        tab separated file where each row is a set of data to be used in each \n#
        of the independent scattered task series that you have as your workflow process.  This
        file \n# will, for example, have column names `sampleName`, `bamLocation`,
        and `bedlocation`.  This\n# allows you to know that regardless of the order
        of the columns in your batch file, the correct\n# inputs will be used for
        the tasks you define.  \nworkflow parseBatchFile {\n  input {\n  File batchFile\n  }\n    Array[Object]
        batchInfo = read_objects(batchFile)\n  scatter (job in batchInfo){\n    String
        sampleName = job.sampleName\n    File bamFile = job.bamLocation\n    File
        bedFile = job.bedLocation\n\n    ## INSERT YOUR WORKFLOW TO RUN PER LINE IN
        YOUR BATCH FILE HERE!!!!\n    call test {\n        input: in1=sampleName,
        in2=bamFile, in3=bedFile\n    }\n\n  }  # End Scatter over the batch file\n#
        Outputs that will be retained when execution is complete\n  output {\n    Array[File]
        outputArray = test.item_out\n    }\n# End workflow\n}\n\n#### TASK DEFINITIONS\n#
        echo some text to stdout, treats files as strings just to echo them as a dummy
        example\ntask test {\n  input {\n    String in1\n    String in2\n    String
        in3\n  }\n    command {\n    echo ~{in1}\n    echo ~{in2}\n    echo ~{in3}\n    }\n    output
        {\n        File item_out = stdout()\n    }\n}","root":"","options":"{\n  \"read_from_cache\":
        false,\n  \"workflow_failure_mode\": \"ContinueWhilePossible\",\n  \"write_to_cache\":
        false\n}","inputs":"{}","workflowUrl":"","labels":"{}"},"calls":{},"outputs":{},"status":"Submitted","id":"0ecf732f-609e-480f-a0c7-18858854047e","inputs":{},"labels":{"cromwell-workflow-id":"cromwell-0ecf732f-609e-480f-a0c7-18858854047e"},"submission":"2026-01-11T04:32:16.351Z"}'
    headers:
      Connection:
      - keep-alive
      Content-Type:
      - application/json
      Date:
      - Sun, 11 Jan 2026 04:34:52 GMT
      Server:
      - nginx/1.25.3
      Transfer-Encoding:
      - chunked
      content-length:
      - '1815'
    status:
      code: 200
      message: OK
- request:
    body: ''
    headers:
      Accept:
      - '*/*'
      Accept-Encoding:
      - gzip, deflate
      Connection:
      - keep-alive
      Host:
      - gizmok103.fhcrc.org:42705
      User-Agent:
      - python-httpx/0.28.1
    method: GET
    uri: https://gizmok103.fhcrc.org:42705/api/workflows/v1/0ecf732f-609e-480f-a0c7-18858854047e/metadata?expandSubWorkflows=true
  response:
    body:
      string: '{"submittedFiles":{"workflow":"version 1.0\n# This workflow takes a
        tab separated file where each row is a set of data to be used in each \n#
        of the independent scattered task series that you have as your workflow process.  This
        file \n# will, for example, have column names `sampleName`, `bamLocation`,
        and `bedlocation`.  This\n# allows you to know that regardless of the order
        of the columns in your batch file, the correct\n# inputs will be used for
        the tasks you define.  \nworkflow parseBatchFile {\n  input {\n  File batchFile\n  }\n    Array[Object]
        batchInfo = read_objects(batchFile)\n  scatter (job in batchInfo){\n    String
        sampleName = job.sampleName\n    File bamFile = job.bamLocation\n    File
        bedFile = job.bedLocation\n\n    ## INSERT YOUR WORKFLOW TO RUN PER LINE IN
        YOUR BATCH FILE HERE!!!!\n    call test {\n        input: in1=sampleName,
        in2=bamFile, in3=bedFile\n    }\n\n  }  # End Scatter over the batch file\n#
        Outputs that will be retained when execution is complete\n  output {\n    Array[File]
        outputArray = test.item_out\n    }\n# End workflow\n}\n\n#### TASK DEFINITIONS\n#
        echo some text to stdout, treats files as strings just to echo them as a dummy
        example\ntask test {\n  input {\n    String in1\n    String in2\n    String
        in3\n  }\n    command {\n    echo ~{in1}\n    echo ~{in2}\n    echo ~{in3}\n    }\n    output
        {\n        File item_out = stdout()\n    }\n}","root":"","options":"{\n  \"read_from_cache\":
        false,\n  \"workflow_failure_mode\": \"ContinueWhilePossible\",\n  \"write_to_cache\":
        false\n}","inputs":"{}","workflowUrl":"","labels":"{}"},"calls":{},"outputs":{},"status":"Submitted","id":"0ecf732f-609e-480f-a0c7-18858854047e","inputs":{},"labels":{"cromwell-workflow-id":"cromwell-0ecf732f-609e-480f-a0c7-18858854047e"},"submission":"2026-01-11T04:32:16.351Z"}'
    headers:
      Connection:
      - keep-alive
      Content-Type:
      - application/json
      Date:
      - Sun, 11 Jan 2026 04:34:57 GMT
      Server:
      - nginx/1.25.3
      Transfer-Encoding:
      - chunked
      content-length:
      - '1815'
    status:
      code: 200
      message: OK
- request:
    body: ''
    headers:
      Accept:
      - '*/*'
      Accept-Encoding:
      - gzip, deflate
      Connection:
      - keep-alive
      Host:
      - gizmok103.fhcrc.org:42705
      User-Agent:
      - python-httpx/0.28.1
    method: GET
    uri: https://gizmok103.fhcrc.org:42705/api/workflows/v1/0ecf732f-609e-480f-a0c7-18858854047e/metadata?expandSubWorkflows=true
  response:
    body:
      string: '{"submittedFiles":{"workflow":"version 1.0\n# This workflow takes a
        tab separated file where each row is a set of data to be used in each \n#
        of the independent scattered task series that you have as your workflow process.  This
        file \n# will, for example, have column names `sampleName`, `bamLocation`,
        and `bedlocation`.  This\n# allows you to know that regardless of the order
        of the columns in your batch file, the correct\n# inputs will be used for
        the tasks you define.  \nworkflow parseBatchFile {\n  input {\n  File batchFile\n  }\n    Array[Object]
        batchInfo = read_objects(batchFile)\n  scatter (job in batchInfo){\n    String
        sampleName = job.sampleName\n    File bamFile = job.bamLocation\n    File
        bedFile = job.bedLocation\n\n    ## INSERT YOUR WORKFLOW TO RUN PER LINE IN
        YOUR BATCH FILE HERE!!!!\n    call test {\n        input: in1=sampleName,
        in2=bamFile, in3=bedFile\n    }\n\n  }  # End Scatter over the batch file\n#
        Outputs that will be retained when execution is complete\n  output {\n    Array[File]
        outputArray = test.item_out\n    }\n# End workflow\n}\n\n#### TASK DEFINITIONS\n#
        echo some text to stdout, treats files as strings just to echo them as a dummy
        example\ntask test {\n  input {\n    String in1\n    String in2\n    String
        in3\n  }\n    command {\n    echo ~{in1}\n    echo ~{in2}\n    echo ~{in3}\n    }\n    output
        {\n        File item_out = stdout()\n    }\n}","root":"","options":"{\n  \"read_from_cache\":
        false,\n  \"workflow_failure_mode\": \"ContinueWhilePossible\",\n  \"write_to_cache\":
        false\n}","inputs":"{}","workflowUrl":"","labels":"{}"},"calls":{},"outputs":{},"status":"Submitted","id":"0ecf732f-609e-480f-a0c7-18858854047e","inputs":{},"labels":{"cromwell-workflow-id":"cromwell-0ecf732f-609e-480f-a0c7-18858854047e"},"submission":"2026-01-11T04:32:16.351Z"}'
    headers:
      Connection:
      - keep-alive
      Content-Type:
      - application/json
      Date:
      - Sun, 11 Jan 2026 04:35:02 GMT
      Server:
      - nginx/1.25.3
      Transfer-Encoding:
      - chunked
      content-length:
      - '1815'
    status:
      code: 200
      message: OK
- request:
    body: ''
    headers:
      Accept:
      - '*/*'
      Accept-Encoding:
      - gzip, deflate
      Connection:
      - keep-alive
      Host:
      - gizmok103.fhcrc.org:42705
      User-Agent:
      - python-httpx/0.28.1
    method: GET
    uri: https://gizmok103.fhcrc.org:42705/api/workflows/v1/0ecf732f-609e-480f-a0c7-18858854047e/metadata?expandSubWorkflows=true
  response:
    body:
      string: '{"submittedFiles":{"workflow":"version 1.0\n# This workflow takes a
        tab separated file where each row is a set of data to be used in each \n#
        of the independent scattered task series that you have as your workflow process.  This
        file \n# will, for example, have column names `sampleName`, `bamLocation`,
        and `bedlocation`.  This\n# allows you to know that regardless of the order
        of the columns in your batch file, the correct\n# inputs will be used for
        the tasks you define.  \nworkflow parseBatchFile {\n  input {\n  File batchFile\n  }\n    Array[Object]
        batchInfo = read_objects(batchFile)\n  scatter (job in batchInfo){\n    String
        sampleName = job.sampleName\n    File bamFile = job.bamLocation\n    File
        bedFile = job.bedLocation\n\n    ## INSERT YOUR WORKFLOW TO RUN PER LINE IN
        YOUR BATCH FILE HERE!!!!\n    call test {\n        input: in1=sampleName,
        in2=bamFile, in3=bedFile\n    }\n\n  }  # End Scatter over the batch file\n#
        Outputs that will be retained when execution is complete\n  output {\n    Array[File]
        outputArray = test.item_out\n    }\n# End workflow\n}\n\n#### TASK DEFINITIONS\n#
        echo some text to stdout, treats files as strings just to echo them as a dummy
        example\ntask test {\n  input {\n    String in1\n    String in2\n    String
        in3\n  }\n    command {\n    echo ~{in1}\n    echo ~{in2}\n    echo ~{in3}\n    }\n    output
        {\n        File item_out = stdout()\n    }\n}","root":"","options":"{\n  \"read_from_cache\":
        false,\n  \"workflow_failure_mode\": \"ContinueWhilePossible\",\n  \"write_to_cache\":
        false\n}","inputs":"{}","workflowUrl":"","labels":"{}"},"calls":{},"outputs":{},"status":"Submitted","id":"0ecf732f-609e-480f-a0c7-18858854047e","inputs":{},"labels":{"cromwell-workflow-id":"cromwell-0ecf732f-609e-480f-a0c7-18858854047e"},"submission":"2026-01-11T04:32:16.351Z"}'
    headers:
      Connection:
      - keep-alive
      Content-Type:
      - application/json
      Date:
      - Sun, 11 Jan 2026 04:35:07 GMT
      Server:
      - nginx/1.25.3
      Transfer-Encoding:
      - chunked
      content-length:
      - '1815'
    status:
      code: 200
      message: OK
- request:
    body: ''
    headers:
      Accept:
      - '*/*'
      Accept-Encoding:
      - gzip, deflate
      Connection:
      - keep-alive
      Host:
      - gizmok103.fhcrc.org:42705
      User-Agent:
      - python-httpx/0.28.1
    method: GET
    uri: https://gizmok103.fhcrc.org:42705/api/workflows/v1/0ecf732f-609e-480f-a0c7-18858854047e/metadata?expandSubWorkflows=true
  response:
    body:
      string: '{"submittedFiles":{"workflow":"version 1.0\n# This workflow takes a
        tab separated file where each row is a set of data to be used in each \n#
        of the independent scattered task series that you have as your workflow process.  This
        file \n# will, for example, have column names `sampleName`, `bamLocation`,
        and `bedlocation`.  This\n# allows you to know that regardless of the order
        of the columns in your batch file, the correct\n# inputs will be used for
        the tasks you define.  \nworkflow parseBatchFile {\n  input {\n  File batchFile\n  }\n    Array[Object]
        batchInfo = read_objects(batchFile)\n  scatter (job in batchInfo){\n    String
        sampleName = job.sampleName\n    File bamFile = job.bamLocation\n    File
        bedFile = job.bedLocation\n\n    ## INSERT YOUR WORKFLOW TO RUN PER LINE IN
        YOUR BATCH FILE HERE!!!!\n    call test {\n        input: in1=sampleName,
        in2=bamFile, in3=bedFile\n    }\n\n  }  # End Scatter over the batch file\n#
        Outputs that will be retained when execution is complete\n  output {\n    Array[File]
        outputArray = test.item_out\n    }\n# End workflow\n}\n\n#### TASK DEFINITIONS\n#
        echo some text to stdout, treats files as strings just to echo them as a dummy
        example\ntask test {\n  input {\n    String in1\n    String in2\n    String
        in3\n  }\n    command {\n    echo ~{in1}\n    echo ~{in2}\n    echo ~{in3}\n    }\n    output
        {\n        File item_out = stdout()\n    }\n}","root":"","options":"{\n  \"read_from_cache\":
        false,\n  \"workflow_failure_mode\": \"ContinueWhilePossible\",\n  \"write_to_cache\":
        false\n}","inputs":"{}","workflowUrl":"","labels":"{}"},"calls":{},"outputs":{},"status":"Submitted","id":"0ecf732f-609e-480f-a0c7-18858854047e","inputs":{},"labels":{"cromwell-workflow-id":"cromwell-0ecf732f-609e-480f-a0c7-18858854047e"},"submission":"2026-01-11T04:32:16.351Z"}'
    headers:
      Connection:
      - keep-alive
      Content-Type:
      - application/json
      Date:
      - Sun, 11 Jan 2026 04:35:12 GMT
      Server:
      - nginx/1.25.3
      Transfer-Encoding:
      - chunked
      content-length:
      - '1815'
    status:
      code: 200
      message: OK
- request:
    body: ''
    headers:
      Accept:
      - '*/*'
      Accept-Encoding:
      - gzip, deflate
      Connection:
      - keep-alive
      Host:
      - gizmok103.fhcrc.org:42705
      User-Agent:
      - python-httpx/0.28.1
    method: GET
    uri: https://gizmok103.fhcrc.org:42705/api/workflows/v1/0ecf732f-609e-480f-a0c7-18858854047e/metadata?expandSubWorkflows=true
  response:
    body:
      string: '{"submittedFiles":{"workflow":"version 1.0\n# This workflow takes a
        tab separated file where each row is a set of data to be used in each \n#
        of the independent scattered task series that you have as your workflow process.  This
        file \n# will, for example, have column names `sampleName`, `bamLocation`,
        and `bedlocation`.  This\n# allows you to know that regardless of the order
        of the columns in your batch file, the correct\n# inputs will be used for
        the tasks you define.  \nworkflow parseBatchFile {\n  input {\n  File batchFile\n  }\n    Array[Object]
        batchInfo = read_objects(batchFile)\n  scatter (job in batchInfo){\n    String
        sampleName = job.sampleName\n    File bamFile = job.bamLocation\n    File
        bedFile = job.bedLocation\n\n    ## INSERT YOUR WORKFLOW TO RUN PER LINE IN
        YOUR BATCH FILE HERE!!!!\n    call test {\n        input: in1=sampleName,
        in2=bamFile, in3=bedFile\n    }\n\n  }  # End Scatter over the batch file\n#
        Outputs that will be retained when execution is complete\n  output {\n    Array[File]
        outputArray = test.item_out\n    }\n# End workflow\n}\n\n#### TASK DEFINITIONS\n#
        echo some text to stdout, treats files as strings just to echo them as a dummy
        example\ntask test {\n  input {\n    String in1\n    String in2\n    String
        in3\n  }\n    command {\n    echo ~{in1}\n    echo ~{in2}\n    echo ~{in3}\n    }\n    output
        {\n        File item_out = stdout()\n    }\n}","root":"","options":"{\n  \"read_from_cache\":
        false,\n  \"workflow_failure_mode\": \"ContinueWhilePossible\",\n  \"write_to_cache\":
        false\n}","inputs":"{}","workflowUrl":"","labels":"{}"},"calls":{},"outputs":{},"status":"Submitted","id":"0ecf732f-609e-480f-a0c7-18858854047e","inputs":{},"labels":{"cromwell-workflow-id":"cromwell-0ecf732f-609e-480f-a0c7-18858854047e"},"submission":"2026-01-11T04:32:16.351Z"}'
    headers:
      Connection:
      - keep-alive
      Content-Type:
      - application/json
      Date:
      - Sun, 11 Jan 2026 04:35:17 GMT
      Server:
      - nginx/1.25.3
      Transfer-Encoding:
      - chunked
      content-length:
      - '1815'
    status:
      code: 200
      message: OK
- request:
    body: ''
    headers:
      Accept:
      - '*/*'
      Accept-Encoding:
      - gzip, deflate
      Connection:
      - keep-alive
      Host:
      - gizmok103.fhcrc.org:42705
      User-Agent:
      - python-httpx/0.28.1
    method: GET
    uri: https://gizmok103.fhcrc.org:42705/api/workflows/v1/0ecf732f-609e-480f-a0c7-18858854047e/metadata?expandSubWorkflows=true
  response:
    body:
      string: '{"submittedFiles":{"workflow":"version 1.0\n# This workflow takes a
        tab separated file where each row is a set of data to be used in each \n#
        of the independent scattered task series that you have as your workflow process.  This
        file \n# will, for example, have column names `sampleName`, `bamLocation`,
        and `bedlocation`.  This\n# allows you to know that regardless of the order
        of the columns in your batch file, the correct\n# inputs will be used for
        the tasks you define.  \nworkflow parseBatchFile {\n  input {\n  File batchFile\n  }\n    Array[Object]
        batchInfo = read_objects(batchFile)\n  scatter (job in batchInfo){\n    String
        sampleName = job.sampleName\n    File bamFile = job.bamLocation\n    File
        bedFile = job.bedLocation\n\n    ## INSERT YOUR WORKFLOW TO RUN PER LINE IN
        YOUR BATCH FILE HERE!!!!\n    call test {\n        input: in1=sampleName,
        in2=bamFile, in3=bedFile\n    }\n\n  }  # End Scatter over the batch file\n#
        Outputs that will be retained when execution is complete\n  output {\n    Array[File]
        outputArray = test.item_out\n    }\n# End workflow\n}\n\n#### TASK DEFINITIONS\n#
        echo some text to stdout, treats files as strings just to echo them as a dummy
        example\ntask test {\n  input {\n    String in1\n    String in2\n    String
        in3\n  }\n    command {\n    echo ~{in1}\n    echo ~{in2}\n    echo ~{in3}\n    }\n    output
        {\n        File item_out = stdout()\n    }\n}","root":"","options":"{\n  \"read_from_cache\":
        false,\n  \"workflow_failure_mode\": \"ContinueWhilePossible\",\n  \"write_to_cache\":
        false\n}","inputs":"{}","workflowUrl":"","labels":"{}"},"calls":{},"outputs":{},"status":"Submitted","id":"0ecf732f-609e-480f-a0c7-18858854047e","inputs":{},"labels":{"cromwell-workflow-id":"cromwell-0ecf732f-609e-480f-a0c7-18858854047e"},"submission":"2026-01-11T04:32:16.351Z"}'
    headers:
      Connection:
      - keep-alive
      Content-Type:
      - application/json
      Date:
      - Sun, 11 Jan 2026 04:35:22 GMT
      Server:
      - nginx/1.25.3
      Transfer-Encoding:
      - chunked
      content-length:
      - '1815'
    status:
      code: 200
      message: OK
- request:
    body: ''
    headers:
      Accept:
      - '*/*'
      Accept-Encoding:
      - gzip, deflate
      Connection:
      - keep-alive
      Host:
      - gizmok103.fhcrc.org:42705
      User-Agent:
      - python-httpx/0.28.1
    method: GET
    uri: https://gizmok103.fhcrc.org:42705/api/workflows/v1/0ecf732f-609e-480f-a0c7-18858854047e/metadata?expandSubWorkflows=true
  response:
    body:
      string: '{"submittedFiles":{"workflow":"version 1.0\n# This workflow takes a
        tab separated file where each row is a set of data to be used in each \n#
        of the independent scattered task series that you have as your workflow process.  This
        file \n# will, for example, have column names `sampleName`, `bamLocation`,
        and `bedlocation`.  This\n# allows you to know that regardless of the order
        of the columns in your batch file, the correct\n# inputs will be used for
        the tasks you define.  \nworkflow parseBatchFile {\n  input {\n  File batchFile\n  }\n    Array[Object]
        batchInfo = read_objects(batchFile)\n  scatter (job in batchInfo){\n    String
        sampleName = job.sampleName\n    File bamFile = job.bamLocation\n    File
        bedFile = job.bedLocation\n\n    ## INSERT YOUR WORKFLOW TO RUN PER LINE IN
        YOUR BATCH FILE HERE!!!!\n    call test {\n        input: in1=sampleName,
        in2=bamFile, in3=bedFile\n    }\n\n  }  # End Scatter over the batch file\n#
        Outputs that will be retained when execution is complete\n  output {\n    Array[File]
        outputArray = test.item_out\n    }\n# End workflow\n}\n\n#### TASK DEFINITIONS\n#
        echo some text to stdout, treats files as strings just to echo them as a dummy
        example\ntask test {\n  input {\n    String in1\n    String in2\n    String
        in3\n  }\n    command {\n    echo ~{in1}\n    echo ~{in2}\n    echo ~{in3}\n    }\n    output
        {\n        File item_out = stdout()\n    }\n}","root":"","options":"{\n  \"read_from_cache\":
        false,\n  \"workflow_failure_mode\": \"ContinueWhilePossible\",\n  \"write_to_cache\":
        false\n}","inputs":"{}","workflowUrl":"","labels":"{}"},"calls":{},"outputs":{},"status":"Submitted","id":"0ecf732f-609e-480f-a0c7-18858854047e","inputs":{},"labels":{"cromwell-workflow-id":"cromwell-0ecf732f-609e-480f-a0c7-18858854047e"},"submission":"2026-01-11T04:32:16.351Z"}'
    headers:
      Connection:
      - keep-alive
      Content-Type:
      - application/json
      Date:
      - Sun, 11 Jan 2026 04:35:27 GMT
      Server:
      - nginx/1.25.3
      Transfer-Encoding:
      - chunked
      content-length:
      - '1815'
    status:
      code: 200
      message: OK
- request:
    body: ''
    headers:
      Accept:
      - '*/*'
      Accept-Encoding:
      - gzip, deflate
      Connection:
      - keep-alive
      Host:
      - gizmok103.fhcrc.org:42705
      User-Agent:
      - python-httpx/0.28.1
    method: GET
    uri: https://gizmok103.fhcrc.org:42705/api/workflows/v1/0ecf732f-609e-480f-a0c7-18858854047e/metadata?expandSubWorkflows=true
  response:
    body:
      string: '{"submittedFiles":{"workflow":"version 1.0\n# This workflow takes a
        tab separated file where each row is a set of data to be used in each \n#
        of the independent scattered task series that you have as your workflow process.  This
        file \n# will, for example, have column names `sampleName`, `bamLocation`,
        and `bedlocation`.  This\n# allows you to know that regardless of the order
        of the columns in your batch file, the correct\n# inputs will be used for
        the tasks you define.  \nworkflow parseBatchFile {\n  input {\n  File batchFile\n  }\n    Array[Object]
        batchInfo = read_objects(batchFile)\n  scatter (job in batchInfo){\n    String
        sampleName = job.sampleName\n    File bamFile = job.bamLocation\n    File
        bedFile = job.bedLocation\n\n    ## INSERT YOUR WORKFLOW TO RUN PER LINE IN
        YOUR BATCH FILE HERE!!!!\n    call test {\n        input: in1=sampleName,
        in2=bamFile, in3=bedFile\n    }\n\n  }  # End Scatter over the batch file\n#
        Outputs that will be retained when execution is complete\n  output {\n    Array[File]
        outputArray = test.item_out\n    }\n# End workflow\n}\n\n#### TASK DEFINITIONS\n#
        echo some text to stdout, treats files as strings just to echo them as a dummy
        example\ntask test {\n  input {\n    String in1\n    String in2\n    String
        in3\n  }\n    command {\n    echo ~{in1}\n    echo ~{in2}\n    echo ~{in3}\n    }\n    output
        {\n        File item_out = stdout()\n    }\n}","root":"","options":"{\n  \"read_from_cache\":
        false,\n  \"workflow_failure_mode\": \"ContinueWhilePossible\",\n  \"write_to_cache\":
        false\n}","inputs":"{}","workflowUrl":"","labels":"{}"},"calls":{},"outputs":{},"status":"Submitted","id":"0ecf732f-609e-480f-a0c7-18858854047e","inputs":{},"labels":{"cromwell-workflow-id":"cromwell-0ecf732f-609e-480f-a0c7-18858854047e"},"submission":"2026-01-11T04:32:16.351Z"}'
    headers:
      Connection:
      - keep-alive
      Content-Type:
      - application/json
      Date:
      - Sun, 11 Jan 2026 04:35:32 GMT
      Server:
      - nginx/1.25.3
      Transfer-Encoding:
      - chunked
      content-length:
      - '1815'
    status:
      code: 200
      message: OK
- request:
    body: ''
    headers:
      Accept:
      - '*/*'
      Accept-Encoding:
      - gzip, deflate
      Connection:
      - keep-alive
      Host:
      - gizmok103.fhcrc.org:42705
      User-Agent:
      - python-httpx/0.28.1
    method: GET
    uri: https://gizmok103.fhcrc.org:42705/api/workflows/v1/0ecf732f-609e-480f-a0c7-18858854047e/metadata?expandSubWorkflows=true
  response:
    body:
      string: '{"submittedFiles":{"workflow":"version 1.0\n# This workflow takes a
        tab separated file where each row is a set of data to be used in each \n#
        of the independent scattered task series that you have as your workflow process.  This
        file \n# will, for example, have column names `sampleName`, `bamLocation`,
        and `bedlocation`.  This\n# allows you to know that regardless of the order
        of the columns in your batch file, the correct\n# inputs will be used for
        the tasks you define.  \nworkflow parseBatchFile {\n  input {\n  File batchFile\n  }\n    Array[Object]
        batchInfo = read_objects(batchFile)\n  scatter (job in batchInfo){\n    String
        sampleName = job.sampleName\n    File bamFile = job.bamLocation\n    File
        bedFile = job.bedLocation\n\n    ## INSERT YOUR WORKFLOW TO RUN PER LINE IN
        YOUR BATCH FILE HERE!!!!\n    call test {\n        input: in1=sampleName,
        in2=bamFile, in3=bedFile\n    }\n\n  }  # End Scatter over the batch file\n#
        Outputs that will be retained when execution is complete\n  output {\n    Array[File]
        outputArray = test.item_out\n    }\n# End workflow\n}\n\n#### TASK DEFINITIONS\n#
        echo some text to stdout, treats files as strings just to echo them as a dummy
        example\ntask test {\n  input {\n    String in1\n    String in2\n    String
        in3\n  }\n    command {\n    echo ~{in1}\n    echo ~{in2}\n    echo ~{in3}\n    }\n    output
        {\n        File item_out = stdout()\n    }\n}","root":"","options":"{\n  \"read_from_cache\":
        false,\n  \"workflow_failure_mode\": \"ContinueWhilePossible\",\n  \"write_to_cache\":
        false\n}","inputs":"{}","workflowUrl":"","labels":"{}"},"calls":{},"outputs":{},"status":"Submitted","id":"0ecf732f-609e-480f-a0c7-18858854047e","inputs":{},"labels":{"cromwell-workflow-id":"cromwell-0ecf732f-609e-480f-a0c7-18858854047e"},"submission":"2026-01-11T04:32:16.351Z"}'
    headers:
      Connection:
      - keep-alive
      Content-Type:
      - application/json
      Date:
      - Sun, 11 Jan 2026 04:35:37 GMT
      Server:
      - nginx/1.25.3
      Transfer-Encoding:
      - chunked
      content-length:
      - '1815'
    status:
      code: 200
      message: OK
- request:
    body: ''
    headers:
      Accept:
      - '*/*'
      Accept-Encoding:
      - gzip, deflate
      Connection:
      - keep-alive
      Host:
      - gizmok103.fhcrc.org:42705
      User-Agent:
      - python-httpx/0.28.1
    method: GET
    uri: https://gizmok103.fhcrc.org:42705/api/workflows/v1/0ecf732f-609e-480f-a0c7-18858854047e/metadata?expandSubWorkflows=true
  response:
    body:
      string: '{"submittedFiles":{"workflow":"version 1.0\n# This workflow takes a
        tab separated file where each row is a set of data to be used in each \n#
        of the independent scattered task series that you have as your workflow process.  This
        file \n# will, for example, have column names `sampleName`, `bamLocation`,
        and `bedlocation`.  This\n# allows you to know that regardless of the order
        of the columns in your batch file, the correct\n# inputs will be used for
        the tasks you define.  \nworkflow parseBatchFile {\n  input {\n  File batchFile\n  }\n    Array[Object]
        batchInfo = read_objects(batchFile)\n  scatter (job in batchInfo){\n    String
        sampleName = job.sampleName\n    File bamFile = job.bamLocation\n    File
        bedFile = job.bedLocation\n\n    ## INSERT YOUR WORKFLOW TO RUN PER LINE IN
        YOUR BATCH FILE HERE!!!!\n    call test {\n        input: in1=sampleName,
        in2=bamFile, in3=bedFile\n    }\n\n  }  # End Scatter over the batch file\n#
        Outputs that will be retained when execution is complete\n  output {\n    Array[File]
        outputArray = test.item_out\n    }\n# End workflow\n}\n\n#### TASK DEFINITIONS\n#
        echo some text to stdout, treats files as strings just to echo them as a dummy
        example\ntask test {\n  input {\n    String in1\n    String in2\n    String
        in3\n  }\n    command {\n    echo ~{in1}\n    echo ~{in2}\n    echo ~{in3}\n    }\n    output
        {\n        File item_out = stdout()\n    }\n}","root":"","options":"{\n  \"read_from_cache\":
        false,\n  \"workflow_failure_mode\": \"ContinueWhilePossible\",\n  \"write_to_cache\":
        false\n}","inputs":"{}","workflowUrl":"","labels":"{}"},"calls":{},"outputs":{},"status":"Submitted","id":"0ecf732f-609e-480f-a0c7-18858854047e","inputs":{},"labels":{"cromwell-workflow-id":"cromwell-0ecf732f-609e-480f-a0c7-18858854047e"},"submission":"2026-01-11T04:32:16.351Z"}'
    headers:
      Connection:
      - keep-alive
      Content-Type:
      - application/json
      Date:
      - Sun, 11 Jan 2026 04:35:42 GMT
      Server:
      - nginx/1.25.3
      Transfer-Encoding:
      - chunked
      content-length:
      - '1815'
    status:
      code: 200
      message: OK
- request:
    body: ''
    headers:
      Accept:
      - '*/*'
      Accept-Encoding:
      - gzip, deflate
      Connection:
      - keep-alive
      Host:
      - gizmok103.fhcrc.org:42705
      User-Agent:
      - python-httpx/0.28.1
    method: GET
    uri: https://gizmok103.fhcrc.org:42705/api/workflows/v1/0ecf732f-609e-480f-a0c7-18858854047e/metadata?expandSubWorkflows=true
  response:
    body:
      string: '{"submittedFiles":{"workflow":"version 1.0\n# This workflow takes a
        tab separated file where each row is a set of data to be used in each \n#
        of the independent scattered task series that you have as your workflow process.  This
        file \n# will, for example, have column names `sampleName`, `bamLocation`,
        and `bedlocation`.  This\n# allows you to know that regardless of the order
        of the columns in your batch file, the correct\n# inputs will be used for
        the tasks you define.  \nworkflow parseBatchFile {\n  input {\n  File batchFile\n  }\n    Array[Object]
        batchInfo = read_objects(batchFile)\n  scatter (job in batchInfo){\n    String
        sampleName = job.sampleName\n    File bamFile = job.bamLocation\n    File
        bedFile = job.bedLocation\n\n    ## INSERT YOUR WORKFLOW TO RUN PER LINE IN
        YOUR BATCH FILE HERE!!!!\n    call test {\n        input: in1=sampleName,
        in2=bamFile, in3=bedFile\n    }\n\n  }  # End Scatter over the batch file\n#
        Outputs that will be retained when execution is complete\n  output {\n    Array[File]
        outputArray = test.item_out\n    }\n# End workflow\n}\n\n#### TASK DEFINITIONS\n#
        echo some text to stdout, treats files as strings just to echo them as a dummy
        example\ntask test {\n  input {\n    String in1\n    String in2\n    String
        in3\n  }\n    command {\n    echo ~{in1}\n    echo ~{in2}\n    echo ~{in3}\n    }\n    output
        {\n        File item_out = stdout()\n    }\n}","root":"","options":"{\n  \"read_from_cache\":
        false,\n  \"workflow_failure_mode\": \"ContinueWhilePossible\",\n  \"write_to_cache\":
        false\n}","inputs":"{}","workflowUrl":"","labels":"{}"},"calls":{},"outputs":{},"status":"Submitted","id":"0ecf732f-609e-480f-a0c7-18858854047e","inputs":{},"labels":{"cromwell-workflow-id":"cromwell-0ecf732f-609e-480f-a0c7-18858854047e"},"submission":"2026-01-11T04:32:16.351Z"}'
    headers:
      Connection:
      - keep-alive
      Content-Type:
      - application/json
      Date:
      - Sun, 11 Jan 2026 04:35:47 GMT
      Server:
      - nginx/1.25.3
      Transfer-Encoding:
      - chunked
      content-length:
      - '1815'
    status:
      code: 200
      message: OK
- request:
    body: ''
    headers:
      Accept:
      - '*/*'
      Accept-Encoding:
      - gzip, deflate
      Connection:
      - keep-alive
      Host:
      - gizmok103.fhcrc.org:42705
      User-Agent:
      - python-httpx/0.28.1
    method: GET
    uri: https://gizmok103.fhcrc.org:42705/api/workflows/v1/0ecf732f-609e-480f-a0c7-18858854047e/metadata?expandSubWorkflows=true
  response:
    body:
      string: '{"submittedFiles":{"workflow":"version 1.0\n# This workflow takes a
        tab separated file where each row is a set of data to be used in each \n#
        of the independent scattered task series that you have as your workflow process.  This
        file \n# will, for example, have column names `sampleName`, `bamLocation`,
        and `bedlocation`.  This\n# allows you to know that regardless of the order
        of the columns in your batch file, the correct\n# inputs will be used for
        the tasks you define.  \nworkflow parseBatchFile {\n  input {\n  File batchFile\n  }\n    Array[Object]
        batchInfo = read_objects(batchFile)\n  scatter (job in batchInfo){\n    String
        sampleName = job.sampleName\n    File bamFile = job.bamLocation\n    File
        bedFile = job.bedLocation\n\n    ## INSERT YOUR WORKFLOW TO RUN PER LINE IN
        YOUR BATCH FILE HERE!!!!\n    call test {\n        input: in1=sampleName,
        in2=bamFile, in3=bedFile\n    }\n\n  }  # End Scatter over the batch file\n#
        Outputs that will be retained when execution is complete\n  output {\n    Array[File]
        outputArray = test.item_out\n    }\n# End workflow\n}\n\n#### TASK DEFINITIONS\n#
        echo some text to stdout, treats files as strings just to echo them as a dummy
        example\ntask test {\n  input {\n    String in1\n    String in2\n    String
        in3\n  }\n    command {\n    echo ~{in1}\n    echo ~{in2}\n    echo ~{in3}\n    }\n    output
        {\n        File item_out = stdout()\n    }\n}","root":"","options":"{\n  \"read_from_cache\":
        false,\n  \"workflow_failure_mode\": \"ContinueWhilePossible\",\n  \"write_to_cache\":
        false\n}","inputs":"{}","workflowUrl":"","labels":"{}"},"calls":{},"outputs":{},"status":"Submitted","id":"0ecf732f-609e-480f-a0c7-18858854047e","inputs":{},"labels":{"cromwell-workflow-id":"cromwell-0ecf732f-609e-480f-a0c7-18858854047e"},"submission":"2026-01-11T04:32:16.351Z"}'
    headers:
      Connection:
      - keep-alive
      Content-Type:
      - application/json
      Date:
      - Sun, 11 Jan 2026 04:35:52 GMT
      Server:
      - nginx/1.25.3
      Transfer-Encoding:
      - chunked
      content-length:
      - '1815'
    status:
      code: 200
      message: OK
- request:
    body: ''
    headers:
      Accept:
      - '*/*'
      Accept-Encoding:
      - gzip, deflate
      Connection:
      - keep-alive
      Host:
      - gizmok103.fhcrc.org:42705
      User-Agent:
      - python-httpx/0.28.1
    method: GET
    uri: https://gizmok103.fhcrc.org:42705/api/workflows/v1/0ecf732f-609e-480f-a0c7-18858854047e/metadata?expandSubWorkflows=true
  response:
    body:
      string: '{"workflowProcessingEvents":[{"cromwellId":"cromid-fcb4a2c","description":"Finished","timestamp":"2026-01-11T04:35:52.078Z","cromwellVersion":"87"},{"cromwellId":"cromid-fcb4a2c","description":"PickedUp","timestamp":"2026-01-11T04:35:52.064Z","cromwellVersion":"87"}],"actualWorkflowLanguageVersion":"1.0","submittedFiles":{"workflow":"version
        1.0\n# This workflow takes a tab separated file where each row is a set of
        data to be used in each \n# of the independent scattered task series that
        you have as your workflow process.  This file \n# will, for example, have
        column names `sampleName`, `bamLocation`, and `bedlocation`.  This\n# allows
        you to know that regardless of the order of the columns in your batch file,
        the correct\n# inputs will be used for the tasks you define.  \nworkflow parseBatchFile
        {\n  input {\n  File batchFile\n  }\n    Array[Object] batchInfo = read_objects(batchFile)\n  scatter
        (job in batchInfo){\n    String sampleName = job.sampleName\n    File bamFile
        = job.bamLocation\n    File bedFile = job.bedLocation\n\n    ## INSERT YOUR
        WORKFLOW TO RUN PER LINE IN YOUR BATCH FILE HERE!!!!\n    call test {\n        input:
        in1=sampleName, in2=bamFile, in3=bedFile\n    }\n\n  }  # End Scatter over
        the batch file\n# Outputs that will be retained when execution is complete\n  output
        {\n    Array[File] outputArray = test.item_out\n    }\n# End workflow\n}\n\n####
        TASK DEFINITIONS\n# echo some text to stdout, treats files as strings just
        to echo them as a dummy example\ntask test {\n  input {\n    String in1\n    String
        in2\n    String in3\n  }\n    command {\n    echo ~{in1}\n    echo ~{in2}\n    echo
        ~{in3}\n    }\n    output {\n        File item_out = stdout()\n    }\n}","root":"","options":"{\n  \"read_from_cache\":
        false,\n  \"workflow_failure_mode\": \"ContinueWhilePossible\",\n  \"write_to_cache\":
        false\n}","inputs":"{}","workflowUrl":"","labels":"{}"},"calls":{},"outputs":{},"actualWorkflowLanguage":"WDL","status":"Failed","failures":[{"causedBy":[{"causedBy":[],"message":"Required
        workflow input ''parseBatchFile.batchFile'' not specified"}],"message":"Workflow
        input processing failed"}],"end":"2026-01-11T04:35:52.078Z","start":"2026-01-11T04:35:52.064Z","id":"0ecf732f-609e-480f-a0c7-18858854047e","inputs":{},"labels":{"cromwell-workflow-id":"cromwell-0ecf732f-609e-480f-a0c7-18858854047e"},"submission":"2026-01-11T04:32:16.351Z"}'
    headers:
      Connection:
      - keep-alive
      Content-Type:
      - application/json
      Date:
      - Sun, 11 Jan 2026 04:35:57 GMT
      Server:
      - nginx/1.25.3
      Transfer-Encoding:
      - chunked
      content-length:
      - '2382'
    status:
      code: 200
      message: OK
version: 1
