interactions:
- request:
    body: "--6c04f2730768f80ecb309d012a14f244\r\nContent-Disposition: form-data; name=\"workflowSource\";
      filename=\"helloHostname.wdl\"\r\nContent-Type: application/octet-stream\r\n\r\nversion
      1.0\n## This is a test workflow that returns the hostname of the node \n## the
      job is submitted to as a test for the Gizmo backend. \n\n#### WORKFLOW DEFINITION\n\nworkflow
      HelloHostname {\n  call Hostname {\n  }\n\n  output {\n    File stdout = Hostname.out\n
      \ }\n\n  parameter_meta {\n    stdout: \"hostname of the node the job was submitted
      to\"\n  }\n}\n\n#### TASK DEFINITIONS\n\ntask Hostname {\n  command <<<\n    echo
      $(hostname)\n  >>>\n\n  output {\n    File out = stdout()\n  }\n  \n  runtime
      {\n    cpu: 1\n    memory: \"1 GB\"\n  }\n\n  parameter_meta {\n    out: \"hostname
      of the node the job was submitted to\"\n  }\n}\n\r\n--6c04f2730768f80ecb309d012a14f244\r\nContent-Disposition:
      form-data; name=\"workflowOptions\"; filename=\"options.json\"\r\nContent-Type:
      application/json\r\n\r\n{\n    \"workflow_failure_mode\": \"ContinueWhilePossible\",\n
      \   \"write_to_cache\": false,\n    \"read_from_cache\": false\n}\n\r\n--6c04f2730768f80ecb309d012a14f244--\r\n"
    headers:
      Accept:
      - '*/*'
      Accept-Encoding:
      - gzip, deflate
      Connection:
      - keep-alive
      Content-Length:
      - '1071'
      Content-Type:
      - multipart/form-data; boundary=6c04f2730768f80ecb309d012a14f244
      Host:
      - gizmoj1.fhcrc.org:33357
      User-Agent:
      - python-httpx/0.28.1
    method: POST
    uri: https://gizmoj1.fhcrc.org:33357/api/workflows/v1
  response:
    body:
      string: '{"id":"72394e48-702c-4340-b8c7-0d49d2156e61","status":"Submitted"}'
    headers:
      Connection:
      - keep-alive
      Content-Length:
      - '66'
      Content-Type:
      - application/json
      Date:
      - Mon, 08 Dec 2025 17:07:08 GMT
      Server:
      - nginx/1.25.3
    status:
      code: 201
      message: Created
- request:
    body: ''
    headers:
      Accept:
      - '*/*'
      Accept-Encoding:
      - gzip, deflate
      Connection:
      - keep-alive
      Host:
      - gizmoj1.fhcrc.org:33357
      User-Agent:
      - python-httpx/0.28.1
    method: GET
    uri: https://gizmoj1.fhcrc.org:33357/api/workflows/v1/72394e48-702c-4340-b8c7-0d49d2156e61/metadata?expandSubWorkflows=true
  response:
    body:
      string: '{"submittedFiles":{"workflow":"version 1.0\n## This is a test workflow
        that returns the hostname of the node \n## the job is submitted to as a test
        for the Gizmo backend. \n\n#### WORKFLOW DEFINITION\n\nworkflow HelloHostname
        {\n  call Hostname {\n  }\n\n  output {\n    File stdout = Hostname.out\n  }\n\n  parameter_meta
        {\n    stdout: \"hostname of the node the job was submitted to\"\n  }\n}\n\n####
        TASK DEFINITIONS\n\ntask Hostname {\n  command <<<\n    echo $(hostname)\n  >>>\n\n  output
        {\n    File out = stdout()\n  }\n  \n  runtime {\n    cpu: 1\n    memory:
        \"1 GB\"\n  }\n\n  parameter_meta {\n    out: \"hostname of the node the job
        was submitted to\"\n  }\n}\n","root":"","options":"{\n  \"read_from_cache\":
        false,\n  \"workflow_failure_mode\": \"ContinueWhilePossible\",\n  \"write_to_cache\":
        false\n}","inputs":"{}","workflowUrl":"","labels":"{}"},"calls":{},"outputs":{},"status":"Submitted","id":"72394e48-702c-4340-b8c7-0d49d2156e61","inputs":{},"labels":{"cromwell-workflow-id":"cromwell-72394e48-702c-4340-b8c7-0d49d2156e61"},"submission":"2025-12-08T17:07:08.708Z"}'
    headers:
      Connection:
      - keep-alive
      Content-Type:
      - application/json
      Date:
      - Mon, 08 Dec 2025 17:07:13 GMT
      Server:
      - nginx/1.25.3
      Transfer-Encoding:
      - chunked
      content-length:
      - '1090'
    status:
      code: 200
      message: OK
- request:
    body: ''
    headers:
      Accept:
      - '*/*'
      Accept-Encoding:
      - gzip, deflate
      Connection:
      - keep-alive
      Host:
      - gizmoj1.fhcrc.org:33357
      User-Agent:
      - python-httpx/0.28.1
    method: GET
    uri: https://gizmoj1.fhcrc.org:33357/api/workflows/v1/72394e48-702c-4340-b8c7-0d49d2156e61/metadata?expandSubWorkflows=true
  response:
    body:
      string: '{"submittedFiles":{"workflow":"version 1.0\n## This is a test workflow
        that returns the hostname of the node \n## the job is submitted to as a test
        for the Gizmo backend. \n\n#### WORKFLOW DEFINITION\n\nworkflow HelloHostname
        {\n  call Hostname {\n  }\n\n  output {\n    File stdout = Hostname.out\n  }\n\n  parameter_meta
        {\n    stdout: \"hostname of the node the job was submitted to\"\n  }\n}\n\n####
        TASK DEFINITIONS\n\ntask Hostname {\n  command <<<\n    echo $(hostname)\n  >>>\n\n  output
        {\n    File out = stdout()\n  }\n  \n  runtime {\n    cpu: 1\n    memory:
        \"1 GB\"\n  }\n\n  parameter_meta {\n    out: \"hostname of the node the job
        was submitted to\"\n  }\n}\n","root":"","options":"{\n  \"read_from_cache\":
        false,\n  \"workflow_failure_mode\": \"ContinueWhilePossible\",\n  \"write_to_cache\":
        false\n}","inputs":"{}","workflowUrl":"","labels":"{}"},"calls":{},"outputs":{},"status":"Submitted","id":"72394e48-702c-4340-b8c7-0d49d2156e61","inputs":{},"labels":{"cromwell-workflow-id":"cromwell-72394e48-702c-4340-b8c7-0d49d2156e61"},"submission":"2025-12-08T17:07:08.708Z"}'
    headers:
      Connection:
      - keep-alive
      Content-Type:
      - application/json
      Date:
      - Mon, 08 Dec 2025 17:07:18 GMT
      Server:
      - nginx/1.25.3
      Transfer-Encoding:
      - chunked
      content-length:
      - '1090'
    status:
      code: 200
      message: OK
- request:
    body: ''
    headers:
      Accept:
      - '*/*'
      Accept-Encoding:
      - gzip, deflate
      Connection:
      - keep-alive
      Host:
      - gizmoj1.fhcrc.org:33357
      User-Agent:
      - python-httpx/0.28.1
    method: GET
    uri: https://gizmoj1.fhcrc.org:33357/api/workflows/v1/72394e48-702c-4340-b8c7-0d49d2156e61/metadata?expandSubWorkflows=true
  response:
    body:
      string: '{"submittedFiles":{"workflow":"version 1.0\n## This is a test workflow
        that returns the hostname of the node \n## the job is submitted to as a test
        for the Gizmo backend. \n\n#### WORKFLOW DEFINITION\n\nworkflow HelloHostname
        {\n  call Hostname {\n  }\n\n  output {\n    File stdout = Hostname.out\n  }\n\n  parameter_meta
        {\n    stdout: \"hostname of the node the job was submitted to\"\n  }\n}\n\n####
        TASK DEFINITIONS\n\ntask Hostname {\n  command <<<\n    echo $(hostname)\n  >>>\n\n  output
        {\n    File out = stdout()\n  }\n  \n  runtime {\n    cpu: 1\n    memory:
        \"1 GB\"\n  }\n\n  parameter_meta {\n    out: \"hostname of the node the job
        was submitted to\"\n  }\n}\n","root":"","options":"{\n  \"read_from_cache\":
        false,\n  \"workflow_failure_mode\": \"ContinueWhilePossible\",\n  \"write_to_cache\":
        false\n}","inputs":"{}","workflowUrl":"","labels":"{}"},"calls":{},"outputs":{},"status":"Submitted","id":"72394e48-702c-4340-b8c7-0d49d2156e61","inputs":{},"labels":{"cromwell-workflow-id":"cromwell-72394e48-702c-4340-b8c7-0d49d2156e61"},"submission":"2025-12-08T17:07:08.708Z"}'
    headers:
      Connection:
      - keep-alive
      Content-Type:
      - application/json
      Date:
      - Mon, 08 Dec 2025 17:07:23 GMT
      Server:
      - nginx/1.25.3
      Transfer-Encoding:
      - chunked
      content-length:
      - '1090'
    status:
      code: 200
      message: OK
- request:
    body: ''
    headers:
      Accept:
      - '*/*'
      Accept-Encoding:
      - gzip, deflate
      Connection:
      - keep-alive
      Host:
      - gizmoj1.fhcrc.org:33357
      User-Agent:
      - python-httpx/0.28.1
    method: GET
    uri: https://gizmoj1.fhcrc.org:33357/api/workflows/v1/72394e48-702c-4340-b8c7-0d49d2156e61/metadata?expandSubWorkflows=true
  response:
    body:
      string: '{"submittedFiles":{"workflow":"version 1.0\n## This is a test workflow
        that returns the hostname of the node \n## the job is submitted to as a test
        for the Gizmo backend. \n\n#### WORKFLOW DEFINITION\n\nworkflow HelloHostname
        {\n  call Hostname {\n  }\n\n  output {\n    File stdout = Hostname.out\n  }\n\n  parameter_meta
        {\n    stdout: \"hostname of the node the job was submitted to\"\n  }\n}\n\n####
        TASK DEFINITIONS\n\ntask Hostname {\n  command <<<\n    echo $(hostname)\n  >>>\n\n  output
        {\n    File out = stdout()\n  }\n  \n  runtime {\n    cpu: 1\n    memory:
        \"1 GB\"\n  }\n\n  parameter_meta {\n    out: \"hostname of the node the job
        was submitted to\"\n  }\n}\n","root":"","options":"{\n  \"read_from_cache\":
        false,\n  \"workflow_failure_mode\": \"ContinueWhilePossible\",\n  \"write_to_cache\":
        false\n}","inputs":"{}","workflowUrl":"","labels":"{}"},"calls":{},"outputs":{},"status":"Submitted","id":"72394e48-702c-4340-b8c7-0d49d2156e61","inputs":{},"labels":{"cromwell-workflow-id":"cromwell-72394e48-702c-4340-b8c7-0d49d2156e61"},"submission":"2025-12-08T17:07:08.708Z"}'
    headers:
      Connection:
      - keep-alive
      Content-Type:
      - application/json
      Date:
      - Mon, 08 Dec 2025 17:07:28 GMT
      Server:
      - nginx/1.25.3
      Transfer-Encoding:
      - chunked
      content-length:
      - '1090'
    status:
      code: 200
      message: OK
- request:
    body: ''
    headers:
      Accept:
      - '*/*'
      Accept-Encoding:
      - gzip, deflate
      Connection:
      - keep-alive
      Host:
      - gizmoj1.fhcrc.org:33357
      User-Agent:
      - python-httpx/0.28.1
    method: GET
    uri: https://gizmoj1.fhcrc.org:33357/api/workflows/v1/72394e48-702c-4340-b8c7-0d49d2156e61/metadata?expandSubWorkflows=true
  response:
    body:
      string: '{"submittedFiles":{"workflow":"version 1.0\n## This is a test workflow
        that returns the hostname of the node \n## the job is submitted to as a test
        for the Gizmo backend. \n\n#### WORKFLOW DEFINITION\n\nworkflow HelloHostname
        {\n  call Hostname {\n  }\n\n  output {\n    File stdout = Hostname.out\n  }\n\n  parameter_meta
        {\n    stdout: \"hostname of the node the job was submitted to\"\n  }\n}\n\n####
        TASK DEFINITIONS\n\ntask Hostname {\n  command <<<\n    echo $(hostname)\n  >>>\n\n  output
        {\n    File out = stdout()\n  }\n  \n  runtime {\n    cpu: 1\n    memory:
        \"1 GB\"\n  }\n\n  parameter_meta {\n    out: \"hostname of the node the job
        was submitted to\"\n  }\n}\n","root":"","options":"{\n  \"read_from_cache\":
        false,\n  \"workflow_failure_mode\": \"ContinueWhilePossible\",\n  \"write_to_cache\":
        false\n}","inputs":"{}","workflowUrl":"","labels":"{}"},"calls":{},"outputs":{},"status":"Submitted","id":"72394e48-702c-4340-b8c7-0d49d2156e61","inputs":{},"labels":{"cromwell-workflow-id":"cromwell-72394e48-702c-4340-b8c7-0d49d2156e61"},"submission":"2025-12-08T17:07:08.708Z"}'
    headers:
      Connection:
      - keep-alive
      Content-Type:
      - application/json
      Date:
      - Mon, 08 Dec 2025 17:07:33 GMT
      Server:
      - nginx/1.25.3
      Transfer-Encoding:
      - chunked
      content-length:
      - '1090'
    status:
      code: 200
      message: OK
- request:
    body: ''
    headers:
      Accept:
      - '*/*'
      Accept-Encoding:
      - gzip, deflate
      Connection:
      - keep-alive
      Host:
      - gizmoj1.fhcrc.org:33357
      User-Agent:
      - python-httpx/0.28.1
    method: GET
    uri: https://gizmoj1.fhcrc.org:33357/api/workflows/v1/72394e48-702c-4340-b8c7-0d49d2156e61/metadata?expandSubWorkflows=true
  response:
    body:
      string: '{"submittedFiles":{"workflow":"version 1.0\n## This is a test workflow
        that returns the hostname of the node \n## the job is submitted to as a test
        for the Gizmo backend. \n\n#### WORKFLOW DEFINITION\n\nworkflow HelloHostname
        {\n  call Hostname {\n  }\n\n  output {\n    File stdout = Hostname.out\n  }\n\n  parameter_meta
        {\n    stdout: \"hostname of the node the job was submitted to\"\n  }\n}\n\n####
        TASK DEFINITIONS\n\ntask Hostname {\n  command <<<\n    echo $(hostname)\n  >>>\n\n  output
        {\n    File out = stdout()\n  }\n  \n  runtime {\n    cpu: 1\n    memory:
        \"1 GB\"\n  }\n\n  parameter_meta {\n    out: \"hostname of the node the job
        was submitted to\"\n  }\n}\n","root":"","options":"{\n  \"read_from_cache\":
        false,\n  \"workflow_failure_mode\": \"ContinueWhilePossible\",\n  \"write_to_cache\":
        false\n}","inputs":"{}","workflowUrl":"","labels":"{}"},"calls":{},"outputs":{},"status":"Submitted","id":"72394e48-702c-4340-b8c7-0d49d2156e61","inputs":{},"labels":{"cromwell-workflow-id":"cromwell-72394e48-702c-4340-b8c7-0d49d2156e61"},"submission":"2025-12-08T17:07:08.708Z"}'
    headers:
      Connection:
      - keep-alive
      Content-Type:
      - application/json
      Date:
      - Mon, 08 Dec 2025 17:07:38 GMT
      Server:
      - nginx/1.25.3
      Transfer-Encoding:
      - chunked
      content-length:
      - '1090'
    status:
      code: 200
      message: OK
- request:
    body: ''
    headers:
      Accept:
      - '*/*'
      Accept-Encoding:
      - gzip, deflate
      Connection:
      - keep-alive
      Host:
      - gizmoj1.fhcrc.org:33357
      User-Agent:
      - python-httpx/0.28.1
    method: GET
    uri: https://gizmoj1.fhcrc.org:33357/api/workflows/v1/72394e48-702c-4340-b8c7-0d49d2156e61/metadata?expandSubWorkflows=true
  response:
    body:
      string: '{"submittedFiles":{"workflow":"version 1.0\n## This is a test workflow
        that returns the hostname of the node \n## the job is submitted to as a test
        for the Gizmo backend. \n\n#### WORKFLOW DEFINITION\n\nworkflow HelloHostname
        {\n  call Hostname {\n  }\n\n  output {\n    File stdout = Hostname.out\n  }\n\n  parameter_meta
        {\n    stdout: \"hostname of the node the job was submitted to\"\n  }\n}\n\n####
        TASK DEFINITIONS\n\ntask Hostname {\n  command <<<\n    echo $(hostname)\n  >>>\n\n  output
        {\n    File out = stdout()\n  }\n  \n  runtime {\n    cpu: 1\n    memory:
        \"1 GB\"\n  }\n\n  parameter_meta {\n    out: \"hostname of the node the job
        was submitted to\"\n  }\n}\n","root":"","options":"{\n  \"read_from_cache\":
        false,\n  \"workflow_failure_mode\": \"ContinueWhilePossible\",\n  \"write_to_cache\":
        false\n}","inputs":"{}","workflowUrl":"","labels":"{}"},"calls":{},"outputs":{},"status":"Submitted","id":"72394e48-702c-4340-b8c7-0d49d2156e61","inputs":{},"labels":{"cromwell-workflow-id":"cromwell-72394e48-702c-4340-b8c7-0d49d2156e61"},"submission":"2025-12-08T17:07:08.708Z"}'
    headers:
      Connection:
      - keep-alive
      Content-Type:
      - application/json
      Date:
      - Mon, 08 Dec 2025 17:07:44 GMT
      Server:
      - nginx/1.25.3
      Transfer-Encoding:
      - chunked
      content-length:
      - '1090'
    status:
      code: 200
      message: OK
- request:
    body: ''
    headers:
      Accept:
      - '*/*'
      Accept-Encoding:
      - gzip, deflate
      Connection:
      - keep-alive
      Host:
      - gizmoj1.fhcrc.org:33357
      User-Agent:
      - python-httpx/0.28.1
    method: GET
    uri: https://gizmoj1.fhcrc.org:33357/api/workflows/v1/72394e48-702c-4340-b8c7-0d49d2156e61/metadata?expandSubWorkflows=true
  response:
    body:
      string: '{"submittedFiles":{"workflow":"version 1.0\n## This is a test workflow
        that returns the hostname of the node \n## the job is submitted to as a test
        for the Gizmo backend. \n\n#### WORKFLOW DEFINITION\n\nworkflow HelloHostname
        {\n  call Hostname {\n  }\n\n  output {\n    File stdout = Hostname.out\n  }\n\n  parameter_meta
        {\n    stdout: \"hostname of the node the job was submitted to\"\n  }\n}\n\n####
        TASK DEFINITIONS\n\ntask Hostname {\n  command <<<\n    echo $(hostname)\n  >>>\n\n  output
        {\n    File out = stdout()\n  }\n  \n  runtime {\n    cpu: 1\n    memory:
        \"1 GB\"\n  }\n\n  parameter_meta {\n    out: \"hostname of the node the job
        was submitted to\"\n  }\n}\n","root":"","options":"{\n  \"read_from_cache\":
        false,\n  \"workflow_failure_mode\": \"ContinueWhilePossible\",\n  \"write_to_cache\":
        false\n}","inputs":"{}","workflowUrl":"","labels":"{}"},"calls":{},"outputs":{},"status":"Submitted","id":"72394e48-702c-4340-b8c7-0d49d2156e61","inputs":{},"labels":{"cromwell-workflow-id":"cromwell-72394e48-702c-4340-b8c7-0d49d2156e61"},"submission":"2025-12-08T17:07:08.708Z"}'
    headers:
      Connection:
      - keep-alive
      Content-Type:
      - application/json
      Date:
      - Mon, 08 Dec 2025 17:07:49 GMT
      Server:
      - nginx/1.25.3
      Transfer-Encoding:
      - chunked
      content-length:
      - '1090'
    status:
      code: 200
      message: OK
- request:
    body: ''
    headers:
      Accept:
      - '*/*'
      Accept-Encoding:
      - gzip, deflate
      Connection:
      - keep-alive
      Host:
      - gizmoj1.fhcrc.org:33357
      User-Agent:
      - python-httpx/0.28.1
    method: GET
    uri: https://gizmoj1.fhcrc.org:33357/api/workflows/v1/72394e48-702c-4340-b8c7-0d49d2156e61/metadata?expandSubWorkflows=true
  response:
    body:
      string: '{"submittedFiles":{"workflow":"version 1.0\n## This is a test workflow
        that returns the hostname of the node \n## the job is submitted to as a test
        for the Gizmo backend. \n\n#### WORKFLOW DEFINITION\n\nworkflow HelloHostname
        {\n  call Hostname {\n  }\n\n  output {\n    File stdout = Hostname.out\n  }\n\n  parameter_meta
        {\n    stdout: \"hostname of the node the job was submitted to\"\n  }\n}\n\n####
        TASK DEFINITIONS\n\ntask Hostname {\n  command <<<\n    echo $(hostname)\n  >>>\n\n  output
        {\n    File out = stdout()\n  }\n  \n  runtime {\n    cpu: 1\n    memory:
        \"1 GB\"\n  }\n\n  parameter_meta {\n    out: \"hostname of the node the job
        was submitted to\"\n  }\n}\n","root":"","options":"{\n  \"read_from_cache\":
        false,\n  \"workflow_failure_mode\": \"ContinueWhilePossible\",\n  \"write_to_cache\":
        false\n}","inputs":"{}","workflowUrl":"","labels":"{}"},"calls":{},"outputs":{},"status":"Submitted","id":"72394e48-702c-4340-b8c7-0d49d2156e61","inputs":{},"labels":{"cromwell-workflow-id":"cromwell-72394e48-702c-4340-b8c7-0d49d2156e61"},"submission":"2025-12-08T17:07:08.708Z"}'
    headers:
      Connection:
      - keep-alive
      Content-Type:
      - application/json
      Date:
      - Mon, 08 Dec 2025 17:07:54 GMT
      Server:
      - nginx/1.25.3
      Transfer-Encoding:
      - chunked
      content-length:
      - '1090'
    status:
      code: 200
      message: OK
- request:
    body: ''
    headers:
      Accept:
      - '*/*'
      Accept-Encoding:
      - gzip, deflate
      Connection:
      - keep-alive
      Host:
      - gizmoj1.fhcrc.org:33357
      User-Agent:
      - python-httpx/0.28.1
    method: GET
    uri: https://gizmoj1.fhcrc.org:33357/api/workflows/v1/72394e48-702c-4340-b8c7-0d49d2156e61/metadata?expandSubWorkflows=true
  response:
    body:
      string: '{"submittedFiles":{"workflow":"version 1.0\n## This is a test workflow
        that returns the hostname of the node \n## the job is submitted to as a test
        for the Gizmo backend. \n\n#### WORKFLOW DEFINITION\n\nworkflow HelloHostname
        {\n  call Hostname {\n  }\n\n  output {\n    File stdout = Hostname.out\n  }\n\n  parameter_meta
        {\n    stdout: \"hostname of the node the job was submitted to\"\n  }\n}\n\n####
        TASK DEFINITIONS\n\ntask Hostname {\n  command <<<\n    echo $(hostname)\n  >>>\n\n  output
        {\n    File out = stdout()\n  }\n  \n  runtime {\n    cpu: 1\n    memory:
        \"1 GB\"\n  }\n\n  parameter_meta {\n    out: \"hostname of the node the job
        was submitted to\"\n  }\n}\n","root":"","options":"{\n  \"read_from_cache\":
        false,\n  \"workflow_failure_mode\": \"ContinueWhilePossible\",\n  \"write_to_cache\":
        false\n}","inputs":"{}","workflowUrl":"","labels":"{}"},"calls":{},"outputs":{},"status":"Submitted","id":"72394e48-702c-4340-b8c7-0d49d2156e61","inputs":{},"labels":{"cromwell-workflow-id":"cromwell-72394e48-702c-4340-b8c7-0d49d2156e61"},"submission":"2025-12-08T17:07:08.708Z"}'
    headers:
      Connection:
      - keep-alive
      Content-Type:
      - application/json
      Date:
      - Mon, 08 Dec 2025 17:07:59 GMT
      Server:
      - nginx/1.25.3
      Transfer-Encoding:
      - chunked
      content-length:
      - '1090'
    status:
      code: 200
      message: OK
- request:
    body: ''
    headers:
      Accept:
      - '*/*'
      Accept-Encoding:
      - gzip, deflate
      Connection:
      - keep-alive
      Host:
      - gizmoj1.fhcrc.org:33357
      User-Agent:
      - python-httpx/0.28.1
    method: GET
    uri: https://gizmoj1.fhcrc.org:33357/api/workflows/v1/72394e48-702c-4340-b8c7-0d49d2156e61/metadata?expandSubWorkflows=true
  response:
    body:
      string: '{"submittedFiles":{"workflow":"version 1.0\n## This is a test workflow
        that returns the hostname of the node \n## the job is submitted to as a test
        for the Gizmo backend. \n\n#### WORKFLOW DEFINITION\n\nworkflow HelloHostname
        {\n  call Hostname {\n  }\n\n  output {\n    File stdout = Hostname.out\n  }\n\n  parameter_meta
        {\n    stdout: \"hostname of the node the job was submitted to\"\n  }\n}\n\n####
        TASK DEFINITIONS\n\ntask Hostname {\n  command <<<\n    echo $(hostname)\n  >>>\n\n  output
        {\n    File out = stdout()\n  }\n  \n  runtime {\n    cpu: 1\n    memory:
        \"1 GB\"\n  }\n\n  parameter_meta {\n    out: \"hostname of the node the job
        was submitted to\"\n  }\n}\n","root":"","options":"{\n  \"read_from_cache\":
        false,\n  \"workflow_failure_mode\": \"ContinueWhilePossible\",\n  \"write_to_cache\":
        false\n}","inputs":"{}","workflowUrl":"","labels":"{}"},"calls":{},"outputs":{},"status":"Submitted","id":"72394e48-702c-4340-b8c7-0d49d2156e61","inputs":{},"labels":{"cromwell-workflow-id":"cromwell-72394e48-702c-4340-b8c7-0d49d2156e61"},"submission":"2025-12-08T17:07:08.708Z"}'
    headers:
      Connection:
      - keep-alive
      Content-Type:
      - application/json
      Date:
      - Mon, 08 Dec 2025 17:08:04 GMT
      Server:
      - nginx/1.25.3
      Transfer-Encoding:
      - chunked
      content-length:
      - '1090'
    status:
      code: 200
      message: OK
- request:
    body: ''
    headers:
      Accept:
      - '*/*'
      Accept-Encoding:
      - gzip, deflate
      Connection:
      - keep-alive
      Host:
      - gizmoj1.fhcrc.org:33357
      User-Agent:
      - python-httpx/0.28.1
    method: GET
    uri: https://gizmoj1.fhcrc.org:33357/api/workflows/v1/72394e48-702c-4340-b8c7-0d49d2156e61/metadata?expandSubWorkflows=true
  response:
    body:
      string: '{"submittedFiles":{"workflow":"version 1.0\n## This is a test workflow
        that returns the hostname of the node \n## the job is submitted to as a test
        for the Gizmo backend. \n\n#### WORKFLOW DEFINITION\n\nworkflow HelloHostname
        {\n  call Hostname {\n  }\n\n  output {\n    File stdout = Hostname.out\n  }\n\n  parameter_meta
        {\n    stdout: \"hostname of the node the job was submitted to\"\n  }\n}\n\n####
        TASK DEFINITIONS\n\ntask Hostname {\n  command <<<\n    echo $(hostname)\n  >>>\n\n  output
        {\n    File out = stdout()\n  }\n  \n  runtime {\n    cpu: 1\n    memory:
        \"1 GB\"\n  }\n\n  parameter_meta {\n    out: \"hostname of the node the job
        was submitted to\"\n  }\n}\n","root":"","options":"{\n  \"read_from_cache\":
        false,\n  \"workflow_failure_mode\": \"ContinueWhilePossible\",\n  \"write_to_cache\":
        false\n}","inputs":"{}","workflowUrl":"","labels":"{}"},"calls":{},"outputs":{},"status":"Submitted","id":"72394e48-702c-4340-b8c7-0d49d2156e61","inputs":{},"labels":{"cromwell-workflow-id":"cromwell-72394e48-702c-4340-b8c7-0d49d2156e61"},"submission":"2025-12-08T17:07:08.708Z"}'
    headers:
      Connection:
      - keep-alive
      Content-Type:
      - application/json
      Date:
      - Mon, 08 Dec 2025 17:08:09 GMT
      Server:
      - nginx/1.25.3
      Transfer-Encoding:
      - chunked
      content-length:
      - '1090'
    status:
      code: 200
      message: OK
- request:
    body: ''
    headers:
      Accept:
      - '*/*'
      Accept-Encoding:
      - gzip, deflate
      Connection:
      - keep-alive
      Host:
      - gizmoj1.fhcrc.org:33357
      User-Agent:
      - python-httpx/0.28.1
    method: GET
    uri: https://gizmoj1.fhcrc.org:33357/api/workflows/v1/72394e48-702c-4340-b8c7-0d49d2156e61/metadata?expandSubWorkflows=true
  response:
    body:
      string: '{"submittedFiles":{"workflow":"version 1.0\n## This is a test workflow
        that returns the hostname of the node \n## the job is submitted to as a test
        for the Gizmo backend. \n\n#### WORKFLOW DEFINITION\n\nworkflow HelloHostname
        {\n  call Hostname {\n  }\n\n  output {\n    File stdout = Hostname.out\n  }\n\n  parameter_meta
        {\n    stdout: \"hostname of the node the job was submitted to\"\n  }\n}\n\n####
        TASK DEFINITIONS\n\ntask Hostname {\n  command <<<\n    echo $(hostname)\n  >>>\n\n  output
        {\n    File out = stdout()\n  }\n  \n  runtime {\n    cpu: 1\n    memory:
        \"1 GB\"\n  }\n\n  parameter_meta {\n    out: \"hostname of the node the job
        was submitted to\"\n  }\n}\n","root":"","options":"{\n  \"read_from_cache\":
        false,\n  \"workflow_failure_mode\": \"ContinueWhilePossible\",\n  \"write_to_cache\":
        false\n}","inputs":"{}","workflowUrl":"","labels":"{}"},"calls":{},"outputs":{},"status":"Submitted","id":"72394e48-702c-4340-b8c7-0d49d2156e61","inputs":{},"labels":{"cromwell-workflow-id":"cromwell-72394e48-702c-4340-b8c7-0d49d2156e61"},"submission":"2025-12-08T17:07:08.708Z"}'
    headers:
      Connection:
      - keep-alive
      Content-Type:
      - application/json
      Date:
      - Mon, 08 Dec 2025 17:08:14 GMT
      Server:
      - nginx/1.25.3
      Transfer-Encoding:
      - chunked
      content-length:
      - '1090'
    status:
      code: 200
      message: OK
- request:
    body: ''
    headers:
      Accept:
      - '*/*'
      Accept-Encoding:
      - gzip, deflate
      Connection:
      - keep-alive
      Host:
      - gizmoj1.fhcrc.org:33357
      User-Agent:
      - python-httpx/0.28.1
    method: GET
    uri: https://gizmoj1.fhcrc.org:33357/api/workflows/v1/72394e48-702c-4340-b8c7-0d49d2156e61/metadata?expandSubWorkflows=true
  response:
    body:
      string: '{"submittedFiles":{"workflow":"version 1.0\n## This is a test workflow
        that returns the hostname of the node \n## the job is submitted to as a test
        for the Gizmo backend. \n\n#### WORKFLOW DEFINITION\n\nworkflow HelloHostname
        {\n  call Hostname {\n  }\n\n  output {\n    File stdout = Hostname.out\n  }\n\n  parameter_meta
        {\n    stdout: \"hostname of the node the job was submitted to\"\n  }\n}\n\n####
        TASK DEFINITIONS\n\ntask Hostname {\n  command <<<\n    echo $(hostname)\n  >>>\n\n  output
        {\n    File out = stdout()\n  }\n  \n  runtime {\n    cpu: 1\n    memory:
        \"1 GB\"\n  }\n\n  parameter_meta {\n    out: \"hostname of the node the job
        was submitted to\"\n  }\n}\n","root":"","options":"{\n  \"read_from_cache\":
        false,\n  \"workflow_failure_mode\": \"ContinueWhilePossible\",\n  \"write_to_cache\":
        false\n}","inputs":"{}","workflowUrl":"","labels":"{}"},"calls":{},"outputs":{},"status":"Submitted","id":"72394e48-702c-4340-b8c7-0d49d2156e61","inputs":{},"labels":{"cromwell-workflow-id":"cromwell-72394e48-702c-4340-b8c7-0d49d2156e61"},"submission":"2025-12-08T17:07:08.708Z"}'
    headers:
      Connection:
      - keep-alive
      Content-Type:
      - application/json
      Date:
      - Mon, 08 Dec 2025 17:08:19 GMT
      Server:
      - nginx/1.25.3
      Transfer-Encoding:
      - chunked
      content-length:
      - '1090'
    status:
      code: 200
      message: OK
- request:
    body: ''
    headers:
      Accept:
      - '*/*'
      Accept-Encoding:
      - gzip, deflate
      Connection:
      - keep-alive
      Host:
      - gizmoj1.fhcrc.org:33357
      User-Agent:
      - python-httpx/0.28.1
    method: GET
    uri: https://gizmoj1.fhcrc.org:33357/api/workflows/v1/72394e48-702c-4340-b8c7-0d49d2156e61/metadata?expandSubWorkflows=true
  response:
    body:
      string: '{"submittedFiles":{"workflow":"version 1.0\n## This is a test workflow
        that returns the hostname of the node \n## the job is submitted to as a test
        for the Gizmo backend. \n\n#### WORKFLOW DEFINITION\n\nworkflow HelloHostname
        {\n  call Hostname {\n  }\n\n  output {\n    File stdout = Hostname.out\n  }\n\n  parameter_meta
        {\n    stdout: \"hostname of the node the job was submitted to\"\n  }\n}\n\n####
        TASK DEFINITIONS\n\ntask Hostname {\n  command <<<\n    echo $(hostname)\n  >>>\n\n  output
        {\n    File out = stdout()\n  }\n  \n  runtime {\n    cpu: 1\n    memory:
        \"1 GB\"\n  }\n\n  parameter_meta {\n    out: \"hostname of the node the job
        was submitted to\"\n  }\n}\n","root":"","options":"{\n  \"read_from_cache\":
        false,\n  \"workflow_failure_mode\": \"ContinueWhilePossible\",\n  \"write_to_cache\":
        false\n}","inputs":"{}","workflowUrl":"","labels":"{}"},"calls":{},"outputs":{},"status":"Submitted","id":"72394e48-702c-4340-b8c7-0d49d2156e61","inputs":{},"labels":{"cromwell-workflow-id":"cromwell-72394e48-702c-4340-b8c7-0d49d2156e61"},"submission":"2025-12-08T17:07:08.708Z"}'
    headers:
      Connection:
      - keep-alive
      Content-Type:
      - application/json
      Date:
      - Mon, 08 Dec 2025 17:08:24 GMT
      Server:
      - nginx/1.25.3
      Transfer-Encoding:
      - chunked
      content-length:
      - '1090'
    status:
      code: 200
      message: OK
- request:
    body: ''
    headers:
      Accept:
      - '*/*'
      Accept-Encoding:
      - gzip, deflate
      Connection:
      - keep-alive
      Host:
      - gizmoj1.fhcrc.org:33357
      User-Agent:
      - python-httpx/0.28.1
    method: GET
    uri: https://gizmoj1.fhcrc.org:33357/api/workflows/v1/72394e48-702c-4340-b8c7-0d49d2156e61/metadata?expandSubWorkflows=true
  response:
    body:
      string: '{"submittedFiles":{"workflow":"version 1.0\n## This is a test workflow
        that returns the hostname of the node \n## the job is submitted to as a test
        for the Gizmo backend. \n\n#### WORKFLOW DEFINITION\n\nworkflow HelloHostname
        {\n  call Hostname {\n  }\n\n  output {\n    File stdout = Hostname.out\n  }\n\n  parameter_meta
        {\n    stdout: \"hostname of the node the job was submitted to\"\n  }\n}\n\n####
        TASK DEFINITIONS\n\ntask Hostname {\n  command <<<\n    echo $(hostname)\n  >>>\n\n  output
        {\n    File out = stdout()\n  }\n  \n  runtime {\n    cpu: 1\n    memory:
        \"1 GB\"\n  }\n\n  parameter_meta {\n    out: \"hostname of the node the job
        was submitted to\"\n  }\n}\n","root":"","options":"{\n  \"read_from_cache\":
        false,\n  \"workflow_failure_mode\": \"ContinueWhilePossible\",\n  \"write_to_cache\":
        false\n}","inputs":"{}","workflowUrl":"","labels":"{}"},"calls":{},"outputs":{},"status":"Submitted","id":"72394e48-702c-4340-b8c7-0d49d2156e61","inputs":{},"labels":{"cromwell-workflow-id":"cromwell-72394e48-702c-4340-b8c7-0d49d2156e61"},"submission":"2025-12-08T17:07:08.708Z"}'
    headers:
      Connection:
      - keep-alive
      Content-Type:
      - application/json
      Date:
      - Mon, 08 Dec 2025 17:08:29 GMT
      Server:
      - nginx/1.25.3
      Transfer-Encoding:
      - chunked
      content-length:
      - '1090'
    status:
      code: 200
      message: OK
- request:
    body: ''
    headers:
      Accept:
      - '*/*'
      Accept-Encoding:
      - gzip, deflate
      Connection:
      - keep-alive
      Host:
      - gizmoj1.fhcrc.org:33357
      User-Agent:
      - python-httpx/0.28.1
    method: GET
    uri: https://gizmoj1.fhcrc.org:33357/api/workflows/v1/72394e48-702c-4340-b8c7-0d49d2156e61/metadata?expandSubWorkflows=true
  response:
    body:
      string: '{"submittedFiles":{"workflow":"version 1.0\n## This is a test workflow
        that returns the hostname of the node \n## the job is submitted to as a test
        for the Gizmo backend. \n\n#### WORKFLOW DEFINITION\n\nworkflow HelloHostname
        {\n  call Hostname {\n  }\n\n  output {\n    File stdout = Hostname.out\n  }\n\n  parameter_meta
        {\n    stdout: \"hostname of the node the job was submitted to\"\n  }\n}\n\n####
        TASK DEFINITIONS\n\ntask Hostname {\n  command <<<\n    echo $(hostname)\n  >>>\n\n  output
        {\n    File out = stdout()\n  }\n  \n  runtime {\n    cpu: 1\n    memory:
        \"1 GB\"\n  }\n\n  parameter_meta {\n    out: \"hostname of the node the job
        was submitted to\"\n  }\n}\n","root":"","options":"{\n  \"read_from_cache\":
        false,\n  \"workflow_failure_mode\": \"ContinueWhilePossible\",\n  \"write_to_cache\":
        false\n}","inputs":"{}","workflowUrl":"","labels":"{}"},"calls":{},"outputs":{},"status":"Submitted","id":"72394e48-702c-4340-b8c7-0d49d2156e61","inputs":{},"labels":{"cromwell-workflow-id":"cromwell-72394e48-702c-4340-b8c7-0d49d2156e61"},"submission":"2025-12-08T17:07:08.708Z"}'
    headers:
      Connection:
      - keep-alive
      Content-Type:
      - application/json
      Date:
      - Mon, 08 Dec 2025 17:08:34 GMT
      Server:
      - nginx/1.25.3
      Transfer-Encoding:
      - chunked
      content-length:
      - '1090'
    status:
      code: 200
      message: OK
- request:
    body: ''
    headers:
      Accept:
      - '*/*'
      Accept-Encoding:
      - gzip, deflate
      Connection:
      - keep-alive
      Host:
      - gizmoj1.fhcrc.org:33357
      User-Agent:
      - python-httpx/0.28.1
    method: GET
    uri: https://gizmoj1.fhcrc.org:33357/api/workflows/v1/72394e48-702c-4340-b8c7-0d49d2156e61/metadata?expandSubWorkflows=true
  response:
    body:
      string: '{"submittedFiles":{"workflow":"version 1.0\n## This is a test workflow
        that returns the hostname of the node \n## the job is submitted to as a test
        for the Gizmo backend. \n\n#### WORKFLOW DEFINITION\n\nworkflow HelloHostname
        {\n  call Hostname {\n  }\n\n  output {\n    File stdout = Hostname.out\n  }\n\n  parameter_meta
        {\n    stdout: \"hostname of the node the job was submitted to\"\n  }\n}\n\n####
        TASK DEFINITIONS\n\ntask Hostname {\n  command <<<\n    echo $(hostname)\n  >>>\n\n  output
        {\n    File out = stdout()\n  }\n  \n  runtime {\n    cpu: 1\n    memory:
        \"1 GB\"\n  }\n\n  parameter_meta {\n    out: \"hostname of the node the job
        was submitted to\"\n  }\n}\n","root":"","options":"{\n  \"read_from_cache\":
        false,\n  \"workflow_failure_mode\": \"ContinueWhilePossible\",\n  \"write_to_cache\":
        false\n}","inputs":"{}","workflowUrl":"","labels":"{}"},"calls":{},"outputs":{},"status":"Submitted","id":"72394e48-702c-4340-b8c7-0d49d2156e61","inputs":{},"labels":{"cromwell-workflow-id":"cromwell-72394e48-702c-4340-b8c7-0d49d2156e61"},"submission":"2025-12-08T17:07:08.708Z"}'
    headers:
      Connection:
      - keep-alive
      Content-Type:
      - application/json
      Date:
      - Mon, 08 Dec 2025 17:08:39 GMT
      Server:
      - nginx/1.25.3
      Transfer-Encoding:
      - chunked
      content-length:
      - '1090'
    status:
      code: 200
      message: OK
- request:
    body: ''
    headers:
      Accept:
      - '*/*'
      Accept-Encoding:
      - gzip, deflate
      Connection:
      - keep-alive
      Host:
      - gizmoj1.fhcrc.org:33357
      User-Agent:
      - python-httpx/0.28.1
    method: GET
    uri: https://gizmoj1.fhcrc.org:33357/api/workflows/v1/72394e48-702c-4340-b8c7-0d49d2156e61/metadata?expandSubWorkflows=true
  response:
    body:
      string: '{"submittedFiles":{"workflow":"version 1.0\n## This is a test workflow
        that returns the hostname of the node \n## the job is submitted to as a test
        for the Gizmo backend. \n\n#### WORKFLOW DEFINITION\n\nworkflow HelloHostname
        {\n  call Hostname {\n  }\n\n  output {\n    File stdout = Hostname.out\n  }\n\n  parameter_meta
        {\n    stdout: \"hostname of the node the job was submitted to\"\n  }\n}\n\n####
        TASK DEFINITIONS\n\ntask Hostname {\n  command <<<\n    echo $(hostname)\n  >>>\n\n  output
        {\n    File out = stdout()\n  }\n  \n  runtime {\n    cpu: 1\n    memory:
        \"1 GB\"\n  }\n\n  parameter_meta {\n    out: \"hostname of the node the job
        was submitted to\"\n  }\n}\n","root":"","options":"{\n  \"read_from_cache\":
        false,\n  \"workflow_failure_mode\": \"ContinueWhilePossible\",\n  \"write_to_cache\":
        false\n}","inputs":"{}","workflowUrl":"","labels":"{}"},"calls":{},"outputs":{},"status":"Submitted","id":"72394e48-702c-4340-b8c7-0d49d2156e61","inputs":{},"labels":{"cromwell-workflow-id":"cromwell-72394e48-702c-4340-b8c7-0d49d2156e61"},"submission":"2025-12-08T17:07:08.708Z"}'
    headers:
      Connection:
      - keep-alive
      Content-Type:
      - application/json
      Date:
      - Mon, 08 Dec 2025 17:08:44 GMT
      Server:
      - nginx/1.25.3
      Transfer-Encoding:
      - chunked
      content-length:
      - '1090'
    status:
      code: 200
      message: OK
- request:
    body: ''
    headers:
      Accept:
      - '*/*'
      Accept-Encoding:
      - gzip, deflate
      Connection:
      - keep-alive
      Host:
      - gizmoj1.fhcrc.org:33357
      User-Agent:
      - python-httpx/0.28.1
    method: GET
    uri: https://gizmoj1.fhcrc.org:33357/api/workflows/v1/72394e48-702c-4340-b8c7-0d49d2156e61/metadata?expandSubWorkflows=true
  response:
    body:
      string: '{"submittedFiles":{"workflow":"version 1.0\n## This is a test workflow
        that returns the hostname of the node \n## the job is submitted to as a test
        for the Gizmo backend. \n\n#### WORKFLOW DEFINITION\n\nworkflow HelloHostname
        {\n  call Hostname {\n  }\n\n  output {\n    File stdout = Hostname.out\n  }\n\n  parameter_meta
        {\n    stdout: \"hostname of the node the job was submitted to\"\n  }\n}\n\n####
        TASK DEFINITIONS\n\ntask Hostname {\n  command <<<\n    echo $(hostname)\n  >>>\n\n  output
        {\n    File out = stdout()\n  }\n  \n  runtime {\n    cpu: 1\n    memory:
        \"1 GB\"\n  }\n\n  parameter_meta {\n    out: \"hostname of the node the job
        was submitted to\"\n  }\n}\n","root":"","options":"{\n  \"read_from_cache\":
        false,\n  \"workflow_failure_mode\": \"ContinueWhilePossible\",\n  \"write_to_cache\":
        false\n}","inputs":"{}","workflowUrl":"","labels":"{}"},"calls":{},"outputs":{},"status":"Submitted","id":"72394e48-702c-4340-b8c7-0d49d2156e61","inputs":{},"labels":{"cromwell-workflow-id":"cromwell-72394e48-702c-4340-b8c7-0d49d2156e61"},"submission":"2025-12-08T17:07:08.708Z"}'
    headers:
      Connection:
      - keep-alive
      Content-Type:
      - application/json
      Date:
      - Mon, 08 Dec 2025 17:08:49 GMT
      Server:
      - nginx/1.25.3
      Transfer-Encoding:
      - chunked
      content-length:
      - '1090'
    status:
      code: 200
      message: OK
- request:
    body: ''
    headers:
      Accept:
      - '*/*'
      Accept-Encoding:
      - gzip, deflate
      Connection:
      - keep-alive
      Host:
      - gizmoj1.fhcrc.org:33357
      User-Agent:
      - python-httpx/0.28.1
    method: GET
    uri: https://gizmoj1.fhcrc.org:33357/api/workflows/v1/72394e48-702c-4340-b8c7-0d49d2156e61/metadata?expandSubWorkflows=true
  response:
    body:
      string: '{"submittedFiles":{"workflow":"version 1.0\n## This is a test workflow
        that returns the hostname of the node \n## the job is submitted to as a test
        for the Gizmo backend. \n\n#### WORKFLOW DEFINITION\n\nworkflow HelloHostname
        {\n  call Hostname {\n  }\n\n  output {\n    File stdout = Hostname.out\n  }\n\n  parameter_meta
        {\n    stdout: \"hostname of the node the job was submitted to\"\n  }\n}\n\n####
        TASK DEFINITIONS\n\ntask Hostname {\n  command <<<\n    echo $(hostname)\n  >>>\n\n  output
        {\n    File out = stdout()\n  }\n  \n  runtime {\n    cpu: 1\n    memory:
        \"1 GB\"\n  }\n\n  parameter_meta {\n    out: \"hostname of the node the job
        was submitted to\"\n  }\n}\n","root":"","options":"{\n  \"read_from_cache\":
        false,\n  \"workflow_failure_mode\": \"ContinueWhilePossible\",\n  \"write_to_cache\":
        false\n}","inputs":"{}","workflowUrl":"","labels":"{}"},"calls":{},"outputs":{},"status":"Submitted","id":"72394e48-702c-4340-b8c7-0d49d2156e61","inputs":{},"labels":{"cromwell-workflow-id":"cromwell-72394e48-702c-4340-b8c7-0d49d2156e61"},"submission":"2025-12-08T17:07:08.708Z"}'
    headers:
      Connection:
      - keep-alive
      Content-Type:
      - application/json
      Date:
      - Mon, 08 Dec 2025 17:08:54 GMT
      Server:
      - nginx/1.25.3
      Transfer-Encoding:
      - chunked
      content-length:
      - '1090'
    status:
      code: 200
      message: OK
- request:
    body: ''
    headers:
      Accept:
      - '*/*'
      Accept-Encoding:
      - gzip, deflate
      Connection:
      - keep-alive
      Host:
      - gizmoj1.fhcrc.org:33357
      User-Agent:
      - python-httpx/0.28.1
    method: GET
    uri: https://gizmoj1.fhcrc.org:33357/api/workflows/v1/72394e48-702c-4340-b8c7-0d49d2156e61/metadata?expandSubWorkflows=true
  response:
    body:
      string: '{"submittedFiles":{"workflow":"version 1.0\n## This is a test workflow
        that returns the hostname of the node \n## the job is submitted to as a test
        for the Gizmo backend. \n\n#### WORKFLOW DEFINITION\n\nworkflow HelloHostname
        {\n  call Hostname {\n  }\n\n  output {\n    File stdout = Hostname.out\n  }\n\n  parameter_meta
        {\n    stdout: \"hostname of the node the job was submitted to\"\n  }\n}\n\n####
        TASK DEFINITIONS\n\ntask Hostname {\n  command <<<\n    echo $(hostname)\n  >>>\n\n  output
        {\n    File out = stdout()\n  }\n  \n  runtime {\n    cpu: 1\n    memory:
        \"1 GB\"\n  }\n\n  parameter_meta {\n    out: \"hostname of the node the job
        was submitted to\"\n  }\n}\n","root":"","options":"{\n  \"read_from_cache\":
        false,\n  \"workflow_failure_mode\": \"ContinueWhilePossible\",\n  \"write_to_cache\":
        false\n}","inputs":"{}","workflowUrl":"","labels":"{}"},"calls":{},"outputs":{},"status":"Submitted","id":"72394e48-702c-4340-b8c7-0d49d2156e61","inputs":{},"labels":{"cromwell-workflow-id":"cromwell-72394e48-702c-4340-b8c7-0d49d2156e61"},"submission":"2025-12-08T17:07:08.708Z"}'
    headers:
      Connection:
      - keep-alive
      Content-Type:
      - application/json
      Date:
      - Mon, 08 Dec 2025 17:08:59 GMT
      Server:
      - nginx/1.25.3
      Transfer-Encoding:
      - chunked
      content-length:
      - '1090'
    status:
      code: 200
      message: OK
- request:
    body: ''
    headers:
      Accept:
      - '*/*'
      Accept-Encoding:
      - gzip, deflate
      Connection:
      - keep-alive
      Host:
      - gizmoj1.fhcrc.org:33357
      User-Agent:
      - python-httpx/0.28.1
    method: GET
    uri: https://gizmoj1.fhcrc.org:33357/api/workflows/v1/72394e48-702c-4340-b8c7-0d49d2156e61/metadata?expandSubWorkflows=true
  response:
    body:
      string: '{"submittedFiles":{"workflow":"version 1.0\n## This is a test workflow
        that returns the hostname of the node \n## the job is submitted to as a test
        for the Gizmo backend. \n\n#### WORKFLOW DEFINITION\n\nworkflow HelloHostname
        {\n  call Hostname {\n  }\n\n  output {\n    File stdout = Hostname.out\n  }\n\n  parameter_meta
        {\n    stdout: \"hostname of the node the job was submitted to\"\n  }\n}\n\n####
        TASK DEFINITIONS\n\ntask Hostname {\n  command <<<\n    echo $(hostname)\n  >>>\n\n  output
        {\n    File out = stdout()\n  }\n  \n  runtime {\n    cpu: 1\n    memory:
        \"1 GB\"\n  }\n\n  parameter_meta {\n    out: \"hostname of the node the job
        was submitted to\"\n  }\n}\n","root":"","options":"{\n  \"read_from_cache\":
        false,\n  \"workflow_failure_mode\": \"ContinueWhilePossible\",\n  \"write_to_cache\":
        false\n}","inputs":"{}","workflowUrl":"","labels":"{}"},"calls":{},"outputs":{},"status":"Submitted","id":"72394e48-702c-4340-b8c7-0d49d2156e61","inputs":{},"labels":{"cromwell-workflow-id":"cromwell-72394e48-702c-4340-b8c7-0d49d2156e61"},"submission":"2025-12-08T17:07:08.708Z"}'
    headers:
      Connection:
      - keep-alive
      Content-Type:
      - application/json
      Date:
      - Mon, 08 Dec 2025 17:09:04 GMT
      Server:
      - nginx/1.25.3
      Transfer-Encoding:
      - chunked
      content-length:
      - '1090'
    status:
      code: 200
      message: OK
- request:
    body: ''
    headers:
      Accept:
      - '*/*'
      Accept-Encoding:
      - gzip, deflate
      Connection:
      - keep-alive
      Host:
      - gizmoj1.fhcrc.org:33357
      User-Agent:
      - python-httpx/0.28.1
    method: GET
    uri: https://gizmoj1.fhcrc.org:33357/api/workflows/v1/72394e48-702c-4340-b8c7-0d49d2156e61/metadata?expandSubWorkflows=true
  response:
    body:
      string: '{"submittedFiles":{"workflow":"version 1.0\n## This is a test workflow
        that returns the hostname of the node \n## the job is submitted to as a test
        for the Gizmo backend. \n\n#### WORKFLOW DEFINITION\n\nworkflow HelloHostname
        {\n  call Hostname {\n  }\n\n  output {\n    File stdout = Hostname.out\n  }\n\n  parameter_meta
        {\n    stdout: \"hostname of the node the job was submitted to\"\n  }\n}\n\n####
        TASK DEFINITIONS\n\ntask Hostname {\n  command <<<\n    echo $(hostname)\n  >>>\n\n  output
        {\n    File out = stdout()\n  }\n  \n  runtime {\n    cpu: 1\n    memory:
        \"1 GB\"\n  }\n\n  parameter_meta {\n    out: \"hostname of the node the job
        was submitted to\"\n  }\n}\n","root":"","options":"{\n  \"read_from_cache\":
        false,\n  \"workflow_failure_mode\": \"ContinueWhilePossible\",\n  \"write_to_cache\":
        false\n}","inputs":"{}","workflowUrl":"","labels":"{}"},"calls":{},"outputs":{},"status":"Submitted","id":"72394e48-702c-4340-b8c7-0d49d2156e61","inputs":{},"labels":{"cromwell-workflow-id":"cromwell-72394e48-702c-4340-b8c7-0d49d2156e61"},"submission":"2025-12-08T17:07:08.708Z"}'
    headers:
      Connection:
      - keep-alive
      Content-Type:
      - application/json
      Date:
      - Mon, 08 Dec 2025 17:09:09 GMT
      Server:
      - nginx/1.25.3
      Transfer-Encoding:
      - chunked
      content-length:
      - '1090'
    status:
      code: 200
      message: OK
- request:
    body: ''
    headers:
      Accept:
      - '*/*'
      Accept-Encoding:
      - gzip, deflate
      Connection:
      - keep-alive
      Host:
      - gizmoj1.fhcrc.org:33357
      User-Agent:
      - python-httpx/0.28.1
    method: GET
    uri: https://gizmoj1.fhcrc.org:33357/api/workflows/v1/72394e48-702c-4340-b8c7-0d49d2156e61/metadata?expandSubWorkflows=true
  response:
    body:
      string: '{"submittedFiles":{"workflow":"version 1.0\n## This is a test workflow
        that returns the hostname of the node \n## the job is submitted to as a test
        for the Gizmo backend. \n\n#### WORKFLOW DEFINITION\n\nworkflow HelloHostname
        {\n  call Hostname {\n  }\n\n  output {\n    File stdout = Hostname.out\n  }\n\n  parameter_meta
        {\n    stdout: \"hostname of the node the job was submitted to\"\n  }\n}\n\n####
        TASK DEFINITIONS\n\ntask Hostname {\n  command <<<\n    echo $(hostname)\n  >>>\n\n  output
        {\n    File out = stdout()\n  }\n  \n  runtime {\n    cpu: 1\n    memory:
        \"1 GB\"\n  }\n\n  parameter_meta {\n    out: \"hostname of the node the job
        was submitted to\"\n  }\n}\n","root":"","options":"{\n  \"read_from_cache\":
        false,\n  \"workflow_failure_mode\": \"ContinueWhilePossible\",\n  \"write_to_cache\":
        false\n}","inputs":"{}","workflowUrl":"","labels":"{}"},"calls":{},"outputs":{},"status":"Submitted","id":"72394e48-702c-4340-b8c7-0d49d2156e61","inputs":{},"labels":{"cromwell-workflow-id":"cromwell-72394e48-702c-4340-b8c7-0d49d2156e61"},"submission":"2025-12-08T17:07:08.708Z"}'
    headers:
      Connection:
      - keep-alive
      Content-Type:
      - application/json
      Date:
      - Mon, 08 Dec 2025 17:09:14 GMT
      Server:
      - nginx/1.25.3
      Transfer-Encoding:
      - chunked
      content-length:
      - '1090'
    status:
      code: 200
      message: OK
- request:
    body: ''
    headers:
      Accept:
      - '*/*'
      Accept-Encoding:
      - gzip, deflate
      Connection:
      - keep-alive
      Host:
      - gizmoj1.fhcrc.org:33357
      User-Agent:
      - python-httpx/0.28.1
    method: GET
    uri: https://gizmoj1.fhcrc.org:33357/api/workflows/v1/72394e48-702c-4340-b8c7-0d49d2156e61/metadata?expandSubWorkflows=true
  response:
    body:
      string: '{"submittedFiles":{"workflow":"version 1.0\n## This is a test workflow
        that returns the hostname of the node \n## the job is submitted to as a test
        for the Gizmo backend. \n\n#### WORKFLOW DEFINITION\n\nworkflow HelloHostname
        {\n  call Hostname {\n  }\n\n  output {\n    File stdout = Hostname.out\n  }\n\n  parameter_meta
        {\n    stdout: \"hostname of the node the job was submitted to\"\n  }\n}\n\n####
        TASK DEFINITIONS\n\ntask Hostname {\n  command <<<\n    echo $(hostname)\n  >>>\n\n  output
        {\n    File out = stdout()\n  }\n  \n  runtime {\n    cpu: 1\n    memory:
        \"1 GB\"\n  }\n\n  parameter_meta {\n    out: \"hostname of the node the job
        was submitted to\"\n  }\n}\n","root":"","options":"{\n  \"read_from_cache\":
        false,\n  \"workflow_failure_mode\": \"ContinueWhilePossible\",\n  \"write_to_cache\":
        false\n}","inputs":"{}","workflowUrl":"","labels":"{}"},"calls":{},"outputs":{},"status":"Submitted","id":"72394e48-702c-4340-b8c7-0d49d2156e61","inputs":{},"labels":{"cromwell-workflow-id":"cromwell-72394e48-702c-4340-b8c7-0d49d2156e61"},"submission":"2025-12-08T17:07:08.708Z"}'
    headers:
      Connection:
      - keep-alive
      Content-Type:
      - application/json
      Date:
      - Mon, 08 Dec 2025 17:09:19 GMT
      Server:
      - nginx/1.25.3
      Transfer-Encoding:
      - chunked
      content-length:
      - '1090'
    status:
      code: 200
      message: OK
- request:
    body: ''
    headers:
      Accept:
      - '*/*'
      Accept-Encoding:
      - gzip, deflate
      Connection:
      - keep-alive
      Host:
      - gizmoj1.fhcrc.org:33357
      User-Agent:
      - python-httpx/0.28.1
    method: GET
    uri: https://gizmoj1.fhcrc.org:33357/api/workflows/v1/72394e48-702c-4340-b8c7-0d49d2156e61/metadata?expandSubWorkflows=true
  response:
    body:
      string: '{"submittedFiles":{"workflow":"version 1.0\n## This is a test workflow
        that returns the hostname of the node \n## the job is submitted to as a test
        for the Gizmo backend. \n\n#### WORKFLOW DEFINITION\n\nworkflow HelloHostname
        {\n  call Hostname {\n  }\n\n  output {\n    File stdout = Hostname.out\n  }\n\n  parameter_meta
        {\n    stdout: \"hostname of the node the job was submitted to\"\n  }\n}\n\n####
        TASK DEFINITIONS\n\ntask Hostname {\n  command <<<\n    echo $(hostname)\n  >>>\n\n  output
        {\n    File out = stdout()\n  }\n  \n  runtime {\n    cpu: 1\n    memory:
        \"1 GB\"\n  }\n\n  parameter_meta {\n    out: \"hostname of the node the job
        was submitted to\"\n  }\n}\n","root":"","options":"{\n  \"read_from_cache\":
        false,\n  \"workflow_failure_mode\": \"ContinueWhilePossible\",\n  \"write_to_cache\":
        false\n}","inputs":"{}","workflowUrl":"","labels":"{}"},"calls":{},"outputs":{},"status":"Submitted","id":"72394e48-702c-4340-b8c7-0d49d2156e61","inputs":{},"labels":{"cromwell-workflow-id":"cromwell-72394e48-702c-4340-b8c7-0d49d2156e61"},"submission":"2025-12-08T17:07:08.708Z"}'
    headers:
      Connection:
      - keep-alive
      Content-Type:
      - application/json
      Date:
      - Mon, 08 Dec 2025 17:09:24 GMT
      Server:
      - nginx/1.25.3
      Transfer-Encoding:
      - chunked
      content-length:
      - '1090'
    status:
      code: 200
      message: OK
- request:
    body: ''
    headers:
      Accept:
      - '*/*'
      Accept-Encoding:
      - gzip, deflate
      Connection:
      - keep-alive
      Host:
      - gizmoj1.fhcrc.org:33357
      User-Agent:
      - python-httpx/0.28.1
    method: GET
    uri: https://gizmoj1.fhcrc.org:33357/api/workflows/v1/72394e48-702c-4340-b8c7-0d49d2156e61/metadata?expandSubWorkflows=true
  response:
    body:
      string: '{"submittedFiles":{"workflow":"version 1.0\n## This is a test workflow
        that returns the hostname of the node \n## the job is submitted to as a test
        for the Gizmo backend. \n\n#### WORKFLOW DEFINITION\n\nworkflow HelloHostname
        {\n  call Hostname {\n  }\n\n  output {\n    File stdout = Hostname.out\n  }\n\n  parameter_meta
        {\n    stdout: \"hostname of the node the job was submitted to\"\n  }\n}\n\n####
        TASK DEFINITIONS\n\ntask Hostname {\n  command <<<\n    echo $(hostname)\n  >>>\n\n  output
        {\n    File out = stdout()\n  }\n  \n  runtime {\n    cpu: 1\n    memory:
        \"1 GB\"\n  }\n\n  parameter_meta {\n    out: \"hostname of the node the job
        was submitted to\"\n  }\n}\n","root":"","options":"{\n  \"read_from_cache\":
        false,\n  \"workflow_failure_mode\": \"ContinueWhilePossible\",\n  \"write_to_cache\":
        false\n}","inputs":"{}","workflowUrl":"","labels":"{}"},"calls":{},"outputs":{},"status":"Submitted","id":"72394e48-702c-4340-b8c7-0d49d2156e61","inputs":{},"labels":{"cromwell-workflow-id":"cromwell-72394e48-702c-4340-b8c7-0d49d2156e61"},"submission":"2025-12-08T17:07:08.708Z"}'
    headers:
      Connection:
      - keep-alive
      Content-Type:
      - application/json
      Date:
      - Mon, 08 Dec 2025 17:09:29 GMT
      Server:
      - nginx/1.25.3
      Transfer-Encoding:
      - chunked
      content-length:
      - '1090'
    status:
      code: 200
      message: OK
- request:
    body: ''
    headers:
      Accept:
      - '*/*'
      Accept-Encoding:
      - gzip, deflate
      Connection:
      - keep-alive
      Host:
      - gizmoj1.fhcrc.org:33357
      User-Agent:
      - python-httpx/0.28.1
    method: GET
    uri: https://gizmoj1.fhcrc.org:33357/api/workflows/v1/72394e48-702c-4340-b8c7-0d49d2156e61/metadata?expandSubWorkflows=true
  response:
    body:
      string: '{"submittedFiles":{"workflow":"version 1.0\n## This is a test workflow
        that returns the hostname of the node \n## the job is submitted to as a test
        for the Gizmo backend. \n\n#### WORKFLOW DEFINITION\n\nworkflow HelloHostname
        {\n  call Hostname {\n  }\n\n  output {\n    File stdout = Hostname.out\n  }\n\n  parameter_meta
        {\n    stdout: \"hostname of the node the job was submitted to\"\n  }\n}\n\n####
        TASK DEFINITIONS\n\ntask Hostname {\n  command <<<\n    echo $(hostname)\n  >>>\n\n  output
        {\n    File out = stdout()\n  }\n  \n  runtime {\n    cpu: 1\n    memory:
        \"1 GB\"\n  }\n\n  parameter_meta {\n    out: \"hostname of the node the job
        was submitted to\"\n  }\n}\n","root":"","options":"{\n  \"read_from_cache\":
        false,\n  \"workflow_failure_mode\": \"ContinueWhilePossible\",\n  \"write_to_cache\":
        false\n}","inputs":"{}","workflowUrl":"","labels":"{}"},"calls":{},"outputs":{},"status":"Submitted","id":"72394e48-702c-4340-b8c7-0d49d2156e61","inputs":{},"labels":{"cromwell-workflow-id":"cromwell-72394e48-702c-4340-b8c7-0d49d2156e61"},"submission":"2025-12-08T17:07:08.708Z"}'
    headers:
      Connection:
      - keep-alive
      Content-Type:
      - application/json
      Date:
      - Mon, 08 Dec 2025 17:09:35 GMT
      Server:
      - nginx/1.25.3
      Transfer-Encoding:
      - chunked
      content-length:
      - '1090'
    status:
      code: 200
      message: OK
- request:
    body: ''
    headers:
      Accept:
      - '*/*'
      Accept-Encoding:
      - gzip, deflate
      Connection:
      - keep-alive
      Host:
      - gizmoj1.fhcrc.org:33357
      User-Agent:
      - python-httpx/0.28.1
    method: GET
    uri: https://gizmoj1.fhcrc.org:33357/api/workflows/v1/72394e48-702c-4340-b8c7-0d49d2156e61/metadata?expandSubWorkflows=true
  response:
    body:
      string: '{"submittedFiles":{"workflow":"version 1.0\n## This is a test workflow
        that returns the hostname of the node \n## the job is submitted to as a test
        for the Gizmo backend. \n\n#### WORKFLOW DEFINITION\n\nworkflow HelloHostname
        {\n  call Hostname {\n  }\n\n  output {\n    File stdout = Hostname.out\n  }\n\n  parameter_meta
        {\n    stdout: \"hostname of the node the job was submitted to\"\n  }\n}\n\n####
        TASK DEFINITIONS\n\ntask Hostname {\n  command <<<\n    echo $(hostname)\n  >>>\n\n  output
        {\n    File out = stdout()\n  }\n  \n  runtime {\n    cpu: 1\n    memory:
        \"1 GB\"\n  }\n\n  parameter_meta {\n    out: \"hostname of the node the job
        was submitted to\"\n  }\n}\n","root":"","options":"{\n  \"read_from_cache\":
        false,\n  \"workflow_failure_mode\": \"ContinueWhilePossible\",\n  \"write_to_cache\":
        false\n}","inputs":"{}","workflowUrl":"","labels":"{}"},"calls":{},"outputs":{},"status":"Submitted","id":"72394e48-702c-4340-b8c7-0d49d2156e61","inputs":{},"labels":{"cromwell-workflow-id":"cromwell-72394e48-702c-4340-b8c7-0d49d2156e61"},"submission":"2025-12-08T17:07:08.708Z"}'
    headers:
      Connection:
      - keep-alive
      Content-Type:
      - application/json
      Date:
      - Mon, 08 Dec 2025 17:09:40 GMT
      Server:
      - nginx/1.25.3
      Transfer-Encoding:
      - chunked
      content-length:
      - '1090'
    status:
      code: 200
      message: OK
- request:
    body: ''
    headers:
      Accept:
      - '*/*'
      Accept-Encoding:
      - gzip, deflate
      Connection:
      - keep-alive
      Host:
      - gizmoj1.fhcrc.org:33357
      User-Agent:
      - python-httpx/0.28.1
    method: GET
    uri: https://gizmoj1.fhcrc.org:33357/api/workflows/v1/72394e48-702c-4340-b8c7-0d49d2156e61/metadata?expandSubWorkflows=true
  response:
    body:
      string: '{"submittedFiles":{"workflow":"version 1.0\n## This is a test workflow
        that returns the hostname of the node \n## the job is submitted to as a test
        for the Gizmo backend. \n\n#### WORKFLOW DEFINITION\n\nworkflow HelloHostname
        {\n  call Hostname {\n  }\n\n  output {\n    File stdout = Hostname.out\n  }\n\n  parameter_meta
        {\n    stdout: \"hostname of the node the job was submitted to\"\n  }\n}\n\n####
        TASK DEFINITIONS\n\ntask Hostname {\n  command <<<\n    echo $(hostname)\n  >>>\n\n  output
        {\n    File out = stdout()\n  }\n  \n  runtime {\n    cpu: 1\n    memory:
        \"1 GB\"\n  }\n\n  parameter_meta {\n    out: \"hostname of the node the job
        was submitted to\"\n  }\n}\n","root":"","options":"{\n  \"read_from_cache\":
        false,\n  \"workflow_failure_mode\": \"ContinueWhilePossible\",\n  \"write_to_cache\":
        false\n}","inputs":"{}","workflowUrl":"","labels":"{}"},"calls":{},"outputs":{},"status":"Submitted","id":"72394e48-702c-4340-b8c7-0d49d2156e61","inputs":{},"labels":{"cromwell-workflow-id":"cromwell-72394e48-702c-4340-b8c7-0d49d2156e61"},"submission":"2025-12-08T17:07:08.708Z"}'
    headers:
      Connection:
      - keep-alive
      Content-Type:
      - application/json
      Date:
      - Mon, 08 Dec 2025 17:09:45 GMT
      Server:
      - nginx/1.25.3
      Transfer-Encoding:
      - chunked
      content-length:
      - '1090'
    status:
      code: 200
      message: OK
- request:
    body: ''
    headers:
      Accept:
      - '*/*'
      Accept-Encoding:
      - gzip, deflate
      Connection:
      - keep-alive
      Host:
      - gizmoj1.fhcrc.org:33357
      User-Agent:
      - python-httpx/0.28.1
    method: GET
    uri: https://gizmoj1.fhcrc.org:33357/api/workflows/v1/72394e48-702c-4340-b8c7-0d49d2156e61/metadata?expandSubWorkflows=true
  response:
    body:
      string: '{"submittedFiles":{"workflow":"version 1.0\n## This is a test workflow
        that returns the hostname of the node \n## the job is submitted to as a test
        for the Gizmo backend. \n\n#### WORKFLOW DEFINITION\n\nworkflow HelloHostname
        {\n  call Hostname {\n  }\n\n  output {\n    File stdout = Hostname.out\n  }\n\n  parameter_meta
        {\n    stdout: \"hostname of the node the job was submitted to\"\n  }\n}\n\n####
        TASK DEFINITIONS\n\ntask Hostname {\n  command <<<\n    echo $(hostname)\n  >>>\n\n  output
        {\n    File out = stdout()\n  }\n  \n  runtime {\n    cpu: 1\n    memory:
        \"1 GB\"\n  }\n\n  parameter_meta {\n    out: \"hostname of the node the job
        was submitted to\"\n  }\n}\n","root":"","options":"{\n  \"read_from_cache\":
        false,\n  \"workflow_failure_mode\": \"ContinueWhilePossible\",\n  \"write_to_cache\":
        false\n}","inputs":"{}","workflowUrl":"","labels":"{}"},"calls":{},"outputs":{},"status":"Submitted","id":"72394e48-702c-4340-b8c7-0d49d2156e61","inputs":{},"labels":{"cromwell-workflow-id":"cromwell-72394e48-702c-4340-b8c7-0d49d2156e61"},"submission":"2025-12-08T17:07:08.708Z"}'
    headers:
      Connection:
      - keep-alive
      Content-Type:
      - application/json
      Date:
      - Mon, 08 Dec 2025 17:09:50 GMT
      Server:
      - nginx/1.25.3
      Transfer-Encoding:
      - chunked
      content-length:
      - '1090'
    status:
      code: 200
      message: OK
- request:
    body: ''
    headers:
      Accept:
      - '*/*'
      Accept-Encoding:
      - gzip, deflate
      Connection:
      - keep-alive
      Host:
      - gizmoj1.fhcrc.org:33357
      User-Agent:
      - python-httpx/0.28.1
    method: GET
    uri: https://gizmoj1.fhcrc.org:33357/api/workflows/v1/72394e48-702c-4340-b8c7-0d49d2156e61/metadata?expandSubWorkflows=true
  response:
    body:
      string: '{"submittedFiles":{"workflow":"version 1.0\n## This is a test workflow
        that returns the hostname of the node \n## the job is submitted to as a test
        for the Gizmo backend. \n\n#### WORKFLOW DEFINITION\n\nworkflow HelloHostname
        {\n  call Hostname {\n  }\n\n  output {\n    File stdout = Hostname.out\n  }\n\n  parameter_meta
        {\n    stdout: \"hostname of the node the job was submitted to\"\n  }\n}\n\n####
        TASK DEFINITIONS\n\ntask Hostname {\n  command <<<\n    echo $(hostname)\n  >>>\n\n  output
        {\n    File out = stdout()\n  }\n  \n  runtime {\n    cpu: 1\n    memory:
        \"1 GB\"\n  }\n\n  parameter_meta {\n    out: \"hostname of the node the job
        was submitted to\"\n  }\n}\n","root":"","options":"{\n  \"read_from_cache\":
        false,\n  \"workflow_failure_mode\": \"ContinueWhilePossible\",\n  \"write_to_cache\":
        false\n}","inputs":"{}","workflowUrl":"","labels":"{}"},"calls":{},"outputs":{},"status":"Submitted","id":"72394e48-702c-4340-b8c7-0d49d2156e61","inputs":{},"labels":{"cromwell-workflow-id":"cromwell-72394e48-702c-4340-b8c7-0d49d2156e61"},"submission":"2025-12-08T17:07:08.708Z"}'
    headers:
      Connection:
      - keep-alive
      Content-Type:
      - application/json
      Date:
      - Mon, 08 Dec 2025 17:09:55 GMT
      Server:
      - nginx/1.25.3
      Transfer-Encoding:
      - chunked
      content-length:
      - '1090'
    status:
      code: 200
      message: OK
- request:
    body: ''
    headers:
      Accept:
      - '*/*'
      Accept-Encoding:
      - gzip, deflate
      Connection:
      - keep-alive
      Host:
      - gizmoj1.fhcrc.org:33357
      User-Agent:
      - python-httpx/0.28.1
    method: GET
    uri: https://gizmoj1.fhcrc.org:33357/api/workflows/v1/72394e48-702c-4340-b8c7-0d49d2156e61/metadata?expandSubWorkflows=true
  response:
    body:
      string: '{"submittedFiles":{"workflow":"version 1.0\n## This is a test workflow
        that returns the hostname of the node \n## the job is submitted to as a test
        for the Gizmo backend. \n\n#### WORKFLOW DEFINITION\n\nworkflow HelloHostname
        {\n  call Hostname {\n  }\n\n  output {\n    File stdout = Hostname.out\n  }\n\n  parameter_meta
        {\n    stdout: \"hostname of the node the job was submitted to\"\n  }\n}\n\n####
        TASK DEFINITIONS\n\ntask Hostname {\n  command <<<\n    echo $(hostname)\n  >>>\n\n  output
        {\n    File out = stdout()\n  }\n  \n  runtime {\n    cpu: 1\n    memory:
        \"1 GB\"\n  }\n\n  parameter_meta {\n    out: \"hostname of the node the job
        was submitted to\"\n  }\n}\n","root":"","options":"{\n  \"read_from_cache\":
        false,\n  \"workflow_failure_mode\": \"ContinueWhilePossible\",\n  \"write_to_cache\":
        false\n}","inputs":"{}","workflowUrl":"","labels":"{}"},"calls":{},"outputs":{},"status":"Submitted","id":"72394e48-702c-4340-b8c7-0d49d2156e61","inputs":{},"labels":{"cromwell-workflow-id":"cromwell-72394e48-702c-4340-b8c7-0d49d2156e61"},"submission":"2025-12-08T17:07:08.708Z"}'
    headers:
      Connection:
      - keep-alive
      Content-Type:
      - application/json
      Date:
      - Mon, 08 Dec 2025 17:10:00 GMT
      Server:
      - nginx/1.25.3
      Transfer-Encoding:
      - chunked
      content-length:
      - '1090'
    status:
      code: 200
      message: OK
- request:
    body: ''
    headers:
      Accept:
      - '*/*'
      Accept-Encoding:
      - gzip, deflate
      Connection:
      - keep-alive
      Host:
      - gizmoj1.fhcrc.org:33357
      User-Agent:
      - python-httpx/0.28.1
    method: GET
    uri: https://gizmoj1.fhcrc.org:33357/api/workflows/v1/72394e48-702c-4340-b8c7-0d49d2156e61/metadata?expandSubWorkflows=true
  response:
    body:
      string: '{"submittedFiles":{"workflow":"version 1.0\n## This is a test workflow
        that returns the hostname of the node \n## the job is submitted to as a test
        for the Gizmo backend. \n\n#### WORKFLOW DEFINITION\n\nworkflow HelloHostname
        {\n  call Hostname {\n  }\n\n  output {\n    File stdout = Hostname.out\n  }\n\n  parameter_meta
        {\n    stdout: \"hostname of the node the job was submitted to\"\n  }\n}\n\n####
        TASK DEFINITIONS\n\ntask Hostname {\n  command <<<\n    echo $(hostname)\n  >>>\n\n  output
        {\n    File out = stdout()\n  }\n  \n  runtime {\n    cpu: 1\n    memory:
        \"1 GB\"\n  }\n\n  parameter_meta {\n    out: \"hostname of the node the job
        was submitted to\"\n  }\n}\n","root":"","options":"{\n  \"read_from_cache\":
        false,\n  \"workflow_failure_mode\": \"ContinueWhilePossible\",\n  \"write_to_cache\":
        false\n}","inputs":"{}","workflowUrl":"","labels":"{}"},"calls":{},"outputs":{},"status":"Submitted","id":"72394e48-702c-4340-b8c7-0d49d2156e61","inputs":{},"labels":{"cromwell-workflow-id":"cromwell-72394e48-702c-4340-b8c7-0d49d2156e61"},"submission":"2025-12-08T17:07:08.708Z"}'
    headers:
      Connection:
      - keep-alive
      Content-Type:
      - application/json
      Date:
      - Mon, 08 Dec 2025 17:10:05 GMT
      Server:
      - nginx/1.25.3
      Transfer-Encoding:
      - chunked
      content-length:
      - '1090'
    status:
      code: 200
      message: OK
- request:
    body: ''
    headers:
      Accept:
      - '*/*'
      Accept-Encoding:
      - gzip, deflate
      Connection:
      - keep-alive
      Host:
      - gizmoj1.fhcrc.org:33357
      User-Agent:
      - python-httpx/0.28.1
    method: GET
    uri: https://gizmoj1.fhcrc.org:33357/api/workflows/v1/72394e48-702c-4340-b8c7-0d49d2156e61/metadata?expandSubWorkflows=true
  response:
    body:
      string: '{"submittedFiles":{"workflow":"version 1.0\n## This is a test workflow
        that returns the hostname of the node \n## the job is submitted to as a test
        for the Gizmo backend. \n\n#### WORKFLOW DEFINITION\n\nworkflow HelloHostname
        {\n  call Hostname {\n  }\n\n  output {\n    File stdout = Hostname.out\n  }\n\n  parameter_meta
        {\n    stdout: \"hostname of the node the job was submitted to\"\n  }\n}\n\n####
        TASK DEFINITIONS\n\ntask Hostname {\n  command <<<\n    echo $(hostname)\n  >>>\n\n  output
        {\n    File out = stdout()\n  }\n  \n  runtime {\n    cpu: 1\n    memory:
        \"1 GB\"\n  }\n\n  parameter_meta {\n    out: \"hostname of the node the job
        was submitted to\"\n  }\n}\n","root":"","options":"{\n  \"read_from_cache\":
        false,\n  \"workflow_failure_mode\": \"ContinueWhilePossible\",\n  \"write_to_cache\":
        false\n}","inputs":"{}","workflowUrl":"","labels":"{}"},"calls":{},"outputs":{},"status":"Submitted","id":"72394e48-702c-4340-b8c7-0d49d2156e61","inputs":{},"labels":{"cromwell-workflow-id":"cromwell-72394e48-702c-4340-b8c7-0d49d2156e61"},"submission":"2025-12-08T17:07:08.708Z"}'
    headers:
      Connection:
      - keep-alive
      Content-Type:
      - application/json
      Date:
      - Mon, 08 Dec 2025 17:10:10 GMT
      Server:
      - nginx/1.25.3
      Transfer-Encoding:
      - chunked
      content-length:
      - '1090'
    status:
      code: 200
      message: OK
- request:
    body: ''
    headers:
      Accept:
      - '*/*'
      Accept-Encoding:
      - gzip, deflate
      Connection:
      - keep-alive
      Host:
      - gizmoj1.fhcrc.org:33357
      User-Agent:
      - python-httpx/0.28.1
    method: GET
    uri: https://gizmoj1.fhcrc.org:33357/api/workflows/v1/72394e48-702c-4340-b8c7-0d49d2156e61/metadata?expandSubWorkflows=true
  response:
    body:
      string: '{"submittedFiles":{"workflow":"version 1.0\n## This is a test workflow
        that returns the hostname of the node \n## the job is submitted to as a test
        for the Gizmo backend. \n\n#### WORKFLOW DEFINITION\n\nworkflow HelloHostname
        {\n  call Hostname {\n  }\n\n  output {\n    File stdout = Hostname.out\n  }\n\n  parameter_meta
        {\n    stdout: \"hostname of the node the job was submitted to\"\n  }\n}\n\n####
        TASK DEFINITIONS\n\ntask Hostname {\n  command <<<\n    echo $(hostname)\n  >>>\n\n  output
        {\n    File out = stdout()\n  }\n  \n  runtime {\n    cpu: 1\n    memory:
        \"1 GB\"\n  }\n\n  parameter_meta {\n    out: \"hostname of the node the job
        was submitted to\"\n  }\n}\n","root":"","options":"{\n  \"read_from_cache\":
        false,\n  \"workflow_failure_mode\": \"ContinueWhilePossible\",\n  \"write_to_cache\":
        false\n}","inputs":"{}","workflowUrl":"","labels":"{}"},"calls":{},"outputs":{},"status":"Submitted","id":"72394e48-702c-4340-b8c7-0d49d2156e61","inputs":{},"labels":{"cromwell-workflow-id":"cromwell-72394e48-702c-4340-b8c7-0d49d2156e61"},"submission":"2025-12-08T17:07:08.708Z"}'
    headers:
      Connection:
      - keep-alive
      Content-Type:
      - application/json
      Date:
      - Mon, 08 Dec 2025 17:10:15 GMT
      Server:
      - nginx/1.25.3
      Transfer-Encoding:
      - chunked
      content-length:
      - '1090'
    status:
      code: 200
      message: OK
- request:
    body: ''
    headers:
      Accept:
      - '*/*'
      Accept-Encoding:
      - gzip, deflate
      Connection:
      - keep-alive
      Host:
      - gizmoj1.fhcrc.org:33357
      User-Agent:
      - python-httpx/0.28.1
    method: GET
    uri: https://gizmoj1.fhcrc.org:33357/api/workflows/v1/72394e48-702c-4340-b8c7-0d49d2156e61/metadata?expandSubWorkflows=true
  response:
    body:
      string: '{"submittedFiles":{"workflow":"version 1.0\n## This is a test workflow
        that returns the hostname of the node \n## the job is submitted to as a test
        for the Gizmo backend. \n\n#### WORKFLOW DEFINITION\n\nworkflow HelloHostname
        {\n  call Hostname {\n  }\n\n  output {\n    File stdout = Hostname.out\n  }\n\n  parameter_meta
        {\n    stdout: \"hostname of the node the job was submitted to\"\n  }\n}\n\n####
        TASK DEFINITIONS\n\ntask Hostname {\n  command <<<\n    echo $(hostname)\n  >>>\n\n  output
        {\n    File out = stdout()\n  }\n  \n  runtime {\n    cpu: 1\n    memory:
        \"1 GB\"\n  }\n\n  parameter_meta {\n    out: \"hostname of the node the job
        was submitted to\"\n  }\n}\n","root":"","options":"{\n  \"read_from_cache\":
        false,\n  \"workflow_failure_mode\": \"ContinueWhilePossible\",\n  \"write_to_cache\":
        false\n}","inputs":"{}","workflowUrl":"","labels":"{}"},"calls":{},"outputs":{},"status":"Submitted","id":"72394e48-702c-4340-b8c7-0d49d2156e61","inputs":{},"labels":{"cromwell-workflow-id":"cromwell-72394e48-702c-4340-b8c7-0d49d2156e61"},"submission":"2025-12-08T17:07:08.708Z"}'
    headers:
      Connection:
      - keep-alive
      Content-Type:
      - application/json
      Date:
      - Mon, 08 Dec 2025 17:10:20 GMT
      Server:
      - nginx/1.25.3
      Transfer-Encoding:
      - chunked
      content-length:
      - '1090'
    status:
      code: 200
      message: OK
- request:
    body: ''
    headers:
      Accept:
      - '*/*'
      Accept-Encoding:
      - gzip, deflate
      Connection:
      - keep-alive
      Host:
      - gizmoj1.fhcrc.org:33357
      User-Agent:
      - python-httpx/0.28.1
    method: GET
    uri: https://gizmoj1.fhcrc.org:33357/api/workflows/v1/72394e48-702c-4340-b8c7-0d49d2156e61/metadata?expandSubWorkflows=true
  response:
    body:
      string: '{"submittedFiles":{"workflow":"version 1.0\n## This is a test workflow
        that returns the hostname of the node \n## the job is submitted to as a test
        for the Gizmo backend. \n\n#### WORKFLOW DEFINITION\n\nworkflow HelloHostname
        {\n  call Hostname {\n  }\n\n  output {\n    File stdout = Hostname.out\n  }\n\n  parameter_meta
        {\n    stdout: \"hostname of the node the job was submitted to\"\n  }\n}\n\n####
        TASK DEFINITIONS\n\ntask Hostname {\n  command <<<\n    echo $(hostname)\n  >>>\n\n  output
        {\n    File out = stdout()\n  }\n  \n  runtime {\n    cpu: 1\n    memory:
        \"1 GB\"\n  }\n\n  parameter_meta {\n    out: \"hostname of the node the job
        was submitted to\"\n  }\n}\n","root":"","options":"{\n  \"read_from_cache\":
        false,\n  \"workflow_failure_mode\": \"ContinueWhilePossible\",\n  \"write_to_cache\":
        false\n}","inputs":"{}","workflowUrl":"","labels":"{}"},"calls":{},"outputs":{},"status":"Submitted","id":"72394e48-702c-4340-b8c7-0d49d2156e61","inputs":{},"labels":{"cromwell-workflow-id":"cromwell-72394e48-702c-4340-b8c7-0d49d2156e61"},"submission":"2025-12-08T17:07:08.708Z"}'
    headers:
      Connection:
      - keep-alive
      Content-Type:
      - application/json
      Date:
      - Mon, 08 Dec 2025 17:10:25 GMT
      Server:
      - nginx/1.25.3
      Transfer-Encoding:
      - chunked
      content-length:
      - '1090'
    status:
      code: 200
      message: OK
- request:
    body: ''
    headers:
      Accept:
      - '*/*'
      Accept-Encoding:
      - gzip, deflate
      Connection:
      - keep-alive
      Host:
      - gizmoj1.fhcrc.org:33357
      User-Agent:
      - python-httpx/0.28.1
    method: GET
    uri: https://gizmoj1.fhcrc.org:33357/api/workflows/v1/72394e48-702c-4340-b8c7-0d49d2156e61/metadata?expandSubWorkflows=true
  response:
    body:
      string: '{"submittedFiles":{"workflow":"version 1.0\n## This is a test workflow
        that returns the hostname of the node \n## the job is submitted to as a test
        for the Gizmo backend. \n\n#### WORKFLOW DEFINITION\n\nworkflow HelloHostname
        {\n  call Hostname {\n  }\n\n  output {\n    File stdout = Hostname.out\n  }\n\n  parameter_meta
        {\n    stdout: \"hostname of the node the job was submitted to\"\n  }\n}\n\n####
        TASK DEFINITIONS\n\ntask Hostname {\n  command <<<\n    echo $(hostname)\n  >>>\n\n  output
        {\n    File out = stdout()\n  }\n  \n  runtime {\n    cpu: 1\n    memory:
        \"1 GB\"\n  }\n\n  parameter_meta {\n    out: \"hostname of the node the job
        was submitted to\"\n  }\n}\n","root":"","options":"{\n  \"read_from_cache\":
        false,\n  \"workflow_failure_mode\": \"ContinueWhilePossible\",\n  \"write_to_cache\":
        false\n}","inputs":"{}","workflowUrl":"","labels":"{}"},"calls":{},"outputs":{},"status":"Submitted","id":"72394e48-702c-4340-b8c7-0d49d2156e61","inputs":{},"labels":{"cromwell-workflow-id":"cromwell-72394e48-702c-4340-b8c7-0d49d2156e61"},"submission":"2025-12-08T17:07:08.708Z"}'
    headers:
      Connection:
      - keep-alive
      Content-Type:
      - application/json
      Date:
      - Mon, 08 Dec 2025 17:10:30 GMT
      Server:
      - nginx/1.25.3
      Transfer-Encoding:
      - chunked
      content-length:
      - '1090'
    status:
      code: 200
      message: OK
- request:
    body: ''
    headers:
      Accept:
      - '*/*'
      Accept-Encoding:
      - gzip, deflate
      Connection:
      - keep-alive
      Host:
      - gizmoj1.fhcrc.org:33357
      User-Agent:
      - python-httpx/0.28.1
    method: GET
    uri: https://gizmoj1.fhcrc.org:33357/api/workflows/v1/72394e48-702c-4340-b8c7-0d49d2156e61/metadata?expandSubWorkflows=true
  response:
    body:
      string: '{"submittedFiles":{"workflow":"version 1.0\n## This is a test workflow
        that returns the hostname of the node \n## the job is submitted to as a test
        for the Gizmo backend. \n\n#### WORKFLOW DEFINITION\n\nworkflow HelloHostname
        {\n  call Hostname {\n  }\n\n  output {\n    File stdout = Hostname.out\n  }\n\n  parameter_meta
        {\n    stdout: \"hostname of the node the job was submitted to\"\n  }\n}\n\n####
        TASK DEFINITIONS\n\ntask Hostname {\n  command <<<\n    echo $(hostname)\n  >>>\n\n  output
        {\n    File out = stdout()\n  }\n  \n  runtime {\n    cpu: 1\n    memory:
        \"1 GB\"\n  }\n\n  parameter_meta {\n    out: \"hostname of the node the job
        was submitted to\"\n  }\n}\n","root":"","options":"{\n  \"read_from_cache\":
        false,\n  \"workflow_failure_mode\": \"ContinueWhilePossible\",\n  \"write_to_cache\":
        false\n}","inputs":"{}","workflowUrl":"","labels":"{}"},"calls":{},"outputs":{},"status":"Submitted","id":"72394e48-702c-4340-b8c7-0d49d2156e61","inputs":{},"labels":{"cromwell-workflow-id":"cromwell-72394e48-702c-4340-b8c7-0d49d2156e61"},"submission":"2025-12-08T17:07:08.708Z"}'
    headers:
      Connection:
      - keep-alive
      Content-Type:
      - application/json
      Date:
      - Mon, 08 Dec 2025 17:10:35 GMT
      Server:
      - nginx/1.25.3
      Transfer-Encoding:
      - chunked
      content-length:
      - '1090'
    status:
      code: 200
      message: OK
- request:
    body: ''
    headers:
      Accept:
      - '*/*'
      Accept-Encoding:
      - gzip, deflate
      Connection:
      - keep-alive
      Host:
      - gizmoj1.fhcrc.org:33357
      User-Agent:
      - python-httpx/0.28.1
    method: GET
    uri: https://gizmoj1.fhcrc.org:33357/api/workflows/v1/72394e48-702c-4340-b8c7-0d49d2156e61/metadata?expandSubWorkflows=true
  response:
    body:
      string: '{"submittedFiles":{"workflow":"version 1.0\n## This is a test workflow
        that returns the hostname of the node \n## the job is submitted to as a test
        for the Gizmo backend. \n\n#### WORKFLOW DEFINITION\n\nworkflow HelloHostname
        {\n  call Hostname {\n  }\n\n  output {\n    File stdout = Hostname.out\n  }\n\n  parameter_meta
        {\n    stdout: \"hostname of the node the job was submitted to\"\n  }\n}\n\n####
        TASK DEFINITIONS\n\ntask Hostname {\n  command <<<\n    echo $(hostname)\n  >>>\n\n  output
        {\n    File out = stdout()\n  }\n  \n  runtime {\n    cpu: 1\n    memory:
        \"1 GB\"\n  }\n\n  parameter_meta {\n    out: \"hostname of the node the job
        was submitted to\"\n  }\n}\n","root":"","options":"{\n  \"read_from_cache\":
        false,\n  \"workflow_failure_mode\": \"ContinueWhilePossible\",\n  \"write_to_cache\":
        false\n}","inputs":"{}","workflowUrl":"","labels":"{}"},"calls":{},"outputs":{},"status":"Submitted","id":"72394e48-702c-4340-b8c7-0d49d2156e61","inputs":{},"labels":{"cromwell-workflow-id":"cromwell-72394e48-702c-4340-b8c7-0d49d2156e61"},"submission":"2025-12-08T17:07:08.708Z"}'
    headers:
      Connection:
      - keep-alive
      Content-Type:
      - application/json
      Date:
      - Mon, 08 Dec 2025 17:10:40 GMT
      Server:
      - nginx/1.25.3
      Transfer-Encoding:
      - chunked
      content-length:
      - '1090'
    status:
      code: 200
      message: OK
- request:
    body: ''
    headers:
      Accept:
      - '*/*'
      Accept-Encoding:
      - gzip, deflate
      Connection:
      - keep-alive
      Host:
      - gizmoj1.fhcrc.org:33357
      User-Agent:
      - python-httpx/0.28.1
    method: GET
    uri: https://gizmoj1.fhcrc.org:33357/api/workflows/v1/72394e48-702c-4340-b8c7-0d49d2156e61/metadata?expandSubWorkflows=true
  response:
    body:
      string: '{"submittedFiles":{"workflow":"version 1.0\n## This is a test workflow
        that returns the hostname of the node \n## the job is submitted to as a test
        for the Gizmo backend. \n\n#### WORKFLOW DEFINITION\n\nworkflow HelloHostname
        {\n  call Hostname {\n  }\n\n  output {\n    File stdout = Hostname.out\n  }\n\n  parameter_meta
        {\n    stdout: \"hostname of the node the job was submitted to\"\n  }\n}\n\n####
        TASK DEFINITIONS\n\ntask Hostname {\n  command <<<\n    echo $(hostname)\n  >>>\n\n  output
        {\n    File out = stdout()\n  }\n  \n  runtime {\n    cpu: 1\n    memory:
        \"1 GB\"\n  }\n\n  parameter_meta {\n    out: \"hostname of the node the job
        was submitted to\"\n  }\n}\n","root":"","options":"{\n  \"read_from_cache\":
        false,\n  \"workflow_failure_mode\": \"ContinueWhilePossible\",\n  \"write_to_cache\":
        false\n}","inputs":"{}","workflowUrl":"","labels":"{}"},"calls":{},"outputs":{},"status":"Submitted","id":"72394e48-702c-4340-b8c7-0d49d2156e61","inputs":{},"labels":{"cromwell-workflow-id":"cromwell-72394e48-702c-4340-b8c7-0d49d2156e61"},"submission":"2025-12-08T17:07:08.708Z"}'
    headers:
      Connection:
      - keep-alive
      Content-Type:
      - application/json
      Date:
      - Mon, 08 Dec 2025 17:10:45 GMT
      Server:
      - nginx/1.25.3
      Transfer-Encoding:
      - chunked
      content-length:
      - '1090'
    status:
      code: 200
      message: OK
- request:
    body: ''
    headers:
      Accept:
      - '*/*'
      Accept-Encoding:
      - gzip, deflate
      Connection:
      - keep-alive
      Host:
      - gizmoj1.fhcrc.org:33357
      User-Agent:
      - python-httpx/0.28.1
    method: GET
    uri: https://gizmoj1.fhcrc.org:33357/api/workflows/v1/72394e48-702c-4340-b8c7-0d49d2156e61/metadata?expandSubWorkflows=true
  response:
    body:
      string: '{"submittedFiles":{"workflow":"version 1.0\n## This is a test workflow
        that returns the hostname of the node \n## the job is submitted to as a test
        for the Gizmo backend. \n\n#### WORKFLOW DEFINITION\n\nworkflow HelloHostname
        {\n  call Hostname {\n  }\n\n  output {\n    File stdout = Hostname.out\n  }\n\n  parameter_meta
        {\n    stdout: \"hostname of the node the job was submitted to\"\n  }\n}\n\n####
        TASK DEFINITIONS\n\ntask Hostname {\n  command <<<\n    echo $(hostname)\n  >>>\n\n  output
        {\n    File out = stdout()\n  }\n  \n  runtime {\n    cpu: 1\n    memory:
        \"1 GB\"\n  }\n\n  parameter_meta {\n    out: \"hostname of the node the job
        was submitted to\"\n  }\n}\n","root":"","options":"{\n  \"read_from_cache\":
        false,\n  \"workflow_failure_mode\": \"ContinueWhilePossible\",\n  \"write_to_cache\":
        false\n}","inputs":"{}","workflowUrl":"","labels":"{}"},"calls":{},"outputs":{},"status":"Submitted","id":"72394e48-702c-4340-b8c7-0d49d2156e61","inputs":{},"labels":{"cromwell-workflow-id":"cromwell-72394e48-702c-4340-b8c7-0d49d2156e61"},"submission":"2025-12-08T17:07:08.708Z"}'
    headers:
      Connection:
      - keep-alive
      Content-Type:
      - application/json
      Date:
      - Mon, 08 Dec 2025 17:10:50 GMT
      Server:
      - nginx/1.25.3
      Transfer-Encoding:
      - chunked
      content-length:
      - '1090'
    status:
      code: 200
      message: OK
- request:
    body: ''
    headers:
      Accept:
      - '*/*'
      Accept-Encoding:
      - gzip, deflate
      Connection:
      - keep-alive
      Host:
      - gizmoj1.fhcrc.org:33357
      User-Agent:
      - python-httpx/0.28.1
    method: GET
    uri: https://gizmoj1.fhcrc.org:33357/api/workflows/v1/72394e48-702c-4340-b8c7-0d49d2156e61/metadata?expandSubWorkflows=true
  response:
    body:
      string: '{"submittedFiles":{"workflow":"version 1.0\n## This is a test workflow
        that returns the hostname of the node \n## the job is submitted to as a test
        for the Gizmo backend. \n\n#### WORKFLOW DEFINITION\n\nworkflow HelloHostname
        {\n  call Hostname {\n  }\n\n  output {\n    File stdout = Hostname.out\n  }\n\n  parameter_meta
        {\n    stdout: \"hostname of the node the job was submitted to\"\n  }\n}\n\n####
        TASK DEFINITIONS\n\ntask Hostname {\n  command <<<\n    echo $(hostname)\n  >>>\n\n  output
        {\n    File out = stdout()\n  }\n  \n  runtime {\n    cpu: 1\n    memory:
        \"1 GB\"\n  }\n\n  parameter_meta {\n    out: \"hostname of the node the job
        was submitted to\"\n  }\n}\n","root":"","options":"{\n  \"read_from_cache\":
        false,\n  \"workflow_failure_mode\": \"ContinueWhilePossible\",\n  \"write_to_cache\":
        false\n}","inputs":"{}","workflowUrl":"","labels":"{}"},"calls":{},"outputs":{},"status":"Submitted","id":"72394e48-702c-4340-b8c7-0d49d2156e61","inputs":{},"labels":{"cromwell-workflow-id":"cromwell-72394e48-702c-4340-b8c7-0d49d2156e61"},"submission":"2025-12-08T17:07:08.708Z"}'
    headers:
      Connection:
      - keep-alive
      Content-Type:
      - application/json
      Date:
      - Mon, 08 Dec 2025 17:10:55 GMT
      Server:
      - nginx/1.25.3
      Transfer-Encoding:
      - chunked
      content-length:
      - '1090'
    status:
      code: 200
      message: OK
- request:
    body: ''
    headers:
      Accept:
      - '*/*'
      Accept-Encoding:
      - gzip, deflate
      Connection:
      - keep-alive
      Host:
      - gizmoj1.fhcrc.org:33357
      User-Agent:
      - python-httpx/0.28.1
    method: GET
    uri: https://gizmoj1.fhcrc.org:33357/api/workflows/v1/72394e48-702c-4340-b8c7-0d49d2156e61/metadata?expandSubWorkflows=true
  response:
    body:
      string: '{"workflowName":"HelloHostname","workflowProcessingEvents":[{"cromwellId":"cromid-be4d9b8","description":"PickedUp","timestamp":"2025-12-08T17:10:52.658Z","cromwellVersion":"87"}],"actualWorkflowLanguageVersion":"1.0","submittedFiles":{"workflow":"version
        1.0\n## This is a test workflow that returns the hostname of the node \n##
        the job is submitted to as a test for the Gizmo backend. \n\n#### WORKFLOW
        DEFINITION\n\nworkflow HelloHostname {\n  call Hostname {\n  }\n\n  output
        {\n    File stdout = Hostname.out\n  }\n\n  parameter_meta {\n    stdout:
        \"hostname of the node the job was submitted to\"\n  }\n}\n\n#### TASK DEFINITIONS\n\ntask
        Hostname {\n  command <<<\n    echo $(hostname)\n  >>>\n\n  output {\n    File
        out = stdout()\n  }\n  \n  runtime {\n    cpu: 1\n    memory: \"1 GB\"\n  }\n\n  parameter_meta
        {\n    out: \"hostname of the node the job was submitted to\"\n  }\n}\n","root":"","options":"{\n  \"read_from_cache\":
        false,\n  \"workflow_failure_mode\": \"ContinueWhilePossible\",\n  \"write_to_cache\":
        false\n}","inputs":"{}","workflowUrl":"","labels":"{}"},"calls":{"HelloHostname.Hostname":[{"executionStatus":"QueuedInCromwell","shardIndex":-1,"backend":"gizmo","attempt":1,"start":"2025-12-08T17:10:53.718Z"}]},"outputs":{},"workflowRoot":"/redacted/_DaSL/user/svc_proof_test/cromwell-scratch/HelloHostname/72394e48-702c-4340-b8c7-0d49d2156e61","actualWorkflowLanguage":"WDL","status":"Running","start":"2025-12-08T17:10:52.658Z","id":"72394e48-702c-4340-b8c7-0d49d2156e61","inputs":{},"labels":{"cromwell-workflow-id":"cromwell-72394e48-702c-4340-b8c7-0d49d2156e61"},"submission":"2025-12-08T17:07:08.708Z"}'
    headers:
      Connection:
      - keep-alive
      Content-Type:
      - application/json
      Date:
      - Mon, 08 Dec 2025 17:11:00 GMT
      Server:
      - nginx/1.25.3
      Transfer-Encoding:
      - chunked
      content-length:
      - '1638'
    status:
      code: 200
      message: OK
- request:
    body: ''
    headers:
      Accept:
      - '*/*'
      Accept-Encoding:
      - gzip, deflate
      Connection:
      - keep-alive
      Host:
      - gizmoj1.fhcrc.org:33357
      User-Agent:
      - python-httpx/0.28.1
    method: GET
    uri: https://gizmoj1.fhcrc.org:33357/api/workflows/v1/72394e48-702c-4340-b8c7-0d49d2156e61/metadata?expandSubWorkflows=true
  response:
    body:
      string: '{"workflowName":"HelloHostname","workflowProcessingEvents":[{"cromwellId":"cromid-be4d9b8","description":"PickedUp","timestamp":"2025-12-08T17:10:52.658Z","cromwellVersion":"87"}],"actualWorkflowLanguageVersion":"1.0","submittedFiles":{"workflow":"version
        1.0\n## This is a test workflow that returns the hostname of the node \n##
        the job is submitted to as a test for the Gizmo backend. \n\n#### WORKFLOW
        DEFINITION\n\nworkflow HelloHostname {\n  call Hostname {\n  }\n\n  output
        {\n    File stdout = Hostname.out\n  }\n\n  parameter_meta {\n    stdout:
        \"hostname of the node the job was submitted to\"\n  }\n}\n\n#### TASK DEFINITIONS\n\ntask
        Hostname {\n  command <<<\n    echo $(hostname)\n  >>>\n\n  output {\n    File
        out = stdout()\n  }\n  \n  runtime {\n    cpu: 1\n    memory: \"1 GB\"\n  }\n\n  parameter_meta
        {\n    out: \"hostname of the node the job was submitted to\"\n  }\n}\n","root":"","options":"{\n  \"read_from_cache\":
        false,\n  \"workflow_failure_mode\": \"ContinueWhilePossible\",\n  \"write_to_cache\":
        false\n}","inputs":"{}","workflowUrl":"","labels":"{}"},"calls":{"HelloHostname.Hostname":[{"executionStatus":"QueuedInCromwell","shardIndex":-1,"backend":"gizmo","attempt":1,"start":"2025-12-08T17:10:53.718Z"}]},"outputs":{},"workflowRoot":"/redacted/_DaSL/user/svc_proof_test/cromwell-scratch/HelloHostname/72394e48-702c-4340-b8c7-0d49d2156e61","actualWorkflowLanguage":"WDL","status":"Running","start":"2025-12-08T17:10:52.658Z","id":"72394e48-702c-4340-b8c7-0d49d2156e61","inputs":{},"labels":{"cromwell-workflow-id":"cromwell-72394e48-702c-4340-b8c7-0d49d2156e61"},"submission":"2025-12-08T17:07:08.708Z"}'
    headers:
      Connection:
      - keep-alive
      Content-Type:
      - application/json
      Date:
      - Mon, 08 Dec 2025 17:11:05 GMT
      Server:
      - nginx/1.25.3
      Transfer-Encoding:
      - chunked
      content-length:
      - '1638'
    status:
      code: 200
      message: OK
- request:
    body: ''
    headers:
      Accept:
      - '*/*'
      Accept-Encoding:
      - gzip, deflate
      Connection:
      - keep-alive
      Host:
      - gizmoj1.fhcrc.org:33357
      User-Agent:
      - python-httpx/0.28.1
    method: GET
    uri: https://gizmoj1.fhcrc.org:33357/api/workflows/v1/72394e48-702c-4340-b8c7-0d49d2156e61/metadata?expandSubWorkflows=true
  response:
    body:
      string: '{"workflowName":"HelloHostname","workflowProcessingEvents":[{"cromwellId":"cromid-be4d9b8","description":"PickedUp","timestamp":"2025-12-08T17:10:52.658Z","cromwellVersion":"87"}],"actualWorkflowLanguageVersion":"1.0","submittedFiles":{"workflow":"version
        1.0\n## This is a test workflow that returns the hostname of the node \n##
        the job is submitted to as a test for the Gizmo backend. \n\n#### WORKFLOW
        DEFINITION\n\nworkflow HelloHostname {\n  call Hostname {\n  }\n\n  output
        {\n    File stdout = Hostname.out\n  }\n\n  parameter_meta {\n    stdout:
        \"hostname of the node the job was submitted to\"\n  }\n}\n\n#### TASK DEFINITIONS\n\ntask
        Hostname {\n  command <<<\n    echo $(hostname)\n  >>>\n\n  output {\n    File
        out = stdout()\n  }\n  \n  runtime {\n    cpu: 1\n    memory: \"1 GB\"\n  }\n\n  parameter_meta
        {\n    out: \"hostname of the node the job was submitted to\"\n  }\n}\n","root":"","options":"{\n  \"read_from_cache\":
        false,\n  \"workflow_failure_mode\": \"ContinueWhilePossible\",\n  \"write_to_cache\":
        false\n}","inputs":"{}","workflowUrl":"","labels":"{}"},"calls":{"HelloHostname.Hostname":[{"executionStatus":"Running","stdout":"/redacted/_DaSL/user/svc_proof_test/cromwell-scratch/HelloHostname/72394e48-702c-4340-b8c7-0d49d2156e61/call-Hostname/execution/stdout","backendStatus":"Running","commandLine":"echo
        $(hostname)","shardIndex":-1,"runtimeAttributes":{"failOnStderr":"false","partition":"campus-new","continueOnReturnCode":"0","modules":"","gpus":"0","maxRetries":"0","cpu":"1","memory":"1
        GB"},"callCaching":{"allowResultReuse":false,"effectiveCallCachingMode":"CallCachingOff"},"inputs":{},"jobId":"43231557","backend":"gizmo","attempt":1,"start":"2025-12-08T17:10:53.718Z","stderr":"/redacted/_DaSL/user/svc_proof_test/cromwell-scratch/HelloHostname/72394e48-702c-4340-b8c7-0d49d2156e61/call-Hostname/execution/stderr","callRoot":"/redacted/_DaSL/user/svc_proof_test/cromwell-scratch/HelloHostname/72394e48-702c-4340-b8c7-0d49d2156e61/call-Hostname"}]},"outputs":{},"workflowRoot":"/redacted/_DaSL/user/svc_proof_test/cromwell-scratch/HelloHostname/72394e48-702c-4340-b8c7-0d49d2156e61","actualWorkflowLanguage":"WDL","status":"Running","start":"2025-12-08T17:10:52.658Z","id":"72394e48-702c-4340-b8c7-0d49d2156e61","inputs":{},"labels":{"cromwell-workflow-id":"cromwell-72394e48-702c-4340-b8c7-0d49d2156e61"},"submission":"2025-12-08T17:07:08.708Z"}'
    headers:
      Connection:
      - keep-alive
      Content-Type:
      - application/json
      Date:
      - Mon, 08 Dec 2025 17:11:10 GMT
      Server:
      - nginx/1.25.3
      Transfer-Encoding:
      - chunked
      content-length:
      - '2391'
    status:
      code: 200
      message: OK
- request:
    body: ''
    headers:
      Accept:
      - '*/*'
      Accept-Encoding:
      - gzip, deflate
      Connection:
      - keep-alive
      Host:
      - gizmoj1.fhcrc.org:33357
      User-Agent:
      - python-httpx/0.28.1
    method: GET
    uri: https://gizmoj1.fhcrc.org:33357/api/workflows/v1/72394e48-702c-4340-b8c7-0d49d2156e61/metadata?expandSubWorkflows=true
  response:
    body:
      string: '{"workflowName":"HelloHostname","workflowProcessingEvents":[{"cromwellId":"cromid-be4d9b8","description":"PickedUp","timestamp":"2025-12-08T17:10:52.658Z","cromwellVersion":"87"}],"actualWorkflowLanguageVersion":"1.0","submittedFiles":{"workflow":"version
        1.0\n## This is a test workflow that returns the hostname of the node \n##
        the job is submitted to as a test for the Gizmo backend. \n\n#### WORKFLOW
        DEFINITION\n\nworkflow HelloHostname {\n  call Hostname {\n  }\n\n  output
        {\n    File stdout = Hostname.out\n  }\n\n  parameter_meta {\n    stdout:
        \"hostname of the node the job was submitted to\"\n  }\n}\n\n#### TASK DEFINITIONS\n\ntask
        Hostname {\n  command <<<\n    echo $(hostname)\n  >>>\n\n  output {\n    File
        out = stdout()\n  }\n  \n  runtime {\n    cpu: 1\n    memory: \"1 GB\"\n  }\n\n  parameter_meta
        {\n    out: \"hostname of the node the job was submitted to\"\n  }\n}\n","root":"","options":"{\n  \"read_from_cache\":
        false,\n  \"workflow_failure_mode\": \"ContinueWhilePossible\",\n  \"write_to_cache\":
        false\n}","inputs":"{}","workflowUrl":"","labels":"{}"},"calls":{"HelloHostname.Hostname":[{"executionStatus":"Running","stdout":"/redacted/_DaSL/user/svc_proof_test/cromwell-scratch/HelloHostname/72394e48-702c-4340-b8c7-0d49d2156e61/call-Hostname/execution/stdout","backendStatus":"Running","commandLine":"echo
        $(hostname)","shardIndex":-1,"runtimeAttributes":{"failOnStderr":"false","partition":"campus-new","continueOnReturnCode":"0","modules":"","gpus":"0","maxRetries":"0","cpu":"1","memory":"1
        GB"},"callCaching":{"allowResultReuse":false,"effectiveCallCachingMode":"CallCachingOff"},"inputs":{},"jobId":"43231557","backend":"gizmo","attempt":1,"start":"2025-12-08T17:10:53.718Z","stderr":"/redacted/_DaSL/user/svc_proof_test/cromwell-scratch/HelloHostname/72394e48-702c-4340-b8c7-0d49d2156e61/call-Hostname/execution/stderr","callRoot":"/redacted/_DaSL/user/svc_proof_test/cromwell-scratch/HelloHostname/72394e48-702c-4340-b8c7-0d49d2156e61/call-Hostname"}]},"outputs":{},"workflowRoot":"/redacted/_DaSL/user/svc_proof_test/cromwell-scratch/HelloHostname/72394e48-702c-4340-b8c7-0d49d2156e61","actualWorkflowLanguage":"WDL","status":"Running","start":"2025-12-08T17:10:52.658Z","id":"72394e48-702c-4340-b8c7-0d49d2156e61","inputs":{},"labels":{"cromwell-workflow-id":"cromwell-72394e48-702c-4340-b8c7-0d49d2156e61"},"submission":"2025-12-08T17:07:08.708Z"}'
    headers:
      Connection:
      - keep-alive
      Content-Type:
      - application/json
      Date:
      - Mon, 08 Dec 2025 17:11:15 GMT
      Server:
      - nginx/1.25.3
      Transfer-Encoding:
      - chunked
      content-length:
      - '2391'
    status:
      code: 200
      message: OK
- request:
    body: ''
    headers:
      Accept:
      - '*/*'
      Accept-Encoding:
      - gzip, deflate
      Connection:
      - keep-alive
      Host:
      - gizmoj1.fhcrc.org:33357
      User-Agent:
      - python-httpx/0.28.1
    method: GET
    uri: https://gizmoj1.fhcrc.org:33357/api/workflows/v1/72394e48-702c-4340-b8c7-0d49d2156e61/metadata?expandSubWorkflows=true
  response:
    body:
      string: '{"workflowName":"HelloHostname","workflowProcessingEvents":[{"cromwellId":"cromid-be4d9b8","description":"PickedUp","timestamp":"2025-12-08T17:10:52.658Z","cromwellVersion":"87"}],"actualWorkflowLanguageVersion":"1.0","submittedFiles":{"workflow":"version
        1.0\n## This is a test workflow that returns the hostname of the node \n##
        the job is submitted to as a test for the Gizmo backend. \n\n#### WORKFLOW
        DEFINITION\n\nworkflow HelloHostname {\n  call Hostname {\n  }\n\n  output
        {\n    File stdout = Hostname.out\n  }\n\n  parameter_meta {\n    stdout:
        \"hostname of the node the job was submitted to\"\n  }\n}\n\n#### TASK DEFINITIONS\n\ntask
        Hostname {\n  command <<<\n    echo $(hostname)\n  >>>\n\n  output {\n    File
        out = stdout()\n  }\n  \n  runtime {\n    cpu: 1\n    memory: \"1 GB\"\n  }\n\n  parameter_meta
        {\n    out: \"hostname of the node the job was submitted to\"\n  }\n}\n","root":"","options":"{\n  \"read_from_cache\":
        false,\n  \"workflow_failure_mode\": \"ContinueWhilePossible\",\n  \"write_to_cache\":
        false\n}","inputs":"{}","workflowUrl":"","labels":"{}"},"calls":{"HelloHostname.Hostname":[{"executionStatus":"Running","stdout":"/redacted/_DaSL/user/svc_proof_test/cromwell-scratch/HelloHostname/72394e48-702c-4340-b8c7-0d49d2156e61/call-Hostname/execution/stdout","backendStatus":"Running","commandLine":"echo
        $(hostname)","shardIndex":-1,"runtimeAttributes":{"failOnStderr":"false","partition":"campus-new","continueOnReturnCode":"0","modules":"","gpus":"0","maxRetries":"0","cpu":"1","memory":"1
        GB"},"callCaching":{"allowResultReuse":false,"effectiveCallCachingMode":"CallCachingOff"},"inputs":{},"jobId":"43231557","backend":"gizmo","attempt":1,"start":"2025-12-08T17:10:53.718Z","stderr":"/redacted/_DaSL/user/svc_proof_test/cromwell-scratch/HelloHostname/72394e48-702c-4340-b8c7-0d49d2156e61/call-Hostname/execution/stderr","callRoot":"/redacted/_DaSL/user/svc_proof_test/cromwell-scratch/HelloHostname/72394e48-702c-4340-b8c7-0d49d2156e61/call-Hostname"}]},"outputs":{},"workflowRoot":"/redacted/_DaSL/user/svc_proof_test/cromwell-scratch/HelloHostname/72394e48-702c-4340-b8c7-0d49d2156e61","actualWorkflowLanguage":"WDL","status":"Running","start":"2025-12-08T17:10:52.658Z","id":"72394e48-702c-4340-b8c7-0d49d2156e61","inputs":{},"labels":{"cromwell-workflow-id":"cromwell-72394e48-702c-4340-b8c7-0d49d2156e61"},"submission":"2025-12-08T17:07:08.708Z"}'
    headers:
      Connection:
      - keep-alive
      Content-Type:
      - application/json
      Date:
      - Mon, 08 Dec 2025 17:11:20 GMT
      Server:
      - nginx/1.25.3
      Transfer-Encoding:
      - chunked
      content-length:
      - '2391'
    status:
      code: 200
      message: OK
- request:
    body: ''
    headers:
      Accept:
      - '*/*'
      Accept-Encoding:
      - gzip, deflate
      Connection:
      - keep-alive
      Host:
      - gizmoj1.fhcrc.org:33357
      User-Agent:
      - python-httpx/0.28.1
    method: GET
    uri: https://gizmoj1.fhcrc.org:33357/api/workflows/v1/72394e48-702c-4340-b8c7-0d49d2156e61/metadata?expandSubWorkflows=true
  response:
    body:
      string: '{"workflowName":"HelloHostname","workflowProcessingEvents":[{"cromwellId":"cromid-be4d9b8","description":"PickedUp","timestamp":"2025-12-08T17:10:52.658Z","cromwellVersion":"87"}],"actualWorkflowLanguageVersion":"1.0","submittedFiles":{"workflow":"version
        1.0\n## This is a test workflow that returns the hostname of the node \n##
        the job is submitted to as a test for the Gizmo backend. \n\n#### WORKFLOW
        DEFINITION\n\nworkflow HelloHostname {\n  call Hostname {\n  }\n\n  output
        {\n    File stdout = Hostname.out\n  }\n\n  parameter_meta {\n    stdout:
        \"hostname of the node the job was submitted to\"\n  }\n}\n\n#### TASK DEFINITIONS\n\ntask
        Hostname {\n  command <<<\n    echo $(hostname)\n  >>>\n\n  output {\n    File
        out = stdout()\n  }\n  \n  runtime {\n    cpu: 1\n    memory: \"1 GB\"\n  }\n\n  parameter_meta
        {\n    out: \"hostname of the node the job was submitted to\"\n  }\n}\n","root":"","options":"{\n  \"read_from_cache\":
        false,\n  \"workflow_failure_mode\": \"ContinueWhilePossible\",\n  \"write_to_cache\":
        false\n}","inputs":"{}","workflowUrl":"","labels":"{}"},"calls":{"HelloHostname.Hostname":[{"executionStatus":"Running","stdout":"/redacted/_DaSL/user/svc_proof_test/cromwell-scratch/HelloHostname/72394e48-702c-4340-b8c7-0d49d2156e61/call-Hostname/execution/stdout","backendStatus":"Running","commandLine":"echo
        $(hostname)","shardIndex":-1,"runtimeAttributes":{"failOnStderr":"false","partition":"campus-new","continueOnReturnCode":"0","modules":"","gpus":"0","maxRetries":"0","cpu":"1","memory":"1
        GB"},"callCaching":{"allowResultReuse":false,"effectiveCallCachingMode":"CallCachingOff"},"inputs":{},"jobId":"43231557","backend":"gizmo","attempt":1,"start":"2025-12-08T17:10:53.718Z","stderr":"/redacted/_DaSL/user/svc_proof_test/cromwell-scratch/HelloHostname/72394e48-702c-4340-b8c7-0d49d2156e61/call-Hostname/execution/stderr","callRoot":"/redacted/_DaSL/user/svc_proof_test/cromwell-scratch/HelloHostname/72394e48-702c-4340-b8c7-0d49d2156e61/call-Hostname"}]},"outputs":{},"workflowRoot":"/redacted/_DaSL/user/svc_proof_test/cromwell-scratch/HelloHostname/72394e48-702c-4340-b8c7-0d49d2156e61","actualWorkflowLanguage":"WDL","status":"Running","start":"2025-12-08T17:10:52.658Z","id":"72394e48-702c-4340-b8c7-0d49d2156e61","inputs":{},"labels":{"cromwell-workflow-id":"cromwell-72394e48-702c-4340-b8c7-0d49d2156e61"},"submission":"2025-12-08T17:07:08.708Z"}'
    headers:
      Connection:
      - keep-alive
      Content-Type:
      - application/json
      Date:
      - Mon, 08 Dec 2025 17:11:25 GMT
      Server:
      - nginx/1.25.3
      Transfer-Encoding:
      - chunked
      content-length:
      - '2391'
    status:
      code: 200
      message: OK
- request:
    body: ''
    headers:
      Accept:
      - '*/*'
      Accept-Encoding:
      - gzip, deflate
      Connection:
      - keep-alive
      Host:
      - gizmoj1.fhcrc.org:33357
      User-Agent:
      - python-httpx/0.28.1
    method: GET
    uri: https://gizmoj1.fhcrc.org:33357/api/workflows/v1/72394e48-702c-4340-b8c7-0d49d2156e61/metadata?expandSubWorkflows=true
  response:
    body:
      string: '{"workflowName":"HelloHostname","workflowProcessingEvents":[{"cromwellId":"cromid-be4d9b8","description":"PickedUp","timestamp":"2025-12-08T17:10:52.658Z","cromwellVersion":"87"}],"actualWorkflowLanguageVersion":"1.0","submittedFiles":{"workflow":"version
        1.0\n## This is a test workflow that returns the hostname of the node \n##
        the job is submitted to as a test for the Gizmo backend. \n\n#### WORKFLOW
        DEFINITION\n\nworkflow HelloHostname {\n  call Hostname {\n  }\n\n  output
        {\n    File stdout = Hostname.out\n  }\n\n  parameter_meta {\n    stdout:
        \"hostname of the node the job was submitted to\"\n  }\n}\n\n#### TASK DEFINITIONS\n\ntask
        Hostname {\n  command <<<\n    echo $(hostname)\n  >>>\n\n  output {\n    File
        out = stdout()\n  }\n  \n  runtime {\n    cpu: 1\n    memory: \"1 GB\"\n  }\n\n  parameter_meta
        {\n    out: \"hostname of the node the job was submitted to\"\n  }\n}\n","root":"","options":"{\n  \"read_from_cache\":
        false,\n  \"workflow_failure_mode\": \"ContinueWhilePossible\",\n  \"write_to_cache\":
        false\n}","inputs":"{}","workflowUrl":"","labels":"{}"},"calls":{"HelloHostname.Hostname":[{"executionStatus":"Running","stdout":"/redacted/_DaSL/user/svc_proof_test/cromwell-scratch/HelloHostname/72394e48-702c-4340-b8c7-0d49d2156e61/call-Hostname/execution/stdout","backendStatus":"Running","commandLine":"echo
        $(hostname)","shardIndex":-1,"runtimeAttributes":{"failOnStderr":"false","partition":"campus-new","continueOnReturnCode":"0","modules":"","gpus":"0","maxRetries":"0","cpu":"1","memory":"1
        GB"},"callCaching":{"allowResultReuse":false,"effectiveCallCachingMode":"CallCachingOff"},"inputs":{},"jobId":"43231557","backend":"gizmo","attempt":1,"start":"2025-12-08T17:10:53.718Z","stderr":"/redacted/_DaSL/user/svc_proof_test/cromwell-scratch/HelloHostname/72394e48-702c-4340-b8c7-0d49d2156e61/call-Hostname/execution/stderr","callRoot":"/redacted/_DaSL/user/svc_proof_test/cromwell-scratch/HelloHostname/72394e48-702c-4340-b8c7-0d49d2156e61/call-Hostname"}]},"outputs":{},"workflowRoot":"/redacted/_DaSL/user/svc_proof_test/cromwell-scratch/HelloHostname/72394e48-702c-4340-b8c7-0d49d2156e61","actualWorkflowLanguage":"WDL","status":"Running","start":"2025-12-08T17:10:52.658Z","id":"72394e48-702c-4340-b8c7-0d49d2156e61","inputs":{},"labels":{"cromwell-workflow-id":"cromwell-72394e48-702c-4340-b8c7-0d49d2156e61"},"submission":"2025-12-08T17:07:08.708Z"}'
    headers:
      Connection:
      - keep-alive
      Content-Type:
      - application/json
      Date:
      - Mon, 08 Dec 2025 17:11:30 GMT
      Server:
      - nginx/1.25.3
      Transfer-Encoding:
      - chunked
      content-length:
      - '2391'
    status:
      code: 200
      message: OK
- request:
    body: ''
    headers:
      Accept:
      - '*/*'
      Accept-Encoding:
      - gzip, deflate
      Connection:
      - keep-alive
      Host:
      - gizmoj1.fhcrc.org:33357
      User-Agent:
      - python-httpx/0.28.1
    method: GET
    uri: https://gizmoj1.fhcrc.org:33357/api/workflows/v1/72394e48-702c-4340-b8c7-0d49d2156e61/metadata?expandSubWorkflows=true
  response:
    body:
      string: '{"workflowName":"HelloHostname","workflowProcessingEvents":[{"cromwellId":"cromid-be4d9b8","description":"PickedUp","timestamp":"2025-12-08T17:10:52.658Z","cromwellVersion":"87"}],"actualWorkflowLanguageVersion":"1.0","submittedFiles":{"workflow":"version
        1.0\n## This is a test workflow that returns the hostname of the node \n##
        the job is submitted to as a test for the Gizmo backend. \n\n#### WORKFLOW
        DEFINITION\n\nworkflow HelloHostname {\n  call Hostname {\n  }\n\n  output
        {\n    File stdout = Hostname.out\n  }\n\n  parameter_meta {\n    stdout:
        \"hostname of the node the job was submitted to\"\n  }\n}\n\n#### TASK DEFINITIONS\n\ntask
        Hostname {\n  command <<<\n    echo $(hostname)\n  >>>\n\n  output {\n    File
        out = stdout()\n  }\n  \n  runtime {\n    cpu: 1\n    memory: \"1 GB\"\n  }\n\n  parameter_meta
        {\n    out: \"hostname of the node the job was submitted to\"\n  }\n}\n","root":"","options":"{\n  \"read_from_cache\":
        false,\n  \"workflow_failure_mode\": \"ContinueWhilePossible\",\n  \"write_to_cache\":
        false\n}","inputs":"{}","workflowUrl":"","labels":"{}"},"calls":{"HelloHostname.Hostname":[{"executionStatus":"Running","stdout":"/redacted/_DaSL/user/svc_proof_test/cromwell-scratch/HelloHostname/72394e48-702c-4340-b8c7-0d49d2156e61/call-Hostname/execution/stdout","backendStatus":"Running","commandLine":"echo
        $(hostname)","shardIndex":-1,"runtimeAttributes":{"failOnStderr":"false","partition":"campus-new","continueOnReturnCode":"0","modules":"","gpus":"0","maxRetries":"0","cpu":"1","memory":"1
        GB"},"callCaching":{"allowResultReuse":false,"effectiveCallCachingMode":"CallCachingOff"},"inputs":{},"jobId":"43231557","backend":"gizmo","attempt":1,"start":"2025-12-08T17:10:53.718Z","stderr":"/redacted/_DaSL/user/svc_proof_test/cromwell-scratch/HelloHostname/72394e48-702c-4340-b8c7-0d49d2156e61/call-Hostname/execution/stderr","callRoot":"/redacted/_DaSL/user/svc_proof_test/cromwell-scratch/HelloHostname/72394e48-702c-4340-b8c7-0d49d2156e61/call-Hostname"}]},"outputs":{},"workflowRoot":"/redacted/_DaSL/user/svc_proof_test/cromwell-scratch/HelloHostname/72394e48-702c-4340-b8c7-0d49d2156e61","actualWorkflowLanguage":"WDL","status":"Running","start":"2025-12-08T17:10:52.658Z","id":"72394e48-702c-4340-b8c7-0d49d2156e61","inputs":{},"labels":{"cromwell-workflow-id":"cromwell-72394e48-702c-4340-b8c7-0d49d2156e61"},"submission":"2025-12-08T17:07:08.708Z"}'
    headers:
      Connection:
      - keep-alive
      Content-Type:
      - application/json
      Date:
      - Mon, 08 Dec 2025 17:11:36 GMT
      Server:
      - nginx/1.25.3
      Transfer-Encoding:
      - chunked
      content-length:
      - '2391'
    status:
      code: 200
      message: OK
- request:
    body: ''
    headers:
      Accept:
      - '*/*'
      Accept-Encoding:
      - gzip, deflate
      Connection:
      - keep-alive
      Host:
      - gizmoj1.fhcrc.org:33357
      User-Agent:
      - python-httpx/0.28.1
    method: GET
    uri: https://gizmoj1.fhcrc.org:33357/api/workflows/v1/72394e48-702c-4340-b8c7-0d49d2156e61/metadata?expandSubWorkflows=true
  response:
    body:
      string: '{"workflowName":"HelloHostname","workflowProcessingEvents":[{"cromwellId":"cromid-be4d9b8","description":"PickedUp","timestamp":"2025-12-08T17:10:52.658Z","cromwellVersion":"87"}],"actualWorkflowLanguageVersion":"1.0","submittedFiles":{"workflow":"version
        1.0\n## This is a test workflow that returns the hostname of the node \n##
        the job is submitted to as a test for the Gizmo backend. \n\n#### WORKFLOW
        DEFINITION\n\nworkflow HelloHostname {\n  call Hostname {\n  }\n\n  output
        {\n    File stdout = Hostname.out\n  }\n\n  parameter_meta {\n    stdout:
        \"hostname of the node the job was submitted to\"\n  }\n}\n\n#### TASK DEFINITIONS\n\ntask
        Hostname {\n  command <<<\n    echo $(hostname)\n  >>>\n\n  output {\n    File
        out = stdout()\n  }\n  \n  runtime {\n    cpu: 1\n    memory: \"1 GB\"\n  }\n\n  parameter_meta
        {\n    out: \"hostname of the node the job was submitted to\"\n  }\n}\n","root":"","options":"{\n  \"read_from_cache\":
        false,\n  \"workflow_failure_mode\": \"ContinueWhilePossible\",\n  \"write_to_cache\":
        false\n}","inputs":"{}","workflowUrl":"","labels":"{}"},"calls":{"HelloHostname.Hostname":[{"executionStatus":"Running","stdout":"/redacted/_DaSL/user/svc_proof_test/cromwell-scratch/HelloHostname/72394e48-702c-4340-b8c7-0d49d2156e61/call-Hostname/execution/stdout","backendStatus":"Done","commandLine":"echo
        $(hostname)","shardIndex":-1,"runtimeAttributes":{"failOnStderr":"false","partition":"campus-new","continueOnReturnCode":"0","modules":"","gpus":"0","maxRetries":"0","cpu":"1","memory":"1
        GB"},"callCaching":{"allowResultReuse":false,"effectiveCallCachingMode":"CallCachingOff"},"inputs":{},"jobId":"43231557","backend":"gizmo","attempt":1,"start":"2025-12-08T17:10:53.718Z","stderr":"/redacted/_DaSL/user/svc_proof_test/cromwell-scratch/HelloHostname/72394e48-702c-4340-b8c7-0d49d2156e61/call-Hostname/execution/stderr","callRoot":"/redacted/_DaSL/user/svc_proof_test/cromwell-scratch/HelloHostname/72394e48-702c-4340-b8c7-0d49d2156e61/call-Hostname"}]},"outputs":{},"workflowRoot":"/redacted/_DaSL/user/svc_proof_test/cromwell-scratch/HelloHostname/72394e48-702c-4340-b8c7-0d49d2156e61","actualWorkflowLanguage":"WDL","status":"Running","start":"2025-12-08T17:10:52.658Z","id":"72394e48-702c-4340-b8c7-0d49d2156e61","inputs":{},"labels":{"cromwell-workflow-id":"cromwell-72394e48-702c-4340-b8c7-0d49d2156e61"},"submission":"2025-12-08T17:07:08.708Z"}'
    headers:
      Connection:
      - keep-alive
      Content-Type:
      - application/json
      Date:
      - Mon, 08 Dec 2025 17:11:41 GMT
      Server:
      - nginx/1.25.3
      Transfer-Encoding:
      - chunked
      content-length:
      - '2388'
    status:
      code: 200
      message: OK
- request:
    body: ''
    headers:
      Accept:
      - '*/*'
      Accept-Encoding:
      - gzip, deflate
      Connection:
      - keep-alive
      Host:
      - gizmoj1.fhcrc.org:33357
      User-Agent:
      - python-httpx/0.28.1
    method: GET
    uri: https://gizmoj1.fhcrc.org:33357/api/workflows/v1/72394e48-702c-4340-b8c7-0d49d2156e61/metadata?expandSubWorkflows=true
  response:
    body:
      string: '{"workflowName":"HelloHostname","workflowProcessingEvents":[{"cromwellId":"cromid-be4d9b8","description":"Finished","timestamp":"2025-12-08T17:11:38.598Z","cromwellVersion":"87"},{"cromwellId":"cromid-be4d9b8","description":"PickedUp","timestamp":"2025-12-08T17:10:52.658Z","cromwellVersion":"87"}],"actualWorkflowLanguageVersion":"1.0","submittedFiles":{"workflow":"version
        1.0\n## This is a test workflow that returns the hostname of the node \n##
        the job is submitted to as a test for the Gizmo backend. \n\n#### WORKFLOW
        DEFINITION\n\nworkflow HelloHostname {\n  call Hostname {\n  }\n\n  output
        {\n    File stdout = Hostname.out\n  }\n\n  parameter_meta {\n    stdout:
        \"hostname of the node the job was submitted to\"\n  }\n}\n\n#### TASK DEFINITIONS\n\ntask
        Hostname {\n  command <<<\n    echo $(hostname)\n  >>>\n\n  output {\n    File
        out = stdout()\n  }\n  \n  runtime {\n    cpu: 1\n    memory: \"1 GB\"\n  }\n\n  parameter_meta
        {\n    out: \"hostname of the node the job was submitted to\"\n  }\n}\n","root":"","options":"{\n  \"read_from_cache\":
        false,\n  \"workflow_failure_mode\": \"ContinueWhilePossible\",\n  \"write_to_cache\":
        false\n}","inputs":"{}","workflowUrl":"","labels":"{}"},"calls":{"HelloHostname.Hostname":[{"executionStatus":"Done","stdout":"/redacted/_DaSL/user/svc_proof_test/cromwell-scratch/HelloHostname/72394e48-702c-4340-b8c7-0d49d2156e61/call-Hostname/execution/stdout","backendStatus":"Done","commandLine":"echo
        $(hostname)","shardIndex":-1,"outputs":{"out":"/redacted/_DaSL/user/svc_proof_test/cromwell-scratch/HelloHostname/72394e48-702c-4340-b8c7-0d49d2156e61/call-Hostname/execution/stdout"},"runtimeAttributes":{"failOnStderr":"false","partition":"campus-new","continueOnReturnCode":"0","modules":"","gpus":"0","maxRetries":"0","cpu":"1","memory":"1
        GB"},"callCaching":{"allowResultReuse":false,"effectiveCallCachingMode":"CallCachingOff"},"inputs":{},"returnCode":0,"jobId":"43231557","backend":"gizmo","end":"2025-12-08T17:11:36.712Z","start":"2025-12-08T17:10:53.718Z","stderr":"/redacted/_DaSL/user/svc_proof_test/cromwell-scratch/HelloHostname/72394e48-702c-4340-b8c7-0d49d2156e61/call-Hostname/execution/stderr","callRoot":"/redacted/_DaSL/user/svc_proof_test/cromwell-scratch/HelloHostname/72394e48-702c-4340-b8c7-0d49d2156e61/call-Hostname","attempt":1,"executionEvents":[{"startTime":"2025-12-08T17:10:53.718Z","description":"Pending","endTime":"2025-12-08T17:10:53.718Z"},{"startTime":"2025-12-08T17:10:53.718Z","description":"RequestingExecutionToken","endTime":"2025-12-08T17:11:02.006Z"},{"startTime":"2025-12-08T17:11:02.006Z","description":"WaitingForValueStore","endTime":"2025-12-08T17:11:02.006Z"},{"startTime":"2025-12-08T17:11:02.006Z","description":"PreparingJob","endTime":"2025-12-08T17:11:02.014Z"},{"startTime":"2025-12-08T17:11:02.014Z","description":"RunningJob","endTime":"2025-12-08T17:11:36.587Z"},{"startTime":"2025-12-08T17:11:36.587Z","description":"UpdatingJobStore","endTime":"2025-12-08T17:11:36.712Z"}]}]},"outputs":{"HelloHostname.stdout":"/redacted/_DaSL/user/svc_proof_test/cromwell-scratch/HelloHostname/72394e48-702c-4340-b8c7-0d49d2156e61/call-Hostname/execution/stdout"},"workflowRoot":"/redacted/_DaSL/user/svc_proof_test/cromwell-scratch/HelloHostname/72394e48-702c-4340-b8c7-0d49d2156e61","actualWorkflowLanguage":"WDL","status":"Succeeded","end":"2025-12-08T17:11:38.597Z","start":"2025-12-08T17:10:52.658Z","id":"72394e48-702c-4340-b8c7-0d49d2156e61","inputs":{},"labels":{"cromwell-workflow-id":"cromwell-72394e48-702c-4340-b8c7-0d49d2156e61"},"submission":"2025-12-08T17:07:08.708Z"}'
    headers:
      Connection:
      - keep-alive
      Content-Type:
      - application/json
      Date:
      - Mon, 08 Dec 2025 17:11:46 GMT
      Server:
      - nginx/1.25.3
      Transfer-Encoding:
      - chunked
      content-length:
      - '3580'
    status:
      code: 200
      message: OK
version: 1
