interactions:
- request:
    body: "--ba3f199a36bf50f0d2acd42f0feb0dea\r\nContent-Disposition: form-data; name=\"workflowSource\";
      filename=\"missingValue.wdl\"\r\nContent-Type: application/octet-stream\r\n\r\nversion
      1.0\n## This is a test workflow that fails against womtool.\n## From https://github.com/broadinstitute/cromwell\n\n####
      WORKFLOW DEFINITION\n\nworkflow oops {\n  call oopsie\n}\n\n#### TASK DEFINITIONS\n\ntask
      oopsie {\n  input {\n    String str\n  }\n  command { echo ${str} }\n  runtime
      { docker: docker_image }\n}\n\r\n--ba3f199a36bf50f0d2acd42f0feb0dea\r\nContent-Disposition:
      form-data; name=\"workflowOptions\"; filename=\"options.json\"\r\nContent-Type:
      application/json\r\n\r\n{\n    \"workflow_failure_mode\": \"ContinueWhilePossible\",\n
      \   \"write_to_cache\": false,\n    \"read_from_cache\": false\n}\n\r\n--ba3f199a36bf50f0d2acd42f0feb0dea--\r\n"
    headers:
      accept:
      - '*/*'
      accept-encoding:
      - gzip, deflate
      connection:
      - keep-alive
      content-length:
      - '778'
      content-type:
      - multipart/form-data; boundary=ba3f199a36bf50f0d2acd42f0feb0dea
      host:
      - gizmoj5.fhcrc.org:33817
      user-agent:
      - python-httpx/0.28.1
    method: POST
    uri: https://gizmoj5.fhcrc.org:33817/api/workflows/v1
  response:
    body:
      string: '{"id":"b6017c80-1ac8-4c91-bbcb-dce606ecf625","status":"Submitted"}'
    headers:
      Connection:
      - keep-alive
      Content-Length:
      - '66'
      Content-Type:
      - application/json
      Date:
      - Sun, 07 Sep 2025 03:23:55 GMT
      Server:
      - nginx/1.25.3
    status:
      code: 201
      message: Created
- request:
    body: ''
    headers:
      accept:
      - '*/*'
      accept-encoding:
      - gzip, deflate
      connection:
      - keep-alive
      host:
      - gizmoj5.fhcrc.org:33817
      user-agent:
      - python-httpx/0.28.1
    method: GET
    uri: https://gizmoj5.fhcrc.org:33817/api/workflows/v1/b6017c80-1ac8-4c91-bbcb-dce606ecf625/metadata?expandSubWorkflows=true
  response:
    body:
      string: '{"submittedFiles":{"workflow":"version 1.0\n## This is a test workflow
        that fails against womtool.\n## From https://github.com/broadinstitute/cromwell\n\n####
        WORKFLOW DEFINITION\n\nworkflow oops {\n  call oopsie\n}\n\n#### TASK DEFINITIONS\n\ntask
        oopsie {\n  input {\n    String str\n  }\n  command { echo ${str} }\n  runtime
        { docker: docker_image }\n}\n","root":"","options":"{\n  \"read_from_cache\":
        false,\n  \"workflow_failure_mode\": \"ContinueWhilePossible\",\n  \"write_to_cache\":
        false\n}","inputs":"{}","workflowUrl":"","labels":"{}"},"calls":{},"outputs":{},"status":"Submitted","id":"b6017c80-1ac8-4c91-bbcb-dce606ecf625","inputs":{},"labels":{"cromwell-workflow-id":"cromwell-b6017c80-1ac8-4c91-bbcb-dce606ecf625"},"submission":"2025-09-07T03:23:55.051Z"}'
    headers:
      Connection:
      - keep-alive
      Content-Type:
      - application/json
      Date:
      - Sun, 07 Sep 2025 03:24:00 GMT
      Server:
      - nginx/1.25.3
      Transfer-Encoding:
      - chunked
      content-length:
      - '772'
    status:
      code: 200
      message: OK
- request:
    body: ''
    headers:
      accept:
      - '*/*'
      accept-encoding:
      - gzip, deflate
      connection:
      - keep-alive
      host:
      - gizmoj5.fhcrc.org:33817
      user-agent:
      - python-httpx/0.28.1
    method: GET
    uri: https://gizmoj5.fhcrc.org:33817/api/workflows/v1/b6017c80-1ac8-4c91-bbcb-dce606ecf625/metadata?expandSubWorkflows=true
  response:
    body:
      string: '{"submittedFiles":{"workflow":"version 1.0\n## This is a test workflow
        that fails against womtool.\n## From https://github.com/broadinstitute/cromwell\n\n####
        WORKFLOW DEFINITION\n\nworkflow oops {\n  call oopsie\n}\n\n#### TASK DEFINITIONS\n\ntask
        oopsie {\n  input {\n    String str\n  }\n  command { echo ${str} }\n  runtime
        { docker: docker_image }\n}\n","root":"","options":"{\n  \"read_from_cache\":
        false,\n  \"workflow_failure_mode\": \"ContinueWhilePossible\",\n  \"write_to_cache\":
        false\n}","inputs":"{}","workflowUrl":"","labels":"{}"},"calls":{},"outputs":{},"status":"Submitted","id":"b6017c80-1ac8-4c91-bbcb-dce606ecf625","inputs":{},"labels":{"cromwell-workflow-id":"cromwell-b6017c80-1ac8-4c91-bbcb-dce606ecf625"},"submission":"2025-09-07T03:23:55.051Z"}'
    headers:
      Connection:
      - keep-alive
      Content-Type:
      - application/json
      Date:
      - Sun, 07 Sep 2025 03:24:05 GMT
      Server:
      - nginx/1.25.3
      Transfer-Encoding:
      - chunked
      content-length:
      - '772'
    status:
      code: 200
      message: OK
- request:
    body: ''
    headers:
      accept:
      - '*/*'
      accept-encoding:
      - gzip, deflate
      connection:
      - keep-alive
      host:
      - gizmoj5.fhcrc.org:33817
      user-agent:
      - python-httpx/0.28.1
    method: GET
    uri: https://gizmoj5.fhcrc.org:33817/api/workflows/v1/b6017c80-1ac8-4c91-bbcb-dce606ecf625/metadata?expandSubWorkflows=true
  response:
    body:
      string: '{"submittedFiles":{"workflow":"version 1.0\n## This is a test workflow
        that fails against womtool.\n## From https://github.com/broadinstitute/cromwell\n\n####
        WORKFLOW DEFINITION\n\nworkflow oops {\n  call oopsie\n}\n\n#### TASK DEFINITIONS\n\ntask
        oopsie {\n  input {\n    String str\n  }\n  command { echo ${str} }\n  runtime
        { docker: docker_image }\n}\n","root":"","options":"{\n  \"read_from_cache\":
        false,\n  \"workflow_failure_mode\": \"ContinueWhilePossible\",\n  \"write_to_cache\":
        false\n}","inputs":"{}","workflowUrl":"","labels":"{}"},"calls":{},"outputs":{},"status":"Submitted","id":"b6017c80-1ac8-4c91-bbcb-dce606ecf625","inputs":{},"labels":{"cromwell-workflow-id":"cromwell-b6017c80-1ac8-4c91-bbcb-dce606ecf625"},"submission":"2025-09-07T03:23:55.051Z"}'
    headers:
      Connection:
      - keep-alive
      Content-Type:
      - application/json
      Date:
      - Sun, 07 Sep 2025 03:24:10 GMT
      Server:
      - nginx/1.25.3
      Transfer-Encoding:
      - chunked
      content-length:
      - '772'
    status:
      code: 200
      message: OK
- request:
    body: ''
    headers:
      accept:
      - '*/*'
      accept-encoding:
      - gzip, deflate
      connection:
      - keep-alive
      host:
      - gizmoj5.fhcrc.org:33817
      user-agent:
      - python-httpx/0.28.1
    method: GET
    uri: https://gizmoj5.fhcrc.org:33817/api/workflows/v1/b6017c80-1ac8-4c91-bbcb-dce606ecf625/metadata?expandSubWorkflows=true
  response:
    body:
      string: '{"submittedFiles":{"workflow":"version 1.0\n## This is a test workflow
        that fails against womtool.\n## From https://github.com/broadinstitute/cromwell\n\n####
        WORKFLOW DEFINITION\n\nworkflow oops {\n  call oopsie\n}\n\n#### TASK DEFINITIONS\n\ntask
        oopsie {\n  input {\n    String str\n  }\n  command { echo ${str} }\n  runtime
        { docker: docker_image }\n}\n","root":"","options":"{\n  \"read_from_cache\":
        false,\n  \"workflow_failure_mode\": \"ContinueWhilePossible\",\n  \"write_to_cache\":
        false\n}","inputs":"{}","workflowUrl":"","labels":"{}"},"calls":{},"outputs":{},"status":"Submitted","id":"b6017c80-1ac8-4c91-bbcb-dce606ecf625","inputs":{},"labels":{"cromwell-workflow-id":"cromwell-b6017c80-1ac8-4c91-bbcb-dce606ecf625"},"submission":"2025-09-07T03:23:55.051Z"}'
    headers:
      Connection:
      - keep-alive
      Content-Type:
      - application/json
      Date:
      - Sun, 07 Sep 2025 03:24:15 GMT
      Server:
      - nginx/1.25.3
      Transfer-Encoding:
      - chunked
      content-length:
      - '772'
    status:
      code: 200
      message: OK
- request:
    body: ''
    headers:
      accept:
      - '*/*'
      accept-encoding:
      - gzip, deflate
      connection:
      - keep-alive
      host:
      - gizmoj5.fhcrc.org:33817
      user-agent:
      - python-httpx/0.28.1
    method: GET
    uri: https://gizmoj5.fhcrc.org:33817/api/workflows/v1/b6017c80-1ac8-4c91-bbcb-dce606ecf625/metadata?expandSubWorkflows=true
  response:
    body:
      string: '{"submittedFiles":{"workflow":"version 1.0\n## This is a test workflow
        that fails against womtool.\n## From https://github.com/broadinstitute/cromwell\n\n####
        WORKFLOW DEFINITION\n\nworkflow oops {\n  call oopsie\n}\n\n#### TASK DEFINITIONS\n\ntask
        oopsie {\n  input {\n    String str\n  }\n  command { echo ${str} }\n  runtime
        { docker: docker_image }\n}\n","root":"","options":"{\n  \"read_from_cache\":
        false,\n  \"workflow_failure_mode\": \"ContinueWhilePossible\",\n  \"write_to_cache\":
        false\n}","inputs":"{}","workflowUrl":"","labels":"{}"},"calls":{},"outputs":{},"status":"Submitted","id":"b6017c80-1ac8-4c91-bbcb-dce606ecf625","inputs":{},"labels":{"cromwell-workflow-id":"cromwell-b6017c80-1ac8-4c91-bbcb-dce606ecf625"},"submission":"2025-09-07T03:23:55.051Z"}'
    headers:
      Connection:
      - keep-alive
      Content-Type:
      - application/json
      Date:
      - Sun, 07 Sep 2025 03:24:20 GMT
      Server:
      - nginx/1.25.3
      Transfer-Encoding:
      - chunked
      content-length:
      - '772'
    status:
      code: 200
      message: OK
- request:
    body: ''
    headers:
      accept:
      - '*/*'
      accept-encoding:
      - gzip, deflate
      connection:
      - keep-alive
      host:
      - gizmoj5.fhcrc.org:33817
      user-agent:
      - python-httpx/0.28.1
    method: GET
    uri: https://gizmoj5.fhcrc.org:33817/api/workflows/v1/b6017c80-1ac8-4c91-bbcb-dce606ecf625/metadata?expandSubWorkflows=true
  response:
    body:
      string: '{"submittedFiles":{"workflow":"version 1.0\n## This is a test workflow
        that fails against womtool.\n## From https://github.com/broadinstitute/cromwell\n\n####
        WORKFLOW DEFINITION\n\nworkflow oops {\n  call oopsie\n}\n\n#### TASK DEFINITIONS\n\ntask
        oopsie {\n  input {\n    String str\n  }\n  command { echo ${str} }\n  runtime
        { docker: docker_image }\n}\n","root":"","options":"{\n  \"read_from_cache\":
        false,\n  \"workflow_failure_mode\": \"ContinueWhilePossible\",\n  \"write_to_cache\":
        false\n}","inputs":"{}","workflowUrl":"","labels":"{}"},"calls":{},"outputs":{},"status":"Submitted","id":"b6017c80-1ac8-4c91-bbcb-dce606ecf625","inputs":{},"labels":{"cromwell-workflow-id":"cromwell-b6017c80-1ac8-4c91-bbcb-dce606ecf625"},"submission":"2025-09-07T03:23:55.051Z"}'
    headers:
      Connection:
      - keep-alive
      Content-Type:
      - application/json
      Date:
      - Sun, 07 Sep 2025 03:24:25 GMT
      Server:
      - nginx/1.25.3
      Transfer-Encoding:
      - chunked
      content-length:
      - '772'
    status:
      code: 200
      message: OK
- request:
    body: ''
    headers:
      accept:
      - '*/*'
      accept-encoding:
      - gzip, deflate
      connection:
      - keep-alive
      host:
      - gizmoj5.fhcrc.org:33817
      user-agent:
      - python-httpx/0.28.1
    method: GET
    uri: https://gizmoj5.fhcrc.org:33817/api/workflows/v1/b6017c80-1ac8-4c91-bbcb-dce606ecf625/metadata?expandSubWorkflows=true
  response:
    body:
      string: '{"submittedFiles":{"workflow":"version 1.0\n## This is a test workflow
        that fails against womtool.\n## From https://github.com/broadinstitute/cromwell\n\n####
        WORKFLOW DEFINITION\n\nworkflow oops {\n  call oopsie\n}\n\n#### TASK DEFINITIONS\n\ntask
        oopsie {\n  input {\n    String str\n  }\n  command { echo ${str} }\n  runtime
        { docker: docker_image }\n}\n","root":"","options":"{\n  \"read_from_cache\":
        false,\n  \"workflow_failure_mode\": \"ContinueWhilePossible\",\n  \"write_to_cache\":
        false\n}","inputs":"{}","workflowUrl":"","labels":"{}"},"calls":{},"outputs":{},"status":"Submitted","id":"b6017c80-1ac8-4c91-bbcb-dce606ecf625","inputs":{},"labels":{"cromwell-workflow-id":"cromwell-b6017c80-1ac8-4c91-bbcb-dce606ecf625"},"submission":"2025-09-07T03:23:55.051Z"}'
    headers:
      Connection:
      - keep-alive
      Content-Type:
      - application/json
      Date:
      - Sun, 07 Sep 2025 03:24:30 GMT
      Server:
      - nginx/1.25.3
      Transfer-Encoding:
      - chunked
      content-length:
      - '772'
    status:
      code: 200
      message: OK
- request:
    body: ''
    headers:
      accept:
      - '*/*'
      accept-encoding:
      - gzip, deflate
      connection:
      - keep-alive
      host:
      - gizmoj5.fhcrc.org:33817
      user-agent:
      - python-httpx/0.28.1
    method: GET
    uri: https://gizmoj5.fhcrc.org:33817/api/workflows/v1/b6017c80-1ac8-4c91-bbcb-dce606ecf625/metadata?expandSubWorkflows=true
  response:
    body:
      string: '{"submittedFiles":{"workflow":"version 1.0\n## This is a test workflow
        that fails against womtool.\n## From https://github.com/broadinstitute/cromwell\n\n####
        WORKFLOW DEFINITION\n\nworkflow oops {\n  call oopsie\n}\n\n#### TASK DEFINITIONS\n\ntask
        oopsie {\n  input {\n    String str\n  }\n  command { echo ${str} }\n  runtime
        { docker: docker_image }\n}\n","root":"","options":"{\n  \"read_from_cache\":
        false,\n  \"workflow_failure_mode\": \"ContinueWhilePossible\",\n  \"write_to_cache\":
        false\n}","inputs":"{}","workflowUrl":"","labels":"{}"},"calls":{},"outputs":{},"status":"Submitted","id":"b6017c80-1ac8-4c91-bbcb-dce606ecf625","inputs":{},"labels":{"cromwell-workflow-id":"cromwell-b6017c80-1ac8-4c91-bbcb-dce606ecf625"},"submission":"2025-09-07T03:23:55.051Z"}'
    headers:
      Connection:
      - keep-alive
      Content-Type:
      - application/json
      Date:
      - Sun, 07 Sep 2025 03:24:35 GMT
      Server:
      - nginx/1.25.3
      Transfer-Encoding:
      - chunked
      content-length:
      - '772'
    status:
      code: 200
      message: OK
- request:
    body: ''
    headers:
      accept:
      - '*/*'
      accept-encoding:
      - gzip, deflate
      connection:
      - keep-alive
      host:
      - gizmoj5.fhcrc.org:33817
      user-agent:
      - python-httpx/0.28.1
    method: GET
    uri: https://gizmoj5.fhcrc.org:33817/api/workflows/v1/b6017c80-1ac8-4c91-bbcb-dce606ecf625/metadata?expandSubWorkflows=true
  response:
    body:
      string: '{"submittedFiles":{"workflow":"version 1.0\n## This is a test workflow
        that fails against womtool.\n## From https://github.com/broadinstitute/cromwell\n\n####
        WORKFLOW DEFINITION\n\nworkflow oops {\n  call oopsie\n}\n\n#### TASK DEFINITIONS\n\ntask
        oopsie {\n  input {\n    String str\n  }\n  command { echo ${str} }\n  runtime
        { docker: docker_image }\n}\n","root":"","options":"{\n  \"read_from_cache\":
        false,\n  \"workflow_failure_mode\": \"ContinueWhilePossible\",\n  \"write_to_cache\":
        false\n}","inputs":"{}","workflowUrl":"","labels":"{}"},"calls":{},"outputs":{},"status":"Submitted","id":"b6017c80-1ac8-4c91-bbcb-dce606ecf625","inputs":{},"labels":{"cromwell-workflow-id":"cromwell-b6017c80-1ac8-4c91-bbcb-dce606ecf625"},"submission":"2025-09-07T03:23:55.051Z"}'
    headers:
      Connection:
      - keep-alive
      Content-Type:
      - application/json
      Date:
      - Sun, 07 Sep 2025 03:24:40 GMT
      Server:
      - nginx/1.25.3
      Transfer-Encoding:
      - chunked
      content-length:
      - '772'
    status:
      code: 200
      message: OK
- request:
    body: ''
    headers:
      accept:
      - '*/*'
      accept-encoding:
      - gzip, deflate
      connection:
      - keep-alive
      host:
      - gizmoj5.fhcrc.org:33817
      user-agent:
      - python-httpx/0.28.1
    method: GET
    uri: https://gizmoj5.fhcrc.org:33817/api/workflows/v1/b6017c80-1ac8-4c91-bbcb-dce606ecf625/metadata?expandSubWorkflows=true
  response:
    body:
      string: '{"submittedFiles":{"workflow":"version 1.0\n## This is a test workflow
        that fails against womtool.\n## From https://github.com/broadinstitute/cromwell\n\n####
        WORKFLOW DEFINITION\n\nworkflow oops {\n  call oopsie\n}\n\n#### TASK DEFINITIONS\n\ntask
        oopsie {\n  input {\n    String str\n  }\n  command { echo ${str} }\n  runtime
        { docker: docker_image }\n}\n","root":"","options":"{\n  \"read_from_cache\":
        false,\n  \"workflow_failure_mode\": \"ContinueWhilePossible\",\n  \"write_to_cache\":
        false\n}","inputs":"{}","workflowUrl":"","labels":"{}"},"calls":{},"outputs":{},"status":"Submitted","id":"b6017c80-1ac8-4c91-bbcb-dce606ecf625","inputs":{},"labels":{"cromwell-workflow-id":"cromwell-b6017c80-1ac8-4c91-bbcb-dce606ecf625"},"submission":"2025-09-07T03:23:55.051Z"}'
    headers:
      Connection:
      - keep-alive
      Content-Type:
      - application/json
      Date:
      - Sun, 07 Sep 2025 03:24:45 GMT
      Server:
      - nginx/1.25.3
      Transfer-Encoding:
      - chunked
      content-length:
      - '772'
    status:
      code: 200
      message: OK
- request:
    body: ''
    headers:
      accept:
      - '*/*'
      accept-encoding:
      - gzip, deflate
      connection:
      - keep-alive
      host:
      - gizmoj5.fhcrc.org:33817
      user-agent:
      - python-httpx/0.28.1
    method: GET
    uri: https://gizmoj5.fhcrc.org:33817/api/workflows/v1/b6017c80-1ac8-4c91-bbcb-dce606ecf625/metadata?expandSubWorkflows=true
  response:
    body:
      string: '{"submittedFiles":{"workflow":"version 1.0\n## This is a test workflow
        that fails against womtool.\n## From https://github.com/broadinstitute/cromwell\n\n####
        WORKFLOW DEFINITION\n\nworkflow oops {\n  call oopsie\n}\n\n#### TASK DEFINITIONS\n\ntask
        oopsie {\n  input {\n    String str\n  }\n  command { echo ${str} }\n  runtime
        { docker: docker_image }\n}\n","root":"","options":"{\n  \"read_from_cache\":
        false,\n  \"workflow_failure_mode\": \"ContinueWhilePossible\",\n  \"write_to_cache\":
        false\n}","inputs":"{}","workflowUrl":"","labels":"{}"},"calls":{},"outputs":{},"status":"Submitted","id":"b6017c80-1ac8-4c91-bbcb-dce606ecf625","inputs":{},"labels":{"cromwell-workflow-id":"cromwell-b6017c80-1ac8-4c91-bbcb-dce606ecf625"},"submission":"2025-09-07T03:23:55.051Z"}'
    headers:
      Connection:
      - keep-alive
      Content-Type:
      - application/json
      Date:
      - Sun, 07 Sep 2025 03:24:50 GMT
      Server:
      - nginx/1.25.3
      Transfer-Encoding:
      - chunked
      content-length:
      - '772'
    status:
      code: 200
      message: OK
- request:
    body: ''
    headers:
      accept:
      - '*/*'
      accept-encoding:
      - gzip, deflate
      connection:
      - keep-alive
      host:
      - gizmoj5.fhcrc.org:33817
      user-agent:
      - python-httpx/0.28.1
    method: GET
    uri: https://gizmoj5.fhcrc.org:33817/api/workflows/v1/b6017c80-1ac8-4c91-bbcb-dce606ecf625/metadata?expandSubWorkflows=true
  response:
    body:
      string: '{"submittedFiles":{"workflow":"version 1.0\n## This is a test workflow
        that fails against womtool.\n## From https://github.com/broadinstitute/cromwell\n\n####
        WORKFLOW DEFINITION\n\nworkflow oops {\n  call oopsie\n}\n\n#### TASK DEFINITIONS\n\ntask
        oopsie {\n  input {\n    String str\n  }\n  command { echo ${str} }\n  runtime
        { docker: docker_image }\n}\n","root":"","options":"{\n  \"read_from_cache\":
        false,\n  \"workflow_failure_mode\": \"ContinueWhilePossible\",\n  \"write_to_cache\":
        false\n}","inputs":"{}","workflowUrl":"","labels":"{}"},"calls":{},"outputs":{},"status":"Submitted","id":"b6017c80-1ac8-4c91-bbcb-dce606ecf625","inputs":{},"labels":{"cromwell-workflow-id":"cromwell-b6017c80-1ac8-4c91-bbcb-dce606ecf625"},"submission":"2025-09-07T03:23:55.051Z"}'
    headers:
      Connection:
      - keep-alive
      Content-Type:
      - application/json
      Date:
      - Sun, 07 Sep 2025 03:24:55 GMT
      Server:
      - nginx/1.25.3
      Transfer-Encoding:
      - chunked
      content-length:
      - '772'
    status:
      code: 200
      message: OK
- request:
    body: ''
    headers:
      accept:
      - '*/*'
      accept-encoding:
      - gzip, deflate
      connection:
      - keep-alive
      host:
      - gizmoj5.fhcrc.org:33817
      user-agent:
      - python-httpx/0.28.1
    method: GET
    uri: https://gizmoj5.fhcrc.org:33817/api/workflows/v1/b6017c80-1ac8-4c91-bbcb-dce606ecf625/metadata?expandSubWorkflows=true
  response:
    body:
      string: '{"submittedFiles":{"workflow":"version 1.0\n## This is a test workflow
        that fails against womtool.\n## From https://github.com/broadinstitute/cromwell\n\n####
        WORKFLOW DEFINITION\n\nworkflow oops {\n  call oopsie\n}\n\n#### TASK DEFINITIONS\n\ntask
        oopsie {\n  input {\n    String str\n  }\n  command { echo ${str} }\n  runtime
        { docker: docker_image }\n}\n","root":"","options":"{\n  \"read_from_cache\":
        false,\n  \"workflow_failure_mode\": \"ContinueWhilePossible\",\n  \"write_to_cache\":
        false\n}","inputs":"{}","workflowUrl":"","labels":"{}"},"calls":{},"outputs":{},"status":"Submitted","id":"b6017c80-1ac8-4c91-bbcb-dce606ecf625","inputs":{},"labels":{"cromwell-workflow-id":"cromwell-b6017c80-1ac8-4c91-bbcb-dce606ecf625"},"submission":"2025-09-07T03:23:55.051Z"}'
    headers:
      Connection:
      - keep-alive
      Content-Type:
      - application/json
      Date:
      - Sun, 07 Sep 2025 03:25:00 GMT
      Server:
      - nginx/1.25.3
      Transfer-Encoding:
      - chunked
      content-length:
      - '772'
    status:
      code: 200
      message: OK
- request:
    body: ''
    headers:
      accept:
      - '*/*'
      accept-encoding:
      - gzip, deflate
      connection:
      - keep-alive
      host:
      - gizmoj5.fhcrc.org:33817
      user-agent:
      - python-httpx/0.28.1
    method: GET
    uri: https://gizmoj5.fhcrc.org:33817/api/workflows/v1/b6017c80-1ac8-4c91-bbcb-dce606ecf625/metadata?expandSubWorkflows=true
  response:
    body:
      string: '{"submittedFiles":{"workflow":"version 1.0\n## This is a test workflow
        that fails against womtool.\n## From https://github.com/broadinstitute/cromwell\n\n####
        WORKFLOW DEFINITION\n\nworkflow oops {\n  call oopsie\n}\n\n#### TASK DEFINITIONS\n\ntask
        oopsie {\n  input {\n    String str\n  }\n  command { echo ${str} }\n  runtime
        { docker: docker_image }\n}\n","root":"","options":"{\n  \"read_from_cache\":
        false,\n  \"workflow_failure_mode\": \"ContinueWhilePossible\",\n  \"write_to_cache\":
        false\n}","inputs":"{}","workflowUrl":"","labels":"{}"},"calls":{},"outputs":{},"status":"Submitted","id":"b6017c80-1ac8-4c91-bbcb-dce606ecf625","inputs":{},"labels":{"cromwell-workflow-id":"cromwell-b6017c80-1ac8-4c91-bbcb-dce606ecf625"},"submission":"2025-09-07T03:23:55.051Z"}'
    headers:
      Connection:
      - keep-alive
      Content-Type:
      - application/json
      Date:
      - Sun, 07 Sep 2025 03:25:06 GMT
      Server:
      - nginx/1.25.3
      Transfer-Encoding:
      - chunked
      content-length:
      - '772'
    status:
      code: 200
      message: OK
- request:
    body: ''
    headers:
      accept:
      - '*/*'
      accept-encoding:
      - gzip, deflate
      connection:
      - keep-alive
      host:
      - gizmoj5.fhcrc.org:33817
      user-agent:
      - python-httpx/0.28.1
    method: GET
    uri: https://gizmoj5.fhcrc.org:33817/api/workflows/v1/b6017c80-1ac8-4c91-bbcb-dce606ecf625/metadata?expandSubWorkflows=true
  response:
    body:
      string: '{"submittedFiles":{"workflow":"version 1.0\n## This is a test workflow
        that fails against womtool.\n## From https://github.com/broadinstitute/cromwell\n\n####
        WORKFLOW DEFINITION\n\nworkflow oops {\n  call oopsie\n}\n\n#### TASK DEFINITIONS\n\ntask
        oopsie {\n  input {\n    String str\n  }\n  command { echo ${str} }\n  runtime
        { docker: docker_image }\n}\n","root":"","options":"{\n  \"read_from_cache\":
        false,\n  \"workflow_failure_mode\": \"ContinueWhilePossible\",\n  \"write_to_cache\":
        false\n}","inputs":"{}","workflowUrl":"","labels":"{}"},"calls":{},"outputs":{},"status":"Submitted","id":"b6017c80-1ac8-4c91-bbcb-dce606ecf625","inputs":{},"labels":{"cromwell-workflow-id":"cromwell-b6017c80-1ac8-4c91-bbcb-dce606ecf625"},"submission":"2025-09-07T03:23:55.051Z"}'
    headers:
      Connection:
      - keep-alive
      Content-Type:
      - application/json
      Date:
      - Sun, 07 Sep 2025 03:25:11 GMT
      Server:
      - nginx/1.25.3
      Transfer-Encoding:
      - chunked
      content-length:
      - '772'
    status:
      code: 200
      message: OK
- request:
    body: ''
    headers:
      accept:
      - '*/*'
      accept-encoding:
      - gzip, deflate
      connection:
      - keep-alive
      host:
      - gizmoj5.fhcrc.org:33817
      user-agent:
      - python-httpx/0.28.1
    method: GET
    uri: https://gizmoj5.fhcrc.org:33817/api/workflows/v1/b6017c80-1ac8-4c91-bbcb-dce606ecf625/metadata?expandSubWorkflows=true
  response:
    body:
      string: '{"submittedFiles":{"workflow":"version 1.0\n## This is a test workflow
        that fails against womtool.\n## From https://github.com/broadinstitute/cromwell\n\n####
        WORKFLOW DEFINITION\n\nworkflow oops {\n  call oopsie\n}\n\n#### TASK DEFINITIONS\n\ntask
        oopsie {\n  input {\n    String str\n  }\n  command { echo ${str} }\n  runtime
        { docker: docker_image }\n}\n","root":"","options":"{\n  \"read_from_cache\":
        false,\n  \"workflow_failure_mode\": \"ContinueWhilePossible\",\n  \"write_to_cache\":
        false\n}","inputs":"{}","workflowUrl":"","labels":"{}"},"calls":{},"outputs":{},"status":"Submitted","id":"b6017c80-1ac8-4c91-bbcb-dce606ecf625","inputs":{},"labels":{"cromwell-workflow-id":"cromwell-b6017c80-1ac8-4c91-bbcb-dce606ecf625"},"submission":"2025-09-07T03:23:55.051Z"}'
    headers:
      Connection:
      - keep-alive
      Content-Type:
      - application/json
      Date:
      - Sun, 07 Sep 2025 03:25:16 GMT
      Server:
      - nginx/1.25.3
      Transfer-Encoding:
      - chunked
      content-length:
      - '772'
    status:
      code: 200
      message: OK
- request:
    body: ''
    headers:
      accept:
      - '*/*'
      accept-encoding:
      - gzip, deflate
      connection:
      - keep-alive
      host:
      - gizmoj5.fhcrc.org:33817
      user-agent:
      - python-httpx/0.28.1
    method: GET
    uri: https://gizmoj5.fhcrc.org:33817/api/workflows/v1/b6017c80-1ac8-4c91-bbcb-dce606ecf625/metadata?expandSubWorkflows=true
  response:
    body:
      string: '{"submittedFiles":{"workflow":"version 1.0\n## This is a test workflow
        that fails against womtool.\n## From https://github.com/broadinstitute/cromwell\n\n####
        WORKFLOW DEFINITION\n\nworkflow oops {\n  call oopsie\n}\n\n#### TASK DEFINITIONS\n\ntask
        oopsie {\n  input {\n    String str\n  }\n  command { echo ${str} }\n  runtime
        { docker: docker_image }\n}\n","root":"","options":"{\n  \"read_from_cache\":
        false,\n  \"workflow_failure_mode\": \"ContinueWhilePossible\",\n  \"write_to_cache\":
        false\n}","inputs":"{}","workflowUrl":"","labels":"{}"},"calls":{},"outputs":{},"status":"Submitted","id":"b6017c80-1ac8-4c91-bbcb-dce606ecf625","inputs":{},"labels":{"cromwell-workflow-id":"cromwell-b6017c80-1ac8-4c91-bbcb-dce606ecf625"},"submission":"2025-09-07T03:23:55.051Z"}'
    headers:
      Connection:
      - keep-alive
      Content-Type:
      - application/json
      Date:
      - Sun, 07 Sep 2025 03:25:21 GMT
      Server:
      - nginx/1.25.3
      Transfer-Encoding:
      - chunked
      content-length:
      - '772'
    status:
      code: 200
      message: OK
- request:
    body: ''
    headers:
      accept:
      - '*/*'
      accept-encoding:
      - gzip, deflate
      connection:
      - keep-alive
      host:
      - gizmoj5.fhcrc.org:33817
      user-agent:
      - python-httpx/0.28.1
    method: GET
    uri: https://gizmoj5.fhcrc.org:33817/api/workflows/v1/b6017c80-1ac8-4c91-bbcb-dce606ecf625/metadata?expandSubWorkflows=true
  response:
    body:
      string: '{"submittedFiles":{"workflow":"version 1.0\n## This is a test workflow
        that fails against womtool.\n## From https://github.com/broadinstitute/cromwell\n\n####
        WORKFLOW DEFINITION\n\nworkflow oops {\n  call oopsie\n}\n\n#### TASK DEFINITIONS\n\ntask
        oopsie {\n  input {\n    String str\n  }\n  command { echo ${str} }\n  runtime
        { docker: docker_image }\n}\n","root":"","options":"{\n  \"read_from_cache\":
        false,\n  \"workflow_failure_mode\": \"ContinueWhilePossible\",\n  \"write_to_cache\":
        false\n}","inputs":"{}","workflowUrl":"","labels":"{}"},"calls":{},"outputs":{},"status":"Submitted","id":"b6017c80-1ac8-4c91-bbcb-dce606ecf625","inputs":{},"labels":{"cromwell-workflow-id":"cromwell-b6017c80-1ac8-4c91-bbcb-dce606ecf625"},"submission":"2025-09-07T03:23:55.051Z"}'
    headers:
      Connection:
      - keep-alive
      Content-Type:
      - application/json
      Date:
      - Sun, 07 Sep 2025 03:25:26 GMT
      Server:
      - nginx/1.25.3
      Transfer-Encoding:
      - chunked
      content-length:
      - '772'
    status:
      code: 200
      message: OK
- request:
    body: ''
    headers:
      accept:
      - '*/*'
      accept-encoding:
      - gzip, deflate
      connection:
      - keep-alive
      host:
      - gizmoj5.fhcrc.org:33817
      user-agent:
      - python-httpx/0.28.1
    method: GET
    uri: https://gizmoj5.fhcrc.org:33817/api/workflows/v1/b6017c80-1ac8-4c91-bbcb-dce606ecf625/metadata?expandSubWorkflows=true
  response:
    body:
      string: '{"submittedFiles":{"workflow":"version 1.0\n## This is a test workflow
        that fails against womtool.\n## From https://github.com/broadinstitute/cromwell\n\n####
        WORKFLOW DEFINITION\n\nworkflow oops {\n  call oopsie\n}\n\n#### TASK DEFINITIONS\n\ntask
        oopsie {\n  input {\n    String str\n  }\n  command { echo ${str} }\n  runtime
        { docker: docker_image }\n}\n","root":"","options":"{\n  \"read_from_cache\":
        false,\n  \"workflow_failure_mode\": \"ContinueWhilePossible\",\n  \"write_to_cache\":
        false\n}","inputs":"{}","workflowUrl":"","labels":"{}"},"calls":{},"outputs":{},"status":"Submitted","id":"b6017c80-1ac8-4c91-bbcb-dce606ecf625","inputs":{},"labels":{"cromwell-workflow-id":"cromwell-b6017c80-1ac8-4c91-bbcb-dce606ecf625"},"submission":"2025-09-07T03:23:55.051Z"}'
    headers:
      Connection:
      - keep-alive
      Content-Type:
      - application/json
      Date:
      - Sun, 07 Sep 2025 03:25:31 GMT
      Server:
      - nginx/1.25.3
      Transfer-Encoding:
      - chunked
      content-length:
      - '772'
    status:
      code: 200
      message: OK
- request:
    body: ''
    headers:
      accept:
      - '*/*'
      accept-encoding:
      - gzip, deflate
      connection:
      - keep-alive
      host:
      - gizmoj5.fhcrc.org:33817
      user-agent:
      - python-httpx/0.28.1
    method: GET
    uri: https://gizmoj5.fhcrc.org:33817/api/workflows/v1/b6017c80-1ac8-4c91-bbcb-dce606ecf625/metadata?expandSubWorkflows=true
  response:
    body:
      string: '{"submittedFiles":{"workflow":"version 1.0\n## This is a test workflow
        that fails against womtool.\n## From https://github.com/broadinstitute/cromwell\n\n####
        WORKFLOW DEFINITION\n\nworkflow oops {\n  call oopsie\n}\n\n#### TASK DEFINITIONS\n\ntask
        oopsie {\n  input {\n    String str\n  }\n  command { echo ${str} }\n  runtime
        { docker: docker_image }\n}\n","root":"","options":"{\n  \"read_from_cache\":
        false,\n  \"workflow_failure_mode\": \"ContinueWhilePossible\",\n  \"write_to_cache\":
        false\n}","inputs":"{}","workflowUrl":"","labels":"{}"},"calls":{},"outputs":{},"status":"Submitted","id":"b6017c80-1ac8-4c91-bbcb-dce606ecf625","inputs":{},"labels":{"cromwell-workflow-id":"cromwell-b6017c80-1ac8-4c91-bbcb-dce606ecf625"},"submission":"2025-09-07T03:23:55.051Z"}'
    headers:
      Connection:
      - keep-alive
      Content-Type:
      - application/json
      Date:
      - Sun, 07 Sep 2025 03:25:36 GMT
      Server:
      - nginx/1.25.3
      Transfer-Encoding:
      - chunked
      content-length:
      - '772'
    status:
      code: 200
      message: OK
- request:
    body: ''
    headers:
      accept:
      - '*/*'
      accept-encoding:
      - gzip, deflate
      connection:
      - keep-alive
      host:
      - gizmoj5.fhcrc.org:33817
      user-agent:
      - python-httpx/0.28.1
    method: GET
    uri: https://gizmoj5.fhcrc.org:33817/api/workflows/v1/b6017c80-1ac8-4c91-bbcb-dce606ecf625/metadata?expandSubWorkflows=true
  response:
    body:
      string: '{"submittedFiles":{"workflow":"version 1.0\n## This is a test workflow
        that fails against womtool.\n## From https://github.com/broadinstitute/cromwell\n\n####
        WORKFLOW DEFINITION\n\nworkflow oops {\n  call oopsie\n}\n\n#### TASK DEFINITIONS\n\ntask
        oopsie {\n  input {\n    String str\n  }\n  command { echo ${str} }\n  runtime
        { docker: docker_image }\n}\n","root":"","options":"{\n  \"read_from_cache\":
        false,\n  \"workflow_failure_mode\": \"ContinueWhilePossible\",\n  \"write_to_cache\":
        false\n}","inputs":"{}","workflowUrl":"","labels":"{}"},"calls":{},"outputs":{},"status":"Submitted","id":"b6017c80-1ac8-4c91-bbcb-dce606ecf625","inputs":{},"labels":{"cromwell-workflow-id":"cromwell-b6017c80-1ac8-4c91-bbcb-dce606ecf625"},"submission":"2025-09-07T03:23:55.051Z"}'
    headers:
      Connection:
      - keep-alive
      Content-Type:
      - application/json
      Date:
      - Sun, 07 Sep 2025 03:25:41 GMT
      Server:
      - nginx/1.25.3
      Transfer-Encoding:
      - chunked
      content-length:
      - '772'
    status:
      code: 200
      message: OK
- request:
    body: ''
    headers:
      accept:
      - '*/*'
      accept-encoding:
      - gzip, deflate
      connection:
      - keep-alive
      host:
      - gizmoj5.fhcrc.org:33817
      user-agent:
      - python-httpx/0.28.1
    method: GET
    uri: https://gizmoj5.fhcrc.org:33817/api/workflows/v1/b6017c80-1ac8-4c91-bbcb-dce606ecf625/metadata?expandSubWorkflows=true
  response:
    body:
      string: '{"submittedFiles":{"workflow":"version 1.0\n## This is a test workflow
        that fails against womtool.\n## From https://github.com/broadinstitute/cromwell\n\n####
        WORKFLOW DEFINITION\n\nworkflow oops {\n  call oopsie\n}\n\n#### TASK DEFINITIONS\n\ntask
        oopsie {\n  input {\n    String str\n  }\n  command { echo ${str} }\n  runtime
        { docker: docker_image }\n}\n","root":"","options":"{\n  \"read_from_cache\":
        false,\n  \"workflow_failure_mode\": \"ContinueWhilePossible\",\n  \"write_to_cache\":
        false\n}","inputs":"{}","workflowUrl":"","labels":"{}"},"calls":{},"outputs":{},"status":"Submitted","id":"b6017c80-1ac8-4c91-bbcb-dce606ecf625","inputs":{},"labels":{"cromwell-workflow-id":"cromwell-b6017c80-1ac8-4c91-bbcb-dce606ecf625"},"submission":"2025-09-07T03:23:55.051Z"}'
    headers:
      Connection:
      - keep-alive
      Content-Type:
      - application/json
      Date:
      - Sun, 07 Sep 2025 03:25:46 GMT
      Server:
      - nginx/1.25.3
      Transfer-Encoding:
      - chunked
      content-length:
      - '772'
    status:
      code: 200
      message: OK
- request:
    body: ''
    headers:
      accept:
      - '*/*'
      accept-encoding:
      - gzip, deflate
      connection:
      - keep-alive
      host:
      - gizmoj5.fhcrc.org:33817
      user-agent:
      - python-httpx/0.28.1
    method: GET
    uri: https://gizmoj5.fhcrc.org:33817/api/workflows/v1/b6017c80-1ac8-4c91-bbcb-dce606ecf625/metadata?expandSubWorkflows=true
  response:
    body:
      string: '{"submittedFiles":{"workflow":"version 1.0\n## This is a test workflow
        that fails against womtool.\n## From https://github.com/broadinstitute/cromwell\n\n####
        WORKFLOW DEFINITION\n\nworkflow oops {\n  call oopsie\n}\n\n#### TASK DEFINITIONS\n\ntask
        oopsie {\n  input {\n    String str\n  }\n  command { echo ${str} }\n  runtime
        { docker: docker_image }\n}\n","root":"","options":"{\n  \"read_from_cache\":
        false,\n  \"workflow_failure_mode\": \"ContinueWhilePossible\",\n  \"write_to_cache\":
        false\n}","inputs":"{}","workflowUrl":"","labels":"{}"},"calls":{},"outputs":{},"status":"Submitted","id":"b6017c80-1ac8-4c91-bbcb-dce606ecf625","inputs":{},"labels":{"cromwell-workflow-id":"cromwell-b6017c80-1ac8-4c91-bbcb-dce606ecf625"},"submission":"2025-09-07T03:23:55.051Z"}'
    headers:
      Connection:
      - keep-alive
      Content-Type:
      - application/json
      Date:
      - Sun, 07 Sep 2025 03:25:51 GMT
      Server:
      - nginx/1.25.3
      Transfer-Encoding:
      - chunked
      content-length:
      - '772'
    status:
      code: 200
      message: OK
- request:
    body: ''
    headers:
      accept:
      - '*/*'
      accept-encoding:
      - gzip, deflate
      connection:
      - keep-alive
      host:
      - gizmoj5.fhcrc.org:33817
      user-agent:
      - python-httpx/0.28.1
    method: GET
    uri: https://gizmoj5.fhcrc.org:33817/api/workflows/v1/b6017c80-1ac8-4c91-bbcb-dce606ecf625/metadata?expandSubWorkflows=true
  response:
    body:
      string: '{"submittedFiles":{"workflow":"version 1.0\n## This is a test workflow
        that fails against womtool.\n## From https://github.com/broadinstitute/cromwell\n\n####
        WORKFLOW DEFINITION\n\nworkflow oops {\n  call oopsie\n}\n\n#### TASK DEFINITIONS\n\ntask
        oopsie {\n  input {\n    String str\n  }\n  command { echo ${str} }\n  runtime
        { docker: docker_image }\n}\n","root":"","options":"{\n  \"read_from_cache\":
        false,\n  \"workflow_failure_mode\": \"ContinueWhilePossible\",\n  \"write_to_cache\":
        false\n}","inputs":"{}","workflowUrl":"","labels":"{}"},"calls":{},"outputs":{},"status":"Submitted","id":"b6017c80-1ac8-4c91-bbcb-dce606ecf625","inputs":{},"labels":{"cromwell-workflow-id":"cromwell-b6017c80-1ac8-4c91-bbcb-dce606ecf625"},"submission":"2025-09-07T03:23:55.051Z"}'
    headers:
      Connection:
      - keep-alive
      Content-Type:
      - application/json
      Date:
      - Sun, 07 Sep 2025 03:25:56 GMT
      Server:
      - nginx/1.25.3
      Transfer-Encoding:
      - chunked
      content-length:
      - '772'
    status:
      code: 200
      message: OK
- request:
    body: ''
    headers:
      accept:
      - '*/*'
      accept-encoding:
      - gzip, deflate
      connection:
      - keep-alive
      host:
      - gizmoj5.fhcrc.org:33817
      user-agent:
      - python-httpx/0.28.1
    method: GET
    uri: https://gizmoj5.fhcrc.org:33817/api/workflows/v1/b6017c80-1ac8-4c91-bbcb-dce606ecf625/metadata?expandSubWorkflows=true
  response:
    body:
      string: '{"submittedFiles":{"workflow":"version 1.0\n## This is a test workflow
        that fails against womtool.\n## From https://github.com/broadinstitute/cromwell\n\n####
        WORKFLOW DEFINITION\n\nworkflow oops {\n  call oopsie\n}\n\n#### TASK DEFINITIONS\n\ntask
        oopsie {\n  input {\n    String str\n  }\n  command { echo ${str} }\n  runtime
        { docker: docker_image }\n}\n","root":"","options":"{\n  \"read_from_cache\":
        false,\n  \"workflow_failure_mode\": \"ContinueWhilePossible\",\n  \"write_to_cache\":
        false\n}","inputs":"{}","workflowUrl":"","labels":"{}"},"calls":{},"outputs":{},"status":"Submitted","id":"b6017c80-1ac8-4c91-bbcb-dce606ecf625","inputs":{},"labels":{"cromwell-workflow-id":"cromwell-b6017c80-1ac8-4c91-bbcb-dce606ecf625"},"submission":"2025-09-07T03:23:55.051Z"}'
    headers:
      Connection:
      - keep-alive
      Content-Type:
      - application/json
      Date:
      - Sun, 07 Sep 2025 03:26:01 GMT
      Server:
      - nginx/1.25.3
      Transfer-Encoding:
      - chunked
      content-length:
      - '772'
    status:
      code: 200
      message: OK
- request:
    body: ''
    headers:
      accept:
      - '*/*'
      accept-encoding:
      - gzip, deflate
      connection:
      - keep-alive
      host:
      - gizmoj5.fhcrc.org:33817
      user-agent:
      - python-httpx/0.28.1
    method: GET
    uri: https://gizmoj5.fhcrc.org:33817/api/workflows/v1/b6017c80-1ac8-4c91-bbcb-dce606ecf625/metadata?expandSubWorkflows=true
  response:
    body:
      string: '{"submittedFiles":{"workflow":"version 1.0\n## This is a test workflow
        that fails against womtool.\n## From https://github.com/broadinstitute/cromwell\n\n####
        WORKFLOW DEFINITION\n\nworkflow oops {\n  call oopsie\n}\n\n#### TASK DEFINITIONS\n\ntask
        oopsie {\n  input {\n    String str\n  }\n  command { echo ${str} }\n  runtime
        { docker: docker_image }\n}\n","root":"","options":"{\n  \"read_from_cache\":
        false,\n  \"workflow_failure_mode\": \"ContinueWhilePossible\",\n  \"write_to_cache\":
        false\n}","inputs":"{}","workflowUrl":"","labels":"{}"},"calls":{},"outputs":{},"status":"Submitted","id":"b6017c80-1ac8-4c91-bbcb-dce606ecf625","inputs":{},"labels":{"cromwell-workflow-id":"cromwell-b6017c80-1ac8-4c91-bbcb-dce606ecf625"},"submission":"2025-09-07T03:23:55.051Z"}'
    headers:
      Connection:
      - keep-alive
      Content-Type:
      - application/json
      Date:
      - Sun, 07 Sep 2025 03:26:06 GMT
      Server:
      - nginx/1.25.3
      Transfer-Encoding:
      - chunked
      content-length:
      - '772'
    status:
      code: 200
      message: OK
- request:
    body: ''
    headers:
      accept:
      - '*/*'
      accept-encoding:
      - gzip, deflate
      connection:
      - keep-alive
      host:
      - gizmoj5.fhcrc.org:33817
      user-agent:
      - python-httpx/0.28.1
    method: GET
    uri: https://gizmoj5.fhcrc.org:33817/api/workflows/v1/b6017c80-1ac8-4c91-bbcb-dce606ecf625/metadata?expandSubWorkflows=true
  response:
    body:
      string: '{"submittedFiles":{"workflow":"version 1.0\n## This is a test workflow
        that fails against womtool.\n## From https://github.com/broadinstitute/cromwell\n\n####
        WORKFLOW DEFINITION\n\nworkflow oops {\n  call oopsie\n}\n\n#### TASK DEFINITIONS\n\ntask
        oopsie {\n  input {\n    String str\n  }\n  command { echo ${str} }\n  runtime
        { docker: docker_image }\n}\n","root":"","options":"{\n  \"read_from_cache\":
        false,\n  \"workflow_failure_mode\": \"ContinueWhilePossible\",\n  \"write_to_cache\":
        false\n}","inputs":"{}","workflowUrl":"","labels":"{}"},"calls":{},"outputs":{},"status":"Submitted","id":"b6017c80-1ac8-4c91-bbcb-dce606ecf625","inputs":{},"labels":{"cromwell-workflow-id":"cromwell-b6017c80-1ac8-4c91-bbcb-dce606ecf625"},"submission":"2025-09-07T03:23:55.051Z"}'
    headers:
      Connection:
      - keep-alive
      Content-Type:
      - application/json
      Date:
      - Sun, 07 Sep 2025 03:26:12 GMT
      Server:
      - nginx/1.25.3
      Transfer-Encoding:
      - chunked
      content-length:
      - '772'
    status:
      code: 200
      message: OK
- request:
    body: ''
    headers:
      accept:
      - '*/*'
      accept-encoding:
      - gzip, deflate
      connection:
      - keep-alive
      host:
      - gizmoj5.fhcrc.org:33817
      user-agent:
      - python-httpx/0.28.1
    method: GET
    uri: https://gizmoj5.fhcrc.org:33817/api/workflows/v1/b6017c80-1ac8-4c91-bbcb-dce606ecf625/metadata?expandSubWorkflows=true
  response:
    body:
      string: '{"submittedFiles":{"workflow":"version 1.0\n## This is a test workflow
        that fails against womtool.\n## From https://github.com/broadinstitute/cromwell\n\n####
        WORKFLOW DEFINITION\n\nworkflow oops {\n  call oopsie\n}\n\n#### TASK DEFINITIONS\n\ntask
        oopsie {\n  input {\n    String str\n  }\n  command { echo ${str} }\n  runtime
        { docker: docker_image }\n}\n","root":"","options":"{\n  \"read_from_cache\":
        false,\n  \"workflow_failure_mode\": \"ContinueWhilePossible\",\n  \"write_to_cache\":
        false\n}","inputs":"{}","workflowUrl":"","labels":"{}"},"calls":{},"outputs":{},"status":"Submitted","id":"b6017c80-1ac8-4c91-bbcb-dce606ecf625","inputs":{},"labels":{"cromwell-workflow-id":"cromwell-b6017c80-1ac8-4c91-bbcb-dce606ecf625"},"submission":"2025-09-07T03:23:55.051Z"}'
    headers:
      Connection:
      - keep-alive
      Content-Type:
      - application/json
      Date:
      - Sun, 07 Sep 2025 03:26:17 GMT
      Server:
      - nginx/1.25.3
      Transfer-Encoding:
      - chunked
      content-length:
      - '772'
    status:
      code: 200
      message: OK
- request:
    body: ''
    headers:
      accept:
      - '*/*'
      accept-encoding:
      - gzip, deflate
      connection:
      - keep-alive
      host:
      - gizmoj5.fhcrc.org:33817
      user-agent:
      - python-httpx/0.28.1
    method: GET
    uri: https://gizmoj5.fhcrc.org:33817/api/workflows/v1/b6017c80-1ac8-4c91-bbcb-dce606ecf625/metadata?expandSubWorkflows=true
  response:
    body:
      string: '{"submittedFiles":{"workflow":"version 1.0\n## This is a test workflow
        that fails against womtool.\n## From https://github.com/broadinstitute/cromwell\n\n####
        WORKFLOW DEFINITION\n\nworkflow oops {\n  call oopsie\n}\n\n#### TASK DEFINITIONS\n\ntask
        oopsie {\n  input {\n    String str\n  }\n  command { echo ${str} }\n  runtime
        { docker: docker_image }\n}\n","root":"","options":"{\n  \"read_from_cache\":
        false,\n  \"workflow_failure_mode\": \"ContinueWhilePossible\",\n  \"write_to_cache\":
        false\n}","inputs":"{}","workflowUrl":"","labels":"{}"},"calls":{},"outputs":{},"status":"Submitted","id":"b6017c80-1ac8-4c91-bbcb-dce606ecf625","inputs":{},"labels":{"cromwell-workflow-id":"cromwell-b6017c80-1ac8-4c91-bbcb-dce606ecf625"},"submission":"2025-09-07T03:23:55.051Z"}'
    headers:
      Connection:
      - keep-alive
      Content-Type:
      - application/json
      Date:
      - Sun, 07 Sep 2025 03:26:22 GMT
      Server:
      - nginx/1.25.3
      Transfer-Encoding:
      - chunked
      content-length:
      - '772'
    status:
      code: 200
      message: OK
- request:
    body: ''
    headers:
      accept:
      - '*/*'
      accept-encoding:
      - gzip, deflate
      connection:
      - keep-alive
      host:
      - gizmoj5.fhcrc.org:33817
      user-agent:
      - python-httpx/0.28.1
    method: GET
    uri: https://gizmoj5.fhcrc.org:33817/api/workflows/v1/b6017c80-1ac8-4c91-bbcb-dce606ecf625/metadata?expandSubWorkflows=true
  response:
    body:
      string: '{"submittedFiles":{"workflow":"version 1.0\n## This is a test workflow
        that fails against womtool.\n## From https://github.com/broadinstitute/cromwell\n\n####
        WORKFLOW DEFINITION\n\nworkflow oops {\n  call oopsie\n}\n\n#### TASK DEFINITIONS\n\ntask
        oopsie {\n  input {\n    String str\n  }\n  command { echo ${str} }\n  runtime
        { docker: docker_image }\n}\n","root":"","options":"{\n  \"read_from_cache\":
        false,\n  \"workflow_failure_mode\": \"ContinueWhilePossible\",\n  \"write_to_cache\":
        false\n}","inputs":"{}","workflowUrl":"","labels":"{}"},"calls":{},"outputs":{},"status":"Submitted","id":"b6017c80-1ac8-4c91-bbcb-dce606ecf625","inputs":{},"labels":{"cromwell-workflow-id":"cromwell-b6017c80-1ac8-4c91-bbcb-dce606ecf625"},"submission":"2025-09-07T03:23:55.051Z"}'
    headers:
      Connection:
      - keep-alive
      Content-Type:
      - application/json
      Date:
      - Sun, 07 Sep 2025 03:26:27 GMT
      Server:
      - nginx/1.25.3
      Transfer-Encoding:
      - chunked
      content-length:
      - '772'
    status:
      code: 200
      message: OK
- request:
    body: ''
    headers:
      accept:
      - '*/*'
      accept-encoding:
      - gzip, deflate
      connection:
      - keep-alive
      host:
      - gizmoj5.fhcrc.org:33817
      user-agent:
      - python-httpx/0.28.1
    method: GET
    uri: https://gizmoj5.fhcrc.org:33817/api/workflows/v1/b6017c80-1ac8-4c91-bbcb-dce606ecf625/metadata?expandSubWorkflows=true
  response:
    body:
      string: '{"submittedFiles":{"workflow":"version 1.0\n## This is a test workflow
        that fails against womtool.\n## From https://github.com/broadinstitute/cromwell\n\n####
        WORKFLOW DEFINITION\n\nworkflow oops {\n  call oopsie\n}\n\n#### TASK DEFINITIONS\n\ntask
        oopsie {\n  input {\n    String str\n  }\n  command { echo ${str} }\n  runtime
        { docker: docker_image }\n}\n","root":"","options":"{\n  \"read_from_cache\":
        false,\n  \"workflow_failure_mode\": \"ContinueWhilePossible\",\n  \"write_to_cache\":
        false\n}","inputs":"{}","workflowUrl":"","labels":"{}"},"calls":{},"outputs":{},"status":"Submitted","id":"b6017c80-1ac8-4c91-bbcb-dce606ecf625","inputs":{},"labels":{"cromwell-workflow-id":"cromwell-b6017c80-1ac8-4c91-bbcb-dce606ecf625"},"submission":"2025-09-07T03:23:55.051Z"}'
    headers:
      Connection:
      - keep-alive
      Content-Type:
      - application/json
      Date:
      - Sun, 07 Sep 2025 03:26:32 GMT
      Server:
      - nginx/1.25.3
      Transfer-Encoding:
      - chunked
      content-length:
      - '772'
    status:
      code: 200
      message: OK
- request:
    body: ''
    headers:
      accept:
      - '*/*'
      accept-encoding:
      - gzip, deflate
      connection:
      - keep-alive
      host:
      - gizmoj5.fhcrc.org:33817
      user-agent:
      - python-httpx/0.28.1
    method: GET
    uri: https://gizmoj5.fhcrc.org:33817/api/workflows/v1/b6017c80-1ac8-4c91-bbcb-dce606ecf625/metadata?expandSubWorkflows=true
  response:
    body:
      string: '{"submittedFiles":{"workflow":"version 1.0\n## This is a test workflow
        that fails against womtool.\n## From https://github.com/broadinstitute/cromwell\n\n####
        WORKFLOW DEFINITION\n\nworkflow oops {\n  call oopsie\n}\n\n#### TASK DEFINITIONS\n\ntask
        oopsie {\n  input {\n    String str\n  }\n  command { echo ${str} }\n  runtime
        { docker: docker_image }\n}\n","root":"","options":"{\n  \"read_from_cache\":
        false,\n  \"workflow_failure_mode\": \"ContinueWhilePossible\",\n  \"write_to_cache\":
        false\n}","inputs":"{}","workflowUrl":"","labels":"{}"},"calls":{},"outputs":{},"status":"Submitted","id":"b6017c80-1ac8-4c91-bbcb-dce606ecf625","inputs":{},"labels":{"cromwell-workflow-id":"cromwell-b6017c80-1ac8-4c91-bbcb-dce606ecf625"},"submission":"2025-09-07T03:23:55.051Z"}'
    headers:
      Connection:
      - keep-alive
      Content-Type:
      - application/json
      Date:
      - Sun, 07 Sep 2025 03:26:37 GMT
      Server:
      - nginx/1.25.3
      Transfer-Encoding:
      - chunked
      content-length:
      - '772'
    status:
      code: 200
      message: OK
- request:
    body: ''
    headers:
      accept:
      - '*/*'
      accept-encoding:
      - gzip, deflate
      connection:
      - keep-alive
      host:
      - gizmoj5.fhcrc.org:33817
      user-agent:
      - python-httpx/0.28.1
    method: GET
    uri: https://gizmoj5.fhcrc.org:33817/api/workflows/v1/b6017c80-1ac8-4c91-bbcb-dce606ecf625/metadata?expandSubWorkflows=true
  response:
    body:
      string: '{"submittedFiles":{"workflow":"version 1.0\n## This is a test workflow
        that fails against womtool.\n## From https://github.com/broadinstitute/cromwell\n\n####
        WORKFLOW DEFINITION\n\nworkflow oops {\n  call oopsie\n}\n\n#### TASK DEFINITIONS\n\ntask
        oopsie {\n  input {\n    String str\n  }\n  command { echo ${str} }\n  runtime
        { docker: docker_image }\n}\n","root":"","options":"{\n  \"read_from_cache\":
        false,\n  \"workflow_failure_mode\": \"ContinueWhilePossible\",\n  \"write_to_cache\":
        false\n}","inputs":"{}","workflowUrl":"","labels":"{}"},"calls":{},"outputs":{},"status":"Submitted","id":"b6017c80-1ac8-4c91-bbcb-dce606ecf625","inputs":{},"labels":{"cromwell-workflow-id":"cromwell-b6017c80-1ac8-4c91-bbcb-dce606ecf625"},"submission":"2025-09-07T03:23:55.051Z"}'
    headers:
      Connection:
      - keep-alive
      Content-Type:
      - application/json
      Date:
      - Sun, 07 Sep 2025 03:26:42 GMT
      Server:
      - nginx/1.25.3
      Transfer-Encoding:
      - chunked
      content-length:
      - '772'
    status:
      code: 200
      message: OK
- request:
    body: ''
    headers:
      accept:
      - '*/*'
      accept-encoding:
      - gzip, deflate
      connection:
      - keep-alive
      host:
      - gizmoj5.fhcrc.org:33817
      user-agent:
      - python-httpx/0.28.1
    method: GET
    uri: https://gizmoj5.fhcrc.org:33817/api/workflows/v1/b6017c80-1ac8-4c91-bbcb-dce606ecf625/metadata?expandSubWorkflows=true
  response:
    body:
      string: '{"submittedFiles":{"workflow":"version 1.0\n## This is a test workflow
        that fails against womtool.\n## From https://github.com/broadinstitute/cromwell\n\n####
        WORKFLOW DEFINITION\n\nworkflow oops {\n  call oopsie\n}\n\n#### TASK DEFINITIONS\n\ntask
        oopsie {\n  input {\n    String str\n  }\n  command { echo ${str} }\n  runtime
        { docker: docker_image }\n}\n","root":"","options":"{\n  \"read_from_cache\":
        false,\n  \"workflow_failure_mode\": \"ContinueWhilePossible\",\n  \"write_to_cache\":
        false\n}","inputs":"{}","workflowUrl":"","labels":"{}"},"calls":{},"outputs":{},"status":"Submitted","id":"b6017c80-1ac8-4c91-bbcb-dce606ecf625","inputs":{},"labels":{"cromwell-workflow-id":"cromwell-b6017c80-1ac8-4c91-bbcb-dce606ecf625"},"submission":"2025-09-07T03:23:55.051Z"}'
    headers:
      Connection:
      - keep-alive
      Content-Type:
      - application/json
      Date:
      - Sun, 07 Sep 2025 03:26:47 GMT
      Server:
      - nginx/1.25.3
      Transfer-Encoding:
      - chunked
      content-length:
      - '772'
    status:
      code: 200
      message: OK
- request:
    body: ''
    headers:
      accept:
      - '*/*'
      accept-encoding:
      - gzip, deflate
      connection:
      - keep-alive
      host:
      - gizmoj5.fhcrc.org:33817
      user-agent:
      - python-httpx/0.28.1
    method: GET
    uri: https://gizmoj5.fhcrc.org:33817/api/workflows/v1/b6017c80-1ac8-4c91-bbcb-dce606ecf625/metadata?expandSubWorkflows=true
  response:
    body:
      string: '{"submittedFiles":{"workflow":"version 1.0\n## This is a test workflow
        that fails against womtool.\n## From https://github.com/broadinstitute/cromwell\n\n####
        WORKFLOW DEFINITION\n\nworkflow oops {\n  call oopsie\n}\n\n#### TASK DEFINITIONS\n\ntask
        oopsie {\n  input {\n    String str\n  }\n  command { echo ${str} }\n  runtime
        { docker: docker_image }\n}\n","root":"","options":"{\n  \"read_from_cache\":
        false,\n  \"workflow_failure_mode\": \"ContinueWhilePossible\",\n  \"write_to_cache\":
        false\n}","inputs":"{}","workflowUrl":"","labels":"{}"},"calls":{},"outputs":{},"status":"Submitted","id":"b6017c80-1ac8-4c91-bbcb-dce606ecf625","inputs":{},"labels":{"cromwell-workflow-id":"cromwell-b6017c80-1ac8-4c91-bbcb-dce606ecf625"},"submission":"2025-09-07T03:23:55.051Z"}'
    headers:
      Connection:
      - keep-alive
      Content-Type:
      - application/json
      Date:
      - Sun, 07 Sep 2025 03:26:52 GMT
      Server:
      - nginx/1.25.3
      Transfer-Encoding:
      - chunked
      content-length:
      - '772'
    status:
      code: 200
      message: OK
- request:
    body: ''
    headers:
      accept:
      - '*/*'
      accept-encoding:
      - gzip, deflate
      connection:
      - keep-alive
      host:
      - gizmoj5.fhcrc.org:33817
      user-agent:
      - python-httpx/0.28.1
    method: GET
    uri: https://gizmoj5.fhcrc.org:33817/api/workflows/v1/b6017c80-1ac8-4c91-bbcb-dce606ecf625/metadata?expandSubWorkflows=true
  response:
    body:
      string: '{"submittedFiles":{"workflow":"version 1.0\n## This is a test workflow
        that fails against womtool.\n## From https://github.com/broadinstitute/cromwell\n\n####
        WORKFLOW DEFINITION\n\nworkflow oops {\n  call oopsie\n}\n\n#### TASK DEFINITIONS\n\ntask
        oopsie {\n  input {\n    String str\n  }\n  command { echo ${str} }\n  runtime
        { docker: docker_image }\n}\n","root":"","options":"{\n  \"read_from_cache\":
        false,\n  \"workflow_failure_mode\": \"ContinueWhilePossible\",\n  \"write_to_cache\":
        false\n}","inputs":"{}","workflowUrl":"","labels":"{}"},"calls":{},"outputs":{},"status":"Submitted","id":"b6017c80-1ac8-4c91-bbcb-dce606ecf625","inputs":{},"labels":{"cromwell-workflow-id":"cromwell-b6017c80-1ac8-4c91-bbcb-dce606ecf625"},"submission":"2025-09-07T03:23:55.051Z"}'
    headers:
      Connection:
      - keep-alive
      Content-Type:
      - application/json
      Date:
      - Sun, 07 Sep 2025 03:26:57 GMT
      Server:
      - nginx/1.25.3
      Transfer-Encoding:
      - chunked
      content-length:
      - '772'
    status:
      code: 200
      message: OK
- request:
    body: ''
    headers:
      accept:
      - '*/*'
      accept-encoding:
      - gzip, deflate
      connection:
      - keep-alive
      host:
      - gizmoj5.fhcrc.org:33817
      user-agent:
      - python-httpx/0.28.1
    method: GET
    uri: https://gizmoj5.fhcrc.org:33817/api/workflows/v1/b6017c80-1ac8-4c91-bbcb-dce606ecf625/metadata?expandSubWorkflows=true
  response:
    body:
      string: '{"submittedFiles":{"workflow":"version 1.0\n## This is a test workflow
        that fails against womtool.\n## From https://github.com/broadinstitute/cromwell\n\n####
        WORKFLOW DEFINITION\n\nworkflow oops {\n  call oopsie\n}\n\n#### TASK DEFINITIONS\n\ntask
        oopsie {\n  input {\n    String str\n  }\n  command { echo ${str} }\n  runtime
        { docker: docker_image }\n}\n","root":"","options":"{\n  \"read_from_cache\":
        false,\n  \"workflow_failure_mode\": \"ContinueWhilePossible\",\n  \"write_to_cache\":
        false\n}","inputs":"{}","workflowUrl":"","labels":"{}"},"calls":{},"outputs":{},"status":"Submitted","id":"b6017c80-1ac8-4c91-bbcb-dce606ecf625","inputs":{},"labels":{"cromwell-workflow-id":"cromwell-b6017c80-1ac8-4c91-bbcb-dce606ecf625"},"submission":"2025-09-07T03:23:55.051Z"}'
    headers:
      Connection:
      - keep-alive
      Content-Type:
      - application/json
      Date:
      - Sun, 07 Sep 2025 03:27:02 GMT
      Server:
      - nginx/1.25.3
      Transfer-Encoding:
      - chunked
      content-length:
      - '772'
    status:
      code: 200
      message: OK
- request:
    body: ''
    headers:
      accept:
      - '*/*'
      accept-encoding:
      - gzip, deflate
      connection:
      - keep-alive
      host:
      - gizmoj5.fhcrc.org:33817
      user-agent:
      - python-httpx/0.28.1
    method: GET
    uri: https://gizmoj5.fhcrc.org:33817/api/workflows/v1/b6017c80-1ac8-4c91-bbcb-dce606ecf625/metadata?expandSubWorkflows=true
  response:
    body:
      string: '{"submittedFiles":{"workflow":"version 1.0\n## This is a test workflow
        that fails against womtool.\n## From https://github.com/broadinstitute/cromwell\n\n####
        WORKFLOW DEFINITION\n\nworkflow oops {\n  call oopsie\n}\n\n#### TASK DEFINITIONS\n\ntask
        oopsie {\n  input {\n    String str\n  }\n  command { echo ${str} }\n  runtime
        { docker: docker_image }\n}\n","root":"","options":"{\n  \"read_from_cache\":
        false,\n  \"workflow_failure_mode\": \"ContinueWhilePossible\",\n  \"write_to_cache\":
        false\n}","inputs":"{}","workflowUrl":"","labels":"{}"},"calls":{},"outputs":{},"status":"Submitted","id":"b6017c80-1ac8-4c91-bbcb-dce606ecf625","inputs":{},"labels":{"cromwell-workflow-id":"cromwell-b6017c80-1ac8-4c91-bbcb-dce606ecf625"},"submission":"2025-09-07T03:23:55.051Z"}'
    headers:
      Connection:
      - keep-alive
      Content-Type:
      - application/json
      Date:
      - Sun, 07 Sep 2025 03:27:07 GMT
      Server:
      - nginx/1.25.3
      Transfer-Encoding:
      - chunked
      content-length:
      - '772'
    status:
      code: 200
      message: OK
- request:
    body: ''
    headers:
      accept:
      - '*/*'
      accept-encoding:
      - gzip, deflate
      connection:
      - keep-alive
      host:
      - gizmoj5.fhcrc.org:33817
      user-agent:
      - python-httpx/0.28.1
    method: GET
    uri: https://gizmoj5.fhcrc.org:33817/api/workflows/v1/b6017c80-1ac8-4c91-bbcb-dce606ecf625/metadata?expandSubWorkflows=true
  response:
    body:
      string: '{"submittedFiles":{"workflow":"version 1.0\n## This is a test workflow
        that fails against womtool.\n## From https://github.com/broadinstitute/cromwell\n\n####
        WORKFLOW DEFINITION\n\nworkflow oops {\n  call oopsie\n}\n\n#### TASK DEFINITIONS\n\ntask
        oopsie {\n  input {\n    String str\n  }\n  command { echo ${str} }\n  runtime
        { docker: docker_image }\n}\n","root":"","options":"{\n  \"read_from_cache\":
        false,\n  \"workflow_failure_mode\": \"ContinueWhilePossible\",\n  \"write_to_cache\":
        false\n}","inputs":"{}","workflowUrl":"","labels":"{}"},"calls":{},"outputs":{},"status":"Submitted","id":"b6017c80-1ac8-4c91-bbcb-dce606ecf625","inputs":{},"labels":{"cromwell-workflow-id":"cromwell-b6017c80-1ac8-4c91-bbcb-dce606ecf625"},"submission":"2025-09-07T03:23:55.051Z"}'
    headers:
      Connection:
      - keep-alive
      Content-Type:
      - application/json
      Date:
      - Sun, 07 Sep 2025 03:27:12 GMT
      Server:
      - nginx/1.25.3
      Transfer-Encoding:
      - chunked
      content-length:
      - '772'
    status:
      code: 200
      message: OK
- request:
    body: ''
    headers:
      accept:
      - '*/*'
      accept-encoding:
      - gzip, deflate
      connection:
      - keep-alive
      host:
      - gizmoj5.fhcrc.org:33817
      user-agent:
      - python-httpx/0.28.1
    method: GET
    uri: https://gizmoj5.fhcrc.org:33817/api/workflows/v1/b6017c80-1ac8-4c91-bbcb-dce606ecf625/metadata?expandSubWorkflows=true
  response:
    body:
      string: '{"submittedFiles":{"workflow":"version 1.0\n## This is a test workflow
        that fails against womtool.\n## From https://github.com/broadinstitute/cromwell\n\n####
        WORKFLOW DEFINITION\n\nworkflow oops {\n  call oopsie\n}\n\n#### TASK DEFINITIONS\n\ntask
        oopsie {\n  input {\n    String str\n  }\n  command { echo ${str} }\n  runtime
        { docker: docker_image }\n}\n","root":"","options":"{\n  \"read_from_cache\":
        false,\n  \"workflow_failure_mode\": \"ContinueWhilePossible\",\n  \"write_to_cache\":
        false\n}","inputs":"{}","workflowUrl":"","labels":"{}"},"calls":{},"outputs":{},"status":"Submitted","id":"b6017c80-1ac8-4c91-bbcb-dce606ecf625","inputs":{},"labels":{"cromwell-workflow-id":"cromwell-b6017c80-1ac8-4c91-bbcb-dce606ecf625"},"submission":"2025-09-07T03:23:55.051Z"}'
    headers:
      Connection:
      - keep-alive
      Content-Type:
      - application/json
      Date:
      - Sun, 07 Sep 2025 03:27:17 GMT
      Server:
      - nginx/1.25.3
      Transfer-Encoding:
      - chunked
      content-length:
      - '772'
    status:
      code: 200
      message: OK
- request:
    body: ''
    headers:
      accept:
      - '*/*'
      accept-encoding:
      - gzip, deflate
      connection:
      - keep-alive
      host:
      - gizmoj5.fhcrc.org:33817
      user-agent:
      - python-httpx/0.28.1
    method: GET
    uri: https://gizmoj5.fhcrc.org:33817/api/workflows/v1/b6017c80-1ac8-4c91-bbcb-dce606ecf625/metadata?expandSubWorkflows=true
  response:
    body:
      string: '{"submittedFiles":{"workflow":"version 1.0\n## This is a test workflow
        that fails against womtool.\n## From https://github.com/broadinstitute/cromwell\n\n####
        WORKFLOW DEFINITION\n\nworkflow oops {\n  call oopsie\n}\n\n#### TASK DEFINITIONS\n\ntask
        oopsie {\n  input {\n    String str\n  }\n  command { echo ${str} }\n  runtime
        { docker: docker_image }\n}\n","root":"","options":"{\n  \"read_from_cache\":
        false,\n  \"workflow_failure_mode\": \"ContinueWhilePossible\",\n  \"write_to_cache\":
        false\n}","inputs":"{}","workflowUrl":"","labels":"{}"},"calls":{},"outputs":{},"status":"Submitted","id":"b6017c80-1ac8-4c91-bbcb-dce606ecf625","inputs":{},"labels":{"cromwell-workflow-id":"cromwell-b6017c80-1ac8-4c91-bbcb-dce606ecf625"},"submission":"2025-09-07T03:23:55.051Z"}'
    headers:
      Connection:
      - keep-alive
      Content-Type:
      - application/json
      Date:
      - Sun, 07 Sep 2025 03:27:23 GMT
      Server:
      - nginx/1.25.3
      Transfer-Encoding:
      - chunked
      content-length:
      - '772'
    status:
      code: 200
      message: OK
- request:
    body: ''
    headers:
      accept:
      - '*/*'
      accept-encoding:
      - gzip, deflate
      connection:
      - keep-alive
      host:
      - gizmoj5.fhcrc.org:33817
      user-agent:
      - python-httpx/0.28.1
    method: GET
    uri: https://gizmoj5.fhcrc.org:33817/api/workflows/v1/b6017c80-1ac8-4c91-bbcb-dce606ecf625/metadata?expandSubWorkflows=true
  response:
    body:
      string: '{"submittedFiles":{"workflow":"version 1.0\n## This is a test workflow
        that fails against womtool.\n## From https://github.com/broadinstitute/cromwell\n\n####
        WORKFLOW DEFINITION\n\nworkflow oops {\n  call oopsie\n}\n\n#### TASK DEFINITIONS\n\ntask
        oopsie {\n  input {\n    String str\n  }\n  command { echo ${str} }\n  runtime
        { docker: docker_image }\n}\n","root":"","options":"{\n  \"read_from_cache\":
        false,\n  \"workflow_failure_mode\": \"ContinueWhilePossible\",\n  \"write_to_cache\":
        false\n}","inputs":"{}","workflowUrl":"","labels":"{}"},"calls":{},"outputs":{},"status":"Submitted","id":"b6017c80-1ac8-4c91-bbcb-dce606ecf625","inputs":{},"labels":{"cromwell-workflow-id":"cromwell-b6017c80-1ac8-4c91-bbcb-dce606ecf625"},"submission":"2025-09-07T03:23:55.051Z"}'
    headers:
      Connection:
      - keep-alive
      Content-Type:
      - application/json
      Date:
      - Sun, 07 Sep 2025 03:27:28 GMT
      Server:
      - nginx/1.25.3
      Transfer-Encoding:
      - chunked
      content-length:
      - '772'
    status:
      code: 200
      message: OK
- request:
    body: ''
    headers:
      accept:
      - '*/*'
      accept-encoding:
      - gzip, deflate
      connection:
      - keep-alive
      host:
      - gizmoj5.fhcrc.org:33817
      user-agent:
      - python-httpx/0.28.1
    method: GET
    uri: https://gizmoj5.fhcrc.org:33817/api/workflows/v1/b6017c80-1ac8-4c91-bbcb-dce606ecf625/metadata?expandSubWorkflows=true
  response:
    body:
      string: '{"submittedFiles":{"workflow":"version 1.0\n## This is a test workflow
        that fails against womtool.\n## From https://github.com/broadinstitute/cromwell\n\n####
        WORKFLOW DEFINITION\n\nworkflow oops {\n  call oopsie\n}\n\n#### TASK DEFINITIONS\n\ntask
        oopsie {\n  input {\n    String str\n  }\n  command { echo ${str} }\n  runtime
        { docker: docker_image }\n}\n","root":"","options":"{\n  \"read_from_cache\":
        false,\n  \"workflow_failure_mode\": \"ContinueWhilePossible\",\n  \"write_to_cache\":
        false\n}","inputs":"{}","workflowUrl":"","labels":"{}"},"calls":{},"outputs":{},"status":"Submitted","id":"b6017c80-1ac8-4c91-bbcb-dce606ecf625","inputs":{},"labels":{"cromwell-workflow-id":"cromwell-b6017c80-1ac8-4c91-bbcb-dce606ecf625"},"submission":"2025-09-07T03:23:55.051Z"}'
    headers:
      Connection:
      - keep-alive
      Content-Type:
      - application/json
      Date:
      - Sun, 07 Sep 2025 03:27:33 GMT
      Server:
      - nginx/1.25.3
      Transfer-Encoding:
      - chunked
      content-length:
      - '772'
    status:
      code: 200
      message: OK
- request:
    body: ''
    headers:
      accept:
      - '*/*'
      accept-encoding:
      - gzip, deflate
      connection:
      - keep-alive
      host:
      - gizmoj5.fhcrc.org:33817
      user-agent:
      - python-httpx/0.28.1
    method: GET
    uri: https://gizmoj5.fhcrc.org:33817/api/workflows/v1/b6017c80-1ac8-4c91-bbcb-dce606ecf625/metadata?expandSubWorkflows=true
  response:
    body:
      string: '{"submittedFiles":{"workflow":"version 1.0\n## This is a test workflow
        that fails against womtool.\n## From https://github.com/broadinstitute/cromwell\n\n####
        WORKFLOW DEFINITION\n\nworkflow oops {\n  call oopsie\n}\n\n#### TASK DEFINITIONS\n\ntask
        oopsie {\n  input {\n    String str\n  }\n  command { echo ${str} }\n  runtime
        { docker: docker_image }\n}\n","root":"","options":"{\n  \"read_from_cache\":
        false,\n  \"workflow_failure_mode\": \"ContinueWhilePossible\",\n  \"write_to_cache\":
        false\n}","inputs":"{}","workflowUrl":"","labels":"{}"},"calls":{},"outputs":{},"status":"Submitted","id":"b6017c80-1ac8-4c91-bbcb-dce606ecf625","inputs":{},"labels":{"cromwell-workflow-id":"cromwell-b6017c80-1ac8-4c91-bbcb-dce606ecf625"},"submission":"2025-09-07T03:23:55.051Z"}'
    headers:
      Connection:
      - keep-alive
      Content-Type:
      - application/json
      Date:
      - Sun, 07 Sep 2025 03:27:38 GMT
      Server:
      - nginx/1.25.3
      Transfer-Encoding:
      - chunked
      content-length:
      - '772'
    status:
      code: 200
      message: OK
- request:
    body: ''
    headers:
      accept:
      - '*/*'
      accept-encoding:
      - gzip, deflate
      connection:
      - keep-alive
      host:
      - gizmoj5.fhcrc.org:33817
      user-agent:
      - python-httpx/0.28.1
    method: GET
    uri: https://gizmoj5.fhcrc.org:33817/api/workflows/v1/b6017c80-1ac8-4c91-bbcb-dce606ecf625/metadata?expandSubWorkflows=true
  response:
    body:
      string: '{"submittedFiles":{"workflow":"version 1.0\n## This is a test workflow
        that fails against womtool.\n## From https://github.com/broadinstitute/cromwell\n\n####
        WORKFLOW DEFINITION\n\nworkflow oops {\n  call oopsie\n}\n\n#### TASK DEFINITIONS\n\ntask
        oopsie {\n  input {\n    String str\n  }\n  command { echo ${str} }\n  runtime
        { docker: docker_image }\n}\n","root":"","options":"{\n  \"read_from_cache\":
        false,\n  \"workflow_failure_mode\": \"ContinueWhilePossible\",\n  \"write_to_cache\":
        false\n}","inputs":"{}","workflowUrl":"","labels":"{}"},"calls":{},"outputs":{},"status":"Submitted","id":"b6017c80-1ac8-4c91-bbcb-dce606ecf625","inputs":{},"labels":{"cromwell-workflow-id":"cromwell-b6017c80-1ac8-4c91-bbcb-dce606ecf625"},"submission":"2025-09-07T03:23:55.051Z"}'
    headers:
      Connection:
      - keep-alive
      Content-Type:
      - application/json
      Date:
      - Sun, 07 Sep 2025 03:27:43 GMT
      Server:
      - nginx/1.25.3
      Transfer-Encoding:
      - chunked
      content-length:
      - '772'
    status:
      code: 200
      message: OK
- request:
    body: ''
    headers:
      accept:
      - '*/*'
      accept-encoding:
      - gzip, deflate
      connection:
      - keep-alive
      host:
      - gizmoj5.fhcrc.org:33817
      user-agent:
      - python-httpx/0.28.1
    method: GET
    uri: https://gizmoj5.fhcrc.org:33817/api/workflows/v1/b6017c80-1ac8-4c91-bbcb-dce606ecf625/metadata?expandSubWorkflows=true
  response:
    body:
      string: '{"submittedFiles":{"workflow":"version 1.0\n## This is a test workflow
        that fails against womtool.\n## From https://github.com/broadinstitute/cromwell\n\n####
        WORKFLOW DEFINITION\n\nworkflow oops {\n  call oopsie\n}\n\n#### TASK DEFINITIONS\n\ntask
        oopsie {\n  input {\n    String str\n  }\n  command { echo ${str} }\n  runtime
        { docker: docker_image }\n}\n","root":"","options":"{\n  \"read_from_cache\":
        false,\n  \"workflow_failure_mode\": \"ContinueWhilePossible\",\n  \"write_to_cache\":
        false\n}","inputs":"{}","workflowUrl":"","labels":"{}"},"calls":{},"outputs":{},"status":"Submitted","id":"b6017c80-1ac8-4c91-bbcb-dce606ecf625","inputs":{},"labels":{"cromwell-workflow-id":"cromwell-b6017c80-1ac8-4c91-bbcb-dce606ecf625"},"submission":"2025-09-07T03:23:55.051Z"}'
    headers:
      Connection:
      - keep-alive
      Content-Type:
      - application/json
      Date:
      - Sun, 07 Sep 2025 03:27:48 GMT
      Server:
      - nginx/1.25.3
      Transfer-Encoding:
      - chunked
      content-length:
      - '772'
    status:
      code: 200
      message: OK
- request:
    body: ''
    headers:
      accept:
      - '*/*'
      accept-encoding:
      - gzip, deflate
      connection:
      - keep-alive
      host:
      - gizmoj5.fhcrc.org:33817
      user-agent:
      - python-httpx/0.28.1
    method: GET
    uri: https://gizmoj5.fhcrc.org:33817/api/workflows/v1/b6017c80-1ac8-4c91-bbcb-dce606ecf625/metadata?expandSubWorkflows=true
  response:
    body:
      string: '{"submittedFiles":{"workflow":"version 1.0\n## This is a test workflow
        that fails against womtool.\n## From https://github.com/broadinstitute/cromwell\n\n####
        WORKFLOW DEFINITION\n\nworkflow oops {\n  call oopsie\n}\n\n#### TASK DEFINITIONS\n\ntask
        oopsie {\n  input {\n    String str\n  }\n  command { echo ${str} }\n  runtime
        { docker: docker_image }\n}\n","root":"","options":"{\n  \"read_from_cache\":
        false,\n  \"workflow_failure_mode\": \"ContinueWhilePossible\",\n  \"write_to_cache\":
        false\n}","inputs":"{}","workflowUrl":"","labels":"{}"},"calls":{},"outputs":{},"status":"Submitted","id":"b6017c80-1ac8-4c91-bbcb-dce606ecf625","inputs":{},"labels":{"cromwell-workflow-id":"cromwell-b6017c80-1ac8-4c91-bbcb-dce606ecf625"},"submission":"2025-09-07T03:23:55.051Z"}'
    headers:
      Connection:
      - keep-alive
      Content-Type:
      - application/json
      Date:
      - Sun, 07 Sep 2025 03:27:53 GMT
      Server:
      - nginx/1.25.3
      Transfer-Encoding:
      - chunked
      content-length:
      - '772'
    status:
      code: 200
      message: OK
- request:
    body: ''
    headers:
      accept:
      - '*/*'
      accept-encoding:
      - gzip, deflate
      connection:
      - keep-alive
      host:
      - gizmoj5.fhcrc.org:33817
      user-agent:
      - python-httpx/0.28.1
    method: GET
    uri: https://gizmoj5.fhcrc.org:33817/api/workflows/v1/b6017c80-1ac8-4c91-bbcb-dce606ecf625/metadata?expandSubWorkflows=true
  response:
    body:
      string: '{"submittedFiles":{"workflow":"version 1.0\n## This is a test workflow
        that fails against womtool.\n## From https://github.com/broadinstitute/cromwell\n\n####
        WORKFLOW DEFINITION\n\nworkflow oops {\n  call oopsie\n}\n\n#### TASK DEFINITIONS\n\ntask
        oopsie {\n  input {\n    String str\n  }\n  command { echo ${str} }\n  runtime
        { docker: docker_image }\n}\n","root":"","options":"{\n  \"read_from_cache\":
        false,\n  \"workflow_failure_mode\": \"ContinueWhilePossible\",\n  \"write_to_cache\":
        false\n}","inputs":"{}","workflowUrl":"","labels":"{}"},"calls":{},"outputs":{},"status":"Submitted","id":"b6017c80-1ac8-4c91-bbcb-dce606ecf625","inputs":{},"labels":{"cromwell-workflow-id":"cromwell-b6017c80-1ac8-4c91-bbcb-dce606ecf625"},"submission":"2025-09-07T03:23:55.051Z"}'
    headers:
      Connection:
      - keep-alive
      Content-Type:
      - application/json
      Date:
      - Sun, 07 Sep 2025 03:27:58 GMT
      Server:
      - nginx/1.25.3
      Transfer-Encoding:
      - chunked
      content-length:
      - '772'
    status:
      code: 200
      message: OK
- request:
    body: ''
    headers:
      accept:
      - '*/*'
      accept-encoding:
      - gzip, deflate
      connection:
      - keep-alive
      host:
      - gizmoj5.fhcrc.org:33817
      user-agent:
      - python-httpx/0.28.1
    method: GET
    uri: https://gizmoj5.fhcrc.org:33817/api/workflows/v1/b6017c80-1ac8-4c91-bbcb-dce606ecf625/metadata?expandSubWorkflows=true
  response:
    body:
      string: '{"submittedFiles":{"workflow":"version 1.0\n## This is a test workflow
        that fails against womtool.\n## From https://github.com/broadinstitute/cromwell\n\n####
        WORKFLOW DEFINITION\n\nworkflow oops {\n  call oopsie\n}\n\n#### TASK DEFINITIONS\n\ntask
        oopsie {\n  input {\n    String str\n  }\n  command { echo ${str} }\n  runtime
        { docker: docker_image }\n}\n","root":"","options":"{\n  \"read_from_cache\":
        false,\n  \"workflow_failure_mode\": \"ContinueWhilePossible\",\n  \"write_to_cache\":
        false\n}","inputs":"{}","workflowUrl":"","labels":"{}"},"calls":{},"outputs":{},"status":"Submitted","id":"b6017c80-1ac8-4c91-bbcb-dce606ecf625","inputs":{},"labels":{"cromwell-workflow-id":"cromwell-b6017c80-1ac8-4c91-bbcb-dce606ecf625"},"submission":"2025-09-07T03:23:55.051Z"}'
    headers:
      Connection:
      - keep-alive
      Content-Type:
      - application/json
      Date:
      - Sun, 07 Sep 2025 03:28:03 GMT
      Server:
      - nginx/1.25.3
      Transfer-Encoding:
      - chunked
      content-length:
      - '772'
    status:
      code: 200
      message: OK
- request:
    body: ''
    headers:
      accept:
      - '*/*'
      accept-encoding:
      - gzip, deflate
      connection:
      - keep-alive
      host:
      - gizmoj5.fhcrc.org:33817
      user-agent:
      - python-httpx/0.28.1
    method: GET
    uri: https://gizmoj5.fhcrc.org:33817/api/workflows/v1/b6017c80-1ac8-4c91-bbcb-dce606ecf625/metadata?expandSubWorkflows=true
  response:
    body:
      string: '{"submittedFiles":{"workflow":"version 1.0\n## This is a test workflow
        that fails against womtool.\n## From https://github.com/broadinstitute/cromwell\n\n####
        WORKFLOW DEFINITION\n\nworkflow oops {\n  call oopsie\n}\n\n#### TASK DEFINITIONS\n\ntask
        oopsie {\n  input {\n    String str\n  }\n  command { echo ${str} }\n  runtime
        { docker: docker_image }\n}\n","root":"","options":"{\n  \"read_from_cache\":
        false,\n  \"workflow_failure_mode\": \"ContinueWhilePossible\",\n  \"write_to_cache\":
        false\n}","inputs":"{}","workflowUrl":"","labels":"{}"},"calls":{},"outputs":{},"status":"Submitted","id":"b6017c80-1ac8-4c91-bbcb-dce606ecf625","inputs":{},"labels":{"cromwell-workflow-id":"cromwell-b6017c80-1ac8-4c91-bbcb-dce606ecf625"},"submission":"2025-09-07T03:23:55.051Z"}'
    headers:
      Connection:
      - keep-alive
      Content-Type:
      - application/json
      Date:
      - Sun, 07 Sep 2025 03:28:08 GMT
      Server:
      - nginx/1.25.3
      Transfer-Encoding:
      - chunked
      content-length:
      - '772'
    status:
      code: 200
      message: OK
- request:
    body: ''
    headers:
      accept:
      - '*/*'
      accept-encoding:
      - gzip, deflate
      connection:
      - keep-alive
      host:
      - gizmoj5.fhcrc.org:33817
      user-agent:
      - python-httpx/0.28.1
    method: GET
    uri: https://gizmoj5.fhcrc.org:33817/api/workflows/v1/b6017c80-1ac8-4c91-bbcb-dce606ecf625/metadata?expandSubWorkflows=true
  response:
    body:
      string: '{"submittedFiles":{"workflow":"version 1.0\n## This is a test workflow
        that fails against womtool.\n## From https://github.com/broadinstitute/cromwell\n\n####
        WORKFLOW DEFINITION\n\nworkflow oops {\n  call oopsie\n}\n\n#### TASK DEFINITIONS\n\ntask
        oopsie {\n  input {\n    String str\n  }\n  command { echo ${str} }\n  runtime
        { docker: docker_image }\n}\n","root":"","options":"{\n  \"read_from_cache\":
        false,\n  \"workflow_failure_mode\": \"ContinueWhilePossible\",\n  \"write_to_cache\":
        false\n}","inputs":"{}","workflowUrl":"","labels":"{}"},"calls":{},"outputs":{},"status":"Submitted","id":"b6017c80-1ac8-4c91-bbcb-dce606ecf625","inputs":{},"labels":{"cromwell-workflow-id":"cromwell-b6017c80-1ac8-4c91-bbcb-dce606ecf625"},"submission":"2025-09-07T03:23:55.051Z"}'
    headers:
      Connection:
      - keep-alive
      Content-Type:
      - application/json
      Date:
      - Sun, 07 Sep 2025 03:28:13 GMT
      Server:
      - nginx/1.25.3
      Transfer-Encoding:
      - chunked
      content-length:
      - '772'
    status:
      code: 200
      message: OK
- request:
    body: ''
    headers:
      accept:
      - '*/*'
      accept-encoding:
      - gzip, deflate
      connection:
      - keep-alive
      host:
      - gizmoj5.fhcrc.org:33817
      user-agent:
      - python-httpx/0.28.1
    method: GET
    uri: https://gizmoj5.fhcrc.org:33817/api/workflows/v1/b6017c80-1ac8-4c91-bbcb-dce606ecf625/metadata?expandSubWorkflows=true
  response:
    body:
      string: '{"submittedFiles":{"workflow":"version 1.0\n## This is a test workflow
        that fails against womtool.\n## From https://github.com/broadinstitute/cromwell\n\n####
        WORKFLOW DEFINITION\n\nworkflow oops {\n  call oopsie\n}\n\n#### TASK DEFINITIONS\n\ntask
        oopsie {\n  input {\n    String str\n  }\n  command { echo ${str} }\n  runtime
        { docker: docker_image }\n}\n","root":"","options":"{\n  \"read_from_cache\":
        false,\n  \"workflow_failure_mode\": \"ContinueWhilePossible\",\n  \"write_to_cache\":
        false\n}","inputs":"{}","workflowUrl":"","labels":"{}"},"calls":{},"outputs":{},"status":"Submitted","id":"b6017c80-1ac8-4c91-bbcb-dce606ecf625","inputs":{},"labels":{"cromwell-workflow-id":"cromwell-b6017c80-1ac8-4c91-bbcb-dce606ecf625"},"submission":"2025-09-07T03:23:55.051Z"}'
    headers:
      Connection:
      - keep-alive
      Content-Type:
      - application/json
      Date:
      - Sun, 07 Sep 2025 03:28:18 GMT
      Server:
      - nginx/1.25.3
      Transfer-Encoding:
      - chunked
      content-length:
      - '772'
    status:
      code: 200
      message: OK
- request:
    body: ''
    headers:
      accept:
      - '*/*'
      accept-encoding:
      - gzip, deflate
      connection:
      - keep-alive
      host:
      - gizmoj5.fhcrc.org:33817
      user-agent:
      - python-httpx/0.28.1
    method: GET
    uri: https://gizmoj5.fhcrc.org:33817/api/workflows/v1/b6017c80-1ac8-4c91-bbcb-dce606ecf625/metadata?expandSubWorkflows=true
  response:
    body:
      string: '{"submittedFiles":{"workflow":"version 1.0\n## This is a test workflow
        that fails against womtool.\n## From https://github.com/broadinstitute/cromwell\n\n####
        WORKFLOW DEFINITION\n\nworkflow oops {\n  call oopsie\n}\n\n#### TASK DEFINITIONS\n\ntask
        oopsie {\n  input {\n    String str\n  }\n  command { echo ${str} }\n  runtime
        { docker: docker_image }\n}\n","root":"","options":"{\n  \"read_from_cache\":
        false,\n  \"workflow_failure_mode\": \"ContinueWhilePossible\",\n  \"write_to_cache\":
        false\n}","inputs":"{}","workflowUrl":"","labels":"{}"},"calls":{},"outputs":{},"status":"Submitted","id":"b6017c80-1ac8-4c91-bbcb-dce606ecf625","inputs":{},"labels":{"cromwell-workflow-id":"cromwell-b6017c80-1ac8-4c91-bbcb-dce606ecf625"},"submission":"2025-09-07T03:23:55.051Z"}'
    headers:
      Connection:
      - keep-alive
      Content-Type:
      - application/json
      Date:
      - Sun, 07 Sep 2025 03:28:24 GMT
      Server:
      - nginx/1.25.3
      Transfer-Encoding:
      - chunked
      content-length:
      - '772'
    status:
      code: 200
      message: OK
- request:
    body: ''
    headers:
      accept:
      - '*/*'
      accept-encoding:
      - gzip, deflate
      connection:
      - keep-alive
      host:
      - gizmoj5.fhcrc.org:33817
      user-agent:
      - python-httpx/0.28.1
    method: GET
    uri: https://gizmoj5.fhcrc.org:33817/api/workflows/v1/b6017c80-1ac8-4c91-bbcb-dce606ecf625/metadata?expandSubWorkflows=true
  response:
    body:
      string: '{"submittedFiles":{"workflow":"version 1.0\n## This is a test workflow
        that fails against womtool.\n## From https://github.com/broadinstitute/cromwell\n\n####
        WORKFLOW DEFINITION\n\nworkflow oops {\n  call oopsie\n}\n\n#### TASK DEFINITIONS\n\ntask
        oopsie {\n  input {\n    String str\n  }\n  command { echo ${str} }\n  runtime
        { docker: docker_image }\n}\n","root":"","options":"{\n  \"read_from_cache\":
        false,\n  \"workflow_failure_mode\": \"ContinueWhilePossible\",\n  \"write_to_cache\":
        false\n}","inputs":"{}","workflowUrl":"","labels":"{}"},"calls":{},"outputs":{},"status":"Submitted","id":"b6017c80-1ac8-4c91-bbcb-dce606ecf625","inputs":{},"labels":{"cromwell-workflow-id":"cromwell-b6017c80-1ac8-4c91-bbcb-dce606ecf625"},"submission":"2025-09-07T03:23:55.051Z"}'
    headers:
      Connection:
      - keep-alive
      Content-Type:
      - application/json
      Date:
      - Sun, 07 Sep 2025 03:28:29 GMT
      Server:
      - nginx/1.25.3
      Transfer-Encoding:
      - chunked
      content-length:
      - '772'
    status:
      code: 200
      message: OK
- request:
    body: ''
    headers:
      accept:
      - '*/*'
      accept-encoding:
      - gzip, deflate
      connection:
      - keep-alive
      host:
      - gizmoj5.fhcrc.org:33817
      user-agent:
      - python-httpx/0.28.1
    method: GET
    uri: https://gizmoj5.fhcrc.org:33817/api/workflows/v1/b6017c80-1ac8-4c91-bbcb-dce606ecf625/metadata?expandSubWorkflows=true
  response:
    body:
      string: '{"submittedFiles":{"workflow":"version 1.0\n## This is a test workflow
        that fails against womtool.\n## From https://github.com/broadinstitute/cromwell\n\n####
        WORKFLOW DEFINITION\n\nworkflow oops {\n  call oopsie\n}\n\n#### TASK DEFINITIONS\n\ntask
        oopsie {\n  input {\n    String str\n  }\n  command { echo ${str} }\n  runtime
        { docker: docker_image }\n}\n","root":"","options":"{\n  \"read_from_cache\":
        false,\n  \"workflow_failure_mode\": \"ContinueWhilePossible\",\n  \"write_to_cache\":
        false\n}","inputs":"{}","workflowUrl":"","labels":"{}"},"calls":{},"outputs":{},"status":"Submitted","id":"b6017c80-1ac8-4c91-bbcb-dce606ecf625","inputs":{},"labels":{"cromwell-workflow-id":"cromwell-b6017c80-1ac8-4c91-bbcb-dce606ecf625"},"submission":"2025-09-07T03:23:55.051Z"}'
    headers:
      Connection:
      - keep-alive
      Content-Type:
      - application/json
      Date:
      - Sun, 07 Sep 2025 03:28:34 GMT
      Server:
      - nginx/1.25.3
      Transfer-Encoding:
      - chunked
      content-length:
      - '772'
    status:
      code: 200
      message: OK
- request:
    body: ''
    headers:
      accept:
      - '*/*'
      accept-encoding:
      - gzip, deflate
      connection:
      - keep-alive
      host:
      - gizmoj5.fhcrc.org:33817
      user-agent:
      - python-httpx/0.28.1
    method: GET
    uri: https://gizmoj5.fhcrc.org:33817/api/workflows/v1/b6017c80-1ac8-4c91-bbcb-dce606ecf625/metadata?expandSubWorkflows=true
  response:
    body:
      string: '{"submittedFiles":{"workflow":"version 1.0\n## This is a test workflow
        that fails against womtool.\n## From https://github.com/broadinstitute/cromwell\n\n####
        WORKFLOW DEFINITION\n\nworkflow oops {\n  call oopsie\n}\n\n#### TASK DEFINITIONS\n\ntask
        oopsie {\n  input {\n    String str\n  }\n  command { echo ${str} }\n  runtime
        { docker: docker_image }\n}\n","root":"","options":"{\n  \"read_from_cache\":
        false,\n  \"workflow_failure_mode\": \"ContinueWhilePossible\",\n  \"write_to_cache\":
        false\n}","inputs":"{}","workflowUrl":"","labels":"{}"},"calls":{},"outputs":{},"status":"Submitted","id":"b6017c80-1ac8-4c91-bbcb-dce606ecf625","inputs":{},"labels":{"cromwell-workflow-id":"cromwell-b6017c80-1ac8-4c91-bbcb-dce606ecf625"},"submission":"2025-09-07T03:23:55.051Z"}'
    headers:
      Connection:
      - keep-alive
      Content-Type:
      - application/json
      Date:
      - Sun, 07 Sep 2025 03:28:39 GMT
      Server:
      - nginx/1.25.3
      Transfer-Encoding:
      - chunked
      content-length:
      - '772'
    status:
      code: 200
      message: OK
- request:
    body: ''
    headers:
      accept:
      - '*/*'
      accept-encoding:
      - gzip, deflate
      connection:
      - keep-alive
      host:
      - gizmoj5.fhcrc.org:33817
      user-agent:
      - python-httpx/0.28.1
    method: GET
    uri: https://gizmoj5.fhcrc.org:33817/api/workflows/v1/b6017c80-1ac8-4c91-bbcb-dce606ecf625/metadata?expandSubWorkflows=true
  response:
    body:
      string: '{"submittedFiles":{"workflow":"version 1.0\n## This is a test workflow
        that fails against womtool.\n## From https://github.com/broadinstitute/cromwell\n\n####
        WORKFLOW DEFINITION\n\nworkflow oops {\n  call oopsie\n}\n\n#### TASK DEFINITIONS\n\ntask
        oopsie {\n  input {\n    String str\n  }\n  command { echo ${str} }\n  runtime
        { docker: docker_image }\n}\n","root":"","options":"{\n  \"read_from_cache\":
        false,\n  \"workflow_failure_mode\": \"ContinueWhilePossible\",\n  \"write_to_cache\":
        false\n}","inputs":"{}","workflowUrl":"","labels":"{}"},"calls":{},"outputs":{},"status":"Submitted","id":"b6017c80-1ac8-4c91-bbcb-dce606ecf625","inputs":{},"labels":{"cromwell-workflow-id":"cromwell-b6017c80-1ac8-4c91-bbcb-dce606ecf625"},"submission":"2025-09-07T03:23:55.051Z"}'
    headers:
      Connection:
      - keep-alive
      Content-Type:
      - application/json
      Date:
      - Sun, 07 Sep 2025 03:28:44 GMT
      Server:
      - nginx/1.25.3
      Transfer-Encoding:
      - chunked
      content-length:
      - '772'
    status:
      code: 200
      message: OK
- request:
    body: ''
    headers:
      accept:
      - '*/*'
      accept-encoding:
      - gzip, deflate
      connection:
      - keep-alive
      host:
      - gizmoj5.fhcrc.org:33817
      user-agent:
      - python-httpx/0.28.1
    method: GET
    uri: https://gizmoj5.fhcrc.org:33817/api/workflows/v1/b6017c80-1ac8-4c91-bbcb-dce606ecf625/metadata?expandSubWorkflows=true
  response:
    body:
      string: '{"submittedFiles":{"workflow":"version 1.0\n## This is a test workflow
        that fails against womtool.\n## From https://github.com/broadinstitute/cromwell\n\n####
        WORKFLOW DEFINITION\n\nworkflow oops {\n  call oopsie\n}\n\n#### TASK DEFINITIONS\n\ntask
        oopsie {\n  input {\n    String str\n  }\n  command { echo ${str} }\n  runtime
        { docker: docker_image }\n}\n","root":"","options":"{\n  \"read_from_cache\":
        false,\n  \"workflow_failure_mode\": \"ContinueWhilePossible\",\n  \"write_to_cache\":
        false\n}","inputs":"{}","workflowUrl":"","labels":"{}"},"calls":{},"outputs":{},"status":"Submitted","id":"b6017c80-1ac8-4c91-bbcb-dce606ecf625","inputs":{},"labels":{"cromwell-workflow-id":"cromwell-b6017c80-1ac8-4c91-bbcb-dce606ecf625"},"submission":"2025-09-07T03:23:55.051Z"}'
    headers:
      Connection:
      - keep-alive
      Content-Type:
      - application/json
      Date:
      - Sun, 07 Sep 2025 03:28:49 GMT
      Server:
      - nginx/1.25.3
      Transfer-Encoding:
      - chunked
      content-length:
      - '772'
    status:
      code: 200
      message: OK
- request:
    body: ''
    headers:
      accept:
      - '*/*'
      accept-encoding:
      - gzip, deflate
      connection:
      - keep-alive
      host:
      - gizmoj5.fhcrc.org:33817
      user-agent:
      - python-httpx/0.28.1
    method: GET
    uri: https://gizmoj5.fhcrc.org:33817/api/workflows/v1/b6017c80-1ac8-4c91-bbcb-dce606ecf625/metadata?expandSubWorkflows=true
  response:
    body:
      string: '{"submittedFiles":{"workflow":"version 1.0\n## This is a test workflow
        that fails against womtool.\n## From https://github.com/broadinstitute/cromwell\n\n####
        WORKFLOW DEFINITION\n\nworkflow oops {\n  call oopsie\n}\n\n#### TASK DEFINITIONS\n\ntask
        oopsie {\n  input {\n    String str\n  }\n  command { echo ${str} }\n  runtime
        { docker: docker_image }\n}\n","root":"","options":"{\n  \"read_from_cache\":
        false,\n  \"workflow_failure_mode\": \"ContinueWhilePossible\",\n  \"write_to_cache\":
        false\n}","inputs":"{}","workflowUrl":"","labels":"{}"},"calls":{},"outputs":{},"status":"Submitted","id":"b6017c80-1ac8-4c91-bbcb-dce606ecf625","inputs":{},"labels":{"cromwell-workflow-id":"cromwell-b6017c80-1ac8-4c91-bbcb-dce606ecf625"},"submission":"2025-09-07T03:23:55.051Z"}'
    headers:
      Connection:
      - keep-alive
      Content-Type:
      - application/json
      Date:
      - Sun, 07 Sep 2025 03:28:54 GMT
      Server:
      - nginx/1.25.3
      Transfer-Encoding:
      - chunked
      content-length:
      - '772'
    status:
      code: 200
      message: OK
- request:
    body: ''
    headers:
      accept:
      - '*/*'
      accept-encoding:
      - gzip, deflate
      connection:
      - keep-alive
      host:
      - gizmoj5.fhcrc.org:33817
      user-agent:
      - python-httpx/0.28.1
    method: GET
    uri: https://gizmoj5.fhcrc.org:33817/api/workflows/v1/b6017c80-1ac8-4c91-bbcb-dce606ecf625/metadata?expandSubWorkflows=true
  response:
    body:
      string: '{"workflowProcessingEvents":[{"cromwellId":"cromid-8c8d93d","description":"Finished","timestamp":"2025-09-07T03:28:55.115Z","cromwellVersion":"87"},{"cromwellId":"cromid-8c8d93d","description":"PickedUp","timestamp":"2025-09-07T03:28:55.102Z","cromwellVersion":"87"}],"actualWorkflowLanguageVersion":"1.0","submittedFiles":{"workflow":"version
        1.0\n## This is a test workflow that fails against womtool.\n## From https://github.com/broadinstitute/cromwell\n\n####
        WORKFLOW DEFINITION\n\nworkflow oops {\n  call oopsie\n}\n\n#### TASK DEFINITIONS\n\ntask
        oopsie {\n  input {\n    String str\n  }\n  command { echo ${str} }\n  runtime
        { docker: docker_image }\n}\n","root":"","options":"{\n  \"read_from_cache\":
        false,\n  \"workflow_failure_mode\": \"ContinueWhilePossible\",\n  \"write_to_cache\":
        false\n}","inputs":"{}","workflowUrl":"","labels":"{}"},"calls":{},"outputs":{},"actualWorkflowLanguage":"WDL","status":"Failed","failures":[{"message":"Workflow
        input processing failed","causedBy":[{"message":"Failed to process task definition
        ''oopsie'' (reason 1 of 1): Cannot lookup value ''docker_image'', it is never
        declared. Available values are: [''str'']","causedBy":[]}]}],"end":"2025-09-07T03:28:55.115Z","start":"2025-09-07T03:28:55.103Z","id":"b6017c80-1ac8-4c91-bbcb-dce606ecf625","inputs":{},"labels":{"cromwell-workflow-id":"cromwell-b6017c80-1ac8-4c91-bbcb-dce606ecf625"},"submission":"2025-09-07T03:23:55.051Z"}'
    headers:
      Connection:
      - keep-alive
      Content-Type:
      - application/json
      Date:
      - Sun, 07 Sep 2025 03:28:59 GMT
      Server:
      - nginx/1.25.3
      Transfer-Encoding:
      - chunked
      content-length:
      - '1422'
    status:
      code: 200
      message: OK
version: 1
