interactions:
- request:
    body: "--19bff40926531cb6c80162bf5b0df05c\r\nContent-Disposition: form-data; name=\"workflowSource\";
      filename=\"basicGlobTest.wdl\"\r\nContent-Type: application/octet-stream\r\n\r\nversion
      1.0\n\nworkflow basicGlobTest {\n    call create_files\n    output {\n        Array[File]
      matched_files = create_files.txt_files\n    }\n}\n\ntask create_files {\n    command
      <<<\n        echo \"File 1\" > file1.txt\n        echo \"File 2\" > file2.txt\n
      \   >>>\n    output {\n        Array[File] txt_files = glob(\"*.txt\")\n    }\n}\n\r\n--19bff40926531cb6c80162bf5b0df05c\r\nContent-Disposition:
      form-data; name=\"workflowOptions\"; filename=\"options.json\"\r\nContent-Type:
      application/json\r\n\r\n{\n    \"workflow_failure_mode\": \"ContinueWhilePossible\",\n
      \   \"write_to_cache\": false,\n    \"read_from_cache\": false\n}\n\r\n--19bff40926531cb6c80162bf5b0df05c--\r\n"
    headers:
      accept:
      - '*/*'
      accept-encoding:
      - gzip, deflate
      connection:
      - keep-alive
      content-length:
      - '792'
      content-type:
      - multipart/form-data; boundary=19bff40926531cb6c80162bf5b0df05c
      host:
      - gizmok55.fhcrc.org:39153
      user-agent:
      - python-httpx/0.28.1
    method: POST
    uri: https://gizmok55.fhcrc.org:39153/api/workflows/v1
  response:
    body:
      string: '{"id":"bea92797-533e-4114-8abc-6af2c8f7d176","status":"Submitted"}'
    headers:
      Connection:
      - keep-alive
      Content-Length:
      - '66'
      Content-Type:
      - application/json
      Date:
      - Mon, 21 Jul 2025 16:01:21 GMT
      Server:
      - nginx/1.25.3
    status:
      code: 201
      message: Created
- request:
    body: ''
    headers:
      accept:
      - '*/*'
      accept-encoding:
      - gzip, deflate
      connection:
      - keep-alive
      host:
      - gizmok55.fhcrc.org:39153
      user-agent:
      - python-httpx/0.28.1
    method: GET
    uri: https://gizmok55.fhcrc.org:39153/api/workflows/v1/bea92797-533e-4114-8abc-6af2c8f7d176/metadata?expandSubWorkflows=true
  response:
    body:
      string: "{\n  \"status\": \"fail\",\n  \"message\": \"Unrecognized workflow
        ID: bea92797-533e-4114-8abc-6af2c8f7d176\"\n}"
    headers:
      Connection:
      - keep-alive
      Content-Type:
      - application/json
      Date:
      - Mon, 21 Jul 2025 16:01:21 GMT
      Server:
      - nginx/1.25.3
      Transfer-Encoding:
      - chunked
      content-length:
      - '101'
    status:
      code: 404
      message: Not Found
- request:
    body: ''
    headers:
      accept:
      - '*/*'
      accept-encoding:
      - gzip, deflate
      connection:
      - keep-alive
      host:
      - gizmok55.fhcrc.org:39153
      user-agent:
      - python-httpx/0.28.1
    method: GET
    uri: https://gizmok55.fhcrc.org:39153/api/workflows/v1/bea92797-533e-4114-8abc-6af2c8f7d176/metadata?expandSubWorkflows=true
  response:
    body:
      string: "{\n  \"status\": \"fail\",\n  \"message\": \"Unrecognized workflow
        ID: bea92797-533e-4114-8abc-6af2c8f7d176\"\n}"
    headers:
      Connection:
      - keep-alive
      Content-Type:
      - application/json
      Date:
      - Mon, 21 Jul 2025 16:01:25 GMT
      Server:
      - nginx/1.25.3
      Transfer-Encoding:
      - chunked
      content-length:
      - '101'
    status:
      code: 404
      message: Not Found
- request:
    body: ''
    headers:
      accept:
      - '*/*'
      accept-encoding:
      - gzip, deflate
      connection:
      - keep-alive
      host:
      - gizmok55.fhcrc.org:39153
      user-agent:
      - python-httpx/0.28.1
    method: GET
    uri: https://gizmok55.fhcrc.org:39153/api/workflows/v1/bea92797-533e-4114-8abc-6af2c8f7d176/metadata?expandSubWorkflows=true
  response:
    body:
      string: '{"submittedFiles":{"workflow":"version 1.0\n\nworkflow basicGlobTest
        {\n    call create_files\n    output {\n        Array[File] matched_files
        = create_files.txt_files\n    }\n}\n\ntask create_files {\n    command <<<\n        echo
        \"File 1\" > file1.txt\n        echo \"File 2\" > file2.txt\n    >>>\n    output
        {\n        Array[File] txt_files = glob(\"*.txt\")\n    }\n}\n","root":"","options":"{\n  \"read_from_cache\":
        false,\n  \"workflow_failure_mode\": \"ContinueWhilePossible\",\n  \"write_to_cache\":
        false\n}","inputs":"{}","workflowUrl":"","labels":"{}"},"calls":{},"outputs":{},"status":"Submitted","id":"bea92797-533e-4114-8abc-6af2c8f7d176","inputs":{},"labels":{"cromwell-workflow-id":"cromwell-bea92797-533e-4114-8abc-6af2c8f7d176"},"submission":"2025-07-21T16:01:21.500Z"}'
    headers:
      Connection:
      - keep-alive
      Content-Type:
      - application/json
      Date:
      - Mon, 21 Jul 2025 16:01:29 GMT
      Server:
      - nginx/1.25.3
      Transfer-Encoding:
      - chunked
      content-length:
      - '790'
    status:
      code: 200
      message: OK
version: 1
