interactions:
- request:
    body: "--f4bf5cac8bff7a1229f0f3216b4fba7e\r\nContent-Disposition: form-data; name=\"workflowSource\";
      filename=\"symlinkOnly.wdl\"\r\nContent-Type: application/octet-stream\r\n\r\nversion
      1.0\n\nworkflow symlinkOnly {\n    call generate_diverse_outputs\n    \n    output
      {\n        File symlink_file = generate_diverse_outputs.symlink_output\n    }\n}\n\ntask
      generate_diverse_outputs {\n    command <<<\n        # Create a symlink\n        echo
      \"original\" > original.txt\n        ln -s original.txt link.txt\n    >>>\n\n
      \   output {\n        File symlink_output = \"link.txt\"\n    }\n\n    runtime
      {\n        docker: \"ubuntu:noble-20241118.1\"\n    }\n}\n\r\n--f4bf5cac8bff7a1229f0f3216b4fba7e\r\nContent-Disposition:
      form-data; name=\"workflowOptions\"; filename=\"options.json\"\r\nContent-Type:
      application/json\r\n\r\n{\n    \"workflow_failure_mode\": \"ContinueWhilePossible\",\n
      \   \"write_to_cache\": false,\n    \"read_from_cache\": false\n}\n\r\n--f4bf5cac8bff7a1229f0f3216b4fba7e--\r\n"
    headers:
      accept:
      - '*/*'
      accept-encoding:
      - gzip, deflate
      connection:
      - keep-alive
      content-length:
      - '919'
      content-type:
      - multipart/form-data; boundary=f4bf5cac8bff7a1229f0f3216b4fba7e
      host:
      - gizmoj5.fhcrc.org:41799
      user-agent:
      - python-httpx/0.28.1
    method: POST
    uri: https://gizmoj5.fhcrc.org:41799/api/workflows/v1
  response:
    body:
      string: '{"id":"76a2d471-72fc-4839-b9a1-664c44a5a1f8","status":"Submitted"}'
    headers:
      Connection:
      - keep-alive
      Content-Length:
      - '66'
      Content-Type:
      - application/json
      Date:
      - Sun, 16 Nov 2025 03:34:29 GMT
      Server:
      - nginx/1.25.3
    status:
      code: 201
      message: Created
- request:
    body: ''
    headers:
      accept:
      - '*/*'
      accept-encoding:
      - gzip, deflate
      connection:
      - keep-alive
      host:
      - gizmoj5.fhcrc.org:41799
      user-agent:
      - python-httpx/0.28.1
    method: GET
    uri: https://gizmoj5.fhcrc.org:41799/api/workflows/v1/76a2d471-72fc-4839-b9a1-664c44a5a1f8/metadata?expandSubWorkflows=true
  response:
    body:
      string: "{\n  \"status\": \"fail\",\n  \"message\": \"Unrecognized workflow
        ID: 76a2d471-72fc-4839-b9a1-664c44a5a1f8\"\n}"
    headers:
      Connection:
      - keep-alive
      Content-Type:
      - application/json
      Date:
      - Sun, 16 Nov 2025 03:34:29 GMT
      Server:
      - nginx/1.25.3
      Transfer-Encoding:
      - chunked
      content-length:
      - '101'
    status:
      code: 404
      message: Not Found
- request:
    body: ''
    headers:
      accept:
      - '*/*'
      accept-encoding:
      - gzip, deflate
      connection:
      - keep-alive
      host:
      - gizmoj5.fhcrc.org:41799
      user-agent:
      - python-httpx/0.28.1
    method: GET
    uri: https://gizmoj5.fhcrc.org:41799/api/workflows/v1/76a2d471-72fc-4839-b9a1-664c44a5a1f8/metadata?expandSubWorkflows=true
  response:
    body:
      string: '{"submittedFiles":{"workflow":"version 1.0\n\nworkflow symlinkOnly
        {\n    call generate_diverse_outputs\n    \n    output {\n        File symlink_file
        = generate_diverse_outputs.symlink_output\n    }\n}\n\ntask generate_diverse_outputs
        {\n    command <<<\n        # Create a symlink\n        echo \"original\"
        > original.txt\n        ln -s original.txt link.txt\n    >>>\n\n    output
        {\n        File symlink_output = \"link.txt\"\n    }\n\n    runtime {\n        docker:
        \"ubuntu:noble-20241118.1\"\n    }\n}\n","root":"","options":"{\n  \"read_from_cache\":
        false,\n  \"workflow_failure_mode\": \"ContinueWhilePossible\",\n  \"write_to_cache\":
        false\n}","inputs":"{}","workflowUrl":"","labels":"{}"},"calls":{},"outputs":{},"status":"Submitted","id":"76a2d471-72fc-4839-b9a1-664c44a5a1f8","inputs":{},"labels":{"cromwell-workflow-id":"cromwell-76a2d471-72fc-4839-b9a1-664c44a5a1f8"},"submission":"2025-11-16T03:34:29.708Z"}'
    headers:
      Connection:
      - keep-alive
      Content-Type:
      - application/json
      Date:
      - Sun, 16 Nov 2025 03:34:33 GMT
      Server:
      - nginx/1.25.3
      Transfer-Encoding:
      - chunked
      content-length:
      - '926'
    status:
      code: 200
      message: OK
version: 1
