interactions:
- request:
    body: "--40329f24eff2a386249f31183a836c11\r\nContent-Disposition: form-data; name=\"workflowSource\";
      filename=\"emptyGlobTest.wdl\"\r\nContent-Type: application/octet-stream\r\n\r\nversion
      1.0\n\nworkflow emptyGlobTest {\n    call create_empty_directory\n\n    output
      {\n        Array[File] no_files = create_empty_directory.no_files\n    }\n}\n\ntask
      create_empty_directory {\n    command {\n        mkdir empty_dir\n    }\n    output
      {\n        Array[File] no_files = glob(\"empty_dir/*.txt\")\n    }\n}\n\r\n--40329f24eff2a386249f31183a836c11\r\nContent-Disposition:
      form-data; name=\"workflowOptions\"; filename=\"options.json\"\r\nContent-Type:
      application/json\r\n\r\n{\n    \"workflow_failure_mode\": \"ContinueWhilePossible\",\n
      \   \"write_to_cache\": false,\n    \"read_from_cache\": false\n}\n\r\n--40329f24eff2a386249f31183a836c11--\r\n"
    headers:
      accept:
      - '*/*'
      accept-encoding:
      - gzip, deflate
      connection:
      - keep-alive
      content-length:
      - '778'
      content-type:
      - multipart/form-data; boundary=40329f24eff2a386249f31183a836c11
      host:
      - gizmoj12.fhcrc.org:34331
      user-agent:
      - python-httpx/0.28.1
    method: POST
    uri: https://gizmoj12.fhcrc.org:34331/api/workflows/v1
  response:
    body:
      string: '{"id":"6416bc25-88de-4854-a1af-a3b50ff4aebd","status":"Submitted"}'
    headers:
      Connection:
      - keep-alive
      Content-Length:
      - '66'
      Content-Type:
      - application/json
      Date:
      - Sun, 30 Nov 2025 03:39:55 GMT
      Server:
      - nginx/1.25.3
    status:
      code: 201
      message: Created
- request:
    body: ''
    headers:
      accept:
      - '*/*'
      accept-encoding:
      - gzip, deflate
      connection:
      - keep-alive
      host:
      - gizmoj12.fhcrc.org:34331
      user-agent:
      - python-httpx/0.28.1
    method: GET
    uri: https://gizmoj12.fhcrc.org:34331/api/workflows/v1/6416bc25-88de-4854-a1af-a3b50ff4aebd/metadata?expandSubWorkflows=true
  response:
    body:
      string: '{"submittedFiles":{"workflow":"version 1.0\n\nworkflow emptyGlobTest
        {\n    call create_empty_directory\n\n    output {\n        Array[File] no_files
        = create_empty_directory.no_files\n    }\n}\n\ntask create_empty_directory
        {\n    command {\n        mkdir empty_dir\n    }\n    output {\n        Array[File]
        no_files = glob(\"empty_dir/*.txt\")\n    }\n}\n","root":"","options":"{\n  \"read_from_cache\":
        false,\n  \"workflow_failure_mode\": \"ContinueWhilePossible\",\n  \"write_to_cache\":
        false\n}","inputs":"{}","workflowUrl":"","labels":"{}"},"calls":{},"outputs":{},"status":"Submitted","id":"6416bc25-88de-4854-a1af-a3b50ff4aebd","inputs":{},"labels":{"cromwell-workflow-id":"cromwell-6416bc25-88de-4854-a1af-a3b50ff4aebd"},"submission":"2025-11-30T03:39:55.765Z"}'
    headers:
      Connection:
      - keep-alive
      Content-Type:
      - application/json
      Date:
      - Sun, 30 Nov 2025 03:40:00 GMT
      Server:
      - nginx/1.25.3
      Transfer-Encoding:
      - chunked
      content-length:
      - '772'
    status:
      code: 200
      message: OK
- request:
    body: ''
    headers:
      accept:
      - '*/*'
      accept-encoding:
      - gzip, deflate
      connection:
      - keep-alive
      host:
      - gizmoj12.fhcrc.org:34331
      user-agent:
      - python-httpx/0.28.1
    method: GET
    uri: https://gizmoj12.fhcrc.org:34331/api/workflows/v1/6416bc25-88de-4854-a1af-a3b50ff4aebd/metadata?expandSubWorkflows=true
  response:
    body:
      string: '{"submittedFiles":{"workflow":"version 1.0\n\nworkflow emptyGlobTest
        {\n    call create_empty_directory\n\n    output {\n        Array[File] no_files
        = create_empty_directory.no_files\n    }\n}\n\ntask create_empty_directory
        {\n    command {\n        mkdir empty_dir\n    }\n    output {\n        Array[File]
        no_files = glob(\"empty_dir/*.txt\")\n    }\n}\n","root":"","options":"{\n  \"read_from_cache\":
        false,\n  \"workflow_failure_mode\": \"ContinueWhilePossible\",\n  \"write_to_cache\":
        false\n}","inputs":"{}","workflowUrl":"","labels":"{}"},"calls":{},"outputs":{},"status":"Submitted","id":"6416bc25-88de-4854-a1af-a3b50ff4aebd","inputs":{},"labels":{"cromwell-workflow-id":"cromwell-6416bc25-88de-4854-a1af-a3b50ff4aebd"},"submission":"2025-11-30T03:39:55.765Z"}'
    headers:
      Connection:
      - keep-alive
      Content-Type:
      - application/json
      Date:
      - Sun, 30 Nov 2025 03:40:05 GMT
      Server:
      - nginx/1.25.3
      Transfer-Encoding:
      - chunked
      content-length:
      - '772'
    status:
      code: 200
      message: OK
- request:
    body: ''
    headers:
      accept:
      - '*/*'
      accept-encoding:
      - gzip, deflate
      connection:
      - keep-alive
      host:
      - gizmoj12.fhcrc.org:34331
      user-agent:
      - python-httpx/0.28.1
    method: GET
    uri: https://gizmoj12.fhcrc.org:34331/api/workflows/v1/6416bc25-88de-4854-a1af-a3b50ff4aebd/metadata?expandSubWorkflows=true
  response:
    body:
      string: '{"submittedFiles":{"workflow":"version 1.0\n\nworkflow emptyGlobTest
        {\n    call create_empty_directory\n\n    output {\n        Array[File] no_files
        = create_empty_directory.no_files\n    }\n}\n\ntask create_empty_directory
        {\n    command {\n        mkdir empty_dir\n    }\n    output {\n        Array[File]
        no_files = glob(\"empty_dir/*.txt\")\n    }\n}\n","root":"","options":"{\n  \"read_from_cache\":
        false,\n  \"workflow_failure_mode\": \"ContinueWhilePossible\",\n  \"write_to_cache\":
        false\n}","inputs":"{}","workflowUrl":"","labels":"{}"},"calls":{},"outputs":{},"status":"Submitted","id":"6416bc25-88de-4854-a1af-a3b50ff4aebd","inputs":{},"labels":{"cromwell-workflow-id":"cromwell-6416bc25-88de-4854-a1af-a3b50ff4aebd"},"submission":"2025-11-30T03:39:55.765Z"}'
    headers:
      Connection:
      - keep-alive
      Content-Type:
      - application/json
      Date:
      - Sun, 30 Nov 2025 03:40:10 GMT
      Server:
      - nginx/1.25.3
      Transfer-Encoding:
      - chunked
      content-length:
      - '772'
    status:
      code: 200
      message: OK
- request:
    body: ''
    headers:
      accept:
      - '*/*'
      accept-encoding:
      - gzip, deflate
      connection:
      - keep-alive
      host:
      - gizmoj12.fhcrc.org:34331
      user-agent:
      - python-httpx/0.28.1
    method: GET
    uri: https://gizmoj12.fhcrc.org:34331/api/workflows/v1/6416bc25-88de-4854-a1af-a3b50ff4aebd/metadata?expandSubWorkflows=true
  response:
    body:
      string: '{"submittedFiles":{"workflow":"version 1.0\n\nworkflow emptyGlobTest
        {\n    call create_empty_directory\n\n    output {\n        Array[File] no_files
        = create_empty_directory.no_files\n    }\n}\n\ntask create_empty_directory
        {\n    command {\n        mkdir empty_dir\n    }\n    output {\n        Array[File]
        no_files = glob(\"empty_dir/*.txt\")\n    }\n}\n","root":"","options":"{\n  \"read_from_cache\":
        false,\n  \"workflow_failure_mode\": \"ContinueWhilePossible\",\n  \"write_to_cache\":
        false\n}","inputs":"{}","workflowUrl":"","labels":"{}"},"calls":{},"outputs":{},"status":"Submitted","id":"6416bc25-88de-4854-a1af-a3b50ff4aebd","inputs":{},"labels":{"cromwell-workflow-id":"cromwell-6416bc25-88de-4854-a1af-a3b50ff4aebd"},"submission":"2025-11-30T03:39:55.765Z"}'
    headers:
      Connection:
      - keep-alive
      Content-Type:
      - application/json
      Date:
      - Sun, 30 Nov 2025 03:40:15 GMT
      Server:
      - nginx/1.25.3
      Transfer-Encoding:
      - chunked
      content-length:
      - '772'
    status:
      code: 200
      message: OK
- request:
    body: ''
    headers:
      accept:
      - '*/*'
      accept-encoding:
      - gzip, deflate
      connection:
      - keep-alive
      host:
      - gizmoj12.fhcrc.org:34331
      user-agent:
      - python-httpx/0.28.1
    method: GET
    uri: https://gizmoj12.fhcrc.org:34331/api/workflows/v1/6416bc25-88de-4854-a1af-a3b50ff4aebd/metadata?expandSubWorkflows=true
  response:
    body:
      string: '{"submittedFiles":{"workflow":"version 1.0\n\nworkflow emptyGlobTest
        {\n    call create_empty_directory\n\n    output {\n        Array[File] no_files
        = create_empty_directory.no_files\n    }\n}\n\ntask create_empty_directory
        {\n    command {\n        mkdir empty_dir\n    }\n    output {\n        Array[File]
        no_files = glob(\"empty_dir/*.txt\")\n    }\n}\n","root":"","options":"{\n  \"read_from_cache\":
        false,\n  \"workflow_failure_mode\": \"ContinueWhilePossible\",\n  \"write_to_cache\":
        false\n}","inputs":"{}","workflowUrl":"","labels":"{}"},"calls":{},"outputs":{},"status":"Submitted","id":"6416bc25-88de-4854-a1af-a3b50ff4aebd","inputs":{},"labels":{"cromwell-workflow-id":"cromwell-6416bc25-88de-4854-a1af-a3b50ff4aebd"},"submission":"2025-11-30T03:39:55.765Z"}'
    headers:
      Connection:
      - keep-alive
      Content-Type:
      - application/json
      Date:
      - Sun, 30 Nov 2025 03:40:20 GMT
      Server:
      - nginx/1.25.3
      Transfer-Encoding:
      - chunked
      content-length:
      - '772'
    status:
      code: 200
      message: OK
- request:
    body: ''
    headers:
      accept:
      - '*/*'
      accept-encoding:
      - gzip, deflate
      connection:
      - keep-alive
      host:
      - gizmoj12.fhcrc.org:34331
      user-agent:
      - python-httpx/0.28.1
    method: GET
    uri: https://gizmoj12.fhcrc.org:34331/api/workflows/v1/6416bc25-88de-4854-a1af-a3b50ff4aebd/metadata?expandSubWorkflows=true
  response:
    body:
      string: '{"submittedFiles":{"workflow":"version 1.0\n\nworkflow emptyGlobTest
        {\n    call create_empty_directory\n\n    output {\n        Array[File] no_files
        = create_empty_directory.no_files\n    }\n}\n\ntask create_empty_directory
        {\n    command {\n        mkdir empty_dir\n    }\n    output {\n        Array[File]
        no_files = glob(\"empty_dir/*.txt\")\n    }\n}\n","root":"","options":"{\n  \"read_from_cache\":
        false,\n  \"workflow_failure_mode\": \"ContinueWhilePossible\",\n  \"write_to_cache\":
        false\n}","inputs":"{}","workflowUrl":"","labels":"{}"},"calls":{},"outputs":{},"status":"Submitted","id":"6416bc25-88de-4854-a1af-a3b50ff4aebd","inputs":{},"labels":{"cromwell-workflow-id":"cromwell-6416bc25-88de-4854-a1af-a3b50ff4aebd"},"submission":"2025-11-30T03:39:55.765Z"}'
    headers:
      Connection:
      - keep-alive
      Content-Type:
      - application/json
      Date:
      - Sun, 30 Nov 2025 03:40:25 GMT
      Server:
      - nginx/1.25.3
      Transfer-Encoding:
      - chunked
      content-length:
      - '772'
    status:
      code: 200
      message: OK
- request:
    body: ''
    headers:
      accept:
      - '*/*'
      accept-encoding:
      - gzip, deflate
      connection:
      - keep-alive
      host:
      - gizmoj12.fhcrc.org:34331
      user-agent:
      - python-httpx/0.28.1
    method: GET
    uri: https://gizmoj12.fhcrc.org:34331/api/workflows/v1/6416bc25-88de-4854-a1af-a3b50ff4aebd/metadata?expandSubWorkflows=true
  response:
    body:
      string: '{"submittedFiles":{"workflow":"version 1.0\n\nworkflow emptyGlobTest
        {\n    call create_empty_directory\n\n    output {\n        Array[File] no_files
        = create_empty_directory.no_files\n    }\n}\n\ntask create_empty_directory
        {\n    command {\n        mkdir empty_dir\n    }\n    output {\n        Array[File]
        no_files = glob(\"empty_dir/*.txt\")\n    }\n}\n","root":"","options":"{\n  \"read_from_cache\":
        false,\n  \"workflow_failure_mode\": \"ContinueWhilePossible\",\n  \"write_to_cache\":
        false\n}","inputs":"{}","workflowUrl":"","labels":"{}"},"calls":{},"outputs":{},"status":"Submitted","id":"6416bc25-88de-4854-a1af-a3b50ff4aebd","inputs":{},"labels":{"cromwell-workflow-id":"cromwell-6416bc25-88de-4854-a1af-a3b50ff4aebd"},"submission":"2025-11-30T03:39:55.765Z"}'
    headers:
      Connection:
      - keep-alive
      Content-Type:
      - application/json
      Date:
      - Sun, 30 Nov 2025 03:40:31 GMT
      Server:
      - nginx/1.25.3
      Transfer-Encoding:
      - chunked
      content-length:
      - '772'
    status:
      code: 200
      message: OK
- request:
    body: ''
    headers:
      accept:
      - '*/*'
      accept-encoding:
      - gzip, deflate
      connection:
      - keep-alive
      host:
      - gizmoj12.fhcrc.org:34331
      user-agent:
      - python-httpx/0.28.1
    method: GET
    uri: https://gizmoj12.fhcrc.org:34331/api/workflows/v1/6416bc25-88de-4854-a1af-a3b50ff4aebd/metadata?expandSubWorkflows=true
  response:
    body:
      string: '{"submittedFiles":{"workflow":"version 1.0\n\nworkflow emptyGlobTest
        {\n    call create_empty_directory\n\n    output {\n        Array[File] no_files
        = create_empty_directory.no_files\n    }\n}\n\ntask create_empty_directory
        {\n    command {\n        mkdir empty_dir\n    }\n    output {\n        Array[File]
        no_files = glob(\"empty_dir/*.txt\")\n    }\n}\n","root":"","options":"{\n  \"read_from_cache\":
        false,\n  \"workflow_failure_mode\": \"ContinueWhilePossible\",\n  \"write_to_cache\":
        false\n}","inputs":"{}","workflowUrl":"","labels":"{}"},"calls":{},"outputs":{},"status":"Submitted","id":"6416bc25-88de-4854-a1af-a3b50ff4aebd","inputs":{},"labels":{"cromwell-workflow-id":"cromwell-6416bc25-88de-4854-a1af-a3b50ff4aebd"},"submission":"2025-11-30T03:39:55.765Z"}'
    headers:
      Connection:
      - keep-alive
      Content-Type:
      - application/json
      Date:
      - Sun, 30 Nov 2025 03:40:36 GMT
      Server:
      - nginx/1.25.3
      Transfer-Encoding:
      - chunked
      content-length:
      - '772'
    status:
      code: 200
      message: OK
- request:
    body: ''
    headers:
      accept:
      - '*/*'
      accept-encoding:
      - gzip, deflate
      connection:
      - keep-alive
      host:
      - gizmoj12.fhcrc.org:34331
      user-agent:
      - python-httpx/0.28.1
    method: GET
    uri: https://gizmoj12.fhcrc.org:34331/api/workflows/v1/6416bc25-88de-4854-a1af-a3b50ff4aebd/metadata?expandSubWorkflows=true
  response:
    body:
      string: '{"submittedFiles":{"workflow":"version 1.0\n\nworkflow emptyGlobTest
        {\n    call create_empty_directory\n\n    output {\n        Array[File] no_files
        = create_empty_directory.no_files\n    }\n}\n\ntask create_empty_directory
        {\n    command {\n        mkdir empty_dir\n    }\n    output {\n        Array[File]
        no_files = glob(\"empty_dir/*.txt\")\n    }\n}\n","root":"","options":"{\n  \"read_from_cache\":
        false,\n  \"workflow_failure_mode\": \"ContinueWhilePossible\",\n  \"write_to_cache\":
        false\n}","inputs":"{}","workflowUrl":"","labels":"{}"},"calls":{},"outputs":{},"status":"Submitted","id":"6416bc25-88de-4854-a1af-a3b50ff4aebd","inputs":{},"labels":{"cromwell-workflow-id":"cromwell-6416bc25-88de-4854-a1af-a3b50ff4aebd"},"submission":"2025-11-30T03:39:55.765Z"}'
    headers:
      Connection:
      - keep-alive
      Content-Type:
      - application/json
      Date:
      - Sun, 30 Nov 2025 03:40:41 GMT
      Server:
      - nginx/1.25.3
      Transfer-Encoding:
      - chunked
      content-length:
      - '772'
    status:
      code: 200
      message: OK
- request:
    body: ''
    headers:
      accept:
      - '*/*'
      accept-encoding:
      - gzip, deflate
      connection:
      - keep-alive
      host:
      - gizmoj12.fhcrc.org:34331
      user-agent:
      - python-httpx/0.28.1
    method: GET
    uri: https://gizmoj12.fhcrc.org:34331/api/workflows/v1/6416bc25-88de-4854-a1af-a3b50ff4aebd/metadata?expandSubWorkflows=true
  response:
    body:
      string: '{"submittedFiles":{"workflow":"version 1.0\n\nworkflow emptyGlobTest
        {\n    call create_empty_directory\n\n    output {\n        Array[File] no_files
        = create_empty_directory.no_files\n    }\n}\n\ntask create_empty_directory
        {\n    command {\n        mkdir empty_dir\n    }\n    output {\n        Array[File]
        no_files = glob(\"empty_dir/*.txt\")\n    }\n}\n","root":"","options":"{\n  \"read_from_cache\":
        false,\n  \"workflow_failure_mode\": \"ContinueWhilePossible\",\n  \"write_to_cache\":
        false\n}","inputs":"{}","workflowUrl":"","labels":"{}"},"calls":{},"outputs":{},"status":"Submitted","id":"6416bc25-88de-4854-a1af-a3b50ff4aebd","inputs":{},"labels":{"cromwell-workflow-id":"cromwell-6416bc25-88de-4854-a1af-a3b50ff4aebd"},"submission":"2025-11-30T03:39:55.765Z"}'
    headers:
      Connection:
      - keep-alive
      Content-Type:
      - application/json
      Date:
      - Sun, 30 Nov 2025 03:40:46 GMT
      Server:
      - nginx/1.25.3
      Transfer-Encoding:
      - chunked
      content-length:
      - '772'
    status:
      code: 200
      message: OK
- request:
    body: ''
    headers:
      accept:
      - '*/*'
      accept-encoding:
      - gzip, deflate
      connection:
      - keep-alive
      host:
      - gizmoj12.fhcrc.org:34331
      user-agent:
      - python-httpx/0.28.1
    method: GET
    uri: https://gizmoj12.fhcrc.org:34331/api/workflows/v1/6416bc25-88de-4854-a1af-a3b50ff4aebd/metadata?expandSubWorkflows=true
  response:
    body:
      string: '{"submittedFiles":{"workflow":"version 1.0\n\nworkflow emptyGlobTest
        {\n    call create_empty_directory\n\n    output {\n        Array[File] no_files
        = create_empty_directory.no_files\n    }\n}\n\ntask create_empty_directory
        {\n    command {\n        mkdir empty_dir\n    }\n    output {\n        Array[File]
        no_files = glob(\"empty_dir/*.txt\")\n    }\n}\n","root":"","options":"{\n  \"read_from_cache\":
        false,\n  \"workflow_failure_mode\": \"ContinueWhilePossible\",\n  \"write_to_cache\":
        false\n}","inputs":"{}","workflowUrl":"","labels":"{}"},"calls":{},"outputs":{},"status":"Submitted","id":"6416bc25-88de-4854-a1af-a3b50ff4aebd","inputs":{},"labels":{"cromwell-workflow-id":"cromwell-6416bc25-88de-4854-a1af-a3b50ff4aebd"},"submission":"2025-11-30T03:39:55.765Z"}'
    headers:
      Connection:
      - keep-alive
      Content-Type:
      - application/json
      Date:
      - Sun, 30 Nov 2025 03:40:51 GMT
      Server:
      - nginx/1.25.3
      Transfer-Encoding:
      - chunked
      content-length:
      - '772'
    status:
      code: 200
      message: OK
- request:
    body: ''
    headers:
      accept:
      - '*/*'
      accept-encoding:
      - gzip, deflate
      connection:
      - keep-alive
      host:
      - gizmoj12.fhcrc.org:34331
      user-agent:
      - python-httpx/0.28.1
    method: GET
    uri: https://gizmoj12.fhcrc.org:34331/api/workflows/v1/6416bc25-88de-4854-a1af-a3b50ff4aebd/metadata?expandSubWorkflows=true
  response:
    body:
      string: '{"submittedFiles":{"workflow":"version 1.0\n\nworkflow emptyGlobTest
        {\n    call create_empty_directory\n\n    output {\n        Array[File] no_files
        = create_empty_directory.no_files\n    }\n}\n\ntask create_empty_directory
        {\n    command {\n        mkdir empty_dir\n    }\n    output {\n        Array[File]
        no_files = glob(\"empty_dir/*.txt\")\n    }\n}\n","root":"","options":"{\n  \"read_from_cache\":
        false,\n  \"workflow_failure_mode\": \"ContinueWhilePossible\",\n  \"write_to_cache\":
        false\n}","inputs":"{}","workflowUrl":"","labels":"{}"},"calls":{},"outputs":{},"status":"Submitted","id":"6416bc25-88de-4854-a1af-a3b50ff4aebd","inputs":{},"labels":{"cromwell-workflow-id":"cromwell-6416bc25-88de-4854-a1af-a3b50ff4aebd"},"submission":"2025-11-30T03:39:55.765Z"}'
    headers:
      Connection:
      - keep-alive
      Content-Type:
      - application/json
      Date:
      - Sun, 30 Nov 2025 03:40:56 GMT
      Server:
      - nginx/1.25.3
      Transfer-Encoding:
      - chunked
      content-length:
      - '772'
    status:
      code: 200
      message: OK
- request:
    body: ''
    headers:
      accept:
      - '*/*'
      accept-encoding:
      - gzip, deflate
      connection:
      - keep-alive
      host:
      - gizmoj12.fhcrc.org:34331
      user-agent:
      - python-httpx/0.28.1
    method: GET
    uri: https://gizmoj12.fhcrc.org:34331/api/workflows/v1/6416bc25-88de-4854-a1af-a3b50ff4aebd/metadata?expandSubWorkflows=true
  response:
    body:
      string: '{"submittedFiles":{"workflow":"version 1.0\n\nworkflow emptyGlobTest
        {\n    call create_empty_directory\n\n    output {\n        Array[File] no_files
        = create_empty_directory.no_files\n    }\n}\n\ntask create_empty_directory
        {\n    command {\n        mkdir empty_dir\n    }\n    output {\n        Array[File]
        no_files = glob(\"empty_dir/*.txt\")\n    }\n}\n","root":"","options":"{\n  \"read_from_cache\":
        false,\n  \"workflow_failure_mode\": \"ContinueWhilePossible\",\n  \"write_to_cache\":
        false\n}","inputs":"{}","workflowUrl":"","labels":"{}"},"calls":{},"outputs":{},"status":"Submitted","id":"6416bc25-88de-4854-a1af-a3b50ff4aebd","inputs":{},"labels":{"cromwell-workflow-id":"cromwell-6416bc25-88de-4854-a1af-a3b50ff4aebd"},"submission":"2025-11-30T03:39:55.765Z"}'
    headers:
      Connection:
      - keep-alive
      Content-Type:
      - application/json
      Date:
      - Sun, 30 Nov 2025 03:41:01 GMT
      Server:
      - nginx/1.25.3
      Transfer-Encoding:
      - chunked
      content-length:
      - '772'
    status:
      code: 200
      message: OK
- request:
    body: ''
    headers:
      accept:
      - '*/*'
      accept-encoding:
      - gzip, deflate
      connection:
      - keep-alive
      host:
      - gizmoj12.fhcrc.org:34331
      user-agent:
      - python-httpx/0.28.1
    method: GET
    uri: https://gizmoj12.fhcrc.org:34331/api/workflows/v1/6416bc25-88de-4854-a1af-a3b50ff4aebd/metadata?expandSubWorkflows=true
  response:
    body:
      string: '{"submittedFiles":{"workflow":"version 1.0\n\nworkflow emptyGlobTest
        {\n    call create_empty_directory\n\n    output {\n        Array[File] no_files
        = create_empty_directory.no_files\n    }\n}\n\ntask create_empty_directory
        {\n    command {\n        mkdir empty_dir\n    }\n    output {\n        Array[File]
        no_files = glob(\"empty_dir/*.txt\")\n    }\n}\n","root":"","options":"{\n  \"read_from_cache\":
        false,\n  \"workflow_failure_mode\": \"ContinueWhilePossible\",\n  \"write_to_cache\":
        false\n}","inputs":"{}","workflowUrl":"","labels":"{}"},"calls":{},"outputs":{},"status":"Submitted","id":"6416bc25-88de-4854-a1af-a3b50ff4aebd","inputs":{},"labels":{"cromwell-workflow-id":"cromwell-6416bc25-88de-4854-a1af-a3b50ff4aebd"},"submission":"2025-11-30T03:39:55.765Z"}'
    headers:
      Connection:
      - keep-alive
      Content-Type:
      - application/json
      Date:
      - Sun, 30 Nov 2025 03:41:06 GMT
      Server:
      - nginx/1.25.3
      Transfer-Encoding:
      - chunked
      content-length:
      - '772'
    status:
      code: 200
      message: OK
- request:
    body: ''
    headers:
      accept:
      - '*/*'
      accept-encoding:
      - gzip, deflate
      connection:
      - keep-alive
      host:
      - gizmoj12.fhcrc.org:34331
      user-agent:
      - python-httpx/0.28.1
    method: GET
    uri: https://gizmoj12.fhcrc.org:34331/api/workflows/v1/6416bc25-88de-4854-a1af-a3b50ff4aebd/metadata?expandSubWorkflows=true
  response:
    body:
      string: '{"submittedFiles":{"workflow":"version 1.0\n\nworkflow emptyGlobTest
        {\n    call create_empty_directory\n\n    output {\n        Array[File] no_files
        = create_empty_directory.no_files\n    }\n}\n\ntask create_empty_directory
        {\n    command {\n        mkdir empty_dir\n    }\n    output {\n        Array[File]
        no_files = glob(\"empty_dir/*.txt\")\n    }\n}\n","root":"","options":"{\n  \"read_from_cache\":
        false,\n  \"workflow_failure_mode\": \"ContinueWhilePossible\",\n  \"write_to_cache\":
        false\n}","inputs":"{}","workflowUrl":"","labels":"{}"},"calls":{},"outputs":{},"status":"Submitted","id":"6416bc25-88de-4854-a1af-a3b50ff4aebd","inputs":{},"labels":{"cromwell-workflow-id":"cromwell-6416bc25-88de-4854-a1af-a3b50ff4aebd"},"submission":"2025-11-30T03:39:55.765Z"}'
    headers:
      Connection:
      - keep-alive
      Content-Type:
      - application/json
      Date:
      - Sun, 30 Nov 2025 03:41:11 GMT
      Server:
      - nginx/1.25.3
      Transfer-Encoding:
      - chunked
      content-length:
      - '772'
    status:
      code: 200
      message: OK
- request:
    body: ''
    headers:
      accept:
      - '*/*'
      accept-encoding:
      - gzip, deflate
      connection:
      - keep-alive
      host:
      - gizmoj12.fhcrc.org:34331
      user-agent:
      - python-httpx/0.28.1
    method: GET
    uri: https://gizmoj12.fhcrc.org:34331/api/workflows/v1/6416bc25-88de-4854-a1af-a3b50ff4aebd/metadata?expandSubWorkflows=true
  response:
    body:
      string: '{"submittedFiles":{"workflow":"version 1.0\n\nworkflow emptyGlobTest
        {\n    call create_empty_directory\n\n    output {\n        Array[File] no_files
        = create_empty_directory.no_files\n    }\n}\n\ntask create_empty_directory
        {\n    command {\n        mkdir empty_dir\n    }\n    output {\n        Array[File]
        no_files = glob(\"empty_dir/*.txt\")\n    }\n}\n","root":"","options":"{\n  \"read_from_cache\":
        false,\n  \"workflow_failure_mode\": \"ContinueWhilePossible\",\n  \"write_to_cache\":
        false\n}","inputs":"{}","workflowUrl":"","labels":"{}"},"calls":{},"outputs":{},"status":"Submitted","id":"6416bc25-88de-4854-a1af-a3b50ff4aebd","inputs":{},"labels":{"cromwell-workflow-id":"cromwell-6416bc25-88de-4854-a1af-a3b50ff4aebd"},"submission":"2025-11-30T03:39:55.765Z"}'
    headers:
      Connection:
      - keep-alive
      Content-Type:
      - application/json
      Date:
      - Sun, 30 Nov 2025 03:41:16 GMT
      Server:
      - nginx/1.25.3
      Transfer-Encoding:
      - chunked
      content-length:
      - '772'
    status:
      code: 200
      message: OK
- request:
    body: ''
    headers:
      accept:
      - '*/*'
      accept-encoding:
      - gzip, deflate
      connection:
      - keep-alive
      host:
      - gizmoj12.fhcrc.org:34331
      user-agent:
      - python-httpx/0.28.1
    method: GET
    uri: https://gizmoj12.fhcrc.org:34331/api/workflows/v1/6416bc25-88de-4854-a1af-a3b50ff4aebd/metadata?expandSubWorkflows=true
  response:
    body:
      string: '{"submittedFiles":{"workflow":"version 1.0\n\nworkflow emptyGlobTest
        {\n    call create_empty_directory\n\n    output {\n        Array[File] no_files
        = create_empty_directory.no_files\n    }\n}\n\ntask create_empty_directory
        {\n    command {\n        mkdir empty_dir\n    }\n    output {\n        Array[File]
        no_files = glob(\"empty_dir/*.txt\")\n    }\n}\n","root":"","options":"{\n  \"read_from_cache\":
        false,\n  \"workflow_failure_mode\": \"ContinueWhilePossible\",\n  \"write_to_cache\":
        false\n}","inputs":"{}","workflowUrl":"","labels":"{}"},"calls":{},"outputs":{},"status":"Submitted","id":"6416bc25-88de-4854-a1af-a3b50ff4aebd","inputs":{},"labels":{"cromwell-workflow-id":"cromwell-6416bc25-88de-4854-a1af-a3b50ff4aebd"},"submission":"2025-11-30T03:39:55.765Z"}'
    headers:
      Connection:
      - keep-alive
      Content-Type:
      - application/json
      Date:
      - Sun, 30 Nov 2025 03:41:21 GMT
      Server:
      - nginx/1.25.3
      Transfer-Encoding:
      - chunked
      content-length:
      - '772'
    status:
      code: 200
      message: OK
- request:
    body: ''
    headers:
      accept:
      - '*/*'
      accept-encoding:
      - gzip, deflate
      connection:
      - keep-alive
      host:
      - gizmoj12.fhcrc.org:34331
      user-agent:
      - python-httpx/0.28.1
    method: GET
    uri: https://gizmoj12.fhcrc.org:34331/api/workflows/v1/6416bc25-88de-4854-a1af-a3b50ff4aebd/metadata?expandSubWorkflows=true
  response:
    body:
      string: '{"submittedFiles":{"workflow":"version 1.0\n\nworkflow emptyGlobTest
        {\n    call create_empty_directory\n\n    output {\n        Array[File] no_files
        = create_empty_directory.no_files\n    }\n}\n\ntask create_empty_directory
        {\n    command {\n        mkdir empty_dir\n    }\n    output {\n        Array[File]
        no_files = glob(\"empty_dir/*.txt\")\n    }\n}\n","root":"","options":"{\n  \"read_from_cache\":
        false,\n  \"workflow_failure_mode\": \"ContinueWhilePossible\",\n  \"write_to_cache\":
        false\n}","inputs":"{}","workflowUrl":"","labels":"{}"},"calls":{},"outputs":{},"status":"Submitted","id":"6416bc25-88de-4854-a1af-a3b50ff4aebd","inputs":{},"labels":{"cromwell-workflow-id":"cromwell-6416bc25-88de-4854-a1af-a3b50ff4aebd"},"submission":"2025-11-30T03:39:55.765Z"}'
    headers:
      Connection:
      - keep-alive
      Content-Type:
      - application/json
      Date:
      - Sun, 30 Nov 2025 03:41:26 GMT
      Server:
      - nginx/1.25.3
      Transfer-Encoding:
      - chunked
      content-length:
      - '772'
    status:
      code: 200
      message: OK
- request:
    body: ''
    headers:
      accept:
      - '*/*'
      accept-encoding:
      - gzip, deflate
      connection:
      - keep-alive
      host:
      - gizmoj12.fhcrc.org:34331
      user-agent:
      - python-httpx/0.28.1
    method: GET
    uri: https://gizmoj12.fhcrc.org:34331/api/workflows/v1/6416bc25-88de-4854-a1af-a3b50ff4aebd/metadata?expandSubWorkflows=true
  response:
    body:
      string: '{"submittedFiles":{"workflow":"version 1.0\n\nworkflow emptyGlobTest
        {\n    call create_empty_directory\n\n    output {\n        Array[File] no_files
        = create_empty_directory.no_files\n    }\n}\n\ntask create_empty_directory
        {\n    command {\n        mkdir empty_dir\n    }\n    output {\n        Array[File]
        no_files = glob(\"empty_dir/*.txt\")\n    }\n}\n","root":"","options":"{\n  \"read_from_cache\":
        false,\n  \"workflow_failure_mode\": \"ContinueWhilePossible\",\n  \"write_to_cache\":
        false\n}","inputs":"{}","workflowUrl":"","labels":"{}"},"calls":{},"outputs":{},"status":"Submitted","id":"6416bc25-88de-4854-a1af-a3b50ff4aebd","inputs":{},"labels":{"cromwell-workflow-id":"cromwell-6416bc25-88de-4854-a1af-a3b50ff4aebd"},"submission":"2025-11-30T03:39:55.765Z"}'
    headers:
      Connection:
      - keep-alive
      Content-Type:
      - application/json
      Date:
      - Sun, 30 Nov 2025 03:41:31 GMT
      Server:
      - nginx/1.25.3
      Transfer-Encoding:
      - chunked
      content-length:
      - '772'
    status:
      code: 200
      message: OK
- request:
    body: ''
    headers:
      accept:
      - '*/*'
      accept-encoding:
      - gzip, deflate
      connection:
      - keep-alive
      host:
      - gizmoj12.fhcrc.org:34331
      user-agent:
      - python-httpx/0.28.1
    method: GET
    uri: https://gizmoj12.fhcrc.org:34331/api/workflows/v1/6416bc25-88de-4854-a1af-a3b50ff4aebd/metadata?expandSubWorkflows=true
  response:
    body:
      string: '{"submittedFiles":{"workflow":"version 1.0\n\nworkflow emptyGlobTest
        {\n    call create_empty_directory\n\n    output {\n        Array[File] no_files
        = create_empty_directory.no_files\n    }\n}\n\ntask create_empty_directory
        {\n    command {\n        mkdir empty_dir\n    }\n    output {\n        Array[File]
        no_files = glob(\"empty_dir/*.txt\")\n    }\n}\n","root":"","options":"{\n  \"read_from_cache\":
        false,\n  \"workflow_failure_mode\": \"ContinueWhilePossible\",\n  \"write_to_cache\":
        false\n}","inputs":"{}","workflowUrl":"","labels":"{}"},"calls":{},"outputs":{},"status":"Submitted","id":"6416bc25-88de-4854-a1af-a3b50ff4aebd","inputs":{},"labels":{"cromwell-workflow-id":"cromwell-6416bc25-88de-4854-a1af-a3b50ff4aebd"},"submission":"2025-11-30T03:39:55.765Z"}'
    headers:
      Connection:
      - keep-alive
      Content-Type:
      - application/json
      Date:
      - Sun, 30 Nov 2025 03:41:36 GMT
      Server:
      - nginx/1.25.3
      Transfer-Encoding:
      - chunked
      content-length:
      - '772'
    status:
      code: 200
      message: OK
- request:
    body: ''
    headers:
      accept:
      - '*/*'
      accept-encoding:
      - gzip, deflate
      connection:
      - keep-alive
      host:
      - gizmoj12.fhcrc.org:34331
      user-agent:
      - python-httpx/0.28.1
    method: GET
    uri: https://gizmoj12.fhcrc.org:34331/api/workflows/v1/6416bc25-88de-4854-a1af-a3b50ff4aebd/metadata?expandSubWorkflows=true
  response:
    body:
      string: '{"submittedFiles":{"workflow":"version 1.0\n\nworkflow emptyGlobTest
        {\n    call create_empty_directory\n\n    output {\n        Array[File] no_files
        = create_empty_directory.no_files\n    }\n}\n\ntask create_empty_directory
        {\n    command {\n        mkdir empty_dir\n    }\n    output {\n        Array[File]
        no_files = glob(\"empty_dir/*.txt\")\n    }\n}\n","root":"","options":"{\n  \"read_from_cache\":
        false,\n  \"workflow_failure_mode\": \"ContinueWhilePossible\",\n  \"write_to_cache\":
        false\n}","inputs":"{}","workflowUrl":"","labels":"{}"},"calls":{},"outputs":{},"status":"Submitted","id":"6416bc25-88de-4854-a1af-a3b50ff4aebd","inputs":{},"labels":{"cromwell-workflow-id":"cromwell-6416bc25-88de-4854-a1af-a3b50ff4aebd"},"submission":"2025-11-30T03:39:55.765Z"}'
    headers:
      Connection:
      - keep-alive
      Content-Type:
      - application/json
      Date:
      - Sun, 30 Nov 2025 03:41:41 GMT
      Server:
      - nginx/1.25.3
      Transfer-Encoding:
      - chunked
      content-length:
      - '772'
    status:
      code: 200
      message: OK
- request:
    body: ''
    headers:
      accept:
      - '*/*'
      accept-encoding:
      - gzip, deflate
      connection:
      - keep-alive
      host:
      - gizmoj12.fhcrc.org:34331
      user-agent:
      - python-httpx/0.28.1
    method: GET
    uri: https://gizmoj12.fhcrc.org:34331/api/workflows/v1/6416bc25-88de-4854-a1af-a3b50ff4aebd/metadata?expandSubWorkflows=true
  response:
    body:
      string: '{"submittedFiles":{"workflow":"version 1.0\n\nworkflow emptyGlobTest
        {\n    call create_empty_directory\n\n    output {\n        Array[File] no_files
        = create_empty_directory.no_files\n    }\n}\n\ntask create_empty_directory
        {\n    command {\n        mkdir empty_dir\n    }\n    output {\n        Array[File]
        no_files = glob(\"empty_dir/*.txt\")\n    }\n}\n","root":"","options":"{\n  \"read_from_cache\":
        false,\n  \"workflow_failure_mode\": \"ContinueWhilePossible\",\n  \"write_to_cache\":
        false\n}","inputs":"{}","workflowUrl":"","labels":"{}"},"calls":{},"outputs":{},"status":"Submitted","id":"6416bc25-88de-4854-a1af-a3b50ff4aebd","inputs":{},"labels":{"cromwell-workflow-id":"cromwell-6416bc25-88de-4854-a1af-a3b50ff4aebd"},"submission":"2025-11-30T03:39:55.765Z"}'
    headers:
      Connection:
      - keep-alive
      Content-Type:
      - application/json
      Date:
      - Sun, 30 Nov 2025 03:41:46 GMT
      Server:
      - nginx/1.25.3
      Transfer-Encoding:
      - chunked
      content-length:
      - '772'
    status:
      code: 200
      message: OK
- request:
    body: ''
    headers:
      accept:
      - '*/*'
      accept-encoding:
      - gzip, deflate
      connection:
      - keep-alive
      host:
      - gizmoj12.fhcrc.org:34331
      user-agent:
      - python-httpx/0.28.1
    method: GET
    uri: https://gizmoj12.fhcrc.org:34331/api/workflows/v1/6416bc25-88de-4854-a1af-a3b50ff4aebd/metadata?expandSubWorkflows=true
  response:
    body:
      string: '{"submittedFiles":{"workflow":"version 1.0\n\nworkflow emptyGlobTest
        {\n    call create_empty_directory\n\n    output {\n        Array[File] no_files
        = create_empty_directory.no_files\n    }\n}\n\ntask create_empty_directory
        {\n    command {\n        mkdir empty_dir\n    }\n    output {\n        Array[File]
        no_files = glob(\"empty_dir/*.txt\")\n    }\n}\n","root":"","options":"{\n  \"read_from_cache\":
        false,\n  \"workflow_failure_mode\": \"ContinueWhilePossible\",\n  \"write_to_cache\":
        false\n}","inputs":"{}","workflowUrl":"","labels":"{}"},"calls":{},"outputs":{},"status":"Submitted","id":"6416bc25-88de-4854-a1af-a3b50ff4aebd","inputs":{},"labels":{"cromwell-workflow-id":"cromwell-6416bc25-88de-4854-a1af-a3b50ff4aebd"},"submission":"2025-11-30T03:39:55.765Z"}'
    headers:
      Connection:
      - keep-alive
      Content-Type:
      - application/json
      Date:
      - Sun, 30 Nov 2025 03:41:51 GMT
      Server:
      - nginx/1.25.3
      Transfer-Encoding:
      - chunked
      content-length:
      - '772'
    status:
      code: 200
      message: OK
- request:
    body: ''
    headers:
      accept:
      - '*/*'
      accept-encoding:
      - gzip, deflate
      connection:
      - keep-alive
      host:
      - gizmoj12.fhcrc.org:34331
      user-agent:
      - python-httpx/0.28.1
    method: GET
    uri: https://gizmoj12.fhcrc.org:34331/api/workflows/v1/6416bc25-88de-4854-a1af-a3b50ff4aebd/metadata?expandSubWorkflows=true
  response:
    body:
      string: '{"submittedFiles":{"workflow":"version 1.0\n\nworkflow emptyGlobTest
        {\n    call create_empty_directory\n\n    output {\n        Array[File] no_files
        = create_empty_directory.no_files\n    }\n}\n\ntask create_empty_directory
        {\n    command {\n        mkdir empty_dir\n    }\n    output {\n        Array[File]
        no_files = glob(\"empty_dir/*.txt\")\n    }\n}\n","root":"","options":"{\n  \"read_from_cache\":
        false,\n  \"workflow_failure_mode\": \"ContinueWhilePossible\",\n  \"write_to_cache\":
        false\n}","inputs":"{}","workflowUrl":"","labels":"{}"},"calls":{},"outputs":{},"status":"Submitted","id":"6416bc25-88de-4854-a1af-a3b50ff4aebd","inputs":{},"labels":{"cromwell-workflow-id":"cromwell-6416bc25-88de-4854-a1af-a3b50ff4aebd"},"submission":"2025-11-30T03:39:55.765Z"}'
    headers:
      Connection:
      - keep-alive
      Content-Type:
      - application/json
      Date:
      - Sun, 30 Nov 2025 03:41:56 GMT
      Server:
      - nginx/1.25.3
      Transfer-Encoding:
      - chunked
      content-length:
      - '772'
    status:
      code: 200
      message: OK
- request:
    body: ''
    headers:
      accept:
      - '*/*'
      accept-encoding:
      - gzip, deflate
      connection:
      - keep-alive
      host:
      - gizmoj12.fhcrc.org:34331
      user-agent:
      - python-httpx/0.28.1
    method: GET
    uri: https://gizmoj12.fhcrc.org:34331/api/workflows/v1/6416bc25-88de-4854-a1af-a3b50ff4aebd/metadata?expandSubWorkflows=true
  response:
    body:
      string: '{"submittedFiles":{"workflow":"version 1.0\n\nworkflow emptyGlobTest
        {\n    call create_empty_directory\n\n    output {\n        Array[File] no_files
        = create_empty_directory.no_files\n    }\n}\n\ntask create_empty_directory
        {\n    command {\n        mkdir empty_dir\n    }\n    output {\n        Array[File]
        no_files = glob(\"empty_dir/*.txt\")\n    }\n}\n","root":"","options":"{\n  \"read_from_cache\":
        false,\n  \"workflow_failure_mode\": \"ContinueWhilePossible\",\n  \"write_to_cache\":
        false\n}","inputs":"{}","workflowUrl":"","labels":"{}"},"calls":{},"outputs":{},"status":"Submitted","id":"6416bc25-88de-4854-a1af-a3b50ff4aebd","inputs":{},"labels":{"cromwell-workflow-id":"cromwell-6416bc25-88de-4854-a1af-a3b50ff4aebd"},"submission":"2025-11-30T03:39:55.765Z"}'
    headers:
      Connection:
      - keep-alive
      Content-Type:
      - application/json
      Date:
      - Sun, 30 Nov 2025 03:42:01 GMT
      Server:
      - nginx/1.25.3
      Transfer-Encoding:
      - chunked
      content-length:
      - '772'
    status:
      code: 200
      message: OK
- request:
    body: ''
    headers:
      accept:
      - '*/*'
      accept-encoding:
      - gzip, deflate
      connection:
      - keep-alive
      host:
      - gizmoj12.fhcrc.org:34331
      user-agent:
      - python-httpx/0.28.1
    method: GET
    uri: https://gizmoj12.fhcrc.org:34331/api/workflows/v1/6416bc25-88de-4854-a1af-a3b50ff4aebd/metadata?expandSubWorkflows=true
  response:
    body:
      string: '{"submittedFiles":{"workflow":"version 1.0\n\nworkflow emptyGlobTest
        {\n    call create_empty_directory\n\n    output {\n        Array[File] no_files
        = create_empty_directory.no_files\n    }\n}\n\ntask create_empty_directory
        {\n    command {\n        mkdir empty_dir\n    }\n    output {\n        Array[File]
        no_files = glob(\"empty_dir/*.txt\")\n    }\n}\n","root":"","options":"{\n  \"read_from_cache\":
        false,\n  \"workflow_failure_mode\": \"ContinueWhilePossible\",\n  \"write_to_cache\":
        false\n}","inputs":"{}","workflowUrl":"","labels":"{}"},"calls":{},"outputs":{},"status":"Submitted","id":"6416bc25-88de-4854-a1af-a3b50ff4aebd","inputs":{},"labels":{"cromwell-workflow-id":"cromwell-6416bc25-88de-4854-a1af-a3b50ff4aebd"},"submission":"2025-11-30T03:39:55.765Z"}'
    headers:
      Connection:
      - keep-alive
      Content-Type:
      - application/json
      Date:
      - Sun, 30 Nov 2025 03:42:06 GMT
      Server:
      - nginx/1.25.3
      Transfer-Encoding:
      - chunked
      content-length:
      - '772'
    status:
      code: 200
      message: OK
- request:
    body: ''
    headers:
      accept:
      - '*/*'
      accept-encoding:
      - gzip, deflate
      connection:
      - keep-alive
      host:
      - gizmoj12.fhcrc.org:34331
      user-agent:
      - python-httpx/0.28.1
    method: GET
    uri: https://gizmoj12.fhcrc.org:34331/api/workflows/v1/6416bc25-88de-4854-a1af-a3b50ff4aebd/metadata?expandSubWorkflows=true
  response:
    body:
      string: '{"submittedFiles":{"workflow":"version 1.0\n\nworkflow emptyGlobTest
        {\n    call create_empty_directory\n\n    output {\n        Array[File] no_files
        = create_empty_directory.no_files\n    }\n}\n\ntask create_empty_directory
        {\n    command {\n        mkdir empty_dir\n    }\n    output {\n        Array[File]
        no_files = glob(\"empty_dir/*.txt\")\n    }\n}\n","root":"","options":"{\n  \"read_from_cache\":
        false,\n  \"workflow_failure_mode\": \"ContinueWhilePossible\",\n  \"write_to_cache\":
        false\n}","inputs":"{}","workflowUrl":"","labels":"{}"},"calls":{},"outputs":{},"status":"Submitted","id":"6416bc25-88de-4854-a1af-a3b50ff4aebd","inputs":{},"labels":{"cromwell-workflow-id":"cromwell-6416bc25-88de-4854-a1af-a3b50ff4aebd"},"submission":"2025-11-30T03:39:55.765Z"}'
    headers:
      Connection:
      - keep-alive
      Content-Type:
      - application/json
      Date:
      - Sun, 30 Nov 2025 03:42:11 GMT
      Server:
      - nginx/1.25.3
      Transfer-Encoding:
      - chunked
      content-length:
      - '772'
    status:
      code: 200
      message: OK
- request:
    body: ''
    headers:
      accept:
      - '*/*'
      accept-encoding:
      - gzip, deflate
      connection:
      - keep-alive
      host:
      - gizmoj12.fhcrc.org:34331
      user-agent:
      - python-httpx/0.28.1
    method: GET
    uri: https://gizmoj12.fhcrc.org:34331/api/workflows/v1/6416bc25-88de-4854-a1af-a3b50ff4aebd/metadata?expandSubWorkflows=true
  response:
    body:
      string: '{"submittedFiles":{"workflow":"version 1.0\n\nworkflow emptyGlobTest
        {\n    call create_empty_directory\n\n    output {\n        Array[File] no_files
        = create_empty_directory.no_files\n    }\n}\n\ntask create_empty_directory
        {\n    command {\n        mkdir empty_dir\n    }\n    output {\n        Array[File]
        no_files = glob(\"empty_dir/*.txt\")\n    }\n}\n","root":"","options":"{\n  \"read_from_cache\":
        false,\n  \"workflow_failure_mode\": \"ContinueWhilePossible\",\n  \"write_to_cache\":
        false\n}","inputs":"{}","workflowUrl":"","labels":"{}"},"calls":{},"outputs":{},"status":"Submitted","id":"6416bc25-88de-4854-a1af-a3b50ff4aebd","inputs":{},"labels":{"cromwell-workflow-id":"cromwell-6416bc25-88de-4854-a1af-a3b50ff4aebd"},"submission":"2025-11-30T03:39:55.765Z"}'
    headers:
      Connection:
      - keep-alive
      Content-Type:
      - application/json
      Date:
      - Sun, 30 Nov 2025 03:42:16 GMT
      Server:
      - nginx/1.25.3
      Transfer-Encoding:
      - chunked
      content-length:
      - '772'
    status:
      code: 200
      message: OK
- request:
    body: ''
    headers:
      accept:
      - '*/*'
      accept-encoding:
      - gzip, deflate
      connection:
      - keep-alive
      host:
      - gizmoj12.fhcrc.org:34331
      user-agent:
      - python-httpx/0.28.1
    method: GET
    uri: https://gizmoj12.fhcrc.org:34331/api/workflows/v1/6416bc25-88de-4854-a1af-a3b50ff4aebd/metadata?expandSubWorkflows=true
  response:
    body:
      string: '{"submittedFiles":{"workflow":"version 1.0\n\nworkflow emptyGlobTest
        {\n    call create_empty_directory\n\n    output {\n        Array[File] no_files
        = create_empty_directory.no_files\n    }\n}\n\ntask create_empty_directory
        {\n    command {\n        mkdir empty_dir\n    }\n    output {\n        Array[File]
        no_files = glob(\"empty_dir/*.txt\")\n    }\n}\n","root":"","options":"{\n  \"read_from_cache\":
        false,\n  \"workflow_failure_mode\": \"ContinueWhilePossible\",\n  \"write_to_cache\":
        false\n}","inputs":"{}","workflowUrl":"","labels":"{}"},"calls":{},"outputs":{},"status":"Submitted","id":"6416bc25-88de-4854-a1af-a3b50ff4aebd","inputs":{},"labels":{"cromwell-workflow-id":"cromwell-6416bc25-88de-4854-a1af-a3b50ff4aebd"},"submission":"2025-11-30T03:39:55.765Z"}'
    headers:
      Connection:
      - keep-alive
      Content-Type:
      - application/json
      Date:
      - Sun, 30 Nov 2025 03:42:21 GMT
      Server:
      - nginx/1.25.3
      Transfer-Encoding:
      - chunked
      content-length:
      - '772'
    status:
      code: 200
      message: OK
- request:
    body: ''
    headers:
      accept:
      - '*/*'
      accept-encoding:
      - gzip, deflate
      connection:
      - keep-alive
      host:
      - gizmoj12.fhcrc.org:34331
      user-agent:
      - python-httpx/0.28.1
    method: GET
    uri: https://gizmoj12.fhcrc.org:34331/api/workflows/v1/6416bc25-88de-4854-a1af-a3b50ff4aebd/metadata?expandSubWorkflows=true
  response:
    body:
      string: '{"submittedFiles":{"workflow":"version 1.0\n\nworkflow emptyGlobTest
        {\n    call create_empty_directory\n\n    output {\n        Array[File] no_files
        = create_empty_directory.no_files\n    }\n}\n\ntask create_empty_directory
        {\n    command {\n        mkdir empty_dir\n    }\n    output {\n        Array[File]
        no_files = glob(\"empty_dir/*.txt\")\n    }\n}\n","root":"","options":"{\n  \"read_from_cache\":
        false,\n  \"workflow_failure_mode\": \"ContinueWhilePossible\",\n  \"write_to_cache\":
        false\n}","inputs":"{}","workflowUrl":"","labels":"{}"},"calls":{},"outputs":{},"status":"Submitted","id":"6416bc25-88de-4854-a1af-a3b50ff4aebd","inputs":{},"labels":{"cromwell-workflow-id":"cromwell-6416bc25-88de-4854-a1af-a3b50ff4aebd"},"submission":"2025-11-30T03:39:55.765Z"}'
    headers:
      Connection:
      - keep-alive
      Content-Type:
      - application/json
      Date:
      - Sun, 30 Nov 2025 03:42:26 GMT
      Server:
      - nginx/1.25.3
      Transfer-Encoding:
      - chunked
      content-length:
      - '772'
    status:
      code: 200
      message: OK
- request:
    body: ''
    headers:
      accept:
      - '*/*'
      accept-encoding:
      - gzip, deflate
      connection:
      - keep-alive
      host:
      - gizmoj12.fhcrc.org:34331
      user-agent:
      - python-httpx/0.28.1
    method: GET
    uri: https://gizmoj12.fhcrc.org:34331/api/workflows/v1/6416bc25-88de-4854-a1af-a3b50ff4aebd/metadata?expandSubWorkflows=true
  response:
    body:
      string: '{"submittedFiles":{"workflow":"version 1.0\n\nworkflow emptyGlobTest
        {\n    call create_empty_directory\n\n    output {\n        Array[File] no_files
        = create_empty_directory.no_files\n    }\n}\n\ntask create_empty_directory
        {\n    command {\n        mkdir empty_dir\n    }\n    output {\n        Array[File]
        no_files = glob(\"empty_dir/*.txt\")\n    }\n}\n","root":"","options":"{\n  \"read_from_cache\":
        false,\n  \"workflow_failure_mode\": \"ContinueWhilePossible\",\n  \"write_to_cache\":
        false\n}","inputs":"{}","workflowUrl":"","labels":"{}"},"calls":{},"outputs":{},"status":"Submitted","id":"6416bc25-88de-4854-a1af-a3b50ff4aebd","inputs":{},"labels":{"cromwell-workflow-id":"cromwell-6416bc25-88de-4854-a1af-a3b50ff4aebd"},"submission":"2025-11-30T03:39:55.765Z"}'
    headers:
      Connection:
      - keep-alive
      Content-Type:
      - application/json
      Date:
      - Sun, 30 Nov 2025 03:42:31 GMT
      Server:
      - nginx/1.25.3
      Transfer-Encoding:
      - chunked
      content-length:
      - '772'
    status:
      code: 200
      message: OK
- request:
    body: ''
    headers:
      accept:
      - '*/*'
      accept-encoding:
      - gzip, deflate
      connection:
      - keep-alive
      host:
      - gizmoj12.fhcrc.org:34331
      user-agent:
      - python-httpx/0.28.1
    method: GET
    uri: https://gizmoj12.fhcrc.org:34331/api/workflows/v1/6416bc25-88de-4854-a1af-a3b50ff4aebd/metadata?expandSubWorkflows=true
  response:
    body:
      string: '{"submittedFiles":{"workflow":"version 1.0\n\nworkflow emptyGlobTest
        {\n    call create_empty_directory\n\n    output {\n        Array[File] no_files
        = create_empty_directory.no_files\n    }\n}\n\ntask create_empty_directory
        {\n    command {\n        mkdir empty_dir\n    }\n    output {\n        Array[File]
        no_files = glob(\"empty_dir/*.txt\")\n    }\n}\n","root":"","options":"{\n  \"read_from_cache\":
        false,\n  \"workflow_failure_mode\": \"ContinueWhilePossible\",\n  \"write_to_cache\":
        false\n}","inputs":"{}","workflowUrl":"","labels":"{}"},"calls":{},"outputs":{},"status":"Submitted","id":"6416bc25-88de-4854-a1af-a3b50ff4aebd","inputs":{},"labels":{"cromwell-workflow-id":"cromwell-6416bc25-88de-4854-a1af-a3b50ff4aebd"},"submission":"2025-11-30T03:39:55.765Z"}'
    headers:
      Connection:
      - keep-alive
      Content-Type:
      - application/json
      Date:
      - Sun, 30 Nov 2025 03:42:36 GMT
      Server:
      - nginx/1.25.3
      Transfer-Encoding:
      - chunked
      content-length:
      - '772'
    status:
      code: 200
      message: OK
- request:
    body: ''
    headers:
      accept:
      - '*/*'
      accept-encoding:
      - gzip, deflate
      connection:
      - keep-alive
      host:
      - gizmoj12.fhcrc.org:34331
      user-agent:
      - python-httpx/0.28.1
    method: GET
    uri: https://gizmoj12.fhcrc.org:34331/api/workflows/v1/6416bc25-88de-4854-a1af-a3b50ff4aebd/metadata?expandSubWorkflows=true
  response:
    body:
      string: '{"submittedFiles":{"workflow":"version 1.0\n\nworkflow emptyGlobTest
        {\n    call create_empty_directory\n\n    output {\n        Array[File] no_files
        = create_empty_directory.no_files\n    }\n}\n\ntask create_empty_directory
        {\n    command {\n        mkdir empty_dir\n    }\n    output {\n        Array[File]
        no_files = glob(\"empty_dir/*.txt\")\n    }\n}\n","root":"","options":"{\n  \"read_from_cache\":
        false,\n  \"workflow_failure_mode\": \"ContinueWhilePossible\",\n  \"write_to_cache\":
        false\n}","inputs":"{}","workflowUrl":"","labels":"{}"},"calls":{},"outputs":{},"status":"Submitted","id":"6416bc25-88de-4854-a1af-a3b50ff4aebd","inputs":{},"labels":{"cromwell-workflow-id":"cromwell-6416bc25-88de-4854-a1af-a3b50ff4aebd"},"submission":"2025-11-30T03:39:55.765Z"}'
    headers:
      Connection:
      - keep-alive
      Content-Type:
      - application/json
      Date:
      - Sun, 30 Nov 2025 03:42:42 GMT
      Server:
      - nginx/1.25.3
      Transfer-Encoding:
      - chunked
      content-length:
      - '772'
    status:
      code: 200
      message: OK
- request:
    body: ''
    headers:
      accept:
      - '*/*'
      accept-encoding:
      - gzip, deflate
      connection:
      - keep-alive
      host:
      - gizmoj12.fhcrc.org:34331
      user-agent:
      - python-httpx/0.28.1
    method: GET
    uri: https://gizmoj12.fhcrc.org:34331/api/workflows/v1/6416bc25-88de-4854-a1af-a3b50ff4aebd/metadata?expandSubWorkflows=true
  response:
    body:
      string: '{"submittedFiles":{"workflow":"version 1.0\n\nworkflow emptyGlobTest
        {\n    call create_empty_directory\n\n    output {\n        Array[File] no_files
        = create_empty_directory.no_files\n    }\n}\n\ntask create_empty_directory
        {\n    command {\n        mkdir empty_dir\n    }\n    output {\n        Array[File]
        no_files = glob(\"empty_dir/*.txt\")\n    }\n}\n","root":"","options":"{\n  \"read_from_cache\":
        false,\n  \"workflow_failure_mode\": \"ContinueWhilePossible\",\n  \"write_to_cache\":
        false\n}","inputs":"{}","workflowUrl":"","labels":"{}"},"calls":{},"outputs":{},"status":"Submitted","id":"6416bc25-88de-4854-a1af-a3b50ff4aebd","inputs":{},"labels":{"cromwell-workflow-id":"cromwell-6416bc25-88de-4854-a1af-a3b50ff4aebd"},"submission":"2025-11-30T03:39:55.765Z"}'
    headers:
      Connection:
      - keep-alive
      Content-Type:
      - application/json
      Date:
      - Sun, 30 Nov 2025 03:42:47 GMT
      Server:
      - nginx/1.25.3
      Transfer-Encoding:
      - chunked
      content-length:
      - '772'
    status:
      code: 200
      message: OK
- request:
    body: ''
    headers:
      accept:
      - '*/*'
      accept-encoding:
      - gzip, deflate
      connection:
      - keep-alive
      host:
      - gizmoj12.fhcrc.org:34331
      user-agent:
      - python-httpx/0.28.1
    method: GET
    uri: https://gizmoj12.fhcrc.org:34331/api/workflows/v1/6416bc25-88de-4854-a1af-a3b50ff4aebd/metadata?expandSubWorkflows=true
  response:
    body:
      string: '{"submittedFiles":{"workflow":"version 1.0\n\nworkflow emptyGlobTest
        {\n    call create_empty_directory\n\n    output {\n        Array[File] no_files
        = create_empty_directory.no_files\n    }\n}\n\ntask create_empty_directory
        {\n    command {\n        mkdir empty_dir\n    }\n    output {\n        Array[File]
        no_files = glob(\"empty_dir/*.txt\")\n    }\n}\n","root":"","options":"{\n  \"read_from_cache\":
        false,\n  \"workflow_failure_mode\": \"ContinueWhilePossible\",\n  \"write_to_cache\":
        false\n}","inputs":"{}","workflowUrl":"","labels":"{}"},"calls":{},"outputs":{},"status":"Submitted","id":"6416bc25-88de-4854-a1af-a3b50ff4aebd","inputs":{},"labels":{"cromwell-workflow-id":"cromwell-6416bc25-88de-4854-a1af-a3b50ff4aebd"},"submission":"2025-11-30T03:39:55.765Z"}'
    headers:
      Connection:
      - keep-alive
      Content-Type:
      - application/json
      Date:
      - Sun, 30 Nov 2025 03:42:52 GMT
      Server:
      - nginx/1.25.3
      Transfer-Encoding:
      - chunked
      content-length:
      - '772'
    status:
      code: 200
      message: OK
- request:
    body: ''
    headers:
      accept:
      - '*/*'
      accept-encoding:
      - gzip, deflate
      connection:
      - keep-alive
      host:
      - gizmoj12.fhcrc.org:34331
      user-agent:
      - python-httpx/0.28.1
    method: GET
    uri: https://gizmoj12.fhcrc.org:34331/api/workflows/v1/6416bc25-88de-4854-a1af-a3b50ff4aebd/metadata?expandSubWorkflows=true
  response:
    body:
      string: '{"submittedFiles":{"workflow":"version 1.0\n\nworkflow emptyGlobTest
        {\n    call create_empty_directory\n\n    output {\n        Array[File] no_files
        = create_empty_directory.no_files\n    }\n}\n\ntask create_empty_directory
        {\n    command {\n        mkdir empty_dir\n    }\n    output {\n        Array[File]
        no_files = glob(\"empty_dir/*.txt\")\n    }\n}\n","root":"","options":"{\n  \"read_from_cache\":
        false,\n  \"workflow_failure_mode\": \"ContinueWhilePossible\",\n  \"write_to_cache\":
        false\n}","inputs":"{}","workflowUrl":"","labels":"{}"},"calls":{},"outputs":{},"status":"Submitted","id":"6416bc25-88de-4854-a1af-a3b50ff4aebd","inputs":{},"labels":{"cromwell-workflow-id":"cromwell-6416bc25-88de-4854-a1af-a3b50ff4aebd"},"submission":"2025-11-30T03:39:55.765Z"}'
    headers:
      Connection:
      - keep-alive
      Content-Type:
      - application/json
      Date:
      - Sun, 30 Nov 2025 03:42:57 GMT
      Server:
      - nginx/1.25.3
      Transfer-Encoding:
      - chunked
      content-length:
      - '772'
    status:
      code: 200
      message: OK
- request:
    body: ''
    headers:
      accept:
      - '*/*'
      accept-encoding:
      - gzip, deflate
      connection:
      - keep-alive
      host:
      - gizmoj12.fhcrc.org:34331
      user-agent:
      - python-httpx/0.28.1
    method: GET
    uri: https://gizmoj12.fhcrc.org:34331/api/workflows/v1/6416bc25-88de-4854-a1af-a3b50ff4aebd/metadata?expandSubWorkflows=true
  response:
    body:
      string: '{"submittedFiles":{"workflow":"version 1.0\n\nworkflow emptyGlobTest
        {\n    call create_empty_directory\n\n    output {\n        Array[File] no_files
        = create_empty_directory.no_files\n    }\n}\n\ntask create_empty_directory
        {\n    command {\n        mkdir empty_dir\n    }\n    output {\n        Array[File]
        no_files = glob(\"empty_dir/*.txt\")\n    }\n}\n","root":"","options":"{\n  \"read_from_cache\":
        false,\n  \"workflow_failure_mode\": \"ContinueWhilePossible\",\n  \"write_to_cache\":
        false\n}","inputs":"{}","workflowUrl":"","labels":"{}"},"calls":{},"outputs":{},"status":"Submitted","id":"6416bc25-88de-4854-a1af-a3b50ff4aebd","inputs":{},"labels":{"cromwell-workflow-id":"cromwell-6416bc25-88de-4854-a1af-a3b50ff4aebd"},"submission":"2025-11-30T03:39:55.765Z"}'
    headers:
      Connection:
      - keep-alive
      Content-Type:
      - application/json
      Date:
      - Sun, 30 Nov 2025 03:43:02 GMT
      Server:
      - nginx/1.25.3
      Transfer-Encoding:
      - chunked
      content-length:
      - '772'
    status:
      code: 200
      message: OK
- request:
    body: ''
    headers:
      accept:
      - '*/*'
      accept-encoding:
      - gzip, deflate
      connection:
      - keep-alive
      host:
      - gizmoj12.fhcrc.org:34331
      user-agent:
      - python-httpx/0.28.1
    method: GET
    uri: https://gizmoj12.fhcrc.org:34331/api/workflows/v1/6416bc25-88de-4854-a1af-a3b50ff4aebd/metadata?expandSubWorkflows=true
  response:
    body:
      string: '{"submittedFiles":{"workflow":"version 1.0\n\nworkflow emptyGlobTest
        {\n    call create_empty_directory\n\n    output {\n        Array[File] no_files
        = create_empty_directory.no_files\n    }\n}\n\ntask create_empty_directory
        {\n    command {\n        mkdir empty_dir\n    }\n    output {\n        Array[File]
        no_files = glob(\"empty_dir/*.txt\")\n    }\n}\n","root":"","options":"{\n  \"read_from_cache\":
        false,\n  \"workflow_failure_mode\": \"ContinueWhilePossible\",\n  \"write_to_cache\":
        false\n}","inputs":"{}","workflowUrl":"","labels":"{}"},"calls":{},"outputs":{},"status":"Submitted","id":"6416bc25-88de-4854-a1af-a3b50ff4aebd","inputs":{},"labels":{"cromwell-workflow-id":"cromwell-6416bc25-88de-4854-a1af-a3b50ff4aebd"},"submission":"2025-11-30T03:39:55.765Z"}'
    headers:
      Connection:
      - keep-alive
      Content-Type:
      - application/json
      Date:
      - Sun, 30 Nov 2025 03:43:07 GMT
      Server:
      - nginx/1.25.3
      Transfer-Encoding:
      - chunked
      content-length:
      - '772'
    status:
      code: 200
      message: OK
- request:
    body: ''
    headers:
      accept:
      - '*/*'
      accept-encoding:
      - gzip, deflate
      connection:
      - keep-alive
      host:
      - gizmoj12.fhcrc.org:34331
      user-agent:
      - python-httpx/0.28.1
    method: GET
    uri: https://gizmoj12.fhcrc.org:34331/api/workflows/v1/6416bc25-88de-4854-a1af-a3b50ff4aebd/metadata?expandSubWorkflows=true
  response:
    body:
      string: '{"submittedFiles":{"workflow":"version 1.0\n\nworkflow emptyGlobTest
        {\n    call create_empty_directory\n\n    output {\n        Array[File] no_files
        = create_empty_directory.no_files\n    }\n}\n\ntask create_empty_directory
        {\n    command {\n        mkdir empty_dir\n    }\n    output {\n        Array[File]
        no_files = glob(\"empty_dir/*.txt\")\n    }\n}\n","root":"","options":"{\n  \"read_from_cache\":
        false,\n  \"workflow_failure_mode\": \"ContinueWhilePossible\",\n  \"write_to_cache\":
        false\n}","inputs":"{}","workflowUrl":"","labels":"{}"},"calls":{},"outputs":{},"status":"Submitted","id":"6416bc25-88de-4854-a1af-a3b50ff4aebd","inputs":{},"labels":{"cromwell-workflow-id":"cromwell-6416bc25-88de-4854-a1af-a3b50ff4aebd"},"submission":"2025-11-30T03:39:55.765Z"}'
    headers:
      Connection:
      - keep-alive
      Content-Type:
      - application/json
      Date:
      - Sun, 30 Nov 2025 03:43:12 GMT
      Server:
      - nginx/1.25.3
      Transfer-Encoding:
      - chunked
      content-length:
      - '772'
    status:
      code: 200
      message: OK
- request:
    body: ''
    headers:
      accept:
      - '*/*'
      accept-encoding:
      - gzip, deflate
      connection:
      - keep-alive
      host:
      - gizmoj12.fhcrc.org:34331
      user-agent:
      - python-httpx/0.28.1
    method: GET
    uri: https://gizmoj12.fhcrc.org:34331/api/workflows/v1/6416bc25-88de-4854-a1af-a3b50ff4aebd/metadata?expandSubWorkflows=true
  response:
    body:
      string: '{"submittedFiles":{"workflow":"version 1.0\n\nworkflow emptyGlobTest
        {\n    call create_empty_directory\n\n    output {\n        Array[File] no_files
        = create_empty_directory.no_files\n    }\n}\n\ntask create_empty_directory
        {\n    command {\n        mkdir empty_dir\n    }\n    output {\n        Array[File]
        no_files = glob(\"empty_dir/*.txt\")\n    }\n}\n","root":"","options":"{\n  \"read_from_cache\":
        false,\n  \"workflow_failure_mode\": \"ContinueWhilePossible\",\n  \"write_to_cache\":
        false\n}","inputs":"{}","workflowUrl":"","labels":"{}"},"calls":{},"outputs":{},"status":"Submitted","id":"6416bc25-88de-4854-a1af-a3b50ff4aebd","inputs":{},"labels":{"cromwell-workflow-id":"cromwell-6416bc25-88de-4854-a1af-a3b50ff4aebd"},"submission":"2025-11-30T03:39:55.765Z"}'
    headers:
      Connection:
      - keep-alive
      Content-Type:
      - application/json
      Date:
      - Sun, 30 Nov 2025 03:43:17 GMT
      Server:
      - nginx/1.25.3
      Transfer-Encoding:
      - chunked
      content-length:
      - '772'
    status:
      code: 200
      message: OK
- request:
    body: ''
    headers:
      accept:
      - '*/*'
      accept-encoding:
      - gzip, deflate
      connection:
      - keep-alive
      host:
      - gizmoj12.fhcrc.org:34331
      user-agent:
      - python-httpx/0.28.1
    method: GET
    uri: https://gizmoj12.fhcrc.org:34331/api/workflows/v1/6416bc25-88de-4854-a1af-a3b50ff4aebd/metadata?expandSubWorkflows=true
  response:
    body:
      string: '{"submittedFiles":{"workflow":"version 1.0\n\nworkflow emptyGlobTest
        {\n    call create_empty_directory\n\n    output {\n        Array[File] no_files
        = create_empty_directory.no_files\n    }\n}\n\ntask create_empty_directory
        {\n    command {\n        mkdir empty_dir\n    }\n    output {\n        Array[File]
        no_files = glob(\"empty_dir/*.txt\")\n    }\n}\n","root":"","options":"{\n  \"read_from_cache\":
        false,\n  \"workflow_failure_mode\": \"ContinueWhilePossible\",\n  \"write_to_cache\":
        false\n}","inputs":"{}","workflowUrl":"","labels":"{}"},"calls":{},"outputs":{},"status":"Submitted","id":"6416bc25-88de-4854-a1af-a3b50ff4aebd","inputs":{},"labels":{"cromwell-workflow-id":"cromwell-6416bc25-88de-4854-a1af-a3b50ff4aebd"},"submission":"2025-11-30T03:39:55.765Z"}'
    headers:
      Connection:
      - keep-alive
      Content-Type:
      - application/json
      Date:
      - Sun, 30 Nov 2025 03:43:22 GMT
      Server:
      - nginx/1.25.3
      Transfer-Encoding:
      - chunked
      content-length:
      - '772'
    status:
      code: 200
      message: OK
- request:
    body: ''
    headers:
      accept:
      - '*/*'
      accept-encoding:
      - gzip, deflate
      connection:
      - keep-alive
      host:
      - gizmoj12.fhcrc.org:34331
      user-agent:
      - python-httpx/0.28.1
    method: GET
    uri: https://gizmoj12.fhcrc.org:34331/api/workflows/v1/6416bc25-88de-4854-a1af-a3b50ff4aebd/metadata?expandSubWorkflows=true
  response:
    body:
      string: '{"submittedFiles":{"workflow":"version 1.0\n\nworkflow emptyGlobTest
        {\n    call create_empty_directory\n\n    output {\n        Array[File] no_files
        = create_empty_directory.no_files\n    }\n}\n\ntask create_empty_directory
        {\n    command {\n        mkdir empty_dir\n    }\n    output {\n        Array[File]
        no_files = glob(\"empty_dir/*.txt\")\n    }\n}\n","root":"","options":"{\n  \"read_from_cache\":
        false,\n  \"workflow_failure_mode\": \"ContinueWhilePossible\",\n  \"write_to_cache\":
        false\n}","inputs":"{}","workflowUrl":"","labels":"{}"},"calls":{},"outputs":{},"status":"Submitted","id":"6416bc25-88de-4854-a1af-a3b50ff4aebd","inputs":{},"labels":{"cromwell-workflow-id":"cromwell-6416bc25-88de-4854-a1af-a3b50ff4aebd"},"submission":"2025-11-30T03:39:55.765Z"}'
    headers:
      Connection:
      - keep-alive
      Content-Type:
      - application/json
      Date:
      - Sun, 30 Nov 2025 03:43:27 GMT
      Server:
      - nginx/1.25.3
      Transfer-Encoding:
      - chunked
      content-length:
      - '772'
    status:
      code: 200
      message: OK
- request:
    body: ''
    headers:
      accept:
      - '*/*'
      accept-encoding:
      - gzip, deflate
      connection:
      - keep-alive
      host:
      - gizmoj12.fhcrc.org:34331
      user-agent:
      - python-httpx/0.28.1
    method: GET
    uri: https://gizmoj12.fhcrc.org:34331/api/workflows/v1/6416bc25-88de-4854-a1af-a3b50ff4aebd/metadata?expandSubWorkflows=true
  response:
    body:
      string: '{"submittedFiles":{"workflow":"version 1.0\n\nworkflow emptyGlobTest
        {\n    call create_empty_directory\n\n    output {\n        Array[File] no_files
        = create_empty_directory.no_files\n    }\n}\n\ntask create_empty_directory
        {\n    command {\n        mkdir empty_dir\n    }\n    output {\n        Array[File]
        no_files = glob(\"empty_dir/*.txt\")\n    }\n}\n","root":"","options":"{\n  \"read_from_cache\":
        false,\n  \"workflow_failure_mode\": \"ContinueWhilePossible\",\n  \"write_to_cache\":
        false\n}","inputs":"{}","workflowUrl":"","labels":"{}"},"calls":{},"outputs":{},"status":"Submitted","id":"6416bc25-88de-4854-a1af-a3b50ff4aebd","inputs":{},"labels":{"cromwell-workflow-id":"cromwell-6416bc25-88de-4854-a1af-a3b50ff4aebd"},"submission":"2025-11-30T03:39:55.765Z"}'
    headers:
      Connection:
      - keep-alive
      Content-Type:
      - application/json
      Date:
      - Sun, 30 Nov 2025 03:43:32 GMT
      Server:
      - nginx/1.25.3
      Transfer-Encoding:
      - chunked
      content-length:
      - '772'
    status:
      code: 200
      message: OK
- request:
    body: ''
    headers:
      accept:
      - '*/*'
      accept-encoding:
      - gzip, deflate
      connection:
      - keep-alive
      host:
      - gizmoj12.fhcrc.org:34331
      user-agent:
      - python-httpx/0.28.1
    method: GET
    uri: https://gizmoj12.fhcrc.org:34331/api/workflows/v1/6416bc25-88de-4854-a1af-a3b50ff4aebd/metadata?expandSubWorkflows=true
  response:
    body:
      string: '{"workflowName":"emptyGlobTest","workflowProcessingEvents":[{"cromwellId":"cromid-df37326","description":"PickedUp","timestamp":"2025-11-30T03:43:31.085Z","cromwellVersion":"87"}],"actualWorkflowLanguageVersion":"1.0","submittedFiles":{"workflow":"version
        1.0\n\nworkflow emptyGlobTest {\n    call create_empty_directory\n\n    output
        {\n        Array[File] no_files = create_empty_directory.no_files\n    }\n}\n\ntask
        create_empty_directory {\n    command {\n        mkdir empty_dir\n    }\n    output
        {\n        Array[File] no_files = glob(\"empty_dir/*.txt\")\n    }\n}\n","root":"","options":"{\n  \"read_from_cache\":
        false,\n  \"workflow_failure_mode\": \"ContinueWhilePossible\",\n  \"write_to_cache\":
        false\n}","inputs":"{}","workflowUrl":"","labels":"{}"},"calls":{"emptyGlobTest.create_empty_directory":[{"executionStatus":"QueuedInCromwell","shardIndex":-1,"backend":"gizmo","attempt":1,"start":"2025-11-30T03:43:32.136Z"}]},"outputs":{},"workflowRoot":"/redacted/_DaSL/user/svc_proof_test/cromwell-scratch/emptyGlobTest/6416bc25-88de-4854-a1af-a3b50ff4aebd","actualWorkflowLanguage":"WDL","status":"Running","start":"2025-11-30T03:43:31.085Z","id":"6416bc25-88de-4854-a1af-a3b50ff4aebd","inputs":{},"labels":{"cromwell-workflow-id":"cromwell-6416bc25-88de-4854-a1af-a3b50ff4aebd"},"submission":"2025-11-30T03:39:55.765Z"}'
    headers:
      Connection:
      - keep-alive
      Content-Type:
      - application/json
      Date:
      - Sun, 30 Nov 2025 03:43:37 GMT
      Server:
      - nginx/1.25.3
      Transfer-Encoding:
      - chunked
      content-length:
      - '1334'
    status:
      code: 200
      message: OK
- request:
    body: ''
    headers:
      accept:
      - '*/*'
      accept-encoding:
      - gzip, deflate
      connection:
      - keep-alive
      host:
      - gizmoj12.fhcrc.org:34331
      user-agent:
      - python-httpx/0.28.1
    method: GET
    uri: https://gizmoj12.fhcrc.org:34331/api/workflows/v1/6416bc25-88de-4854-a1af-a3b50ff4aebd/metadata?expandSubWorkflows=true
  response:
    body:
      string: '{"workflowName":"emptyGlobTest","workflowProcessingEvents":[{"cromwellId":"cromid-df37326","description":"PickedUp","timestamp":"2025-11-30T03:43:31.085Z","cromwellVersion":"87"}],"actualWorkflowLanguageVersion":"1.0","submittedFiles":{"workflow":"version
        1.0\n\nworkflow emptyGlobTest {\n    call create_empty_directory\n\n    output
        {\n        Array[File] no_files = create_empty_directory.no_files\n    }\n}\n\ntask
        create_empty_directory {\n    command {\n        mkdir empty_dir\n    }\n    output
        {\n        Array[File] no_files = glob(\"empty_dir/*.txt\")\n    }\n}\n","root":"","options":"{\n  \"read_from_cache\":
        false,\n  \"workflow_failure_mode\": \"ContinueWhilePossible\",\n  \"write_to_cache\":
        false\n}","inputs":"{}","workflowUrl":"","labels":"{}"},"calls":{"emptyGlobTest.create_empty_directory":[{"executionStatus":"QueuedInCromwell","shardIndex":-1,"backend":"gizmo","attempt":1,"start":"2025-11-30T03:43:32.136Z"}]},"outputs":{},"workflowRoot":"/redacted/_DaSL/user/svc_proof_test/cromwell-scratch/emptyGlobTest/6416bc25-88de-4854-a1af-a3b50ff4aebd","actualWorkflowLanguage":"WDL","status":"Running","start":"2025-11-30T03:43:31.085Z","id":"6416bc25-88de-4854-a1af-a3b50ff4aebd","inputs":{},"labels":{"cromwell-workflow-id":"cromwell-6416bc25-88de-4854-a1af-a3b50ff4aebd"},"submission":"2025-11-30T03:39:55.765Z"}'
    headers:
      Connection:
      - keep-alive
      Content-Type:
      - application/json
      Date:
      - Sun, 30 Nov 2025 03:43:42 GMT
      Server:
      - nginx/1.25.3
      Transfer-Encoding:
      - chunked
      content-length:
      - '1334'
    status:
      code: 200
      message: OK
- request:
    body: ''
    headers:
      accept:
      - '*/*'
      accept-encoding:
      - gzip, deflate
      connection:
      - keep-alive
      host:
      - gizmoj12.fhcrc.org:34331
      user-agent:
      - python-httpx/0.28.1
    method: GET
    uri: https://gizmoj12.fhcrc.org:34331/api/workflows/v1/6416bc25-88de-4854-a1af-a3b50ff4aebd/metadata?expandSubWorkflows=true
  response:
    body:
      string: '{"workflowName":"emptyGlobTest","workflowProcessingEvents":[{"cromwellId":"cromid-df37326","description":"PickedUp","timestamp":"2025-11-30T03:43:31.085Z","cromwellVersion":"87"}],"actualWorkflowLanguageVersion":"1.0","submittedFiles":{"workflow":"version
        1.0\n\nworkflow emptyGlobTest {\n    call create_empty_directory\n\n    output
        {\n        Array[File] no_files = create_empty_directory.no_files\n    }\n}\n\ntask
        create_empty_directory {\n    command {\n        mkdir empty_dir\n    }\n    output
        {\n        Array[File] no_files = glob(\"empty_dir/*.txt\")\n    }\n}\n","root":"","options":"{\n  \"read_from_cache\":
        false,\n  \"workflow_failure_mode\": \"ContinueWhilePossible\",\n  \"write_to_cache\":
        false\n}","inputs":"{}","workflowUrl":"","labels":"{}"},"calls":{"emptyGlobTest.create_empty_directory":[{"executionStatus":"Running","stdout":"/redacted/_DaSL/user/svc_proof_test/cromwell-scratch/emptyGlobTest/6416bc25-88de-4854-a1af-a3b50ff4aebd/call-create_empty_directory/execution/stdout","commandLine":"mkdir
        empty_dir","shardIndex":-1,"runtimeAttributes":{"failOnStderr":"false","partition":"campus-new","continueOnReturnCode":"0","modules":"","gpus":"0","maxRetries":"0","cpu":"1","memory":"1.953125
        GB"},"callCaching":{"allowResultReuse":false,"effectiveCallCachingMode":"CallCachingOff"},"inputs":{},"backend":"gizmo","attempt":1,"start":"2025-11-30T03:43:32.136Z","stderr":"/redacted/_DaSL/user/svc_proof_test/cromwell-scratch/emptyGlobTest/6416bc25-88de-4854-a1af-a3b50ff4aebd/call-create_empty_directory/execution/stderr","callRoot":"/redacted/_DaSL/user/svc_proof_test/cromwell-scratch/emptyGlobTest/6416bc25-88de-4854-a1af-a3b50ff4aebd/call-create_empty_directory"}]},"outputs":{},"workflowRoot":"/redacted/_DaSL/user/svc_proof_test/cromwell-scratch/emptyGlobTest/6416bc25-88de-4854-a1af-a3b50ff4aebd","actualWorkflowLanguage":"WDL","status":"Running","start":"2025-11-30T03:43:31.085Z","id":"6416bc25-88de-4854-a1af-a3b50ff4aebd","inputs":{},"labels":{"cromwell-workflow-id":"cromwell-6416bc25-88de-4854-a1af-a3b50ff4aebd"},"submission":"2025-11-30T03:39:55.765Z"}'
    headers:
      Connection:
      - keep-alive
      Content-Type:
      - application/json
      Date:
      - Sun, 30 Nov 2025 03:43:47 GMT
      Server:
      - nginx/1.25.3
      Transfer-Encoding:
      - chunked
      content-length:
      - '2090'
    status:
      code: 200
      message: OK
- request:
    body: ''
    headers:
      accept:
      - '*/*'
      accept-encoding:
      - gzip, deflate
      connection:
      - keep-alive
      host:
      - gizmoj12.fhcrc.org:34331
      user-agent:
      - python-httpx/0.28.1
    method: GET
    uri: https://gizmoj12.fhcrc.org:34331/api/workflows/v1/6416bc25-88de-4854-a1af-a3b50ff4aebd/metadata?expandSubWorkflows=true
  response:
    body:
      string: '{"workflowName":"emptyGlobTest","workflowProcessingEvents":[{"cromwellId":"cromid-df37326","description":"PickedUp","timestamp":"2025-11-30T03:43:31.085Z","cromwellVersion":"87"}],"actualWorkflowLanguageVersion":"1.0","submittedFiles":{"workflow":"version
        1.0\n\nworkflow emptyGlobTest {\n    call create_empty_directory\n\n    output
        {\n        Array[File] no_files = create_empty_directory.no_files\n    }\n}\n\ntask
        create_empty_directory {\n    command {\n        mkdir empty_dir\n    }\n    output
        {\n        Array[File] no_files = glob(\"empty_dir/*.txt\")\n    }\n}\n","root":"","options":"{\n  \"read_from_cache\":
        false,\n  \"workflow_failure_mode\": \"ContinueWhilePossible\",\n  \"write_to_cache\":
        false\n}","inputs":"{}","workflowUrl":"","labels":"{}"},"calls":{"emptyGlobTest.create_empty_directory":[{"executionStatus":"Running","stdout":"/redacted/_DaSL/user/svc_proof_test/cromwell-scratch/emptyGlobTest/6416bc25-88de-4854-a1af-a3b50ff4aebd/call-create_empty_directory/execution/stdout","backendStatus":"Running","commandLine":"mkdir
        empty_dir","shardIndex":-1,"runtimeAttributes":{"failOnStderr":"false","partition":"campus-new","continueOnReturnCode":"0","modules":"","gpus":"0","maxRetries":"0","cpu":"1","memory":"1.953125
        GB"},"callCaching":{"allowResultReuse":false,"effectiveCallCachingMode":"CallCachingOff"},"inputs":{},"jobId":"43009482","backend":"gizmo","attempt":1,"start":"2025-11-30T03:43:32.136Z","stderr":"/redacted/_DaSL/user/svc_proof_test/cromwell-scratch/emptyGlobTest/6416bc25-88de-4854-a1af-a3b50ff4aebd/call-create_empty_directory/execution/stderr","callRoot":"/redacted/_DaSL/user/svc_proof_test/cromwell-scratch/emptyGlobTest/6416bc25-88de-4854-a1af-a3b50ff4aebd/call-create_empty_directory"}]},"outputs":{},"workflowRoot":"/redacted/_DaSL/user/svc_proof_test/cromwell-scratch/emptyGlobTest/6416bc25-88de-4854-a1af-a3b50ff4aebd","actualWorkflowLanguage":"WDL","status":"Running","start":"2025-11-30T03:43:31.085Z","id":"6416bc25-88de-4854-a1af-a3b50ff4aebd","inputs":{},"labels":{"cromwell-workflow-id":"cromwell-6416bc25-88de-4854-a1af-a3b50ff4aebd"},"submission":"2025-11-30T03:39:55.765Z"}'
    headers:
      Connection:
      - keep-alive
      Content-Type:
      - application/json
      Date:
      - Sun, 30 Nov 2025 03:43:52 GMT
      Server:
      - nginx/1.25.3
      Transfer-Encoding:
      - chunked
      content-length:
      - '2135'
    status:
      code: 200
      message: OK
- request:
    body: ''
    headers:
      accept:
      - '*/*'
      accept-encoding:
      - gzip, deflate
      connection:
      - keep-alive
      host:
      - gizmoj12.fhcrc.org:34331
      user-agent:
      - python-httpx/0.28.1
    method: GET
    uri: https://gizmoj12.fhcrc.org:34331/api/workflows/v1/6416bc25-88de-4854-a1af-a3b50ff4aebd/metadata?expandSubWorkflows=true
  response:
    body:
      string: '{"workflowName":"emptyGlobTest","workflowProcessingEvents":[{"cromwellId":"cromid-df37326","description":"PickedUp","timestamp":"2025-11-30T03:43:31.085Z","cromwellVersion":"87"}],"actualWorkflowLanguageVersion":"1.0","submittedFiles":{"workflow":"version
        1.0\n\nworkflow emptyGlobTest {\n    call create_empty_directory\n\n    output
        {\n        Array[File] no_files = create_empty_directory.no_files\n    }\n}\n\ntask
        create_empty_directory {\n    command {\n        mkdir empty_dir\n    }\n    output
        {\n        Array[File] no_files = glob(\"empty_dir/*.txt\")\n    }\n}\n","root":"","options":"{\n  \"read_from_cache\":
        false,\n  \"workflow_failure_mode\": \"ContinueWhilePossible\",\n  \"write_to_cache\":
        false\n}","inputs":"{}","workflowUrl":"","labels":"{}"},"calls":{"emptyGlobTest.create_empty_directory":[{"executionStatus":"Running","stdout":"/redacted/_DaSL/user/svc_proof_test/cromwell-scratch/emptyGlobTest/6416bc25-88de-4854-a1af-a3b50ff4aebd/call-create_empty_directory/execution/stdout","backendStatus":"Running","commandLine":"mkdir
        empty_dir","shardIndex":-1,"runtimeAttributes":{"failOnStderr":"false","partition":"campus-new","continueOnReturnCode":"0","modules":"","gpus":"0","maxRetries":"0","cpu":"1","memory":"1.953125
        GB"},"callCaching":{"allowResultReuse":false,"effectiveCallCachingMode":"CallCachingOff"},"inputs":{},"jobId":"43009482","backend":"gizmo","attempt":1,"start":"2025-11-30T03:43:32.136Z","stderr":"/redacted/_DaSL/user/svc_proof_test/cromwell-scratch/emptyGlobTest/6416bc25-88de-4854-a1af-a3b50ff4aebd/call-create_empty_directory/execution/stderr","callRoot":"/redacted/_DaSL/user/svc_proof_test/cromwell-scratch/emptyGlobTest/6416bc25-88de-4854-a1af-a3b50ff4aebd/call-create_empty_directory"}]},"outputs":{},"workflowRoot":"/redacted/_DaSL/user/svc_proof_test/cromwell-scratch/emptyGlobTest/6416bc25-88de-4854-a1af-a3b50ff4aebd","actualWorkflowLanguage":"WDL","status":"Running","start":"2025-11-30T03:43:31.085Z","id":"6416bc25-88de-4854-a1af-a3b50ff4aebd","inputs":{},"labels":{"cromwell-workflow-id":"cromwell-6416bc25-88de-4854-a1af-a3b50ff4aebd"},"submission":"2025-11-30T03:39:55.765Z"}'
    headers:
      Connection:
      - keep-alive
      Content-Type:
      - application/json
      Date:
      - Sun, 30 Nov 2025 03:43:57 GMT
      Server:
      - nginx/1.25.3
      Transfer-Encoding:
      - chunked
      content-length:
      - '2135'
    status:
      code: 200
      message: OK
- request:
    body: ''
    headers:
      accept:
      - '*/*'
      accept-encoding:
      - gzip, deflate
      connection:
      - keep-alive
      host:
      - gizmoj12.fhcrc.org:34331
      user-agent:
      - python-httpx/0.28.1
    method: GET
    uri: https://gizmoj12.fhcrc.org:34331/api/workflows/v1/6416bc25-88de-4854-a1af-a3b50ff4aebd/metadata?expandSubWorkflows=true
  response:
    body:
      string: '{"workflowName":"emptyGlobTest","workflowProcessingEvents":[{"cromwellId":"cromid-df37326","description":"PickedUp","timestamp":"2025-11-30T03:43:31.085Z","cromwellVersion":"87"}],"actualWorkflowLanguageVersion":"1.0","submittedFiles":{"workflow":"version
        1.0\n\nworkflow emptyGlobTest {\n    call create_empty_directory\n\n    output
        {\n        Array[File] no_files = create_empty_directory.no_files\n    }\n}\n\ntask
        create_empty_directory {\n    command {\n        mkdir empty_dir\n    }\n    output
        {\n        Array[File] no_files = glob(\"empty_dir/*.txt\")\n    }\n}\n","root":"","options":"{\n  \"read_from_cache\":
        false,\n  \"workflow_failure_mode\": \"ContinueWhilePossible\",\n  \"write_to_cache\":
        false\n}","inputs":"{}","workflowUrl":"","labels":"{}"},"calls":{"emptyGlobTest.create_empty_directory":[{"executionStatus":"Running","stdout":"/redacted/_DaSL/user/svc_proof_test/cromwell-scratch/emptyGlobTest/6416bc25-88de-4854-a1af-a3b50ff4aebd/call-create_empty_directory/execution/stdout","backendStatus":"Running","commandLine":"mkdir
        empty_dir","shardIndex":-1,"runtimeAttributes":{"failOnStderr":"false","partition":"campus-new","continueOnReturnCode":"0","modules":"","gpus":"0","maxRetries":"0","cpu":"1","memory":"1.953125
        GB"},"callCaching":{"allowResultReuse":false,"effectiveCallCachingMode":"CallCachingOff"},"inputs":{},"jobId":"43009482","backend":"gizmo","attempt":1,"start":"2025-11-30T03:43:32.136Z","stderr":"/redacted/_DaSL/user/svc_proof_test/cromwell-scratch/emptyGlobTest/6416bc25-88de-4854-a1af-a3b50ff4aebd/call-create_empty_directory/execution/stderr","callRoot":"/redacted/_DaSL/user/svc_proof_test/cromwell-scratch/emptyGlobTest/6416bc25-88de-4854-a1af-a3b50ff4aebd/call-create_empty_directory"}]},"outputs":{},"workflowRoot":"/redacted/_DaSL/user/svc_proof_test/cromwell-scratch/emptyGlobTest/6416bc25-88de-4854-a1af-a3b50ff4aebd","actualWorkflowLanguage":"WDL","status":"Running","start":"2025-11-30T03:43:31.085Z","id":"6416bc25-88de-4854-a1af-a3b50ff4aebd","inputs":{},"labels":{"cromwell-workflow-id":"cromwell-6416bc25-88de-4854-a1af-a3b50ff4aebd"},"submission":"2025-11-30T03:39:55.765Z"}'
    headers:
      Connection:
      - keep-alive
      Content-Type:
      - application/json
      Date:
      - Sun, 30 Nov 2025 03:44:02 GMT
      Server:
      - nginx/1.25.3
      Transfer-Encoding:
      - chunked
      content-length:
      - '2135'
    status:
      code: 200
      message: OK
- request:
    body: ''
    headers:
      accept:
      - '*/*'
      accept-encoding:
      - gzip, deflate
      connection:
      - keep-alive
      host:
      - gizmoj12.fhcrc.org:34331
      user-agent:
      - python-httpx/0.28.1
    method: GET
    uri: https://gizmoj12.fhcrc.org:34331/api/workflows/v1/6416bc25-88de-4854-a1af-a3b50ff4aebd/metadata?expandSubWorkflows=true
  response:
    body:
      string: '{"workflowName":"emptyGlobTest","workflowProcessingEvents":[{"cromwellId":"cromid-df37326","description":"PickedUp","timestamp":"2025-11-30T03:43:31.085Z","cromwellVersion":"87"}],"actualWorkflowLanguageVersion":"1.0","submittedFiles":{"workflow":"version
        1.0\n\nworkflow emptyGlobTest {\n    call create_empty_directory\n\n    output
        {\n        Array[File] no_files = create_empty_directory.no_files\n    }\n}\n\ntask
        create_empty_directory {\n    command {\n        mkdir empty_dir\n    }\n    output
        {\n        Array[File] no_files = glob(\"empty_dir/*.txt\")\n    }\n}\n","root":"","options":"{\n  \"read_from_cache\":
        false,\n  \"workflow_failure_mode\": \"ContinueWhilePossible\",\n  \"write_to_cache\":
        false\n}","inputs":"{}","workflowUrl":"","labels":"{}"},"calls":{"emptyGlobTest.create_empty_directory":[{"executionStatus":"Running","stdout":"/redacted/_DaSL/user/svc_proof_test/cromwell-scratch/emptyGlobTest/6416bc25-88de-4854-a1af-a3b50ff4aebd/call-create_empty_directory/execution/stdout","backendStatus":"Running","commandLine":"mkdir
        empty_dir","shardIndex":-1,"runtimeAttributes":{"failOnStderr":"false","partition":"campus-new","continueOnReturnCode":"0","modules":"","gpus":"0","maxRetries":"0","cpu":"1","memory":"1.953125
        GB"},"callCaching":{"allowResultReuse":false,"effectiveCallCachingMode":"CallCachingOff"},"inputs":{},"jobId":"43009482","backend":"gizmo","attempt":1,"start":"2025-11-30T03:43:32.136Z","stderr":"/redacted/_DaSL/user/svc_proof_test/cromwell-scratch/emptyGlobTest/6416bc25-88de-4854-a1af-a3b50ff4aebd/call-create_empty_directory/execution/stderr","callRoot":"/redacted/_DaSL/user/svc_proof_test/cromwell-scratch/emptyGlobTest/6416bc25-88de-4854-a1af-a3b50ff4aebd/call-create_empty_directory"}]},"outputs":{},"workflowRoot":"/redacted/_DaSL/user/svc_proof_test/cromwell-scratch/emptyGlobTest/6416bc25-88de-4854-a1af-a3b50ff4aebd","actualWorkflowLanguage":"WDL","status":"Running","start":"2025-11-30T03:43:31.085Z","id":"6416bc25-88de-4854-a1af-a3b50ff4aebd","inputs":{},"labels":{"cromwell-workflow-id":"cromwell-6416bc25-88de-4854-a1af-a3b50ff4aebd"},"submission":"2025-11-30T03:39:55.765Z"}'
    headers:
      Connection:
      - keep-alive
      Content-Type:
      - application/json
      Date:
      - Sun, 30 Nov 2025 03:44:07 GMT
      Server:
      - nginx/1.25.3
      Transfer-Encoding:
      - chunked
      content-length:
      - '2135'
    status:
      code: 200
      message: OK
- request:
    body: ''
    headers:
      accept:
      - '*/*'
      accept-encoding:
      - gzip, deflate
      connection:
      - keep-alive
      host:
      - gizmoj12.fhcrc.org:34331
      user-agent:
      - python-httpx/0.28.1
    method: GET
    uri: https://gizmoj12.fhcrc.org:34331/api/workflows/v1/6416bc25-88de-4854-a1af-a3b50ff4aebd/metadata?expandSubWorkflows=true
  response:
    body:
      string: '{"workflowName":"emptyGlobTest","workflowProcessingEvents":[{"cromwellId":"cromid-df37326","description":"PickedUp","timestamp":"2025-11-30T03:43:31.085Z","cromwellVersion":"87"}],"actualWorkflowLanguageVersion":"1.0","submittedFiles":{"workflow":"version
        1.0\n\nworkflow emptyGlobTest {\n    call create_empty_directory\n\n    output
        {\n        Array[File] no_files = create_empty_directory.no_files\n    }\n}\n\ntask
        create_empty_directory {\n    command {\n        mkdir empty_dir\n    }\n    output
        {\n        Array[File] no_files = glob(\"empty_dir/*.txt\")\n    }\n}\n","root":"","options":"{\n  \"read_from_cache\":
        false,\n  \"workflow_failure_mode\": \"ContinueWhilePossible\",\n  \"write_to_cache\":
        false\n}","inputs":"{}","workflowUrl":"","labels":"{}"},"calls":{"emptyGlobTest.create_empty_directory":[{"executionStatus":"Running","stdout":"/redacted/_DaSL/user/svc_proof_test/cromwell-scratch/emptyGlobTest/6416bc25-88de-4854-a1af-a3b50ff4aebd/call-create_empty_directory/execution/stdout","backendStatus":"Running","commandLine":"mkdir
        empty_dir","shardIndex":-1,"runtimeAttributes":{"failOnStderr":"false","partition":"campus-new","continueOnReturnCode":"0","modules":"","gpus":"0","maxRetries":"0","cpu":"1","memory":"1.953125
        GB"},"callCaching":{"allowResultReuse":false,"effectiveCallCachingMode":"CallCachingOff"},"inputs":{},"jobId":"43009482","backend":"gizmo","attempt":1,"start":"2025-11-30T03:43:32.136Z","stderr":"/redacted/_DaSL/user/svc_proof_test/cromwell-scratch/emptyGlobTest/6416bc25-88de-4854-a1af-a3b50ff4aebd/call-create_empty_directory/execution/stderr","callRoot":"/redacted/_DaSL/user/svc_proof_test/cromwell-scratch/emptyGlobTest/6416bc25-88de-4854-a1af-a3b50ff4aebd/call-create_empty_directory"}]},"outputs":{},"workflowRoot":"/redacted/_DaSL/user/svc_proof_test/cromwell-scratch/emptyGlobTest/6416bc25-88de-4854-a1af-a3b50ff4aebd","actualWorkflowLanguage":"WDL","status":"Running","start":"2025-11-30T03:43:31.085Z","id":"6416bc25-88de-4854-a1af-a3b50ff4aebd","inputs":{},"labels":{"cromwell-workflow-id":"cromwell-6416bc25-88de-4854-a1af-a3b50ff4aebd"},"submission":"2025-11-30T03:39:55.765Z"}'
    headers:
      Connection:
      - keep-alive
      Content-Type:
      - application/json
      Date:
      - Sun, 30 Nov 2025 03:44:12 GMT
      Server:
      - nginx/1.25.3
      Transfer-Encoding:
      - chunked
      content-length:
      - '2135'
    status:
      code: 200
      message: OK
- request:
    body: ''
    headers:
      accept:
      - '*/*'
      accept-encoding:
      - gzip, deflate
      connection:
      - keep-alive
      host:
      - gizmoj12.fhcrc.org:34331
      user-agent:
      - python-httpx/0.28.1
    method: GET
    uri: https://gizmoj12.fhcrc.org:34331/api/workflows/v1/6416bc25-88de-4854-a1af-a3b50ff4aebd/metadata?expandSubWorkflows=true
  response:
    body:
      string: '{"workflowName":"emptyGlobTest","workflowProcessingEvents":[{"cromwellId":"cromid-df37326","description":"PickedUp","timestamp":"2025-11-30T03:43:31.085Z","cromwellVersion":"87"}],"actualWorkflowLanguageVersion":"1.0","submittedFiles":{"workflow":"version
        1.0\n\nworkflow emptyGlobTest {\n    call create_empty_directory\n\n    output
        {\n        Array[File] no_files = create_empty_directory.no_files\n    }\n}\n\ntask
        create_empty_directory {\n    command {\n        mkdir empty_dir\n    }\n    output
        {\n        Array[File] no_files = glob(\"empty_dir/*.txt\")\n    }\n}\n","root":"","options":"{\n  \"read_from_cache\":
        false,\n  \"workflow_failure_mode\": \"ContinueWhilePossible\",\n  \"write_to_cache\":
        false\n}","inputs":"{}","workflowUrl":"","labels":"{}"},"calls":{"emptyGlobTest.create_empty_directory":[{"executionStatus":"Running","stdout":"/redacted/_DaSL/user/svc_proof_test/cromwell-scratch/emptyGlobTest/6416bc25-88de-4854-a1af-a3b50ff4aebd/call-create_empty_directory/execution/stdout","backendStatus":"Running","commandLine":"mkdir
        empty_dir","shardIndex":-1,"runtimeAttributes":{"failOnStderr":"false","partition":"campus-new","continueOnReturnCode":"0","modules":"","gpus":"0","maxRetries":"0","cpu":"1","memory":"1.953125
        GB"},"callCaching":{"allowResultReuse":false,"effectiveCallCachingMode":"CallCachingOff"},"inputs":{},"jobId":"43009482","backend":"gizmo","attempt":1,"start":"2025-11-30T03:43:32.136Z","stderr":"/redacted/_DaSL/user/svc_proof_test/cromwell-scratch/emptyGlobTest/6416bc25-88de-4854-a1af-a3b50ff4aebd/call-create_empty_directory/execution/stderr","callRoot":"/redacted/_DaSL/user/svc_proof_test/cromwell-scratch/emptyGlobTest/6416bc25-88de-4854-a1af-a3b50ff4aebd/call-create_empty_directory"}]},"outputs":{},"workflowRoot":"/redacted/_DaSL/user/svc_proof_test/cromwell-scratch/emptyGlobTest/6416bc25-88de-4854-a1af-a3b50ff4aebd","actualWorkflowLanguage":"WDL","status":"Running","start":"2025-11-30T03:43:31.085Z","id":"6416bc25-88de-4854-a1af-a3b50ff4aebd","inputs":{},"labels":{"cromwell-workflow-id":"cromwell-6416bc25-88de-4854-a1af-a3b50ff4aebd"},"submission":"2025-11-30T03:39:55.765Z"}'
    headers:
      Connection:
      - keep-alive
      Content-Type:
      - application/json
      Date:
      - Sun, 30 Nov 2025 03:44:17 GMT
      Server:
      - nginx/1.25.3
      Transfer-Encoding:
      - chunked
      content-length:
      - '2135'
    status:
      code: 200
      message: OK
- request:
    body: ''
    headers:
      accept:
      - '*/*'
      accept-encoding:
      - gzip, deflate
      connection:
      - keep-alive
      host:
      - gizmoj12.fhcrc.org:34331
      user-agent:
      - python-httpx/0.28.1
    method: GET
    uri: https://gizmoj12.fhcrc.org:34331/api/workflows/v1/6416bc25-88de-4854-a1af-a3b50ff4aebd/metadata?expandSubWorkflows=true
  response:
    body:
      string: '{"workflowName":"emptyGlobTest","workflowProcessingEvents":[{"cromwellId":"cromid-df37326","description":"PickedUp","timestamp":"2025-11-30T03:43:31.085Z","cromwellVersion":"87"}],"actualWorkflowLanguageVersion":"1.0","submittedFiles":{"workflow":"version
        1.0\n\nworkflow emptyGlobTest {\n    call create_empty_directory\n\n    output
        {\n        Array[File] no_files = create_empty_directory.no_files\n    }\n}\n\ntask
        create_empty_directory {\n    command {\n        mkdir empty_dir\n    }\n    output
        {\n        Array[File] no_files = glob(\"empty_dir/*.txt\")\n    }\n}\n","root":"","options":"{\n  \"read_from_cache\":
        false,\n  \"workflow_failure_mode\": \"ContinueWhilePossible\",\n  \"write_to_cache\":
        false\n}","inputs":"{}","workflowUrl":"","labels":"{}"},"calls":{"emptyGlobTest.create_empty_directory":[{"executionStatus":"Running","stdout":"/redacted/_DaSL/user/svc_proof_test/cromwell-scratch/emptyGlobTest/6416bc25-88de-4854-a1af-a3b50ff4aebd/call-create_empty_directory/execution/stdout","backendStatus":"Running","commandLine":"mkdir
        empty_dir","shardIndex":-1,"runtimeAttributes":{"failOnStderr":"false","partition":"campus-new","continueOnReturnCode":"0","modules":"","gpus":"0","maxRetries":"0","cpu":"1","memory":"1.953125
        GB"},"callCaching":{"allowResultReuse":false,"effectiveCallCachingMode":"CallCachingOff"},"inputs":{},"jobId":"43009482","backend":"gizmo","attempt":1,"start":"2025-11-30T03:43:32.136Z","stderr":"/redacted/_DaSL/user/svc_proof_test/cromwell-scratch/emptyGlobTest/6416bc25-88de-4854-a1af-a3b50ff4aebd/call-create_empty_directory/execution/stderr","callRoot":"/redacted/_DaSL/user/svc_proof_test/cromwell-scratch/emptyGlobTest/6416bc25-88de-4854-a1af-a3b50ff4aebd/call-create_empty_directory"}]},"outputs":{},"workflowRoot":"/redacted/_DaSL/user/svc_proof_test/cromwell-scratch/emptyGlobTest/6416bc25-88de-4854-a1af-a3b50ff4aebd","actualWorkflowLanguage":"WDL","status":"Running","start":"2025-11-30T03:43:31.085Z","id":"6416bc25-88de-4854-a1af-a3b50ff4aebd","inputs":{},"labels":{"cromwell-workflow-id":"cromwell-6416bc25-88de-4854-a1af-a3b50ff4aebd"},"submission":"2025-11-30T03:39:55.765Z"}'
    headers:
      Connection:
      - keep-alive
      Content-Type:
      - application/json
      Date:
      - Sun, 30 Nov 2025 03:44:22 GMT
      Server:
      - nginx/1.25.3
      Transfer-Encoding:
      - chunked
      content-length:
      - '2135'
    status:
      code: 200
      message: OK
- request:
    body: ''
    headers:
      accept:
      - '*/*'
      accept-encoding:
      - gzip, deflate
      connection:
      - keep-alive
      host:
      - gizmoj12.fhcrc.org:34331
      user-agent:
      - python-httpx/0.28.1
    method: GET
    uri: https://gizmoj12.fhcrc.org:34331/api/workflows/v1/6416bc25-88de-4854-a1af-a3b50ff4aebd/metadata?expandSubWorkflows=true
  response:
    body:
      string: '{"workflowName":"emptyGlobTest","workflowProcessingEvents":[{"cromwellId":"cromid-df37326","description":"PickedUp","timestamp":"2025-11-30T03:43:31.085Z","cromwellVersion":"87"},{"cromwellId":"cromid-df37326","description":"Finished","timestamp":"2025-11-30T03:44:23.137Z","cromwellVersion":"87"}],"actualWorkflowLanguageVersion":"1.0","submittedFiles":{"workflow":"version
        1.0\n\nworkflow emptyGlobTest {\n    call create_empty_directory\n\n    output
        {\n        Array[File] no_files = create_empty_directory.no_files\n    }\n}\n\ntask
        create_empty_directory {\n    command {\n        mkdir empty_dir\n    }\n    output
        {\n        Array[File] no_files = glob(\"empty_dir/*.txt\")\n    }\n}\n","root":"","options":"{\n  \"read_from_cache\":
        false,\n  \"workflow_failure_mode\": \"ContinueWhilePossible\",\n  \"write_to_cache\":
        false\n}","inputs":"{}","workflowUrl":"","labels":"{}"},"calls":{"emptyGlobTest.create_empty_directory":[{"executionStatus":"Done","stdout":"/redacted/_DaSL/user/svc_proof_test/cromwell-scratch/emptyGlobTest/6416bc25-88de-4854-a1af-a3b50ff4aebd/call-create_empty_directory/execution/stdout","backendStatus":"Done","commandLine":"mkdir
        empty_dir","shardIndex":-1,"outputs":{"no_files":[]},"runtimeAttributes":{"failOnStderr":"false","partition":"campus-new","continueOnReturnCode":"0","modules":"","gpus":"0","maxRetries":"0","cpu":"1","memory":"1.953125
        GB"},"callCaching":{"allowResultReuse":false,"effectiveCallCachingMode":"CallCachingOff"},"inputs":{},"returnCode":0,"jobId":"43009482","backend":"gizmo","end":"2025-11-30T03:44:21.899Z","start":"2025-11-30T03:43:32.136Z","stderr":"/redacted/_DaSL/user/svc_proof_test/cromwell-scratch/emptyGlobTest/6416bc25-88de-4854-a1af-a3b50ff4aebd/call-create_empty_directory/execution/stderr","callRoot":"/redacted/_DaSL/user/svc_proof_test/cromwell-scratch/emptyGlobTest/6416bc25-88de-4854-a1af-a3b50ff4aebd/call-create_empty_directory","attempt":1,"executionEvents":[{"startTime":"2025-11-30T03:44:21.175Z","description":"UpdatingJobStore","endTime":"2025-11-30T03:44:21.899Z"},{"startTime":"2025-11-30T03:43:32.136Z","description":"RequestingExecutionToken","endTime":"2025-11-30T03:43:41.144Z"},{"startTime":"2025-11-30T03:43:41.157Z","description":"RunningJob","endTime":"2025-11-30T03:44:21.175Z"},{"startTime":"2025-11-30T03:43:32.136Z","description":"Pending","endTime":"2025-11-30T03:43:32.136Z"},{"startTime":"2025-11-30T03:43:41.144Z","description":"WaitingForValueStore","endTime":"2025-11-30T03:43:41.144Z"},{"startTime":"2025-11-30T03:43:41.144Z","description":"PreparingJob","endTime":"2025-11-30T03:43:41.157Z"}]}]},"outputs":{"emptyGlobTest.no_files":[]},"workflowRoot":"/redacted/_DaSL/user/svc_proof_test/cromwell-scratch/emptyGlobTest/6416bc25-88de-4854-a1af-a3b50ff4aebd","actualWorkflowLanguage":"WDL","status":"Succeeded","end":"2025-11-30T03:44:23.137Z","start":"2025-11-30T03:43:31.085Z","id":"6416bc25-88de-4854-a1af-a3b50ff4aebd","inputs":{},"labels":{"cromwell-workflow-id":"cromwell-6416bc25-88de-4854-a1af-a3b50ff4aebd"},"submission":"2025-11-30T03:39:55.765Z"}'
    headers:
      Connection:
      - keep-alive
      Content-Type:
      - application/json
      Date:
      - Sun, 30 Nov 2025 03:44:27 GMT
      Server:
      - nginx/1.25.3
      Transfer-Encoding:
      - chunked
      content-length:
      - '3063'
    status:
      code: 200
      message: OK
version: 1
