interactions:
- request:
    body: "--3ac5a8e91557b9ec85be8800c4196a8e\r\nContent-Disposition: form-data; name=\"workflowSource\";
      filename=\"basicTaskExecution.wdl\"\r\nContent-Type: application/octet-stream\r\n\r\nversion
      1.0\n\n# The basicTaskTest workflow calls a task named simpleTask, which takes
      a string input and writes it to a file called output.txt. It demonstrates a
      basic execution of a task with file output.\n\n# This tests basic task execution,
      input handling, and file output functionality. It ensures that a task can successfully
      take an input and generate an output.\n\nworkflow basicTaskTest {\n  input {\n
      \   String text = \"Hello, World!\"\n  }\n\n  call simpleTask {\n    input:\n
      \     message = text\n  }\n}\n\ntask simpleTask {\n  input {\n    String message\n
      \ }\n\n  command <<<\n    echo \"${message}\" > output.txt\n    >>>\n\n  output
      {\n    File outputFile = \"output.txt\"\n  }\n\n  runtime {\n    docker: \"ubuntu:20.04\"\n
      \ }\n}\n\r\n--3ac5a8e91557b9ec85be8800c4196a8e\r\nContent-Disposition: form-data;
      name=\"workflowOptions\"; filename=\"options.json\"\r\nContent-Type: application/json\r\n\r\n{\n
      \   \"workflow_failure_mode\": \"ContinueWhilePossible\",\n    \"write_to_cache\":
      false,\n    \"read_from_cache\": false\n}\n\r\n--3ac5a8e91557b9ec85be8800c4196a8e--\r\n"
    headers:
      accept:
      - '*/*'
      accept-encoding:
      - gzip, deflate
      connection:
      - keep-alive
      content-length:
      - '1183'
      content-type:
      - multipart/form-data; boundary=3ac5a8e91557b9ec85be8800c4196a8e
      host:
      - gizmok37.fhcrc.org:44649
      user-agent:
      - python-httpx/0.28.1
    method: POST
    uri: https://gizmok37.fhcrc.org:44649/api/workflows/v1
  response:
    body:
      string: '{"id":"3cb8a82a-ac83-4708-8937-337b73c8bef0","status":"Submitted"}'
    headers:
      Connection:
      - keep-alive
      Content-Length:
      - '66'
      Content-Type:
      - application/json
      Date:
      - Wed, 09 Apr 2025 17:42:28 GMT
      Server:
      - nginx/1.25.3
    status:
      code: 201
      message: Created
- request:
    body: ''
    headers:
      accept:
      - '*/*'
      accept-encoding:
      - gzip, deflate
      connection:
      - keep-alive
      host:
      - gizmok37.fhcrc.org:44649
      user-agent:
      - python-httpx/0.28.1
    method: GET
    uri: https://gizmok37.fhcrc.org:44649/api/workflows/v1/3cb8a82a-ac83-4708-8937-337b73c8bef0/metadata?expandSubWorkflows=true
  response:
    body:
      string: '{"submittedFiles":{"workflow":"version 1.0\n\n# The basicTaskTest workflow
        calls a task named simpleTask, which takes a string input and writes it to
        a file called output.txt. It demonstrates a basic execution of a task with
        file output.\n\n# This tests basic task execution, input handling, and file
        output functionality. It ensures that a task can successfully take an input
        and generate an output.\n\nworkflow basicTaskTest {\n  input {\n    String
        text = \"Hello, World!\"\n  }\n\n  call simpleTask {\n    input:\n      message
        = text\n  }\n}\n\ntask simpleTask {\n  input {\n    String message\n  }\n\n  command
        <<<\n    echo \"${message}\" > output.txt\n    >>>\n\n  output {\n    File
        outputFile = \"output.txt\"\n  }\n\n  runtime {\n    docker: \"ubuntu:20.04\"\n  }\n}\n","root":"","options":"{\n  \"read_from_cache\":
        false,\n  \"workflow_failure_mode\": \"ContinueWhilePossible\",\n  \"write_to_cache\":
        false\n}","inputs":"{}","workflowUrl":"","labels":"{}"},"calls":{},"outputs":{},"status":"Submitted","id":"3cb8a82a-ac83-4708-8937-337b73c8bef0","inputs":{},"labels":{"cromwell-workflow-id":"cromwell-3cb8a82a-ac83-4708-8937-337b73c8bef0"},"submission":"2025-04-09T17:42:28.542Z"}'
    headers:
      Connection:
      - keep-alive
      Content-Type:
      - application/json
      Date:
      - Wed, 09 Apr 2025 17:42:33 GMT
      Server:
      - nginx/1.25.3
      Transfer-Encoding:
      - chunked
      content-length:
      - '1194'
    status:
      code: 200
      message: OK
- request:
    body: ''
    headers:
      accept:
      - '*/*'
      accept-encoding:
      - gzip, deflate
      connection:
      - keep-alive
      host:
      - gizmok37.fhcrc.org:44649
      user-agent:
      - python-httpx/0.28.1
    method: GET
    uri: https://gizmok37.fhcrc.org:44649/api/workflows/v1/3cb8a82a-ac83-4708-8937-337b73c8bef0/metadata?expandSubWorkflows=true
  response:
    body:
      string: '{"submittedFiles":{"workflow":"version 1.0\n\n# The basicTaskTest workflow
        calls a task named simpleTask, which takes a string input and writes it to
        a file called output.txt. It demonstrates a basic execution of a task with
        file output.\n\n# This tests basic task execution, input handling, and file
        output functionality. It ensures that a task can successfully take an input
        and generate an output.\n\nworkflow basicTaskTest {\n  input {\n    String
        text = \"Hello, World!\"\n  }\n\n  call simpleTask {\n    input:\n      message
        = text\n  }\n}\n\ntask simpleTask {\n  input {\n    String message\n  }\n\n  command
        <<<\n    echo \"${message}\" > output.txt\n    >>>\n\n  output {\n    File
        outputFile = \"output.txt\"\n  }\n\n  runtime {\n    docker: \"ubuntu:20.04\"\n  }\n}\n","root":"","options":"{\n  \"read_from_cache\":
        false,\n  \"workflow_failure_mode\": \"ContinueWhilePossible\",\n  \"write_to_cache\":
        false\n}","inputs":"{}","workflowUrl":"","labels":"{}"},"calls":{},"outputs":{},"status":"Submitted","id":"3cb8a82a-ac83-4708-8937-337b73c8bef0","inputs":{},"labels":{"cromwell-workflow-id":"cromwell-3cb8a82a-ac83-4708-8937-337b73c8bef0"},"submission":"2025-04-09T17:42:28.542Z"}'
    headers:
      Connection:
      - keep-alive
      Content-Type:
      - application/json
      Date:
      - Wed, 09 Apr 2025 17:42:38 GMT
      Server:
      - nginx/1.25.3
      Transfer-Encoding:
      - chunked
      content-length:
      - '1194'
    status:
      code: 200
      message: OK
- request:
    body: ''
    headers:
      accept:
      - '*/*'
      accept-encoding:
      - gzip, deflate
      connection:
      - keep-alive
      host:
      - gizmok37.fhcrc.org:44649
      user-agent:
      - python-httpx/0.28.1
    method: GET
    uri: https://gizmok37.fhcrc.org:44649/api/workflows/v1/3cb8a82a-ac83-4708-8937-337b73c8bef0/metadata?expandSubWorkflows=true
  response:
    body:
      string: '{"submittedFiles":{"workflow":"version 1.0\n\n# The basicTaskTest workflow
        calls a task named simpleTask, which takes a string input and writes it to
        a file called output.txt. It demonstrates a basic execution of a task with
        file output.\n\n# This tests basic task execution, input handling, and file
        output functionality. It ensures that a task can successfully take an input
        and generate an output.\n\nworkflow basicTaskTest {\n  input {\n    String
        text = \"Hello, World!\"\n  }\n\n  call simpleTask {\n    input:\n      message
        = text\n  }\n}\n\ntask simpleTask {\n  input {\n    String message\n  }\n\n  command
        <<<\n    echo \"${message}\" > output.txt\n    >>>\n\n  output {\n    File
        outputFile = \"output.txt\"\n  }\n\n  runtime {\n    docker: \"ubuntu:20.04\"\n  }\n}\n","root":"","options":"{\n  \"read_from_cache\":
        false,\n  \"workflow_failure_mode\": \"ContinueWhilePossible\",\n  \"write_to_cache\":
        false\n}","inputs":"{}","workflowUrl":"","labels":"{}"},"calls":{},"outputs":{},"status":"Submitted","id":"3cb8a82a-ac83-4708-8937-337b73c8bef0","inputs":{},"labels":{"cromwell-workflow-id":"cromwell-3cb8a82a-ac83-4708-8937-337b73c8bef0"},"submission":"2025-04-09T17:42:28.542Z"}'
    headers:
      Connection:
      - keep-alive
      Content-Type:
      - application/json
      Date:
      - Wed, 09 Apr 2025 17:42:43 GMT
      Server:
      - nginx/1.25.3
      Transfer-Encoding:
      - chunked
      content-length:
      - '1194'
    status:
      code: 200
      message: OK
- request:
    body: ''
    headers:
      accept:
      - '*/*'
      accept-encoding:
      - gzip, deflate
      connection:
      - keep-alive
      host:
      - gizmok37.fhcrc.org:44649
      user-agent:
      - python-httpx/0.28.1
    method: GET
    uri: https://gizmok37.fhcrc.org:44649/api/workflows/v1/3cb8a82a-ac83-4708-8937-337b73c8bef0/metadata?expandSubWorkflows=true
  response:
    body:
      string: '{"submittedFiles":{"workflow":"version 1.0\n\n# The basicTaskTest workflow
        calls a task named simpleTask, which takes a string input and writes it to
        a file called output.txt. It demonstrates a basic execution of a task with
        file output.\n\n# This tests basic task execution, input handling, and file
        output functionality. It ensures that a task can successfully take an input
        and generate an output.\n\nworkflow basicTaskTest {\n  input {\n    String
        text = \"Hello, World!\"\n  }\n\n  call simpleTask {\n    input:\n      message
        = text\n  }\n}\n\ntask simpleTask {\n  input {\n    String message\n  }\n\n  command
        <<<\n    echo \"${message}\" > output.txt\n    >>>\n\n  output {\n    File
        outputFile = \"output.txt\"\n  }\n\n  runtime {\n    docker: \"ubuntu:20.04\"\n  }\n}\n","root":"","options":"{\n  \"read_from_cache\":
        false,\n  \"workflow_failure_mode\": \"ContinueWhilePossible\",\n  \"write_to_cache\":
        false\n}","inputs":"{}","workflowUrl":"","labels":"{}"},"calls":{},"outputs":{},"status":"Submitted","id":"3cb8a82a-ac83-4708-8937-337b73c8bef0","inputs":{},"labels":{"cromwell-workflow-id":"cromwell-3cb8a82a-ac83-4708-8937-337b73c8bef0"},"submission":"2025-04-09T17:42:28.542Z"}'
    headers:
      Connection:
      - keep-alive
      Content-Type:
      - application/json
      Date:
      - Wed, 09 Apr 2025 17:42:48 GMT
      Server:
      - nginx/1.25.3
      Transfer-Encoding:
      - chunked
      content-length:
      - '1194'
    status:
      code: 200
      message: OK
- request:
    body: ''
    headers:
      accept:
      - '*/*'
      accept-encoding:
      - gzip, deflate
      connection:
      - keep-alive
      host:
      - gizmok37.fhcrc.org:44649
      user-agent:
      - python-httpx/0.28.1
    method: GET
    uri: https://gizmok37.fhcrc.org:44649/api/workflows/v1/3cb8a82a-ac83-4708-8937-337b73c8bef0/metadata?expandSubWorkflows=true
  response:
    body:
      string: '{"submittedFiles":{"workflow":"version 1.0\n\n# The basicTaskTest workflow
        calls a task named simpleTask, which takes a string input and writes it to
        a file called output.txt. It demonstrates a basic execution of a task with
        file output.\n\n# This tests basic task execution, input handling, and file
        output functionality. It ensures that a task can successfully take an input
        and generate an output.\n\nworkflow basicTaskTest {\n  input {\n    String
        text = \"Hello, World!\"\n  }\n\n  call simpleTask {\n    input:\n      message
        = text\n  }\n}\n\ntask simpleTask {\n  input {\n    String message\n  }\n\n  command
        <<<\n    echo \"${message}\" > output.txt\n    >>>\n\n  output {\n    File
        outputFile = \"output.txt\"\n  }\n\n  runtime {\n    docker: \"ubuntu:20.04\"\n  }\n}\n","root":"","options":"{\n  \"read_from_cache\":
        false,\n  \"workflow_failure_mode\": \"ContinueWhilePossible\",\n  \"write_to_cache\":
        false\n}","inputs":"{}","workflowUrl":"","labels":"{}"},"calls":{},"outputs":{},"status":"Submitted","id":"3cb8a82a-ac83-4708-8937-337b73c8bef0","inputs":{},"labels":{"cromwell-workflow-id":"cromwell-3cb8a82a-ac83-4708-8937-337b73c8bef0"},"submission":"2025-04-09T17:42:28.542Z"}'
    headers:
      Connection:
      - keep-alive
      Content-Type:
      - application/json
      Date:
      - Wed, 09 Apr 2025 17:42:53 GMT
      Server:
      - nginx/1.25.3
      Transfer-Encoding:
      - chunked
      content-length:
      - '1194'
    status:
      code: 200
      message: OK
- request:
    body: ''
    headers:
      accept:
      - '*/*'
      accept-encoding:
      - gzip, deflate
      connection:
      - keep-alive
      host:
      - gizmok37.fhcrc.org:44649
      user-agent:
      - python-httpx/0.28.1
    method: GET
    uri: https://gizmok37.fhcrc.org:44649/api/workflows/v1/3cb8a82a-ac83-4708-8937-337b73c8bef0/metadata?expandSubWorkflows=true
  response:
    body:
      string: '{"submittedFiles":{"workflow":"version 1.0\n\n# The basicTaskTest workflow
        calls a task named simpleTask, which takes a string input and writes it to
        a file called output.txt. It demonstrates a basic execution of a task with
        file output.\n\n# This tests basic task execution, input handling, and file
        output functionality. It ensures that a task can successfully take an input
        and generate an output.\n\nworkflow basicTaskTest {\n  input {\n    String
        text = \"Hello, World!\"\n  }\n\n  call simpleTask {\n    input:\n      message
        = text\n  }\n}\n\ntask simpleTask {\n  input {\n    String message\n  }\n\n  command
        <<<\n    echo \"${message}\" > output.txt\n    >>>\n\n  output {\n    File
        outputFile = \"output.txt\"\n  }\n\n  runtime {\n    docker: \"ubuntu:20.04\"\n  }\n}\n","root":"","options":"{\n  \"read_from_cache\":
        false,\n  \"workflow_failure_mode\": \"ContinueWhilePossible\",\n  \"write_to_cache\":
        false\n}","inputs":"{}","workflowUrl":"","labels":"{}"},"calls":{},"outputs":{},"status":"Submitted","id":"3cb8a82a-ac83-4708-8937-337b73c8bef0","inputs":{},"labels":{"cromwell-workflow-id":"cromwell-3cb8a82a-ac83-4708-8937-337b73c8bef0"},"submission":"2025-04-09T17:42:28.542Z"}'
    headers:
      Connection:
      - keep-alive
      Content-Type:
      - application/json
      Date:
      - Wed, 09 Apr 2025 17:42:58 GMT
      Server:
      - nginx/1.25.3
      Transfer-Encoding:
      - chunked
      content-length:
      - '1194'
    status:
      code: 200
      message: OK
- request:
    body: ''
    headers:
      accept:
      - '*/*'
      accept-encoding:
      - gzip, deflate
      connection:
      - keep-alive
      host:
      - gizmok37.fhcrc.org:44649
      user-agent:
      - python-httpx/0.28.1
    method: GET
    uri: https://gizmok37.fhcrc.org:44649/api/workflows/v1/3cb8a82a-ac83-4708-8937-337b73c8bef0/metadata?expandSubWorkflows=true
  response:
    body:
      string: '{"submittedFiles":{"workflow":"version 1.0\n\n# The basicTaskTest workflow
        calls a task named simpleTask, which takes a string input and writes it to
        a file called output.txt. It demonstrates a basic execution of a task with
        file output.\n\n# This tests basic task execution, input handling, and file
        output functionality. It ensures that a task can successfully take an input
        and generate an output.\n\nworkflow basicTaskTest {\n  input {\n    String
        text = \"Hello, World!\"\n  }\n\n  call simpleTask {\n    input:\n      message
        = text\n  }\n}\n\ntask simpleTask {\n  input {\n    String message\n  }\n\n  command
        <<<\n    echo \"${message}\" > output.txt\n    >>>\n\n  output {\n    File
        outputFile = \"output.txt\"\n  }\n\n  runtime {\n    docker: \"ubuntu:20.04\"\n  }\n}\n","root":"","options":"{\n  \"read_from_cache\":
        false,\n  \"workflow_failure_mode\": \"ContinueWhilePossible\",\n  \"write_to_cache\":
        false\n}","inputs":"{}","workflowUrl":"","labels":"{}"},"calls":{},"outputs":{},"status":"Submitted","id":"3cb8a82a-ac83-4708-8937-337b73c8bef0","inputs":{},"labels":{"cromwell-workflow-id":"cromwell-3cb8a82a-ac83-4708-8937-337b73c8bef0"},"submission":"2025-04-09T17:42:28.542Z"}'
    headers:
      Connection:
      - keep-alive
      Content-Type:
      - application/json
      Date:
      - Wed, 09 Apr 2025 17:43:03 GMT
      Server:
      - nginx/1.25.3
      Transfer-Encoding:
      - chunked
      content-length:
      - '1194'
    status:
      code: 200
      message: OK
- request:
    body: ''
    headers:
      accept:
      - '*/*'
      accept-encoding:
      - gzip, deflate
      connection:
      - keep-alive
      host:
      - gizmok37.fhcrc.org:44649
      user-agent:
      - python-httpx/0.28.1
    method: GET
    uri: https://gizmok37.fhcrc.org:44649/api/workflows/v1/3cb8a82a-ac83-4708-8937-337b73c8bef0/metadata?expandSubWorkflows=true
  response:
    body:
      string: '{"submittedFiles":{"workflow":"version 1.0\n\n# The basicTaskTest workflow
        calls a task named simpleTask, which takes a string input and writes it to
        a file called output.txt. It demonstrates a basic execution of a task with
        file output.\n\n# This tests basic task execution, input handling, and file
        output functionality. It ensures that a task can successfully take an input
        and generate an output.\n\nworkflow basicTaskTest {\n  input {\n    String
        text = \"Hello, World!\"\n  }\n\n  call simpleTask {\n    input:\n      message
        = text\n  }\n}\n\ntask simpleTask {\n  input {\n    String message\n  }\n\n  command
        <<<\n    echo \"${message}\" > output.txt\n    >>>\n\n  output {\n    File
        outputFile = \"output.txt\"\n  }\n\n  runtime {\n    docker: \"ubuntu:20.04\"\n  }\n}\n","root":"","options":"{\n  \"read_from_cache\":
        false,\n  \"workflow_failure_mode\": \"ContinueWhilePossible\",\n  \"write_to_cache\":
        false\n}","inputs":"{}","workflowUrl":"","labels":"{}"},"calls":{},"outputs":{},"status":"Submitted","id":"3cb8a82a-ac83-4708-8937-337b73c8bef0","inputs":{},"labels":{"cromwell-workflow-id":"cromwell-3cb8a82a-ac83-4708-8937-337b73c8bef0"},"submission":"2025-04-09T17:42:28.542Z"}'
    headers:
      Connection:
      - keep-alive
      Content-Type:
      - application/json
      Date:
      - Wed, 09 Apr 2025 17:43:09 GMT
      Server:
      - nginx/1.25.3
      Transfer-Encoding:
      - chunked
      content-length:
      - '1194'
    status:
      code: 200
      message: OK
- request:
    body: ''
    headers:
      accept:
      - '*/*'
      accept-encoding:
      - gzip, deflate
      connection:
      - keep-alive
      host:
      - gizmok37.fhcrc.org:44649
      user-agent:
      - python-httpx/0.28.1
    method: GET
    uri: https://gizmok37.fhcrc.org:44649/api/workflows/v1/3cb8a82a-ac83-4708-8937-337b73c8bef0/metadata?expandSubWorkflows=true
  response:
    body:
      string: '{"submittedFiles":{"workflow":"version 1.0\n\n# The basicTaskTest workflow
        calls a task named simpleTask, which takes a string input and writes it to
        a file called output.txt. It demonstrates a basic execution of a task with
        file output.\n\n# This tests basic task execution, input handling, and file
        output functionality. It ensures that a task can successfully take an input
        and generate an output.\n\nworkflow basicTaskTest {\n  input {\n    String
        text = \"Hello, World!\"\n  }\n\n  call simpleTask {\n    input:\n      message
        = text\n  }\n}\n\ntask simpleTask {\n  input {\n    String message\n  }\n\n  command
        <<<\n    echo \"${message}\" > output.txt\n    >>>\n\n  output {\n    File
        outputFile = \"output.txt\"\n  }\n\n  runtime {\n    docker: \"ubuntu:20.04\"\n  }\n}\n","root":"","options":"{\n  \"read_from_cache\":
        false,\n  \"workflow_failure_mode\": \"ContinueWhilePossible\",\n  \"write_to_cache\":
        false\n}","inputs":"{}","workflowUrl":"","labels":"{}"},"calls":{},"outputs":{},"status":"Submitted","id":"3cb8a82a-ac83-4708-8937-337b73c8bef0","inputs":{},"labels":{"cromwell-workflow-id":"cromwell-3cb8a82a-ac83-4708-8937-337b73c8bef0"},"submission":"2025-04-09T17:42:28.542Z"}'
    headers:
      Connection:
      - keep-alive
      Content-Type:
      - application/json
      Date:
      - Wed, 09 Apr 2025 17:43:14 GMT
      Server:
      - nginx/1.25.3
      Transfer-Encoding:
      - chunked
      content-length:
      - '1194'
    status:
      code: 200
      message: OK
- request:
    body: ''
    headers:
      accept:
      - '*/*'
      accept-encoding:
      - gzip, deflate
      connection:
      - keep-alive
      host:
      - gizmok37.fhcrc.org:44649
      user-agent:
      - python-httpx/0.28.1
    method: GET
    uri: https://gizmok37.fhcrc.org:44649/api/workflows/v1/3cb8a82a-ac83-4708-8937-337b73c8bef0/metadata?expandSubWorkflows=true
  response:
    body:
      string: '{"submittedFiles":{"workflow":"version 1.0\n\n# The basicTaskTest workflow
        calls a task named simpleTask, which takes a string input and writes it to
        a file called output.txt. It demonstrates a basic execution of a task with
        file output.\n\n# This tests basic task execution, input handling, and file
        output functionality. It ensures that a task can successfully take an input
        and generate an output.\n\nworkflow basicTaskTest {\n  input {\n    String
        text = \"Hello, World!\"\n  }\n\n  call simpleTask {\n    input:\n      message
        = text\n  }\n}\n\ntask simpleTask {\n  input {\n    String message\n  }\n\n  command
        <<<\n    echo \"${message}\" > output.txt\n    >>>\n\n  output {\n    File
        outputFile = \"output.txt\"\n  }\n\n  runtime {\n    docker: \"ubuntu:20.04\"\n  }\n}\n","root":"","options":"{\n  \"read_from_cache\":
        false,\n  \"workflow_failure_mode\": \"ContinueWhilePossible\",\n  \"write_to_cache\":
        false\n}","inputs":"{}","workflowUrl":"","labels":"{}"},"calls":{},"outputs":{},"status":"Submitted","id":"3cb8a82a-ac83-4708-8937-337b73c8bef0","inputs":{},"labels":{"cromwell-workflow-id":"cromwell-3cb8a82a-ac83-4708-8937-337b73c8bef0"},"submission":"2025-04-09T17:42:28.542Z"}'
    headers:
      Connection:
      - keep-alive
      Content-Type:
      - application/json
      Date:
      - Wed, 09 Apr 2025 17:43:19 GMT
      Server:
      - nginx/1.25.3
      Transfer-Encoding:
      - chunked
      content-length:
      - '1194'
    status:
      code: 200
      message: OK
- request:
    body: ''
    headers:
      accept:
      - '*/*'
      accept-encoding:
      - gzip, deflate
      connection:
      - keep-alive
      host:
      - gizmok37.fhcrc.org:44649
      user-agent:
      - python-httpx/0.28.1
    method: GET
    uri: https://gizmok37.fhcrc.org:44649/api/workflows/v1/3cb8a82a-ac83-4708-8937-337b73c8bef0/metadata?expandSubWorkflows=true
  response:
    body:
      string: '{"submittedFiles":{"workflow":"version 1.0\n\n# The basicTaskTest workflow
        calls a task named simpleTask, which takes a string input and writes it to
        a file called output.txt. It demonstrates a basic execution of a task with
        file output.\n\n# This tests basic task execution, input handling, and file
        output functionality. It ensures that a task can successfully take an input
        and generate an output.\n\nworkflow basicTaskTest {\n  input {\n    String
        text = \"Hello, World!\"\n  }\n\n  call simpleTask {\n    input:\n      message
        = text\n  }\n}\n\ntask simpleTask {\n  input {\n    String message\n  }\n\n  command
        <<<\n    echo \"${message}\" > output.txt\n    >>>\n\n  output {\n    File
        outputFile = \"output.txt\"\n  }\n\n  runtime {\n    docker: \"ubuntu:20.04\"\n  }\n}\n","root":"","options":"{\n  \"read_from_cache\":
        false,\n  \"workflow_failure_mode\": \"ContinueWhilePossible\",\n  \"write_to_cache\":
        false\n}","inputs":"{}","workflowUrl":"","labels":"{}"},"calls":{},"outputs":{},"status":"Submitted","id":"3cb8a82a-ac83-4708-8937-337b73c8bef0","inputs":{},"labels":{"cromwell-workflow-id":"cromwell-3cb8a82a-ac83-4708-8937-337b73c8bef0"},"submission":"2025-04-09T17:42:28.542Z"}'
    headers:
      Connection:
      - keep-alive
      Content-Type:
      - application/json
      Date:
      - Wed, 09 Apr 2025 17:43:24 GMT
      Server:
      - nginx/1.25.3
      Transfer-Encoding:
      - chunked
      content-length:
      - '1194'
    status:
      code: 200
      message: OK
- request:
    body: ''
    headers:
      accept:
      - '*/*'
      accept-encoding:
      - gzip, deflate
      connection:
      - keep-alive
      host:
      - gizmok37.fhcrc.org:44649
      user-agent:
      - python-httpx/0.28.1
    method: GET
    uri: https://gizmok37.fhcrc.org:44649/api/workflows/v1/3cb8a82a-ac83-4708-8937-337b73c8bef0/metadata?expandSubWorkflows=true
  response:
    body:
      string: '{"submittedFiles":{"workflow":"version 1.0\n\n# The basicTaskTest workflow
        calls a task named simpleTask, which takes a string input and writes it to
        a file called output.txt. It demonstrates a basic execution of a task with
        file output.\n\n# This tests basic task execution, input handling, and file
        output functionality. It ensures that a task can successfully take an input
        and generate an output.\n\nworkflow basicTaskTest {\n  input {\n    String
        text = \"Hello, World!\"\n  }\n\n  call simpleTask {\n    input:\n      message
        = text\n  }\n}\n\ntask simpleTask {\n  input {\n    String message\n  }\n\n  command
        <<<\n    echo \"${message}\" > output.txt\n    >>>\n\n  output {\n    File
        outputFile = \"output.txt\"\n  }\n\n  runtime {\n    docker: \"ubuntu:20.04\"\n  }\n}\n","root":"","options":"{\n  \"read_from_cache\":
        false,\n  \"workflow_failure_mode\": \"ContinueWhilePossible\",\n  \"write_to_cache\":
        false\n}","inputs":"{}","workflowUrl":"","labels":"{}"},"calls":{},"outputs":{},"status":"Submitted","id":"3cb8a82a-ac83-4708-8937-337b73c8bef0","inputs":{},"labels":{"cromwell-workflow-id":"cromwell-3cb8a82a-ac83-4708-8937-337b73c8bef0"},"submission":"2025-04-09T17:42:28.542Z"}'
    headers:
      Connection:
      - keep-alive
      Content-Type:
      - application/json
      Date:
      - Wed, 09 Apr 2025 17:43:29 GMT
      Server:
      - nginx/1.25.3
      Transfer-Encoding:
      - chunked
      content-length:
      - '1194'
    status:
      code: 200
      message: OK
- request:
    body: ''
    headers:
      accept:
      - '*/*'
      accept-encoding:
      - gzip, deflate
      connection:
      - keep-alive
      host:
      - gizmok37.fhcrc.org:44649
      user-agent:
      - python-httpx/0.28.1
    method: GET
    uri: https://gizmok37.fhcrc.org:44649/api/workflows/v1/3cb8a82a-ac83-4708-8937-337b73c8bef0/metadata?expandSubWorkflows=true
  response:
    body:
      string: '{"submittedFiles":{"workflow":"version 1.0\n\n# The basicTaskTest workflow
        calls a task named simpleTask, which takes a string input and writes it to
        a file called output.txt. It demonstrates a basic execution of a task with
        file output.\n\n# This tests basic task execution, input handling, and file
        output functionality. It ensures that a task can successfully take an input
        and generate an output.\n\nworkflow basicTaskTest {\n  input {\n    String
        text = \"Hello, World!\"\n  }\n\n  call simpleTask {\n    input:\n      message
        = text\n  }\n}\n\ntask simpleTask {\n  input {\n    String message\n  }\n\n  command
        <<<\n    echo \"${message}\" > output.txt\n    >>>\n\n  output {\n    File
        outputFile = \"output.txt\"\n  }\n\n  runtime {\n    docker: \"ubuntu:20.04\"\n  }\n}\n","root":"","options":"{\n  \"read_from_cache\":
        false,\n  \"workflow_failure_mode\": \"ContinueWhilePossible\",\n  \"write_to_cache\":
        false\n}","inputs":"{}","workflowUrl":"","labels":"{}"},"calls":{},"outputs":{},"status":"Submitted","id":"3cb8a82a-ac83-4708-8937-337b73c8bef0","inputs":{},"labels":{"cromwell-workflow-id":"cromwell-3cb8a82a-ac83-4708-8937-337b73c8bef0"},"submission":"2025-04-09T17:42:28.542Z"}'
    headers:
      Connection:
      - keep-alive
      Content-Type:
      - application/json
      Date:
      - Wed, 09 Apr 2025 17:43:34 GMT
      Server:
      - nginx/1.25.3
      Transfer-Encoding:
      - chunked
      content-length:
      - '1194'
    status:
      code: 200
      message: OK
- request:
    body: ''
    headers:
      accept:
      - '*/*'
      accept-encoding:
      - gzip, deflate
      connection:
      - keep-alive
      host:
      - gizmok37.fhcrc.org:44649
      user-agent:
      - python-httpx/0.28.1
    method: GET
    uri: https://gizmok37.fhcrc.org:44649/api/workflows/v1/3cb8a82a-ac83-4708-8937-337b73c8bef0/metadata?expandSubWorkflows=true
  response:
    body:
      string: '{"submittedFiles":{"workflow":"version 1.0\n\n# The basicTaskTest workflow
        calls a task named simpleTask, which takes a string input and writes it to
        a file called output.txt. It demonstrates a basic execution of a task with
        file output.\n\n# This tests basic task execution, input handling, and file
        output functionality. It ensures that a task can successfully take an input
        and generate an output.\n\nworkflow basicTaskTest {\n  input {\n    String
        text = \"Hello, World!\"\n  }\n\n  call simpleTask {\n    input:\n      message
        = text\n  }\n}\n\ntask simpleTask {\n  input {\n    String message\n  }\n\n  command
        <<<\n    echo \"${message}\" > output.txt\n    >>>\n\n  output {\n    File
        outputFile = \"output.txt\"\n  }\n\n  runtime {\n    docker: \"ubuntu:20.04\"\n  }\n}\n","root":"","options":"{\n  \"read_from_cache\":
        false,\n  \"workflow_failure_mode\": \"ContinueWhilePossible\",\n  \"write_to_cache\":
        false\n}","inputs":"{}","workflowUrl":"","labels":"{}"},"calls":{},"outputs":{},"status":"Submitted","id":"3cb8a82a-ac83-4708-8937-337b73c8bef0","inputs":{},"labels":{"cromwell-workflow-id":"cromwell-3cb8a82a-ac83-4708-8937-337b73c8bef0"},"submission":"2025-04-09T17:42:28.542Z"}'
    headers:
      Connection:
      - keep-alive
      Content-Type:
      - application/json
      Date:
      - Wed, 09 Apr 2025 17:43:39 GMT
      Server:
      - nginx/1.25.3
      Transfer-Encoding:
      - chunked
      content-length:
      - '1194'
    status:
      code: 200
      message: OK
- request:
    body: ''
    headers:
      accept:
      - '*/*'
      accept-encoding:
      - gzip, deflate
      connection:
      - keep-alive
      host:
      - gizmok37.fhcrc.org:44649
      user-agent:
      - python-httpx/0.28.1
    method: GET
    uri: https://gizmok37.fhcrc.org:44649/api/workflows/v1/3cb8a82a-ac83-4708-8937-337b73c8bef0/metadata?expandSubWorkflows=true
  response:
    body:
      string: '{"submittedFiles":{"workflow":"version 1.0\n\n# The basicTaskTest workflow
        calls a task named simpleTask, which takes a string input and writes it to
        a file called output.txt. It demonstrates a basic execution of a task with
        file output.\n\n# This tests basic task execution, input handling, and file
        output functionality. It ensures that a task can successfully take an input
        and generate an output.\n\nworkflow basicTaskTest {\n  input {\n    String
        text = \"Hello, World!\"\n  }\n\n  call simpleTask {\n    input:\n      message
        = text\n  }\n}\n\ntask simpleTask {\n  input {\n    String message\n  }\n\n  command
        <<<\n    echo \"${message}\" > output.txt\n    >>>\n\n  output {\n    File
        outputFile = \"output.txt\"\n  }\n\n  runtime {\n    docker: \"ubuntu:20.04\"\n  }\n}\n","root":"","options":"{\n  \"read_from_cache\":
        false,\n  \"workflow_failure_mode\": \"ContinueWhilePossible\",\n  \"write_to_cache\":
        false\n}","inputs":"{}","workflowUrl":"","labels":"{}"},"calls":{},"outputs":{},"status":"Submitted","id":"3cb8a82a-ac83-4708-8937-337b73c8bef0","inputs":{},"labels":{"cromwell-workflow-id":"cromwell-3cb8a82a-ac83-4708-8937-337b73c8bef0"},"submission":"2025-04-09T17:42:28.542Z"}'
    headers:
      Connection:
      - keep-alive
      Content-Type:
      - application/json
      Date:
      - Wed, 09 Apr 2025 17:43:44 GMT
      Server:
      - nginx/1.25.3
      Transfer-Encoding:
      - chunked
      content-length:
      - '1194'
    status:
      code: 200
      message: OK
- request:
    body: ''
    headers:
      accept:
      - '*/*'
      accept-encoding:
      - gzip, deflate
      connection:
      - keep-alive
      host:
      - gizmok37.fhcrc.org:44649
      user-agent:
      - python-httpx/0.28.1
    method: GET
    uri: https://gizmok37.fhcrc.org:44649/api/workflows/v1/3cb8a82a-ac83-4708-8937-337b73c8bef0/metadata?expandSubWorkflows=true
  response:
    body:
      string: '{"submittedFiles":{"workflow":"version 1.0\n\n# The basicTaskTest workflow
        calls a task named simpleTask, which takes a string input and writes it to
        a file called output.txt. It demonstrates a basic execution of a task with
        file output.\n\n# This tests basic task execution, input handling, and file
        output functionality. It ensures that a task can successfully take an input
        and generate an output.\n\nworkflow basicTaskTest {\n  input {\n    String
        text = \"Hello, World!\"\n  }\n\n  call simpleTask {\n    input:\n      message
        = text\n  }\n}\n\ntask simpleTask {\n  input {\n    String message\n  }\n\n  command
        <<<\n    echo \"${message}\" > output.txt\n    >>>\n\n  output {\n    File
        outputFile = \"output.txt\"\n  }\n\n  runtime {\n    docker: \"ubuntu:20.04\"\n  }\n}\n","root":"","options":"{\n  \"read_from_cache\":
        false,\n  \"workflow_failure_mode\": \"ContinueWhilePossible\",\n  \"write_to_cache\":
        false\n}","inputs":"{}","workflowUrl":"","labels":"{}"},"calls":{},"outputs":{},"status":"Submitted","id":"3cb8a82a-ac83-4708-8937-337b73c8bef0","inputs":{},"labels":{"cromwell-workflow-id":"cromwell-3cb8a82a-ac83-4708-8937-337b73c8bef0"},"submission":"2025-04-09T17:42:28.542Z"}'
    headers:
      Connection:
      - keep-alive
      Content-Type:
      - application/json
      Date:
      - Wed, 09 Apr 2025 17:43:49 GMT
      Server:
      - nginx/1.25.3
      Transfer-Encoding:
      - chunked
      content-length:
      - '1194'
    status:
      code: 200
      message: OK
- request:
    body: ''
    headers:
      accept:
      - '*/*'
      accept-encoding:
      - gzip, deflate
      connection:
      - keep-alive
      host:
      - gizmok37.fhcrc.org:44649
      user-agent:
      - python-httpx/0.28.1
    method: GET
    uri: https://gizmok37.fhcrc.org:44649/api/workflows/v1/3cb8a82a-ac83-4708-8937-337b73c8bef0/metadata?expandSubWorkflows=true
  response:
    body:
      string: '{"submittedFiles":{"workflow":"version 1.0\n\n# The basicTaskTest workflow
        calls a task named simpleTask, which takes a string input and writes it to
        a file called output.txt. It demonstrates a basic execution of a task with
        file output.\n\n# This tests basic task execution, input handling, and file
        output functionality. It ensures that a task can successfully take an input
        and generate an output.\n\nworkflow basicTaskTest {\n  input {\n    String
        text = \"Hello, World!\"\n  }\n\n  call simpleTask {\n    input:\n      message
        = text\n  }\n}\n\ntask simpleTask {\n  input {\n    String message\n  }\n\n  command
        <<<\n    echo \"${message}\" > output.txt\n    >>>\n\n  output {\n    File
        outputFile = \"output.txt\"\n  }\n\n  runtime {\n    docker: \"ubuntu:20.04\"\n  }\n}\n","root":"","options":"{\n  \"read_from_cache\":
        false,\n  \"workflow_failure_mode\": \"ContinueWhilePossible\",\n  \"write_to_cache\":
        false\n}","inputs":"{}","workflowUrl":"","labels":"{}"},"calls":{},"outputs":{},"status":"Submitted","id":"3cb8a82a-ac83-4708-8937-337b73c8bef0","inputs":{},"labels":{"cromwell-workflow-id":"cromwell-3cb8a82a-ac83-4708-8937-337b73c8bef0"},"submission":"2025-04-09T17:42:28.542Z"}'
    headers:
      Connection:
      - keep-alive
      Content-Type:
      - application/json
      Date:
      - Wed, 09 Apr 2025 17:43:54 GMT
      Server:
      - nginx/1.25.3
      Transfer-Encoding:
      - chunked
      content-length:
      - '1194'
    status:
      code: 200
      message: OK
- request:
    body: ''
    headers:
      accept:
      - '*/*'
      accept-encoding:
      - gzip, deflate
      connection:
      - keep-alive
      host:
      - gizmok37.fhcrc.org:44649
      user-agent:
      - python-httpx/0.28.1
    method: GET
    uri: https://gizmok37.fhcrc.org:44649/api/workflows/v1/3cb8a82a-ac83-4708-8937-337b73c8bef0/metadata?expandSubWorkflows=true
  response:
    body:
      string: '{"submittedFiles":{"workflow":"version 1.0\n\n# The basicTaskTest workflow
        calls a task named simpleTask, which takes a string input and writes it to
        a file called output.txt. It demonstrates a basic execution of a task with
        file output.\n\n# This tests basic task execution, input handling, and file
        output functionality. It ensures that a task can successfully take an input
        and generate an output.\n\nworkflow basicTaskTest {\n  input {\n    String
        text = \"Hello, World!\"\n  }\n\n  call simpleTask {\n    input:\n      message
        = text\n  }\n}\n\ntask simpleTask {\n  input {\n    String message\n  }\n\n  command
        <<<\n    echo \"${message}\" > output.txt\n    >>>\n\n  output {\n    File
        outputFile = \"output.txt\"\n  }\n\n  runtime {\n    docker: \"ubuntu:20.04\"\n  }\n}\n","root":"","options":"{\n  \"read_from_cache\":
        false,\n  \"workflow_failure_mode\": \"ContinueWhilePossible\",\n  \"write_to_cache\":
        false\n}","inputs":"{}","workflowUrl":"","labels":"{}"},"calls":{},"outputs":{},"status":"Submitted","id":"3cb8a82a-ac83-4708-8937-337b73c8bef0","inputs":{},"labels":{"cromwell-workflow-id":"cromwell-3cb8a82a-ac83-4708-8937-337b73c8bef0"},"submission":"2025-04-09T17:42:28.542Z"}'
    headers:
      Connection:
      - keep-alive
      Content-Type:
      - application/json
      Date:
      - Wed, 09 Apr 2025 17:43:59 GMT
      Server:
      - nginx/1.25.3
      Transfer-Encoding:
      - chunked
      content-length:
      - '1194'
    status:
      code: 200
      message: OK
- request:
    body: ''
    headers:
      accept:
      - '*/*'
      accept-encoding:
      - gzip, deflate
      connection:
      - keep-alive
      host:
      - gizmok37.fhcrc.org:44649
      user-agent:
      - python-httpx/0.28.1
    method: GET
    uri: https://gizmok37.fhcrc.org:44649/api/workflows/v1/3cb8a82a-ac83-4708-8937-337b73c8bef0/metadata?expandSubWorkflows=true
  response:
    body:
      string: '{"submittedFiles":{"workflow":"version 1.0\n\n# The basicTaskTest workflow
        calls a task named simpleTask, which takes a string input and writes it to
        a file called output.txt. It demonstrates a basic execution of a task with
        file output.\n\n# This tests basic task execution, input handling, and file
        output functionality. It ensures that a task can successfully take an input
        and generate an output.\n\nworkflow basicTaskTest {\n  input {\n    String
        text = \"Hello, World!\"\n  }\n\n  call simpleTask {\n    input:\n      message
        = text\n  }\n}\n\ntask simpleTask {\n  input {\n    String message\n  }\n\n  command
        <<<\n    echo \"${message}\" > output.txt\n    >>>\n\n  output {\n    File
        outputFile = \"output.txt\"\n  }\n\n  runtime {\n    docker: \"ubuntu:20.04\"\n  }\n}\n","root":"","options":"{\n  \"read_from_cache\":
        false,\n  \"workflow_failure_mode\": \"ContinueWhilePossible\",\n  \"write_to_cache\":
        false\n}","inputs":"{}","workflowUrl":"","labels":"{}"},"calls":{},"outputs":{},"status":"Submitted","id":"3cb8a82a-ac83-4708-8937-337b73c8bef0","inputs":{},"labels":{"cromwell-workflow-id":"cromwell-3cb8a82a-ac83-4708-8937-337b73c8bef0"},"submission":"2025-04-09T17:42:28.542Z"}'
    headers:
      Connection:
      - keep-alive
      Content-Type:
      - application/json
      Date:
      - Wed, 09 Apr 2025 17:44:04 GMT
      Server:
      - nginx/1.25.3
      Transfer-Encoding:
      - chunked
      content-length:
      - '1194'
    status:
      code: 200
      message: OK
- request:
    body: ''
    headers:
      accept:
      - '*/*'
      accept-encoding:
      - gzip, deflate
      connection:
      - keep-alive
      host:
      - gizmok37.fhcrc.org:44649
      user-agent:
      - python-httpx/0.28.1
    method: GET
    uri: https://gizmok37.fhcrc.org:44649/api/workflows/v1/3cb8a82a-ac83-4708-8937-337b73c8bef0/metadata?expandSubWorkflows=true
  response:
    body:
      string: '{"submittedFiles":{"workflow":"version 1.0\n\n# The basicTaskTest workflow
        calls a task named simpleTask, which takes a string input and writes it to
        a file called output.txt. It demonstrates a basic execution of a task with
        file output.\n\n# This tests basic task execution, input handling, and file
        output functionality. It ensures that a task can successfully take an input
        and generate an output.\n\nworkflow basicTaskTest {\n  input {\n    String
        text = \"Hello, World!\"\n  }\n\n  call simpleTask {\n    input:\n      message
        = text\n  }\n}\n\ntask simpleTask {\n  input {\n    String message\n  }\n\n  command
        <<<\n    echo \"${message}\" > output.txt\n    >>>\n\n  output {\n    File
        outputFile = \"output.txt\"\n  }\n\n  runtime {\n    docker: \"ubuntu:20.04\"\n  }\n}\n","root":"","options":"{\n  \"read_from_cache\":
        false,\n  \"workflow_failure_mode\": \"ContinueWhilePossible\",\n  \"write_to_cache\":
        false\n}","inputs":"{}","workflowUrl":"","labels":"{}"},"calls":{},"outputs":{},"status":"Submitted","id":"3cb8a82a-ac83-4708-8937-337b73c8bef0","inputs":{},"labels":{"cromwell-workflow-id":"cromwell-3cb8a82a-ac83-4708-8937-337b73c8bef0"},"submission":"2025-04-09T17:42:28.542Z"}'
    headers:
      Connection:
      - keep-alive
      Content-Type:
      - application/json
      Date:
      - Wed, 09 Apr 2025 17:44:09 GMT
      Server:
      - nginx/1.25.3
      Transfer-Encoding:
      - chunked
      content-length:
      - '1194'
    status:
      code: 200
      message: OK
- request:
    body: ''
    headers:
      accept:
      - '*/*'
      accept-encoding:
      - gzip, deflate
      connection:
      - keep-alive
      host:
      - gizmok37.fhcrc.org:44649
      user-agent:
      - python-httpx/0.28.1
    method: GET
    uri: https://gizmok37.fhcrc.org:44649/api/workflows/v1/3cb8a82a-ac83-4708-8937-337b73c8bef0/metadata?expandSubWorkflows=true
  response:
    body:
      string: '{"submittedFiles":{"workflow":"version 1.0\n\n# The basicTaskTest workflow
        calls a task named simpleTask, which takes a string input and writes it to
        a file called output.txt. It demonstrates a basic execution of a task with
        file output.\n\n# This tests basic task execution, input handling, and file
        output functionality. It ensures that a task can successfully take an input
        and generate an output.\n\nworkflow basicTaskTest {\n  input {\n    String
        text = \"Hello, World!\"\n  }\n\n  call simpleTask {\n    input:\n      message
        = text\n  }\n}\n\ntask simpleTask {\n  input {\n    String message\n  }\n\n  command
        <<<\n    echo \"${message}\" > output.txt\n    >>>\n\n  output {\n    File
        outputFile = \"output.txt\"\n  }\n\n  runtime {\n    docker: \"ubuntu:20.04\"\n  }\n}\n","root":"","options":"{\n  \"read_from_cache\":
        false,\n  \"workflow_failure_mode\": \"ContinueWhilePossible\",\n  \"write_to_cache\":
        false\n}","inputs":"{}","workflowUrl":"","labels":"{}"},"calls":{},"outputs":{},"status":"Submitted","id":"3cb8a82a-ac83-4708-8937-337b73c8bef0","inputs":{},"labels":{"cromwell-workflow-id":"cromwell-3cb8a82a-ac83-4708-8937-337b73c8bef0"},"submission":"2025-04-09T17:42:28.542Z"}'
    headers:
      Connection:
      - keep-alive
      Content-Type:
      - application/json
      Date:
      - Wed, 09 Apr 2025 17:44:14 GMT
      Server:
      - nginx/1.25.3
      Transfer-Encoding:
      - chunked
      content-length:
      - '1194'
    status:
      code: 200
      message: OK
- request:
    body: ''
    headers:
      accept:
      - '*/*'
      accept-encoding:
      - gzip, deflate
      connection:
      - keep-alive
      host:
      - gizmok37.fhcrc.org:44649
      user-agent:
      - python-httpx/0.28.1
    method: GET
    uri: https://gizmok37.fhcrc.org:44649/api/workflows/v1/3cb8a82a-ac83-4708-8937-337b73c8bef0/metadata?expandSubWorkflows=true
  response:
    body:
      string: '{"submittedFiles":{"workflow":"version 1.0\n\n# The basicTaskTest workflow
        calls a task named simpleTask, which takes a string input and writes it to
        a file called output.txt. It demonstrates a basic execution of a task with
        file output.\n\n# This tests basic task execution, input handling, and file
        output functionality. It ensures that a task can successfully take an input
        and generate an output.\n\nworkflow basicTaskTest {\n  input {\n    String
        text = \"Hello, World!\"\n  }\n\n  call simpleTask {\n    input:\n      message
        = text\n  }\n}\n\ntask simpleTask {\n  input {\n    String message\n  }\n\n  command
        <<<\n    echo \"${message}\" > output.txt\n    >>>\n\n  output {\n    File
        outputFile = \"output.txt\"\n  }\n\n  runtime {\n    docker: \"ubuntu:20.04\"\n  }\n}\n","root":"","options":"{\n  \"read_from_cache\":
        false,\n  \"workflow_failure_mode\": \"ContinueWhilePossible\",\n  \"write_to_cache\":
        false\n}","inputs":"{}","workflowUrl":"","labels":"{}"},"calls":{},"outputs":{},"status":"Submitted","id":"3cb8a82a-ac83-4708-8937-337b73c8bef0","inputs":{},"labels":{"cromwell-workflow-id":"cromwell-3cb8a82a-ac83-4708-8937-337b73c8bef0"},"submission":"2025-04-09T17:42:28.542Z"}'
    headers:
      Connection:
      - keep-alive
      Content-Type:
      - application/json
      Date:
      - Wed, 09 Apr 2025 17:44:19 GMT
      Server:
      - nginx/1.25.3
      Transfer-Encoding:
      - chunked
      content-length:
      - '1194'
    status:
      code: 200
      message: OK
- request:
    body: ''
    headers:
      accept:
      - '*/*'
      accept-encoding:
      - gzip, deflate
      connection:
      - keep-alive
      host:
      - gizmok37.fhcrc.org:44649
      user-agent:
      - python-httpx/0.28.1
    method: GET
    uri: https://gizmok37.fhcrc.org:44649/api/workflows/v1/3cb8a82a-ac83-4708-8937-337b73c8bef0/metadata?expandSubWorkflows=true
  response:
    body:
      string: '{"submittedFiles":{"workflow":"version 1.0\n\n# The basicTaskTest workflow
        calls a task named simpleTask, which takes a string input and writes it to
        a file called output.txt. It demonstrates a basic execution of a task with
        file output.\n\n# This tests basic task execution, input handling, and file
        output functionality. It ensures that a task can successfully take an input
        and generate an output.\n\nworkflow basicTaskTest {\n  input {\n    String
        text = \"Hello, World!\"\n  }\n\n  call simpleTask {\n    input:\n      message
        = text\n  }\n}\n\ntask simpleTask {\n  input {\n    String message\n  }\n\n  command
        <<<\n    echo \"${message}\" > output.txt\n    >>>\n\n  output {\n    File
        outputFile = \"output.txt\"\n  }\n\n  runtime {\n    docker: \"ubuntu:20.04\"\n  }\n}\n","root":"","options":"{\n  \"read_from_cache\":
        false,\n  \"workflow_failure_mode\": \"ContinueWhilePossible\",\n  \"write_to_cache\":
        false\n}","inputs":"{}","workflowUrl":"","labels":"{}"},"calls":{},"outputs":{},"status":"Submitted","id":"3cb8a82a-ac83-4708-8937-337b73c8bef0","inputs":{},"labels":{"cromwell-workflow-id":"cromwell-3cb8a82a-ac83-4708-8937-337b73c8bef0"},"submission":"2025-04-09T17:42:28.542Z"}'
    headers:
      Connection:
      - keep-alive
      Content-Type:
      - application/json
      Date:
      - Wed, 09 Apr 2025 17:44:25 GMT
      Server:
      - nginx/1.25.3
      Transfer-Encoding:
      - chunked
      content-length:
      - '1194'
    status:
      code: 200
      message: OK
- request:
    body: ''
    headers:
      accept:
      - '*/*'
      accept-encoding:
      - gzip, deflate
      connection:
      - keep-alive
      host:
      - gizmok37.fhcrc.org:44649
      user-agent:
      - python-httpx/0.28.1
    method: GET
    uri: https://gizmok37.fhcrc.org:44649/api/workflows/v1/3cb8a82a-ac83-4708-8937-337b73c8bef0/metadata?expandSubWorkflows=true
  response:
    body:
      string: '{"submittedFiles":{"workflow":"version 1.0\n\n# The basicTaskTest workflow
        calls a task named simpleTask, which takes a string input and writes it to
        a file called output.txt. It demonstrates a basic execution of a task with
        file output.\n\n# This tests basic task execution, input handling, and file
        output functionality. It ensures that a task can successfully take an input
        and generate an output.\n\nworkflow basicTaskTest {\n  input {\n    String
        text = \"Hello, World!\"\n  }\n\n  call simpleTask {\n    input:\n      message
        = text\n  }\n}\n\ntask simpleTask {\n  input {\n    String message\n  }\n\n  command
        <<<\n    echo \"${message}\" > output.txt\n    >>>\n\n  output {\n    File
        outputFile = \"output.txt\"\n  }\n\n  runtime {\n    docker: \"ubuntu:20.04\"\n  }\n}\n","root":"","options":"{\n  \"read_from_cache\":
        false,\n  \"workflow_failure_mode\": \"ContinueWhilePossible\",\n  \"write_to_cache\":
        false\n}","inputs":"{}","workflowUrl":"","labels":"{}"},"calls":{},"outputs":{},"status":"Submitted","id":"3cb8a82a-ac83-4708-8937-337b73c8bef0","inputs":{},"labels":{"cromwell-workflow-id":"cromwell-3cb8a82a-ac83-4708-8937-337b73c8bef0"},"submission":"2025-04-09T17:42:28.542Z"}'
    headers:
      Connection:
      - keep-alive
      Content-Type:
      - application/json
      Date:
      - Wed, 09 Apr 2025 17:44:30 GMT
      Server:
      - nginx/1.25.3
      Transfer-Encoding:
      - chunked
      content-length:
      - '1194'
    status:
      code: 200
      message: OK
- request:
    body: ''
    headers:
      accept:
      - '*/*'
      accept-encoding:
      - gzip, deflate
      connection:
      - keep-alive
      host:
      - gizmok37.fhcrc.org:44649
      user-agent:
      - python-httpx/0.28.1
    method: GET
    uri: https://gizmok37.fhcrc.org:44649/api/workflows/v1/3cb8a82a-ac83-4708-8937-337b73c8bef0/metadata?expandSubWorkflows=true
  response:
    body:
      string: '{"submittedFiles":{"workflow":"version 1.0\n\n# The basicTaskTest workflow
        calls a task named simpleTask, which takes a string input and writes it to
        a file called output.txt. It demonstrates a basic execution of a task with
        file output.\n\n# This tests basic task execution, input handling, and file
        output functionality. It ensures that a task can successfully take an input
        and generate an output.\n\nworkflow basicTaskTest {\n  input {\n    String
        text = \"Hello, World!\"\n  }\n\n  call simpleTask {\n    input:\n      message
        = text\n  }\n}\n\ntask simpleTask {\n  input {\n    String message\n  }\n\n  command
        <<<\n    echo \"${message}\" > output.txt\n    >>>\n\n  output {\n    File
        outputFile = \"output.txt\"\n  }\n\n  runtime {\n    docker: \"ubuntu:20.04\"\n  }\n}\n","root":"","options":"{\n  \"read_from_cache\":
        false,\n  \"workflow_failure_mode\": \"ContinueWhilePossible\",\n  \"write_to_cache\":
        false\n}","inputs":"{}","workflowUrl":"","labels":"{}"},"calls":{},"outputs":{},"status":"Submitted","id":"3cb8a82a-ac83-4708-8937-337b73c8bef0","inputs":{},"labels":{"cromwell-workflow-id":"cromwell-3cb8a82a-ac83-4708-8937-337b73c8bef0"},"submission":"2025-04-09T17:42:28.542Z"}'
    headers:
      Connection:
      - keep-alive
      Content-Type:
      - application/json
      Date:
      - Wed, 09 Apr 2025 17:44:35 GMT
      Server:
      - nginx/1.25.3
      Transfer-Encoding:
      - chunked
      content-length:
      - '1194'
    status:
      code: 200
      message: OK
- request:
    body: ''
    headers:
      accept:
      - '*/*'
      accept-encoding:
      - gzip, deflate
      connection:
      - keep-alive
      host:
      - gizmok37.fhcrc.org:44649
      user-agent:
      - python-httpx/0.28.1
    method: GET
    uri: https://gizmok37.fhcrc.org:44649/api/workflows/v1/3cb8a82a-ac83-4708-8937-337b73c8bef0/metadata?expandSubWorkflows=true
  response:
    body:
      string: '{"submittedFiles":{"workflow":"version 1.0\n\n# The basicTaskTest workflow
        calls a task named simpleTask, which takes a string input and writes it to
        a file called output.txt. It demonstrates a basic execution of a task with
        file output.\n\n# This tests basic task execution, input handling, and file
        output functionality. It ensures that a task can successfully take an input
        and generate an output.\n\nworkflow basicTaskTest {\n  input {\n    String
        text = \"Hello, World!\"\n  }\n\n  call simpleTask {\n    input:\n      message
        = text\n  }\n}\n\ntask simpleTask {\n  input {\n    String message\n  }\n\n  command
        <<<\n    echo \"${message}\" > output.txt\n    >>>\n\n  output {\n    File
        outputFile = \"output.txt\"\n  }\n\n  runtime {\n    docker: \"ubuntu:20.04\"\n  }\n}\n","root":"","options":"{\n  \"read_from_cache\":
        false,\n  \"workflow_failure_mode\": \"ContinueWhilePossible\",\n  \"write_to_cache\":
        false\n}","inputs":"{}","workflowUrl":"","labels":"{}"},"calls":{},"outputs":{},"status":"Submitted","id":"3cb8a82a-ac83-4708-8937-337b73c8bef0","inputs":{},"labels":{"cromwell-workflow-id":"cromwell-3cb8a82a-ac83-4708-8937-337b73c8bef0"},"submission":"2025-04-09T17:42:28.542Z"}'
    headers:
      Connection:
      - keep-alive
      Content-Type:
      - application/json
      Date:
      - Wed, 09 Apr 2025 17:44:40 GMT
      Server:
      - nginx/1.25.3
      Transfer-Encoding:
      - chunked
      content-length:
      - '1194'
    status:
      code: 200
      message: OK
- request:
    body: ''
    headers:
      accept:
      - '*/*'
      accept-encoding:
      - gzip, deflate
      connection:
      - keep-alive
      host:
      - gizmok37.fhcrc.org:44649
      user-agent:
      - python-httpx/0.28.1
    method: GET
    uri: https://gizmok37.fhcrc.org:44649/api/workflows/v1/3cb8a82a-ac83-4708-8937-337b73c8bef0/metadata?expandSubWorkflows=true
  response:
    body:
      string: '{"submittedFiles":{"workflow":"version 1.0\n\n# The basicTaskTest workflow
        calls a task named simpleTask, which takes a string input and writes it to
        a file called output.txt. It demonstrates a basic execution of a task with
        file output.\n\n# This tests basic task execution, input handling, and file
        output functionality. It ensures that a task can successfully take an input
        and generate an output.\n\nworkflow basicTaskTest {\n  input {\n    String
        text = \"Hello, World!\"\n  }\n\n  call simpleTask {\n    input:\n      message
        = text\n  }\n}\n\ntask simpleTask {\n  input {\n    String message\n  }\n\n  command
        <<<\n    echo \"${message}\" > output.txt\n    >>>\n\n  output {\n    File
        outputFile = \"output.txt\"\n  }\n\n  runtime {\n    docker: \"ubuntu:20.04\"\n  }\n}\n","root":"","options":"{\n  \"read_from_cache\":
        false,\n  \"workflow_failure_mode\": \"ContinueWhilePossible\",\n  \"write_to_cache\":
        false\n}","inputs":"{}","workflowUrl":"","labels":"{}"},"calls":{},"outputs":{},"status":"Submitted","id":"3cb8a82a-ac83-4708-8937-337b73c8bef0","inputs":{},"labels":{"cromwell-workflow-id":"cromwell-3cb8a82a-ac83-4708-8937-337b73c8bef0"},"submission":"2025-04-09T17:42:28.542Z"}'
    headers:
      Connection:
      - keep-alive
      Content-Type:
      - application/json
      Date:
      - Wed, 09 Apr 2025 17:44:45 GMT
      Server:
      - nginx/1.25.3
      Transfer-Encoding:
      - chunked
      content-length:
      - '1194'
    status:
      code: 200
      message: OK
- request:
    body: ''
    headers:
      accept:
      - '*/*'
      accept-encoding:
      - gzip, deflate
      connection:
      - keep-alive
      host:
      - gizmok37.fhcrc.org:44649
      user-agent:
      - python-httpx/0.28.1
    method: GET
    uri: https://gizmok37.fhcrc.org:44649/api/workflows/v1/3cb8a82a-ac83-4708-8937-337b73c8bef0/metadata?expandSubWorkflows=true
  response:
    body:
      string: '{"workflowName":"basicTaskTest","workflowProcessingEvents":[{"cromwellId":"cromid-32c4e56","description":"PickedUp","timestamp":"2025-04-09T17:44:43.520Z","cromwellVersion":"87"}],"actualWorkflowLanguageVersion":"1.0","submittedFiles":{"workflow":"version
        1.0\n\n# The basicTaskTest workflow calls a task named simpleTask, which takes
        a string input and writes it to a file called output.txt. It demonstrates
        a basic execution of a task with file output.\n\n# This tests basic task execution,
        input handling, and file output functionality. It ensures that a task can
        successfully take an input and generate an output.\n\nworkflow basicTaskTest
        {\n  input {\n    String text = \"Hello, World!\"\n  }\n\n  call simpleTask
        {\n    input:\n      message = text\n  }\n}\n\ntask simpleTask {\n  input
        {\n    String message\n  }\n\n  command <<<\n    echo \"${message}\" > output.txt\n    >>>\n\n  output
        {\n    File outputFile = \"output.txt\"\n  }\n\n  runtime {\n    docker: \"ubuntu:20.04\"\n  }\n}\n","root":"","options":"{\n  \"read_from_cache\":
        false,\n  \"workflow_failure_mode\": \"ContinueWhilePossible\",\n  \"write_to_cache\":
        false\n}","inputs":"{}","workflowUrl":"","labels":"{}"},"calls":{"basicTaskTest.simpleTask":[{"executionStatus":"QueuedInCromwell","shardIndex":-1,"backend":"gizmo","attempt":1,"start":"2025-04-09T17:44:45.589Z"}]},"outputs":{},"workflowRoot":"/redacted/_DaSL/user/svc_proof_test/cromwell-scratch/basicTaskTest/3cb8a82a-ac83-4708-8937-337b73c8bef0","actualWorkflowLanguage":"WDL","status":"Running","start":"2025-04-09T17:44:43.520Z","id":"3cb8a82a-ac83-4708-8937-337b73c8bef0","inputs":{"text":"Hello,
        World!"},"labels":{"cromwell-workflow-id":"cromwell-3cb8a82a-ac83-4708-8937-337b73c8bef0"},"submission":"2025-04-09T17:42:28.542Z"}'
    headers:
      Connection:
      - keep-alive
      Content-Type:
      - application/json
      Date:
      - Wed, 09 Apr 2025 17:44:50 GMT
      Server:
      - nginx/1.25.3
      Transfer-Encoding:
      - chunked
      content-length:
      - '1766'
    status:
      code: 200
      message: OK
- request:
    body: ''
    headers:
      accept:
      - '*/*'
      accept-encoding:
      - gzip, deflate
      connection:
      - keep-alive
      host:
      - gizmok37.fhcrc.org:44649
      user-agent:
      - python-httpx/0.28.1
    method: GET
    uri: https://gizmok37.fhcrc.org:44649/api/workflows/v1/3cb8a82a-ac83-4708-8937-337b73c8bef0/metadata?expandSubWorkflows=true
  response:
    body:
      string: '{"workflowName":"basicTaskTest","workflowProcessingEvents":[{"cromwellId":"cromid-32c4e56","description":"PickedUp","timestamp":"2025-04-09T17:44:43.520Z","cromwellVersion":"87"}],"actualWorkflowLanguageVersion":"1.0","submittedFiles":{"workflow":"version
        1.0\n\n# The basicTaskTest workflow calls a task named simpleTask, which takes
        a string input and writes it to a file called output.txt. It demonstrates
        a basic execution of a task with file output.\n\n# This tests basic task execution,
        input handling, and file output functionality. It ensures that a task can
        successfully take an input and generate an output.\n\nworkflow basicTaskTest
        {\n  input {\n    String text = \"Hello, World!\"\n  }\n\n  call simpleTask
        {\n    input:\n      message = text\n  }\n}\n\ntask simpleTask {\n  input
        {\n    String message\n  }\n\n  command <<<\n    echo \"${message}\" > output.txt\n    >>>\n\n  output
        {\n    File outputFile = \"output.txt\"\n  }\n\n  runtime {\n    docker: \"ubuntu:20.04\"\n  }\n}\n","root":"","options":"{\n  \"read_from_cache\":
        false,\n  \"workflow_failure_mode\": \"ContinueWhilePossible\",\n  \"write_to_cache\":
        false\n}","inputs":"{}","workflowUrl":"","labels":"{}"},"calls":{"basicTaskTest.simpleTask":[{"executionStatus":"Running","stdout":"/redacted/_DaSL/user/svc_proof_test/cromwell-scratch/basicTaskTest/3cb8a82a-ac83-4708-8937-337b73c8bef0/call-simpleTask/execution/stdout","commandLine":"echo
        \"${message}\" > output.txt","shardIndex":-1,"runtimeAttributes":{"failOnStderr":"false","partition":"campus-new","continueOnReturnCode":"0","docker":"ubuntu:20.04","modules":"","gpus":"0","maxRetries":"0","cpu":"1","memory":"1.953125
        GB"},"callCaching":{"allowResultReuse":false,"effectiveCallCachingMode":"CallCachingOff"},"inputs":{"message":"Hello,
        World!"},"backend":"gizmo","attempt":1,"start":"2025-04-09T17:44:45.589Z","stderr":"/redacted/_DaSL/user/svc_proof_test/cromwell-scratch/basicTaskTest/3cb8a82a-ac83-4708-8937-337b73c8bef0/call-simpleTask/execution/stderr","callRoot":"/redacted/_DaSL/user/svc_proof_test/cromwell-scratch/basicTaskTest/3cb8a82a-ac83-4708-8937-337b73c8bef0/call-simpleTask"}]},"outputs":{},"workflowRoot":"/redacted/_DaSL/user/svc_proof_test/cromwell-scratch/basicTaskTest/3cb8a82a-ac83-4708-8937-337b73c8bef0","actualWorkflowLanguage":"WDL","status":"Running","start":"2025-04-09T17:44:43.520Z","id":"3cb8a82a-ac83-4708-8937-337b73c8bef0","inputs":{"text":"Hello,
        World!"},"labels":{"cromwell-workflow-id":"cromwell-3cb8a82a-ac83-4708-8937-337b73c8bef0"},"submission":"2025-04-09T17:42:28.542Z"}'
    headers:
      Connection:
      - keep-alive
      Content-Type:
      - application/json
      Date:
      - Wed, 09 Apr 2025 17:44:55 GMT
      Server:
      - nginx/1.25.3
      Transfer-Encoding:
      - chunked
      content-length:
      - '2552'
    status:
      code: 200
      message: OK
- request:
    body: ''
    headers:
      accept:
      - '*/*'
      accept-encoding:
      - gzip, deflate
      connection:
      - keep-alive
      host:
      - gizmok37.fhcrc.org:44649
      user-agent:
      - python-httpx/0.28.1
    method: GET
    uri: https://gizmok37.fhcrc.org:44649/api/workflows/v1/3cb8a82a-ac83-4708-8937-337b73c8bef0/metadata?expandSubWorkflows=true
  response:
    body:
      string: '{"workflowName":"basicTaskTest","workflowProcessingEvents":[{"cromwellId":"cromid-32c4e56","description":"PickedUp","timestamp":"2025-04-09T17:44:43.520Z","cromwellVersion":"87"}],"actualWorkflowLanguageVersion":"1.0","submittedFiles":{"workflow":"version
        1.0\n\n# The basicTaskTest workflow calls a task named simpleTask, which takes
        a string input and writes it to a file called output.txt. It demonstrates
        a basic execution of a task with file output.\n\n# This tests basic task execution,
        input handling, and file output functionality. It ensures that a task can
        successfully take an input and generate an output.\n\nworkflow basicTaskTest
        {\n  input {\n    String text = \"Hello, World!\"\n  }\n\n  call simpleTask
        {\n    input:\n      message = text\n  }\n}\n\ntask simpleTask {\n  input
        {\n    String message\n  }\n\n  command <<<\n    echo \"${message}\" > output.txt\n    >>>\n\n  output
        {\n    File outputFile = \"output.txt\"\n  }\n\n  runtime {\n    docker: \"ubuntu:20.04\"\n  }\n}\n","root":"","options":"{\n  \"read_from_cache\":
        false,\n  \"workflow_failure_mode\": \"ContinueWhilePossible\",\n  \"write_to_cache\":
        false\n}","inputs":"{}","workflowUrl":"","labels":"{}"},"calls":{"basicTaskTest.simpleTask":[{"executionStatus":"Running","stdout":"/redacted/_DaSL/user/svc_proof_test/cromwell-scratch/basicTaskTest/3cb8a82a-ac83-4708-8937-337b73c8bef0/call-simpleTask/execution/stdout","backendStatus":"Running","commandLine":"echo
        \"${message}\" > output.txt","shardIndex":-1,"runtimeAttributes":{"failOnStderr":"false","partition":"campus-new","continueOnReturnCode":"0","docker":"ubuntu:20.04","modules":"","gpus":"0","maxRetries":"0","cpu":"1","memory":"1.953125
        GB"},"callCaching":{"allowResultReuse":false,"effectiveCallCachingMode":"CallCachingOff"},"inputs":{"message":"Hello,
        World!"},"jobId":"17854429","backend":"gizmo","attempt":1,"start":"2025-04-09T17:44:45.589Z","stderr":"/redacted/_DaSL/user/svc_proof_test/cromwell-scratch/basicTaskTest/3cb8a82a-ac83-4708-8937-337b73c8bef0/call-simpleTask/execution/stderr","callRoot":"/redacted/_DaSL/user/svc_proof_test/cromwell-scratch/basicTaskTest/3cb8a82a-ac83-4708-8937-337b73c8bef0/call-simpleTask"}]},"outputs":{},"workflowRoot":"/redacted/_DaSL/user/svc_proof_test/cromwell-scratch/basicTaskTest/3cb8a82a-ac83-4708-8937-337b73c8bef0","actualWorkflowLanguage":"WDL","status":"Running","start":"2025-04-09T17:44:43.520Z","id":"3cb8a82a-ac83-4708-8937-337b73c8bef0","inputs":{"text":"Hello,
        World!"},"labels":{"cromwell-workflow-id":"cromwell-3cb8a82a-ac83-4708-8937-337b73c8bef0"},"submission":"2025-04-09T17:42:28.542Z"}'
    headers:
      Connection:
      - keep-alive
      Content-Type:
      - application/json
      Date:
      - Wed, 09 Apr 2025 17:45:00 GMT
      Server:
      - nginx/1.25.3
      Transfer-Encoding:
      - chunked
      content-length:
      - '2597'
    status:
      code: 200
      message: OK
- request:
    body: ''
    headers:
      accept:
      - '*/*'
      accept-encoding:
      - gzip, deflate
      connection:
      - keep-alive
      host:
      - gizmok37.fhcrc.org:44649
      user-agent:
      - python-httpx/0.28.1
    method: GET
    uri: https://gizmok37.fhcrc.org:44649/api/workflows/v1/3cb8a82a-ac83-4708-8937-337b73c8bef0/metadata?expandSubWorkflows=true
  response:
    body:
      string: '{"workflowName":"basicTaskTest","workflowProcessingEvents":[{"cromwellId":"cromid-32c4e56","description":"PickedUp","timestamp":"2025-04-09T17:44:43.520Z","cromwellVersion":"87"}],"actualWorkflowLanguageVersion":"1.0","submittedFiles":{"workflow":"version
        1.0\n\n# The basicTaskTest workflow calls a task named simpleTask, which takes
        a string input and writes it to a file called output.txt. It demonstrates
        a basic execution of a task with file output.\n\n# This tests basic task execution,
        input handling, and file output functionality. It ensures that a task can
        successfully take an input and generate an output.\n\nworkflow basicTaskTest
        {\n  input {\n    String text = \"Hello, World!\"\n  }\n\n  call simpleTask
        {\n    input:\n      message = text\n  }\n}\n\ntask simpleTask {\n  input
        {\n    String message\n  }\n\n  command <<<\n    echo \"${message}\" > output.txt\n    >>>\n\n  output
        {\n    File outputFile = \"output.txt\"\n  }\n\n  runtime {\n    docker: \"ubuntu:20.04\"\n  }\n}\n","root":"","options":"{\n  \"read_from_cache\":
        false,\n  \"workflow_failure_mode\": \"ContinueWhilePossible\",\n  \"write_to_cache\":
        false\n}","inputs":"{}","workflowUrl":"","labels":"{}"},"calls":{"basicTaskTest.simpleTask":[{"executionStatus":"Running","stdout":"/redacted/_DaSL/user/svc_proof_test/cromwell-scratch/basicTaskTest/3cb8a82a-ac83-4708-8937-337b73c8bef0/call-simpleTask/execution/stdout","backendStatus":"Running","commandLine":"echo
        \"${message}\" > output.txt","shardIndex":-1,"runtimeAttributes":{"failOnStderr":"false","partition":"campus-new","continueOnReturnCode":"0","docker":"ubuntu:20.04","modules":"","gpus":"0","maxRetries":"0","cpu":"1","memory":"1.953125
        GB"},"callCaching":{"allowResultReuse":false,"effectiveCallCachingMode":"CallCachingOff"},"inputs":{"message":"Hello,
        World!"},"jobId":"17854429","backend":"gizmo","attempt":1,"start":"2025-04-09T17:44:45.589Z","stderr":"/redacted/_DaSL/user/svc_proof_test/cromwell-scratch/basicTaskTest/3cb8a82a-ac83-4708-8937-337b73c8bef0/call-simpleTask/execution/stderr","callRoot":"/redacted/_DaSL/user/svc_proof_test/cromwell-scratch/basicTaskTest/3cb8a82a-ac83-4708-8937-337b73c8bef0/call-simpleTask"}]},"outputs":{},"workflowRoot":"/redacted/_DaSL/user/svc_proof_test/cromwell-scratch/basicTaskTest/3cb8a82a-ac83-4708-8937-337b73c8bef0","actualWorkflowLanguage":"WDL","status":"Running","start":"2025-04-09T17:44:43.520Z","id":"3cb8a82a-ac83-4708-8937-337b73c8bef0","inputs":{"text":"Hello,
        World!"},"labels":{"cromwell-workflow-id":"cromwell-3cb8a82a-ac83-4708-8937-337b73c8bef0"},"submission":"2025-04-09T17:42:28.542Z"}'
    headers:
      Connection:
      - keep-alive
      Content-Type:
      - application/json
      Date:
      - Wed, 09 Apr 2025 17:45:05 GMT
      Server:
      - nginx/1.25.3
      Transfer-Encoding:
      - chunked
      content-length:
      - '2597'
    status:
      code: 200
      message: OK
- request:
    body: ''
    headers:
      accept:
      - '*/*'
      accept-encoding:
      - gzip, deflate
      connection:
      - keep-alive
      host:
      - gizmok37.fhcrc.org:44649
      user-agent:
      - python-httpx/0.28.1
    method: GET
    uri: https://gizmok37.fhcrc.org:44649/api/workflows/v1/3cb8a82a-ac83-4708-8937-337b73c8bef0/metadata?expandSubWorkflows=true
  response:
    body:
      string: '{"workflowName":"basicTaskTest","workflowProcessingEvents":[{"cromwellId":"cromid-32c4e56","description":"PickedUp","timestamp":"2025-04-09T17:44:43.520Z","cromwellVersion":"87"}],"actualWorkflowLanguageVersion":"1.0","submittedFiles":{"workflow":"version
        1.0\n\n# The basicTaskTest workflow calls a task named simpleTask, which takes
        a string input and writes it to a file called output.txt. It demonstrates
        a basic execution of a task with file output.\n\n# This tests basic task execution,
        input handling, and file output functionality. It ensures that a task can
        successfully take an input and generate an output.\n\nworkflow basicTaskTest
        {\n  input {\n    String text = \"Hello, World!\"\n  }\n\n  call simpleTask
        {\n    input:\n      message = text\n  }\n}\n\ntask simpleTask {\n  input
        {\n    String message\n  }\n\n  command <<<\n    echo \"${message}\" > output.txt\n    >>>\n\n  output
        {\n    File outputFile = \"output.txt\"\n  }\n\n  runtime {\n    docker: \"ubuntu:20.04\"\n  }\n}\n","root":"","options":"{\n  \"read_from_cache\":
        false,\n  \"workflow_failure_mode\": \"ContinueWhilePossible\",\n  \"write_to_cache\":
        false\n}","inputs":"{}","workflowUrl":"","labels":"{}"},"calls":{"basicTaskTest.simpleTask":[{"executionStatus":"Running","stdout":"/redacted/_DaSL/user/svc_proof_test/cromwell-scratch/basicTaskTest/3cb8a82a-ac83-4708-8937-337b73c8bef0/call-simpleTask/execution/stdout","backendStatus":"Running","commandLine":"echo
        \"${message}\" > output.txt","shardIndex":-1,"runtimeAttributes":{"failOnStderr":"false","partition":"campus-new","continueOnReturnCode":"0","docker":"ubuntu:20.04","modules":"","gpus":"0","maxRetries":"0","cpu":"1","memory":"1.953125
        GB"},"callCaching":{"allowResultReuse":false,"effectiveCallCachingMode":"CallCachingOff"},"inputs":{"message":"Hello,
        World!"},"jobId":"17854429","backend":"gizmo","attempt":1,"start":"2025-04-09T17:44:45.589Z","stderr":"/redacted/_DaSL/user/svc_proof_test/cromwell-scratch/basicTaskTest/3cb8a82a-ac83-4708-8937-337b73c8bef0/call-simpleTask/execution/stderr","callRoot":"/redacted/_DaSL/user/svc_proof_test/cromwell-scratch/basicTaskTest/3cb8a82a-ac83-4708-8937-337b73c8bef0/call-simpleTask"}]},"outputs":{},"workflowRoot":"/redacted/_DaSL/user/svc_proof_test/cromwell-scratch/basicTaskTest/3cb8a82a-ac83-4708-8937-337b73c8bef0","actualWorkflowLanguage":"WDL","status":"Running","start":"2025-04-09T17:44:43.520Z","id":"3cb8a82a-ac83-4708-8937-337b73c8bef0","inputs":{"text":"Hello,
        World!"},"labels":{"cromwell-workflow-id":"cromwell-3cb8a82a-ac83-4708-8937-337b73c8bef0"},"submission":"2025-04-09T17:42:28.542Z"}'
    headers:
      Connection:
      - keep-alive
      Content-Type:
      - application/json
      Date:
      - Wed, 09 Apr 2025 17:45:10 GMT
      Server:
      - nginx/1.25.3
      Transfer-Encoding:
      - chunked
      content-length:
      - '2597'
    status:
      code: 200
      message: OK
- request:
    body: ''
    headers:
      accept:
      - '*/*'
      accept-encoding:
      - gzip, deflate
      connection:
      - keep-alive
      host:
      - gizmok37.fhcrc.org:44649
      user-agent:
      - python-httpx/0.28.1
    method: GET
    uri: https://gizmok37.fhcrc.org:44649/api/workflows/v1/3cb8a82a-ac83-4708-8937-337b73c8bef0/metadata?expandSubWorkflows=true
  response:
    body:
      string: '{"workflowName":"basicTaskTest","workflowProcessingEvents":[{"cromwellId":"cromid-32c4e56","description":"PickedUp","timestamp":"2025-04-09T17:44:43.520Z","cromwellVersion":"87"}],"actualWorkflowLanguageVersion":"1.0","submittedFiles":{"workflow":"version
        1.0\n\n# The basicTaskTest workflow calls a task named simpleTask, which takes
        a string input and writes it to a file called output.txt. It demonstrates
        a basic execution of a task with file output.\n\n# This tests basic task execution,
        input handling, and file output functionality. It ensures that a task can
        successfully take an input and generate an output.\n\nworkflow basicTaskTest
        {\n  input {\n    String text = \"Hello, World!\"\n  }\n\n  call simpleTask
        {\n    input:\n      message = text\n  }\n}\n\ntask simpleTask {\n  input
        {\n    String message\n  }\n\n  command <<<\n    echo \"${message}\" > output.txt\n    >>>\n\n  output
        {\n    File outputFile = \"output.txt\"\n  }\n\n  runtime {\n    docker: \"ubuntu:20.04\"\n  }\n}\n","root":"","options":"{\n  \"read_from_cache\":
        false,\n  \"workflow_failure_mode\": \"ContinueWhilePossible\",\n  \"write_to_cache\":
        false\n}","inputs":"{}","workflowUrl":"","labels":"{}"},"calls":{"basicTaskTest.simpleTask":[{"executionStatus":"Running","stdout":"/redacted/_DaSL/user/svc_proof_test/cromwell-scratch/basicTaskTest/3cb8a82a-ac83-4708-8937-337b73c8bef0/call-simpleTask/execution/stdout","backendStatus":"Running","commandLine":"echo
        \"${message}\" > output.txt","shardIndex":-1,"runtimeAttributes":{"failOnStderr":"false","partition":"campus-new","continueOnReturnCode":"0","docker":"ubuntu:20.04","modules":"","gpus":"0","maxRetries":"0","cpu":"1","memory":"1.953125
        GB"},"callCaching":{"allowResultReuse":false,"effectiveCallCachingMode":"CallCachingOff"},"inputs":{"message":"Hello,
        World!"},"jobId":"17854429","backend":"gizmo","attempt":1,"start":"2025-04-09T17:44:45.589Z","stderr":"/redacted/_DaSL/user/svc_proof_test/cromwell-scratch/basicTaskTest/3cb8a82a-ac83-4708-8937-337b73c8bef0/call-simpleTask/execution/stderr","callRoot":"/redacted/_DaSL/user/svc_proof_test/cromwell-scratch/basicTaskTest/3cb8a82a-ac83-4708-8937-337b73c8bef0/call-simpleTask"}]},"outputs":{},"workflowRoot":"/redacted/_DaSL/user/svc_proof_test/cromwell-scratch/basicTaskTest/3cb8a82a-ac83-4708-8937-337b73c8bef0","actualWorkflowLanguage":"WDL","status":"Running","start":"2025-04-09T17:44:43.520Z","id":"3cb8a82a-ac83-4708-8937-337b73c8bef0","inputs":{"text":"Hello,
        World!"},"labels":{"cromwell-workflow-id":"cromwell-3cb8a82a-ac83-4708-8937-337b73c8bef0"},"submission":"2025-04-09T17:42:28.542Z"}'
    headers:
      Connection:
      - keep-alive
      Content-Type:
      - application/json
      Date:
      - Wed, 09 Apr 2025 17:45:15 GMT
      Server:
      - nginx/1.25.3
      Transfer-Encoding:
      - chunked
      content-length:
      - '2597'
    status:
      code: 200
      message: OK
- request:
    body: ''
    headers:
      accept:
      - '*/*'
      accept-encoding:
      - gzip, deflate
      connection:
      - keep-alive
      host:
      - gizmok37.fhcrc.org:44649
      user-agent:
      - python-httpx/0.28.1
    method: GET
    uri: https://gizmok37.fhcrc.org:44649/api/workflows/v1/3cb8a82a-ac83-4708-8937-337b73c8bef0/metadata?expandSubWorkflows=true
  response:
    body:
      string: '{"workflowName":"basicTaskTest","workflowProcessingEvents":[{"cromwellId":"cromid-32c4e56","description":"PickedUp","timestamp":"2025-04-09T17:44:43.520Z","cromwellVersion":"87"}],"actualWorkflowLanguageVersion":"1.0","submittedFiles":{"workflow":"version
        1.0\n\n# The basicTaskTest workflow calls a task named simpleTask, which takes
        a string input and writes it to a file called output.txt. It demonstrates
        a basic execution of a task with file output.\n\n# This tests basic task execution,
        input handling, and file output functionality. It ensures that a task can
        successfully take an input and generate an output.\n\nworkflow basicTaskTest
        {\n  input {\n    String text = \"Hello, World!\"\n  }\n\n  call simpleTask
        {\n    input:\n      message = text\n  }\n}\n\ntask simpleTask {\n  input
        {\n    String message\n  }\n\n  command <<<\n    echo \"${message}\" > output.txt\n    >>>\n\n  output
        {\n    File outputFile = \"output.txt\"\n  }\n\n  runtime {\n    docker: \"ubuntu:20.04\"\n  }\n}\n","root":"","options":"{\n  \"read_from_cache\":
        false,\n  \"workflow_failure_mode\": \"ContinueWhilePossible\",\n  \"write_to_cache\":
        false\n}","inputs":"{}","workflowUrl":"","labels":"{}"},"calls":{"basicTaskTest.simpleTask":[{"executionStatus":"Running","stdout":"/redacted/_DaSL/user/svc_proof_test/cromwell-scratch/basicTaskTest/3cb8a82a-ac83-4708-8937-337b73c8bef0/call-simpleTask/execution/stdout","backendStatus":"Running","commandLine":"echo
        \"${message}\" > output.txt","shardIndex":-1,"runtimeAttributes":{"failOnStderr":"false","partition":"campus-new","continueOnReturnCode":"0","docker":"ubuntu:20.04","modules":"","gpus":"0","maxRetries":"0","cpu":"1","memory":"1.953125
        GB"},"callCaching":{"allowResultReuse":false,"effectiveCallCachingMode":"CallCachingOff"},"inputs":{"message":"Hello,
        World!"},"jobId":"17854429","backend":"gizmo","attempt":1,"start":"2025-04-09T17:44:45.589Z","stderr":"/redacted/_DaSL/user/svc_proof_test/cromwell-scratch/basicTaskTest/3cb8a82a-ac83-4708-8937-337b73c8bef0/call-simpleTask/execution/stderr","callRoot":"/redacted/_DaSL/user/svc_proof_test/cromwell-scratch/basicTaskTest/3cb8a82a-ac83-4708-8937-337b73c8bef0/call-simpleTask"}]},"outputs":{},"workflowRoot":"/redacted/_DaSL/user/svc_proof_test/cromwell-scratch/basicTaskTest/3cb8a82a-ac83-4708-8937-337b73c8bef0","actualWorkflowLanguage":"WDL","status":"Running","start":"2025-04-09T17:44:43.520Z","id":"3cb8a82a-ac83-4708-8937-337b73c8bef0","inputs":{"text":"Hello,
        World!"},"labels":{"cromwell-workflow-id":"cromwell-3cb8a82a-ac83-4708-8937-337b73c8bef0"},"submission":"2025-04-09T17:42:28.542Z"}'
    headers:
      Connection:
      - keep-alive
      Content-Type:
      - application/json
      Date:
      - Wed, 09 Apr 2025 17:45:20 GMT
      Server:
      - nginx/1.25.3
      Transfer-Encoding:
      - chunked
      content-length:
      - '2597'
    status:
      code: 200
      message: OK
- request:
    body: ''
    headers:
      accept:
      - '*/*'
      accept-encoding:
      - gzip, deflate
      connection:
      - keep-alive
      host:
      - gizmok37.fhcrc.org:44649
      user-agent:
      - python-httpx/0.28.1
    method: GET
    uri: https://gizmok37.fhcrc.org:44649/api/workflows/v1/3cb8a82a-ac83-4708-8937-337b73c8bef0/metadata?expandSubWorkflows=true
  response:
    body:
      string: '{"workflowName":"basicTaskTest","workflowProcessingEvents":[{"cromwellId":"cromid-32c4e56","description":"PickedUp","timestamp":"2025-04-09T17:44:43.520Z","cromwellVersion":"87"}],"actualWorkflowLanguageVersion":"1.0","submittedFiles":{"workflow":"version
        1.0\n\n# The basicTaskTest workflow calls a task named simpleTask, which takes
        a string input and writes it to a file called output.txt. It demonstrates
        a basic execution of a task with file output.\n\n# This tests basic task execution,
        input handling, and file output functionality. It ensures that a task can
        successfully take an input and generate an output.\n\nworkflow basicTaskTest
        {\n  input {\n    String text = \"Hello, World!\"\n  }\n\n  call simpleTask
        {\n    input:\n      message = text\n  }\n}\n\ntask simpleTask {\n  input
        {\n    String message\n  }\n\n  command <<<\n    echo \"${message}\" > output.txt\n    >>>\n\n  output
        {\n    File outputFile = \"output.txt\"\n  }\n\n  runtime {\n    docker: \"ubuntu:20.04\"\n  }\n}\n","root":"","options":"{\n  \"read_from_cache\":
        false,\n  \"workflow_failure_mode\": \"ContinueWhilePossible\",\n  \"write_to_cache\":
        false\n}","inputs":"{}","workflowUrl":"","labels":"{}"},"calls":{"basicTaskTest.simpleTask":[{"executionStatus":"Running","stdout":"/redacted/_DaSL/user/svc_proof_test/cromwell-scratch/basicTaskTest/3cb8a82a-ac83-4708-8937-337b73c8bef0/call-simpleTask/execution/stdout","backendStatus":"Running","commandLine":"echo
        \"${message}\" > output.txt","shardIndex":-1,"runtimeAttributes":{"failOnStderr":"false","partition":"campus-new","continueOnReturnCode":"0","docker":"ubuntu:20.04","modules":"","gpus":"0","maxRetries":"0","cpu":"1","memory":"1.953125
        GB"},"callCaching":{"allowResultReuse":false,"effectiveCallCachingMode":"CallCachingOff"},"inputs":{"message":"Hello,
        World!"},"jobId":"17854429","backend":"gizmo","attempt":1,"start":"2025-04-09T17:44:45.589Z","stderr":"/redacted/_DaSL/user/svc_proof_test/cromwell-scratch/basicTaskTest/3cb8a82a-ac83-4708-8937-337b73c8bef0/call-simpleTask/execution/stderr","callRoot":"/redacted/_DaSL/user/svc_proof_test/cromwell-scratch/basicTaskTest/3cb8a82a-ac83-4708-8937-337b73c8bef0/call-simpleTask"}]},"outputs":{},"workflowRoot":"/redacted/_DaSL/user/svc_proof_test/cromwell-scratch/basicTaskTest/3cb8a82a-ac83-4708-8937-337b73c8bef0","actualWorkflowLanguage":"WDL","status":"Running","start":"2025-04-09T17:44:43.520Z","id":"3cb8a82a-ac83-4708-8937-337b73c8bef0","inputs":{"text":"Hello,
        World!"},"labels":{"cromwell-workflow-id":"cromwell-3cb8a82a-ac83-4708-8937-337b73c8bef0"},"submission":"2025-04-09T17:42:28.542Z"}'
    headers:
      Connection:
      - keep-alive
      Content-Type:
      - application/json
      Date:
      - Wed, 09 Apr 2025 17:45:25 GMT
      Server:
      - nginx/1.25.3
      Transfer-Encoding:
      - chunked
      content-length:
      - '2597'
    status:
      code: 200
      message: OK
- request:
    body: ''
    headers:
      accept:
      - '*/*'
      accept-encoding:
      - gzip, deflate
      connection:
      - keep-alive
      host:
      - gizmok37.fhcrc.org:44649
      user-agent:
      - python-httpx/0.28.1
    method: GET
    uri: https://gizmok37.fhcrc.org:44649/api/workflows/v1/3cb8a82a-ac83-4708-8937-337b73c8bef0/metadata?expandSubWorkflows=true
  response:
    body:
      string: '{"workflowName":"basicTaskTest","workflowProcessingEvents":[{"cromwellId":"cromid-32c4e56","description":"PickedUp","timestamp":"2025-04-09T17:44:43.520Z","cromwellVersion":"87"}],"actualWorkflowLanguageVersion":"1.0","submittedFiles":{"workflow":"version
        1.0\n\n# The basicTaskTest workflow calls a task named simpleTask, which takes
        a string input and writes it to a file called output.txt. It demonstrates
        a basic execution of a task with file output.\n\n# This tests basic task execution,
        input handling, and file output functionality. It ensures that a task can
        successfully take an input and generate an output.\n\nworkflow basicTaskTest
        {\n  input {\n    String text = \"Hello, World!\"\n  }\n\n  call simpleTask
        {\n    input:\n      message = text\n  }\n}\n\ntask simpleTask {\n  input
        {\n    String message\n  }\n\n  command <<<\n    echo \"${message}\" > output.txt\n    >>>\n\n  output
        {\n    File outputFile = \"output.txt\"\n  }\n\n  runtime {\n    docker: \"ubuntu:20.04\"\n  }\n}\n","root":"","options":"{\n  \"read_from_cache\":
        false,\n  \"workflow_failure_mode\": \"ContinueWhilePossible\",\n  \"write_to_cache\":
        false\n}","inputs":"{}","workflowUrl":"","labels":"{}"},"calls":{"basicTaskTest.simpleTask":[{"executionStatus":"Running","stdout":"/redacted/_DaSL/user/svc_proof_test/cromwell-scratch/basicTaskTest/3cb8a82a-ac83-4708-8937-337b73c8bef0/call-simpleTask/execution/stdout","backendStatus":"Running","commandLine":"echo
        \"${message}\" > output.txt","shardIndex":-1,"runtimeAttributes":{"failOnStderr":"false","partition":"campus-new","continueOnReturnCode":"0","docker":"ubuntu:20.04","modules":"","gpus":"0","maxRetries":"0","cpu":"1","memory":"1.953125
        GB"},"callCaching":{"allowResultReuse":false,"effectiveCallCachingMode":"CallCachingOff"},"inputs":{"message":"Hello,
        World!"},"jobId":"17854429","backend":"gizmo","attempt":1,"start":"2025-04-09T17:44:45.589Z","stderr":"/redacted/_DaSL/user/svc_proof_test/cromwell-scratch/basicTaskTest/3cb8a82a-ac83-4708-8937-337b73c8bef0/call-simpleTask/execution/stderr","callRoot":"/redacted/_DaSL/user/svc_proof_test/cromwell-scratch/basicTaskTest/3cb8a82a-ac83-4708-8937-337b73c8bef0/call-simpleTask"}]},"outputs":{},"workflowRoot":"/redacted/_DaSL/user/svc_proof_test/cromwell-scratch/basicTaskTest/3cb8a82a-ac83-4708-8937-337b73c8bef0","actualWorkflowLanguage":"WDL","status":"Running","start":"2025-04-09T17:44:43.520Z","id":"3cb8a82a-ac83-4708-8937-337b73c8bef0","inputs":{"text":"Hello,
        World!"},"labels":{"cromwell-workflow-id":"cromwell-3cb8a82a-ac83-4708-8937-337b73c8bef0"},"submission":"2025-04-09T17:42:28.542Z"}'
    headers:
      Connection:
      - keep-alive
      Content-Type:
      - application/json
      Date:
      - Wed, 09 Apr 2025 17:45:30 GMT
      Server:
      - nginx/1.25.3
      Transfer-Encoding:
      - chunked
      content-length:
      - '2597'
    status:
      code: 200
      message: OK
- request:
    body: ''
    headers:
      accept:
      - '*/*'
      accept-encoding:
      - gzip, deflate
      connection:
      - keep-alive
      host:
      - gizmok37.fhcrc.org:44649
      user-agent:
      - python-httpx/0.28.1
    method: GET
    uri: https://gizmok37.fhcrc.org:44649/api/workflows/v1/3cb8a82a-ac83-4708-8937-337b73c8bef0/metadata?expandSubWorkflows=true
  response:
    body:
      string: '{"workflowName":"basicTaskTest","workflowProcessingEvents":[{"cromwellId":"cromid-32c4e56","description":"PickedUp","timestamp":"2025-04-09T17:44:43.520Z","cromwellVersion":"87"}],"actualWorkflowLanguageVersion":"1.0","submittedFiles":{"workflow":"version
        1.0\n\n# The basicTaskTest workflow calls a task named simpleTask, which takes
        a string input and writes it to a file called output.txt. It demonstrates
        a basic execution of a task with file output.\n\n# This tests basic task execution,
        input handling, and file output functionality. It ensures that a task can
        successfully take an input and generate an output.\n\nworkflow basicTaskTest
        {\n  input {\n    String text = \"Hello, World!\"\n  }\n\n  call simpleTask
        {\n    input:\n      message = text\n  }\n}\n\ntask simpleTask {\n  input
        {\n    String message\n  }\n\n  command <<<\n    echo \"${message}\" > output.txt\n    >>>\n\n  output
        {\n    File outputFile = \"output.txt\"\n  }\n\n  runtime {\n    docker: \"ubuntu:20.04\"\n  }\n}\n","root":"","options":"{\n  \"read_from_cache\":
        false,\n  \"workflow_failure_mode\": \"ContinueWhilePossible\",\n  \"write_to_cache\":
        false\n}","inputs":"{}","workflowUrl":"","labels":"{}"},"calls":{"basicTaskTest.simpleTask":[{"executionStatus":"Running","stdout":"/redacted/_DaSL/user/svc_proof_test/cromwell-scratch/basicTaskTest/3cb8a82a-ac83-4708-8937-337b73c8bef0/call-simpleTask/execution/stdout","backendStatus":"Running","commandLine":"echo
        \"${message}\" > output.txt","shardIndex":-1,"runtimeAttributes":{"failOnStderr":"false","partition":"campus-new","continueOnReturnCode":"0","docker":"ubuntu:20.04","modules":"","gpus":"0","maxRetries":"0","cpu":"1","memory":"1.953125
        GB"},"callCaching":{"allowResultReuse":false,"effectiveCallCachingMode":"CallCachingOff"},"inputs":{"message":"Hello,
        World!"},"jobId":"17854429","backend":"gizmo","attempt":1,"start":"2025-04-09T17:44:45.589Z","stderr":"/redacted/_DaSL/user/svc_proof_test/cromwell-scratch/basicTaskTest/3cb8a82a-ac83-4708-8937-337b73c8bef0/call-simpleTask/execution/stderr","callRoot":"/redacted/_DaSL/user/svc_proof_test/cromwell-scratch/basicTaskTest/3cb8a82a-ac83-4708-8937-337b73c8bef0/call-simpleTask"}]},"outputs":{},"workflowRoot":"/redacted/_DaSL/user/svc_proof_test/cromwell-scratch/basicTaskTest/3cb8a82a-ac83-4708-8937-337b73c8bef0","actualWorkflowLanguage":"WDL","status":"Running","start":"2025-04-09T17:44:43.520Z","id":"3cb8a82a-ac83-4708-8937-337b73c8bef0","inputs":{"text":"Hello,
        World!"},"labels":{"cromwell-workflow-id":"cromwell-3cb8a82a-ac83-4708-8937-337b73c8bef0"},"submission":"2025-04-09T17:42:28.542Z"}'
    headers:
      Connection:
      - keep-alive
      Content-Type:
      - application/json
      Date:
      - Wed, 09 Apr 2025 17:45:36 GMT
      Server:
      - nginx/1.25.3
      Transfer-Encoding:
      - chunked
      content-length:
      - '2597'
    status:
      code: 200
      message: OK
- request:
    body: ''
    headers:
      accept:
      - '*/*'
      accept-encoding:
      - gzip, deflate
      connection:
      - keep-alive
      host:
      - gizmok37.fhcrc.org:44649
      user-agent:
      - python-httpx/0.28.1
    method: GET
    uri: https://gizmok37.fhcrc.org:44649/api/workflows/v1/3cb8a82a-ac83-4708-8937-337b73c8bef0/metadata?expandSubWorkflows=true
  response:
    body:
      string: '{"workflowName":"basicTaskTest","workflowProcessingEvents":[{"cromwellId":"cromid-32c4e56","description":"PickedUp","timestamp":"2025-04-09T17:44:43.520Z","cromwellVersion":"87"}],"actualWorkflowLanguageVersion":"1.0","submittedFiles":{"workflow":"version
        1.0\n\n# The basicTaskTest workflow calls a task named simpleTask, which takes
        a string input and writes it to a file called output.txt. It demonstrates
        a basic execution of a task with file output.\n\n# This tests basic task execution,
        input handling, and file output functionality. It ensures that a task can
        successfully take an input and generate an output.\n\nworkflow basicTaskTest
        {\n  input {\n    String text = \"Hello, World!\"\n  }\n\n  call simpleTask
        {\n    input:\n      message = text\n  }\n}\n\ntask simpleTask {\n  input
        {\n    String message\n  }\n\n  command <<<\n    echo \"${message}\" > output.txt\n    >>>\n\n  output
        {\n    File outputFile = \"output.txt\"\n  }\n\n  runtime {\n    docker: \"ubuntu:20.04\"\n  }\n}\n","root":"","options":"{\n  \"read_from_cache\":
        false,\n  \"workflow_failure_mode\": \"ContinueWhilePossible\",\n  \"write_to_cache\":
        false\n}","inputs":"{}","workflowUrl":"","labels":"{}"},"calls":{"basicTaskTest.simpleTask":[{"executionStatus":"Running","stdout":"/redacted/_DaSL/user/svc_proof_test/cromwell-scratch/basicTaskTest/3cb8a82a-ac83-4708-8937-337b73c8bef0/call-simpleTask/execution/stdout","backendStatus":"Running","commandLine":"echo
        \"${message}\" > output.txt","shardIndex":-1,"runtimeAttributes":{"failOnStderr":"false","partition":"campus-new","continueOnReturnCode":"0","docker":"ubuntu:20.04","modules":"","gpus":"0","maxRetries":"0","cpu":"1","memory":"1.953125
        GB"},"callCaching":{"allowResultReuse":false,"effectiveCallCachingMode":"CallCachingOff"},"inputs":{"message":"Hello,
        World!"},"jobId":"17854429","backend":"gizmo","attempt":1,"start":"2025-04-09T17:44:45.589Z","stderr":"/redacted/_DaSL/user/svc_proof_test/cromwell-scratch/basicTaskTest/3cb8a82a-ac83-4708-8937-337b73c8bef0/call-simpleTask/execution/stderr","callRoot":"/redacted/_DaSL/user/svc_proof_test/cromwell-scratch/basicTaskTest/3cb8a82a-ac83-4708-8937-337b73c8bef0/call-simpleTask"}]},"outputs":{},"workflowRoot":"/redacted/_DaSL/user/svc_proof_test/cromwell-scratch/basicTaskTest/3cb8a82a-ac83-4708-8937-337b73c8bef0","actualWorkflowLanguage":"WDL","status":"Running","start":"2025-04-09T17:44:43.520Z","id":"3cb8a82a-ac83-4708-8937-337b73c8bef0","inputs":{"text":"Hello,
        World!"},"labels":{"cromwell-workflow-id":"cromwell-3cb8a82a-ac83-4708-8937-337b73c8bef0"},"submission":"2025-04-09T17:42:28.542Z"}'
    headers:
      Connection:
      - keep-alive
      Content-Type:
      - application/json
      Date:
      - Wed, 09 Apr 2025 17:45:41 GMT
      Server:
      - nginx/1.25.3
      Transfer-Encoding:
      - chunked
      content-length:
      - '2597'
    status:
      code: 200
      message: OK
- request:
    body: ''
    headers:
      accept:
      - '*/*'
      accept-encoding:
      - gzip, deflate
      connection:
      - keep-alive
      host:
      - gizmok37.fhcrc.org:44649
      user-agent:
      - python-httpx/0.28.1
    method: GET
    uri: https://gizmok37.fhcrc.org:44649/api/workflows/v1/3cb8a82a-ac83-4708-8937-337b73c8bef0/metadata?expandSubWorkflows=true
  response:
    body:
      string: '{"workflowName":"basicTaskTest","workflowProcessingEvents":[{"cromwellId":"cromid-32c4e56","description":"PickedUp","timestamp":"2025-04-09T17:44:43.520Z","cromwellVersion":"87"}],"actualWorkflowLanguageVersion":"1.0","submittedFiles":{"workflow":"version
        1.0\n\n# The basicTaskTest workflow calls a task named simpleTask, which takes
        a string input and writes it to a file called output.txt. It demonstrates
        a basic execution of a task with file output.\n\n# This tests basic task execution,
        input handling, and file output functionality. It ensures that a task can
        successfully take an input and generate an output.\n\nworkflow basicTaskTest
        {\n  input {\n    String text = \"Hello, World!\"\n  }\n\n  call simpleTask
        {\n    input:\n      message = text\n  }\n}\n\ntask simpleTask {\n  input
        {\n    String message\n  }\n\n  command <<<\n    echo \"${message}\" > output.txt\n    >>>\n\n  output
        {\n    File outputFile = \"output.txt\"\n  }\n\n  runtime {\n    docker: \"ubuntu:20.04\"\n  }\n}\n","root":"","options":"{\n  \"read_from_cache\":
        false,\n  \"workflow_failure_mode\": \"ContinueWhilePossible\",\n  \"write_to_cache\":
        false\n}","inputs":"{}","workflowUrl":"","labels":"{}"},"calls":{"basicTaskTest.simpleTask":[{"executionStatus":"Running","stdout":"/redacted/_DaSL/user/svc_proof_test/cromwell-scratch/basicTaskTest/3cb8a82a-ac83-4708-8937-337b73c8bef0/call-simpleTask/execution/stdout","backendStatus":"Running","commandLine":"echo
        \"${message}\" > output.txt","shardIndex":-1,"runtimeAttributes":{"failOnStderr":"false","partition":"campus-new","continueOnReturnCode":"0","docker":"ubuntu:20.04","modules":"","gpus":"0","maxRetries":"0","cpu":"1","memory":"1.953125
        GB"},"callCaching":{"allowResultReuse":false,"effectiveCallCachingMode":"CallCachingOff"},"inputs":{"message":"Hello,
        World!"},"jobId":"17854429","backend":"gizmo","attempt":1,"start":"2025-04-09T17:44:45.589Z","stderr":"/redacted/_DaSL/user/svc_proof_test/cromwell-scratch/basicTaskTest/3cb8a82a-ac83-4708-8937-337b73c8bef0/call-simpleTask/execution/stderr","callRoot":"/redacted/_DaSL/user/svc_proof_test/cromwell-scratch/basicTaskTest/3cb8a82a-ac83-4708-8937-337b73c8bef0/call-simpleTask"}]},"outputs":{},"workflowRoot":"/redacted/_DaSL/user/svc_proof_test/cromwell-scratch/basicTaskTest/3cb8a82a-ac83-4708-8937-337b73c8bef0","actualWorkflowLanguage":"WDL","status":"Running","start":"2025-04-09T17:44:43.520Z","id":"3cb8a82a-ac83-4708-8937-337b73c8bef0","inputs":{"text":"Hello,
        World!"},"labels":{"cromwell-workflow-id":"cromwell-3cb8a82a-ac83-4708-8937-337b73c8bef0"},"submission":"2025-04-09T17:42:28.542Z"}'
    headers:
      Connection:
      - keep-alive
      Content-Type:
      - application/json
      Date:
      - Wed, 09 Apr 2025 17:45:46 GMT
      Server:
      - nginx/1.25.3
      Transfer-Encoding:
      - chunked
      content-length:
      - '2597'
    status:
      code: 200
      message: OK
- request:
    body: ''
    headers:
      accept:
      - '*/*'
      accept-encoding:
      - gzip, deflate
      connection:
      - keep-alive
      host:
      - gizmok37.fhcrc.org:44649
      user-agent:
      - python-httpx/0.28.1
    method: GET
    uri: https://gizmok37.fhcrc.org:44649/api/workflows/v1/3cb8a82a-ac83-4708-8937-337b73c8bef0/metadata?expandSubWorkflows=true
  response:
    body:
      string: '{"workflowName":"basicTaskTest","workflowProcessingEvents":[{"cromwellId":"cromid-32c4e56","description":"PickedUp","timestamp":"2025-04-09T17:44:43.520Z","cromwellVersion":"87"}],"actualWorkflowLanguageVersion":"1.0","submittedFiles":{"workflow":"version
        1.0\n\n# The basicTaskTest workflow calls a task named simpleTask, which takes
        a string input and writes it to a file called output.txt. It demonstrates
        a basic execution of a task with file output.\n\n# This tests basic task execution,
        input handling, and file output functionality. It ensures that a task can
        successfully take an input and generate an output.\n\nworkflow basicTaskTest
        {\n  input {\n    String text = \"Hello, World!\"\n  }\n\n  call simpleTask
        {\n    input:\n      message = text\n  }\n}\n\ntask simpleTask {\n  input
        {\n    String message\n  }\n\n  command <<<\n    echo \"${message}\" > output.txt\n    >>>\n\n  output
        {\n    File outputFile = \"output.txt\"\n  }\n\n  runtime {\n    docker: \"ubuntu:20.04\"\n  }\n}\n","root":"","options":"{\n  \"read_from_cache\":
        false,\n  \"workflow_failure_mode\": \"ContinueWhilePossible\",\n  \"write_to_cache\":
        false\n}","inputs":"{}","workflowUrl":"","labels":"{}"},"calls":{"basicTaskTest.simpleTask":[{"executionStatus":"Running","stdout":"/redacted/_DaSL/user/svc_proof_test/cromwell-scratch/basicTaskTest/3cb8a82a-ac83-4708-8937-337b73c8bef0/call-simpleTask/execution/stdout","backendStatus":"Running","commandLine":"echo
        \"${message}\" > output.txt","shardIndex":-1,"runtimeAttributes":{"failOnStderr":"false","partition":"campus-new","continueOnReturnCode":"0","docker":"ubuntu:20.04","modules":"","gpus":"0","maxRetries":"0","cpu":"1","memory":"1.953125
        GB"},"callCaching":{"allowResultReuse":false,"effectiveCallCachingMode":"CallCachingOff"},"inputs":{"message":"Hello,
        World!"},"jobId":"17854429","backend":"gizmo","attempt":1,"start":"2025-04-09T17:44:45.589Z","stderr":"/redacted/_DaSL/user/svc_proof_test/cromwell-scratch/basicTaskTest/3cb8a82a-ac83-4708-8937-337b73c8bef0/call-simpleTask/execution/stderr","callRoot":"/redacted/_DaSL/user/svc_proof_test/cromwell-scratch/basicTaskTest/3cb8a82a-ac83-4708-8937-337b73c8bef0/call-simpleTask"}]},"outputs":{},"workflowRoot":"/redacted/_DaSL/user/svc_proof_test/cromwell-scratch/basicTaskTest/3cb8a82a-ac83-4708-8937-337b73c8bef0","actualWorkflowLanguage":"WDL","status":"Running","start":"2025-04-09T17:44:43.520Z","id":"3cb8a82a-ac83-4708-8937-337b73c8bef0","inputs":{"text":"Hello,
        World!"},"labels":{"cromwell-workflow-id":"cromwell-3cb8a82a-ac83-4708-8937-337b73c8bef0"},"submission":"2025-04-09T17:42:28.542Z"}'
    headers:
      Connection:
      - keep-alive
      Content-Type:
      - application/json
      Date:
      - Wed, 09 Apr 2025 17:45:51 GMT
      Server:
      - nginx/1.25.3
      Transfer-Encoding:
      - chunked
      content-length:
      - '2597'
    status:
      code: 200
      message: OK
- request:
    body: ''
    headers:
      accept:
      - '*/*'
      accept-encoding:
      - gzip, deflate
      connection:
      - keep-alive
      host:
      - gizmok37.fhcrc.org:44649
      user-agent:
      - python-httpx/0.28.1
    method: GET
    uri: https://gizmok37.fhcrc.org:44649/api/workflows/v1/3cb8a82a-ac83-4708-8937-337b73c8bef0/metadata?expandSubWorkflows=true
  response:
    body:
      string: '{"workflowName":"basicTaskTest","workflowProcessingEvents":[{"cromwellId":"cromid-32c4e56","description":"PickedUp","timestamp":"2025-04-09T17:44:43.520Z","cromwellVersion":"87"}],"actualWorkflowLanguageVersion":"1.0","submittedFiles":{"workflow":"version
        1.0\n\n# The basicTaskTest workflow calls a task named simpleTask, which takes
        a string input and writes it to a file called output.txt. It demonstrates
        a basic execution of a task with file output.\n\n# This tests basic task execution,
        input handling, and file output functionality. It ensures that a task can
        successfully take an input and generate an output.\n\nworkflow basicTaskTest
        {\n  input {\n    String text = \"Hello, World!\"\n  }\n\n  call simpleTask
        {\n    input:\n      message = text\n  }\n}\n\ntask simpleTask {\n  input
        {\n    String message\n  }\n\n  command <<<\n    echo \"${message}\" > output.txt\n    >>>\n\n  output
        {\n    File outputFile = \"output.txt\"\n  }\n\n  runtime {\n    docker: \"ubuntu:20.04\"\n  }\n}\n","root":"","options":"{\n  \"read_from_cache\":
        false,\n  \"workflow_failure_mode\": \"ContinueWhilePossible\",\n  \"write_to_cache\":
        false\n}","inputs":"{}","workflowUrl":"","labels":"{}"},"calls":{"basicTaskTest.simpleTask":[{"executionStatus":"Running","stdout":"/redacted/_DaSL/user/svc_proof_test/cromwell-scratch/basicTaskTest/3cb8a82a-ac83-4708-8937-337b73c8bef0/call-simpleTask/execution/stdout","backendStatus":"Running","commandLine":"echo
        \"${message}\" > output.txt","shardIndex":-1,"runtimeAttributes":{"failOnStderr":"false","partition":"campus-new","continueOnReturnCode":"0","docker":"ubuntu:20.04","modules":"","gpus":"0","maxRetries":"0","cpu":"1","memory":"1.953125
        GB"},"callCaching":{"allowResultReuse":false,"effectiveCallCachingMode":"CallCachingOff"},"inputs":{"message":"Hello,
        World!"},"jobId":"17854429","backend":"gizmo","attempt":1,"start":"2025-04-09T17:44:45.589Z","stderr":"/redacted/_DaSL/user/svc_proof_test/cromwell-scratch/basicTaskTest/3cb8a82a-ac83-4708-8937-337b73c8bef0/call-simpleTask/execution/stderr","callRoot":"/redacted/_DaSL/user/svc_proof_test/cromwell-scratch/basicTaskTest/3cb8a82a-ac83-4708-8937-337b73c8bef0/call-simpleTask"}]},"outputs":{},"workflowRoot":"/redacted/_DaSL/user/svc_proof_test/cromwell-scratch/basicTaskTest/3cb8a82a-ac83-4708-8937-337b73c8bef0","actualWorkflowLanguage":"WDL","status":"Running","start":"2025-04-09T17:44:43.520Z","id":"3cb8a82a-ac83-4708-8937-337b73c8bef0","inputs":{"text":"Hello,
        World!"},"labels":{"cromwell-workflow-id":"cromwell-3cb8a82a-ac83-4708-8937-337b73c8bef0"},"submission":"2025-04-09T17:42:28.542Z"}'
    headers:
      Connection:
      - keep-alive
      Content-Type:
      - application/json
      Date:
      - Wed, 09 Apr 2025 17:45:56 GMT
      Server:
      - nginx/1.25.3
      Transfer-Encoding:
      - chunked
      content-length:
      - '2597'
    status:
      code: 200
      message: OK
- request:
    body: ''
    headers:
      accept:
      - '*/*'
      accept-encoding:
      - gzip, deflate
      connection:
      - keep-alive
      host:
      - gizmok37.fhcrc.org:44649
      user-agent:
      - python-httpx/0.28.1
    method: GET
    uri: https://gizmok37.fhcrc.org:44649/api/workflows/v1/3cb8a82a-ac83-4708-8937-337b73c8bef0/metadata?expandSubWorkflows=true
  response:
    body:
      string: '{"workflowName":"basicTaskTest","workflowProcessingEvents":[{"cromwellId":"cromid-32c4e56","description":"PickedUp","timestamp":"2025-04-09T17:44:43.520Z","cromwellVersion":"87"}],"actualWorkflowLanguageVersion":"1.0","submittedFiles":{"workflow":"version
        1.0\n\n# The basicTaskTest workflow calls a task named simpleTask, which takes
        a string input and writes it to a file called output.txt. It demonstrates
        a basic execution of a task with file output.\n\n# This tests basic task execution,
        input handling, and file output functionality. It ensures that a task can
        successfully take an input and generate an output.\n\nworkflow basicTaskTest
        {\n  input {\n    String text = \"Hello, World!\"\n  }\n\n  call simpleTask
        {\n    input:\n      message = text\n  }\n}\n\ntask simpleTask {\n  input
        {\n    String message\n  }\n\n  command <<<\n    echo \"${message}\" > output.txt\n    >>>\n\n  output
        {\n    File outputFile = \"output.txt\"\n  }\n\n  runtime {\n    docker: \"ubuntu:20.04\"\n  }\n}\n","root":"","options":"{\n  \"read_from_cache\":
        false,\n  \"workflow_failure_mode\": \"ContinueWhilePossible\",\n  \"write_to_cache\":
        false\n}","inputs":"{}","workflowUrl":"","labels":"{}"},"calls":{"basicTaskTest.simpleTask":[{"executionStatus":"Running","stdout":"/redacted/_DaSL/user/svc_proof_test/cromwell-scratch/basicTaskTest/3cb8a82a-ac83-4708-8937-337b73c8bef0/call-simpleTask/execution/stdout","backendStatus":"Running","commandLine":"echo
        \"${message}\" > output.txt","shardIndex":-1,"runtimeAttributes":{"failOnStderr":"false","partition":"campus-new","continueOnReturnCode":"0","docker":"ubuntu:20.04","modules":"","gpus":"0","maxRetries":"0","cpu":"1","memory":"1.953125
        GB"},"callCaching":{"allowResultReuse":false,"effectiveCallCachingMode":"CallCachingOff"},"inputs":{"message":"Hello,
        World!"},"jobId":"17854429","backend":"gizmo","attempt":1,"start":"2025-04-09T17:44:45.589Z","stderr":"/redacted/_DaSL/user/svc_proof_test/cromwell-scratch/basicTaskTest/3cb8a82a-ac83-4708-8937-337b73c8bef0/call-simpleTask/execution/stderr","callRoot":"/redacted/_DaSL/user/svc_proof_test/cromwell-scratch/basicTaskTest/3cb8a82a-ac83-4708-8937-337b73c8bef0/call-simpleTask"}]},"outputs":{},"workflowRoot":"/redacted/_DaSL/user/svc_proof_test/cromwell-scratch/basicTaskTest/3cb8a82a-ac83-4708-8937-337b73c8bef0","actualWorkflowLanguage":"WDL","status":"Running","start":"2025-04-09T17:44:43.520Z","id":"3cb8a82a-ac83-4708-8937-337b73c8bef0","inputs":{"text":"Hello,
        World!"},"labels":{"cromwell-workflow-id":"cromwell-3cb8a82a-ac83-4708-8937-337b73c8bef0"},"submission":"2025-04-09T17:42:28.542Z"}'
    headers:
      Connection:
      - keep-alive
      Content-Type:
      - application/json
      Date:
      - Wed, 09 Apr 2025 17:46:01 GMT
      Server:
      - nginx/1.25.3
      Transfer-Encoding:
      - chunked
      content-length:
      - '2597'
    status:
      code: 200
      message: OK
- request:
    body: ''
    headers:
      accept:
      - '*/*'
      accept-encoding:
      - gzip, deflate
      connection:
      - keep-alive
      host:
      - gizmok37.fhcrc.org:44649
      user-agent:
      - python-httpx/0.28.1
    method: GET
    uri: https://gizmok37.fhcrc.org:44649/api/workflows/v1/3cb8a82a-ac83-4708-8937-337b73c8bef0/metadata?expandSubWorkflows=true
  response:
    body:
      string: '{"workflowName":"basicTaskTest","workflowProcessingEvents":[{"cromwellId":"cromid-32c4e56","description":"PickedUp","timestamp":"2025-04-09T17:44:43.520Z","cromwellVersion":"87"}],"actualWorkflowLanguageVersion":"1.0","submittedFiles":{"workflow":"version
        1.0\n\n# The basicTaskTest workflow calls a task named simpleTask, which takes
        a string input and writes it to a file called output.txt. It demonstrates
        a basic execution of a task with file output.\n\n# This tests basic task execution,
        input handling, and file output functionality. It ensures that a task can
        successfully take an input and generate an output.\n\nworkflow basicTaskTest
        {\n  input {\n    String text = \"Hello, World!\"\n  }\n\n  call simpleTask
        {\n    input:\n      message = text\n  }\n}\n\ntask simpleTask {\n  input
        {\n    String message\n  }\n\n  command <<<\n    echo \"${message}\" > output.txt\n    >>>\n\n  output
        {\n    File outputFile = \"output.txt\"\n  }\n\n  runtime {\n    docker: \"ubuntu:20.04\"\n  }\n}\n","root":"","options":"{\n  \"read_from_cache\":
        false,\n  \"workflow_failure_mode\": \"ContinueWhilePossible\",\n  \"write_to_cache\":
        false\n}","inputs":"{}","workflowUrl":"","labels":"{}"},"calls":{"basicTaskTest.simpleTask":[{"executionStatus":"Running","stdout":"/redacted/_DaSL/user/svc_proof_test/cromwell-scratch/basicTaskTest/3cb8a82a-ac83-4708-8937-337b73c8bef0/call-simpleTask/execution/stdout","backendStatus":"Running","commandLine":"echo
        \"${message}\" > output.txt","shardIndex":-1,"runtimeAttributes":{"failOnStderr":"false","partition":"campus-new","continueOnReturnCode":"0","docker":"ubuntu:20.04","modules":"","gpus":"0","maxRetries":"0","cpu":"1","memory":"1.953125
        GB"},"callCaching":{"allowResultReuse":false,"effectiveCallCachingMode":"CallCachingOff"},"inputs":{"message":"Hello,
        World!"},"jobId":"17854429","backend":"gizmo","attempt":1,"start":"2025-04-09T17:44:45.589Z","stderr":"/redacted/_DaSL/user/svc_proof_test/cromwell-scratch/basicTaskTest/3cb8a82a-ac83-4708-8937-337b73c8bef0/call-simpleTask/execution/stderr","callRoot":"/redacted/_DaSL/user/svc_proof_test/cromwell-scratch/basicTaskTest/3cb8a82a-ac83-4708-8937-337b73c8bef0/call-simpleTask"}]},"outputs":{},"workflowRoot":"/redacted/_DaSL/user/svc_proof_test/cromwell-scratch/basicTaskTest/3cb8a82a-ac83-4708-8937-337b73c8bef0","actualWorkflowLanguage":"WDL","status":"Running","start":"2025-04-09T17:44:43.520Z","id":"3cb8a82a-ac83-4708-8937-337b73c8bef0","inputs":{"text":"Hello,
        World!"},"labels":{"cromwell-workflow-id":"cromwell-3cb8a82a-ac83-4708-8937-337b73c8bef0"},"submission":"2025-04-09T17:42:28.542Z"}'
    headers:
      Connection:
      - keep-alive
      Content-Type:
      - application/json
      Date:
      - Wed, 09 Apr 2025 17:46:06 GMT
      Server:
      - nginx/1.25.3
      Transfer-Encoding:
      - chunked
      content-length:
      - '2597'
    status:
      code: 200
      message: OK
- request:
    body: ''
    headers:
      accept:
      - '*/*'
      accept-encoding:
      - gzip, deflate
      connection:
      - keep-alive
      host:
      - gizmok37.fhcrc.org:44649
      user-agent:
      - python-httpx/0.28.1
    method: GET
    uri: https://gizmok37.fhcrc.org:44649/api/workflows/v1/3cb8a82a-ac83-4708-8937-337b73c8bef0/metadata?expandSubWorkflows=true
  response:
    body:
      string: '{"workflowName":"basicTaskTest","workflowProcessingEvents":[{"cromwellId":"cromid-32c4e56","description":"PickedUp","timestamp":"2025-04-09T17:44:43.520Z","cromwellVersion":"87"}],"actualWorkflowLanguageVersion":"1.0","submittedFiles":{"workflow":"version
        1.0\n\n# The basicTaskTest workflow calls a task named simpleTask, which takes
        a string input and writes it to a file called output.txt. It demonstrates
        a basic execution of a task with file output.\n\n# This tests basic task execution,
        input handling, and file output functionality. It ensures that a task can
        successfully take an input and generate an output.\n\nworkflow basicTaskTest
        {\n  input {\n    String text = \"Hello, World!\"\n  }\n\n  call simpleTask
        {\n    input:\n      message = text\n  }\n}\n\ntask simpleTask {\n  input
        {\n    String message\n  }\n\n  command <<<\n    echo \"${message}\" > output.txt\n    >>>\n\n  output
        {\n    File outputFile = \"output.txt\"\n  }\n\n  runtime {\n    docker: \"ubuntu:20.04\"\n  }\n}\n","root":"","options":"{\n  \"read_from_cache\":
        false,\n  \"workflow_failure_mode\": \"ContinueWhilePossible\",\n  \"write_to_cache\":
        false\n}","inputs":"{}","workflowUrl":"","labels":"{}"},"calls":{"basicTaskTest.simpleTask":[{"executionStatus":"Running","stdout":"/redacted/_DaSL/user/svc_proof_test/cromwell-scratch/basicTaskTest/3cb8a82a-ac83-4708-8937-337b73c8bef0/call-simpleTask/execution/stdout","backendStatus":"Running","commandLine":"echo
        \"${message}\" > output.txt","shardIndex":-1,"runtimeAttributes":{"failOnStderr":"false","partition":"campus-new","continueOnReturnCode":"0","docker":"ubuntu:20.04","modules":"","gpus":"0","maxRetries":"0","cpu":"1","memory":"1.953125
        GB"},"callCaching":{"allowResultReuse":false,"effectiveCallCachingMode":"CallCachingOff"},"inputs":{"message":"Hello,
        World!"},"jobId":"17854429","backend":"gizmo","attempt":1,"start":"2025-04-09T17:44:45.589Z","stderr":"/redacted/_DaSL/user/svc_proof_test/cromwell-scratch/basicTaskTest/3cb8a82a-ac83-4708-8937-337b73c8bef0/call-simpleTask/execution/stderr","callRoot":"/redacted/_DaSL/user/svc_proof_test/cromwell-scratch/basicTaskTest/3cb8a82a-ac83-4708-8937-337b73c8bef0/call-simpleTask"}]},"outputs":{},"workflowRoot":"/redacted/_DaSL/user/svc_proof_test/cromwell-scratch/basicTaskTest/3cb8a82a-ac83-4708-8937-337b73c8bef0","actualWorkflowLanguage":"WDL","status":"Running","start":"2025-04-09T17:44:43.520Z","id":"3cb8a82a-ac83-4708-8937-337b73c8bef0","inputs":{"text":"Hello,
        World!"},"labels":{"cromwell-workflow-id":"cromwell-3cb8a82a-ac83-4708-8937-337b73c8bef0"},"submission":"2025-04-09T17:42:28.542Z"}'
    headers:
      Connection:
      - keep-alive
      Content-Type:
      - application/json
      Date:
      - Wed, 09 Apr 2025 17:46:11 GMT
      Server:
      - nginx/1.25.3
      Transfer-Encoding:
      - chunked
      content-length:
      - '2597'
    status:
      code: 200
      message: OK
- request:
    body: ''
    headers:
      accept:
      - '*/*'
      accept-encoding:
      - gzip, deflate
      connection:
      - keep-alive
      host:
      - gizmok37.fhcrc.org:44649
      user-agent:
      - python-httpx/0.28.1
    method: GET
    uri: https://gizmok37.fhcrc.org:44649/api/workflows/v1/3cb8a82a-ac83-4708-8937-337b73c8bef0/metadata?expandSubWorkflows=true
  response:
    body:
      string: '{"workflowName":"basicTaskTest","workflowProcessingEvents":[{"cromwellId":"cromid-32c4e56","description":"PickedUp","timestamp":"2025-04-09T17:44:43.520Z","cromwellVersion":"87"}],"actualWorkflowLanguageVersion":"1.0","submittedFiles":{"workflow":"version
        1.0\n\n# The basicTaskTest workflow calls a task named simpleTask, which takes
        a string input and writes it to a file called output.txt. It demonstrates
        a basic execution of a task with file output.\n\n# This tests basic task execution,
        input handling, and file output functionality. It ensures that a task can
        successfully take an input and generate an output.\n\nworkflow basicTaskTest
        {\n  input {\n    String text = \"Hello, World!\"\n  }\n\n  call simpleTask
        {\n    input:\n      message = text\n  }\n}\n\ntask simpleTask {\n  input
        {\n    String message\n  }\n\n  command <<<\n    echo \"${message}\" > output.txt\n    >>>\n\n  output
        {\n    File outputFile = \"output.txt\"\n  }\n\n  runtime {\n    docker: \"ubuntu:20.04\"\n  }\n}\n","root":"","options":"{\n  \"read_from_cache\":
        false,\n  \"workflow_failure_mode\": \"ContinueWhilePossible\",\n  \"write_to_cache\":
        false\n}","inputs":"{}","workflowUrl":"","labels":"{}"},"calls":{"basicTaskTest.simpleTask":[{"executionStatus":"Running","stdout":"/redacted/_DaSL/user/svc_proof_test/cromwell-scratch/basicTaskTest/3cb8a82a-ac83-4708-8937-337b73c8bef0/call-simpleTask/execution/stdout","backendStatus":"Running","commandLine":"echo
        \"${message}\" > output.txt","shardIndex":-1,"runtimeAttributes":{"failOnStderr":"false","partition":"campus-new","continueOnReturnCode":"0","docker":"ubuntu:20.04","modules":"","gpus":"0","maxRetries":"0","cpu":"1","memory":"1.953125
        GB"},"callCaching":{"allowResultReuse":false,"effectiveCallCachingMode":"CallCachingOff"},"inputs":{"message":"Hello,
        World!"},"jobId":"17854429","backend":"gizmo","attempt":1,"start":"2025-04-09T17:44:45.589Z","stderr":"/redacted/_DaSL/user/svc_proof_test/cromwell-scratch/basicTaskTest/3cb8a82a-ac83-4708-8937-337b73c8bef0/call-simpleTask/execution/stderr","callRoot":"/redacted/_DaSL/user/svc_proof_test/cromwell-scratch/basicTaskTest/3cb8a82a-ac83-4708-8937-337b73c8bef0/call-simpleTask"}]},"outputs":{},"workflowRoot":"/redacted/_DaSL/user/svc_proof_test/cromwell-scratch/basicTaskTest/3cb8a82a-ac83-4708-8937-337b73c8bef0","actualWorkflowLanguage":"WDL","status":"Running","start":"2025-04-09T17:44:43.520Z","id":"3cb8a82a-ac83-4708-8937-337b73c8bef0","inputs":{"text":"Hello,
        World!"},"labels":{"cromwell-workflow-id":"cromwell-3cb8a82a-ac83-4708-8937-337b73c8bef0"},"submission":"2025-04-09T17:42:28.542Z"}'
    headers:
      Connection:
      - keep-alive
      Content-Type:
      - application/json
      Date:
      - Wed, 09 Apr 2025 17:46:16 GMT
      Server:
      - nginx/1.25.3
      Transfer-Encoding:
      - chunked
      content-length:
      - '2597'
    status:
      code: 200
      message: OK
- request:
    body: ''
    headers:
      accept:
      - '*/*'
      accept-encoding:
      - gzip, deflate
      connection:
      - keep-alive
      host:
      - gizmok37.fhcrc.org:44649
      user-agent:
      - python-httpx/0.28.1
    method: GET
    uri: https://gizmok37.fhcrc.org:44649/api/workflows/v1/3cb8a82a-ac83-4708-8937-337b73c8bef0/metadata?expandSubWorkflows=true
  response:
    body:
      string: '{"workflowName":"basicTaskTest","workflowProcessingEvents":[{"cromwellId":"cromid-32c4e56","description":"PickedUp","timestamp":"2025-04-09T17:44:43.520Z","cromwellVersion":"87"}],"actualWorkflowLanguageVersion":"1.0","submittedFiles":{"workflow":"version
        1.0\n\n# The basicTaskTest workflow calls a task named simpleTask, which takes
        a string input and writes it to a file called output.txt. It demonstrates
        a basic execution of a task with file output.\n\n# This tests basic task execution,
        input handling, and file output functionality. It ensures that a task can
        successfully take an input and generate an output.\n\nworkflow basicTaskTest
        {\n  input {\n    String text = \"Hello, World!\"\n  }\n\n  call simpleTask
        {\n    input:\n      message = text\n  }\n}\n\ntask simpleTask {\n  input
        {\n    String message\n  }\n\n  command <<<\n    echo \"${message}\" > output.txt\n    >>>\n\n  output
        {\n    File outputFile = \"output.txt\"\n  }\n\n  runtime {\n    docker: \"ubuntu:20.04\"\n  }\n}\n","root":"","options":"{\n  \"read_from_cache\":
        false,\n  \"workflow_failure_mode\": \"ContinueWhilePossible\",\n  \"write_to_cache\":
        false\n}","inputs":"{}","workflowUrl":"","labels":"{}"},"calls":{"basicTaskTest.simpleTask":[{"executionStatus":"Running","stdout":"/redacted/_DaSL/user/svc_proof_test/cromwell-scratch/basicTaskTest/3cb8a82a-ac83-4708-8937-337b73c8bef0/call-simpleTask/execution/stdout","backendStatus":"Running","commandLine":"echo
        \"${message}\" > output.txt","shardIndex":-1,"runtimeAttributes":{"failOnStderr":"false","partition":"campus-new","continueOnReturnCode":"0","docker":"ubuntu:20.04","modules":"","gpus":"0","maxRetries":"0","cpu":"1","memory":"1.953125
        GB"},"callCaching":{"allowResultReuse":false,"effectiveCallCachingMode":"CallCachingOff"},"inputs":{"message":"Hello,
        World!"},"jobId":"17854429","backend":"gizmo","attempt":1,"start":"2025-04-09T17:44:45.589Z","stderr":"/redacted/_DaSL/user/svc_proof_test/cromwell-scratch/basicTaskTest/3cb8a82a-ac83-4708-8937-337b73c8bef0/call-simpleTask/execution/stderr","callRoot":"/redacted/_DaSL/user/svc_proof_test/cromwell-scratch/basicTaskTest/3cb8a82a-ac83-4708-8937-337b73c8bef0/call-simpleTask"}]},"outputs":{},"workflowRoot":"/redacted/_DaSL/user/svc_proof_test/cromwell-scratch/basicTaskTest/3cb8a82a-ac83-4708-8937-337b73c8bef0","actualWorkflowLanguage":"WDL","status":"Running","start":"2025-04-09T17:44:43.520Z","id":"3cb8a82a-ac83-4708-8937-337b73c8bef0","inputs":{"text":"Hello,
        World!"},"labels":{"cromwell-workflow-id":"cromwell-3cb8a82a-ac83-4708-8937-337b73c8bef0"},"submission":"2025-04-09T17:42:28.542Z"}'
    headers:
      Connection:
      - keep-alive
      Content-Type:
      - application/json
      Date:
      - Wed, 09 Apr 2025 17:46:21 GMT
      Server:
      - nginx/1.25.3
      Transfer-Encoding:
      - chunked
      content-length:
      - '2597'
    status:
      code: 200
      message: OK
- request:
    body: ''
    headers:
      accept:
      - '*/*'
      accept-encoding:
      - gzip, deflate
      connection:
      - keep-alive
      host:
      - gizmok37.fhcrc.org:44649
      user-agent:
      - python-httpx/0.28.1
    method: GET
    uri: https://gizmok37.fhcrc.org:44649/api/workflows/v1/3cb8a82a-ac83-4708-8937-337b73c8bef0/metadata?expandSubWorkflows=true
  response:
    body:
      string: '{"workflowName":"basicTaskTest","workflowProcessingEvents":[{"cromwellId":"cromid-32c4e56","description":"PickedUp","timestamp":"2025-04-09T17:44:43.520Z","cromwellVersion":"87"}],"actualWorkflowLanguageVersion":"1.0","submittedFiles":{"workflow":"version
        1.0\n\n# The basicTaskTest workflow calls a task named simpleTask, which takes
        a string input and writes it to a file called output.txt. It demonstrates
        a basic execution of a task with file output.\n\n# This tests basic task execution,
        input handling, and file output functionality. It ensures that a task can
        successfully take an input and generate an output.\n\nworkflow basicTaskTest
        {\n  input {\n    String text = \"Hello, World!\"\n  }\n\n  call simpleTask
        {\n    input:\n      message = text\n  }\n}\n\ntask simpleTask {\n  input
        {\n    String message\n  }\n\n  command <<<\n    echo \"${message}\" > output.txt\n    >>>\n\n  output
        {\n    File outputFile = \"output.txt\"\n  }\n\n  runtime {\n    docker: \"ubuntu:20.04\"\n  }\n}\n","root":"","options":"{\n  \"read_from_cache\":
        false,\n  \"workflow_failure_mode\": \"ContinueWhilePossible\",\n  \"write_to_cache\":
        false\n}","inputs":"{}","workflowUrl":"","labels":"{}"},"calls":{"basicTaskTest.simpleTask":[{"executionStatus":"Running","stdout":"/redacted/_DaSL/user/svc_proof_test/cromwell-scratch/basicTaskTest/3cb8a82a-ac83-4708-8937-337b73c8bef0/call-simpleTask/execution/stdout","backendStatus":"Running","commandLine":"echo
        \"${message}\" > output.txt","shardIndex":-1,"runtimeAttributes":{"failOnStderr":"false","partition":"campus-new","continueOnReturnCode":"0","docker":"ubuntu:20.04","modules":"","gpus":"0","maxRetries":"0","cpu":"1","memory":"1.953125
        GB"},"callCaching":{"allowResultReuse":false,"effectiveCallCachingMode":"CallCachingOff"},"inputs":{"message":"Hello,
        World!"},"jobId":"17854429","backend":"gizmo","attempt":1,"start":"2025-04-09T17:44:45.589Z","stderr":"/redacted/_DaSL/user/svc_proof_test/cromwell-scratch/basicTaskTest/3cb8a82a-ac83-4708-8937-337b73c8bef0/call-simpleTask/execution/stderr","callRoot":"/redacted/_DaSL/user/svc_proof_test/cromwell-scratch/basicTaskTest/3cb8a82a-ac83-4708-8937-337b73c8bef0/call-simpleTask"}]},"outputs":{},"workflowRoot":"/redacted/_DaSL/user/svc_proof_test/cromwell-scratch/basicTaskTest/3cb8a82a-ac83-4708-8937-337b73c8bef0","actualWorkflowLanguage":"WDL","status":"Running","start":"2025-04-09T17:44:43.520Z","id":"3cb8a82a-ac83-4708-8937-337b73c8bef0","inputs":{"text":"Hello,
        World!"},"labels":{"cromwell-workflow-id":"cromwell-3cb8a82a-ac83-4708-8937-337b73c8bef0"},"submission":"2025-04-09T17:42:28.542Z"}'
    headers:
      Connection:
      - keep-alive
      Content-Type:
      - application/json
      Date:
      - Wed, 09 Apr 2025 17:46:26 GMT
      Server:
      - nginx/1.25.3
      Transfer-Encoding:
      - chunked
      content-length:
      - '2597'
    status:
      code: 200
      message: OK
- request:
    body: ''
    headers:
      accept:
      - '*/*'
      accept-encoding:
      - gzip, deflate
      connection:
      - keep-alive
      host:
      - gizmok37.fhcrc.org:44649
      user-agent:
      - python-httpx/0.28.1
    method: GET
    uri: https://gizmok37.fhcrc.org:44649/api/workflows/v1/3cb8a82a-ac83-4708-8937-337b73c8bef0/metadata?expandSubWorkflows=true
  response:
    body:
      string: '{"workflowName":"basicTaskTest","workflowProcessingEvents":[{"cromwellId":"cromid-32c4e56","description":"PickedUp","timestamp":"2025-04-09T17:44:43.520Z","cromwellVersion":"87"}],"actualWorkflowLanguageVersion":"1.0","submittedFiles":{"workflow":"version
        1.0\n\n# The basicTaskTest workflow calls a task named simpleTask, which takes
        a string input and writes it to a file called output.txt. It demonstrates
        a basic execution of a task with file output.\n\n# This tests basic task execution,
        input handling, and file output functionality. It ensures that a task can
        successfully take an input and generate an output.\n\nworkflow basicTaskTest
        {\n  input {\n    String text = \"Hello, World!\"\n  }\n\n  call simpleTask
        {\n    input:\n      message = text\n  }\n}\n\ntask simpleTask {\n  input
        {\n    String message\n  }\n\n  command <<<\n    echo \"${message}\" > output.txt\n    >>>\n\n  output
        {\n    File outputFile = \"output.txt\"\n  }\n\n  runtime {\n    docker: \"ubuntu:20.04\"\n  }\n}\n","root":"","options":"{\n  \"read_from_cache\":
        false,\n  \"workflow_failure_mode\": \"ContinueWhilePossible\",\n  \"write_to_cache\":
        false\n}","inputs":"{}","workflowUrl":"","labels":"{}"},"calls":{"basicTaskTest.simpleTask":[{"executionStatus":"Running","stdout":"/redacted/_DaSL/user/svc_proof_test/cromwell-scratch/basicTaskTest/3cb8a82a-ac83-4708-8937-337b73c8bef0/call-simpleTask/execution/stdout","backendStatus":"Running","commandLine":"echo
        \"${message}\" > output.txt","shardIndex":-1,"runtimeAttributes":{"failOnStderr":"false","partition":"campus-new","continueOnReturnCode":"0","docker":"ubuntu:20.04","modules":"","gpus":"0","maxRetries":"0","cpu":"1","memory":"1.953125
        GB"},"callCaching":{"allowResultReuse":false,"effectiveCallCachingMode":"CallCachingOff"},"inputs":{"message":"Hello,
        World!"},"jobId":"17854429","backend":"gizmo","attempt":1,"start":"2025-04-09T17:44:45.589Z","stderr":"/redacted/_DaSL/user/svc_proof_test/cromwell-scratch/basicTaskTest/3cb8a82a-ac83-4708-8937-337b73c8bef0/call-simpleTask/execution/stderr","callRoot":"/redacted/_DaSL/user/svc_proof_test/cromwell-scratch/basicTaskTest/3cb8a82a-ac83-4708-8937-337b73c8bef0/call-simpleTask"}]},"outputs":{},"workflowRoot":"/redacted/_DaSL/user/svc_proof_test/cromwell-scratch/basicTaskTest/3cb8a82a-ac83-4708-8937-337b73c8bef0","actualWorkflowLanguage":"WDL","status":"Running","start":"2025-04-09T17:44:43.520Z","id":"3cb8a82a-ac83-4708-8937-337b73c8bef0","inputs":{"text":"Hello,
        World!"},"labels":{"cromwell-workflow-id":"cromwell-3cb8a82a-ac83-4708-8937-337b73c8bef0"},"submission":"2025-04-09T17:42:28.542Z"}'
    headers:
      Connection:
      - keep-alive
      Content-Type:
      - application/json
      Date:
      - Wed, 09 Apr 2025 17:46:31 GMT
      Server:
      - nginx/1.25.3
      Transfer-Encoding:
      - chunked
      content-length:
      - '2597'
    status:
      code: 200
      message: OK
- request:
    body: ''
    headers:
      accept:
      - '*/*'
      accept-encoding:
      - gzip, deflate
      connection:
      - keep-alive
      host:
      - gizmok37.fhcrc.org:44649
      user-agent:
      - python-httpx/0.28.1
    method: GET
    uri: https://gizmok37.fhcrc.org:44649/api/workflows/v1/3cb8a82a-ac83-4708-8937-337b73c8bef0/metadata?expandSubWorkflows=true
  response:
    body:
      string: '{"workflowName":"basicTaskTest","workflowProcessingEvents":[{"cromwellId":"cromid-32c4e56","description":"PickedUp","timestamp":"2025-04-09T17:44:43.520Z","cromwellVersion":"87"}],"actualWorkflowLanguageVersion":"1.0","submittedFiles":{"workflow":"version
        1.0\n\n# The basicTaskTest workflow calls a task named simpleTask, which takes
        a string input and writes it to a file called output.txt. It demonstrates
        a basic execution of a task with file output.\n\n# This tests basic task execution,
        input handling, and file output functionality. It ensures that a task can
        successfully take an input and generate an output.\n\nworkflow basicTaskTest
        {\n  input {\n    String text = \"Hello, World!\"\n  }\n\n  call simpleTask
        {\n    input:\n      message = text\n  }\n}\n\ntask simpleTask {\n  input
        {\n    String message\n  }\n\n  command <<<\n    echo \"${message}\" > output.txt\n    >>>\n\n  output
        {\n    File outputFile = \"output.txt\"\n  }\n\n  runtime {\n    docker: \"ubuntu:20.04\"\n  }\n}\n","root":"","options":"{\n  \"read_from_cache\":
        false,\n  \"workflow_failure_mode\": \"ContinueWhilePossible\",\n  \"write_to_cache\":
        false\n}","inputs":"{}","workflowUrl":"","labels":"{}"},"calls":{"basicTaskTest.simpleTask":[{"executionStatus":"Running","stdout":"/redacted/_DaSL/user/svc_proof_test/cromwell-scratch/basicTaskTest/3cb8a82a-ac83-4708-8937-337b73c8bef0/call-simpleTask/execution/stdout","backendStatus":"Running","commandLine":"echo
        \"${message}\" > output.txt","shardIndex":-1,"runtimeAttributes":{"failOnStderr":"false","partition":"campus-new","continueOnReturnCode":"0","docker":"ubuntu:20.04","modules":"","gpus":"0","maxRetries":"0","cpu":"1","memory":"1.953125
        GB"},"callCaching":{"allowResultReuse":false,"effectiveCallCachingMode":"CallCachingOff"},"inputs":{"message":"Hello,
        World!"},"jobId":"17854429","backend":"gizmo","attempt":1,"start":"2025-04-09T17:44:45.589Z","stderr":"/redacted/_DaSL/user/svc_proof_test/cromwell-scratch/basicTaskTest/3cb8a82a-ac83-4708-8937-337b73c8bef0/call-simpleTask/execution/stderr","callRoot":"/redacted/_DaSL/user/svc_proof_test/cromwell-scratch/basicTaskTest/3cb8a82a-ac83-4708-8937-337b73c8bef0/call-simpleTask"}]},"outputs":{},"workflowRoot":"/redacted/_DaSL/user/svc_proof_test/cromwell-scratch/basicTaskTest/3cb8a82a-ac83-4708-8937-337b73c8bef0","actualWorkflowLanguage":"WDL","status":"Running","start":"2025-04-09T17:44:43.520Z","id":"3cb8a82a-ac83-4708-8937-337b73c8bef0","inputs":{"text":"Hello,
        World!"},"labels":{"cromwell-workflow-id":"cromwell-3cb8a82a-ac83-4708-8937-337b73c8bef0"},"submission":"2025-04-09T17:42:28.542Z"}'
    headers:
      Connection:
      - keep-alive
      Content-Type:
      - application/json
      Date:
      - Wed, 09 Apr 2025 17:46:36 GMT
      Server:
      - nginx/1.25.3
      Transfer-Encoding:
      - chunked
      content-length:
      - '2597'
    status:
      code: 200
      message: OK
- request:
    body: ''
    headers:
      accept:
      - '*/*'
      accept-encoding:
      - gzip, deflate
      connection:
      - keep-alive
      host:
      - gizmok37.fhcrc.org:44649
      user-agent:
      - python-httpx/0.28.1
    method: GET
    uri: https://gizmok37.fhcrc.org:44649/api/workflows/v1/3cb8a82a-ac83-4708-8937-337b73c8bef0/metadata?expandSubWorkflows=true
  response:
    body:
      string: '{"workflowName":"basicTaskTest","workflowProcessingEvents":[{"cromwellId":"cromid-32c4e56","description":"PickedUp","timestamp":"2025-04-09T17:44:43.520Z","cromwellVersion":"87"}],"actualWorkflowLanguageVersion":"1.0","submittedFiles":{"workflow":"version
        1.0\n\n# The basicTaskTest workflow calls a task named simpleTask, which takes
        a string input and writes it to a file called output.txt. It demonstrates
        a basic execution of a task with file output.\n\n# This tests basic task execution,
        input handling, and file output functionality. It ensures that a task can
        successfully take an input and generate an output.\n\nworkflow basicTaskTest
        {\n  input {\n    String text = \"Hello, World!\"\n  }\n\n  call simpleTask
        {\n    input:\n      message = text\n  }\n}\n\ntask simpleTask {\n  input
        {\n    String message\n  }\n\n  command <<<\n    echo \"${message}\" > output.txt\n    >>>\n\n  output
        {\n    File outputFile = \"output.txt\"\n  }\n\n  runtime {\n    docker: \"ubuntu:20.04\"\n  }\n}\n","root":"","options":"{\n  \"read_from_cache\":
        false,\n  \"workflow_failure_mode\": \"ContinueWhilePossible\",\n  \"write_to_cache\":
        false\n}","inputs":"{}","workflowUrl":"","labels":"{}"},"calls":{"basicTaskTest.simpleTask":[{"executionStatus":"Running","stdout":"/redacted/_DaSL/user/svc_proof_test/cromwell-scratch/basicTaskTest/3cb8a82a-ac83-4708-8937-337b73c8bef0/call-simpleTask/execution/stdout","backendStatus":"Running","commandLine":"echo
        \"${message}\" > output.txt","shardIndex":-1,"runtimeAttributes":{"failOnStderr":"false","partition":"campus-new","continueOnReturnCode":"0","docker":"ubuntu:20.04","modules":"","gpus":"0","maxRetries":"0","cpu":"1","memory":"1.953125
        GB"},"callCaching":{"allowResultReuse":false,"effectiveCallCachingMode":"CallCachingOff"},"inputs":{"message":"Hello,
        World!"},"jobId":"17854429","backend":"gizmo","attempt":1,"start":"2025-04-09T17:44:45.589Z","stderr":"/redacted/_DaSL/user/svc_proof_test/cromwell-scratch/basicTaskTest/3cb8a82a-ac83-4708-8937-337b73c8bef0/call-simpleTask/execution/stderr","callRoot":"/redacted/_DaSL/user/svc_proof_test/cromwell-scratch/basicTaskTest/3cb8a82a-ac83-4708-8937-337b73c8bef0/call-simpleTask"}]},"outputs":{},"workflowRoot":"/redacted/_DaSL/user/svc_proof_test/cromwell-scratch/basicTaskTest/3cb8a82a-ac83-4708-8937-337b73c8bef0","actualWorkflowLanguage":"WDL","status":"Running","start":"2025-04-09T17:44:43.520Z","id":"3cb8a82a-ac83-4708-8937-337b73c8bef0","inputs":{"text":"Hello,
        World!"},"labels":{"cromwell-workflow-id":"cromwell-3cb8a82a-ac83-4708-8937-337b73c8bef0"},"submission":"2025-04-09T17:42:28.542Z"}'
    headers:
      Connection:
      - keep-alive
      Content-Type:
      - application/json
      Date:
      - Wed, 09 Apr 2025 17:46:41 GMT
      Server:
      - nginx/1.25.3
      Transfer-Encoding:
      - chunked
      content-length:
      - '2597'
    status:
      code: 200
      message: OK
- request:
    body: ''
    headers:
      accept:
      - '*/*'
      accept-encoding:
      - gzip, deflate
      connection:
      - keep-alive
      host:
      - gizmok37.fhcrc.org:44649
      user-agent:
      - python-httpx/0.28.1
    method: GET
    uri: https://gizmok37.fhcrc.org:44649/api/workflows/v1/3cb8a82a-ac83-4708-8937-337b73c8bef0/metadata?expandSubWorkflows=true
  response:
    body:
      string: '{"workflowName":"basicTaskTest","workflowProcessingEvents":[{"cromwellId":"cromid-32c4e56","description":"PickedUp","timestamp":"2025-04-09T17:44:43.520Z","cromwellVersion":"87"}],"actualWorkflowLanguageVersion":"1.0","submittedFiles":{"workflow":"version
        1.0\n\n# The basicTaskTest workflow calls a task named simpleTask, which takes
        a string input and writes it to a file called output.txt. It demonstrates
        a basic execution of a task with file output.\n\n# This tests basic task execution,
        input handling, and file output functionality. It ensures that a task can
        successfully take an input and generate an output.\n\nworkflow basicTaskTest
        {\n  input {\n    String text = \"Hello, World!\"\n  }\n\n  call simpleTask
        {\n    input:\n      message = text\n  }\n}\n\ntask simpleTask {\n  input
        {\n    String message\n  }\n\n  command <<<\n    echo \"${message}\" > output.txt\n    >>>\n\n  output
        {\n    File outputFile = \"output.txt\"\n  }\n\n  runtime {\n    docker: \"ubuntu:20.04\"\n  }\n}\n","root":"","options":"{\n  \"read_from_cache\":
        false,\n  \"workflow_failure_mode\": \"ContinueWhilePossible\",\n  \"write_to_cache\":
        false\n}","inputs":"{}","workflowUrl":"","labels":"{}"},"calls":{"basicTaskTest.simpleTask":[{"executionStatus":"Running","stdout":"/redacted/_DaSL/user/svc_proof_test/cromwell-scratch/basicTaskTest/3cb8a82a-ac83-4708-8937-337b73c8bef0/call-simpleTask/execution/stdout","backendStatus":"Done","commandLine":"echo
        \"${message}\" > output.txt","shardIndex":-1,"runtimeAttributes":{"failOnStderr":"false","partition":"campus-new","continueOnReturnCode":"0","docker":"ubuntu:20.04","modules":"","gpus":"0","maxRetries":"0","cpu":"1","memory":"1.953125
        GB"},"callCaching":{"allowResultReuse":false,"effectiveCallCachingMode":"CallCachingOff"},"inputs":{"message":"Hello,
        World!"},"jobId":"17854429","backend":"gizmo","dockerImageUsed":"ubuntu@sha256:8feb4d8ca5354def3d8fce243717141ce31e2c428701f6682bd2fafe15388214","attempt":1,"start":"2025-04-09T17:44:45.589Z","stderr":"/redacted/_DaSL/user/svc_proof_test/cromwell-scratch/basicTaskTest/3cb8a82a-ac83-4708-8937-337b73c8bef0/call-simpleTask/execution/stderr","callRoot":"/redacted/_DaSL/user/svc_proof_test/cromwell-scratch/basicTaskTest/3cb8a82a-ac83-4708-8937-337b73c8bef0/call-simpleTask"}]},"outputs":{},"workflowRoot":"/redacted/_DaSL/user/svc_proof_test/cromwell-scratch/basicTaskTest/3cb8a82a-ac83-4708-8937-337b73c8bef0","actualWorkflowLanguage":"WDL","status":"Running","start":"2025-04-09T17:44:43.520Z","id":"3cb8a82a-ac83-4708-8937-337b73c8bef0","inputs":{"text":"Hello,
        World!"},"labels":{"cromwell-workflow-id":"cromwell-3cb8a82a-ac83-4708-8937-337b73c8bef0"},"submission":"2025-04-09T17:42:28.542Z"}'
    headers:
      Connection:
      - keep-alive
      Content-Type:
      - application/json
      Date:
      - Wed, 09 Apr 2025 17:46:47 GMT
      Server:
      - nginx/1.25.3
      Transfer-Encoding:
      - chunked
      content-length:
      - '2693'
    status:
      code: 200
      message: OK
- request:
    body: ''
    headers:
      accept:
      - '*/*'
      accept-encoding:
      - gzip, deflate
      connection:
      - keep-alive
      host:
      - gizmok37.fhcrc.org:44649
      user-agent:
      - python-httpx/0.28.1
    method: GET
    uri: https://gizmok37.fhcrc.org:44649/api/workflows/v1/3cb8a82a-ac83-4708-8937-337b73c8bef0/metadata?expandSubWorkflows=true
  response:
    body:
      string: '{"workflowName":"basicTaskTest","workflowProcessingEvents":[{"cromwellId":"cromid-32c4e56","description":"PickedUp","timestamp":"2025-04-09T17:44:43.520Z","cromwellVersion":"87"},{"cromwellId":"cromid-32c4e56","description":"Finished","timestamp":"2025-04-09T17:46:46.965Z","cromwellVersion":"87"}],"actualWorkflowLanguageVersion":"1.0","submittedFiles":{"workflow":"version
        1.0\n\n# The basicTaskTest workflow calls a task named simpleTask, which takes
        a string input and writes it to a file called output.txt. It demonstrates
        a basic execution of a task with file output.\n\n# This tests basic task execution,
        input handling, and file output functionality. It ensures that a task can
        successfully take an input and generate an output.\n\nworkflow basicTaskTest
        {\n  input {\n    String text = \"Hello, World!\"\n  }\n\n  call simpleTask
        {\n    input:\n      message = text\n  }\n}\n\ntask simpleTask {\n  input
        {\n    String message\n  }\n\n  command <<<\n    echo \"${message}\" > output.txt\n    >>>\n\n  output
        {\n    File outputFile = \"output.txt\"\n  }\n\n  runtime {\n    docker: \"ubuntu:20.04\"\n  }\n}\n","root":"","options":"{\n  \"read_from_cache\":
        false,\n  \"workflow_failure_mode\": \"ContinueWhilePossible\",\n  \"write_to_cache\":
        false\n}","inputs":"{}","workflowUrl":"","labels":"{}"},"calls":{"basicTaskTest.simpleTask":[{"executionStatus":"Done","stdout":"/redacted/_DaSL/user/svc_proof_test/cromwell-scratch/basicTaskTest/3cb8a82a-ac83-4708-8937-337b73c8bef0/call-simpleTask/execution/stdout","backendStatus":"Done","commandLine":"echo
        \"${message}\" > output.txt","shardIndex":-1,"outputs":{"outputFile":"/redacted/_DaSL/user/svc_proof_test/cromwell-scratch/basicTaskTest/3cb8a82a-ac83-4708-8937-337b73c8bef0/call-simpleTask/execution/output.txt"},"runtimeAttributes":{"failOnStderr":"false","partition":"campus-new","continueOnReturnCode":"0","docker":"ubuntu:20.04","modules":"","gpus":"0","maxRetries":"0","cpu":"1","memory":"1.953125
        GB"},"callCaching":{"allowResultReuse":false,"effectiveCallCachingMode":"CallCachingOff"},"inputs":{"message":"Hello,
        World!"},"returnCode":0,"jobId":"17854429","backend":"gizmo","start":"2025-04-09T17:44:45.589Z","end":"2025-04-09T17:46:46.386Z","dockerImageUsed":"ubuntu@sha256:8feb4d8ca5354def3d8fce243717141ce31e2c428701f6682bd2fafe15388214","stderr":"/redacted/_DaSL/user/svc_proof_test/cromwell-scratch/basicTaskTest/3cb8a82a-ac83-4708-8937-337b73c8bef0/call-simpleTask/execution/stderr","callRoot":"/redacted/_DaSL/user/svc_proof_test/cromwell-scratch/basicTaskTest/3cb8a82a-ac83-4708-8937-337b73c8bef0/call-simpleTask","attempt":1,"executionEvents":[{"startTime":"2025-04-09T17:44:46.942Z","description":"PreparingJob","endTime":"2025-04-09T17:44:47.575Z"},{"startTime":"2025-04-09T17:44:45.589Z","description":"Pending","endTime":"2025-04-09T17:44:45.589Z"},{"startTime":"2025-04-09T17:44:46.942Z","description":"WaitingForValueStore","endTime":"2025-04-09T17:44:46.942Z"},{"startTime":"2025-04-09T17:44:47.575Z","description":"RunningJob","endTime":"2025-04-09T17:46:45.401Z"},{"startTime":"2025-04-09T17:46:45.401Z","description":"UpdatingJobStore","endTime":"2025-04-09T17:46:46.386Z"},{"startTime":"2025-04-09T17:44:45.589Z","description":"RequestingExecutionToken","endTime":"2025-04-09T17:44:46.942Z"}]}]},"outputs":{"basicTaskTest.simpleTask.outputFile":"/redacted/_DaSL/user/svc_proof_test/cromwell-scratch/basicTaskTest/3cb8a82a-ac83-4708-8937-337b73c8bef0/call-simpleTask/execution/output.txt"},"workflowRoot":"/redacted/_DaSL/user/svc_proof_test/cromwell-scratch/basicTaskTest/3cb8a82a-ac83-4708-8937-337b73c8bef0","actualWorkflowLanguage":"WDL","status":"Succeeded","end":"2025-04-09T17:46:46.965Z","start":"2025-04-09T17:44:43.520Z","id":"3cb8a82a-ac83-4708-8937-337b73c8bef0","inputs":{"text":"Hello,
        World!"},"labels":{"cromwell-workflow-id":"cromwell-3cb8a82a-ac83-4708-8937-337b73c8bef0"},"submission":"2025-04-09T17:42:28.542Z"}'
    headers:
      Connection:
      - keep-alive
      Content-Type:
      - application/json
      Date:
      - Wed, 09 Apr 2025 17:46:52 GMT
      Server:
      - nginx/1.25.3
      Transfer-Encoding:
      - chunked
      content-length:
      - '3919'
    status:
      code: 200
      message: OK
version: 1
