interactions:
- request:
    body: "--8045e2089fa68f72d18d7131dfd3b9e9\r\nContent-Disposition: form-data; name=\"workflowSource\";
      filename=\"helloModuleHostname.wdl\"\r\nContent-Type: application/octet-stream\r\n\r\nversion
      1.0\n## This is a test workflow that returns the hostname of the node \n## the
      job is submitted to as a test for module functionality on Gizmo.\n## Added verification
      of module loading.\n\n#### WORKFLOW DEFINITION\n\nworkflow HelloModuleHostname
      {\n  input {\n    String module2load = \"Python/3.12.3-GCCcore-13.3.0\" # Default
      value can be overwritten\n  }\n\n  call Hostname {\n    input:\n      module_env
      = module2load\n  }\n\n  output {\n    File stdout = Hostname.out\n    Boolean
      module_loaded = Hostname.module_verified\n  }\n\n  parameter_meta {\n    stdout:
      \"hostname of the node the job was submitted to\"\n    module_loaded: \"boolean
      indicating if the specified module was successfully loaded\"\n  }\n}\n\n####
      TASK DEFINITIONS\n\ntask Hostname {\n  input {\n    String module_env\n  }\n\n
      \ command <<<\n    set -e  # Exit on any error\n    \n    # Get hostname\n    hostname\n
      \   \n    # List loaded modules and verify our module is loaded\n    source
      /app/lmod/lmod/init/profile\n    module list 2>&1 | tee module_list.txt\n    \n
      \   # Check if the module or its base name is in the loaded modules\n    if
      grep -q \"~{module_env}\" module_list.txt; then\n      echo \"true\" > module_verified.txt\n
      \     echo \"Successfully verified module ~{module_env} is loaded\"\n    else\n
      \     echo \"ERROR: Module ~{module_env} was not found in loaded modules:\"\n
      \     cat module_list.txt\n      exit 1\n    fi\n  >>>\n\n  output {\n    File
      out = stdout()\n    Boolean module_verified = read_boolean(\"module_verified.txt\")\n
      \ }\n\n  runtime {\n    cpu: 1\n    memory: \"1 GB\"\n    modules: \"~{module_env}\"\n
      \ }\n\n  parameter_meta {\n    module_env: \"name of modules to be loaded\"\n
      \   out: \"output file containing hostname and module information\"\n    module_verified:
      \"boolean indicating if the requested module was successfully loaded\"\n  }\n}\n\r\n--8045e2089fa68f72d18d7131dfd3b9e9\r\nContent-Disposition:
      form-data; name=\"workflowInputs\"; filename=\"inputs.json\"\r\nContent-Type:
      application/json\r\n\r\n{\n    \"HelloModuleHostname.module2load\": \"Python/3.12.3-GCCcore-13.3.0\"\n}\n\r\n--8045e2089fa68f72d18d7131dfd3b9e9\r\nContent-Disposition:
      form-data; name=\"workflowOptions\"; filename=\"options.json\"\r\nContent-Type:
      application/json\r\n\r\n{\n    \"workflow_failure_mode\": \"ContinueWhilePossible\",\n
      \   \"write_to_cache\": false,\n    \"read_from_cache\": false\n}\n\r\n--8045e2089fa68f72d18d7131dfd3b9e9--\r\n"
    headers:
      Accept:
      - '*/*'
      Accept-Encoding:
      - gzip, deflate
      Connection:
      - keep-alive
      Content-Length:
      - '2479'
      Content-Type:
      - multipart/form-data; boundary=8045e2089fa68f72d18d7131dfd3b9e9
      Host:
      - gizmok103.fhcrc.org:42705
      User-Agent:
      - python-httpx/0.28.1
    method: POST
    uri: https://gizmok103.fhcrc.org:42705/api/workflows/v1
  response:
    body:
      string: '{"id":"de0b73f0-6de6-4e01-9dee-bae0b2827981","status":"Submitted"}'
    headers:
      Connection:
      - keep-alive
      Content-Length:
      - '66'
      Content-Type:
      - application/json
      Date:
      - Sun, 11 Jan 2026 03:55:19 GMT
      Server:
      - nginx/1.25.3
    status:
      code: 201
      message: Created
- request:
    body: ''
    headers:
      Accept:
      - '*/*'
      Accept-Encoding:
      - gzip, deflate
      Connection:
      - keep-alive
      Host:
      - gizmok103.fhcrc.org:42705
      User-Agent:
      - python-httpx/0.28.1
    method: GET
    uri: https://gizmok103.fhcrc.org:42705/api/workflows/v1/de0b73f0-6de6-4e01-9dee-bae0b2827981/outputs
  response:
    body:
      string: "{\n  \"status\": \"fail\",\n  \"message\": \"Unrecognized workflow
        ID: de0b73f0-6de6-4e01-9dee-bae0b2827981\"\n}"
    headers:
      Connection:
      - keep-alive
      Content-Length:
      - '101'
      Content-Type:
      - application/json
      Date:
      - Sun, 11 Jan 2026 03:55:19 GMT
      Server:
      - nginx/1.25.3
    status:
      code: 404
      message: Not Found
- request:
    body: ''
    headers:
      Accept:
      - '*/*'
      Accept-Encoding:
      - gzip, deflate
      Connection:
      - keep-alive
      Host:
      - gizmok103.fhcrc.org:42705
      User-Agent:
      - python-httpx/0.28.1
    method: GET
    uri: https://gizmok103.fhcrc.org:42705/api/workflows/v1/de0b73f0-6de6-4e01-9dee-bae0b2827981/outputs
  response:
    body:
      string: '{"outputs":{},"id":"de0b73f0-6de6-4e01-9dee-bae0b2827981"}'
    headers:
      Connection:
      - keep-alive
      Content-Length:
      - '58'
      Content-Type:
      - application/json
      Date:
      - Sun, 11 Jan 2026 03:55:23 GMT
      Server:
      - nginx/1.25.3
    status:
      code: 200
      message: OK
version: 1
