interactions:
- request:
    body: "--23500f8c80771baa29b595d0ba936c3f\r\nContent-Disposition: form-data; name=\"workflowSource\";
      filename=\"basicTaskExecution.wdl\"\r\nContent-Type: application/octet-stream\r\n\r\nversion
      1.0\n\n# The basicTaskTest workflow calls a task named simpleTask, which takes
      a string input and writes it to a file called output.txt. It demonstrates a
      basic execution of a task with file output.\n\n# This tests basic task execution,
      input handling, and file output functionality. It ensures that a task can successfully
      take an input and generate an output.\n\nworkflow basicTaskTest {\n  input {\n
      \   String text = \"Hello, World!\"\n  }\n\n  call simpleTask {\n    input:\n
      \     message = text\n  }\n}\n\ntask simpleTask {\n  input {\n    String message\n
      \ }\n\n  command <<<\n    echo \"${message}\" > output.txt\n    >>>\n\n  output
      {\n    File outputFile = \"output.txt\"\n  }\n\n  runtime {\n    docker: \"ubuntu:20.04\"\n
      \ }\n}\n\r\n--23500f8c80771baa29b595d0ba936c3f\r\nContent-Disposition: form-data;
      name=\"workflowOptions\"; filename=\"options.json\"\r\nContent-Type: application/json\r\n\r\n{\n
      \   \"workflow_failure_mode\": \"ContinueWhilePossible\",\n    \"write_to_cache\":
      false,\n    \"read_from_cache\": false\n}\n\r\n--23500f8c80771baa29b595d0ba936c3f--\r\n"
    headers:
      Accept:
      - '*/*'
      Accept-Encoding:
      - gzip, deflate
      Connection:
      - keep-alive
      Content-Length:
      - '1183'
      Content-Type:
      - multipart/form-data; boundary=23500f8c80771baa29b595d0ba936c3f
      Host:
      - gizmok103.fhcrc.org:42705
      User-Agent:
      - python-httpx/0.28.1
    method: POST
    uri: https://gizmok103.fhcrc.org:42705/api/workflows/v1
  response:
    body:
      string: '{"id":"c320bdf5-f432-473d-bcb5-c253b8c48732","status":"Submitted"}'
    headers:
      Connection:
      - keep-alive
      Content-Length:
      - '66'
      Content-Type:
      - application/json
      Date:
      - Sun, 11 Jan 2026 03:55:27 GMT
      Server:
      - nginx/1.25.3
    status:
      code: 201
      message: Created
- request:
    body: ''
    headers:
      Accept:
      - '*/*'
      Accept-Encoding:
      - gzip, deflate
      Connection:
      - keep-alive
      Host:
      - gizmok103.fhcrc.org:42705
      User-Agent:
      - python-httpx/0.28.1
    method: GET
    uri: https://gizmok103.fhcrc.org:42705/api/workflows/v1/c320bdf5-f432-473d-bcb5-c253b8c48732/outputs
  response:
    body:
      string: "{\n  \"status\": \"fail\",\n  \"message\": \"Unrecognized workflow
        ID: c320bdf5-f432-473d-bcb5-c253b8c48732\"\n}"
    headers:
      Connection:
      - keep-alive
      Content-Length:
      - '101'
      Content-Type:
      - application/json
      Date:
      - Sun, 11 Jan 2026 03:55:27 GMT
      Server:
      - nginx/1.25.3
    status:
      code: 404
      message: Not Found
- request:
    body: ''
    headers:
      Accept:
      - '*/*'
      Accept-Encoding:
      - gzip, deflate
      Connection:
      - keep-alive
      Host:
      - gizmok103.fhcrc.org:42705
      User-Agent:
      - python-httpx/0.28.1
    method: GET
    uri: https://gizmok103.fhcrc.org:42705/api/workflows/v1/c320bdf5-f432-473d-bcb5-c253b8c48732/outputs
  response:
    body:
      string: "{\n  \"status\": \"fail\",\n  \"message\": \"Unrecognized workflow
        ID: c320bdf5-f432-473d-bcb5-c253b8c48732\"\n}"
    headers:
      Connection:
      - keep-alive
      Content-Length:
      - '101'
      Content-Type:
      - application/json
      Date:
      - Sun, 11 Jan 2026 03:55:31 GMT
      Server:
      - nginx/1.25.3
    status:
      code: 404
      message: Not Found
- request:
    body: ''
    headers:
      Accept:
      - '*/*'
      Accept-Encoding:
      - gzip, deflate
      Connection:
      - keep-alive
      Host:
      - gizmok103.fhcrc.org:42705
      User-Agent:
      - python-httpx/0.28.1
    method: GET
    uri: https://gizmok103.fhcrc.org:42705/api/workflows/v1/c320bdf5-f432-473d-bcb5-c253b8c48732/outputs
  response:
    body:
      string: '{"outputs":{},"id":"c320bdf5-f432-473d-bcb5-c253b8c48732"}'
    headers:
      Connection:
      - keep-alive
      Content-Length:
      - '58'
      Content-Type:
      - application/json
      Date:
      - Sun, 11 Jan 2026 03:55:35 GMT
      Server:
      - nginx/1.25.3
    status:
      code: 200
      message: OK
version: 1
