interactions:
- request:
    body: "--f24da26e7be9c62bbe9e16bdc7183191\r\nContent-Disposition: form-data; name=\"workflowSource\";
      filename=\"globSubdir.wdl\"\r\nContent-Type: application/octet-stream\r\n\r\nversion
      1.0\nworkflow globSubdir {\n    call create_nested_files\n    output {\n        Array[File]
      matched_files = flatten([create_nested_files.matched_files_top, create_nested_files.matched_files_nested])\n
      \   }\n}\n\ntask create_nested_files {\n    command <<<\n        mkdir -p subdir/nested\n
      \       echo \"Hello\" > subdir/nested/file1.txt\n        echo \"World\" > subdir/file2.txt\n
      \   >>>\n    output {\n        Array[File] matched_files_top = glob(\"subdir/*.txt\")\n
      \       Array[File] matched_files_nested = glob(\"subdir/**/*.txt\")\n    }\n}\n\r\n--f24da26e7be9c62bbe9e16bdc7183191\r\nContent-Disposition:
      form-data; name=\"workflowOptions\"; filename=\"options.json\"\r\nContent-Type:
      application/json\r\n\r\n{\n    \"workflow_failure_mode\": \"ContinueWhilePossible\",\n
      \   \"write_to_cache\": false,\n    \"read_from_cache\": false\n}\n\r\n--f24da26e7be9c62bbe9e16bdc7183191--\r\n"
    headers:
      Accept:
      - '*/*'
      Accept-Encoding:
      - gzip, deflate
      Connection:
      - keep-alive
      Content-Length:
      - '999'
      Content-Type:
      - multipart/form-data; boundary=f24da26e7be9c62bbe9e16bdc7183191
      Host:
      - gizmok66.fhcrc.org:39539
      User-Agent:
      - python-httpx/0.28.1
    method: POST
    uri: https://gizmok66.fhcrc.org:39539/api/workflows/v1
  response:
    body:
      string: '{"id":"a247b513-6631-4df0-bae6-92fb53714369","status":"Submitted"}'
    headers:
      Connection:
      - keep-alive
      Content-Length:
      - '66'
      Content-Type:
      - application/json
      Date:
      - Sun, 04 Jan 2026 04:08:32 GMT
      Server:
      - nginx/1.25.3
    status:
      code: 201
      message: Created
- request:
    body: ''
    headers:
      Accept:
      - '*/*'
      Accept-Encoding:
      - gzip, deflate
      Connection:
      - keep-alive
      Host:
      - gizmok66.fhcrc.org:39539
      User-Agent:
      - python-httpx/0.28.1
    method: GET
    uri: https://gizmok66.fhcrc.org:39539/api/workflows/v1/a247b513-6631-4df0-bae6-92fb53714369/outputs
  response:
    body:
      string: "{\n  \"status\": \"fail\",\n  \"message\": \"Unrecognized workflow
        ID: a247b513-6631-4df0-bae6-92fb53714369\"\n}"
    headers:
      Connection:
      - keep-alive
      Content-Length:
      - '101'
      Content-Type:
      - application/json
      Date:
      - Sun, 04 Jan 2026 04:08:32 GMT
      Server:
      - nginx/1.25.3
    status:
      code: 404
      message: Not Found
- request:
    body: ''
    headers:
      Accept:
      - '*/*'
      Accept-Encoding:
      - gzip, deflate
      Connection:
      - keep-alive
      Host:
      - gizmok66.fhcrc.org:39539
      User-Agent:
      - python-httpx/0.28.1
    method: GET
    uri: https://gizmok66.fhcrc.org:39539/api/workflows/v1/a247b513-6631-4df0-bae6-92fb53714369/outputs
  response:
    body:
      string: '{"outputs":{},"id":"a247b513-6631-4df0-bae6-92fb53714369"}'
    headers:
      Connection:
      - keep-alive
      Content-Length:
      - '58'
      Content-Type:
      - application/json
      Date:
      - Sun, 04 Jan 2026 04:08:36 GMT
      Server:
      - nginx/1.25.3
    status:
      code: 200
      message: OK
version: 1
