interactions:
- request:
    body: "--dbe9c67be529b75900453dacd5c3ae7b\r\nContent-Disposition: form-data; name=\"workflowSource\";
      filename=\"nonstandardOutputs.wdl\"\r\nContent-Type: application/octet-stream\r\n\r\nversion
      1.0\n\nworkflow test_nonstandard_outputs {\n    call generate_diverse_outputs\n
      \   \n    output {\n        File special_chars = generate_diverse_outputs.file_special_chars\n
      \       File no_extension = generate_diverse_outputs.file_no_extension\n        File
      nested_output = generate_diverse_outputs.nested_file\n        File symlink_file
      = generate_diverse_outputs.symlink_output\n        Array[File] glob_files =
      generate_diverse_outputs.pattern_files\n    }\n}\n\ntask generate_diverse_outputs
      {\n    command <<<\n        # File with special characters\n        echo \"test
      content\" > \"test@file#1.txt\"\n        \n        # File without extension\n
      \       echo \"no extension\" > datafile\n        \n        # Nested directory
      output\n        mkdir -p nested/dir\n        echo \"nested content\" > nested/dir/test.txt\n
      \       \n        # Create a symlink\n        echo \"original\" > original.txt\n
      \       ln -s original.txt link.txt\n        \n        # Multiple pattern files\n
      \       for i in {1..3}; do\n            echo \"pattern $i\" > \"pattern_$i.out\"\n
      \       done\n    >>>\n\n    output {\n        File file_special_chars = \"test@file#1.txt\"\n
      \       File file_no_extension = \"datafile\"\n        File nested_file = \"nested/dir/test.txt\"\n
      \       File symlink_output = \"link.txt\"\n        Array[File] pattern_files
      = glob(\"pattern_*.out\")\n    }\n\n    runtime {\n        docker: \"ubuntu:noble-20241118.1\"\n
      \   }\n}\n\r\n--dbe9c67be529b75900453dacd5c3ae7b\r\nContent-Disposition: form-data;
      name=\"workflowOptions\"; filename=\"options.json\"\r\nContent-Type: application/json\r\n\r\n{\n
      \   \"workflow_failure_mode\": \"ContinueWhilePossible\",\n    \"write_to_cache\":
      false,\n    \"read_from_cache\": false\n}\n\r\n--dbe9c67be529b75900453dacd5c3ae7b--\r\n"
    headers:
      Accept:
      - '*/*'
      Accept-Encoding:
      - gzip, deflate
      Connection:
      - keep-alive
      Content-Length:
      - '1856'
      Content-Type:
      - multipart/form-data; boundary=dbe9c67be529b75900453dacd5c3ae7b
      Host:
      - gizmok21.fhcrc.org:39229
      User-Agent:
      - python-httpx/0.28.1
    method: POST
    uri: https://gizmok21.fhcrc.org:39229/api/workflows/v1
  response:
    body:
      string: '{"id":"9638d945-20ba-4499-9ce4-b124287c0d77","status":"Submitted"}'
    headers:
      Connection:
      - keep-alive
      Content-Length:
      - '66'
      Content-Type:
      - application/json
      Date:
      - Sun, 01 Feb 2026 04:14:56 GMT
      Server:
      - nginx/1.25.3
    status:
      code: 201
      message: Created
- request:
    body: ''
    headers:
      Accept:
      - '*/*'
      Accept-Encoding:
      - gzip, deflate
      Connection:
      - keep-alive
      Host:
      - gizmok21.fhcrc.org:39229
      User-Agent:
      - python-httpx/0.28.1
    method: GET
    uri: https://gizmok21.fhcrc.org:39229/api/workflows/v1/9638d945-20ba-4499-9ce4-b124287c0d77/outputs
  response:
    body:
      string: "{\n  \"status\": \"fail\",\n  \"message\": \"Unrecognized workflow
        ID: 9638d945-20ba-4499-9ce4-b124287c0d77\"\n}"
    headers:
      Connection:
      - keep-alive
      Content-Length:
      - '101'
      Content-Type:
      - application/json
      Date:
      - Sun, 01 Feb 2026 04:14:56 GMT
      Server:
      - nginx/1.25.3
    status:
      code: 404
      message: Not Found
- request:
    body: ''
    headers:
      Accept:
      - '*/*'
      Accept-Encoding:
      - gzip, deflate
      Connection:
      - keep-alive
      Host:
      - gizmok21.fhcrc.org:39229
      User-Agent:
      - python-httpx/0.28.1
    method: GET
    uri: https://gizmok21.fhcrc.org:39229/api/workflows/v1/9638d945-20ba-4499-9ce4-b124287c0d77/outputs
  response:
    body:
      string: "{\n  \"status\": \"fail\",\n  \"message\": \"Unrecognized workflow
        ID: 9638d945-20ba-4499-9ce4-b124287c0d77\"\n}"
    headers:
      Connection:
      - keep-alive
      Content-Length:
      - '101'
      Content-Type:
      - application/json
      Date:
      - Sun, 01 Feb 2026 04:15:00 GMT
      Server:
      - nginx/1.25.3
    status:
      code: 404
      message: Not Found
- request:
    body: ''
    headers:
      Accept:
      - '*/*'
      Accept-Encoding:
      - gzip, deflate
      Connection:
      - keep-alive
      Host:
      - gizmok21.fhcrc.org:39229
      User-Agent:
      - python-httpx/0.28.1
    method: GET
    uri: https://gizmok21.fhcrc.org:39229/api/workflows/v1/9638d945-20ba-4499-9ce4-b124287c0d77/outputs
  response:
    body:
      string: '{"outputs":{},"id":"9638d945-20ba-4499-9ce4-b124287c0d77"}'
    headers:
      Connection:
      - keep-alive
      Content-Length:
      - '58'
      Content-Type:
      - application/json
      Date:
      - Sun, 01 Feb 2026 04:15:04 GMT
      Server:
      - nginx/1.25.3
    status:
      code: 200
      message: OK
version: 1
