interactions:
- request:
    body: "--b2ac858522f8947f6d3382e7a82a0c97\r\nContent-Disposition: form-data; name=\"workflowSource\";
      filename=\"globSubdir.wdl\"\r\nContent-Type: application/octet-stream\r\n\r\nversion
      1.0\nworkflow globSubdir {\n    call create_nested_files\n    output {\n        Array[File]
      matched_files = flatten([create_nested_files.matched_files_top, create_nested_files.matched_files_nested])\n
      \   }\n}\n\ntask create_nested_files {\n    command <<<\n        mkdir -p subdir/nested\n
      \       echo \"Hello\" > subdir/nested/file1.txt\n        echo \"World\" > subdir/file2.txt\n
      \   >>>\n    output {\n        Array[File] matched_files_top = glob(\"subdir/*.txt\")\n
      \       Array[File] matched_files_nested = glob(\"subdir/**/*.txt\")\n    }\n}\n\r\n--b2ac858522f8947f6d3382e7a82a0c97\r\nContent-Disposition:
      form-data; name=\"workflowOptions\"; filename=\"options.json\"\r\nContent-Type:
      application/json\r\n\r\n{\n    \"workflow_failure_mode\": \"ContinueWhilePossible\",\n
      \   \"write_to_cache\": false,\n    \"read_from_cache\": false\n}\n\r\n--b2ac858522f8947f6d3382e7a82a0c97--\r\n"
    headers:
      accept:
      - '*/*'
      accept-encoding:
      - gzip, deflate
      connection:
      - keep-alive
      content-length:
      - '999'
      content-type:
      - multipart/form-data; boundary=b2ac858522f8947f6d3382e7a82a0c97
      host:
      - gizmok47.fhcrc.org:43631
      user-agent:
      - python-httpx/0.28.1
    method: POST
    uri: https://gizmok47.fhcrc.org:43631/api/workflows/v1
  response:
    body:
      string: '{"id":"70a9b417-a7a9-4856-bf78-bbc7715003dc","status":"Submitted"}'
    headers:
      Connection:
      - keep-alive
      Content-Length:
      - '66'
      Content-Type:
      - application/json
      Date:
      - Mon, 04 Aug 2025 16:30:43 GMT
      Server:
      - nginx/1.25.3
    status:
      code: 201
      message: Created
- request:
    body: ''
    headers:
      accept:
      - '*/*'
      accept-encoding:
      - gzip, deflate
      connection:
      - keep-alive
      host:
      - gizmok47.fhcrc.org:43631
      user-agent:
      - python-httpx/0.28.1
    method: GET
    uri: https://gizmok47.fhcrc.org:43631/api/workflows/v1/70a9b417-a7a9-4856-bf78-bbc7715003dc/metadata?expandSubWorkflows=false&excludeKey=calls
  response:
    body:
      string: "{\n  \"status\": \"fail\",\n  \"message\": \"Unrecognized workflow
        ID: 70a9b417-a7a9-4856-bf78-bbc7715003dc\"\n}"
    headers:
      Connection:
      - keep-alive
      Content-Type:
      - application/json
      Date:
      - Mon, 04 Aug 2025 16:30:43 GMT
      Server:
      - nginx/1.25.3
      Transfer-Encoding:
      - chunked
      content-length:
      - '101'
    status:
      code: 404
      message: Not Found
- request:
    body: ''
    headers:
      accept:
      - '*/*'
      accept-encoding:
      - gzip, deflate
      connection:
      - keep-alive
      host:
      - gizmok47.fhcrc.org:43631
      user-agent:
      - python-httpx/0.28.1
    method: GET
    uri: https://gizmok47.fhcrc.org:43631/api/workflows/v1/70a9b417-a7a9-4856-bf78-bbc7715003dc/metadata?expandSubWorkflows=false&excludeKey=calls
  response:
    body:
      string: '{"submittedFiles":{"workflow":"version 1.0\nworkflow globSubdir {\n    call
        create_nested_files\n    output {\n        Array[File] matched_files = flatten([create_nested_files.matched_files_top,
        create_nested_files.matched_files_nested])\n    }\n}\n\ntask create_nested_files
        {\n    command <<<\n        mkdir -p subdir/nested\n        echo \"Hello\"
        > subdir/nested/file1.txt\n        echo \"World\" > subdir/file2.txt\n    >>>\n    output
        {\n        Array[File] matched_files_top = glob(\"subdir/*.txt\")\n        Array[File]
        matched_files_nested = glob(\"subdir/**/*.txt\")\n    }\n}\n","root":"","options":"{\n  \"read_from_cache\":
        false,\n  \"workflow_failure_mode\": \"ContinueWhilePossible\",\n  \"write_to_cache\":
        false\n}","inputs":"{}","workflowUrl":"","labels":"{}"},"calls":{},"outputs":{},"status":"Submitted","id":"70a9b417-a7a9-4856-bf78-bbc7715003dc","inputs":{},"labels":{"cromwell-workflow-id":"cromwell-70a9b417-a7a9-4856-bf78-bbc7715003dc"},"submission":"2025-08-04T16:30:43.338Z"}'
    headers:
      Connection:
      - keep-alive
      Content-Type:
      - application/json
      Date:
      - Mon, 04 Aug 2025 16:30:47 GMT
      Server:
      - nginx/1.25.3
      Transfer-Encoding:
      - chunked
      content-length:
      - '1003'
    status:
      code: 200
      message: OK
version: 1
