interactions:
- request:
    body: "--6180aa3368c74c02d2d9c893b479198f\r\nContent-Disposition: form-data; name=\"workflowSource\";
      filename=\"globSymlink.wdl\"\r\nContent-Type: application/octet-stream\r\n\r\nversion
      1.0\n\nworkflow globSymlink {\n    call create_nested_files\n    output {\n
      \       Array[File] matched_files = flatten([create_nested_files.matched_files_top,
      create_nested_files.matched_files_nested])\n        Array[File] symlink_matches
      = create_nested_files.matched_symlinks\n    }\n}\n\ntask create_nested_files
      {\n    command <<<\n        mkdir -p subdir/nested\n        echo \"Hello\" >
      subdir/nested/file1.txt\n        echo \"World\" > subdir/file2.txt\n\n        #
      Create symlinks\n        mkdir -p symlinks\n        ln -s ../subdir/nested/file1.txt
      symlinks/link_to_file1.txt\n        ln -s ../subdir/file2.txt symlinks/link_to_file2.txt\n
      \   >>>\n    output {\n        Array[File] matched_files_top = glob(\"subdir/*.txt\")\n
      \       Array[File] matched_files_nested = glob(\"subdir/**/*.txt\")\n        Array[File]
      matched_symlinks = glob(\"symlinks/*.txt\")\n    }\n}\n\r\n--6180aa3368c74c02d2d9c893b479198f\r\nContent-Disposition:
      form-data; name=\"workflowOptions\"; filename=\"options.json\"\r\nContent-Type:
      application/json\r\n\r\n{\n    \"workflow_failure_mode\": \"ContinueWhilePossible\",\n
      \   \"write_to_cache\": false,\n    \"read_from_cache\": false\n}\n\r\n--6180aa3368c74c02d2d9c893b479198f--\r\n"
    headers:
      Accept:
      - '*/*'
      Accept-Encoding:
      - gzip, deflate
      Connection:
      - keep-alive
      Content-Length:
      - '1321'
      Content-Type:
      - multipart/form-data; boundary=6180aa3368c74c02d2d9c893b479198f
      Host:
      - gizmok23.fhcrc.org:46091
      User-Agent:
      - python-httpx/0.28.1
    method: POST
    uri: https://gizmok23.fhcrc.org:46091/api/workflows/v1
  response:
    body:
      string: '{"id":"e87dc9f6-5986-42c0-9b62-ff67cf3bf5a0","status":"Submitted"}'
    headers:
      Connection:
      - keep-alive
      Content-Length:
      - '66'
      Content-Type:
      - application/json
      Date:
      - Thu, 12 Feb 2026 17:58:51 GMT
      Server:
      - nginx/1.25.3
    status:
      code: 201
      message: Created
- request:
    body: ''
    headers:
      Accept:
      - '*/*'
      Accept-Encoding:
      - gzip, deflate
      Connection:
      - keep-alive
      Host:
      - gizmok23.fhcrc.org:46091
      User-Agent:
      - python-httpx/0.28.1
    method: GET
    uri: https://gizmok23.fhcrc.org:46091/api/workflows/v1/e87dc9f6-5986-42c0-9b62-ff67cf3bf5a0/metadata?expandSubWorkflows=false&excludeKey=calls
  response:
    body:
      string: "{\n  \"status\": \"fail\",\n  \"message\": \"Unrecognized workflow
        ID: e87dc9f6-5986-42c0-9b62-ff67cf3bf5a0\"\n}"
    headers:
      Connection:
      - keep-alive
      Content-Type:
      - application/json
      Date:
      - Thu, 12 Feb 2026 17:58:51 GMT
      Server:
      - nginx/1.25.3
      Transfer-Encoding:
      - chunked
      content-length:
      - '101'
    status:
      code: 404
      message: Not Found
- request:
    body: ''
    headers:
      Accept:
      - '*/*'
      Accept-Encoding:
      - gzip, deflate
      Connection:
      - keep-alive
      Host:
      - gizmok23.fhcrc.org:46091
      User-Agent:
      - python-httpx/0.28.1
    method: GET
    uri: https://gizmok23.fhcrc.org:46091/api/workflows/v1/e87dc9f6-5986-42c0-9b62-ff67cf3bf5a0/metadata?expandSubWorkflows=false&excludeKey=calls
  response:
    body:
      string: "{\n  \"status\": \"fail\",\n  \"message\": \"Unrecognized workflow
        ID: e87dc9f6-5986-42c0-9b62-ff67cf3bf5a0\"\n}"
    headers:
      Connection:
      - keep-alive
      Content-Type:
      - application/json
      Date:
      - Thu, 12 Feb 2026 17:58:55 GMT
      Server:
      - nginx/1.25.3
      Transfer-Encoding:
      - chunked
      content-length:
      - '101'
    status:
      code: 404
      message: Not Found
- request:
    body: ''
    headers:
      Accept:
      - '*/*'
      Accept-Encoding:
      - gzip, deflate
      Connection:
      - keep-alive
      Host:
      - gizmok23.fhcrc.org:46091
      User-Agent:
      - python-httpx/0.28.1
    method: GET
    uri: https://gizmok23.fhcrc.org:46091/api/workflows/v1/e87dc9f6-5986-42c0-9b62-ff67cf3bf5a0/metadata?expandSubWorkflows=false&excludeKey=calls
  response:
    body:
      string: '{"submittedFiles":{"workflow":"version 1.0\n\nworkflow globSymlink
        {\n    call create_nested_files\n    output {\n        Array[File] matched_files
        = flatten([create_nested_files.matched_files_top, create_nested_files.matched_files_nested])\n        Array[File]
        symlink_matches = create_nested_files.matched_symlinks\n    }\n}\n\ntask create_nested_files
        {\n    command <<<\n        mkdir -p subdir/nested\n        echo \"Hello\"
        > subdir/nested/file1.txt\n        echo \"World\" > subdir/file2.txt\n\n        #
        Create symlinks\n        mkdir -p symlinks\n        ln -s ../subdir/nested/file1.txt
        symlinks/link_to_file1.txt\n        ln -s ../subdir/file2.txt symlinks/link_to_file2.txt\n    >>>\n    output
        {\n        Array[File] matched_files_top = glob(\"subdir/*.txt\")\n        Array[File]
        matched_files_nested = glob(\"subdir/**/*.txt\")\n        Array[File] matched_symlinks
        = glob(\"symlinks/*.txt\")\n    }\n}\n","root":"","options":"{\n  \"read_from_cache\":
        false,\n  \"workflow_failure_mode\": \"ContinueWhilePossible\",\n  \"write_to_cache\":
        false\n}","inputs":"{}","workflowUrl":"","labels":"{}"},"calls":{},"outputs":{},"status":"Submitted","id":"e87dc9f6-5986-42c0-9b62-ff67cf3bf5a0","inputs":{},"labels":{"cromwell-workflow-id":"cromwell-e87dc9f6-5986-42c0-9b62-ff67cf3bf5a0"},"submission":"2026-02-12T17:58:51.602Z"}'
    headers:
      Connection:
      - keep-alive
      Content-Type:
      - application/json
      Date:
      - Thu, 12 Feb 2026 17:58:59 GMT
      Server:
      - nginx/1.25.3
      Transfer-Encoding:
      - chunked
      content-length:
      - '1334'
    status:
      code: 200
      message: OK
version: 1
