interactions:
- request:
    body: "--50cfe43354af216d4e491fdf1363af6f\r\nContent-Disposition: form-data; name=\"workflowSource\";
      filename=\"symlinkOnly.wdl\"\r\nContent-Type: application/octet-stream\r\n\r\nversion
      1.0\n\nworkflow symlinkOnly {\n    call generate_diverse_outputs\n    \n    output
      {\n        File symlink_file = generate_diverse_outputs.symlink_output\n    }\n}\n\ntask
      generate_diverse_outputs {\n    command <<<\n        # Create a symlink\n        echo
      \"original\" > original.txt\n        ln -s original.txt link.txt\n    >>>\n\n
      \   output {\n        File symlink_output = \"link.txt\"\n    }\n\n    runtime
      {\n        docker: \"ubuntu:noble-20241118.1\"\n    }\n}\n\r\n--50cfe43354af216d4e491fdf1363af6f\r\nContent-Disposition:
      form-data; name=\"workflowOptions\"; filename=\"options.json\"\r\nContent-Type:
      application/json\r\n\r\n{\n    \"workflow_failure_mode\": \"ContinueWhilePossible\",\n
      \   \"write_to_cache\": false,\n    \"read_from_cache\": false\n}\n\r\n--50cfe43354af216d4e491fdf1363af6f--\r\n"
    headers:
      accept:
      - '*/*'
      accept-encoding:
      - gzip, deflate
      connection:
      - keep-alive
      content-length:
      - '919'
      content-type:
      - multipart/form-data; boundary=50cfe43354af216d4e491fdf1363af6f
      host:
      - gizmoj7.fhcrc.org:43325
      user-agent:
      - python-httpx/0.28.1
    method: POST
    uri: https://gizmoj7.fhcrc.org:43325/api/workflows/v1
  response:
    body:
      string: '{"id":"3894569a-9ce3-4234-a313-df5a6d552200","status":"Submitted"}'
    headers:
      Connection:
      - keep-alive
      Content-Length:
      - '66'
      Content-Type:
      - application/json
      Date:
      - Wed, 04 Jun 2025 22:28:11 GMT
      Server:
      - nginx/1.25.3
    status:
      code: 201
      message: Created
- request:
    body: ''
    headers:
      accept:
      - '*/*'
      accept-encoding:
      - gzip, deflate
      connection:
      - keep-alive
      host:
      - gizmoj7.fhcrc.org:43325
      user-agent:
      - python-httpx/0.28.1
    method: GET
    uri: https://gizmoj7.fhcrc.org:43325/api/workflows/v1/3894569a-9ce3-4234-a313-df5a6d552200/metadata?expandSubWorkflows=false&excludeKey=calls
  response:
    body:
      string: "{\n  \"status\": \"fail\",\n  \"message\": \"Unrecognized workflow
        ID: 3894569a-9ce3-4234-a313-df5a6d552200\"\n}"
    headers:
      Connection:
      - keep-alive
      Content-Type:
      - application/json
      Date:
      - Wed, 04 Jun 2025 22:28:11 GMT
      Server:
      - nginx/1.25.3
      Transfer-Encoding:
      - chunked
      content-length:
      - '101'
    status:
      code: 404
      message: Not Found
- request:
    body: ''
    headers:
      accept:
      - '*/*'
      accept-encoding:
      - gzip, deflate
      connection:
      - keep-alive
      host:
      - gizmoj7.fhcrc.org:43325
      user-agent:
      - python-httpx/0.28.1
    method: GET
    uri: https://gizmoj7.fhcrc.org:43325/api/workflows/v1/3894569a-9ce3-4234-a313-df5a6d552200/metadata?expandSubWorkflows=false&excludeKey=calls
  response:
    body:
      string: '{"submittedFiles":{"workflow":"version 1.0\n\nworkflow symlinkOnly
        {\n    call generate_diverse_outputs\n    \n    output {\n        File symlink_file
        = generate_diverse_outputs.symlink_output\n    }\n}\n\ntask generate_diverse_outputs
        {\n    command <<<\n        # Create a symlink\n        echo \"original\"
        > original.txt\n        ln -s original.txt link.txt\n    >>>\n\n    output
        {\n        File symlink_output = \"link.txt\"\n    }\n\n    runtime {\n        docker:
        \"ubuntu:noble-20241118.1\"\n    }\n}\n","root":"","options":"{\n  \"read_from_cache\":
        false,\n  \"workflow_failure_mode\": \"ContinueWhilePossible\",\n  \"write_to_cache\":
        false\n}","inputs":"{}","workflowUrl":"","labels":"{}"},"calls":{},"outputs":{},"status":"Submitted","id":"3894569a-9ce3-4234-a313-df5a6d552200","inputs":{},"labels":{"cromwell-workflow-id":"cromwell-3894569a-9ce3-4234-a313-df5a6d552200"},"submission":"2025-06-04T22:28:11.078Z"}'
    headers:
      Connection:
      - keep-alive
      Content-Type:
      - application/json
      Date:
      - Wed, 04 Jun 2025 22:28:15 GMT
      Server:
      - nginx/1.25.3
      Transfer-Encoding:
      - chunked
      content-length:
      - '926'
    status:
      code: 200
      message: OK
version: 1
