interactions:
- request:
    body: "--bd462a1de3347802bd1e63920eec17d4\r\nContent-Disposition: form-data; name=\"workflowSource\";
      filename=\"structTypeTest.wdl\"\r\nContent-Type: application/octet-stream\r\n\r\nversion
      1.0\n\n## This workflow demonstrates advanced struct features in WDL including:\n##
      1. Optional fields\n## 2. Nested structs\n## 3. Default values (handled in the
      workflow)\n\n#### STRUCT DEFINITIONS\n\n# Nested struct for sequencing metadata\nstruct
      SequencingInfo {\n    String platform\n    String? flowcell_id\n    Int? lane_number\n}\n\n#
      Nested struct for quality metrics\nstruct QualityMetrics {\n    Float quality_score\n
      \   Float? gc_content\n    Int? duplicate_rate\n}\n\n# Main struct with nested
      structures and optional fields\nstruct SampleInfo {\n    String name\n    String?
      type\n    Int? read_length\n    String? library_prep\n    SequencingInfo sequencing\n
      \   QualityMetrics metrics\n}\n\n#### WORKFLOW DEFINITION\n\nworkflow struct_example
      {\n    input {\n        Array[SampleInfo] sample_information\n    }\n\n    scatter
      (sample_info in sample_information) {\n        SampleInfo processed_sample =
      object {\n            name: sample_info.name,\n            type: select_first([sample_info.type,
      \"normal\"]),\n            read_length: select_first([sample_info.read_length,
      100]),\n            library_prep: sample_info.library_prep,\n            sequencing:
      sample_info.sequencing,\n            metrics: sample_info.metrics\n        }\n\n
      \       call process_sample {\n            input:\n                sample =
      processed_sample\n        }\n    }\n}\n\n#### TASK DEFINITIONS\n\ntask process_sample
      {\n    input {\n        SampleInfo sample\n    }\n\n    command <<<\n        echo
      \"Processing ~{sample.name} (~{sample.type})\"\n        echo \"Read Length:
      ~{sample.read_length}\"\n        echo \"Sequencing Platform: ~{sample.sequencing.platform}\"\n
      \       echo \"Flowcell ID: ~{select_first([sample.sequencing.flowcell_id, 'N/A'])}\"\n
      \       echo \"Lane Number: ~{select_first([sample.sequencing.lane_number, -1])}\"\n
      \       echo \"Quality Score: ~{sample.metrics.quality_score}\"\n        echo
      \"GC Content: ~{select_first([sample.metrics.gc_content, 0])}\"\n        echo
      \"Duplicate Rate: ~{select_first([sample.metrics.duplicate_rate, 0])}%\"\n        echo
      \"Library Prep: ~{select_first([sample.library_prep, 'Standard'])}\"\n    >>>\n\n
      \   output {\n        String message = read_string(stdout())\n    }\n\n    runtime
      {\n        docker: \"ubuntu:noble-20241118.1\"\n    }\n}\n\r\n--bd462a1de3347802bd1e63920eec17d4\r\nContent-Disposition:
      form-data; name=\"workflowInputs\"; filename=\"inputs.json\"\r\nContent-Type:
      application/json\r\n\r\n{\n    \"struct_example.sample_information\": [\n        {\n
      \           \"name\": \"sample1\",\n            \"sequencing\": {\n                \"platform\":
      \"NovaSeq\",\n                \"flowcell_id\": \"H5K5YDSXX\",\n                \"lane_number\":
      1\n            },\n            \"metrics\": {\n                \"quality_score\":
      95.5,\n                \"gc_content\": 45.2,\n                \"duplicate_rate\":
      2\n            }\n        },\n        {\n            \"name\": \"sample2\",\n
      \           \"type\": \"tumor\",\n            \"read_length\": 150,\n            \"library_prep\":
      \"PCR-free\",\n            \"sequencing\": {\n                \"platform\":
      \"NovaSeq\"\n            },\n            \"metrics\": {\n                \"quality_score\":
      92.3\n            }\n        }\n    ]\n}\n\r\n--bd462a1de3347802bd1e63920eec17d4\r\nContent-Disposition:
      form-data; name=\"workflowOptions\"; filename=\"options.json\"\r\nContent-Type:
      application/json\r\n\r\n{\n    \"workflow_failure_mode\": \"ContinueWhilePossible\",\n
      \   \"write_to_cache\": false,\n    \"read_from_cache\": false\n}\n\r\n--bd462a1de3347802bd1e63920eec17d4--\r\n"
    headers:
      accept:
      - '*/*'
      accept-encoding:
      - gzip, deflate
      connection:
      - keep-alive
      content-length:
      - '3561'
      content-type:
      - multipart/form-data; boundary=bd462a1de3347802bd1e63920eec17d4
      host:
      - gizmok120.fhcrc.org:36633
      user-agent:
      - python-httpx/0.28.1
    method: POST
    uri: https://gizmok120.fhcrc.org:36633/api/workflows/v1
  response:
    body:
      string: '{"id":"ab3854e7-b5ea-4f32-96c4-9620ae921759","status":"Submitted"}'
    headers:
      Connection:
      - keep-alive
      Content-Length:
      - '66'
      Content-Type:
      - application/json
      Date:
      - Thu, 17 Apr 2025 16:45:29 GMT
      Server:
      - nginx/1.25.3
    status:
      code: 201
      message: Created
- request:
    body: ''
    headers:
      accept:
      - '*/*'
      accept-encoding:
      - gzip, deflate
      connection:
      - keep-alive
      host:
      - gizmok120.fhcrc.org:36633
      user-agent:
      - python-httpx/0.28.1
    method: GET
    uri: https://gizmok120.fhcrc.org:36633/api/workflows/v1/ab3854e7-b5ea-4f32-96c4-9620ae921759/metadata?expandSubWorkflows=false&excludeKey=calls
  response:
    body:
      string: '{"submittedFiles":{"workflow":"version 1.0\n\n## This workflow demonstrates
        advanced struct features in WDL including:\n## 1. Optional fields\n## 2. Nested
        structs\n## 3. Default values (handled in the workflow)\n\n#### STRUCT DEFINITIONS\n\n#
        Nested struct for sequencing metadata\nstruct SequencingInfo {\n    String
        platform\n    String? flowcell_id\n    Int? lane_number\n}\n\n# Nested struct
        for quality metrics\nstruct QualityMetrics {\n    Float quality_score\n    Float?
        gc_content\n    Int? duplicate_rate\n}\n\n# Main struct with nested structures
        and optional fields\nstruct SampleInfo {\n    String name\n    String? type\n    Int?
        read_length\n    String? library_prep\n    SequencingInfo sequencing\n    QualityMetrics
        metrics\n}\n\n#### WORKFLOW DEFINITION\n\nworkflow struct_example {\n    input
        {\n        Array[SampleInfo] sample_information\n    }\n\n    scatter (sample_info
        in sample_information) {\n        SampleInfo processed_sample = object {\n            name:
        sample_info.name,\n            type: select_first([sample_info.type, \"normal\"]),\n            read_length:
        select_first([sample_info.read_length, 100]),\n            library_prep: sample_info.library_prep,\n            sequencing:
        sample_info.sequencing,\n            metrics: sample_info.metrics\n        }\n\n        call
        process_sample {\n            input:\n                sample = processed_sample\n        }\n    }\n}\n\n####
        TASK DEFINITIONS\n\ntask process_sample {\n    input {\n        SampleInfo
        sample\n    }\n\n    command <<<\n        echo \"Processing ~{sample.name}
        (~{sample.type})\"\n        echo \"Read Length: ~{sample.read_length}\"\n        echo
        \"Sequencing Platform: ~{sample.sequencing.platform}\"\n        echo \"Flowcell
        ID: ~{select_first([sample.sequencing.flowcell_id, ''N/A''])}\"\n        echo
        \"Lane Number: ~{select_first([sample.sequencing.lane_number, -1])}\"\n        echo
        \"Quality Score: ~{sample.metrics.quality_score}\"\n        echo \"GC Content:
        ~{select_first([sample.metrics.gc_content, 0])}\"\n        echo \"Duplicate
        Rate: ~{select_first([sample.metrics.duplicate_rate, 0])}%\"\n        echo
        \"Library Prep: ~{select_first([sample.library_prep, ''Standard''])}\"\n    >>>\n\n    output
        {\n        String message = read_string(stdout())\n    }\n\n    runtime {\n        docker:
        \"ubuntu:noble-20241118.1\"\n    }\n}\n","root":"","options":"{\n  \"read_from_cache\":
        false,\n  \"workflow_failure_mode\": \"ContinueWhilePossible\",\n  \"write_to_cache\":
        false\n}","inputs":"{\"struct_example.sample_information\":[{\"metrics\":{\"duplicate_rate\":2,\"gc_content\":45.2,\"quality_score\":95.5},\"name\":\"sample1\",\"sequencing\":{\"flowcell_id\":\"H5K5YDSXX\",\"lane_number\":1,\"platform\":\"NovaSeq\"}},{\"library_prep\":\"PCR-free\",\"metrics\":{\"quality_score\":92.3},\"name\":\"sample2\",\"read_length\":150,\"sequencing\":{\"platform\":\"NovaSeq\"},\"type\":\"tumor\"}]}","workflowUrl":"","labels":"{}"},"calls":{},"outputs":{},"status":"Submitted","id":"ab3854e7-b5ea-4f32-96c4-9620ae921759","inputs":{},"labels":{"cromwell-workflow-id":"cromwell-ab3854e7-b5ea-4f32-96c4-9620ae921759"},"submission":"2025-04-17T16:45:29.490Z"}'
    headers:
      Connection:
      - keep-alive
      Content-Type:
      - application/json
      Date:
      - Thu, 17 Apr 2025 16:45:34 GMT
      Server:
      - nginx/1.25.3
      Transfer-Encoding:
      - chunked
      content-length:
      - '3166'
    status:
      code: 200
      message: OK
- request:
    body: ''
    headers:
      accept:
      - '*/*'
      accept-encoding:
      - gzip, deflate
      connection:
      - keep-alive
      host:
      - gizmok120.fhcrc.org:36633
      user-agent:
      - python-httpx/0.28.1
    method: GET
    uri: https://gizmok120.fhcrc.org:36633/api/workflows/v1/ab3854e7-b5ea-4f32-96c4-9620ae921759/metadata?expandSubWorkflows=false&excludeKey=calls
  response:
    body:
      string: '{"submittedFiles":{"workflow":"version 1.0\n\n## This workflow demonstrates
        advanced struct features in WDL including:\n## 1. Optional fields\n## 2. Nested
        structs\n## 3. Default values (handled in the workflow)\n\n#### STRUCT DEFINITIONS\n\n#
        Nested struct for sequencing metadata\nstruct SequencingInfo {\n    String
        platform\n    String? flowcell_id\n    Int? lane_number\n}\n\n# Nested struct
        for quality metrics\nstruct QualityMetrics {\n    Float quality_score\n    Float?
        gc_content\n    Int? duplicate_rate\n}\n\n# Main struct with nested structures
        and optional fields\nstruct SampleInfo {\n    String name\n    String? type\n    Int?
        read_length\n    String? library_prep\n    SequencingInfo sequencing\n    QualityMetrics
        metrics\n}\n\n#### WORKFLOW DEFINITION\n\nworkflow struct_example {\n    input
        {\n        Array[SampleInfo] sample_information\n    }\n\n    scatter (sample_info
        in sample_information) {\n        SampleInfo processed_sample = object {\n            name:
        sample_info.name,\n            type: select_first([sample_info.type, \"normal\"]),\n            read_length:
        select_first([sample_info.read_length, 100]),\n            library_prep: sample_info.library_prep,\n            sequencing:
        sample_info.sequencing,\n            metrics: sample_info.metrics\n        }\n\n        call
        process_sample {\n            input:\n                sample = processed_sample\n        }\n    }\n}\n\n####
        TASK DEFINITIONS\n\ntask process_sample {\n    input {\n        SampleInfo
        sample\n    }\n\n    command <<<\n        echo \"Processing ~{sample.name}
        (~{sample.type})\"\n        echo \"Read Length: ~{sample.read_length}\"\n        echo
        \"Sequencing Platform: ~{sample.sequencing.platform}\"\n        echo \"Flowcell
        ID: ~{select_first([sample.sequencing.flowcell_id, ''N/A''])}\"\n        echo
        \"Lane Number: ~{select_first([sample.sequencing.lane_number, -1])}\"\n        echo
        \"Quality Score: ~{sample.metrics.quality_score}\"\n        echo \"GC Content:
        ~{select_first([sample.metrics.gc_content, 0])}\"\n        echo \"Duplicate
        Rate: ~{select_first([sample.metrics.duplicate_rate, 0])}%\"\n        echo
        \"Library Prep: ~{select_first([sample.library_prep, ''Standard''])}\"\n    >>>\n\n    output
        {\n        String message = read_string(stdout())\n    }\n\n    runtime {\n        docker:
        \"ubuntu:noble-20241118.1\"\n    }\n}\n","root":"","options":"{\n  \"read_from_cache\":
        false,\n  \"workflow_failure_mode\": \"ContinueWhilePossible\",\n  \"write_to_cache\":
        false\n}","inputs":"{\"struct_example.sample_information\":[{\"metrics\":{\"duplicate_rate\":2,\"gc_content\":45.2,\"quality_score\":95.5},\"name\":\"sample1\",\"sequencing\":{\"flowcell_id\":\"H5K5YDSXX\",\"lane_number\":1,\"platform\":\"NovaSeq\"}},{\"library_prep\":\"PCR-free\",\"metrics\":{\"quality_score\":92.3},\"name\":\"sample2\",\"read_length\":150,\"sequencing\":{\"platform\":\"NovaSeq\"},\"type\":\"tumor\"}]}","workflowUrl":"","labels":"{}"},"calls":{},"outputs":{},"status":"Submitted","id":"ab3854e7-b5ea-4f32-96c4-9620ae921759","inputs":{},"labels":{"cromwell-workflow-id":"cromwell-ab3854e7-b5ea-4f32-96c4-9620ae921759"},"submission":"2025-04-17T16:45:29.490Z"}'
    headers:
      Connection:
      - keep-alive
      Content-Type:
      - application/json
      Date:
      - Thu, 17 Apr 2025 16:45:39 GMT
      Server:
      - nginx/1.25.3
      Transfer-Encoding:
      - chunked
      content-length:
      - '3166'
    status:
      code: 200
      message: OK
- request:
    body: ''
    headers:
      accept:
      - '*/*'
      accept-encoding:
      - gzip, deflate
      connection:
      - keep-alive
      host:
      - gizmok120.fhcrc.org:36633
      user-agent:
      - python-httpx/0.28.1
    method: GET
    uri: https://gizmok120.fhcrc.org:36633/api/workflows/v1/ab3854e7-b5ea-4f32-96c4-9620ae921759/metadata?expandSubWorkflows=false&excludeKey=calls
  response:
    body:
      string: '{"submittedFiles":{"workflow":"version 1.0\n\n## This workflow demonstrates
        advanced struct features in WDL including:\n## 1. Optional fields\n## 2. Nested
        structs\n## 3. Default values (handled in the workflow)\n\n#### STRUCT DEFINITIONS\n\n#
        Nested struct for sequencing metadata\nstruct SequencingInfo {\n    String
        platform\n    String? flowcell_id\n    Int? lane_number\n}\n\n# Nested struct
        for quality metrics\nstruct QualityMetrics {\n    Float quality_score\n    Float?
        gc_content\n    Int? duplicate_rate\n}\n\n# Main struct with nested structures
        and optional fields\nstruct SampleInfo {\n    String name\n    String? type\n    Int?
        read_length\n    String? library_prep\n    SequencingInfo sequencing\n    QualityMetrics
        metrics\n}\n\n#### WORKFLOW DEFINITION\n\nworkflow struct_example {\n    input
        {\n        Array[SampleInfo] sample_information\n    }\n\n    scatter (sample_info
        in sample_information) {\n        SampleInfo processed_sample = object {\n            name:
        sample_info.name,\n            type: select_first([sample_info.type, \"normal\"]),\n            read_length:
        select_first([sample_info.read_length, 100]),\n            library_prep: sample_info.library_prep,\n            sequencing:
        sample_info.sequencing,\n            metrics: sample_info.metrics\n        }\n\n        call
        process_sample {\n            input:\n                sample = processed_sample\n        }\n    }\n}\n\n####
        TASK DEFINITIONS\n\ntask process_sample {\n    input {\n        SampleInfo
        sample\n    }\n\n    command <<<\n        echo \"Processing ~{sample.name}
        (~{sample.type})\"\n        echo \"Read Length: ~{sample.read_length}\"\n        echo
        \"Sequencing Platform: ~{sample.sequencing.platform}\"\n        echo \"Flowcell
        ID: ~{select_first([sample.sequencing.flowcell_id, ''N/A''])}\"\n        echo
        \"Lane Number: ~{select_first([sample.sequencing.lane_number, -1])}\"\n        echo
        \"Quality Score: ~{sample.metrics.quality_score}\"\n        echo \"GC Content:
        ~{select_first([sample.metrics.gc_content, 0])}\"\n        echo \"Duplicate
        Rate: ~{select_first([sample.metrics.duplicate_rate, 0])}%\"\n        echo
        \"Library Prep: ~{select_first([sample.library_prep, ''Standard''])}\"\n    >>>\n\n    output
        {\n        String message = read_string(stdout())\n    }\n\n    runtime {\n        docker:
        \"ubuntu:noble-20241118.1\"\n    }\n}\n","root":"","options":"{\n  \"read_from_cache\":
        false,\n  \"workflow_failure_mode\": \"ContinueWhilePossible\",\n  \"write_to_cache\":
        false\n}","inputs":"{\"struct_example.sample_information\":[{\"metrics\":{\"duplicate_rate\":2,\"gc_content\":45.2,\"quality_score\":95.5},\"name\":\"sample1\",\"sequencing\":{\"flowcell_id\":\"H5K5YDSXX\",\"lane_number\":1,\"platform\":\"NovaSeq\"}},{\"library_prep\":\"PCR-free\",\"metrics\":{\"quality_score\":92.3},\"name\":\"sample2\",\"read_length\":150,\"sequencing\":{\"platform\":\"NovaSeq\"},\"type\":\"tumor\"}]}","workflowUrl":"","labels":"{}"},"calls":{},"outputs":{},"status":"Submitted","id":"ab3854e7-b5ea-4f32-96c4-9620ae921759","inputs":{},"labels":{"cromwell-workflow-id":"cromwell-ab3854e7-b5ea-4f32-96c4-9620ae921759"},"submission":"2025-04-17T16:45:29.490Z"}'
    headers:
      Connection:
      - keep-alive
      Content-Type:
      - application/json
      Date:
      - Thu, 17 Apr 2025 16:45:44 GMT
      Server:
      - nginx/1.25.3
      Transfer-Encoding:
      - chunked
      content-length:
      - '3166'
    status:
      code: 200
      message: OK
- request:
    body: ''
    headers:
      accept:
      - '*/*'
      accept-encoding:
      - gzip, deflate
      connection:
      - keep-alive
      host:
      - gizmok120.fhcrc.org:36633
      user-agent:
      - python-httpx/0.28.1
    method: GET
    uri: https://gizmok120.fhcrc.org:36633/api/workflows/v1/ab3854e7-b5ea-4f32-96c4-9620ae921759/metadata?expandSubWorkflows=false&excludeKey=calls
  response:
    body:
      string: '{"submittedFiles":{"workflow":"version 1.0\n\n## This workflow demonstrates
        advanced struct features in WDL including:\n## 1. Optional fields\n## 2. Nested
        structs\n## 3. Default values (handled in the workflow)\n\n#### STRUCT DEFINITIONS\n\n#
        Nested struct for sequencing metadata\nstruct SequencingInfo {\n    String
        platform\n    String? flowcell_id\n    Int? lane_number\n}\n\n# Nested struct
        for quality metrics\nstruct QualityMetrics {\n    Float quality_score\n    Float?
        gc_content\n    Int? duplicate_rate\n}\n\n# Main struct with nested structures
        and optional fields\nstruct SampleInfo {\n    String name\n    String? type\n    Int?
        read_length\n    String? library_prep\n    SequencingInfo sequencing\n    QualityMetrics
        metrics\n}\n\n#### WORKFLOW DEFINITION\n\nworkflow struct_example {\n    input
        {\n        Array[SampleInfo] sample_information\n    }\n\n    scatter (sample_info
        in sample_information) {\n        SampleInfo processed_sample = object {\n            name:
        sample_info.name,\n            type: select_first([sample_info.type, \"normal\"]),\n            read_length:
        select_first([sample_info.read_length, 100]),\n            library_prep: sample_info.library_prep,\n            sequencing:
        sample_info.sequencing,\n            metrics: sample_info.metrics\n        }\n\n        call
        process_sample {\n            input:\n                sample = processed_sample\n        }\n    }\n}\n\n####
        TASK DEFINITIONS\n\ntask process_sample {\n    input {\n        SampleInfo
        sample\n    }\n\n    command <<<\n        echo \"Processing ~{sample.name}
        (~{sample.type})\"\n        echo \"Read Length: ~{sample.read_length}\"\n        echo
        \"Sequencing Platform: ~{sample.sequencing.platform}\"\n        echo \"Flowcell
        ID: ~{select_first([sample.sequencing.flowcell_id, ''N/A''])}\"\n        echo
        \"Lane Number: ~{select_first([sample.sequencing.lane_number, -1])}\"\n        echo
        \"Quality Score: ~{sample.metrics.quality_score}\"\n        echo \"GC Content:
        ~{select_first([sample.metrics.gc_content, 0])}\"\n        echo \"Duplicate
        Rate: ~{select_first([sample.metrics.duplicate_rate, 0])}%\"\n        echo
        \"Library Prep: ~{select_first([sample.library_prep, ''Standard''])}\"\n    >>>\n\n    output
        {\n        String message = read_string(stdout())\n    }\n\n    runtime {\n        docker:
        \"ubuntu:noble-20241118.1\"\n    }\n}\n","root":"","options":"{\n  \"read_from_cache\":
        false,\n  \"workflow_failure_mode\": \"ContinueWhilePossible\",\n  \"write_to_cache\":
        false\n}","inputs":"{\"struct_example.sample_information\":[{\"metrics\":{\"duplicate_rate\":2,\"gc_content\":45.2,\"quality_score\":95.5},\"name\":\"sample1\",\"sequencing\":{\"flowcell_id\":\"H5K5YDSXX\",\"lane_number\":1,\"platform\":\"NovaSeq\"}},{\"library_prep\":\"PCR-free\",\"metrics\":{\"quality_score\":92.3},\"name\":\"sample2\",\"read_length\":150,\"sequencing\":{\"platform\":\"NovaSeq\"},\"type\":\"tumor\"}]}","workflowUrl":"","labels":"{}"},"calls":{},"outputs":{},"status":"Submitted","id":"ab3854e7-b5ea-4f32-96c4-9620ae921759","inputs":{},"labels":{"cromwell-workflow-id":"cromwell-ab3854e7-b5ea-4f32-96c4-9620ae921759"},"submission":"2025-04-17T16:45:29.490Z"}'
    headers:
      Connection:
      - keep-alive
      Content-Type:
      - application/json
      Date:
      - Thu, 17 Apr 2025 16:45:49 GMT
      Server:
      - nginx/1.25.3
      Transfer-Encoding:
      - chunked
      content-length:
      - '3166'
    status:
      code: 200
      message: OK
- request:
    body: ''
    headers:
      accept:
      - '*/*'
      accept-encoding:
      - gzip, deflate
      connection:
      - keep-alive
      host:
      - gizmok120.fhcrc.org:36633
      user-agent:
      - python-httpx/0.28.1
    method: GET
    uri: https://gizmok120.fhcrc.org:36633/api/workflows/v1/ab3854e7-b5ea-4f32-96c4-9620ae921759/metadata?expandSubWorkflows=false&excludeKey=calls
  response:
    body:
      string: '{"submittedFiles":{"workflow":"version 1.0\n\n## This workflow demonstrates
        advanced struct features in WDL including:\n## 1. Optional fields\n## 2. Nested
        structs\n## 3. Default values (handled in the workflow)\n\n#### STRUCT DEFINITIONS\n\n#
        Nested struct for sequencing metadata\nstruct SequencingInfo {\n    String
        platform\n    String? flowcell_id\n    Int? lane_number\n}\n\n# Nested struct
        for quality metrics\nstruct QualityMetrics {\n    Float quality_score\n    Float?
        gc_content\n    Int? duplicate_rate\n}\n\n# Main struct with nested structures
        and optional fields\nstruct SampleInfo {\n    String name\n    String? type\n    Int?
        read_length\n    String? library_prep\n    SequencingInfo sequencing\n    QualityMetrics
        metrics\n}\n\n#### WORKFLOW DEFINITION\n\nworkflow struct_example {\n    input
        {\n        Array[SampleInfo] sample_information\n    }\n\n    scatter (sample_info
        in sample_information) {\n        SampleInfo processed_sample = object {\n            name:
        sample_info.name,\n            type: select_first([sample_info.type, \"normal\"]),\n            read_length:
        select_first([sample_info.read_length, 100]),\n            library_prep: sample_info.library_prep,\n            sequencing:
        sample_info.sequencing,\n            metrics: sample_info.metrics\n        }\n\n        call
        process_sample {\n            input:\n                sample = processed_sample\n        }\n    }\n}\n\n####
        TASK DEFINITIONS\n\ntask process_sample {\n    input {\n        SampleInfo
        sample\n    }\n\n    command <<<\n        echo \"Processing ~{sample.name}
        (~{sample.type})\"\n        echo \"Read Length: ~{sample.read_length}\"\n        echo
        \"Sequencing Platform: ~{sample.sequencing.platform}\"\n        echo \"Flowcell
        ID: ~{select_first([sample.sequencing.flowcell_id, ''N/A''])}\"\n        echo
        \"Lane Number: ~{select_first([sample.sequencing.lane_number, -1])}\"\n        echo
        \"Quality Score: ~{sample.metrics.quality_score}\"\n        echo \"GC Content:
        ~{select_first([sample.metrics.gc_content, 0])}\"\n        echo \"Duplicate
        Rate: ~{select_first([sample.metrics.duplicate_rate, 0])}%\"\n        echo
        \"Library Prep: ~{select_first([sample.library_prep, ''Standard''])}\"\n    >>>\n\n    output
        {\n        String message = read_string(stdout())\n    }\n\n    runtime {\n        docker:
        \"ubuntu:noble-20241118.1\"\n    }\n}\n","root":"","options":"{\n  \"read_from_cache\":
        false,\n  \"workflow_failure_mode\": \"ContinueWhilePossible\",\n  \"write_to_cache\":
        false\n}","inputs":"{\"struct_example.sample_information\":[{\"metrics\":{\"duplicate_rate\":2,\"gc_content\":45.2,\"quality_score\":95.5},\"name\":\"sample1\",\"sequencing\":{\"flowcell_id\":\"H5K5YDSXX\",\"lane_number\":1,\"platform\":\"NovaSeq\"}},{\"library_prep\":\"PCR-free\",\"metrics\":{\"quality_score\":92.3},\"name\":\"sample2\",\"read_length\":150,\"sequencing\":{\"platform\":\"NovaSeq\"},\"type\":\"tumor\"}]}","workflowUrl":"","labels":"{}"},"calls":{},"outputs":{},"status":"Submitted","id":"ab3854e7-b5ea-4f32-96c4-9620ae921759","inputs":{},"labels":{"cromwell-workflow-id":"cromwell-ab3854e7-b5ea-4f32-96c4-9620ae921759"},"submission":"2025-04-17T16:45:29.490Z"}'
    headers:
      Connection:
      - keep-alive
      Content-Type:
      - application/json
      Date:
      - Thu, 17 Apr 2025 16:45:54 GMT
      Server:
      - nginx/1.25.3
      Transfer-Encoding:
      - chunked
      content-length:
      - '3166'
    status:
      code: 200
      message: OK
- request:
    body: ''
    headers:
      accept:
      - '*/*'
      accept-encoding:
      - gzip, deflate
      connection:
      - keep-alive
      host:
      - gizmok120.fhcrc.org:36633
      user-agent:
      - python-httpx/0.28.1
    method: GET
    uri: https://gizmok120.fhcrc.org:36633/api/workflows/v1/ab3854e7-b5ea-4f32-96c4-9620ae921759/metadata?expandSubWorkflows=false&excludeKey=calls
  response:
    body:
      string: '{"submittedFiles":{"workflow":"version 1.0\n\n## This workflow demonstrates
        advanced struct features in WDL including:\n## 1. Optional fields\n## 2. Nested
        structs\n## 3. Default values (handled in the workflow)\n\n#### STRUCT DEFINITIONS\n\n#
        Nested struct for sequencing metadata\nstruct SequencingInfo {\n    String
        platform\n    String? flowcell_id\n    Int? lane_number\n}\n\n# Nested struct
        for quality metrics\nstruct QualityMetrics {\n    Float quality_score\n    Float?
        gc_content\n    Int? duplicate_rate\n}\n\n# Main struct with nested structures
        and optional fields\nstruct SampleInfo {\n    String name\n    String? type\n    Int?
        read_length\n    String? library_prep\n    SequencingInfo sequencing\n    QualityMetrics
        metrics\n}\n\n#### WORKFLOW DEFINITION\n\nworkflow struct_example {\n    input
        {\n        Array[SampleInfo] sample_information\n    }\n\n    scatter (sample_info
        in sample_information) {\n        SampleInfo processed_sample = object {\n            name:
        sample_info.name,\n            type: select_first([sample_info.type, \"normal\"]),\n            read_length:
        select_first([sample_info.read_length, 100]),\n            library_prep: sample_info.library_prep,\n            sequencing:
        sample_info.sequencing,\n            metrics: sample_info.metrics\n        }\n\n        call
        process_sample {\n            input:\n                sample = processed_sample\n        }\n    }\n}\n\n####
        TASK DEFINITIONS\n\ntask process_sample {\n    input {\n        SampleInfo
        sample\n    }\n\n    command <<<\n        echo \"Processing ~{sample.name}
        (~{sample.type})\"\n        echo \"Read Length: ~{sample.read_length}\"\n        echo
        \"Sequencing Platform: ~{sample.sequencing.platform}\"\n        echo \"Flowcell
        ID: ~{select_first([sample.sequencing.flowcell_id, ''N/A''])}\"\n        echo
        \"Lane Number: ~{select_first([sample.sequencing.lane_number, -1])}\"\n        echo
        \"Quality Score: ~{sample.metrics.quality_score}\"\n        echo \"GC Content:
        ~{select_first([sample.metrics.gc_content, 0])}\"\n        echo \"Duplicate
        Rate: ~{select_first([sample.metrics.duplicate_rate, 0])}%\"\n        echo
        \"Library Prep: ~{select_first([sample.library_prep, ''Standard''])}\"\n    >>>\n\n    output
        {\n        String message = read_string(stdout())\n    }\n\n    runtime {\n        docker:
        \"ubuntu:noble-20241118.1\"\n    }\n}\n","root":"","options":"{\n  \"read_from_cache\":
        false,\n  \"workflow_failure_mode\": \"ContinueWhilePossible\",\n  \"write_to_cache\":
        false\n}","inputs":"{\"struct_example.sample_information\":[{\"metrics\":{\"duplicate_rate\":2,\"gc_content\":45.2,\"quality_score\":95.5},\"name\":\"sample1\",\"sequencing\":{\"flowcell_id\":\"H5K5YDSXX\",\"lane_number\":1,\"platform\":\"NovaSeq\"}},{\"library_prep\":\"PCR-free\",\"metrics\":{\"quality_score\":92.3},\"name\":\"sample2\",\"read_length\":150,\"sequencing\":{\"platform\":\"NovaSeq\"},\"type\":\"tumor\"}]}","workflowUrl":"","labels":"{}"},"calls":{},"outputs":{},"status":"Submitted","id":"ab3854e7-b5ea-4f32-96c4-9620ae921759","inputs":{},"labels":{"cromwell-workflow-id":"cromwell-ab3854e7-b5ea-4f32-96c4-9620ae921759"},"submission":"2025-04-17T16:45:29.490Z"}'
    headers:
      Connection:
      - keep-alive
      Content-Type:
      - application/json
      Date:
      - Thu, 17 Apr 2025 16:45:59 GMT
      Server:
      - nginx/1.25.3
      Transfer-Encoding:
      - chunked
      content-length:
      - '3166'
    status:
      code: 200
      message: OK
- request:
    body: ''
    headers:
      accept:
      - '*/*'
      accept-encoding:
      - gzip, deflate
      connection:
      - keep-alive
      host:
      - gizmok120.fhcrc.org:36633
      user-agent:
      - python-httpx/0.28.1
    method: GET
    uri: https://gizmok120.fhcrc.org:36633/api/workflows/v1/ab3854e7-b5ea-4f32-96c4-9620ae921759/metadata?expandSubWorkflows=false&excludeKey=calls
  response:
    body:
      string: '{"submittedFiles":{"workflow":"version 1.0\n\n## This workflow demonstrates
        advanced struct features in WDL including:\n## 1. Optional fields\n## 2. Nested
        structs\n## 3. Default values (handled in the workflow)\n\n#### STRUCT DEFINITIONS\n\n#
        Nested struct for sequencing metadata\nstruct SequencingInfo {\n    String
        platform\n    String? flowcell_id\n    Int? lane_number\n}\n\n# Nested struct
        for quality metrics\nstruct QualityMetrics {\n    Float quality_score\n    Float?
        gc_content\n    Int? duplicate_rate\n}\n\n# Main struct with nested structures
        and optional fields\nstruct SampleInfo {\n    String name\n    String? type\n    Int?
        read_length\n    String? library_prep\n    SequencingInfo sequencing\n    QualityMetrics
        metrics\n}\n\n#### WORKFLOW DEFINITION\n\nworkflow struct_example {\n    input
        {\n        Array[SampleInfo] sample_information\n    }\n\n    scatter (sample_info
        in sample_information) {\n        SampleInfo processed_sample = object {\n            name:
        sample_info.name,\n            type: select_first([sample_info.type, \"normal\"]),\n            read_length:
        select_first([sample_info.read_length, 100]),\n            library_prep: sample_info.library_prep,\n            sequencing:
        sample_info.sequencing,\n            metrics: sample_info.metrics\n        }\n\n        call
        process_sample {\n            input:\n                sample = processed_sample\n        }\n    }\n}\n\n####
        TASK DEFINITIONS\n\ntask process_sample {\n    input {\n        SampleInfo
        sample\n    }\n\n    command <<<\n        echo \"Processing ~{sample.name}
        (~{sample.type})\"\n        echo \"Read Length: ~{sample.read_length}\"\n        echo
        \"Sequencing Platform: ~{sample.sequencing.platform}\"\n        echo \"Flowcell
        ID: ~{select_first([sample.sequencing.flowcell_id, ''N/A''])}\"\n        echo
        \"Lane Number: ~{select_first([sample.sequencing.lane_number, -1])}\"\n        echo
        \"Quality Score: ~{sample.metrics.quality_score}\"\n        echo \"GC Content:
        ~{select_first([sample.metrics.gc_content, 0])}\"\n        echo \"Duplicate
        Rate: ~{select_first([sample.metrics.duplicate_rate, 0])}%\"\n        echo
        \"Library Prep: ~{select_first([sample.library_prep, ''Standard''])}\"\n    >>>\n\n    output
        {\n        String message = read_string(stdout())\n    }\n\n    runtime {\n        docker:
        \"ubuntu:noble-20241118.1\"\n    }\n}\n","root":"","options":"{\n  \"read_from_cache\":
        false,\n  \"workflow_failure_mode\": \"ContinueWhilePossible\",\n  \"write_to_cache\":
        false\n}","inputs":"{\"struct_example.sample_information\":[{\"metrics\":{\"duplicate_rate\":2,\"gc_content\":45.2,\"quality_score\":95.5},\"name\":\"sample1\",\"sequencing\":{\"flowcell_id\":\"H5K5YDSXX\",\"lane_number\":1,\"platform\":\"NovaSeq\"}},{\"library_prep\":\"PCR-free\",\"metrics\":{\"quality_score\":92.3},\"name\":\"sample2\",\"read_length\":150,\"sequencing\":{\"platform\":\"NovaSeq\"},\"type\":\"tumor\"}]}","workflowUrl":"","labels":"{}"},"calls":{},"outputs":{},"status":"Submitted","id":"ab3854e7-b5ea-4f32-96c4-9620ae921759","inputs":{},"labels":{"cromwell-workflow-id":"cromwell-ab3854e7-b5ea-4f32-96c4-9620ae921759"},"submission":"2025-04-17T16:45:29.490Z"}'
    headers:
      Connection:
      - keep-alive
      Content-Type:
      - application/json
      Date:
      - Thu, 17 Apr 2025 16:46:04 GMT
      Server:
      - nginx/1.25.3
      Transfer-Encoding:
      - chunked
      content-length:
      - '3166'
    status:
      code: 200
      message: OK
- request:
    body: ''
    headers:
      accept:
      - '*/*'
      accept-encoding:
      - gzip, deflate
      connection:
      - keep-alive
      host:
      - gizmok120.fhcrc.org:36633
      user-agent:
      - python-httpx/0.28.1
    method: GET
    uri: https://gizmok120.fhcrc.org:36633/api/workflows/v1/ab3854e7-b5ea-4f32-96c4-9620ae921759/metadata?expandSubWorkflows=false&excludeKey=calls
  response:
    body:
      string: '{"submittedFiles":{"workflow":"version 1.0\n\n## This workflow demonstrates
        advanced struct features in WDL including:\n## 1. Optional fields\n## 2. Nested
        structs\n## 3. Default values (handled in the workflow)\n\n#### STRUCT DEFINITIONS\n\n#
        Nested struct for sequencing metadata\nstruct SequencingInfo {\n    String
        platform\n    String? flowcell_id\n    Int? lane_number\n}\n\n# Nested struct
        for quality metrics\nstruct QualityMetrics {\n    Float quality_score\n    Float?
        gc_content\n    Int? duplicate_rate\n}\n\n# Main struct with nested structures
        and optional fields\nstruct SampleInfo {\n    String name\n    String? type\n    Int?
        read_length\n    String? library_prep\n    SequencingInfo sequencing\n    QualityMetrics
        metrics\n}\n\n#### WORKFLOW DEFINITION\n\nworkflow struct_example {\n    input
        {\n        Array[SampleInfo] sample_information\n    }\n\n    scatter (sample_info
        in sample_information) {\n        SampleInfo processed_sample = object {\n            name:
        sample_info.name,\n            type: select_first([sample_info.type, \"normal\"]),\n            read_length:
        select_first([sample_info.read_length, 100]),\n            library_prep: sample_info.library_prep,\n            sequencing:
        sample_info.sequencing,\n            metrics: sample_info.metrics\n        }\n\n        call
        process_sample {\n            input:\n                sample = processed_sample\n        }\n    }\n}\n\n####
        TASK DEFINITIONS\n\ntask process_sample {\n    input {\n        SampleInfo
        sample\n    }\n\n    command <<<\n        echo \"Processing ~{sample.name}
        (~{sample.type})\"\n        echo \"Read Length: ~{sample.read_length}\"\n        echo
        \"Sequencing Platform: ~{sample.sequencing.platform}\"\n        echo \"Flowcell
        ID: ~{select_first([sample.sequencing.flowcell_id, ''N/A''])}\"\n        echo
        \"Lane Number: ~{select_first([sample.sequencing.lane_number, -1])}\"\n        echo
        \"Quality Score: ~{sample.metrics.quality_score}\"\n        echo \"GC Content:
        ~{select_first([sample.metrics.gc_content, 0])}\"\n        echo \"Duplicate
        Rate: ~{select_first([sample.metrics.duplicate_rate, 0])}%\"\n        echo
        \"Library Prep: ~{select_first([sample.library_prep, ''Standard''])}\"\n    >>>\n\n    output
        {\n        String message = read_string(stdout())\n    }\n\n    runtime {\n        docker:
        \"ubuntu:noble-20241118.1\"\n    }\n}\n","root":"","options":"{\n  \"read_from_cache\":
        false,\n  \"workflow_failure_mode\": \"ContinueWhilePossible\",\n  \"write_to_cache\":
        false\n}","inputs":"{\"struct_example.sample_information\":[{\"metrics\":{\"duplicate_rate\":2,\"gc_content\":45.2,\"quality_score\":95.5},\"name\":\"sample1\",\"sequencing\":{\"flowcell_id\":\"H5K5YDSXX\",\"lane_number\":1,\"platform\":\"NovaSeq\"}},{\"library_prep\":\"PCR-free\",\"metrics\":{\"quality_score\":92.3},\"name\":\"sample2\",\"read_length\":150,\"sequencing\":{\"platform\":\"NovaSeq\"},\"type\":\"tumor\"}]}","workflowUrl":"","labels":"{}"},"calls":{},"outputs":{},"status":"Submitted","id":"ab3854e7-b5ea-4f32-96c4-9620ae921759","inputs":{},"labels":{"cromwell-workflow-id":"cromwell-ab3854e7-b5ea-4f32-96c4-9620ae921759"},"submission":"2025-04-17T16:45:29.490Z"}'
    headers:
      Connection:
      - keep-alive
      Content-Type:
      - application/json
      Date:
      - Thu, 17 Apr 2025 16:46:10 GMT
      Server:
      - nginx/1.25.3
      Transfer-Encoding:
      - chunked
      content-length:
      - '3166'
    status:
      code: 200
      message: OK
- request:
    body: ''
    headers:
      accept:
      - '*/*'
      accept-encoding:
      - gzip, deflate
      connection:
      - keep-alive
      host:
      - gizmok120.fhcrc.org:36633
      user-agent:
      - python-httpx/0.28.1
    method: GET
    uri: https://gizmok120.fhcrc.org:36633/api/workflows/v1/ab3854e7-b5ea-4f32-96c4-9620ae921759/metadata?expandSubWorkflows=false&excludeKey=calls
  response:
    body:
      string: '{"submittedFiles":{"workflow":"version 1.0\n\n## This workflow demonstrates
        advanced struct features in WDL including:\n## 1. Optional fields\n## 2. Nested
        structs\n## 3. Default values (handled in the workflow)\n\n#### STRUCT DEFINITIONS\n\n#
        Nested struct for sequencing metadata\nstruct SequencingInfo {\n    String
        platform\n    String? flowcell_id\n    Int? lane_number\n}\n\n# Nested struct
        for quality metrics\nstruct QualityMetrics {\n    Float quality_score\n    Float?
        gc_content\n    Int? duplicate_rate\n}\n\n# Main struct with nested structures
        and optional fields\nstruct SampleInfo {\n    String name\n    String? type\n    Int?
        read_length\n    String? library_prep\n    SequencingInfo sequencing\n    QualityMetrics
        metrics\n}\n\n#### WORKFLOW DEFINITION\n\nworkflow struct_example {\n    input
        {\n        Array[SampleInfo] sample_information\n    }\n\n    scatter (sample_info
        in sample_information) {\n        SampleInfo processed_sample = object {\n            name:
        sample_info.name,\n            type: select_first([sample_info.type, \"normal\"]),\n            read_length:
        select_first([sample_info.read_length, 100]),\n            library_prep: sample_info.library_prep,\n            sequencing:
        sample_info.sequencing,\n            metrics: sample_info.metrics\n        }\n\n        call
        process_sample {\n            input:\n                sample = processed_sample\n        }\n    }\n}\n\n####
        TASK DEFINITIONS\n\ntask process_sample {\n    input {\n        SampleInfo
        sample\n    }\n\n    command <<<\n        echo \"Processing ~{sample.name}
        (~{sample.type})\"\n        echo \"Read Length: ~{sample.read_length}\"\n        echo
        \"Sequencing Platform: ~{sample.sequencing.platform}\"\n        echo \"Flowcell
        ID: ~{select_first([sample.sequencing.flowcell_id, ''N/A''])}\"\n        echo
        \"Lane Number: ~{select_first([sample.sequencing.lane_number, -1])}\"\n        echo
        \"Quality Score: ~{sample.metrics.quality_score}\"\n        echo \"GC Content:
        ~{select_first([sample.metrics.gc_content, 0])}\"\n        echo \"Duplicate
        Rate: ~{select_first([sample.metrics.duplicate_rate, 0])}%\"\n        echo
        \"Library Prep: ~{select_first([sample.library_prep, ''Standard''])}\"\n    >>>\n\n    output
        {\n        String message = read_string(stdout())\n    }\n\n    runtime {\n        docker:
        \"ubuntu:noble-20241118.1\"\n    }\n}\n","root":"","options":"{\n  \"read_from_cache\":
        false,\n  \"workflow_failure_mode\": \"ContinueWhilePossible\",\n  \"write_to_cache\":
        false\n}","inputs":"{\"struct_example.sample_information\":[{\"metrics\":{\"duplicate_rate\":2,\"gc_content\":45.2,\"quality_score\":95.5},\"name\":\"sample1\",\"sequencing\":{\"flowcell_id\":\"H5K5YDSXX\",\"lane_number\":1,\"platform\":\"NovaSeq\"}},{\"library_prep\":\"PCR-free\",\"metrics\":{\"quality_score\":92.3},\"name\":\"sample2\",\"read_length\":150,\"sequencing\":{\"platform\":\"NovaSeq\"},\"type\":\"tumor\"}]}","workflowUrl":"","labels":"{}"},"calls":{},"outputs":{},"status":"Submitted","id":"ab3854e7-b5ea-4f32-96c4-9620ae921759","inputs":{},"labels":{"cromwell-workflow-id":"cromwell-ab3854e7-b5ea-4f32-96c4-9620ae921759"},"submission":"2025-04-17T16:45:29.490Z"}'
    headers:
      Connection:
      - keep-alive
      Content-Type:
      - application/json
      Date:
      - Thu, 17 Apr 2025 16:46:15 GMT
      Server:
      - nginx/1.25.3
      Transfer-Encoding:
      - chunked
      content-length:
      - '3166'
    status:
      code: 200
      message: OK
- request:
    body: ''
    headers:
      accept:
      - '*/*'
      accept-encoding:
      - gzip, deflate
      connection:
      - keep-alive
      host:
      - gizmok120.fhcrc.org:36633
      user-agent:
      - python-httpx/0.28.1
    method: GET
    uri: https://gizmok120.fhcrc.org:36633/api/workflows/v1/ab3854e7-b5ea-4f32-96c4-9620ae921759/metadata?expandSubWorkflows=false&excludeKey=calls
  response:
    body:
      string: '{"submittedFiles":{"workflow":"version 1.0\n\n## This workflow demonstrates
        advanced struct features in WDL including:\n## 1. Optional fields\n## 2. Nested
        structs\n## 3. Default values (handled in the workflow)\n\n#### STRUCT DEFINITIONS\n\n#
        Nested struct for sequencing metadata\nstruct SequencingInfo {\n    String
        platform\n    String? flowcell_id\n    Int? lane_number\n}\n\n# Nested struct
        for quality metrics\nstruct QualityMetrics {\n    Float quality_score\n    Float?
        gc_content\n    Int? duplicate_rate\n}\n\n# Main struct with nested structures
        and optional fields\nstruct SampleInfo {\n    String name\n    String? type\n    Int?
        read_length\n    String? library_prep\n    SequencingInfo sequencing\n    QualityMetrics
        metrics\n}\n\n#### WORKFLOW DEFINITION\n\nworkflow struct_example {\n    input
        {\n        Array[SampleInfo] sample_information\n    }\n\n    scatter (sample_info
        in sample_information) {\n        SampleInfo processed_sample = object {\n            name:
        sample_info.name,\n            type: select_first([sample_info.type, \"normal\"]),\n            read_length:
        select_first([sample_info.read_length, 100]),\n            library_prep: sample_info.library_prep,\n            sequencing:
        sample_info.sequencing,\n            metrics: sample_info.metrics\n        }\n\n        call
        process_sample {\n            input:\n                sample = processed_sample\n        }\n    }\n}\n\n####
        TASK DEFINITIONS\n\ntask process_sample {\n    input {\n        SampleInfo
        sample\n    }\n\n    command <<<\n        echo \"Processing ~{sample.name}
        (~{sample.type})\"\n        echo \"Read Length: ~{sample.read_length}\"\n        echo
        \"Sequencing Platform: ~{sample.sequencing.platform}\"\n        echo \"Flowcell
        ID: ~{select_first([sample.sequencing.flowcell_id, ''N/A''])}\"\n        echo
        \"Lane Number: ~{select_first([sample.sequencing.lane_number, -1])}\"\n        echo
        \"Quality Score: ~{sample.metrics.quality_score}\"\n        echo \"GC Content:
        ~{select_first([sample.metrics.gc_content, 0])}\"\n        echo \"Duplicate
        Rate: ~{select_first([sample.metrics.duplicate_rate, 0])}%\"\n        echo
        \"Library Prep: ~{select_first([sample.library_prep, ''Standard''])}\"\n    >>>\n\n    output
        {\n        String message = read_string(stdout())\n    }\n\n    runtime {\n        docker:
        \"ubuntu:noble-20241118.1\"\n    }\n}\n","root":"","options":"{\n  \"read_from_cache\":
        false,\n  \"workflow_failure_mode\": \"ContinueWhilePossible\",\n  \"write_to_cache\":
        false\n}","inputs":"{\"struct_example.sample_information\":[{\"metrics\":{\"duplicate_rate\":2,\"gc_content\":45.2,\"quality_score\":95.5},\"name\":\"sample1\",\"sequencing\":{\"flowcell_id\":\"H5K5YDSXX\",\"lane_number\":1,\"platform\":\"NovaSeq\"}},{\"library_prep\":\"PCR-free\",\"metrics\":{\"quality_score\":92.3},\"name\":\"sample2\",\"read_length\":150,\"sequencing\":{\"platform\":\"NovaSeq\"},\"type\":\"tumor\"}]}","workflowUrl":"","labels":"{}"},"calls":{},"outputs":{},"status":"Submitted","id":"ab3854e7-b5ea-4f32-96c4-9620ae921759","inputs":{},"labels":{"cromwell-workflow-id":"cromwell-ab3854e7-b5ea-4f32-96c4-9620ae921759"},"submission":"2025-04-17T16:45:29.490Z"}'
    headers:
      Connection:
      - keep-alive
      Content-Type:
      - application/json
      Date:
      - Thu, 17 Apr 2025 16:46:20 GMT
      Server:
      - nginx/1.25.3
      Transfer-Encoding:
      - chunked
      content-length:
      - '3166'
    status:
      code: 200
      message: OK
- request:
    body: ''
    headers:
      accept:
      - '*/*'
      accept-encoding:
      - gzip, deflate
      connection:
      - keep-alive
      host:
      - gizmok120.fhcrc.org:36633
      user-agent:
      - python-httpx/0.28.1
    method: GET
    uri: https://gizmok120.fhcrc.org:36633/api/workflows/v1/ab3854e7-b5ea-4f32-96c4-9620ae921759/metadata?expandSubWorkflows=false&excludeKey=calls
  response:
    body:
      string: '{"submittedFiles":{"workflow":"version 1.0\n\n## This workflow demonstrates
        advanced struct features in WDL including:\n## 1. Optional fields\n## 2. Nested
        structs\n## 3. Default values (handled in the workflow)\n\n#### STRUCT DEFINITIONS\n\n#
        Nested struct for sequencing metadata\nstruct SequencingInfo {\n    String
        platform\n    String? flowcell_id\n    Int? lane_number\n}\n\n# Nested struct
        for quality metrics\nstruct QualityMetrics {\n    Float quality_score\n    Float?
        gc_content\n    Int? duplicate_rate\n}\n\n# Main struct with nested structures
        and optional fields\nstruct SampleInfo {\n    String name\n    String? type\n    Int?
        read_length\n    String? library_prep\n    SequencingInfo sequencing\n    QualityMetrics
        metrics\n}\n\n#### WORKFLOW DEFINITION\n\nworkflow struct_example {\n    input
        {\n        Array[SampleInfo] sample_information\n    }\n\n    scatter (sample_info
        in sample_information) {\n        SampleInfo processed_sample = object {\n            name:
        sample_info.name,\n            type: select_first([sample_info.type, \"normal\"]),\n            read_length:
        select_first([sample_info.read_length, 100]),\n            library_prep: sample_info.library_prep,\n            sequencing:
        sample_info.sequencing,\n            metrics: sample_info.metrics\n        }\n\n        call
        process_sample {\n            input:\n                sample = processed_sample\n        }\n    }\n}\n\n####
        TASK DEFINITIONS\n\ntask process_sample {\n    input {\n        SampleInfo
        sample\n    }\n\n    command <<<\n        echo \"Processing ~{sample.name}
        (~{sample.type})\"\n        echo \"Read Length: ~{sample.read_length}\"\n        echo
        \"Sequencing Platform: ~{sample.sequencing.platform}\"\n        echo \"Flowcell
        ID: ~{select_first([sample.sequencing.flowcell_id, ''N/A''])}\"\n        echo
        \"Lane Number: ~{select_first([sample.sequencing.lane_number, -1])}\"\n        echo
        \"Quality Score: ~{sample.metrics.quality_score}\"\n        echo \"GC Content:
        ~{select_first([sample.metrics.gc_content, 0])}\"\n        echo \"Duplicate
        Rate: ~{select_first([sample.metrics.duplicate_rate, 0])}%\"\n        echo
        \"Library Prep: ~{select_first([sample.library_prep, ''Standard''])}\"\n    >>>\n\n    output
        {\n        String message = read_string(stdout())\n    }\n\n    runtime {\n        docker:
        \"ubuntu:noble-20241118.1\"\n    }\n}\n","root":"","options":"{\n  \"read_from_cache\":
        false,\n  \"workflow_failure_mode\": \"ContinueWhilePossible\",\n  \"write_to_cache\":
        false\n}","inputs":"{\"struct_example.sample_information\":[{\"metrics\":{\"duplicate_rate\":2,\"gc_content\":45.2,\"quality_score\":95.5},\"name\":\"sample1\",\"sequencing\":{\"flowcell_id\":\"H5K5YDSXX\",\"lane_number\":1,\"platform\":\"NovaSeq\"}},{\"library_prep\":\"PCR-free\",\"metrics\":{\"quality_score\":92.3},\"name\":\"sample2\",\"read_length\":150,\"sequencing\":{\"platform\":\"NovaSeq\"},\"type\":\"tumor\"}]}","workflowUrl":"","labels":"{}"},"calls":{},"outputs":{},"status":"Submitted","id":"ab3854e7-b5ea-4f32-96c4-9620ae921759","inputs":{},"labels":{"cromwell-workflow-id":"cromwell-ab3854e7-b5ea-4f32-96c4-9620ae921759"},"submission":"2025-04-17T16:45:29.490Z"}'
    headers:
      Connection:
      - keep-alive
      Content-Type:
      - application/json
      Date:
      - Thu, 17 Apr 2025 16:46:25 GMT
      Server:
      - nginx/1.25.3
      Transfer-Encoding:
      - chunked
      content-length:
      - '3166'
    status:
      code: 200
      message: OK
- request:
    body: ''
    headers:
      accept:
      - '*/*'
      accept-encoding:
      - gzip, deflate
      connection:
      - keep-alive
      host:
      - gizmok120.fhcrc.org:36633
      user-agent:
      - python-httpx/0.28.1
    method: GET
    uri: https://gizmok120.fhcrc.org:36633/api/workflows/v1/ab3854e7-b5ea-4f32-96c4-9620ae921759/metadata?expandSubWorkflows=false&excludeKey=calls
  response:
    body:
      string: '{"submittedFiles":{"workflow":"version 1.0\n\n## This workflow demonstrates
        advanced struct features in WDL including:\n## 1. Optional fields\n## 2. Nested
        structs\n## 3. Default values (handled in the workflow)\n\n#### STRUCT DEFINITIONS\n\n#
        Nested struct for sequencing metadata\nstruct SequencingInfo {\n    String
        platform\n    String? flowcell_id\n    Int? lane_number\n}\n\n# Nested struct
        for quality metrics\nstruct QualityMetrics {\n    Float quality_score\n    Float?
        gc_content\n    Int? duplicate_rate\n}\n\n# Main struct with nested structures
        and optional fields\nstruct SampleInfo {\n    String name\n    String? type\n    Int?
        read_length\n    String? library_prep\n    SequencingInfo sequencing\n    QualityMetrics
        metrics\n}\n\n#### WORKFLOW DEFINITION\n\nworkflow struct_example {\n    input
        {\n        Array[SampleInfo] sample_information\n    }\n\n    scatter (sample_info
        in sample_information) {\n        SampleInfo processed_sample = object {\n            name:
        sample_info.name,\n            type: select_first([sample_info.type, \"normal\"]),\n            read_length:
        select_first([sample_info.read_length, 100]),\n            library_prep: sample_info.library_prep,\n            sequencing:
        sample_info.sequencing,\n            metrics: sample_info.metrics\n        }\n\n        call
        process_sample {\n            input:\n                sample = processed_sample\n        }\n    }\n}\n\n####
        TASK DEFINITIONS\n\ntask process_sample {\n    input {\n        SampleInfo
        sample\n    }\n\n    command <<<\n        echo \"Processing ~{sample.name}
        (~{sample.type})\"\n        echo \"Read Length: ~{sample.read_length}\"\n        echo
        \"Sequencing Platform: ~{sample.sequencing.platform}\"\n        echo \"Flowcell
        ID: ~{select_first([sample.sequencing.flowcell_id, ''N/A''])}\"\n        echo
        \"Lane Number: ~{select_first([sample.sequencing.lane_number, -1])}\"\n        echo
        \"Quality Score: ~{sample.metrics.quality_score}\"\n        echo \"GC Content:
        ~{select_first([sample.metrics.gc_content, 0])}\"\n        echo \"Duplicate
        Rate: ~{select_first([sample.metrics.duplicate_rate, 0])}%\"\n        echo
        \"Library Prep: ~{select_first([sample.library_prep, ''Standard''])}\"\n    >>>\n\n    output
        {\n        String message = read_string(stdout())\n    }\n\n    runtime {\n        docker:
        \"ubuntu:noble-20241118.1\"\n    }\n}\n","root":"","options":"{\n  \"read_from_cache\":
        false,\n  \"workflow_failure_mode\": \"ContinueWhilePossible\",\n  \"write_to_cache\":
        false\n}","inputs":"{\"struct_example.sample_information\":[{\"metrics\":{\"duplicate_rate\":2,\"gc_content\":45.2,\"quality_score\":95.5},\"name\":\"sample1\",\"sequencing\":{\"flowcell_id\":\"H5K5YDSXX\",\"lane_number\":1,\"platform\":\"NovaSeq\"}},{\"library_prep\":\"PCR-free\",\"metrics\":{\"quality_score\":92.3},\"name\":\"sample2\",\"read_length\":150,\"sequencing\":{\"platform\":\"NovaSeq\"},\"type\":\"tumor\"}]}","workflowUrl":"","labels":"{}"},"calls":{},"outputs":{},"status":"Submitted","id":"ab3854e7-b5ea-4f32-96c4-9620ae921759","inputs":{},"labels":{"cromwell-workflow-id":"cromwell-ab3854e7-b5ea-4f32-96c4-9620ae921759"},"submission":"2025-04-17T16:45:29.490Z"}'
    headers:
      Connection:
      - keep-alive
      Content-Type:
      - application/json
      Date:
      - Thu, 17 Apr 2025 16:46:30 GMT
      Server:
      - nginx/1.25.3
      Transfer-Encoding:
      - chunked
      content-length:
      - '3166'
    status:
      code: 200
      message: OK
- request:
    body: ''
    headers:
      accept:
      - '*/*'
      accept-encoding:
      - gzip, deflate
      connection:
      - keep-alive
      host:
      - gizmok120.fhcrc.org:36633
      user-agent:
      - python-httpx/0.28.1
    method: GET
    uri: https://gizmok120.fhcrc.org:36633/api/workflows/v1/ab3854e7-b5ea-4f32-96c4-9620ae921759/metadata?expandSubWorkflows=false&excludeKey=calls
  response:
    body:
      string: '{"submittedFiles":{"workflow":"version 1.0\n\n## This workflow demonstrates
        advanced struct features in WDL including:\n## 1. Optional fields\n## 2. Nested
        structs\n## 3. Default values (handled in the workflow)\n\n#### STRUCT DEFINITIONS\n\n#
        Nested struct for sequencing metadata\nstruct SequencingInfo {\n    String
        platform\n    String? flowcell_id\n    Int? lane_number\n}\n\n# Nested struct
        for quality metrics\nstruct QualityMetrics {\n    Float quality_score\n    Float?
        gc_content\n    Int? duplicate_rate\n}\n\n# Main struct with nested structures
        and optional fields\nstruct SampleInfo {\n    String name\n    String? type\n    Int?
        read_length\n    String? library_prep\n    SequencingInfo sequencing\n    QualityMetrics
        metrics\n}\n\n#### WORKFLOW DEFINITION\n\nworkflow struct_example {\n    input
        {\n        Array[SampleInfo] sample_information\n    }\n\n    scatter (sample_info
        in sample_information) {\n        SampleInfo processed_sample = object {\n            name:
        sample_info.name,\n            type: select_first([sample_info.type, \"normal\"]),\n            read_length:
        select_first([sample_info.read_length, 100]),\n            library_prep: sample_info.library_prep,\n            sequencing:
        sample_info.sequencing,\n            metrics: sample_info.metrics\n        }\n\n        call
        process_sample {\n            input:\n                sample = processed_sample\n        }\n    }\n}\n\n####
        TASK DEFINITIONS\n\ntask process_sample {\n    input {\n        SampleInfo
        sample\n    }\n\n    command <<<\n        echo \"Processing ~{sample.name}
        (~{sample.type})\"\n        echo \"Read Length: ~{sample.read_length}\"\n        echo
        \"Sequencing Platform: ~{sample.sequencing.platform}\"\n        echo \"Flowcell
        ID: ~{select_first([sample.sequencing.flowcell_id, ''N/A''])}\"\n        echo
        \"Lane Number: ~{select_first([sample.sequencing.lane_number, -1])}\"\n        echo
        \"Quality Score: ~{sample.metrics.quality_score}\"\n        echo \"GC Content:
        ~{select_first([sample.metrics.gc_content, 0])}\"\n        echo \"Duplicate
        Rate: ~{select_first([sample.metrics.duplicate_rate, 0])}%\"\n        echo
        \"Library Prep: ~{select_first([sample.library_prep, ''Standard''])}\"\n    >>>\n\n    output
        {\n        String message = read_string(stdout())\n    }\n\n    runtime {\n        docker:
        \"ubuntu:noble-20241118.1\"\n    }\n}\n","root":"","options":"{\n  \"read_from_cache\":
        false,\n  \"workflow_failure_mode\": \"ContinueWhilePossible\",\n  \"write_to_cache\":
        false\n}","inputs":"{\"struct_example.sample_information\":[{\"metrics\":{\"duplicate_rate\":2,\"gc_content\":45.2,\"quality_score\":95.5},\"name\":\"sample1\",\"sequencing\":{\"flowcell_id\":\"H5K5YDSXX\",\"lane_number\":1,\"platform\":\"NovaSeq\"}},{\"library_prep\":\"PCR-free\",\"metrics\":{\"quality_score\":92.3},\"name\":\"sample2\",\"read_length\":150,\"sequencing\":{\"platform\":\"NovaSeq\"},\"type\":\"tumor\"}]}","workflowUrl":"","labels":"{}"},"calls":{},"outputs":{},"status":"Submitted","id":"ab3854e7-b5ea-4f32-96c4-9620ae921759","inputs":{},"labels":{"cromwell-workflow-id":"cromwell-ab3854e7-b5ea-4f32-96c4-9620ae921759"},"submission":"2025-04-17T16:45:29.490Z"}'
    headers:
      Connection:
      - keep-alive
      Content-Type:
      - application/json
      Date:
      - Thu, 17 Apr 2025 16:46:35 GMT
      Server:
      - nginx/1.25.3
      Transfer-Encoding:
      - chunked
      content-length:
      - '3166'
    status:
      code: 200
      message: OK
- request:
    body: ''
    headers:
      accept:
      - '*/*'
      accept-encoding:
      - gzip, deflate
      connection:
      - keep-alive
      host:
      - gizmok120.fhcrc.org:36633
      user-agent:
      - python-httpx/0.28.1
    method: GET
    uri: https://gizmok120.fhcrc.org:36633/api/workflows/v1/ab3854e7-b5ea-4f32-96c4-9620ae921759/metadata?expandSubWorkflows=false&excludeKey=calls
  response:
    body:
      string: '{"submittedFiles":{"workflow":"version 1.0\n\n## This workflow demonstrates
        advanced struct features in WDL including:\n## 1. Optional fields\n## 2. Nested
        structs\n## 3. Default values (handled in the workflow)\n\n#### STRUCT DEFINITIONS\n\n#
        Nested struct for sequencing metadata\nstruct SequencingInfo {\n    String
        platform\n    String? flowcell_id\n    Int? lane_number\n}\n\n# Nested struct
        for quality metrics\nstruct QualityMetrics {\n    Float quality_score\n    Float?
        gc_content\n    Int? duplicate_rate\n}\n\n# Main struct with nested structures
        and optional fields\nstruct SampleInfo {\n    String name\n    String? type\n    Int?
        read_length\n    String? library_prep\n    SequencingInfo sequencing\n    QualityMetrics
        metrics\n}\n\n#### WORKFLOW DEFINITION\n\nworkflow struct_example {\n    input
        {\n        Array[SampleInfo] sample_information\n    }\n\n    scatter (sample_info
        in sample_information) {\n        SampleInfo processed_sample = object {\n            name:
        sample_info.name,\n            type: select_first([sample_info.type, \"normal\"]),\n            read_length:
        select_first([sample_info.read_length, 100]),\n            library_prep: sample_info.library_prep,\n            sequencing:
        sample_info.sequencing,\n            metrics: sample_info.metrics\n        }\n\n        call
        process_sample {\n            input:\n                sample = processed_sample\n        }\n    }\n}\n\n####
        TASK DEFINITIONS\n\ntask process_sample {\n    input {\n        SampleInfo
        sample\n    }\n\n    command <<<\n        echo \"Processing ~{sample.name}
        (~{sample.type})\"\n        echo \"Read Length: ~{sample.read_length}\"\n        echo
        \"Sequencing Platform: ~{sample.sequencing.platform}\"\n        echo \"Flowcell
        ID: ~{select_first([sample.sequencing.flowcell_id, ''N/A''])}\"\n        echo
        \"Lane Number: ~{select_first([sample.sequencing.lane_number, -1])}\"\n        echo
        \"Quality Score: ~{sample.metrics.quality_score}\"\n        echo \"GC Content:
        ~{select_first([sample.metrics.gc_content, 0])}\"\n        echo \"Duplicate
        Rate: ~{select_first([sample.metrics.duplicate_rate, 0])}%\"\n        echo
        \"Library Prep: ~{select_first([sample.library_prep, ''Standard''])}\"\n    >>>\n\n    output
        {\n        String message = read_string(stdout())\n    }\n\n    runtime {\n        docker:
        \"ubuntu:noble-20241118.1\"\n    }\n}\n","root":"","options":"{\n  \"read_from_cache\":
        false,\n  \"workflow_failure_mode\": \"ContinueWhilePossible\",\n  \"write_to_cache\":
        false\n}","inputs":"{\"struct_example.sample_information\":[{\"metrics\":{\"duplicate_rate\":2,\"gc_content\":45.2,\"quality_score\":95.5},\"name\":\"sample1\",\"sequencing\":{\"flowcell_id\":\"H5K5YDSXX\",\"lane_number\":1,\"platform\":\"NovaSeq\"}},{\"library_prep\":\"PCR-free\",\"metrics\":{\"quality_score\":92.3},\"name\":\"sample2\",\"read_length\":150,\"sequencing\":{\"platform\":\"NovaSeq\"},\"type\":\"tumor\"}]}","workflowUrl":"","labels":"{}"},"calls":{},"outputs":{},"status":"Submitted","id":"ab3854e7-b5ea-4f32-96c4-9620ae921759","inputs":{},"labels":{"cromwell-workflow-id":"cromwell-ab3854e7-b5ea-4f32-96c4-9620ae921759"},"submission":"2025-04-17T16:45:29.490Z"}'
    headers:
      Connection:
      - keep-alive
      Content-Type:
      - application/json
      Date:
      - Thu, 17 Apr 2025 16:46:40 GMT
      Server:
      - nginx/1.25.3
      Transfer-Encoding:
      - chunked
      content-length:
      - '3166'
    status:
      code: 200
      message: OK
- request:
    body: ''
    headers:
      accept:
      - '*/*'
      accept-encoding:
      - gzip, deflate
      connection:
      - keep-alive
      host:
      - gizmok120.fhcrc.org:36633
      user-agent:
      - python-httpx/0.28.1
    method: GET
    uri: https://gizmok120.fhcrc.org:36633/api/workflows/v1/ab3854e7-b5ea-4f32-96c4-9620ae921759/metadata?expandSubWorkflows=false&excludeKey=calls
  response:
    body:
      string: '{"submittedFiles":{"workflow":"version 1.0\n\n## This workflow demonstrates
        advanced struct features in WDL including:\n## 1. Optional fields\n## 2. Nested
        structs\n## 3. Default values (handled in the workflow)\n\n#### STRUCT DEFINITIONS\n\n#
        Nested struct for sequencing metadata\nstruct SequencingInfo {\n    String
        platform\n    String? flowcell_id\n    Int? lane_number\n}\n\n# Nested struct
        for quality metrics\nstruct QualityMetrics {\n    Float quality_score\n    Float?
        gc_content\n    Int? duplicate_rate\n}\n\n# Main struct with nested structures
        and optional fields\nstruct SampleInfo {\n    String name\n    String? type\n    Int?
        read_length\n    String? library_prep\n    SequencingInfo sequencing\n    QualityMetrics
        metrics\n}\n\n#### WORKFLOW DEFINITION\n\nworkflow struct_example {\n    input
        {\n        Array[SampleInfo] sample_information\n    }\n\n    scatter (sample_info
        in sample_information) {\n        SampleInfo processed_sample = object {\n            name:
        sample_info.name,\n            type: select_first([sample_info.type, \"normal\"]),\n            read_length:
        select_first([sample_info.read_length, 100]),\n            library_prep: sample_info.library_prep,\n            sequencing:
        sample_info.sequencing,\n            metrics: sample_info.metrics\n        }\n\n        call
        process_sample {\n            input:\n                sample = processed_sample\n        }\n    }\n}\n\n####
        TASK DEFINITIONS\n\ntask process_sample {\n    input {\n        SampleInfo
        sample\n    }\n\n    command <<<\n        echo \"Processing ~{sample.name}
        (~{sample.type})\"\n        echo \"Read Length: ~{sample.read_length}\"\n        echo
        \"Sequencing Platform: ~{sample.sequencing.platform}\"\n        echo \"Flowcell
        ID: ~{select_first([sample.sequencing.flowcell_id, ''N/A''])}\"\n        echo
        \"Lane Number: ~{select_first([sample.sequencing.lane_number, -1])}\"\n        echo
        \"Quality Score: ~{sample.metrics.quality_score}\"\n        echo \"GC Content:
        ~{select_first([sample.metrics.gc_content, 0])}\"\n        echo \"Duplicate
        Rate: ~{select_first([sample.metrics.duplicate_rate, 0])}%\"\n        echo
        \"Library Prep: ~{select_first([sample.library_prep, ''Standard''])}\"\n    >>>\n\n    output
        {\n        String message = read_string(stdout())\n    }\n\n    runtime {\n        docker:
        \"ubuntu:noble-20241118.1\"\n    }\n}\n","root":"","options":"{\n  \"read_from_cache\":
        false,\n  \"workflow_failure_mode\": \"ContinueWhilePossible\",\n  \"write_to_cache\":
        false\n}","inputs":"{\"struct_example.sample_information\":[{\"metrics\":{\"duplicate_rate\":2,\"gc_content\":45.2,\"quality_score\":95.5},\"name\":\"sample1\",\"sequencing\":{\"flowcell_id\":\"H5K5YDSXX\",\"lane_number\":1,\"platform\":\"NovaSeq\"}},{\"library_prep\":\"PCR-free\",\"metrics\":{\"quality_score\":92.3},\"name\":\"sample2\",\"read_length\":150,\"sequencing\":{\"platform\":\"NovaSeq\"},\"type\":\"tumor\"}]}","workflowUrl":"","labels":"{}"},"calls":{},"outputs":{},"status":"Submitted","id":"ab3854e7-b5ea-4f32-96c4-9620ae921759","inputs":{},"labels":{"cromwell-workflow-id":"cromwell-ab3854e7-b5ea-4f32-96c4-9620ae921759"},"submission":"2025-04-17T16:45:29.490Z"}'
    headers:
      Connection:
      - keep-alive
      Content-Type:
      - application/json
      Date:
      - Thu, 17 Apr 2025 16:46:45 GMT
      Server:
      - nginx/1.25.3
      Transfer-Encoding:
      - chunked
      content-length:
      - '3166'
    status:
      code: 200
      message: OK
- request:
    body: ''
    headers:
      accept:
      - '*/*'
      accept-encoding:
      - gzip, deflate
      connection:
      - keep-alive
      host:
      - gizmok120.fhcrc.org:36633
      user-agent:
      - python-httpx/0.28.1
    method: GET
    uri: https://gizmok120.fhcrc.org:36633/api/workflows/v1/ab3854e7-b5ea-4f32-96c4-9620ae921759/metadata?expandSubWorkflows=false&excludeKey=calls
  response:
    body:
      string: '{"submittedFiles":{"workflow":"version 1.0\n\n## This workflow demonstrates
        advanced struct features in WDL including:\n## 1. Optional fields\n## 2. Nested
        structs\n## 3. Default values (handled in the workflow)\n\n#### STRUCT DEFINITIONS\n\n#
        Nested struct for sequencing metadata\nstruct SequencingInfo {\n    String
        platform\n    String? flowcell_id\n    Int? lane_number\n}\n\n# Nested struct
        for quality metrics\nstruct QualityMetrics {\n    Float quality_score\n    Float?
        gc_content\n    Int? duplicate_rate\n}\n\n# Main struct with nested structures
        and optional fields\nstruct SampleInfo {\n    String name\n    String? type\n    Int?
        read_length\n    String? library_prep\n    SequencingInfo sequencing\n    QualityMetrics
        metrics\n}\n\n#### WORKFLOW DEFINITION\n\nworkflow struct_example {\n    input
        {\n        Array[SampleInfo] sample_information\n    }\n\n    scatter (sample_info
        in sample_information) {\n        SampleInfo processed_sample = object {\n            name:
        sample_info.name,\n            type: select_first([sample_info.type, \"normal\"]),\n            read_length:
        select_first([sample_info.read_length, 100]),\n            library_prep: sample_info.library_prep,\n            sequencing:
        sample_info.sequencing,\n            metrics: sample_info.metrics\n        }\n\n        call
        process_sample {\n            input:\n                sample = processed_sample\n        }\n    }\n}\n\n####
        TASK DEFINITIONS\n\ntask process_sample {\n    input {\n        SampleInfo
        sample\n    }\n\n    command <<<\n        echo \"Processing ~{sample.name}
        (~{sample.type})\"\n        echo \"Read Length: ~{sample.read_length}\"\n        echo
        \"Sequencing Platform: ~{sample.sequencing.platform}\"\n        echo \"Flowcell
        ID: ~{select_first([sample.sequencing.flowcell_id, ''N/A''])}\"\n        echo
        \"Lane Number: ~{select_first([sample.sequencing.lane_number, -1])}\"\n        echo
        \"Quality Score: ~{sample.metrics.quality_score}\"\n        echo \"GC Content:
        ~{select_first([sample.metrics.gc_content, 0])}\"\n        echo \"Duplicate
        Rate: ~{select_first([sample.metrics.duplicate_rate, 0])}%\"\n        echo
        \"Library Prep: ~{select_first([sample.library_prep, ''Standard''])}\"\n    >>>\n\n    output
        {\n        String message = read_string(stdout())\n    }\n\n    runtime {\n        docker:
        \"ubuntu:noble-20241118.1\"\n    }\n}\n","root":"","options":"{\n  \"read_from_cache\":
        false,\n  \"workflow_failure_mode\": \"ContinueWhilePossible\",\n  \"write_to_cache\":
        false\n}","inputs":"{\"struct_example.sample_information\":[{\"metrics\":{\"duplicate_rate\":2,\"gc_content\":45.2,\"quality_score\":95.5},\"name\":\"sample1\",\"sequencing\":{\"flowcell_id\":\"H5K5YDSXX\",\"lane_number\":1,\"platform\":\"NovaSeq\"}},{\"library_prep\":\"PCR-free\",\"metrics\":{\"quality_score\":92.3},\"name\":\"sample2\",\"read_length\":150,\"sequencing\":{\"platform\":\"NovaSeq\"},\"type\":\"tumor\"}]}","workflowUrl":"","labels":"{}"},"calls":{},"outputs":{},"status":"Submitted","id":"ab3854e7-b5ea-4f32-96c4-9620ae921759","inputs":{},"labels":{"cromwell-workflow-id":"cromwell-ab3854e7-b5ea-4f32-96c4-9620ae921759"},"submission":"2025-04-17T16:45:29.490Z"}'
    headers:
      Connection:
      - keep-alive
      Content-Type:
      - application/json
      Date:
      - Thu, 17 Apr 2025 16:46:50 GMT
      Server:
      - nginx/1.25.3
      Transfer-Encoding:
      - chunked
      content-length:
      - '3166'
    status:
      code: 200
      message: OK
- request:
    body: ''
    headers:
      accept:
      - '*/*'
      accept-encoding:
      - gzip, deflate
      connection:
      - keep-alive
      host:
      - gizmok120.fhcrc.org:36633
      user-agent:
      - python-httpx/0.28.1
    method: GET
    uri: https://gizmok120.fhcrc.org:36633/api/workflows/v1/ab3854e7-b5ea-4f32-96c4-9620ae921759/metadata?expandSubWorkflows=false&excludeKey=calls
  response:
    body:
      string: '{"submittedFiles":{"workflow":"version 1.0\n\n## This workflow demonstrates
        advanced struct features in WDL including:\n## 1. Optional fields\n## 2. Nested
        structs\n## 3. Default values (handled in the workflow)\n\n#### STRUCT DEFINITIONS\n\n#
        Nested struct for sequencing metadata\nstruct SequencingInfo {\n    String
        platform\n    String? flowcell_id\n    Int? lane_number\n}\n\n# Nested struct
        for quality metrics\nstruct QualityMetrics {\n    Float quality_score\n    Float?
        gc_content\n    Int? duplicate_rate\n}\n\n# Main struct with nested structures
        and optional fields\nstruct SampleInfo {\n    String name\n    String? type\n    Int?
        read_length\n    String? library_prep\n    SequencingInfo sequencing\n    QualityMetrics
        metrics\n}\n\n#### WORKFLOW DEFINITION\n\nworkflow struct_example {\n    input
        {\n        Array[SampleInfo] sample_information\n    }\n\n    scatter (sample_info
        in sample_information) {\n        SampleInfo processed_sample = object {\n            name:
        sample_info.name,\n            type: select_first([sample_info.type, \"normal\"]),\n            read_length:
        select_first([sample_info.read_length, 100]),\n            library_prep: sample_info.library_prep,\n            sequencing:
        sample_info.sequencing,\n            metrics: sample_info.metrics\n        }\n\n        call
        process_sample {\n            input:\n                sample = processed_sample\n        }\n    }\n}\n\n####
        TASK DEFINITIONS\n\ntask process_sample {\n    input {\n        SampleInfo
        sample\n    }\n\n    command <<<\n        echo \"Processing ~{sample.name}
        (~{sample.type})\"\n        echo \"Read Length: ~{sample.read_length}\"\n        echo
        \"Sequencing Platform: ~{sample.sequencing.platform}\"\n        echo \"Flowcell
        ID: ~{select_first([sample.sequencing.flowcell_id, ''N/A''])}\"\n        echo
        \"Lane Number: ~{select_first([sample.sequencing.lane_number, -1])}\"\n        echo
        \"Quality Score: ~{sample.metrics.quality_score}\"\n        echo \"GC Content:
        ~{select_first([sample.metrics.gc_content, 0])}\"\n        echo \"Duplicate
        Rate: ~{select_first([sample.metrics.duplicate_rate, 0])}%\"\n        echo
        \"Library Prep: ~{select_first([sample.library_prep, ''Standard''])}\"\n    >>>\n\n    output
        {\n        String message = read_string(stdout())\n    }\n\n    runtime {\n        docker:
        \"ubuntu:noble-20241118.1\"\n    }\n}\n","root":"","options":"{\n  \"read_from_cache\":
        false,\n  \"workflow_failure_mode\": \"ContinueWhilePossible\",\n  \"write_to_cache\":
        false\n}","inputs":"{\"struct_example.sample_information\":[{\"metrics\":{\"duplicate_rate\":2,\"gc_content\":45.2,\"quality_score\":95.5},\"name\":\"sample1\",\"sequencing\":{\"flowcell_id\":\"H5K5YDSXX\",\"lane_number\":1,\"platform\":\"NovaSeq\"}},{\"library_prep\":\"PCR-free\",\"metrics\":{\"quality_score\":92.3},\"name\":\"sample2\",\"read_length\":150,\"sequencing\":{\"platform\":\"NovaSeq\"},\"type\":\"tumor\"}]}","workflowUrl":"","labels":"{}"},"calls":{},"outputs":{},"status":"Submitted","id":"ab3854e7-b5ea-4f32-96c4-9620ae921759","inputs":{},"labels":{"cromwell-workflow-id":"cromwell-ab3854e7-b5ea-4f32-96c4-9620ae921759"},"submission":"2025-04-17T16:45:29.490Z"}'
    headers:
      Connection:
      - keep-alive
      Content-Type:
      - application/json
      Date:
      - Thu, 17 Apr 2025 16:46:55 GMT
      Server:
      - nginx/1.25.3
      Transfer-Encoding:
      - chunked
      content-length:
      - '3166'
    status:
      code: 200
      message: OK
- request:
    body: ''
    headers:
      accept:
      - '*/*'
      accept-encoding:
      - gzip, deflate
      connection:
      - keep-alive
      host:
      - gizmok120.fhcrc.org:36633
      user-agent:
      - python-httpx/0.28.1
    method: GET
    uri: https://gizmok120.fhcrc.org:36633/api/workflows/v1/ab3854e7-b5ea-4f32-96c4-9620ae921759/metadata?expandSubWorkflows=false&excludeKey=calls
  response:
    body:
      string: '{"submittedFiles":{"workflow":"version 1.0\n\n## This workflow demonstrates
        advanced struct features in WDL including:\n## 1. Optional fields\n## 2. Nested
        structs\n## 3. Default values (handled in the workflow)\n\n#### STRUCT DEFINITIONS\n\n#
        Nested struct for sequencing metadata\nstruct SequencingInfo {\n    String
        platform\n    String? flowcell_id\n    Int? lane_number\n}\n\n# Nested struct
        for quality metrics\nstruct QualityMetrics {\n    Float quality_score\n    Float?
        gc_content\n    Int? duplicate_rate\n}\n\n# Main struct with nested structures
        and optional fields\nstruct SampleInfo {\n    String name\n    String? type\n    Int?
        read_length\n    String? library_prep\n    SequencingInfo sequencing\n    QualityMetrics
        metrics\n}\n\n#### WORKFLOW DEFINITION\n\nworkflow struct_example {\n    input
        {\n        Array[SampleInfo] sample_information\n    }\n\n    scatter (sample_info
        in sample_information) {\n        SampleInfo processed_sample = object {\n            name:
        sample_info.name,\n            type: select_first([sample_info.type, \"normal\"]),\n            read_length:
        select_first([sample_info.read_length, 100]),\n            library_prep: sample_info.library_prep,\n            sequencing:
        sample_info.sequencing,\n            metrics: sample_info.metrics\n        }\n\n        call
        process_sample {\n            input:\n                sample = processed_sample\n        }\n    }\n}\n\n####
        TASK DEFINITIONS\n\ntask process_sample {\n    input {\n        SampleInfo
        sample\n    }\n\n    command <<<\n        echo \"Processing ~{sample.name}
        (~{sample.type})\"\n        echo \"Read Length: ~{sample.read_length}\"\n        echo
        \"Sequencing Platform: ~{sample.sequencing.platform}\"\n        echo \"Flowcell
        ID: ~{select_first([sample.sequencing.flowcell_id, ''N/A''])}\"\n        echo
        \"Lane Number: ~{select_first([sample.sequencing.lane_number, -1])}\"\n        echo
        \"Quality Score: ~{sample.metrics.quality_score}\"\n        echo \"GC Content:
        ~{select_first([sample.metrics.gc_content, 0])}\"\n        echo \"Duplicate
        Rate: ~{select_first([sample.metrics.duplicate_rate, 0])}%\"\n        echo
        \"Library Prep: ~{select_first([sample.library_prep, ''Standard''])}\"\n    >>>\n\n    output
        {\n        String message = read_string(stdout())\n    }\n\n    runtime {\n        docker:
        \"ubuntu:noble-20241118.1\"\n    }\n}\n","root":"","options":"{\n  \"read_from_cache\":
        false,\n  \"workflow_failure_mode\": \"ContinueWhilePossible\",\n  \"write_to_cache\":
        false\n}","inputs":"{\"struct_example.sample_information\":[{\"metrics\":{\"duplicate_rate\":2,\"gc_content\":45.2,\"quality_score\":95.5},\"name\":\"sample1\",\"sequencing\":{\"flowcell_id\":\"H5K5YDSXX\",\"lane_number\":1,\"platform\":\"NovaSeq\"}},{\"library_prep\":\"PCR-free\",\"metrics\":{\"quality_score\":92.3},\"name\":\"sample2\",\"read_length\":150,\"sequencing\":{\"platform\":\"NovaSeq\"},\"type\":\"tumor\"}]}","workflowUrl":"","labels":"{}"},"calls":{},"outputs":{},"status":"Submitted","id":"ab3854e7-b5ea-4f32-96c4-9620ae921759","inputs":{},"labels":{"cromwell-workflow-id":"cromwell-ab3854e7-b5ea-4f32-96c4-9620ae921759"},"submission":"2025-04-17T16:45:29.490Z"}'
    headers:
      Connection:
      - keep-alive
      Content-Type:
      - application/json
      Date:
      - Thu, 17 Apr 2025 16:47:00 GMT
      Server:
      - nginx/1.25.3
      Transfer-Encoding:
      - chunked
      content-length:
      - '3166'
    status:
      code: 200
      message: OK
- request:
    body: ''
    headers:
      accept:
      - '*/*'
      accept-encoding:
      - gzip, deflate
      connection:
      - keep-alive
      host:
      - gizmok120.fhcrc.org:36633
      user-agent:
      - python-httpx/0.28.1
    method: GET
    uri: https://gizmok120.fhcrc.org:36633/api/workflows/v1/ab3854e7-b5ea-4f32-96c4-9620ae921759/metadata?expandSubWorkflows=false&excludeKey=calls
  response:
    body:
      string: '{"workflowName":"struct_example","workflowProcessingEvents":[{"cromwellId":"cromid-3c9da38","description":"PickedUp","timestamp":"2025-04-17T16:47:00.636Z","cromwellVersion":"87"}],"actualWorkflowLanguageVersion":"1.0","submittedFiles":{"workflow":"version
        1.0\n\n## This workflow demonstrates advanced struct features in WDL including:\n##
        1. Optional fields\n## 2. Nested structs\n## 3. Default values (handled in
        the workflow)\n\n#### STRUCT DEFINITIONS\n\n# Nested struct for sequencing
        metadata\nstruct SequencingInfo {\n    String platform\n    String? flowcell_id\n    Int?
        lane_number\n}\n\n# Nested struct for quality metrics\nstruct QualityMetrics
        {\n    Float quality_score\n    Float? gc_content\n    Int? duplicate_rate\n}\n\n#
        Main struct with nested structures and optional fields\nstruct SampleInfo
        {\n    String name\n    String? type\n    Int? read_length\n    String? library_prep\n    SequencingInfo
        sequencing\n    QualityMetrics metrics\n}\n\n#### WORKFLOW DEFINITION\n\nworkflow
        struct_example {\n    input {\n        Array[SampleInfo] sample_information\n    }\n\n    scatter
        (sample_info in sample_information) {\n        SampleInfo processed_sample
        = object {\n            name: sample_info.name,\n            type: select_first([sample_info.type,
        \"normal\"]),\n            read_length: select_first([sample_info.read_length,
        100]),\n            library_prep: sample_info.library_prep,\n            sequencing:
        sample_info.sequencing,\n            metrics: sample_info.metrics\n        }\n\n        call
        process_sample {\n            input:\n                sample = processed_sample\n        }\n    }\n}\n\n####
        TASK DEFINITIONS\n\ntask process_sample {\n    input {\n        SampleInfo
        sample\n    }\n\n    command <<<\n        echo \"Processing ~{sample.name}
        (~{sample.type})\"\n        echo \"Read Length: ~{sample.read_length}\"\n        echo
        \"Sequencing Platform: ~{sample.sequencing.platform}\"\n        echo \"Flowcell
        ID: ~{select_first([sample.sequencing.flowcell_id, ''N/A''])}\"\n        echo
        \"Lane Number: ~{select_first([sample.sequencing.lane_number, -1])}\"\n        echo
        \"Quality Score: ~{sample.metrics.quality_score}\"\n        echo \"GC Content:
        ~{select_first([sample.metrics.gc_content, 0])}\"\n        echo \"Duplicate
        Rate: ~{select_first([sample.metrics.duplicate_rate, 0])}%\"\n        echo
        \"Library Prep: ~{select_first([sample.library_prep, ''Standard''])}\"\n    >>>\n\n    output
        {\n        String message = read_string(stdout())\n    }\n\n    runtime {\n        docker:
        \"ubuntu:noble-20241118.1\"\n    }\n}\n","root":"","options":"{\n  \"read_from_cache\":
        false,\n  \"workflow_failure_mode\": \"ContinueWhilePossible\",\n  \"write_to_cache\":
        false\n}","inputs":"{\"struct_example.sample_information\":[{\"metrics\":{\"duplicate_rate\":2,\"gc_content\":45.2,\"quality_score\":95.5},\"name\":\"sample1\",\"sequencing\":{\"flowcell_id\":\"H5K5YDSXX\",\"lane_number\":1,\"platform\":\"NovaSeq\"}},{\"library_prep\":\"PCR-free\",\"metrics\":{\"quality_score\":92.3},\"name\":\"sample2\",\"read_length\":150,\"sequencing\":{\"platform\":\"NovaSeq\"},\"type\":\"tumor\"}]}","workflowUrl":"","labels":"{}"},"calls":{},"outputs":{},"workflowRoot":"/redacted/_DaSL/user/svc_proof_test/cromwell-scratch/struct_example/ab3854e7-b5ea-4f32-96c4-9620ae921759","actualWorkflowLanguage":"WDL","status":"Running","start":"2025-04-17T16:47:00.637Z","id":"ab3854e7-b5ea-4f32-96c4-9620ae921759","inputs":{"sample_information":[{"name":"sample1","sequencing":{"flowcell_id":"H5K5YDSXX","platform":"NovaSeq","lane_number":1},"metrics":{"gc_content":45.2,"quality_score":95.5,"duplicate_rate":2},"type":null,"library_prep":null,"read_length":null},{"name":"sample2","sequencing":{"flowcell_id":null,"platform":"NovaSeq","lane_number":null},"metrics":{"gc_content":null,"quality_score":92.3,"duplicate_rate":null},"type":"tumor","library_prep":"PCR-free","read_length":150}]},"labels":{"cromwell-workflow-id":"cromwell-ab3854e7-b5ea-4f32-96c4-9620ae921759"},"submission":"2025-04-17T16:45:29.490Z"}'
    headers:
      Connection:
      - keep-alive
      Content-Type:
      - application/json
      Date:
      - Thu, 17 Apr 2025 16:47:05 GMT
      Server:
      - nginx/1.25.3
      Transfer-Encoding:
      - chunked
      content-length:
      - '4035'
    status:
      code: 200
      message: OK
- request:
    body: ''
    headers:
      accept:
      - '*/*'
      accept-encoding:
      - gzip, deflate
      connection:
      - keep-alive
      host:
      - gizmok120.fhcrc.org:36633
      user-agent:
      - python-httpx/0.28.1
    method: GET
    uri: https://gizmok120.fhcrc.org:36633/api/workflows/v1/ab3854e7-b5ea-4f32-96c4-9620ae921759/metadata?expandSubWorkflows=false&excludeKey=calls
  response:
    body:
      string: '{"workflowName":"struct_example","workflowProcessingEvents":[{"cromwellId":"cromid-3c9da38","description":"PickedUp","timestamp":"2025-04-17T16:47:00.636Z","cromwellVersion":"87"}],"actualWorkflowLanguageVersion":"1.0","submittedFiles":{"workflow":"version
        1.0\n\n## This workflow demonstrates advanced struct features in WDL including:\n##
        1. Optional fields\n## 2. Nested structs\n## 3. Default values (handled in
        the workflow)\n\n#### STRUCT DEFINITIONS\n\n# Nested struct for sequencing
        metadata\nstruct SequencingInfo {\n    String platform\n    String? flowcell_id\n    Int?
        lane_number\n}\n\n# Nested struct for quality metrics\nstruct QualityMetrics
        {\n    Float quality_score\n    Float? gc_content\n    Int? duplicate_rate\n}\n\n#
        Main struct with nested structures and optional fields\nstruct SampleInfo
        {\n    String name\n    String? type\n    Int? read_length\n    String? library_prep\n    SequencingInfo
        sequencing\n    QualityMetrics metrics\n}\n\n#### WORKFLOW DEFINITION\n\nworkflow
        struct_example {\n    input {\n        Array[SampleInfo] sample_information\n    }\n\n    scatter
        (sample_info in sample_information) {\n        SampleInfo processed_sample
        = object {\n            name: sample_info.name,\n            type: select_first([sample_info.type,
        \"normal\"]),\n            read_length: select_first([sample_info.read_length,
        100]),\n            library_prep: sample_info.library_prep,\n            sequencing:
        sample_info.sequencing,\n            metrics: sample_info.metrics\n        }\n\n        call
        process_sample {\n            input:\n                sample = processed_sample\n        }\n    }\n}\n\n####
        TASK DEFINITIONS\n\ntask process_sample {\n    input {\n        SampleInfo
        sample\n    }\n\n    command <<<\n        echo \"Processing ~{sample.name}
        (~{sample.type})\"\n        echo \"Read Length: ~{sample.read_length}\"\n        echo
        \"Sequencing Platform: ~{sample.sequencing.platform}\"\n        echo \"Flowcell
        ID: ~{select_first([sample.sequencing.flowcell_id, ''N/A''])}\"\n        echo
        \"Lane Number: ~{select_first([sample.sequencing.lane_number, -1])}\"\n        echo
        \"Quality Score: ~{sample.metrics.quality_score}\"\n        echo \"GC Content:
        ~{select_first([sample.metrics.gc_content, 0])}\"\n        echo \"Duplicate
        Rate: ~{select_first([sample.metrics.duplicate_rate, 0])}%\"\n        echo
        \"Library Prep: ~{select_first([sample.library_prep, ''Standard''])}\"\n    >>>\n\n    output
        {\n        String message = read_string(stdout())\n    }\n\n    runtime {\n        docker:
        \"ubuntu:noble-20241118.1\"\n    }\n}\n","root":"","options":"{\n  \"read_from_cache\":
        false,\n  \"workflow_failure_mode\": \"ContinueWhilePossible\",\n  \"write_to_cache\":
        false\n}","inputs":"{\"struct_example.sample_information\":[{\"metrics\":{\"duplicate_rate\":2,\"gc_content\":45.2,\"quality_score\":95.5},\"name\":\"sample1\",\"sequencing\":{\"flowcell_id\":\"H5K5YDSXX\",\"lane_number\":1,\"platform\":\"NovaSeq\"}},{\"library_prep\":\"PCR-free\",\"metrics\":{\"quality_score\":92.3},\"name\":\"sample2\",\"read_length\":150,\"sequencing\":{\"platform\":\"NovaSeq\"},\"type\":\"tumor\"}]}","workflowUrl":"","labels":"{}"},"calls":{},"outputs":{},"workflowRoot":"/redacted/_DaSL/user/svc_proof_test/cromwell-scratch/struct_example/ab3854e7-b5ea-4f32-96c4-9620ae921759","actualWorkflowLanguage":"WDL","status":"Running","start":"2025-04-17T16:47:00.637Z","id":"ab3854e7-b5ea-4f32-96c4-9620ae921759","inputs":{"sample_information":[{"name":"sample1","sequencing":{"flowcell_id":"H5K5YDSXX","platform":"NovaSeq","lane_number":1},"metrics":{"gc_content":45.2,"quality_score":95.5,"duplicate_rate":2},"type":null,"library_prep":null,"read_length":null},{"name":"sample2","sequencing":{"flowcell_id":null,"platform":"NovaSeq","lane_number":null},"metrics":{"gc_content":null,"quality_score":92.3,"duplicate_rate":null},"type":"tumor","library_prep":"PCR-free","read_length":150}]},"labels":{"cromwell-workflow-id":"cromwell-ab3854e7-b5ea-4f32-96c4-9620ae921759"},"submission":"2025-04-17T16:45:29.490Z"}'
    headers:
      Connection:
      - keep-alive
      Content-Type:
      - application/json
      Date:
      - Thu, 17 Apr 2025 16:47:10 GMT
      Server:
      - nginx/1.25.3
      Transfer-Encoding:
      - chunked
      content-length:
      - '4035'
    status:
      code: 200
      message: OK
- request:
    body: ''
    headers:
      accept:
      - '*/*'
      accept-encoding:
      - gzip, deflate
      connection:
      - keep-alive
      host:
      - gizmok120.fhcrc.org:36633
      user-agent:
      - python-httpx/0.28.1
    method: GET
    uri: https://gizmok120.fhcrc.org:36633/api/workflows/v1/ab3854e7-b5ea-4f32-96c4-9620ae921759/metadata?expandSubWorkflows=false&excludeKey=calls
  response:
    body:
      string: '{"workflowName":"struct_example","workflowProcessingEvents":[{"cromwellId":"cromid-3c9da38","description":"PickedUp","timestamp":"2025-04-17T16:47:00.636Z","cromwellVersion":"87"}],"actualWorkflowLanguageVersion":"1.0","submittedFiles":{"workflow":"version
        1.0\n\n## This workflow demonstrates advanced struct features in WDL including:\n##
        1. Optional fields\n## 2. Nested structs\n## 3. Default values (handled in
        the workflow)\n\n#### STRUCT DEFINITIONS\n\n# Nested struct for sequencing
        metadata\nstruct SequencingInfo {\n    String platform\n    String? flowcell_id\n    Int?
        lane_number\n}\n\n# Nested struct for quality metrics\nstruct QualityMetrics
        {\n    Float quality_score\n    Float? gc_content\n    Int? duplicate_rate\n}\n\n#
        Main struct with nested structures and optional fields\nstruct SampleInfo
        {\n    String name\n    String? type\n    Int? read_length\n    String? library_prep\n    SequencingInfo
        sequencing\n    QualityMetrics metrics\n}\n\n#### WORKFLOW DEFINITION\n\nworkflow
        struct_example {\n    input {\n        Array[SampleInfo] sample_information\n    }\n\n    scatter
        (sample_info in sample_information) {\n        SampleInfo processed_sample
        = object {\n            name: sample_info.name,\n            type: select_first([sample_info.type,
        \"normal\"]),\n            read_length: select_first([sample_info.read_length,
        100]),\n            library_prep: sample_info.library_prep,\n            sequencing:
        sample_info.sequencing,\n            metrics: sample_info.metrics\n        }\n\n        call
        process_sample {\n            input:\n                sample = processed_sample\n        }\n    }\n}\n\n####
        TASK DEFINITIONS\n\ntask process_sample {\n    input {\n        SampleInfo
        sample\n    }\n\n    command <<<\n        echo \"Processing ~{sample.name}
        (~{sample.type})\"\n        echo \"Read Length: ~{sample.read_length}\"\n        echo
        \"Sequencing Platform: ~{sample.sequencing.platform}\"\n        echo \"Flowcell
        ID: ~{select_first([sample.sequencing.flowcell_id, ''N/A''])}\"\n        echo
        \"Lane Number: ~{select_first([sample.sequencing.lane_number, -1])}\"\n        echo
        \"Quality Score: ~{sample.metrics.quality_score}\"\n        echo \"GC Content:
        ~{select_first([sample.metrics.gc_content, 0])}\"\n        echo \"Duplicate
        Rate: ~{select_first([sample.metrics.duplicate_rate, 0])}%\"\n        echo
        \"Library Prep: ~{select_first([sample.library_prep, ''Standard''])}\"\n    >>>\n\n    output
        {\n        String message = read_string(stdout())\n    }\n\n    runtime {\n        docker:
        \"ubuntu:noble-20241118.1\"\n    }\n}\n","root":"","options":"{\n  \"read_from_cache\":
        false,\n  \"workflow_failure_mode\": \"ContinueWhilePossible\",\n  \"write_to_cache\":
        false\n}","inputs":"{\"struct_example.sample_information\":[{\"metrics\":{\"duplicate_rate\":2,\"gc_content\":45.2,\"quality_score\":95.5},\"name\":\"sample1\",\"sequencing\":{\"flowcell_id\":\"H5K5YDSXX\",\"lane_number\":1,\"platform\":\"NovaSeq\"}},{\"library_prep\":\"PCR-free\",\"metrics\":{\"quality_score\":92.3},\"name\":\"sample2\",\"read_length\":150,\"sequencing\":{\"platform\":\"NovaSeq\"},\"type\":\"tumor\"}]}","workflowUrl":"","labels":"{}"},"calls":{},"outputs":{},"workflowRoot":"/redacted/_DaSL/user/svc_proof_test/cromwell-scratch/struct_example/ab3854e7-b5ea-4f32-96c4-9620ae921759","actualWorkflowLanguage":"WDL","status":"Running","start":"2025-04-17T16:47:00.637Z","id":"ab3854e7-b5ea-4f32-96c4-9620ae921759","inputs":{"sample_information":[{"name":"sample1","sequencing":{"flowcell_id":"H5K5YDSXX","platform":"NovaSeq","lane_number":1},"metrics":{"gc_content":45.2,"quality_score":95.5,"duplicate_rate":2},"type":null,"library_prep":null,"read_length":null},{"name":"sample2","sequencing":{"flowcell_id":null,"platform":"NovaSeq","lane_number":null},"metrics":{"gc_content":null,"quality_score":92.3,"duplicate_rate":null},"type":"tumor","library_prep":"PCR-free","read_length":150}]},"labels":{"cromwell-workflow-id":"cromwell-ab3854e7-b5ea-4f32-96c4-9620ae921759"},"submission":"2025-04-17T16:45:29.490Z"}'
    headers:
      Connection:
      - keep-alive
      Content-Type:
      - application/json
      Date:
      - Thu, 17 Apr 2025 16:47:16 GMT
      Server:
      - nginx/1.25.3
      Transfer-Encoding:
      - chunked
      content-length:
      - '4035'
    status:
      code: 200
      message: OK
- request:
    body: ''
    headers:
      accept:
      - '*/*'
      accept-encoding:
      - gzip, deflate
      connection:
      - keep-alive
      host:
      - gizmok120.fhcrc.org:36633
      user-agent:
      - python-httpx/0.28.1
    method: GET
    uri: https://gizmok120.fhcrc.org:36633/api/workflows/v1/ab3854e7-b5ea-4f32-96c4-9620ae921759/metadata?expandSubWorkflows=false&excludeKey=calls
  response:
    body:
      string: '{"workflowName":"struct_example","workflowProcessingEvents":[{"cromwellId":"cromid-3c9da38","description":"PickedUp","timestamp":"2025-04-17T16:47:00.636Z","cromwellVersion":"87"}],"actualWorkflowLanguageVersion":"1.0","submittedFiles":{"workflow":"version
        1.0\n\n## This workflow demonstrates advanced struct features in WDL including:\n##
        1. Optional fields\n## 2. Nested structs\n## 3. Default values (handled in
        the workflow)\n\n#### STRUCT DEFINITIONS\n\n# Nested struct for sequencing
        metadata\nstruct SequencingInfo {\n    String platform\n    String? flowcell_id\n    Int?
        lane_number\n}\n\n# Nested struct for quality metrics\nstruct QualityMetrics
        {\n    Float quality_score\n    Float? gc_content\n    Int? duplicate_rate\n}\n\n#
        Main struct with nested structures and optional fields\nstruct SampleInfo
        {\n    String name\n    String? type\n    Int? read_length\n    String? library_prep\n    SequencingInfo
        sequencing\n    QualityMetrics metrics\n}\n\n#### WORKFLOW DEFINITION\n\nworkflow
        struct_example {\n    input {\n        Array[SampleInfo] sample_information\n    }\n\n    scatter
        (sample_info in sample_information) {\n        SampleInfo processed_sample
        = object {\n            name: sample_info.name,\n            type: select_first([sample_info.type,
        \"normal\"]),\n            read_length: select_first([sample_info.read_length,
        100]),\n            library_prep: sample_info.library_prep,\n            sequencing:
        sample_info.sequencing,\n            metrics: sample_info.metrics\n        }\n\n        call
        process_sample {\n            input:\n                sample = processed_sample\n        }\n    }\n}\n\n####
        TASK DEFINITIONS\n\ntask process_sample {\n    input {\n        SampleInfo
        sample\n    }\n\n    command <<<\n        echo \"Processing ~{sample.name}
        (~{sample.type})\"\n        echo \"Read Length: ~{sample.read_length}\"\n        echo
        \"Sequencing Platform: ~{sample.sequencing.platform}\"\n        echo \"Flowcell
        ID: ~{select_first([sample.sequencing.flowcell_id, ''N/A''])}\"\n        echo
        \"Lane Number: ~{select_first([sample.sequencing.lane_number, -1])}\"\n        echo
        \"Quality Score: ~{sample.metrics.quality_score}\"\n        echo \"GC Content:
        ~{select_first([sample.metrics.gc_content, 0])}\"\n        echo \"Duplicate
        Rate: ~{select_first([sample.metrics.duplicate_rate, 0])}%\"\n        echo
        \"Library Prep: ~{select_first([sample.library_prep, ''Standard''])}\"\n    >>>\n\n    output
        {\n        String message = read_string(stdout())\n    }\n\n    runtime {\n        docker:
        \"ubuntu:noble-20241118.1\"\n    }\n}\n","root":"","options":"{\n  \"read_from_cache\":
        false,\n  \"workflow_failure_mode\": \"ContinueWhilePossible\",\n  \"write_to_cache\":
        false\n}","inputs":"{\"struct_example.sample_information\":[{\"metrics\":{\"duplicate_rate\":2,\"gc_content\":45.2,\"quality_score\":95.5},\"name\":\"sample1\",\"sequencing\":{\"flowcell_id\":\"H5K5YDSXX\",\"lane_number\":1,\"platform\":\"NovaSeq\"}},{\"library_prep\":\"PCR-free\",\"metrics\":{\"quality_score\":92.3},\"name\":\"sample2\",\"read_length\":150,\"sequencing\":{\"platform\":\"NovaSeq\"},\"type\":\"tumor\"}]}","workflowUrl":"","labels":"{}"},"calls":{},"outputs":{},"workflowRoot":"/redacted/_DaSL/user/svc_proof_test/cromwell-scratch/struct_example/ab3854e7-b5ea-4f32-96c4-9620ae921759","actualWorkflowLanguage":"WDL","status":"Running","start":"2025-04-17T16:47:00.637Z","id":"ab3854e7-b5ea-4f32-96c4-9620ae921759","inputs":{"sample_information":[{"name":"sample1","sequencing":{"flowcell_id":"H5K5YDSXX","platform":"NovaSeq","lane_number":1},"metrics":{"gc_content":45.2,"quality_score":95.5,"duplicate_rate":2},"type":null,"library_prep":null,"read_length":null},{"name":"sample2","sequencing":{"flowcell_id":null,"platform":"NovaSeq","lane_number":null},"metrics":{"gc_content":null,"quality_score":92.3,"duplicate_rate":null},"type":"tumor","library_prep":"PCR-free","read_length":150}]},"labels":{"cromwell-workflow-id":"cromwell-ab3854e7-b5ea-4f32-96c4-9620ae921759"},"submission":"2025-04-17T16:45:29.490Z"}'
    headers:
      Connection:
      - keep-alive
      Content-Type:
      - application/json
      Date:
      - Thu, 17 Apr 2025 16:47:21 GMT
      Server:
      - nginx/1.25.3
      Transfer-Encoding:
      - chunked
      content-length:
      - '4035'
    status:
      code: 200
      message: OK
- request:
    body: ''
    headers:
      accept:
      - '*/*'
      accept-encoding:
      - gzip, deflate
      connection:
      - keep-alive
      host:
      - gizmok120.fhcrc.org:36633
      user-agent:
      - python-httpx/0.28.1
    method: GET
    uri: https://gizmok120.fhcrc.org:36633/api/workflows/v1/ab3854e7-b5ea-4f32-96c4-9620ae921759/metadata?expandSubWorkflows=false&excludeKey=calls
  response:
    body:
      string: '{"workflowName":"struct_example","workflowProcessingEvents":[{"cromwellId":"cromid-3c9da38","description":"PickedUp","timestamp":"2025-04-17T16:47:00.636Z","cromwellVersion":"87"}],"actualWorkflowLanguageVersion":"1.0","submittedFiles":{"workflow":"version
        1.0\n\n## This workflow demonstrates advanced struct features in WDL including:\n##
        1. Optional fields\n## 2. Nested structs\n## 3. Default values (handled in
        the workflow)\n\n#### STRUCT DEFINITIONS\n\n# Nested struct for sequencing
        metadata\nstruct SequencingInfo {\n    String platform\n    String? flowcell_id\n    Int?
        lane_number\n}\n\n# Nested struct for quality metrics\nstruct QualityMetrics
        {\n    Float quality_score\n    Float? gc_content\n    Int? duplicate_rate\n}\n\n#
        Main struct with nested structures and optional fields\nstruct SampleInfo
        {\n    String name\n    String? type\n    Int? read_length\n    String? library_prep\n    SequencingInfo
        sequencing\n    QualityMetrics metrics\n}\n\n#### WORKFLOW DEFINITION\n\nworkflow
        struct_example {\n    input {\n        Array[SampleInfo] sample_information\n    }\n\n    scatter
        (sample_info in sample_information) {\n        SampleInfo processed_sample
        = object {\n            name: sample_info.name,\n            type: select_first([sample_info.type,
        \"normal\"]),\n            read_length: select_first([sample_info.read_length,
        100]),\n            library_prep: sample_info.library_prep,\n            sequencing:
        sample_info.sequencing,\n            metrics: sample_info.metrics\n        }\n\n        call
        process_sample {\n            input:\n                sample = processed_sample\n        }\n    }\n}\n\n####
        TASK DEFINITIONS\n\ntask process_sample {\n    input {\n        SampleInfo
        sample\n    }\n\n    command <<<\n        echo \"Processing ~{sample.name}
        (~{sample.type})\"\n        echo \"Read Length: ~{sample.read_length}\"\n        echo
        \"Sequencing Platform: ~{sample.sequencing.platform}\"\n        echo \"Flowcell
        ID: ~{select_first([sample.sequencing.flowcell_id, ''N/A''])}\"\n        echo
        \"Lane Number: ~{select_first([sample.sequencing.lane_number, -1])}\"\n        echo
        \"Quality Score: ~{sample.metrics.quality_score}\"\n        echo \"GC Content:
        ~{select_first([sample.metrics.gc_content, 0])}\"\n        echo \"Duplicate
        Rate: ~{select_first([sample.metrics.duplicate_rate, 0])}%\"\n        echo
        \"Library Prep: ~{select_first([sample.library_prep, ''Standard''])}\"\n    >>>\n\n    output
        {\n        String message = read_string(stdout())\n    }\n\n    runtime {\n        docker:
        \"ubuntu:noble-20241118.1\"\n    }\n}\n","root":"","options":"{\n  \"read_from_cache\":
        false,\n  \"workflow_failure_mode\": \"ContinueWhilePossible\",\n  \"write_to_cache\":
        false\n}","inputs":"{\"struct_example.sample_information\":[{\"metrics\":{\"duplicate_rate\":2,\"gc_content\":45.2,\"quality_score\":95.5},\"name\":\"sample1\",\"sequencing\":{\"flowcell_id\":\"H5K5YDSXX\",\"lane_number\":1,\"platform\":\"NovaSeq\"}},{\"library_prep\":\"PCR-free\",\"metrics\":{\"quality_score\":92.3},\"name\":\"sample2\",\"read_length\":150,\"sequencing\":{\"platform\":\"NovaSeq\"},\"type\":\"tumor\"}]}","workflowUrl":"","labels":"{}"},"calls":{},"outputs":{},"workflowRoot":"/redacted/_DaSL/user/svc_proof_test/cromwell-scratch/struct_example/ab3854e7-b5ea-4f32-96c4-9620ae921759","actualWorkflowLanguage":"WDL","status":"Running","start":"2025-04-17T16:47:00.637Z","id":"ab3854e7-b5ea-4f32-96c4-9620ae921759","inputs":{"sample_information":[{"name":"sample1","sequencing":{"flowcell_id":"H5K5YDSXX","platform":"NovaSeq","lane_number":1},"metrics":{"gc_content":45.2,"quality_score":95.5,"duplicate_rate":2},"type":null,"library_prep":null,"read_length":null},{"name":"sample2","sequencing":{"flowcell_id":null,"platform":"NovaSeq","lane_number":null},"metrics":{"gc_content":null,"quality_score":92.3,"duplicate_rate":null},"type":"tumor","library_prep":"PCR-free","read_length":150}]},"labels":{"cromwell-workflow-id":"cromwell-ab3854e7-b5ea-4f32-96c4-9620ae921759"},"submission":"2025-04-17T16:45:29.490Z"}'
    headers:
      Connection:
      - keep-alive
      Content-Type:
      - application/json
      Date:
      - Thu, 17 Apr 2025 16:47:26 GMT
      Server:
      - nginx/1.25.3
      Transfer-Encoding:
      - chunked
      content-length:
      - '4035'
    status:
      code: 200
      message: OK
- request:
    body: ''
    headers:
      accept:
      - '*/*'
      accept-encoding:
      - gzip, deflate
      connection:
      - keep-alive
      host:
      - gizmok120.fhcrc.org:36633
      user-agent:
      - python-httpx/0.28.1
    method: GET
    uri: https://gizmok120.fhcrc.org:36633/api/workflows/v1/ab3854e7-b5ea-4f32-96c4-9620ae921759/metadata?expandSubWorkflows=false&excludeKey=calls
  response:
    body:
      string: '{"workflowName":"struct_example","workflowProcessingEvents":[{"cromwellId":"cromid-3c9da38","description":"PickedUp","timestamp":"2025-04-17T16:47:00.636Z","cromwellVersion":"87"}],"actualWorkflowLanguageVersion":"1.0","submittedFiles":{"workflow":"version
        1.0\n\n## This workflow demonstrates advanced struct features in WDL including:\n##
        1. Optional fields\n## 2. Nested structs\n## 3. Default values (handled in
        the workflow)\n\n#### STRUCT DEFINITIONS\n\n# Nested struct for sequencing
        metadata\nstruct SequencingInfo {\n    String platform\n    String? flowcell_id\n    Int?
        lane_number\n}\n\n# Nested struct for quality metrics\nstruct QualityMetrics
        {\n    Float quality_score\n    Float? gc_content\n    Int? duplicate_rate\n}\n\n#
        Main struct with nested structures and optional fields\nstruct SampleInfo
        {\n    String name\n    String? type\n    Int? read_length\n    String? library_prep\n    SequencingInfo
        sequencing\n    QualityMetrics metrics\n}\n\n#### WORKFLOW DEFINITION\n\nworkflow
        struct_example {\n    input {\n        Array[SampleInfo] sample_information\n    }\n\n    scatter
        (sample_info in sample_information) {\n        SampleInfo processed_sample
        = object {\n            name: sample_info.name,\n            type: select_first([sample_info.type,
        \"normal\"]),\n            read_length: select_first([sample_info.read_length,
        100]),\n            library_prep: sample_info.library_prep,\n            sequencing:
        sample_info.sequencing,\n            metrics: sample_info.metrics\n        }\n\n        call
        process_sample {\n            input:\n                sample = processed_sample\n        }\n    }\n}\n\n####
        TASK DEFINITIONS\n\ntask process_sample {\n    input {\n        SampleInfo
        sample\n    }\n\n    command <<<\n        echo \"Processing ~{sample.name}
        (~{sample.type})\"\n        echo \"Read Length: ~{sample.read_length}\"\n        echo
        \"Sequencing Platform: ~{sample.sequencing.platform}\"\n        echo \"Flowcell
        ID: ~{select_first([sample.sequencing.flowcell_id, ''N/A''])}\"\n        echo
        \"Lane Number: ~{select_first([sample.sequencing.lane_number, -1])}\"\n        echo
        \"Quality Score: ~{sample.metrics.quality_score}\"\n        echo \"GC Content:
        ~{select_first([sample.metrics.gc_content, 0])}\"\n        echo \"Duplicate
        Rate: ~{select_first([sample.metrics.duplicate_rate, 0])}%\"\n        echo
        \"Library Prep: ~{select_first([sample.library_prep, ''Standard''])}\"\n    >>>\n\n    output
        {\n        String message = read_string(stdout())\n    }\n\n    runtime {\n        docker:
        \"ubuntu:noble-20241118.1\"\n    }\n}\n","root":"","options":"{\n  \"read_from_cache\":
        false,\n  \"workflow_failure_mode\": \"ContinueWhilePossible\",\n  \"write_to_cache\":
        false\n}","inputs":"{\"struct_example.sample_information\":[{\"metrics\":{\"duplicate_rate\":2,\"gc_content\":45.2,\"quality_score\":95.5},\"name\":\"sample1\",\"sequencing\":{\"flowcell_id\":\"H5K5YDSXX\",\"lane_number\":1,\"platform\":\"NovaSeq\"}},{\"library_prep\":\"PCR-free\",\"metrics\":{\"quality_score\":92.3},\"name\":\"sample2\",\"read_length\":150,\"sequencing\":{\"platform\":\"NovaSeq\"},\"type\":\"tumor\"}]}","workflowUrl":"","labels":"{}"},"calls":{},"outputs":{},"workflowRoot":"/redacted/_DaSL/user/svc_proof_test/cromwell-scratch/struct_example/ab3854e7-b5ea-4f32-96c4-9620ae921759","actualWorkflowLanguage":"WDL","status":"Running","start":"2025-04-17T16:47:00.637Z","id":"ab3854e7-b5ea-4f32-96c4-9620ae921759","inputs":{"sample_information":[{"name":"sample1","sequencing":{"flowcell_id":"H5K5YDSXX","platform":"NovaSeq","lane_number":1},"metrics":{"gc_content":45.2,"quality_score":95.5,"duplicate_rate":2},"type":null,"library_prep":null,"read_length":null},{"name":"sample2","sequencing":{"flowcell_id":null,"platform":"NovaSeq","lane_number":null},"metrics":{"gc_content":null,"quality_score":92.3,"duplicate_rate":null},"type":"tumor","library_prep":"PCR-free","read_length":150}]},"labels":{"cromwell-workflow-id":"cromwell-ab3854e7-b5ea-4f32-96c4-9620ae921759"},"submission":"2025-04-17T16:45:29.490Z"}'
    headers:
      Connection:
      - keep-alive
      Content-Type:
      - application/json
      Date:
      - Thu, 17 Apr 2025 16:47:31 GMT
      Server:
      - nginx/1.25.3
      Transfer-Encoding:
      - chunked
      content-length:
      - '4035'
    status:
      code: 200
      message: OK
- request:
    body: ''
    headers:
      accept:
      - '*/*'
      accept-encoding:
      - gzip, deflate
      connection:
      - keep-alive
      host:
      - gizmok120.fhcrc.org:36633
      user-agent:
      - python-httpx/0.28.1
    method: GET
    uri: https://gizmok120.fhcrc.org:36633/api/workflows/v1/ab3854e7-b5ea-4f32-96c4-9620ae921759/metadata?expandSubWorkflows=false&excludeKey=calls
  response:
    body:
      string: '{"workflowName":"struct_example","workflowProcessingEvents":[{"cromwellId":"cromid-3c9da38","description":"PickedUp","timestamp":"2025-04-17T16:47:00.636Z","cromwellVersion":"87"}],"actualWorkflowLanguageVersion":"1.0","submittedFiles":{"workflow":"version
        1.0\n\n## This workflow demonstrates advanced struct features in WDL including:\n##
        1. Optional fields\n## 2. Nested structs\n## 3. Default values (handled in
        the workflow)\n\n#### STRUCT DEFINITIONS\n\n# Nested struct for sequencing
        metadata\nstruct SequencingInfo {\n    String platform\n    String? flowcell_id\n    Int?
        lane_number\n}\n\n# Nested struct for quality metrics\nstruct QualityMetrics
        {\n    Float quality_score\n    Float? gc_content\n    Int? duplicate_rate\n}\n\n#
        Main struct with nested structures and optional fields\nstruct SampleInfo
        {\n    String name\n    String? type\n    Int? read_length\n    String? library_prep\n    SequencingInfo
        sequencing\n    QualityMetrics metrics\n}\n\n#### WORKFLOW DEFINITION\n\nworkflow
        struct_example {\n    input {\n        Array[SampleInfo] sample_information\n    }\n\n    scatter
        (sample_info in sample_information) {\n        SampleInfo processed_sample
        = object {\n            name: sample_info.name,\n            type: select_first([sample_info.type,
        \"normal\"]),\n            read_length: select_first([sample_info.read_length,
        100]),\n            library_prep: sample_info.library_prep,\n            sequencing:
        sample_info.sequencing,\n            metrics: sample_info.metrics\n        }\n\n        call
        process_sample {\n            input:\n                sample = processed_sample\n        }\n    }\n}\n\n####
        TASK DEFINITIONS\n\ntask process_sample {\n    input {\n        SampleInfo
        sample\n    }\n\n    command <<<\n        echo \"Processing ~{sample.name}
        (~{sample.type})\"\n        echo \"Read Length: ~{sample.read_length}\"\n        echo
        \"Sequencing Platform: ~{sample.sequencing.platform}\"\n        echo \"Flowcell
        ID: ~{select_first([sample.sequencing.flowcell_id, ''N/A''])}\"\n        echo
        \"Lane Number: ~{select_first([sample.sequencing.lane_number, -1])}\"\n        echo
        \"Quality Score: ~{sample.metrics.quality_score}\"\n        echo \"GC Content:
        ~{select_first([sample.metrics.gc_content, 0])}\"\n        echo \"Duplicate
        Rate: ~{select_first([sample.metrics.duplicate_rate, 0])}%\"\n        echo
        \"Library Prep: ~{select_first([sample.library_prep, ''Standard''])}\"\n    >>>\n\n    output
        {\n        String message = read_string(stdout())\n    }\n\n    runtime {\n        docker:
        \"ubuntu:noble-20241118.1\"\n    }\n}\n","root":"","options":"{\n  \"read_from_cache\":
        false,\n  \"workflow_failure_mode\": \"ContinueWhilePossible\",\n  \"write_to_cache\":
        false\n}","inputs":"{\"struct_example.sample_information\":[{\"metrics\":{\"duplicate_rate\":2,\"gc_content\":45.2,\"quality_score\":95.5},\"name\":\"sample1\",\"sequencing\":{\"flowcell_id\":\"H5K5YDSXX\",\"lane_number\":1,\"platform\":\"NovaSeq\"}},{\"library_prep\":\"PCR-free\",\"metrics\":{\"quality_score\":92.3},\"name\":\"sample2\",\"read_length\":150,\"sequencing\":{\"platform\":\"NovaSeq\"},\"type\":\"tumor\"}]}","workflowUrl":"","labels":"{}"},"calls":{},"outputs":{},"workflowRoot":"/redacted/_DaSL/user/svc_proof_test/cromwell-scratch/struct_example/ab3854e7-b5ea-4f32-96c4-9620ae921759","actualWorkflowLanguage":"WDL","status":"Running","start":"2025-04-17T16:47:00.637Z","id":"ab3854e7-b5ea-4f32-96c4-9620ae921759","inputs":{"sample_information":[{"name":"sample1","sequencing":{"flowcell_id":"H5K5YDSXX","platform":"NovaSeq","lane_number":1},"metrics":{"gc_content":45.2,"quality_score":95.5,"duplicate_rate":2},"type":null,"library_prep":null,"read_length":null},{"name":"sample2","sequencing":{"flowcell_id":null,"platform":"NovaSeq","lane_number":null},"metrics":{"gc_content":null,"quality_score":92.3,"duplicate_rate":null},"type":"tumor","library_prep":"PCR-free","read_length":150}]},"labels":{"cromwell-workflow-id":"cromwell-ab3854e7-b5ea-4f32-96c4-9620ae921759"},"submission":"2025-04-17T16:45:29.490Z"}'
    headers:
      Connection:
      - keep-alive
      Content-Type:
      - application/json
      Date:
      - Thu, 17 Apr 2025 16:47:36 GMT
      Server:
      - nginx/1.25.3
      Transfer-Encoding:
      - chunked
      content-length:
      - '4035'
    status:
      code: 200
      message: OK
- request:
    body: ''
    headers:
      accept:
      - '*/*'
      accept-encoding:
      - gzip, deflate
      connection:
      - keep-alive
      host:
      - gizmok120.fhcrc.org:36633
      user-agent:
      - python-httpx/0.28.1
    method: GET
    uri: https://gizmok120.fhcrc.org:36633/api/workflows/v1/ab3854e7-b5ea-4f32-96c4-9620ae921759/metadata?expandSubWorkflows=false&excludeKey=calls
  response:
    body:
      string: '{"workflowName":"struct_example","workflowProcessingEvents":[{"cromwellId":"cromid-3c9da38","description":"PickedUp","timestamp":"2025-04-17T16:47:00.636Z","cromwellVersion":"87"}],"actualWorkflowLanguageVersion":"1.0","submittedFiles":{"workflow":"version
        1.0\n\n## This workflow demonstrates advanced struct features in WDL including:\n##
        1. Optional fields\n## 2. Nested structs\n## 3. Default values (handled in
        the workflow)\n\n#### STRUCT DEFINITIONS\n\n# Nested struct for sequencing
        metadata\nstruct SequencingInfo {\n    String platform\n    String? flowcell_id\n    Int?
        lane_number\n}\n\n# Nested struct for quality metrics\nstruct QualityMetrics
        {\n    Float quality_score\n    Float? gc_content\n    Int? duplicate_rate\n}\n\n#
        Main struct with nested structures and optional fields\nstruct SampleInfo
        {\n    String name\n    String? type\n    Int? read_length\n    String? library_prep\n    SequencingInfo
        sequencing\n    QualityMetrics metrics\n}\n\n#### WORKFLOW DEFINITION\n\nworkflow
        struct_example {\n    input {\n        Array[SampleInfo] sample_information\n    }\n\n    scatter
        (sample_info in sample_information) {\n        SampleInfo processed_sample
        = object {\n            name: sample_info.name,\n            type: select_first([sample_info.type,
        \"normal\"]),\n            read_length: select_first([sample_info.read_length,
        100]),\n            library_prep: sample_info.library_prep,\n            sequencing:
        sample_info.sequencing,\n            metrics: sample_info.metrics\n        }\n\n        call
        process_sample {\n            input:\n                sample = processed_sample\n        }\n    }\n}\n\n####
        TASK DEFINITIONS\n\ntask process_sample {\n    input {\n        SampleInfo
        sample\n    }\n\n    command <<<\n        echo \"Processing ~{sample.name}
        (~{sample.type})\"\n        echo \"Read Length: ~{sample.read_length}\"\n        echo
        \"Sequencing Platform: ~{sample.sequencing.platform}\"\n        echo \"Flowcell
        ID: ~{select_first([sample.sequencing.flowcell_id, ''N/A''])}\"\n        echo
        \"Lane Number: ~{select_first([sample.sequencing.lane_number, -1])}\"\n        echo
        \"Quality Score: ~{sample.metrics.quality_score}\"\n        echo \"GC Content:
        ~{select_first([sample.metrics.gc_content, 0])}\"\n        echo \"Duplicate
        Rate: ~{select_first([sample.metrics.duplicate_rate, 0])}%\"\n        echo
        \"Library Prep: ~{select_first([sample.library_prep, ''Standard''])}\"\n    >>>\n\n    output
        {\n        String message = read_string(stdout())\n    }\n\n    runtime {\n        docker:
        \"ubuntu:noble-20241118.1\"\n    }\n}\n","root":"","options":"{\n  \"read_from_cache\":
        false,\n  \"workflow_failure_mode\": \"ContinueWhilePossible\",\n  \"write_to_cache\":
        false\n}","inputs":"{\"struct_example.sample_information\":[{\"metrics\":{\"duplicate_rate\":2,\"gc_content\":45.2,\"quality_score\":95.5},\"name\":\"sample1\",\"sequencing\":{\"flowcell_id\":\"H5K5YDSXX\",\"lane_number\":1,\"platform\":\"NovaSeq\"}},{\"library_prep\":\"PCR-free\",\"metrics\":{\"quality_score\":92.3},\"name\":\"sample2\",\"read_length\":150,\"sequencing\":{\"platform\":\"NovaSeq\"},\"type\":\"tumor\"}]}","workflowUrl":"","labels":"{}"},"calls":{},"outputs":{},"workflowRoot":"/redacted/_DaSL/user/svc_proof_test/cromwell-scratch/struct_example/ab3854e7-b5ea-4f32-96c4-9620ae921759","actualWorkflowLanguage":"WDL","status":"Running","start":"2025-04-17T16:47:00.637Z","id":"ab3854e7-b5ea-4f32-96c4-9620ae921759","inputs":{"sample_information":[{"name":"sample1","sequencing":{"flowcell_id":"H5K5YDSXX","platform":"NovaSeq","lane_number":1},"metrics":{"gc_content":45.2,"quality_score":95.5,"duplicate_rate":2},"type":null,"library_prep":null,"read_length":null},{"name":"sample2","sequencing":{"flowcell_id":null,"platform":"NovaSeq","lane_number":null},"metrics":{"gc_content":null,"quality_score":92.3,"duplicate_rate":null},"type":"tumor","library_prep":"PCR-free","read_length":150}]},"labels":{"cromwell-workflow-id":"cromwell-ab3854e7-b5ea-4f32-96c4-9620ae921759"},"submission":"2025-04-17T16:45:29.490Z"}'
    headers:
      Connection:
      - keep-alive
      Content-Type:
      - application/json
      Date:
      - Thu, 17 Apr 2025 16:47:41 GMT
      Server:
      - nginx/1.25.3
      Transfer-Encoding:
      - chunked
      content-length:
      - '4035'
    status:
      code: 200
      message: OK
- request:
    body: ''
    headers:
      accept:
      - '*/*'
      accept-encoding:
      - gzip, deflate
      connection:
      - keep-alive
      host:
      - gizmok120.fhcrc.org:36633
      user-agent:
      - python-httpx/0.28.1
    method: GET
    uri: https://gizmok120.fhcrc.org:36633/api/workflows/v1/ab3854e7-b5ea-4f32-96c4-9620ae921759/metadata?expandSubWorkflows=false&excludeKey=calls
  response:
    body:
      string: '{"workflowName":"struct_example","workflowProcessingEvents":[{"cromwellId":"cromid-3c9da38","description":"PickedUp","timestamp":"2025-04-17T16:47:00.636Z","cromwellVersion":"87"},{"cromwellId":"cromid-3c9da38","description":"Finished","timestamp":"2025-04-17T16:47:42.481Z","cromwellVersion":"87"}],"actualWorkflowLanguageVersion":"1.0","submittedFiles":{"workflow":"version
        1.0\n\n## This workflow demonstrates advanced struct features in WDL including:\n##
        1. Optional fields\n## 2. Nested structs\n## 3. Default values (handled in
        the workflow)\n\n#### STRUCT DEFINITIONS\n\n# Nested struct for sequencing
        metadata\nstruct SequencingInfo {\n    String platform\n    String? flowcell_id\n    Int?
        lane_number\n}\n\n# Nested struct for quality metrics\nstruct QualityMetrics
        {\n    Float quality_score\n    Float? gc_content\n    Int? duplicate_rate\n}\n\n#
        Main struct with nested structures and optional fields\nstruct SampleInfo
        {\n    String name\n    String? type\n    Int? read_length\n    String? library_prep\n    SequencingInfo
        sequencing\n    QualityMetrics metrics\n}\n\n#### WORKFLOW DEFINITION\n\nworkflow
        struct_example {\n    input {\n        Array[SampleInfo] sample_information\n    }\n\n    scatter
        (sample_info in sample_information) {\n        SampleInfo processed_sample
        = object {\n            name: sample_info.name,\n            type: select_first([sample_info.type,
        \"normal\"]),\n            read_length: select_first([sample_info.read_length,
        100]),\n            library_prep: sample_info.library_prep,\n            sequencing:
        sample_info.sequencing,\n            metrics: sample_info.metrics\n        }\n\n        call
        process_sample {\n            input:\n                sample = processed_sample\n        }\n    }\n}\n\n####
        TASK DEFINITIONS\n\ntask process_sample {\n    input {\n        SampleInfo
        sample\n    }\n\n    command <<<\n        echo \"Processing ~{sample.name}
        (~{sample.type})\"\n        echo \"Read Length: ~{sample.read_length}\"\n        echo
        \"Sequencing Platform: ~{sample.sequencing.platform}\"\n        echo \"Flowcell
        ID: ~{select_first([sample.sequencing.flowcell_id, ''N/A''])}\"\n        echo
        \"Lane Number: ~{select_first([sample.sequencing.lane_number, -1])}\"\n        echo
        \"Quality Score: ~{sample.metrics.quality_score}\"\n        echo \"GC Content:
        ~{select_first([sample.metrics.gc_content, 0])}\"\n        echo \"Duplicate
        Rate: ~{select_first([sample.metrics.duplicate_rate, 0])}%\"\n        echo
        \"Library Prep: ~{select_first([sample.library_prep, ''Standard''])}\"\n    >>>\n\n    output
        {\n        String message = read_string(stdout())\n    }\n\n    runtime {\n        docker:
        \"ubuntu:noble-20241118.1\"\n    }\n}\n","root":"","options":"{\n  \"read_from_cache\":
        false,\n  \"workflow_failure_mode\": \"ContinueWhilePossible\",\n  \"write_to_cache\":
        false\n}","inputs":"{\"struct_example.sample_information\":[{\"metrics\":{\"duplicate_rate\":2,\"gc_content\":45.2,\"quality_score\":95.5},\"name\":\"sample1\",\"sequencing\":{\"flowcell_id\":\"H5K5YDSXX\",\"lane_number\":1,\"platform\":\"NovaSeq\"}},{\"library_prep\":\"PCR-free\",\"metrics\":{\"quality_score\":92.3},\"name\":\"sample2\",\"read_length\":150,\"sequencing\":{\"platform\":\"NovaSeq\"},\"type\":\"tumor\"}]}","workflowUrl":"","labels":"{}"},"calls":{},"outputs":{"struct_example.processed_sample":[{"name":"sample1","sequencing":{"flowcell_id":"H5K5YDSXX","platform":"NovaSeq","lane_number":1},"metrics":{"gc_content":45.2,"quality_score":95.5,"duplicate_rate":2},"type":"normal","library_prep":null,"read_length":100},{"name":"sample2","sequencing":{"flowcell_id":null,"platform":"NovaSeq","lane_number":null},"metrics":{"gc_content":null,"quality_score":92.3,"duplicate_rate":null},"type":"tumor","library_prep":"PCR-free","read_length":150}],"struct_example.process_sample.message":["Processing
        sample1 (normal)\nRead Length: 100\nSequencing Platform: NovaSeq\nFlowcell
        ID: H5K5YDSXX\nLane Number: 1\nQuality Score: 95.5\nGC Content: 45.2\nDuplicate
        Rate: 2%\nLibrary Prep: Standard","Processing sample2 (tumor)\nRead Length:
        150\nSequencing Platform: NovaSeq\nFlowcell ID: N/A\nLane Number: -1\nQuality
        Score: 92.3\nGC Content: 0.0\nDuplicate Rate: 0%\nLibrary Prep: PCR-free"]},"workflowRoot":"/redacted/_DaSL/user/svc_proof_test/cromwell-scratch/struct_example/ab3854e7-b5ea-4f32-96c4-9620ae921759","actualWorkflowLanguage":"WDL","status":"Succeeded","end":"2025-04-17T16:47:42.481Z","start":"2025-04-17T16:47:00.637Z","id":"ab3854e7-b5ea-4f32-96c4-9620ae921759","inputs":{"sample_information":[{"name":"sample1","sequencing":{"flowcell_id":"H5K5YDSXX","platform":"NovaSeq","lane_number":1},"metrics":{"gc_content":45.2,"quality_score":95.5,"duplicate_rate":2},"type":null,"library_prep":null,"read_length":null},{"name":"sample2","sequencing":{"flowcell_id":null,"platform":"NovaSeq","lane_number":null},"metrics":{"gc_content":null,"quality_score":92.3,"duplicate_rate":null},"type":"tumor","library_prep":"PCR-free","read_length":150}]},"labels":{"cromwell-workflow-id":"cromwell-ab3854e7-b5ea-4f32-96c4-9620ae921759"},"submission":"2025-04-17T16:45:29.490Z"}'
    headers:
      Connection:
      - keep-alive
      Content-Type:
      - application/json
      Date:
      - Thu, 17 Apr 2025 16:47:46 GMT
      Server:
      - nginx/1.25.3
      Transfer-Encoding:
      - chunked
      content-length:
      - '5107'
    status:
      code: 200
      message: OK
version: 1
