interactions:
- request:
    body: "--701f609ef38a3591db47d8a22c3d689d\r\nContent-Disposition: form-data; name=\"workflowSource\";
      filename=\"globNonmatching.wdl\"\r\nContent-Type: application/octet-stream\r\n\r\nversion
      1.0\n\nworkflow globNonmatching {\n    call create_files\n    output {\n        Array[File]
      unmatched_files = create_files.unmatched_files\n    }\n}\n\ntask create_files
      {\n    command <<<\n        echo \"Test file\" > test.txt\n    >>>\n    output
      {\n        Array[File] unmatched_files = glob(\"*.log\")\n    }\n}\n\r\n--701f609ef38a3591db47d8a22c3d689d\r\nContent-Disposition:
      form-data; name=\"workflowOptions\"; filename=\"options.json\"\r\nContent-Type:
      application/json\r\n\r\n{\n    \"workflow_failure_mode\": \"ContinueWhilePossible\",\n
      \   \"write_to_cache\": false,\n    \"read_from_cache\": false\n}\n\r\n--701f609ef38a3591db47d8a22c3d689d--\r\n"
    headers:
      Accept:
      - '*/*'
      Accept-Encoding:
      - gzip, deflate
      Connection:
      - keep-alive
      Content-Length:
      - '778'
      Content-Type:
      - multipart/form-data; boundary=701f609ef38a3591db47d8a22c3d689d
      Host:
      - gizmok32.fhcrc.org:37589
      User-Agent:
      - python-httpx/0.28.1
    method: POST
    uri: https://gizmok32.fhcrc.org:37589/api/workflows/v1
  response:
    body:
      string: '{"id":"4b18d519-6941-4a58-bbf8-9603f8a40d68","status":"Submitted"}'
    headers:
      Connection:
      - keep-alive
      Content-Length:
      - '66'
      Content-Type:
      - application/json
      Date:
      - Sun, 22 Feb 2026 03:54:26 GMT
      Server:
      - nginx/1.25.3
    status:
      code: 201
      message: Created
- request:
    body: ''
    headers:
      Accept:
      - '*/*'
      Accept-Encoding:
      - gzip, deflate
      Connection:
      - keep-alive
      Host:
      - gizmok32.fhcrc.org:37589
      User-Agent:
      - python-httpx/0.28.1
    method: GET
    uri: https://gizmok32.fhcrc.org:37589/api/workflows/v1/4b18d519-6941-4a58-bbf8-9603f8a40d68/metadata?expandSubWorkflows=false&excludeKey=calls
  response:
    body:
      string: "{\n  \"status\": \"fail\",\n  \"message\": \"Unrecognized workflow
        ID: 4b18d519-6941-4a58-bbf8-9603f8a40d68\"\n}"
    headers:
      Connection:
      - keep-alive
      Content-Type:
      - application/json
      Date:
      - Sun, 22 Feb 2026 03:54:26 GMT
      Server:
      - nginx/1.25.3
      Transfer-Encoding:
      - chunked
      content-length:
      - '101'
    status:
      code: 404
      message: Not Found
- request:
    body: ''
    headers:
      Accept:
      - '*/*'
      Accept-Encoding:
      - gzip, deflate
      Connection:
      - keep-alive
      Host:
      - gizmok32.fhcrc.org:37589
      User-Agent:
      - python-httpx/0.28.1
    method: GET
    uri: https://gizmok32.fhcrc.org:37589/api/workflows/v1/4b18d519-6941-4a58-bbf8-9603f8a40d68/metadata?expandSubWorkflows=false&excludeKey=calls
  response:
    body:
      string: "{\n  \"status\": \"fail\",\n  \"message\": \"Unrecognized workflow
        ID: 4b18d519-6941-4a58-bbf8-9603f8a40d68\"\n}"
    headers:
      Connection:
      - keep-alive
      Content-Type:
      - application/json
      Date:
      - Sun, 22 Feb 2026 03:54:31 GMT
      Server:
      - nginx/1.25.3
      Transfer-Encoding:
      - chunked
      content-length:
      - '101'
    status:
      code: 404
      message: Not Found
- request:
    body: ''
    headers:
      Accept:
      - '*/*'
      Accept-Encoding:
      - gzip, deflate
      Connection:
      - keep-alive
      Host:
      - gizmok32.fhcrc.org:37589
      User-Agent:
      - python-httpx/0.28.1
    method: GET
    uri: https://gizmok32.fhcrc.org:37589/api/workflows/v1/4b18d519-6941-4a58-bbf8-9603f8a40d68/metadata?expandSubWorkflows=false&excludeKey=calls
  response:
    body:
      string: '{"submittedFiles":{"workflow":"version 1.0\n\nworkflow globNonmatching
        {\n    call create_files\n    output {\n        Array[File] unmatched_files
        = create_files.unmatched_files\n    }\n}\n\ntask create_files {\n    command
        <<<\n        echo \"Test file\" > test.txt\n    >>>\n    output {\n        Array[File]
        unmatched_files = glob(\"*.log\")\n    }\n}\n","root":"","options":"{\n  \"read_from_cache\":
        false,\n  \"workflow_failure_mode\": \"ContinueWhilePossible\",\n  \"write_to_cache\":
        false\n}","inputs":"{}","workflowUrl":"","labels":"{}"},"calls":{},"outputs":{},"status":"Submitted","id":"4b18d519-6941-4a58-bbf8-9603f8a40d68","inputs":{},"labels":{"cromwell-workflow-id":"cromwell-4b18d519-6941-4a58-bbf8-9603f8a40d68"},"submission":"2026-02-22T03:54:26.961Z"}'
    headers:
      Connection:
      - keep-alive
      Content-Type:
      - application/json
      Date:
      - Sun, 22 Feb 2026 03:54:35 GMT
      Server:
      - nginx/1.25.3
      Transfer-Encoding:
      - chunked
      content-length:
      - '771'
    status:
      code: 200
      message: OK
version: 1
