interactions:
- request:
    body: "--7ba4657424e630b799727bd6e73cd2b0\r\nContent-Disposition: form-data; name=\"workflowSource\";
      filename=\"globNonmatching.wdl\"\r\nContent-Type: application/octet-stream\r\n\r\nversion
      1.0\n\nworkflow globNonmatching {\n    call create_files\n    output {\n        Array[File]
      unmatched_files = create_files.unmatched_files\n    }\n}\n\ntask create_files
      {\n    command <<<\n        echo \"Test file\" > test.txt\n    >>>\n    output
      {\n        Array[File] unmatched_files = glob(\"*.log\")\n    }\n}\n\r\n--7ba4657424e630b799727bd6e73cd2b0\r\nContent-Disposition:
      form-data; name=\"workflowOptions\"; filename=\"options.json\"\r\nContent-Type:
      application/json\r\n\r\n{\n    \"workflow_failure_mode\": \"ContinueWhilePossible\",\n
      \   \"write_to_cache\": false,\n    \"read_from_cache\": false\n}\n\r\n--7ba4657424e630b799727bd6e73cd2b0--\r\n"
    headers:
      accept:
      - '*/*'
      accept-encoding:
      - gzip, deflate
      connection:
      - keep-alive
      content-length:
      - '778'
      content-type:
      - multipart/form-data; boundary=7ba4657424e630b799727bd6e73cd2b0
      host:
      - gizmok120.fhcrc.org:36633
      user-agent:
      - python-httpx/0.28.1
    method: POST
    uri: https://gizmok120.fhcrc.org:36633/api/workflows/v1
  response:
    body:
      string: '{"id":"0cc0ad52-bbe5-4d9c-9495-fef866b07d8c","status":"Submitted"}'
    headers:
      Connection:
      - keep-alive
      Content-Length:
      - '66'
      Content-Type:
      - application/json
      Date:
      - Thu, 17 Apr 2025 16:36:29 GMT
      Server:
      - nginx/1.25.3
    status:
      code: 201
      message: Created
- request:
    body: ''
    headers:
      accept:
      - '*/*'
      accept-encoding:
      - gzip, deflate
      connection:
      - keep-alive
      host:
      - gizmok120.fhcrc.org:36633
      user-agent:
      - python-httpx/0.28.1
    method: GET
    uri: https://gizmok120.fhcrc.org:36633/api/workflows/v1/0cc0ad52-bbe5-4d9c-9495-fef866b07d8c/metadata?expandSubWorkflows=false&excludeKey=calls
  response:
    body:
      string: '{"submittedFiles":{"workflow":"version 1.0\n\nworkflow globNonmatching
        {\n    call create_files\n    output {\n        Array[File] unmatched_files
        = create_files.unmatched_files\n    }\n}\n\ntask create_files {\n    command
        <<<\n        echo \"Test file\" > test.txt\n    >>>\n    output {\n        Array[File]
        unmatched_files = glob(\"*.log\")\n    }\n}\n","root":"","options":"{\n  \"read_from_cache\":
        false,\n  \"workflow_failure_mode\": \"ContinueWhilePossible\",\n  \"write_to_cache\":
        false\n}","inputs":"{}","workflowUrl":"","labels":"{}"},"calls":{},"outputs":{},"status":"Submitted","id":"0cc0ad52-bbe5-4d9c-9495-fef866b07d8c","inputs":{},"labels":{"cromwell-workflow-id":"cromwell-0cc0ad52-bbe5-4d9c-9495-fef866b07d8c"},"submission":"2025-04-17T16:36:29.532Z"}'
    headers:
      Connection:
      - keep-alive
      Content-Type:
      - application/json
      Date:
      - Thu, 17 Apr 2025 16:36:34 GMT
      Server:
      - nginx/1.25.3
      Transfer-Encoding:
      - chunked
      content-length:
      - '771'
    status:
      code: 200
      message: OK
- request:
    body: ''
    headers:
      accept:
      - '*/*'
      accept-encoding:
      - gzip, deflate
      connection:
      - keep-alive
      host:
      - gizmok120.fhcrc.org:36633
      user-agent:
      - python-httpx/0.28.1
    method: GET
    uri: https://gizmok120.fhcrc.org:36633/api/workflows/v1/0cc0ad52-bbe5-4d9c-9495-fef866b07d8c/metadata?expandSubWorkflows=false&excludeKey=calls
  response:
    body:
      string: '{"submittedFiles":{"workflow":"version 1.0\n\nworkflow globNonmatching
        {\n    call create_files\n    output {\n        Array[File] unmatched_files
        = create_files.unmatched_files\n    }\n}\n\ntask create_files {\n    command
        <<<\n        echo \"Test file\" > test.txt\n    >>>\n    output {\n        Array[File]
        unmatched_files = glob(\"*.log\")\n    }\n}\n","root":"","options":"{\n  \"read_from_cache\":
        false,\n  \"workflow_failure_mode\": \"ContinueWhilePossible\",\n  \"write_to_cache\":
        false\n}","inputs":"{}","workflowUrl":"","labels":"{}"},"calls":{},"outputs":{},"status":"Submitted","id":"0cc0ad52-bbe5-4d9c-9495-fef866b07d8c","inputs":{},"labels":{"cromwell-workflow-id":"cromwell-0cc0ad52-bbe5-4d9c-9495-fef866b07d8c"},"submission":"2025-04-17T16:36:29.532Z"}'
    headers:
      Connection:
      - keep-alive
      Content-Type:
      - application/json
      Date:
      - Thu, 17 Apr 2025 16:36:39 GMT
      Server:
      - nginx/1.25.3
      Transfer-Encoding:
      - chunked
      content-length:
      - '771'
    status:
      code: 200
      message: OK
- request:
    body: ''
    headers:
      accept:
      - '*/*'
      accept-encoding:
      - gzip, deflate
      connection:
      - keep-alive
      host:
      - gizmok120.fhcrc.org:36633
      user-agent:
      - python-httpx/0.28.1
    method: GET
    uri: https://gizmok120.fhcrc.org:36633/api/workflows/v1/0cc0ad52-bbe5-4d9c-9495-fef866b07d8c/metadata?expandSubWorkflows=false&excludeKey=calls
  response:
    body:
      string: '{"submittedFiles":{"workflow":"version 1.0\n\nworkflow globNonmatching
        {\n    call create_files\n    output {\n        Array[File] unmatched_files
        = create_files.unmatched_files\n    }\n}\n\ntask create_files {\n    command
        <<<\n        echo \"Test file\" > test.txt\n    >>>\n    output {\n        Array[File]
        unmatched_files = glob(\"*.log\")\n    }\n}\n","root":"","options":"{\n  \"read_from_cache\":
        false,\n  \"workflow_failure_mode\": \"ContinueWhilePossible\",\n  \"write_to_cache\":
        false\n}","inputs":"{}","workflowUrl":"","labels":"{}"},"calls":{},"outputs":{},"status":"Submitted","id":"0cc0ad52-bbe5-4d9c-9495-fef866b07d8c","inputs":{},"labels":{"cromwell-workflow-id":"cromwell-0cc0ad52-bbe5-4d9c-9495-fef866b07d8c"},"submission":"2025-04-17T16:36:29.532Z"}'
    headers:
      Connection:
      - keep-alive
      Content-Type:
      - application/json
      Date:
      - Thu, 17 Apr 2025 16:36:44 GMT
      Server:
      - nginx/1.25.3
      Transfer-Encoding:
      - chunked
      content-length:
      - '771'
    status:
      code: 200
      message: OK
- request:
    body: ''
    headers:
      accept:
      - '*/*'
      accept-encoding:
      - gzip, deflate
      connection:
      - keep-alive
      host:
      - gizmok120.fhcrc.org:36633
      user-agent:
      - python-httpx/0.28.1
    method: GET
    uri: https://gizmok120.fhcrc.org:36633/api/workflows/v1/0cc0ad52-bbe5-4d9c-9495-fef866b07d8c/metadata?expandSubWorkflows=false&excludeKey=calls
  response:
    body:
      string: '{"submittedFiles":{"workflow":"version 1.0\n\nworkflow globNonmatching
        {\n    call create_files\n    output {\n        Array[File] unmatched_files
        = create_files.unmatched_files\n    }\n}\n\ntask create_files {\n    command
        <<<\n        echo \"Test file\" > test.txt\n    >>>\n    output {\n        Array[File]
        unmatched_files = glob(\"*.log\")\n    }\n}\n","root":"","options":"{\n  \"read_from_cache\":
        false,\n  \"workflow_failure_mode\": \"ContinueWhilePossible\",\n  \"write_to_cache\":
        false\n}","inputs":"{}","workflowUrl":"","labels":"{}"},"calls":{},"outputs":{},"status":"Submitted","id":"0cc0ad52-bbe5-4d9c-9495-fef866b07d8c","inputs":{},"labels":{"cromwell-workflow-id":"cromwell-0cc0ad52-bbe5-4d9c-9495-fef866b07d8c"},"submission":"2025-04-17T16:36:29.532Z"}'
    headers:
      Connection:
      - keep-alive
      Content-Type:
      - application/json
      Date:
      - Thu, 17 Apr 2025 16:36:50 GMT
      Server:
      - nginx/1.25.3
      Transfer-Encoding:
      - chunked
      content-length:
      - '771'
    status:
      code: 200
      message: OK
- request:
    body: ''
    headers:
      accept:
      - '*/*'
      accept-encoding:
      - gzip, deflate
      connection:
      - keep-alive
      host:
      - gizmok120.fhcrc.org:36633
      user-agent:
      - python-httpx/0.28.1
    method: GET
    uri: https://gizmok120.fhcrc.org:36633/api/workflows/v1/0cc0ad52-bbe5-4d9c-9495-fef866b07d8c/metadata?expandSubWorkflows=false&excludeKey=calls
  response:
    body:
      string: '{"submittedFiles":{"workflow":"version 1.0\n\nworkflow globNonmatching
        {\n    call create_files\n    output {\n        Array[File] unmatched_files
        = create_files.unmatched_files\n    }\n}\n\ntask create_files {\n    command
        <<<\n        echo \"Test file\" > test.txt\n    >>>\n    output {\n        Array[File]
        unmatched_files = glob(\"*.log\")\n    }\n}\n","root":"","options":"{\n  \"read_from_cache\":
        false,\n  \"workflow_failure_mode\": \"ContinueWhilePossible\",\n  \"write_to_cache\":
        false\n}","inputs":"{}","workflowUrl":"","labels":"{}"},"calls":{},"outputs":{},"status":"Submitted","id":"0cc0ad52-bbe5-4d9c-9495-fef866b07d8c","inputs":{},"labels":{"cromwell-workflow-id":"cromwell-0cc0ad52-bbe5-4d9c-9495-fef866b07d8c"},"submission":"2025-04-17T16:36:29.532Z"}'
    headers:
      Connection:
      - keep-alive
      Content-Type:
      - application/json
      Date:
      - Thu, 17 Apr 2025 16:36:55 GMT
      Server:
      - nginx/1.25.3
      Transfer-Encoding:
      - chunked
      content-length:
      - '771'
    status:
      code: 200
      message: OK
- request:
    body: ''
    headers:
      accept:
      - '*/*'
      accept-encoding:
      - gzip, deflate
      connection:
      - keep-alive
      host:
      - gizmok120.fhcrc.org:36633
      user-agent:
      - python-httpx/0.28.1
    method: GET
    uri: https://gizmok120.fhcrc.org:36633/api/workflows/v1/0cc0ad52-bbe5-4d9c-9495-fef866b07d8c/metadata?expandSubWorkflows=false&excludeKey=calls
  response:
    body:
      string: '{"submittedFiles":{"workflow":"version 1.0\n\nworkflow globNonmatching
        {\n    call create_files\n    output {\n        Array[File] unmatched_files
        = create_files.unmatched_files\n    }\n}\n\ntask create_files {\n    command
        <<<\n        echo \"Test file\" > test.txt\n    >>>\n    output {\n        Array[File]
        unmatched_files = glob(\"*.log\")\n    }\n}\n","root":"","options":"{\n  \"read_from_cache\":
        false,\n  \"workflow_failure_mode\": \"ContinueWhilePossible\",\n  \"write_to_cache\":
        false\n}","inputs":"{}","workflowUrl":"","labels":"{}"},"calls":{},"outputs":{},"status":"Submitted","id":"0cc0ad52-bbe5-4d9c-9495-fef866b07d8c","inputs":{},"labels":{"cromwell-workflow-id":"cromwell-0cc0ad52-bbe5-4d9c-9495-fef866b07d8c"},"submission":"2025-04-17T16:36:29.532Z"}'
    headers:
      Connection:
      - keep-alive
      Content-Type:
      - application/json
      Date:
      - Thu, 17 Apr 2025 16:37:00 GMT
      Server:
      - nginx/1.25.3
      Transfer-Encoding:
      - chunked
      content-length:
      - '771'
    status:
      code: 200
      message: OK
- request:
    body: ''
    headers:
      accept:
      - '*/*'
      accept-encoding:
      - gzip, deflate
      connection:
      - keep-alive
      host:
      - gizmok120.fhcrc.org:36633
      user-agent:
      - python-httpx/0.28.1
    method: GET
    uri: https://gizmok120.fhcrc.org:36633/api/workflows/v1/0cc0ad52-bbe5-4d9c-9495-fef866b07d8c/metadata?expandSubWorkflows=false&excludeKey=calls
  response:
    body:
      string: '{"submittedFiles":{"workflow":"version 1.0\n\nworkflow globNonmatching
        {\n    call create_files\n    output {\n        Array[File] unmatched_files
        = create_files.unmatched_files\n    }\n}\n\ntask create_files {\n    command
        <<<\n        echo \"Test file\" > test.txt\n    >>>\n    output {\n        Array[File]
        unmatched_files = glob(\"*.log\")\n    }\n}\n","root":"","options":"{\n  \"read_from_cache\":
        false,\n  \"workflow_failure_mode\": \"ContinueWhilePossible\",\n  \"write_to_cache\":
        false\n}","inputs":"{}","workflowUrl":"","labels":"{}"},"calls":{},"outputs":{},"status":"Submitted","id":"0cc0ad52-bbe5-4d9c-9495-fef866b07d8c","inputs":{},"labels":{"cromwell-workflow-id":"cromwell-0cc0ad52-bbe5-4d9c-9495-fef866b07d8c"},"submission":"2025-04-17T16:36:29.532Z"}'
    headers:
      Connection:
      - keep-alive
      Content-Type:
      - application/json
      Date:
      - Thu, 17 Apr 2025 16:37:05 GMT
      Server:
      - nginx/1.25.3
      Transfer-Encoding:
      - chunked
      content-length:
      - '771'
    status:
      code: 200
      message: OK
- request:
    body: ''
    headers:
      accept:
      - '*/*'
      accept-encoding:
      - gzip, deflate
      connection:
      - keep-alive
      host:
      - gizmok120.fhcrc.org:36633
      user-agent:
      - python-httpx/0.28.1
    method: GET
    uri: https://gizmok120.fhcrc.org:36633/api/workflows/v1/0cc0ad52-bbe5-4d9c-9495-fef866b07d8c/metadata?expandSubWorkflows=false&excludeKey=calls
  response:
    body:
      string: '{"submittedFiles":{"workflow":"version 1.0\n\nworkflow globNonmatching
        {\n    call create_files\n    output {\n        Array[File] unmatched_files
        = create_files.unmatched_files\n    }\n}\n\ntask create_files {\n    command
        <<<\n        echo \"Test file\" > test.txt\n    >>>\n    output {\n        Array[File]
        unmatched_files = glob(\"*.log\")\n    }\n}\n","root":"","options":"{\n  \"read_from_cache\":
        false,\n  \"workflow_failure_mode\": \"ContinueWhilePossible\",\n  \"write_to_cache\":
        false\n}","inputs":"{}","workflowUrl":"","labels":"{}"},"calls":{},"outputs":{},"status":"Submitted","id":"0cc0ad52-bbe5-4d9c-9495-fef866b07d8c","inputs":{},"labels":{"cromwell-workflow-id":"cromwell-0cc0ad52-bbe5-4d9c-9495-fef866b07d8c"},"submission":"2025-04-17T16:36:29.532Z"}'
    headers:
      Connection:
      - keep-alive
      Content-Type:
      - application/json
      Date:
      - Thu, 17 Apr 2025 16:37:10 GMT
      Server:
      - nginx/1.25.3
      Transfer-Encoding:
      - chunked
      content-length:
      - '771'
    status:
      code: 200
      message: OK
- request:
    body: ''
    headers:
      accept:
      - '*/*'
      accept-encoding:
      - gzip, deflate
      connection:
      - keep-alive
      host:
      - gizmok120.fhcrc.org:36633
      user-agent:
      - python-httpx/0.28.1
    method: GET
    uri: https://gizmok120.fhcrc.org:36633/api/workflows/v1/0cc0ad52-bbe5-4d9c-9495-fef866b07d8c/metadata?expandSubWorkflows=false&excludeKey=calls
  response:
    body:
      string: '{"submittedFiles":{"workflow":"version 1.0\n\nworkflow globNonmatching
        {\n    call create_files\n    output {\n        Array[File] unmatched_files
        = create_files.unmatched_files\n    }\n}\n\ntask create_files {\n    command
        <<<\n        echo \"Test file\" > test.txt\n    >>>\n    output {\n        Array[File]
        unmatched_files = glob(\"*.log\")\n    }\n}\n","root":"","options":"{\n  \"read_from_cache\":
        false,\n  \"workflow_failure_mode\": \"ContinueWhilePossible\",\n  \"write_to_cache\":
        false\n}","inputs":"{}","workflowUrl":"","labels":"{}"},"calls":{},"outputs":{},"status":"Submitted","id":"0cc0ad52-bbe5-4d9c-9495-fef866b07d8c","inputs":{},"labels":{"cromwell-workflow-id":"cromwell-0cc0ad52-bbe5-4d9c-9495-fef866b07d8c"},"submission":"2025-04-17T16:36:29.532Z"}'
    headers:
      Connection:
      - keep-alive
      Content-Type:
      - application/json
      Date:
      - Thu, 17 Apr 2025 16:37:15 GMT
      Server:
      - nginx/1.25.3
      Transfer-Encoding:
      - chunked
      content-length:
      - '771'
    status:
      code: 200
      message: OK
- request:
    body: ''
    headers:
      accept:
      - '*/*'
      accept-encoding:
      - gzip, deflate
      connection:
      - keep-alive
      host:
      - gizmok120.fhcrc.org:36633
      user-agent:
      - python-httpx/0.28.1
    method: GET
    uri: https://gizmok120.fhcrc.org:36633/api/workflows/v1/0cc0ad52-bbe5-4d9c-9495-fef866b07d8c/metadata?expandSubWorkflows=false&excludeKey=calls
  response:
    body:
      string: '{"submittedFiles":{"workflow":"version 1.0\n\nworkflow globNonmatching
        {\n    call create_files\n    output {\n        Array[File] unmatched_files
        = create_files.unmatched_files\n    }\n}\n\ntask create_files {\n    command
        <<<\n        echo \"Test file\" > test.txt\n    >>>\n    output {\n        Array[File]
        unmatched_files = glob(\"*.log\")\n    }\n}\n","root":"","options":"{\n  \"read_from_cache\":
        false,\n  \"workflow_failure_mode\": \"ContinueWhilePossible\",\n  \"write_to_cache\":
        false\n}","inputs":"{}","workflowUrl":"","labels":"{}"},"calls":{},"outputs":{},"status":"Submitted","id":"0cc0ad52-bbe5-4d9c-9495-fef866b07d8c","inputs":{},"labels":{"cromwell-workflow-id":"cromwell-0cc0ad52-bbe5-4d9c-9495-fef866b07d8c"},"submission":"2025-04-17T16:36:29.532Z"}'
    headers:
      Connection:
      - keep-alive
      Content-Type:
      - application/json
      Date:
      - Thu, 17 Apr 2025 16:37:20 GMT
      Server:
      - nginx/1.25.3
      Transfer-Encoding:
      - chunked
      content-length:
      - '771'
    status:
      code: 200
      message: OK
- request:
    body: ''
    headers:
      accept:
      - '*/*'
      accept-encoding:
      - gzip, deflate
      connection:
      - keep-alive
      host:
      - gizmok120.fhcrc.org:36633
      user-agent:
      - python-httpx/0.28.1
    method: GET
    uri: https://gizmok120.fhcrc.org:36633/api/workflows/v1/0cc0ad52-bbe5-4d9c-9495-fef866b07d8c/metadata?expandSubWorkflows=false&excludeKey=calls
  response:
    body:
      string: '{"submittedFiles":{"workflow":"version 1.0\n\nworkflow globNonmatching
        {\n    call create_files\n    output {\n        Array[File] unmatched_files
        = create_files.unmatched_files\n    }\n}\n\ntask create_files {\n    command
        <<<\n        echo \"Test file\" > test.txt\n    >>>\n    output {\n        Array[File]
        unmatched_files = glob(\"*.log\")\n    }\n}\n","root":"","options":"{\n  \"read_from_cache\":
        false,\n  \"workflow_failure_mode\": \"ContinueWhilePossible\",\n  \"write_to_cache\":
        false\n}","inputs":"{}","workflowUrl":"","labels":"{}"},"calls":{},"outputs":{},"status":"Submitted","id":"0cc0ad52-bbe5-4d9c-9495-fef866b07d8c","inputs":{},"labels":{"cromwell-workflow-id":"cromwell-0cc0ad52-bbe5-4d9c-9495-fef866b07d8c"},"submission":"2025-04-17T16:36:29.532Z"}'
    headers:
      Connection:
      - keep-alive
      Content-Type:
      - application/json
      Date:
      - Thu, 17 Apr 2025 16:37:25 GMT
      Server:
      - nginx/1.25.3
      Transfer-Encoding:
      - chunked
      content-length:
      - '771'
    status:
      code: 200
      message: OK
- request:
    body: ''
    headers:
      accept:
      - '*/*'
      accept-encoding:
      - gzip, deflate
      connection:
      - keep-alive
      host:
      - gizmok120.fhcrc.org:36633
      user-agent:
      - python-httpx/0.28.1
    method: GET
    uri: https://gizmok120.fhcrc.org:36633/api/workflows/v1/0cc0ad52-bbe5-4d9c-9495-fef866b07d8c/metadata?expandSubWorkflows=false&excludeKey=calls
  response:
    body:
      string: '{"submittedFiles":{"workflow":"version 1.0\n\nworkflow globNonmatching
        {\n    call create_files\n    output {\n        Array[File] unmatched_files
        = create_files.unmatched_files\n    }\n}\n\ntask create_files {\n    command
        <<<\n        echo \"Test file\" > test.txt\n    >>>\n    output {\n        Array[File]
        unmatched_files = glob(\"*.log\")\n    }\n}\n","root":"","options":"{\n  \"read_from_cache\":
        false,\n  \"workflow_failure_mode\": \"ContinueWhilePossible\",\n  \"write_to_cache\":
        false\n}","inputs":"{}","workflowUrl":"","labels":"{}"},"calls":{},"outputs":{},"status":"Submitted","id":"0cc0ad52-bbe5-4d9c-9495-fef866b07d8c","inputs":{},"labels":{"cromwell-workflow-id":"cromwell-0cc0ad52-bbe5-4d9c-9495-fef866b07d8c"},"submission":"2025-04-17T16:36:29.532Z"}'
    headers:
      Connection:
      - keep-alive
      Content-Type:
      - application/json
      Date:
      - Thu, 17 Apr 2025 16:37:30 GMT
      Server:
      - nginx/1.25.3
      Transfer-Encoding:
      - chunked
      content-length:
      - '771'
    status:
      code: 200
      message: OK
- request:
    body: ''
    headers:
      accept:
      - '*/*'
      accept-encoding:
      - gzip, deflate
      connection:
      - keep-alive
      host:
      - gizmok120.fhcrc.org:36633
      user-agent:
      - python-httpx/0.28.1
    method: GET
    uri: https://gizmok120.fhcrc.org:36633/api/workflows/v1/0cc0ad52-bbe5-4d9c-9495-fef866b07d8c/metadata?expandSubWorkflows=false&excludeKey=calls
  response:
    body:
      string: '{"submittedFiles":{"workflow":"version 1.0\n\nworkflow globNonmatching
        {\n    call create_files\n    output {\n        Array[File] unmatched_files
        = create_files.unmatched_files\n    }\n}\n\ntask create_files {\n    command
        <<<\n        echo \"Test file\" > test.txt\n    >>>\n    output {\n        Array[File]
        unmatched_files = glob(\"*.log\")\n    }\n}\n","root":"","options":"{\n  \"read_from_cache\":
        false,\n  \"workflow_failure_mode\": \"ContinueWhilePossible\",\n  \"write_to_cache\":
        false\n}","inputs":"{}","workflowUrl":"","labels":"{}"},"calls":{},"outputs":{},"status":"Submitted","id":"0cc0ad52-bbe5-4d9c-9495-fef866b07d8c","inputs":{},"labels":{"cromwell-workflow-id":"cromwell-0cc0ad52-bbe5-4d9c-9495-fef866b07d8c"},"submission":"2025-04-17T16:36:29.532Z"}'
    headers:
      Connection:
      - keep-alive
      Content-Type:
      - application/json
      Date:
      - Thu, 17 Apr 2025 16:37:35 GMT
      Server:
      - nginx/1.25.3
      Transfer-Encoding:
      - chunked
      content-length:
      - '771'
    status:
      code: 200
      message: OK
- request:
    body: ''
    headers:
      accept:
      - '*/*'
      accept-encoding:
      - gzip, deflate
      connection:
      - keep-alive
      host:
      - gizmok120.fhcrc.org:36633
      user-agent:
      - python-httpx/0.28.1
    method: GET
    uri: https://gizmok120.fhcrc.org:36633/api/workflows/v1/0cc0ad52-bbe5-4d9c-9495-fef866b07d8c/metadata?expandSubWorkflows=false&excludeKey=calls
  response:
    body:
      string: '{"submittedFiles":{"workflow":"version 1.0\n\nworkflow globNonmatching
        {\n    call create_files\n    output {\n        Array[File] unmatched_files
        = create_files.unmatched_files\n    }\n}\n\ntask create_files {\n    command
        <<<\n        echo \"Test file\" > test.txt\n    >>>\n    output {\n        Array[File]
        unmatched_files = glob(\"*.log\")\n    }\n}\n","root":"","options":"{\n  \"read_from_cache\":
        false,\n  \"workflow_failure_mode\": \"ContinueWhilePossible\",\n  \"write_to_cache\":
        false\n}","inputs":"{}","workflowUrl":"","labels":"{}"},"calls":{},"outputs":{},"status":"Submitted","id":"0cc0ad52-bbe5-4d9c-9495-fef866b07d8c","inputs":{},"labels":{"cromwell-workflow-id":"cromwell-0cc0ad52-bbe5-4d9c-9495-fef866b07d8c"},"submission":"2025-04-17T16:36:29.532Z"}'
    headers:
      Connection:
      - keep-alive
      Content-Type:
      - application/json
      Date:
      - Thu, 17 Apr 2025 16:37:40 GMT
      Server:
      - nginx/1.25.3
      Transfer-Encoding:
      - chunked
      content-length:
      - '771'
    status:
      code: 200
      message: OK
- request:
    body: ''
    headers:
      accept:
      - '*/*'
      accept-encoding:
      - gzip, deflate
      connection:
      - keep-alive
      host:
      - gizmok120.fhcrc.org:36633
      user-agent:
      - python-httpx/0.28.1
    method: GET
    uri: https://gizmok120.fhcrc.org:36633/api/workflows/v1/0cc0ad52-bbe5-4d9c-9495-fef866b07d8c/metadata?expandSubWorkflows=false&excludeKey=calls
  response:
    body:
      string: '{"submittedFiles":{"workflow":"version 1.0\n\nworkflow globNonmatching
        {\n    call create_files\n    output {\n        Array[File] unmatched_files
        = create_files.unmatched_files\n    }\n}\n\ntask create_files {\n    command
        <<<\n        echo \"Test file\" > test.txt\n    >>>\n    output {\n        Array[File]
        unmatched_files = glob(\"*.log\")\n    }\n}\n","root":"","options":"{\n  \"read_from_cache\":
        false,\n  \"workflow_failure_mode\": \"ContinueWhilePossible\",\n  \"write_to_cache\":
        false\n}","inputs":"{}","workflowUrl":"","labels":"{}"},"calls":{},"outputs":{},"status":"Submitted","id":"0cc0ad52-bbe5-4d9c-9495-fef866b07d8c","inputs":{},"labels":{"cromwell-workflow-id":"cromwell-0cc0ad52-bbe5-4d9c-9495-fef866b07d8c"},"submission":"2025-04-17T16:36:29.532Z"}'
    headers:
      Connection:
      - keep-alive
      Content-Type:
      - application/json
      Date:
      - Thu, 17 Apr 2025 16:37:45 GMT
      Server:
      - nginx/1.25.3
      Transfer-Encoding:
      - chunked
      content-length:
      - '771'
    status:
      code: 200
      message: OK
- request:
    body: ''
    headers:
      accept:
      - '*/*'
      accept-encoding:
      - gzip, deflate
      connection:
      - keep-alive
      host:
      - gizmok120.fhcrc.org:36633
      user-agent:
      - python-httpx/0.28.1
    method: GET
    uri: https://gizmok120.fhcrc.org:36633/api/workflows/v1/0cc0ad52-bbe5-4d9c-9495-fef866b07d8c/metadata?expandSubWorkflows=false&excludeKey=calls
  response:
    body:
      string: '{"submittedFiles":{"workflow":"version 1.0\n\nworkflow globNonmatching
        {\n    call create_files\n    output {\n        Array[File] unmatched_files
        = create_files.unmatched_files\n    }\n}\n\ntask create_files {\n    command
        <<<\n        echo \"Test file\" > test.txt\n    >>>\n    output {\n        Array[File]
        unmatched_files = glob(\"*.log\")\n    }\n}\n","root":"","options":"{\n  \"read_from_cache\":
        false,\n  \"workflow_failure_mode\": \"ContinueWhilePossible\",\n  \"write_to_cache\":
        false\n}","inputs":"{}","workflowUrl":"","labels":"{}"},"calls":{},"outputs":{},"status":"Submitted","id":"0cc0ad52-bbe5-4d9c-9495-fef866b07d8c","inputs":{},"labels":{"cromwell-workflow-id":"cromwell-0cc0ad52-bbe5-4d9c-9495-fef866b07d8c"},"submission":"2025-04-17T16:36:29.532Z"}'
    headers:
      Connection:
      - keep-alive
      Content-Type:
      - application/json
      Date:
      - Thu, 17 Apr 2025 16:37:50 GMT
      Server:
      - nginx/1.25.3
      Transfer-Encoding:
      - chunked
      content-length:
      - '771'
    status:
      code: 200
      message: OK
- request:
    body: ''
    headers:
      accept:
      - '*/*'
      accept-encoding:
      - gzip, deflate
      connection:
      - keep-alive
      host:
      - gizmok120.fhcrc.org:36633
      user-agent:
      - python-httpx/0.28.1
    method: GET
    uri: https://gizmok120.fhcrc.org:36633/api/workflows/v1/0cc0ad52-bbe5-4d9c-9495-fef866b07d8c/metadata?expandSubWorkflows=false&excludeKey=calls
  response:
    body:
      string: '{"submittedFiles":{"workflow":"version 1.0\n\nworkflow globNonmatching
        {\n    call create_files\n    output {\n        Array[File] unmatched_files
        = create_files.unmatched_files\n    }\n}\n\ntask create_files {\n    command
        <<<\n        echo \"Test file\" > test.txt\n    >>>\n    output {\n        Array[File]
        unmatched_files = glob(\"*.log\")\n    }\n}\n","root":"","options":"{\n  \"read_from_cache\":
        false,\n  \"workflow_failure_mode\": \"ContinueWhilePossible\",\n  \"write_to_cache\":
        false\n}","inputs":"{}","workflowUrl":"","labels":"{}"},"calls":{},"outputs":{},"status":"Submitted","id":"0cc0ad52-bbe5-4d9c-9495-fef866b07d8c","inputs":{},"labels":{"cromwell-workflow-id":"cromwell-0cc0ad52-bbe5-4d9c-9495-fef866b07d8c"},"submission":"2025-04-17T16:36:29.532Z"}'
    headers:
      Connection:
      - keep-alive
      Content-Type:
      - application/json
      Date:
      - Thu, 17 Apr 2025 16:37:55 GMT
      Server:
      - nginx/1.25.3
      Transfer-Encoding:
      - chunked
      content-length:
      - '771'
    status:
      code: 200
      message: OK
- request:
    body: ''
    headers:
      accept:
      - '*/*'
      accept-encoding:
      - gzip, deflate
      connection:
      - keep-alive
      host:
      - gizmok120.fhcrc.org:36633
      user-agent:
      - python-httpx/0.28.1
    method: GET
    uri: https://gizmok120.fhcrc.org:36633/api/workflows/v1/0cc0ad52-bbe5-4d9c-9495-fef866b07d8c/metadata?expandSubWorkflows=false&excludeKey=calls
  response:
    body:
      string: '{"submittedFiles":{"workflow":"version 1.0\n\nworkflow globNonmatching
        {\n    call create_files\n    output {\n        Array[File] unmatched_files
        = create_files.unmatched_files\n    }\n}\n\ntask create_files {\n    command
        <<<\n        echo \"Test file\" > test.txt\n    >>>\n    output {\n        Array[File]
        unmatched_files = glob(\"*.log\")\n    }\n}\n","root":"","options":"{\n  \"read_from_cache\":
        false,\n  \"workflow_failure_mode\": \"ContinueWhilePossible\",\n  \"write_to_cache\":
        false\n}","inputs":"{}","workflowUrl":"","labels":"{}"},"calls":{},"outputs":{},"status":"Submitted","id":"0cc0ad52-bbe5-4d9c-9495-fef866b07d8c","inputs":{},"labels":{"cromwell-workflow-id":"cromwell-0cc0ad52-bbe5-4d9c-9495-fef866b07d8c"},"submission":"2025-04-17T16:36:29.532Z"}'
    headers:
      Connection:
      - keep-alive
      Content-Type:
      - application/json
      Date:
      - Thu, 17 Apr 2025 16:38:01 GMT
      Server:
      - nginx/1.25.3
      Transfer-Encoding:
      - chunked
      content-length:
      - '771'
    status:
      code: 200
      message: OK
- request:
    body: ''
    headers:
      accept:
      - '*/*'
      accept-encoding:
      - gzip, deflate
      connection:
      - keep-alive
      host:
      - gizmok120.fhcrc.org:36633
      user-agent:
      - python-httpx/0.28.1
    method: GET
    uri: https://gizmok120.fhcrc.org:36633/api/workflows/v1/0cc0ad52-bbe5-4d9c-9495-fef866b07d8c/metadata?expandSubWorkflows=false&excludeKey=calls
  response:
    body:
      string: '{"submittedFiles":{"workflow":"version 1.0\n\nworkflow globNonmatching
        {\n    call create_files\n    output {\n        Array[File] unmatched_files
        = create_files.unmatched_files\n    }\n}\n\ntask create_files {\n    command
        <<<\n        echo \"Test file\" > test.txt\n    >>>\n    output {\n        Array[File]
        unmatched_files = glob(\"*.log\")\n    }\n}\n","root":"","options":"{\n  \"read_from_cache\":
        false,\n  \"workflow_failure_mode\": \"ContinueWhilePossible\",\n  \"write_to_cache\":
        false\n}","inputs":"{}","workflowUrl":"","labels":"{}"},"calls":{},"outputs":{},"status":"Submitted","id":"0cc0ad52-bbe5-4d9c-9495-fef866b07d8c","inputs":{},"labels":{"cromwell-workflow-id":"cromwell-0cc0ad52-bbe5-4d9c-9495-fef866b07d8c"},"submission":"2025-04-17T16:36:29.532Z"}'
    headers:
      Connection:
      - keep-alive
      Content-Type:
      - application/json
      Date:
      - Thu, 17 Apr 2025 16:38:06 GMT
      Server:
      - nginx/1.25.3
      Transfer-Encoding:
      - chunked
      content-length:
      - '771'
    status:
      code: 200
      message: OK
- request:
    body: ''
    headers:
      accept:
      - '*/*'
      accept-encoding:
      - gzip, deflate
      connection:
      - keep-alive
      host:
      - gizmok120.fhcrc.org:36633
      user-agent:
      - python-httpx/0.28.1
    method: GET
    uri: https://gizmok120.fhcrc.org:36633/api/workflows/v1/0cc0ad52-bbe5-4d9c-9495-fef866b07d8c/metadata?expandSubWorkflows=false&excludeKey=calls
  response:
    body:
      string: '{"submittedFiles":{"workflow":"version 1.0\n\nworkflow globNonmatching
        {\n    call create_files\n    output {\n        Array[File] unmatched_files
        = create_files.unmatched_files\n    }\n}\n\ntask create_files {\n    command
        <<<\n        echo \"Test file\" > test.txt\n    >>>\n    output {\n        Array[File]
        unmatched_files = glob(\"*.log\")\n    }\n}\n","root":"","options":"{\n  \"read_from_cache\":
        false,\n  \"workflow_failure_mode\": \"ContinueWhilePossible\",\n  \"write_to_cache\":
        false\n}","inputs":"{}","workflowUrl":"","labels":"{}"},"calls":{},"outputs":{},"status":"Submitted","id":"0cc0ad52-bbe5-4d9c-9495-fef866b07d8c","inputs":{},"labels":{"cromwell-workflow-id":"cromwell-0cc0ad52-bbe5-4d9c-9495-fef866b07d8c"},"submission":"2025-04-17T16:36:29.532Z"}'
    headers:
      Connection:
      - keep-alive
      Content-Type:
      - application/json
      Date:
      - Thu, 17 Apr 2025 16:38:11 GMT
      Server:
      - nginx/1.25.3
      Transfer-Encoding:
      - chunked
      content-length:
      - '771'
    status:
      code: 200
      message: OK
- request:
    body: ''
    headers:
      accept:
      - '*/*'
      accept-encoding:
      - gzip, deflate
      connection:
      - keep-alive
      host:
      - gizmok120.fhcrc.org:36633
      user-agent:
      - python-httpx/0.28.1
    method: GET
    uri: https://gizmok120.fhcrc.org:36633/api/workflows/v1/0cc0ad52-bbe5-4d9c-9495-fef866b07d8c/metadata?expandSubWorkflows=false&excludeKey=calls
  response:
    body:
      string: '{"submittedFiles":{"workflow":"version 1.0\n\nworkflow globNonmatching
        {\n    call create_files\n    output {\n        Array[File] unmatched_files
        = create_files.unmatched_files\n    }\n}\n\ntask create_files {\n    command
        <<<\n        echo \"Test file\" > test.txt\n    >>>\n    output {\n        Array[File]
        unmatched_files = glob(\"*.log\")\n    }\n}\n","root":"","options":"{\n  \"read_from_cache\":
        false,\n  \"workflow_failure_mode\": \"ContinueWhilePossible\",\n  \"write_to_cache\":
        false\n}","inputs":"{}","workflowUrl":"","labels":"{}"},"calls":{},"outputs":{},"status":"Submitted","id":"0cc0ad52-bbe5-4d9c-9495-fef866b07d8c","inputs":{},"labels":{"cromwell-workflow-id":"cromwell-0cc0ad52-bbe5-4d9c-9495-fef866b07d8c"},"submission":"2025-04-17T16:36:29.532Z"}'
    headers:
      Connection:
      - keep-alive
      Content-Type:
      - application/json
      Date:
      - Thu, 17 Apr 2025 16:38:16 GMT
      Server:
      - nginx/1.25.3
      Transfer-Encoding:
      - chunked
      content-length:
      - '771'
    status:
      code: 200
      message: OK
- request:
    body: ''
    headers:
      accept:
      - '*/*'
      accept-encoding:
      - gzip, deflate
      connection:
      - keep-alive
      host:
      - gizmok120.fhcrc.org:36633
      user-agent:
      - python-httpx/0.28.1
    method: GET
    uri: https://gizmok120.fhcrc.org:36633/api/workflows/v1/0cc0ad52-bbe5-4d9c-9495-fef866b07d8c/metadata?expandSubWorkflows=false&excludeKey=calls
  response:
    body:
      string: '{"submittedFiles":{"workflow":"version 1.0\n\nworkflow globNonmatching
        {\n    call create_files\n    output {\n        Array[File] unmatched_files
        = create_files.unmatched_files\n    }\n}\n\ntask create_files {\n    command
        <<<\n        echo \"Test file\" > test.txt\n    >>>\n    output {\n        Array[File]
        unmatched_files = glob(\"*.log\")\n    }\n}\n","root":"","options":"{\n  \"read_from_cache\":
        false,\n  \"workflow_failure_mode\": \"ContinueWhilePossible\",\n  \"write_to_cache\":
        false\n}","inputs":"{}","workflowUrl":"","labels":"{}"},"calls":{},"outputs":{},"status":"Submitted","id":"0cc0ad52-bbe5-4d9c-9495-fef866b07d8c","inputs":{},"labels":{"cromwell-workflow-id":"cromwell-0cc0ad52-bbe5-4d9c-9495-fef866b07d8c"},"submission":"2025-04-17T16:36:29.532Z"}'
    headers:
      Connection:
      - keep-alive
      Content-Type:
      - application/json
      Date:
      - Thu, 17 Apr 2025 16:38:21 GMT
      Server:
      - nginx/1.25.3
      Transfer-Encoding:
      - chunked
      content-length:
      - '771'
    status:
      code: 200
      message: OK
- request:
    body: ''
    headers:
      accept:
      - '*/*'
      accept-encoding:
      - gzip, deflate
      connection:
      - keep-alive
      host:
      - gizmok120.fhcrc.org:36633
      user-agent:
      - python-httpx/0.28.1
    method: GET
    uri: https://gizmok120.fhcrc.org:36633/api/workflows/v1/0cc0ad52-bbe5-4d9c-9495-fef866b07d8c/metadata?expandSubWorkflows=false&excludeKey=calls
  response:
    body:
      string: '{"submittedFiles":{"workflow":"version 1.0\n\nworkflow globNonmatching
        {\n    call create_files\n    output {\n        Array[File] unmatched_files
        = create_files.unmatched_files\n    }\n}\n\ntask create_files {\n    command
        <<<\n        echo \"Test file\" > test.txt\n    >>>\n    output {\n        Array[File]
        unmatched_files = glob(\"*.log\")\n    }\n}\n","root":"","options":"{\n  \"read_from_cache\":
        false,\n  \"workflow_failure_mode\": \"ContinueWhilePossible\",\n  \"write_to_cache\":
        false\n}","inputs":"{}","workflowUrl":"","labels":"{}"},"calls":{},"outputs":{},"status":"Submitted","id":"0cc0ad52-bbe5-4d9c-9495-fef866b07d8c","inputs":{},"labels":{"cromwell-workflow-id":"cromwell-0cc0ad52-bbe5-4d9c-9495-fef866b07d8c"},"submission":"2025-04-17T16:36:29.532Z"}'
    headers:
      Connection:
      - keep-alive
      Content-Type:
      - application/json
      Date:
      - Thu, 17 Apr 2025 16:38:26 GMT
      Server:
      - nginx/1.25.3
      Transfer-Encoding:
      - chunked
      content-length:
      - '771'
    status:
      code: 200
      message: OK
- request:
    body: ''
    headers:
      accept:
      - '*/*'
      accept-encoding:
      - gzip, deflate
      connection:
      - keep-alive
      host:
      - gizmok120.fhcrc.org:36633
      user-agent:
      - python-httpx/0.28.1
    method: GET
    uri: https://gizmok120.fhcrc.org:36633/api/workflows/v1/0cc0ad52-bbe5-4d9c-9495-fef866b07d8c/metadata?expandSubWorkflows=false&excludeKey=calls
  response:
    body:
      string: '{"submittedFiles":{"workflow":"version 1.0\n\nworkflow globNonmatching
        {\n    call create_files\n    output {\n        Array[File] unmatched_files
        = create_files.unmatched_files\n    }\n}\n\ntask create_files {\n    command
        <<<\n        echo \"Test file\" > test.txt\n    >>>\n    output {\n        Array[File]
        unmatched_files = glob(\"*.log\")\n    }\n}\n","root":"","options":"{\n  \"read_from_cache\":
        false,\n  \"workflow_failure_mode\": \"ContinueWhilePossible\",\n  \"write_to_cache\":
        false\n}","inputs":"{}","workflowUrl":"","labels":"{}"},"calls":{},"outputs":{},"status":"Submitted","id":"0cc0ad52-bbe5-4d9c-9495-fef866b07d8c","inputs":{},"labels":{"cromwell-workflow-id":"cromwell-0cc0ad52-bbe5-4d9c-9495-fef866b07d8c"},"submission":"2025-04-17T16:36:29.532Z"}'
    headers:
      Connection:
      - keep-alive
      Content-Type:
      - application/json
      Date:
      - Thu, 17 Apr 2025 16:38:31 GMT
      Server:
      - nginx/1.25.3
      Transfer-Encoding:
      - chunked
      content-length:
      - '771'
    status:
      code: 200
      message: OK
- request:
    body: ''
    headers:
      accept:
      - '*/*'
      accept-encoding:
      - gzip, deflate
      connection:
      - keep-alive
      host:
      - gizmok120.fhcrc.org:36633
      user-agent:
      - python-httpx/0.28.1
    method: GET
    uri: https://gizmok120.fhcrc.org:36633/api/workflows/v1/0cc0ad52-bbe5-4d9c-9495-fef866b07d8c/metadata?expandSubWorkflows=false&excludeKey=calls
  response:
    body:
      string: '{"submittedFiles":{"workflow":"version 1.0\n\nworkflow globNonmatching
        {\n    call create_files\n    output {\n        Array[File] unmatched_files
        = create_files.unmatched_files\n    }\n}\n\ntask create_files {\n    command
        <<<\n        echo \"Test file\" > test.txt\n    >>>\n    output {\n        Array[File]
        unmatched_files = glob(\"*.log\")\n    }\n}\n","root":"","options":"{\n  \"read_from_cache\":
        false,\n  \"workflow_failure_mode\": \"ContinueWhilePossible\",\n  \"write_to_cache\":
        false\n}","inputs":"{}","workflowUrl":"","labels":"{}"},"calls":{},"outputs":{},"status":"Submitted","id":"0cc0ad52-bbe5-4d9c-9495-fef866b07d8c","inputs":{},"labels":{"cromwell-workflow-id":"cromwell-0cc0ad52-bbe5-4d9c-9495-fef866b07d8c"},"submission":"2025-04-17T16:36:29.532Z"}'
    headers:
      Connection:
      - keep-alive
      Content-Type:
      - application/json
      Date:
      - Thu, 17 Apr 2025 16:38:36 GMT
      Server:
      - nginx/1.25.3
      Transfer-Encoding:
      - chunked
      content-length:
      - '771'
    status:
      code: 200
      message: OK
- request:
    body: ''
    headers:
      accept:
      - '*/*'
      accept-encoding:
      - gzip, deflate
      connection:
      - keep-alive
      host:
      - gizmok120.fhcrc.org:36633
      user-agent:
      - python-httpx/0.28.1
    method: GET
    uri: https://gizmok120.fhcrc.org:36633/api/workflows/v1/0cc0ad52-bbe5-4d9c-9495-fef866b07d8c/metadata?expandSubWorkflows=false&excludeKey=calls
  response:
    body:
      string: '{"submittedFiles":{"workflow":"version 1.0\n\nworkflow globNonmatching
        {\n    call create_files\n    output {\n        Array[File] unmatched_files
        = create_files.unmatched_files\n    }\n}\n\ntask create_files {\n    command
        <<<\n        echo \"Test file\" > test.txt\n    >>>\n    output {\n        Array[File]
        unmatched_files = glob(\"*.log\")\n    }\n}\n","root":"","options":"{\n  \"read_from_cache\":
        false,\n  \"workflow_failure_mode\": \"ContinueWhilePossible\",\n  \"write_to_cache\":
        false\n}","inputs":"{}","workflowUrl":"","labels":"{}"},"calls":{},"outputs":{},"status":"Submitted","id":"0cc0ad52-bbe5-4d9c-9495-fef866b07d8c","inputs":{},"labels":{"cromwell-workflow-id":"cromwell-0cc0ad52-bbe5-4d9c-9495-fef866b07d8c"},"submission":"2025-04-17T16:36:29.532Z"}'
    headers:
      Connection:
      - keep-alive
      Content-Type:
      - application/json
      Date:
      - Thu, 17 Apr 2025 16:38:41 GMT
      Server:
      - nginx/1.25.3
      Transfer-Encoding:
      - chunked
      content-length:
      - '771'
    status:
      code: 200
      message: OK
- request:
    body: ''
    headers:
      accept:
      - '*/*'
      accept-encoding:
      - gzip, deflate
      connection:
      - keep-alive
      host:
      - gizmok120.fhcrc.org:36633
      user-agent:
      - python-httpx/0.28.1
    method: GET
    uri: https://gizmok120.fhcrc.org:36633/api/workflows/v1/0cc0ad52-bbe5-4d9c-9495-fef866b07d8c/metadata?expandSubWorkflows=false&excludeKey=calls
  response:
    body:
      string: '{"submittedFiles":{"workflow":"version 1.0\n\nworkflow globNonmatching
        {\n    call create_files\n    output {\n        Array[File] unmatched_files
        = create_files.unmatched_files\n    }\n}\n\ntask create_files {\n    command
        <<<\n        echo \"Test file\" > test.txt\n    >>>\n    output {\n        Array[File]
        unmatched_files = glob(\"*.log\")\n    }\n}\n","root":"","options":"{\n  \"read_from_cache\":
        false,\n  \"workflow_failure_mode\": \"ContinueWhilePossible\",\n  \"write_to_cache\":
        false\n}","inputs":"{}","workflowUrl":"","labels":"{}"},"calls":{},"outputs":{},"status":"Submitted","id":"0cc0ad52-bbe5-4d9c-9495-fef866b07d8c","inputs":{},"labels":{"cromwell-workflow-id":"cromwell-0cc0ad52-bbe5-4d9c-9495-fef866b07d8c"},"submission":"2025-04-17T16:36:29.532Z"}'
    headers:
      Connection:
      - keep-alive
      Content-Type:
      - application/json
      Date:
      - Thu, 17 Apr 2025 16:38:46 GMT
      Server:
      - nginx/1.25.3
      Transfer-Encoding:
      - chunked
      content-length:
      - '771'
    status:
      code: 200
      message: OK
- request:
    body: ''
    headers:
      accept:
      - '*/*'
      accept-encoding:
      - gzip, deflate
      connection:
      - keep-alive
      host:
      - gizmok120.fhcrc.org:36633
      user-agent:
      - python-httpx/0.28.1
    method: GET
    uri: https://gizmok120.fhcrc.org:36633/api/workflows/v1/0cc0ad52-bbe5-4d9c-9495-fef866b07d8c/metadata?expandSubWorkflows=false&excludeKey=calls
  response:
    body:
      string: '{"submittedFiles":{"workflow":"version 1.0\n\nworkflow globNonmatching
        {\n    call create_files\n    output {\n        Array[File] unmatched_files
        = create_files.unmatched_files\n    }\n}\n\ntask create_files {\n    command
        <<<\n        echo \"Test file\" > test.txt\n    >>>\n    output {\n        Array[File]
        unmatched_files = glob(\"*.log\")\n    }\n}\n","root":"","options":"{\n  \"read_from_cache\":
        false,\n  \"workflow_failure_mode\": \"ContinueWhilePossible\",\n  \"write_to_cache\":
        false\n}","inputs":"{}","workflowUrl":"","labels":"{}"},"calls":{},"outputs":{},"status":"Submitted","id":"0cc0ad52-bbe5-4d9c-9495-fef866b07d8c","inputs":{},"labels":{"cromwell-workflow-id":"cromwell-0cc0ad52-bbe5-4d9c-9495-fef866b07d8c"},"submission":"2025-04-17T16:36:29.532Z"}'
    headers:
      Connection:
      - keep-alive
      Content-Type:
      - application/json
      Date:
      - Thu, 17 Apr 2025 16:38:51 GMT
      Server:
      - nginx/1.25.3
      Transfer-Encoding:
      - chunked
      content-length:
      - '771'
    status:
      code: 200
      message: OK
- request:
    body: ''
    headers:
      accept:
      - '*/*'
      accept-encoding:
      - gzip, deflate
      connection:
      - keep-alive
      host:
      - gizmok120.fhcrc.org:36633
      user-agent:
      - python-httpx/0.28.1
    method: GET
    uri: https://gizmok120.fhcrc.org:36633/api/workflows/v1/0cc0ad52-bbe5-4d9c-9495-fef866b07d8c/metadata?expandSubWorkflows=false&excludeKey=calls
  response:
    body:
      string: '{"submittedFiles":{"workflow":"version 1.0\n\nworkflow globNonmatching
        {\n    call create_files\n    output {\n        Array[File] unmatched_files
        = create_files.unmatched_files\n    }\n}\n\ntask create_files {\n    command
        <<<\n        echo \"Test file\" > test.txt\n    >>>\n    output {\n        Array[File]
        unmatched_files = glob(\"*.log\")\n    }\n}\n","root":"","options":"{\n  \"read_from_cache\":
        false,\n  \"workflow_failure_mode\": \"ContinueWhilePossible\",\n  \"write_to_cache\":
        false\n}","inputs":"{}","workflowUrl":"","labels":"{}"},"calls":{},"outputs":{},"status":"Submitted","id":"0cc0ad52-bbe5-4d9c-9495-fef866b07d8c","inputs":{},"labels":{"cromwell-workflow-id":"cromwell-0cc0ad52-bbe5-4d9c-9495-fef866b07d8c"},"submission":"2025-04-17T16:36:29.532Z"}'
    headers:
      Connection:
      - keep-alive
      Content-Type:
      - application/json
      Date:
      - Thu, 17 Apr 2025 16:38:56 GMT
      Server:
      - nginx/1.25.3
      Transfer-Encoding:
      - chunked
      content-length:
      - '771'
    status:
      code: 200
      message: OK
- request:
    body: ''
    headers:
      accept:
      - '*/*'
      accept-encoding:
      - gzip, deflate
      connection:
      - keep-alive
      host:
      - gizmok120.fhcrc.org:36633
      user-agent:
      - python-httpx/0.28.1
    method: GET
    uri: https://gizmok120.fhcrc.org:36633/api/workflows/v1/0cc0ad52-bbe5-4d9c-9495-fef866b07d8c/metadata?expandSubWorkflows=false&excludeKey=calls
  response:
    body:
      string: '{"submittedFiles":{"workflow":"version 1.0\n\nworkflow globNonmatching
        {\n    call create_files\n    output {\n        Array[File] unmatched_files
        = create_files.unmatched_files\n    }\n}\n\ntask create_files {\n    command
        <<<\n        echo \"Test file\" > test.txt\n    >>>\n    output {\n        Array[File]
        unmatched_files = glob(\"*.log\")\n    }\n}\n","root":"","options":"{\n  \"read_from_cache\":
        false,\n  \"workflow_failure_mode\": \"ContinueWhilePossible\",\n  \"write_to_cache\":
        false\n}","inputs":"{}","workflowUrl":"","labels":"{}"},"calls":{},"outputs":{},"status":"Submitted","id":"0cc0ad52-bbe5-4d9c-9495-fef866b07d8c","inputs":{},"labels":{"cromwell-workflow-id":"cromwell-0cc0ad52-bbe5-4d9c-9495-fef866b07d8c"},"submission":"2025-04-17T16:36:29.532Z"}'
    headers:
      Connection:
      - keep-alive
      Content-Type:
      - application/json
      Date:
      - Thu, 17 Apr 2025 16:39:01 GMT
      Server:
      - nginx/1.25.3
      Transfer-Encoding:
      - chunked
      content-length:
      - '771'
    status:
      code: 200
      message: OK
- request:
    body: ''
    headers:
      accept:
      - '*/*'
      accept-encoding:
      - gzip, deflate
      connection:
      - keep-alive
      host:
      - gizmok120.fhcrc.org:36633
      user-agent:
      - python-httpx/0.28.1
    method: GET
    uri: https://gizmok120.fhcrc.org:36633/api/workflows/v1/0cc0ad52-bbe5-4d9c-9495-fef866b07d8c/metadata?expandSubWorkflows=false&excludeKey=calls
  response:
    body:
      string: '{"submittedFiles":{"workflow":"version 1.0\n\nworkflow globNonmatching
        {\n    call create_files\n    output {\n        Array[File] unmatched_files
        = create_files.unmatched_files\n    }\n}\n\ntask create_files {\n    command
        <<<\n        echo \"Test file\" > test.txt\n    >>>\n    output {\n        Array[File]
        unmatched_files = glob(\"*.log\")\n    }\n}\n","root":"","options":"{\n  \"read_from_cache\":
        false,\n  \"workflow_failure_mode\": \"ContinueWhilePossible\",\n  \"write_to_cache\":
        false\n}","inputs":"{}","workflowUrl":"","labels":"{}"},"calls":{},"outputs":{},"status":"Submitted","id":"0cc0ad52-bbe5-4d9c-9495-fef866b07d8c","inputs":{},"labels":{"cromwell-workflow-id":"cromwell-0cc0ad52-bbe5-4d9c-9495-fef866b07d8c"},"submission":"2025-04-17T16:36:29.532Z"}'
    headers:
      Connection:
      - keep-alive
      Content-Type:
      - application/json
      Date:
      - Thu, 17 Apr 2025 16:39:06 GMT
      Server:
      - nginx/1.25.3
      Transfer-Encoding:
      - chunked
      content-length:
      - '771'
    status:
      code: 200
      message: OK
- request:
    body: ''
    headers:
      accept:
      - '*/*'
      accept-encoding:
      - gzip, deflate
      connection:
      - keep-alive
      host:
      - gizmok120.fhcrc.org:36633
      user-agent:
      - python-httpx/0.28.1
    method: GET
    uri: https://gizmok120.fhcrc.org:36633/api/workflows/v1/0cc0ad52-bbe5-4d9c-9495-fef866b07d8c/metadata?expandSubWorkflows=false&excludeKey=calls
  response:
    body:
      string: '{"submittedFiles":{"workflow":"version 1.0\n\nworkflow globNonmatching
        {\n    call create_files\n    output {\n        Array[File] unmatched_files
        = create_files.unmatched_files\n    }\n}\n\ntask create_files {\n    command
        <<<\n        echo \"Test file\" > test.txt\n    >>>\n    output {\n        Array[File]
        unmatched_files = glob(\"*.log\")\n    }\n}\n","root":"","options":"{\n  \"read_from_cache\":
        false,\n  \"workflow_failure_mode\": \"ContinueWhilePossible\",\n  \"write_to_cache\":
        false\n}","inputs":"{}","workflowUrl":"","labels":"{}"},"calls":{},"outputs":{},"status":"Submitted","id":"0cc0ad52-bbe5-4d9c-9495-fef866b07d8c","inputs":{},"labels":{"cromwell-workflow-id":"cromwell-0cc0ad52-bbe5-4d9c-9495-fef866b07d8c"},"submission":"2025-04-17T16:36:29.532Z"}'
    headers:
      Connection:
      - keep-alive
      Content-Type:
      - application/json
      Date:
      - Thu, 17 Apr 2025 16:39:12 GMT
      Server:
      - nginx/1.25.3
      Transfer-Encoding:
      - chunked
      content-length:
      - '771'
    status:
      code: 200
      message: OK
- request:
    body: ''
    headers:
      accept:
      - '*/*'
      accept-encoding:
      - gzip, deflate
      connection:
      - keep-alive
      host:
      - gizmok120.fhcrc.org:36633
      user-agent:
      - python-httpx/0.28.1
    method: GET
    uri: https://gizmok120.fhcrc.org:36633/api/workflows/v1/0cc0ad52-bbe5-4d9c-9495-fef866b07d8c/metadata?expandSubWorkflows=false&excludeKey=calls
  response:
    body:
      string: '{"submittedFiles":{"workflow":"version 1.0\n\nworkflow globNonmatching
        {\n    call create_files\n    output {\n        Array[File] unmatched_files
        = create_files.unmatched_files\n    }\n}\n\ntask create_files {\n    command
        <<<\n        echo \"Test file\" > test.txt\n    >>>\n    output {\n        Array[File]
        unmatched_files = glob(\"*.log\")\n    }\n}\n","root":"","options":"{\n  \"read_from_cache\":
        false,\n  \"workflow_failure_mode\": \"ContinueWhilePossible\",\n  \"write_to_cache\":
        false\n}","inputs":"{}","workflowUrl":"","labels":"{}"},"calls":{},"outputs":{},"status":"Submitted","id":"0cc0ad52-bbe5-4d9c-9495-fef866b07d8c","inputs":{},"labels":{"cromwell-workflow-id":"cromwell-0cc0ad52-bbe5-4d9c-9495-fef866b07d8c"},"submission":"2025-04-17T16:36:29.532Z"}'
    headers:
      Connection:
      - keep-alive
      Content-Type:
      - application/json
      Date:
      - Thu, 17 Apr 2025 16:39:17 GMT
      Server:
      - nginx/1.25.3
      Transfer-Encoding:
      - chunked
      content-length:
      - '771'
    status:
      code: 200
      message: OK
- request:
    body: ''
    headers:
      accept:
      - '*/*'
      accept-encoding:
      - gzip, deflate
      connection:
      - keep-alive
      host:
      - gizmok120.fhcrc.org:36633
      user-agent:
      - python-httpx/0.28.1
    method: GET
    uri: https://gizmok120.fhcrc.org:36633/api/workflows/v1/0cc0ad52-bbe5-4d9c-9495-fef866b07d8c/metadata?expandSubWorkflows=false&excludeKey=calls
  response:
    body:
      string: '{"submittedFiles":{"workflow":"version 1.0\n\nworkflow globNonmatching
        {\n    call create_files\n    output {\n        Array[File] unmatched_files
        = create_files.unmatched_files\n    }\n}\n\ntask create_files {\n    command
        <<<\n        echo \"Test file\" > test.txt\n    >>>\n    output {\n        Array[File]
        unmatched_files = glob(\"*.log\")\n    }\n}\n","root":"","options":"{\n  \"read_from_cache\":
        false,\n  \"workflow_failure_mode\": \"ContinueWhilePossible\",\n  \"write_to_cache\":
        false\n}","inputs":"{}","workflowUrl":"","labels":"{}"},"calls":{},"outputs":{},"status":"Submitted","id":"0cc0ad52-bbe5-4d9c-9495-fef866b07d8c","inputs":{},"labels":{"cromwell-workflow-id":"cromwell-0cc0ad52-bbe5-4d9c-9495-fef866b07d8c"},"submission":"2025-04-17T16:36:29.532Z"}'
    headers:
      Connection:
      - keep-alive
      Content-Type:
      - application/json
      Date:
      - Thu, 17 Apr 2025 16:39:22 GMT
      Server:
      - nginx/1.25.3
      Transfer-Encoding:
      - chunked
      content-length:
      - '771'
    status:
      code: 200
      message: OK
- request:
    body: ''
    headers:
      accept:
      - '*/*'
      accept-encoding:
      - gzip, deflate
      connection:
      - keep-alive
      host:
      - gizmok120.fhcrc.org:36633
      user-agent:
      - python-httpx/0.28.1
    method: GET
    uri: https://gizmok120.fhcrc.org:36633/api/workflows/v1/0cc0ad52-bbe5-4d9c-9495-fef866b07d8c/metadata?expandSubWorkflows=false&excludeKey=calls
  response:
    body:
      string: '{"submittedFiles":{"workflow":"version 1.0\n\nworkflow globNonmatching
        {\n    call create_files\n    output {\n        Array[File] unmatched_files
        = create_files.unmatched_files\n    }\n}\n\ntask create_files {\n    command
        <<<\n        echo \"Test file\" > test.txt\n    >>>\n    output {\n        Array[File]
        unmatched_files = glob(\"*.log\")\n    }\n}\n","root":"","options":"{\n  \"read_from_cache\":
        false,\n  \"workflow_failure_mode\": \"ContinueWhilePossible\",\n  \"write_to_cache\":
        false\n}","inputs":"{}","workflowUrl":"","labels":"{}"},"calls":{},"outputs":{},"status":"Submitted","id":"0cc0ad52-bbe5-4d9c-9495-fef866b07d8c","inputs":{},"labels":{"cromwell-workflow-id":"cromwell-0cc0ad52-bbe5-4d9c-9495-fef866b07d8c"},"submission":"2025-04-17T16:36:29.532Z"}'
    headers:
      Connection:
      - keep-alive
      Content-Type:
      - application/json
      Date:
      - Thu, 17 Apr 2025 16:39:27 GMT
      Server:
      - nginx/1.25.3
      Transfer-Encoding:
      - chunked
      content-length:
      - '771'
    status:
      code: 200
      message: OK
- request:
    body: ''
    headers:
      accept:
      - '*/*'
      accept-encoding:
      - gzip, deflate
      connection:
      - keep-alive
      host:
      - gizmok120.fhcrc.org:36633
      user-agent:
      - python-httpx/0.28.1
    method: GET
    uri: https://gizmok120.fhcrc.org:36633/api/workflows/v1/0cc0ad52-bbe5-4d9c-9495-fef866b07d8c/metadata?expandSubWorkflows=false&excludeKey=calls
  response:
    body:
      string: '{"submittedFiles":{"workflow":"version 1.0\n\nworkflow globNonmatching
        {\n    call create_files\n    output {\n        Array[File] unmatched_files
        = create_files.unmatched_files\n    }\n}\n\ntask create_files {\n    command
        <<<\n        echo \"Test file\" > test.txt\n    >>>\n    output {\n        Array[File]
        unmatched_files = glob(\"*.log\")\n    }\n}\n","root":"","options":"{\n  \"read_from_cache\":
        false,\n  \"workflow_failure_mode\": \"ContinueWhilePossible\",\n  \"write_to_cache\":
        false\n}","inputs":"{}","workflowUrl":"","labels":"{}"},"calls":{},"outputs":{},"status":"Submitted","id":"0cc0ad52-bbe5-4d9c-9495-fef866b07d8c","inputs":{},"labels":{"cromwell-workflow-id":"cromwell-0cc0ad52-bbe5-4d9c-9495-fef866b07d8c"},"submission":"2025-04-17T16:36:29.532Z"}'
    headers:
      Connection:
      - keep-alive
      Content-Type:
      - application/json
      Date:
      - Thu, 17 Apr 2025 16:39:32 GMT
      Server:
      - nginx/1.25.3
      Transfer-Encoding:
      - chunked
      content-length:
      - '771'
    status:
      code: 200
      message: OK
- request:
    body: ''
    headers:
      accept:
      - '*/*'
      accept-encoding:
      - gzip, deflate
      connection:
      - keep-alive
      host:
      - gizmok120.fhcrc.org:36633
      user-agent:
      - python-httpx/0.28.1
    method: GET
    uri: https://gizmok120.fhcrc.org:36633/api/workflows/v1/0cc0ad52-bbe5-4d9c-9495-fef866b07d8c/metadata?expandSubWorkflows=false&excludeKey=calls
  response:
    body:
      string: '{"submittedFiles":{"workflow":"version 1.0\n\nworkflow globNonmatching
        {\n    call create_files\n    output {\n        Array[File] unmatched_files
        = create_files.unmatched_files\n    }\n}\n\ntask create_files {\n    command
        <<<\n        echo \"Test file\" > test.txt\n    >>>\n    output {\n        Array[File]
        unmatched_files = glob(\"*.log\")\n    }\n}\n","root":"","options":"{\n  \"read_from_cache\":
        false,\n  \"workflow_failure_mode\": \"ContinueWhilePossible\",\n  \"write_to_cache\":
        false\n}","inputs":"{}","workflowUrl":"","labels":"{}"},"calls":{},"outputs":{},"status":"Submitted","id":"0cc0ad52-bbe5-4d9c-9495-fef866b07d8c","inputs":{},"labels":{"cromwell-workflow-id":"cromwell-0cc0ad52-bbe5-4d9c-9495-fef866b07d8c"},"submission":"2025-04-17T16:36:29.532Z"}'
    headers:
      Connection:
      - keep-alive
      Content-Type:
      - application/json
      Date:
      - Thu, 17 Apr 2025 16:39:37 GMT
      Server:
      - nginx/1.25.3
      Transfer-Encoding:
      - chunked
      content-length:
      - '771'
    status:
      code: 200
      message: OK
- request:
    body: ''
    headers:
      accept:
      - '*/*'
      accept-encoding:
      - gzip, deflate
      connection:
      - keep-alive
      host:
      - gizmok120.fhcrc.org:36633
      user-agent:
      - python-httpx/0.28.1
    method: GET
    uri: https://gizmok120.fhcrc.org:36633/api/workflows/v1/0cc0ad52-bbe5-4d9c-9495-fef866b07d8c/metadata?expandSubWorkflows=false&excludeKey=calls
  response:
    body:
      string: '{"submittedFiles":{"workflow":"version 1.0\n\nworkflow globNonmatching
        {\n    call create_files\n    output {\n        Array[File] unmatched_files
        = create_files.unmatched_files\n    }\n}\n\ntask create_files {\n    command
        <<<\n        echo \"Test file\" > test.txt\n    >>>\n    output {\n        Array[File]
        unmatched_files = glob(\"*.log\")\n    }\n}\n","root":"","options":"{\n  \"read_from_cache\":
        false,\n  \"workflow_failure_mode\": \"ContinueWhilePossible\",\n  \"write_to_cache\":
        false\n}","inputs":"{}","workflowUrl":"","labels":"{}"},"calls":{},"outputs":{},"status":"Submitted","id":"0cc0ad52-bbe5-4d9c-9495-fef866b07d8c","inputs":{},"labels":{"cromwell-workflow-id":"cromwell-0cc0ad52-bbe5-4d9c-9495-fef866b07d8c"},"submission":"2025-04-17T16:36:29.532Z"}'
    headers:
      Connection:
      - keep-alive
      Content-Type:
      - application/json
      Date:
      - Thu, 17 Apr 2025 16:39:42 GMT
      Server:
      - nginx/1.25.3
      Transfer-Encoding:
      - chunked
      content-length:
      - '771'
    status:
      code: 200
      message: OK
- request:
    body: ''
    headers:
      accept:
      - '*/*'
      accept-encoding:
      - gzip, deflate
      connection:
      - keep-alive
      host:
      - gizmok120.fhcrc.org:36633
      user-agent:
      - python-httpx/0.28.1
    method: GET
    uri: https://gizmok120.fhcrc.org:36633/api/workflows/v1/0cc0ad52-bbe5-4d9c-9495-fef866b07d8c/metadata?expandSubWorkflows=false&excludeKey=calls
  response:
    body:
      string: '{"submittedFiles":{"workflow":"version 1.0\n\nworkflow globNonmatching
        {\n    call create_files\n    output {\n        Array[File] unmatched_files
        = create_files.unmatched_files\n    }\n}\n\ntask create_files {\n    command
        <<<\n        echo \"Test file\" > test.txt\n    >>>\n    output {\n        Array[File]
        unmatched_files = glob(\"*.log\")\n    }\n}\n","root":"","options":"{\n  \"read_from_cache\":
        false,\n  \"workflow_failure_mode\": \"ContinueWhilePossible\",\n  \"write_to_cache\":
        false\n}","inputs":"{}","workflowUrl":"","labels":"{}"},"calls":{},"outputs":{},"status":"Submitted","id":"0cc0ad52-bbe5-4d9c-9495-fef866b07d8c","inputs":{},"labels":{"cromwell-workflow-id":"cromwell-0cc0ad52-bbe5-4d9c-9495-fef866b07d8c"},"submission":"2025-04-17T16:36:29.532Z"}'
    headers:
      Connection:
      - keep-alive
      Content-Type:
      - application/json
      Date:
      - Thu, 17 Apr 2025 16:39:47 GMT
      Server:
      - nginx/1.25.3
      Transfer-Encoding:
      - chunked
      content-length:
      - '771'
    status:
      code: 200
      message: OK
- request:
    body: ''
    headers:
      accept:
      - '*/*'
      accept-encoding:
      - gzip, deflate
      connection:
      - keep-alive
      host:
      - gizmok120.fhcrc.org:36633
      user-agent:
      - python-httpx/0.28.1
    method: GET
    uri: https://gizmok120.fhcrc.org:36633/api/workflows/v1/0cc0ad52-bbe5-4d9c-9495-fef866b07d8c/metadata?expandSubWorkflows=false&excludeKey=calls
  response:
    body:
      string: '{"submittedFiles":{"workflow":"version 1.0\n\nworkflow globNonmatching
        {\n    call create_files\n    output {\n        Array[File] unmatched_files
        = create_files.unmatched_files\n    }\n}\n\ntask create_files {\n    command
        <<<\n        echo \"Test file\" > test.txt\n    >>>\n    output {\n        Array[File]
        unmatched_files = glob(\"*.log\")\n    }\n}\n","root":"","options":"{\n  \"read_from_cache\":
        false,\n  \"workflow_failure_mode\": \"ContinueWhilePossible\",\n  \"write_to_cache\":
        false\n}","inputs":"{}","workflowUrl":"","labels":"{}"},"calls":{},"outputs":{},"status":"Submitted","id":"0cc0ad52-bbe5-4d9c-9495-fef866b07d8c","inputs":{},"labels":{"cromwell-workflow-id":"cromwell-0cc0ad52-bbe5-4d9c-9495-fef866b07d8c"},"submission":"2025-04-17T16:36:29.532Z"}'
    headers:
      Connection:
      - keep-alive
      Content-Type:
      - application/json
      Date:
      - Thu, 17 Apr 2025 16:39:52 GMT
      Server:
      - nginx/1.25.3
      Transfer-Encoding:
      - chunked
      content-length:
      - '771'
    status:
      code: 200
      message: OK
- request:
    body: ''
    headers:
      accept:
      - '*/*'
      accept-encoding:
      - gzip, deflate
      connection:
      - keep-alive
      host:
      - gizmok120.fhcrc.org:36633
      user-agent:
      - python-httpx/0.28.1
    method: GET
    uri: https://gizmok120.fhcrc.org:36633/api/workflows/v1/0cc0ad52-bbe5-4d9c-9495-fef866b07d8c/metadata?expandSubWorkflows=false&excludeKey=calls
  response:
    body:
      string: '{"submittedFiles":{"workflow":"version 1.0\n\nworkflow globNonmatching
        {\n    call create_files\n    output {\n        Array[File] unmatched_files
        = create_files.unmatched_files\n    }\n}\n\ntask create_files {\n    command
        <<<\n        echo \"Test file\" > test.txt\n    >>>\n    output {\n        Array[File]
        unmatched_files = glob(\"*.log\")\n    }\n}\n","root":"","options":"{\n  \"read_from_cache\":
        false,\n  \"workflow_failure_mode\": \"ContinueWhilePossible\",\n  \"write_to_cache\":
        false\n}","inputs":"{}","workflowUrl":"","labels":"{}"},"calls":{},"outputs":{},"status":"Submitted","id":"0cc0ad52-bbe5-4d9c-9495-fef866b07d8c","inputs":{},"labels":{"cromwell-workflow-id":"cromwell-0cc0ad52-bbe5-4d9c-9495-fef866b07d8c"},"submission":"2025-04-17T16:36:29.532Z"}'
    headers:
      Connection:
      - keep-alive
      Content-Type:
      - application/json
      Date:
      - Thu, 17 Apr 2025 16:39:57 GMT
      Server:
      - nginx/1.25.3
      Transfer-Encoding:
      - chunked
      content-length:
      - '771'
    status:
      code: 200
      message: OK
- request:
    body: ''
    headers:
      accept:
      - '*/*'
      accept-encoding:
      - gzip, deflate
      connection:
      - keep-alive
      host:
      - gizmok120.fhcrc.org:36633
      user-agent:
      - python-httpx/0.28.1
    method: GET
    uri: https://gizmok120.fhcrc.org:36633/api/workflows/v1/0cc0ad52-bbe5-4d9c-9495-fef866b07d8c/metadata?expandSubWorkflows=false&excludeKey=calls
  response:
    body:
      string: '{"submittedFiles":{"workflow":"version 1.0\n\nworkflow globNonmatching
        {\n    call create_files\n    output {\n        Array[File] unmatched_files
        = create_files.unmatched_files\n    }\n}\n\ntask create_files {\n    command
        <<<\n        echo \"Test file\" > test.txt\n    >>>\n    output {\n        Array[File]
        unmatched_files = glob(\"*.log\")\n    }\n}\n","root":"","options":"{\n  \"read_from_cache\":
        false,\n  \"workflow_failure_mode\": \"ContinueWhilePossible\",\n  \"write_to_cache\":
        false\n}","inputs":"{}","workflowUrl":"","labels":"{}"},"calls":{},"outputs":{},"status":"Submitted","id":"0cc0ad52-bbe5-4d9c-9495-fef866b07d8c","inputs":{},"labels":{"cromwell-workflow-id":"cromwell-0cc0ad52-bbe5-4d9c-9495-fef866b07d8c"},"submission":"2025-04-17T16:36:29.532Z"}'
    headers:
      Connection:
      - keep-alive
      Content-Type:
      - application/json
      Date:
      - Thu, 17 Apr 2025 16:40:02 GMT
      Server:
      - nginx/1.25.3
      Transfer-Encoding:
      - chunked
      content-length:
      - '771'
    status:
      code: 200
      message: OK
- request:
    body: ''
    headers:
      accept:
      - '*/*'
      accept-encoding:
      - gzip, deflate
      connection:
      - keep-alive
      host:
      - gizmok120.fhcrc.org:36633
      user-agent:
      - python-httpx/0.28.1
    method: GET
    uri: https://gizmok120.fhcrc.org:36633/api/workflows/v1/0cc0ad52-bbe5-4d9c-9495-fef866b07d8c/metadata?expandSubWorkflows=false&excludeKey=calls
  response:
    body:
      string: '{"submittedFiles":{"workflow":"version 1.0\n\nworkflow globNonmatching
        {\n    call create_files\n    output {\n        Array[File] unmatched_files
        = create_files.unmatched_files\n    }\n}\n\ntask create_files {\n    command
        <<<\n        echo \"Test file\" > test.txt\n    >>>\n    output {\n        Array[File]
        unmatched_files = glob(\"*.log\")\n    }\n}\n","root":"","options":"{\n  \"read_from_cache\":
        false,\n  \"workflow_failure_mode\": \"ContinueWhilePossible\",\n  \"write_to_cache\":
        false\n}","inputs":"{}","workflowUrl":"","labels":"{}"},"calls":{},"outputs":{},"status":"Submitted","id":"0cc0ad52-bbe5-4d9c-9495-fef866b07d8c","inputs":{},"labels":{"cromwell-workflow-id":"cromwell-0cc0ad52-bbe5-4d9c-9495-fef866b07d8c"},"submission":"2025-04-17T16:36:29.532Z"}'
    headers:
      Connection:
      - keep-alive
      Content-Type:
      - application/json
      Date:
      - Thu, 17 Apr 2025 16:40:07 GMT
      Server:
      - nginx/1.25.3
      Transfer-Encoding:
      - chunked
      content-length:
      - '771'
    status:
      code: 200
      message: OK
- request:
    body: ''
    headers:
      accept:
      - '*/*'
      accept-encoding:
      - gzip, deflate
      connection:
      - keep-alive
      host:
      - gizmok120.fhcrc.org:36633
      user-agent:
      - python-httpx/0.28.1
    method: GET
    uri: https://gizmok120.fhcrc.org:36633/api/workflows/v1/0cc0ad52-bbe5-4d9c-9495-fef866b07d8c/metadata?expandSubWorkflows=false&excludeKey=calls
  response:
    body:
      string: '{"submittedFiles":{"workflow":"version 1.0\n\nworkflow globNonmatching
        {\n    call create_files\n    output {\n        Array[File] unmatched_files
        = create_files.unmatched_files\n    }\n}\n\ntask create_files {\n    command
        <<<\n        echo \"Test file\" > test.txt\n    >>>\n    output {\n        Array[File]
        unmatched_files = glob(\"*.log\")\n    }\n}\n","root":"","options":"{\n  \"read_from_cache\":
        false,\n  \"workflow_failure_mode\": \"ContinueWhilePossible\",\n  \"write_to_cache\":
        false\n}","inputs":"{}","workflowUrl":"","labels":"{}"},"calls":{},"outputs":{},"status":"Submitted","id":"0cc0ad52-bbe5-4d9c-9495-fef866b07d8c","inputs":{},"labels":{"cromwell-workflow-id":"cromwell-0cc0ad52-bbe5-4d9c-9495-fef866b07d8c"},"submission":"2025-04-17T16:36:29.532Z"}'
    headers:
      Connection:
      - keep-alive
      Content-Type:
      - application/json
      Date:
      - Thu, 17 Apr 2025 16:40:12 GMT
      Server:
      - nginx/1.25.3
      Transfer-Encoding:
      - chunked
      content-length:
      - '771'
    status:
      code: 200
      message: OK
- request:
    body: ''
    headers:
      accept:
      - '*/*'
      accept-encoding:
      - gzip, deflate
      connection:
      - keep-alive
      host:
      - gizmok120.fhcrc.org:36633
      user-agent:
      - python-httpx/0.28.1
    method: GET
    uri: https://gizmok120.fhcrc.org:36633/api/workflows/v1/0cc0ad52-bbe5-4d9c-9495-fef866b07d8c/metadata?expandSubWorkflows=false&excludeKey=calls
  response:
    body:
      string: '{"submittedFiles":{"workflow":"version 1.0\n\nworkflow globNonmatching
        {\n    call create_files\n    output {\n        Array[File] unmatched_files
        = create_files.unmatched_files\n    }\n}\n\ntask create_files {\n    command
        <<<\n        echo \"Test file\" > test.txt\n    >>>\n    output {\n        Array[File]
        unmatched_files = glob(\"*.log\")\n    }\n}\n","root":"","options":"{\n  \"read_from_cache\":
        false,\n  \"workflow_failure_mode\": \"ContinueWhilePossible\",\n  \"write_to_cache\":
        false\n}","inputs":"{}","workflowUrl":"","labels":"{}"},"calls":{},"outputs":{},"status":"Submitted","id":"0cc0ad52-bbe5-4d9c-9495-fef866b07d8c","inputs":{},"labels":{"cromwell-workflow-id":"cromwell-0cc0ad52-bbe5-4d9c-9495-fef866b07d8c"},"submission":"2025-04-17T16:36:29.532Z"}'
    headers:
      Connection:
      - keep-alive
      Content-Type:
      - application/json
      Date:
      - Thu, 17 Apr 2025 16:40:17 GMT
      Server:
      - nginx/1.25.3
      Transfer-Encoding:
      - chunked
      content-length:
      - '771'
    status:
      code: 200
      message: OK
- request:
    body: ''
    headers:
      accept:
      - '*/*'
      accept-encoding:
      - gzip, deflate
      connection:
      - keep-alive
      host:
      - gizmok120.fhcrc.org:36633
      user-agent:
      - python-httpx/0.28.1
    method: GET
    uri: https://gizmok120.fhcrc.org:36633/api/workflows/v1/0cc0ad52-bbe5-4d9c-9495-fef866b07d8c/metadata?expandSubWorkflows=false&excludeKey=calls
  response:
    body:
      string: '{"submittedFiles":{"workflow":"version 1.0\n\nworkflow globNonmatching
        {\n    call create_files\n    output {\n        Array[File] unmatched_files
        = create_files.unmatched_files\n    }\n}\n\ntask create_files {\n    command
        <<<\n        echo \"Test file\" > test.txt\n    >>>\n    output {\n        Array[File]
        unmatched_files = glob(\"*.log\")\n    }\n}\n","root":"","options":"{\n  \"read_from_cache\":
        false,\n  \"workflow_failure_mode\": \"ContinueWhilePossible\",\n  \"write_to_cache\":
        false\n}","inputs":"{}","workflowUrl":"","labels":"{}"},"calls":{},"outputs":{},"status":"Submitted","id":"0cc0ad52-bbe5-4d9c-9495-fef866b07d8c","inputs":{},"labels":{"cromwell-workflow-id":"cromwell-0cc0ad52-bbe5-4d9c-9495-fef866b07d8c"},"submission":"2025-04-17T16:36:29.532Z"}'
    headers:
      Connection:
      - keep-alive
      Content-Type:
      - application/json
      Date:
      - Thu, 17 Apr 2025 16:40:23 GMT
      Server:
      - nginx/1.25.3
      Transfer-Encoding:
      - chunked
      content-length:
      - '771'
    status:
      code: 200
      message: OK
- request:
    body: ''
    headers:
      accept:
      - '*/*'
      accept-encoding:
      - gzip, deflate
      connection:
      - keep-alive
      host:
      - gizmok120.fhcrc.org:36633
      user-agent:
      - python-httpx/0.28.1
    method: GET
    uri: https://gizmok120.fhcrc.org:36633/api/workflows/v1/0cc0ad52-bbe5-4d9c-9495-fef866b07d8c/metadata?expandSubWorkflows=false&excludeKey=calls
  response:
    body:
      string: '{"submittedFiles":{"workflow":"version 1.0\n\nworkflow globNonmatching
        {\n    call create_files\n    output {\n        Array[File] unmatched_files
        = create_files.unmatched_files\n    }\n}\n\ntask create_files {\n    command
        <<<\n        echo \"Test file\" > test.txt\n    >>>\n    output {\n        Array[File]
        unmatched_files = glob(\"*.log\")\n    }\n}\n","root":"","options":"{\n  \"read_from_cache\":
        false,\n  \"workflow_failure_mode\": \"ContinueWhilePossible\",\n  \"write_to_cache\":
        false\n}","inputs":"{}","workflowUrl":"","labels":"{}"},"calls":{},"outputs":{},"status":"Submitted","id":"0cc0ad52-bbe5-4d9c-9495-fef866b07d8c","inputs":{},"labels":{"cromwell-workflow-id":"cromwell-0cc0ad52-bbe5-4d9c-9495-fef866b07d8c"},"submission":"2025-04-17T16:36:29.532Z"}'
    headers:
      Connection:
      - keep-alive
      Content-Type:
      - application/json
      Date:
      - Thu, 17 Apr 2025 16:40:28 GMT
      Server:
      - nginx/1.25.3
      Transfer-Encoding:
      - chunked
      content-length:
      - '771'
    status:
      code: 200
      message: OK
- request:
    body: ''
    headers:
      accept:
      - '*/*'
      accept-encoding:
      - gzip, deflate
      connection:
      - keep-alive
      host:
      - gizmok120.fhcrc.org:36633
      user-agent:
      - python-httpx/0.28.1
    method: GET
    uri: https://gizmok120.fhcrc.org:36633/api/workflows/v1/0cc0ad52-bbe5-4d9c-9495-fef866b07d8c/metadata?expandSubWorkflows=false&excludeKey=calls
  response:
    body:
      string: '{"submittedFiles":{"workflow":"version 1.0\n\nworkflow globNonmatching
        {\n    call create_files\n    output {\n        Array[File] unmatched_files
        = create_files.unmatched_files\n    }\n}\n\ntask create_files {\n    command
        <<<\n        echo \"Test file\" > test.txt\n    >>>\n    output {\n        Array[File]
        unmatched_files = glob(\"*.log\")\n    }\n}\n","root":"","options":"{\n  \"read_from_cache\":
        false,\n  \"workflow_failure_mode\": \"ContinueWhilePossible\",\n  \"write_to_cache\":
        false\n}","inputs":"{}","workflowUrl":"","labels":"{}"},"calls":{},"outputs":{},"status":"Submitted","id":"0cc0ad52-bbe5-4d9c-9495-fef866b07d8c","inputs":{},"labels":{"cromwell-workflow-id":"cromwell-0cc0ad52-bbe5-4d9c-9495-fef866b07d8c"},"submission":"2025-04-17T16:36:29.532Z"}'
    headers:
      Connection:
      - keep-alive
      Content-Type:
      - application/json
      Date:
      - Thu, 17 Apr 2025 16:40:33 GMT
      Server:
      - nginx/1.25.3
      Transfer-Encoding:
      - chunked
      content-length:
      - '771'
    status:
      code: 200
      message: OK
- request:
    body: ''
    headers:
      accept:
      - '*/*'
      accept-encoding:
      - gzip, deflate
      connection:
      - keep-alive
      host:
      - gizmok120.fhcrc.org:36633
      user-agent:
      - python-httpx/0.28.1
    method: GET
    uri: https://gizmok120.fhcrc.org:36633/api/workflows/v1/0cc0ad52-bbe5-4d9c-9495-fef866b07d8c/metadata?expandSubWorkflows=false&excludeKey=calls
  response:
    body:
      string: '{"submittedFiles":{"workflow":"version 1.0\n\nworkflow globNonmatching
        {\n    call create_files\n    output {\n        Array[File] unmatched_files
        = create_files.unmatched_files\n    }\n}\n\ntask create_files {\n    command
        <<<\n        echo \"Test file\" > test.txt\n    >>>\n    output {\n        Array[File]
        unmatched_files = glob(\"*.log\")\n    }\n}\n","root":"","options":"{\n  \"read_from_cache\":
        false,\n  \"workflow_failure_mode\": \"ContinueWhilePossible\",\n  \"write_to_cache\":
        false\n}","inputs":"{}","workflowUrl":"","labels":"{}"},"calls":{},"outputs":{},"status":"Submitted","id":"0cc0ad52-bbe5-4d9c-9495-fef866b07d8c","inputs":{},"labels":{"cromwell-workflow-id":"cromwell-0cc0ad52-bbe5-4d9c-9495-fef866b07d8c"},"submission":"2025-04-17T16:36:29.532Z"}'
    headers:
      Connection:
      - keep-alive
      Content-Type:
      - application/json
      Date:
      - Thu, 17 Apr 2025 16:40:38 GMT
      Server:
      - nginx/1.25.3
      Transfer-Encoding:
      - chunked
      content-length:
      - '771'
    status:
      code: 200
      message: OK
- request:
    body: ''
    headers:
      accept:
      - '*/*'
      accept-encoding:
      - gzip, deflate
      connection:
      - keep-alive
      host:
      - gizmok120.fhcrc.org:36633
      user-agent:
      - python-httpx/0.28.1
    method: GET
    uri: https://gizmok120.fhcrc.org:36633/api/workflows/v1/0cc0ad52-bbe5-4d9c-9495-fef866b07d8c/metadata?expandSubWorkflows=false&excludeKey=calls
  response:
    body:
      string: '{"submittedFiles":{"workflow":"version 1.0\n\nworkflow globNonmatching
        {\n    call create_files\n    output {\n        Array[File] unmatched_files
        = create_files.unmatched_files\n    }\n}\n\ntask create_files {\n    command
        <<<\n        echo \"Test file\" > test.txt\n    >>>\n    output {\n        Array[File]
        unmatched_files = glob(\"*.log\")\n    }\n}\n","root":"","options":"{\n  \"read_from_cache\":
        false,\n  \"workflow_failure_mode\": \"ContinueWhilePossible\",\n  \"write_to_cache\":
        false\n}","inputs":"{}","workflowUrl":"","labels":"{}"},"calls":{},"outputs":{},"status":"Submitted","id":"0cc0ad52-bbe5-4d9c-9495-fef866b07d8c","inputs":{},"labels":{"cromwell-workflow-id":"cromwell-0cc0ad52-bbe5-4d9c-9495-fef866b07d8c"},"submission":"2025-04-17T16:36:29.532Z"}'
    headers:
      Connection:
      - keep-alive
      Content-Type:
      - application/json
      Date:
      - Thu, 17 Apr 2025 16:40:43 GMT
      Server:
      - nginx/1.25.3
      Transfer-Encoding:
      - chunked
      content-length:
      - '771'
    status:
      code: 200
      message: OK
- request:
    body: ''
    headers:
      accept:
      - '*/*'
      accept-encoding:
      - gzip, deflate
      connection:
      - keep-alive
      host:
      - gizmok120.fhcrc.org:36633
      user-agent:
      - python-httpx/0.28.1
    method: GET
    uri: https://gizmok120.fhcrc.org:36633/api/workflows/v1/0cc0ad52-bbe5-4d9c-9495-fef866b07d8c/metadata?expandSubWorkflows=false&excludeKey=calls
  response:
    body:
      string: '{"submittedFiles":{"workflow":"version 1.0\n\nworkflow globNonmatching
        {\n    call create_files\n    output {\n        Array[File] unmatched_files
        = create_files.unmatched_files\n    }\n}\n\ntask create_files {\n    command
        <<<\n        echo \"Test file\" > test.txt\n    >>>\n    output {\n        Array[File]
        unmatched_files = glob(\"*.log\")\n    }\n}\n","root":"","options":"{\n  \"read_from_cache\":
        false,\n  \"workflow_failure_mode\": \"ContinueWhilePossible\",\n  \"write_to_cache\":
        false\n}","inputs":"{}","workflowUrl":"","labels":"{}"},"calls":{},"outputs":{},"status":"Submitted","id":"0cc0ad52-bbe5-4d9c-9495-fef866b07d8c","inputs":{},"labels":{"cromwell-workflow-id":"cromwell-0cc0ad52-bbe5-4d9c-9495-fef866b07d8c"},"submission":"2025-04-17T16:36:29.532Z"}'
    headers:
      Connection:
      - keep-alive
      Content-Type:
      - application/json
      Date:
      - Thu, 17 Apr 2025 16:40:48 GMT
      Server:
      - nginx/1.25.3
      Transfer-Encoding:
      - chunked
      content-length:
      - '771'
    status:
      code: 200
      message: OK
- request:
    body: ''
    headers:
      accept:
      - '*/*'
      accept-encoding:
      - gzip, deflate
      connection:
      - keep-alive
      host:
      - gizmok120.fhcrc.org:36633
      user-agent:
      - python-httpx/0.28.1
    method: GET
    uri: https://gizmok120.fhcrc.org:36633/api/workflows/v1/0cc0ad52-bbe5-4d9c-9495-fef866b07d8c/metadata?expandSubWorkflows=false&excludeKey=calls
  response:
    body:
      string: '{"submittedFiles":{"workflow":"version 1.0\n\nworkflow globNonmatching
        {\n    call create_files\n    output {\n        Array[File] unmatched_files
        = create_files.unmatched_files\n    }\n}\n\ntask create_files {\n    command
        <<<\n        echo \"Test file\" > test.txt\n    >>>\n    output {\n        Array[File]
        unmatched_files = glob(\"*.log\")\n    }\n}\n","root":"","options":"{\n  \"read_from_cache\":
        false,\n  \"workflow_failure_mode\": \"ContinueWhilePossible\",\n  \"write_to_cache\":
        false\n}","inputs":"{}","workflowUrl":"","labels":"{}"},"calls":{},"outputs":{},"status":"Submitted","id":"0cc0ad52-bbe5-4d9c-9495-fef866b07d8c","inputs":{},"labels":{"cromwell-workflow-id":"cromwell-0cc0ad52-bbe5-4d9c-9495-fef866b07d8c"},"submission":"2025-04-17T16:36:29.532Z"}'
    headers:
      Connection:
      - keep-alive
      Content-Type:
      - application/json
      Date:
      - Thu, 17 Apr 2025 16:40:53 GMT
      Server:
      - nginx/1.25.3
      Transfer-Encoding:
      - chunked
      content-length:
      - '771'
    status:
      code: 200
      message: OK
- request:
    body: ''
    headers:
      accept:
      - '*/*'
      accept-encoding:
      - gzip, deflate
      connection:
      - keep-alive
      host:
      - gizmok120.fhcrc.org:36633
      user-agent:
      - python-httpx/0.28.1
    method: GET
    uri: https://gizmok120.fhcrc.org:36633/api/workflows/v1/0cc0ad52-bbe5-4d9c-9495-fef866b07d8c/metadata?expandSubWorkflows=false&excludeKey=calls
  response:
    body:
      string: '{"submittedFiles":{"workflow":"version 1.0\n\nworkflow globNonmatching
        {\n    call create_files\n    output {\n        Array[File] unmatched_files
        = create_files.unmatched_files\n    }\n}\n\ntask create_files {\n    command
        <<<\n        echo \"Test file\" > test.txt\n    >>>\n    output {\n        Array[File]
        unmatched_files = glob(\"*.log\")\n    }\n}\n","root":"","options":"{\n  \"read_from_cache\":
        false,\n  \"workflow_failure_mode\": \"ContinueWhilePossible\",\n  \"write_to_cache\":
        false\n}","inputs":"{}","workflowUrl":"","labels":"{}"},"calls":{},"outputs":{},"status":"Submitted","id":"0cc0ad52-bbe5-4d9c-9495-fef866b07d8c","inputs":{},"labels":{"cromwell-workflow-id":"cromwell-0cc0ad52-bbe5-4d9c-9495-fef866b07d8c"},"submission":"2025-04-17T16:36:29.532Z"}'
    headers:
      Connection:
      - keep-alive
      Content-Type:
      - application/json
      Date:
      - Thu, 17 Apr 2025 16:40:58 GMT
      Server:
      - nginx/1.25.3
      Transfer-Encoding:
      - chunked
      content-length:
      - '771'
    status:
      code: 200
      message: OK
- request:
    body: ''
    headers:
      accept:
      - '*/*'
      accept-encoding:
      - gzip, deflate
      connection:
      - keep-alive
      host:
      - gizmok120.fhcrc.org:36633
      user-agent:
      - python-httpx/0.28.1
    method: GET
    uri: https://gizmok120.fhcrc.org:36633/api/workflows/v1/0cc0ad52-bbe5-4d9c-9495-fef866b07d8c/metadata?expandSubWorkflows=false&excludeKey=calls
  response:
    body:
      string: '{"submittedFiles":{"workflow":"version 1.0\n\nworkflow globNonmatching
        {\n    call create_files\n    output {\n        Array[File] unmatched_files
        = create_files.unmatched_files\n    }\n}\n\ntask create_files {\n    command
        <<<\n        echo \"Test file\" > test.txt\n    >>>\n    output {\n        Array[File]
        unmatched_files = glob(\"*.log\")\n    }\n}\n","root":"","options":"{\n  \"read_from_cache\":
        false,\n  \"workflow_failure_mode\": \"ContinueWhilePossible\",\n  \"write_to_cache\":
        false\n}","inputs":"{}","workflowUrl":"","labels":"{}"},"calls":{},"outputs":{},"status":"Submitted","id":"0cc0ad52-bbe5-4d9c-9495-fef866b07d8c","inputs":{},"labels":{"cromwell-workflow-id":"cromwell-0cc0ad52-bbe5-4d9c-9495-fef866b07d8c"},"submission":"2025-04-17T16:36:29.532Z"}'
    headers:
      Connection:
      - keep-alive
      Content-Type:
      - application/json
      Date:
      - Thu, 17 Apr 2025 16:41:03 GMT
      Server:
      - nginx/1.25.3
      Transfer-Encoding:
      - chunked
      content-length:
      - '771'
    status:
      code: 200
      message: OK
- request:
    body: ''
    headers:
      accept:
      - '*/*'
      accept-encoding:
      - gzip, deflate
      connection:
      - keep-alive
      host:
      - gizmok120.fhcrc.org:36633
      user-agent:
      - python-httpx/0.28.1
    method: GET
    uri: https://gizmok120.fhcrc.org:36633/api/workflows/v1/0cc0ad52-bbe5-4d9c-9495-fef866b07d8c/metadata?expandSubWorkflows=false&excludeKey=calls
  response:
    body:
      string: '{"submittedFiles":{"workflow":"version 1.0\n\nworkflow globNonmatching
        {\n    call create_files\n    output {\n        Array[File] unmatched_files
        = create_files.unmatched_files\n    }\n}\n\ntask create_files {\n    command
        <<<\n        echo \"Test file\" > test.txt\n    >>>\n    output {\n        Array[File]
        unmatched_files = glob(\"*.log\")\n    }\n}\n","root":"","options":"{\n  \"read_from_cache\":
        false,\n  \"workflow_failure_mode\": \"ContinueWhilePossible\",\n  \"write_to_cache\":
        false\n}","inputs":"{}","workflowUrl":"","labels":"{}"},"calls":{},"outputs":{},"status":"Submitted","id":"0cc0ad52-bbe5-4d9c-9495-fef866b07d8c","inputs":{},"labels":{"cromwell-workflow-id":"cromwell-0cc0ad52-bbe5-4d9c-9495-fef866b07d8c"},"submission":"2025-04-17T16:36:29.532Z"}'
    headers:
      Connection:
      - keep-alive
      Content-Type:
      - application/json
      Date:
      - Thu, 17 Apr 2025 16:41:08 GMT
      Server:
      - nginx/1.25.3
      Transfer-Encoding:
      - chunked
      content-length:
      - '771'
    status:
      code: 200
      message: OK
- request:
    body: ''
    headers:
      accept:
      - '*/*'
      accept-encoding:
      - gzip, deflate
      connection:
      - keep-alive
      host:
      - gizmok120.fhcrc.org:36633
      user-agent:
      - python-httpx/0.28.1
    method: GET
    uri: https://gizmok120.fhcrc.org:36633/api/workflows/v1/0cc0ad52-bbe5-4d9c-9495-fef866b07d8c/metadata?expandSubWorkflows=false&excludeKey=calls
  response:
    body:
      string: '{"submittedFiles":{"workflow":"version 1.0\n\nworkflow globNonmatching
        {\n    call create_files\n    output {\n        Array[File] unmatched_files
        = create_files.unmatched_files\n    }\n}\n\ntask create_files {\n    command
        <<<\n        echo \"Test file\" > test.txt\n    >>>\n    output {\n        Array[File]
        unmatched_files = glob(\"*.log\")\n    }\n}\n","root":"","options":"{\n  \"read_from_cache\":
        false,\n  \"workflow_failure_mode\": \"ContinueWhilePossible\",\n  \"write_to_cache\":
        false\n}","inputs":"{}","workflowUrl":"","labels":"{}"},"calls":{},"outputs":{},"status":"Submitted","id":"0cc0ad52-bbe5-4d9c-9495-fef866b07d8c","inputs":{},"labels":{"cromwell-workflow-id":"cromwell-0cc0ad52-bbe5-4d9c-9495-fef866b07d8c"},"submission":"2025-04-17T16:36:29.532Z"}'
    headers:
      Connection:
      - keep-alive
      Content-Type:
      - application/json
      Date:
      - Thu, 17 Apr 2025 16:41:13 GMT
      Server:
      - nginx/1.25.3
      Transfer-Encoding:
      - chunked
      content-length:
      - '771'
    status:
      code: 200
      message: OK
- request:
    body: ''
    headers:
      accept:
      - '*/*'
      accept-encoding:
      - gzip, deflate
      connection:
      - keep-alive
      host:
      - gizmok120.fhcrc.org:36633
      user-agent:
      - python-httpx/0.28.1
    method: GET
    uri: https://gizmok120.fhcrc.org:36633/api/workflows/v1/0cc0ad52-bbe5-4d9c-9495-fef866b07d8c/metadata?expandSubWorkflows=false&excludeKey=calls
  response:
    body:
      string: '{"submittedFiles":{"workflow":"version 1.0\n\nworkflow globNonmatching
        {\n    call create_files\n    output {\n        Array[File] unmatched_files
        = create_files.unmatched_files\n    }\n}\n\ntask create_files {\n    command
        <<<\n        echo \"Test file\" > test.txt\n    >>>\n    output {\n        Array[File]
        unmatched_files = glob(\"*.log\")\n    }\n}\n","root":"","options":"{\n  \"read_from_cache\":
        false,\n  \"workflow_failure_mode\": \"ContinueWhilePossible\",\n  \"write_to_cache\":
        false\n}","inputs":"{}","workflowUrl":"","labels":"{}"},"calls":{},"outputs":{},"status":"Submitted","id":"0cc0ad52-bbe5-4d9c-9495-fef866b07d8c","inputs":{},"labels":{"cromwell-workflow-id":"cromwell-0cc0ad52-bbe5-4d9c-9495-fef866b07d8c"},"submission":"2025-04-17T16:36:29.532Z"}'
    headers:
      Connection:
      - keep-alive
      Content-Type:
      - application/json
      Date:
      - Thu, 17 Apr 2025 16:41:18 GMT
      Server:
      - nginx/1.25.3
      Transfer-Encoding:
      - chunked
      content-length:
      - '771'
    status:
      code: 200
      message: OK
- request:
    body: ''
    headers:
      accept:
      - '*/*'
      accept-encoding:
      - gzip, deflate
      connection:
      - keep-alive
      host:
      - gizmok120.fhcrc.org:36633
      user-agent:
      - python-httpx/0.28.1
    method: GET
    uri: https://gizmok120.fhcrc.org:36633/api/workflows/v1/0cc0ad52-bbe5-4d9c-9495-fef866b07d8c/metadata?expandSubWorkflows=false&excludeKey=calls
  response:
    body:
      string: '{"submittedFiles":{"workflow":"version 1.0\n\nworkflow globNonmatching
        {\n    call create_files\n    output {\n        Array[File] unmatched_files
        = create_files.unmatched_files\n    }\n}\n\ntask create_files {\n    command
        <<<\n        echo \"Test file\" > test.txt\n    >>>\n    output {\n        Array[File]
        unmatched_files = glob(\"*.log\")\n    }\n}\n","root":"","options":"{\n  \"read_from_cache\":
        false,\n  \"workflow_failure_mode\": \"ContinueWhilePossible\",\n  \"write_to_cache\":
        false\n}","inputs":"{}","workflowUrl":"","labels":"{}"},"calls":{},"outputs":{},"status":"Submitted","id":"0cc0ad52-bbe5-4d9c-9495-fef866b07d8c","inputs":{},"labels":{"cromwell-workflow-id":"cromwell-0cc0ad52-bbe5-4d9c-9495-fef866b07d8c"},"submission":"2025-04-17T16:36:29.532Z"}'
    headers:
      Connection:
      - keep-alive
      Content-Type:
      - application/json
      Date:
      - Thu, 17 Apr 2025 16:41:24 GMT
      Server:
      - nginx/1.25.3
      Transfer-Encoding:
      - chunked
      content-length:
      - '771'
    status:
      code: 200
      message: OK
- request:
    body: ''
    headers:
      accept:
      - '*/*'
      accept-encoding:
      - gzip, deflate
      connection:
      - keep-alive
      host:
      - gizmok120.fhcrc.org:36633
      user-agent:
      - python-httpx/0.28.1
    method: GET
    uri: https://gizmok120.fhcrc.org:36633/api/workflows/v1/0cc0ad52-bbe5-4d9c-9495-fef866b07d8c/metadata?expandSubWorkflows=false&excludeKey=calls
  response:
    body:
      string: '{"submittedFiles":{"workflow":"version 1.0\n\nworkflow globNonmatching
        {\n    call create_files\n    output {\n        Array[File] unmatched_files
        = create_files.unmatched_files\n    }\n}\n\ntask create_files {\n    command
        <<<\n        echo \"Test file\" > test.txt\n    >>>\n    output {\n        Array[File]
        unmatched_files = glob(\"*.log\")\n    }\n}\n","root":"","options":"{\n  \"read_from_cache\":
        false,\n  \"workflow_failure_mode\": \"ContinueWhilePossible\",\n  \"write_to_cache\":
        false\n}","inputs":"{}","workflowUrl":"","labels":"{}"},"calls":{},"outputs":{},"status":"Submitted","id":"0cc0ad52-bbe5-4d9c-9495-fef866b07d8c","inputs":{},"labels":{"cromwell-workflow-id":"cromwell-0cc0ad52-bbe5-4d9c-9495-fef866b07d8c"},"submission":"2025-04-17T16:36:29.532Z"}'
    headers:
      Connection:
      - keep-alive
      Content-Type:
      - application/json
      Date:
      - Thu, 17 Apr 2025 16:41:29 GMT
      Server:
      - nginx/1.25.3
      Transfer-Encoding:
      - chunked
      content-length:
      - '771'
    status:
      code: 200
      message: OK
- request:
    body: ''
    headers:
      accept:
      - '*/*'
      accept-encoding:
      - gzip, deflate
      connection:
      - keep-alive
      host:
      - gizmok120.fhcrc.org:36633
      user-agent:
      - python-httpx/0.28.1
    method: GET
    uri: https://gizmok120.fhcrc.org:36633/api/workflows/v1/0cc0ad52-bbe5-4d9c-9495-fef866b07d8c/metadata?expandSubWorkflows=false&excludeKey=calls
  response:
    body:
      string: '{"submittedFiles":{"workflow":"version 1.0\n\nworkflow globNonmatching
        {\n    call create_files\n    output {\n        Array[File] unmatched_files
        = create_files.unmatched_files\n    }\n}\n\ntask create_files {\n    command
        <<<\n        echo \"Test file\" > test.txt\n    >>>\n    output {\n        Array[File]
        unmatched_files = glob(\"*.log\")\n    }\n}\n","root":"","options":"{\n  \"read_from_cache\":
        false,\n  \"workflow_failure_mode\": \"ContinueWhilePossible\",\n  \"write_to_cache\":
        false\n}","inputs":"{}","workflowUrl":"","labels":"{}"},"calls":{},"outputs":{},"status":"Submitted","id":"0cc0ad52-bbe5-4d9c-9495-fef866b07d8c","inputs":{},"labels":{"cromwell-workflow-id":"cromwell-0cc0ad52-bbe5-4d9c-9495-fef866b07d8c"},"submission":"2025-04-17T16:36:29.532Z"}'
    headers:
      Connection:
      - keep-alive
      Content-Type:
      - application/json
      Date:
      - Thu, 17 Apr 2025 16:41:34 GMT
      Server:
      - nginx/1.25.3
      Transfer-Encoding:
      - chunked
      content-length:
      - '771'
    status:
      code: 200
      message: OK
- request:
    body: ''
    headers:
      accept:
      - '*/*'
      accept-encoding:
      - gzip, deflate
      connection:
      - keep-alive
      host:
      - gizmok120.fhcrc.org:36633
      user-agent:
      - python-httpx/0.28.1
    method: GET
    uri: https://gizmok120.fhcrc.org:36633/api/workflows/v1/0cc0ad52-bbe5-4d9c-9495-fef866b07d8c/metadata?expandSubWorkflows=false&excludeKey=calls
  response:
    body:
      string: '{"submittedFiles":{"workflow":"version 1.0\n\nworkflow globNonmatching
        {\n    call create_files\n    output {\n        Array[File] unmatched_files
        = create_files.unmatched_files\n    }\n}\n\ntask create_files {\n    command
        <<<\n        echo \"Test file\" > test.txt\n    >>>\n    output {\n        Array[File]
        unmatched_files = glob(\"*.log\")\n    }\n}\n","root":"","options":"{\n  \"read_from_cache\":
        false,\n  \"workflow_failure_mode\": \"ContinueWhilePossible\",\n  \"write_to_cache\":
        false\n}","inputs":"{}","workflowUrl":"","labels":"{}"},"calls":{},"outputs":{},"status":"Submitted","id":"0cc0ad52-bbe5-4d9c-9495-fef866b07d8c","inputs":{},"labels":{"cromwell-workflow-id":"cromwell-0cc0ad52-bbe5-4d9c-9495-fef866b07d8c"},"submission":"2025-04-17T16:36:29.532Z"}'
    headers:
      Connection:
      - keep-alive
      Content-Type:
      - application/json
      Date:
      - Thu, 17 Apr 2025 16:41:39 GMT
      Server:
      - nginx/1.25.3
      Transfer-Encoding:
      - chunked
      content-length:
      - '771'
    status:
      code: 200
      message: OK
- request:
    body: ''
    headers:
      accept:
      - '*/*'
      accept-encoding:
      - gzip, deflate
      connection:
      - keep-alive
      host:
      - gizmok120.fhcrc.org:36633
      user-agent:
      - python-httpx/0.28.1
    method: GET
    uri: https://gizmok120.fhcrc.org:36633/api/workflows/v1/0cc0ad52-bbe5-4d9c-9495-fef866b07d8c/metadata?expandSubWorkflows=false&excludeKey=calls
  response:
    body:
      string: '{"submittedFiles":{"workflow":"version 1.0\n\nworkflow globNonmatching
        {\n    call create_files\n    output {\n        Array[File] unmatched_files
        = create_files.unmatched_files\n    }\n}\n\ntask create_files {\n    command
        <<<\n        echo \"Test file\" > test.txt\n    >>>\n    output {\n        Array[File]
        unmatched_files = glob(\"*.log\")\n    }\n}\n","root":"","options":"{\n  \"read_from_cache\":
        false,\n  \"workflow_failure_mode\": \"ContinueWhilePossible\",\n  \"write_to_cache\":
        false\n}","inputs":"{}","workflowUrl":"","labels":"{}"},"calls":{},"outputs":{},"status":"Submitted","id":"0cc0ad52-bbe5-4d9c-9495-fef866b07d8c","inputs":{},"labels":{"cromwell-workflow-id":"cromwell-0cc0ad52-bbe5-4d9c-9495-fef866b07d8c"},"submission":"2025-04-17T16:36:29.532Z"}'
    headers:
      Connection:
      - keep-alive
      Content-Type:
      - application/json
      Date:
      - Thu, 17 Apr 2025 16:41:44 GMT
      Server:
      - nginx/1.25.3
      Transfer-Encoding:
      - chunked
      content-length:
      - '771'
    status:
      code: 200
      message: OK
- request:
    body: ''
    headers:
      accept:
      - '*/*'
      accept-encoding:
      - gzip, deflate
      connection:
      - keep-alive
      host:
      - gizmok120.fhcrc.org:36633
      user-agent:
      - python-httpx/0.28.1
    method: GET
    uri: https://gizmok120.fhcrc.org:36633/api/workflows/v1/0cc0ad52-bbe5-4d9c-9495-fef866b07d8c/metadata?expandSubWorkflows=false&excludeKey=calls
  response:
    body:
      string: '{"submittedFiles":{"workflow":"version 1.0\n\nworkflow globNonmatching
        {\n    call create_files\n    output {\n        Array[File] unmatched_files
        = create_files.unmatched_files\n    }\n}\n\ntask create_files {\n    command
        <<<\n        echo \"Test file\" > test.txt\n    >>>\n    output {\n        Array[File]
        unmatched_files = glob(\"*.log\")\n    }\n}\n","root":"","options":"{\n  \"read_from_cache\":
        false,\n  \"workflow_failure_mode\": \"ContinueWhilePossible\",\n  \"write_to_cache\":
        false\n}","inputs":"{}","workflowUrl":"","labels":"{}"},"calls":{},"outputs":{},"status":"Submitted","id":"0cc0ad52-bbe5-4d9c-9495-fef866b07d8c","inputs":{},"labels":{"cromwell-workflow-id":"cromwell-0cc0ad52-bbe5-4d9c-9495-fef866b07d8c"},"submission":"2025-04-17T16:36:29.532Z"}'
    headers:
      Connection:
      - keep-alive
      Content-Type:
      - application/json
      Date:
      - Thu, 17 Apr 2025 16:41:49 GMT
      Server:
      - nginx/1.25.3
      Transfer-Encoding:
      - chunked
      content-length:
      - '771'
    status:
      code: 200
      message: OK
- request:
    body: ''
    headers:
      accept:
      - '*/*'
      accept-encoding:
      - gzip, deflate
      connection:
      - keep-alive
      host:
      - gizmok120.fhcrc.org:36633
      user-agent:
      - python-httpx/0.28.1
    method: GET
    uri: https://gizmok120.fhcrc.org:36633/api/workflows/v1/0cc0ad52-bbe5-4d9c-9495-fef866b07d8c/metadata?expandSubWorkflows=false&excludeKey=calls
  response:
    body:
      string: '{"submittedFiles":{"workflow":"version 1.0\n\nworkflow globNonmatching
        {\n    call create_files\n    output {\n        Array[File] unmatched_files
        = create_files.unmatched_files\n    }\n}\n\ntask create_files {\n    command
        <<<\n        echo \"Test file\" > test.txt\n    >>>\n    output {\n        Array[File]
        unmatched_files = glob(\"*.log\")\n    }\n}\n","root":"","options":"{\n  \"read_from_cache\":
        false,\n  \"workflow_failure_mode\": \"ContinueWhilePossible\",\n  \"write_to_cache\":
        false\n}","inputs":"{}","workflowUrl":"","labels":"{}"},"calls":{},"outputs":{},"status":"Submitted","id":"0cc0ad52-bbe5-4d9c-9495-fef866b07d8c","inputs":{},"labels":{"cromwell-workflow-id":"cromwell-0cc0ad52-bbe5-4d9c-9495-fef866b07d8c"},"submission":"2025-04-17T16:36:29.532Z"}'
    headers:
      Connection:
      - keep-alive
      Content-Type:
      - application/json
      Date:
      - Thu, 17 Apr 2025 16:41:54 GMT
      Server:
      - nginx/1.25.3
      Transfer-Encoding:
      - chunked
      content-length:
      - '771'
    status:
      code: 200
      message: OK
- request:
    body: ''
    headers:
      accept:
      - '*/*'
      accept-encoding:
      - gzip, deflate
      connection:
      - keep-alive
      host:
      - gizmok120.fhcrc.org:36633
      user-agent:
      - python-httpx/0.28.1
    method: GET
    uri: https://gizmok120.fhcrc.org:36633/api/workflows/v1/0cc0ad52-bbe5-4d9c-9495-fef866b07d8c/metadata?expandSubWorkflows=false&excludeKey=calls
  response:
    body:
      string: '{"submittedFiles":{"workflow":"version 1.0\n\nworkflow globNonmatching
        {\n    call create_files\n    output {\n        Array[File] unmatched_files
        = create_files.unmatched_files\n    }\n}\n\ntask create_files {\n    command
        <<<\n        echo \"Test file\" > test.txt\n    >>>\n    output {\n        Array[File]
        unmatched_files = glob(\"*.log\")\n    }\n}\n","root":"","options":"{\n  \"read_from_cache\":
        false,\n  \"workflow_failure_mode\": \"ContinueWhilePossible\",\n  \"write_to_cache\":
        false\n}","inputs":"{}","workflowUrl":"","labels":"{}"},"calls":{},"outputs":{},"status":"Submitted","id":"0cc0ad52-bbe5-4d9c-9495-fef866b07d8c","inputs":{},"labels":{"cromwell-workflow-id":"cromwell-0cc0ad52-bbe5-4d9c-9495-fef866b07d8c"},"submission":"2025-04-17T16:36:29.532Z"}'
    headers:
      Connection:
      - keep-alive
      Content-Type:
      - application/json
      Date:
      - Thu, 17 Apr 2025 16:41:59 GMT
      Server:
      - nginx/1.25.3
      Transfer-Encoding:
      - chunked
      content-length:
      - '771'
    status:
      code: 200
      message: OK
- request:
    body: ''
    headers:
      accept:
      - '*/*'
      accept-encoding:
      - gzip, deflate
      connection:
      - keep-alive
      host:
      - gizmok120.fhcrc.org:36633
      user-agent:
      - python-httpx/0.28.1
    method: GET
    uri: https://gizmok120.fhcrc.org:36633/api/workflows/v1/0cc0ad52-bbe5-4d9c-9495-fef866b07d8c/metadata?expandSubWorkflows=false&excludeKey=calls
  response:
    body:
      string: '{"submittedFiles":{"workflow":"version 1.0\n\nworkflow globNonmatching
        {\n    call create_files\n    output {\n        Array[File] unmatched_files
        = create_files.unmatched_files\n    }\n}\n\ntask create_files {\n    command
        <<<\n        echo \"Test file\" > test.txt\n    >>>\n    output {\n        Array[File]
        unmatched_files = glob(\"*.log\")\n    }\n}\n","root":"","options":"{\n  \"read_from_cache\":
        false,\n  \"workflow_failure_mode\": \"ContinueWhilePossible\",\n  \"write_to_cache\":
        false\n}","inputs":"{}","workflowUrl":"","labels":"{}"},"calls":{},"outputs":{},"status":"Submitted","id":"0cc0ad52-bbe5-4d9c-9495-fef866b07d8c","inputs":{},"labels":{"cromwell-workflow-id":"cromwell-0cc0ad52-bbe5-4d9c-9495-fef866b07d8c"},"submission":"2025-04-17T16:36:29.532Z"}'
    headers:
      Connection:
      - keep-alive
      Content-Type:
      - application/json
      Date:
      - Thu, 17 Apr 2025 16:42:04 GMT
      Server:
      - nginx/1.25.3
      Transfer-Encoding:
      - chunked
      content-length:
      - '771'
    status:
      code: 200
      message: OK
- request:
    body: ''
    headers:
      accept:
      - '*/*'
      accept-encoding:
      - gzip, deflate
      connection:
      - keep-alive
      host:
      - gizmok120.fhcrc.org:36633
      user-agent:
      - python-httpx/0.28.1
    method: GET
    uri: https://gizmok120.fhcrc.org:36633/api/workflows/v1/0cc0ad52-bbe5-4d9c-9495-fef866b07d8c/metadata?expandSubWorkflows=false&excludeKey=calls
  response:
    body:
      string: '{"submittedFiles":{"workflow":"version 1.0\n\nworkflow globNonmatching
        {\n    call create_files\n    output {\n        Array[File] unmatched_files
        = create_files.unmatched_files\n    }\n}\n\ntask create_files {\n    command
        <<<\n        echo \"Test file\" > test.txt\n    >>>\n    output {\n        Array[File]
        unmatched_files = glob(\"*.log\")\n    }\n}\n","root":"","options":"{\n  \"read_from_cache\":
        false,\n  \"workflow_failure_mode\": \"ContinueWhilePossible\",\n  \"write_to_cache\":
        false\n}","inputs":"{}","workflowUrl":"","labels":"{}"},"calls":{},"outputs":{},"status":"Submitted","id":"0cc0ad52-bbe5-4d9c-9495-fef866b07d8c","inputs":{},"labels":{"cromwell-workflow-id":"cromwell-0cc0ad52-bbe5-4d9c-9495-fef866b07d8c"},"submission":"2025-04-17T16:36:29.532Z"}'
    headers:
      Connection:
      - keep-alive
      Content-Type:
      - application/json
      Date:
      - Thu, 17 Apr 2025 16:42:09 GMT
      Server:
      - nginx/1.25.3
      Transfer-Encoding:
      - chunked
      content-length:
      - '771'
    status:
      code: 200
      message: OK
- request:
    body: ''
    headers:
      accept:
      - '*/*'
      accept-encoding:
      - gzip, deflate
      connection:
      - keep-alive
      host:
      - gizmok120.fhcrc.org:36633
      user-agent:
      - python-httpx/0.28.1
    method: GET
    uri: https://gizmok120.fhcrc.org:36633/api/workflows/v1/0cc0ad52-bbe5-4d9c-9495-fef866b07d8c/metadata?expandSubWorkflows=false&excludeKey=calls
  response:
    body:
      string: '{"submittedFiles":{"workflow":"version 1.0\n\nworkflow globNonmatching
        {\n    call create_files\n    output {\n        Array[File] unmatched_files
        = create_files.unmatched_files\n    }\n}\n\ntask create_files {\n    command
        <<<\n        echo \"Test file\" > test.txt\n    >>>\n    output {\n        Array[File]
        unmatched_files = glob(\"*.log\")\n    }\n}\n","root":"","options":"{\n  \"read_from_cache\":
        false,\n  \"workflow_failure_mode\": \"ContinueWhilePossible\",\n  \"write_to_cache\":
        false\n}","inputs":"{}","workflowUrl":"","labels":"{}"},"calls":{},"outputs":{},"status":"Submitted","id":"0cc0ad52-bbe5-4d9c-9495-fef866b07d8c","inputs":{},"labels":{"cromwell-workflow-id":"cromwell-0cc0ad52-bbe5-4d9c-9495-fef866b07d8c"},"submission":"2025-04-17T16:36:29.532Z"}'
    headers:
      Connection:
      - keep-alive
      Content-Type:
      - application/json
      Date:
      - Thu, 17 Apr 2025 16:42:15 GMT
      Server:
      - nginx/1.25.3
      Transfer-Encoding:
      - chunked
      content-length:
      - '771'
    status:
      code: 200
      message: OK
- request:
    body: ''
    headers:
      accept:
      - '*/*'
      accept-encoding:
      - gzip, deflate
      connection:
      - keep-alive
      host:
      - gizmok120.fhcrc.org:36633
      user-agent:
      - python-httpx/0.28.1
    method: GET
    uri: https://gizmok120.fhcrc.org:36633/api/workflows/v1/0cc0ad52-bbe5-4d9c-9495-fef866b07d8c/metadata?expandSubWorkflows=false&excludeKey=calls
  response:
    body:
      string: '{"submittedFiles":{"workflow":"version 1.0\n\nworkflow globNonmatching
        {\n    call create_files\n    output {\n        Array[File] unmatched_files
        = create_files.unmatched_files\n    }\n}\n\ntask create_files {\n    command
        <<<\n        echo \"Test file\" > test.txt\n    >>>\n    output {\n        Array[File]
        unmatched_files = glob(\"*.log\")\n    }\n}\n","root":"","options":"{\n  \"read_from_cache\":
        false,\n  \"workflow_failure_mode\": \"ContinueWhilePossible\",\n  \"write_to_cache\":
        false\n}","inputs":"{}","workflowUrl":"","labels":"{}"},"calls":{},"outputs":{},"status":"Submitted","id":"0cc0ad52-bbe5-4d9c-9495-fef866b07d8c","inputs":{},"labels":{"cromwell-workflow-id":"cromwell-0cc0ad52-bbe5-4d9c-9495-fef866b07d8c"},"submission":"2025-04-17T16:36:29.532Z"}'
    headers:
      Connection:
      - keep-alive
      Content-Type:
      - application/json
      Date:
      - Thu, 17 Apr 2025 16:42:20 GMT
      Server:
      - nginx/1.25.3
      Transfer-Encoding:
      - chunked
      content-length:
      - '771'
    status:
      code: 200
      message: OK
- request:
    body: ''
    headers:
      accept:
      - '*/*'
      accept-encoding:
      - gzip, deflate
      connection:
      - keep-alive
      host:
      - gizmok120.fhcrc.org:36633
      user-agent:
      - python-httpx/0.28.1
    method: GET
    uri: https://gizmok120.fhcrc.org:36633/api/workflows/v1/0cc0ad52-bbe5-4d9c-9495-fef866b07d8c/metadata?expandSubWorkflows=false&excludeKey=calls
  response:
    body:
      string: '{"submittedFiles":{"workflow":"version 1.0\n\nworkflow globNonmatching
        {\n    call create_files\n    output {\n        Array[File] unmatched_files
        = create_files.unmatched_files\n    }\n}\n\ntask create_files {\n    command
        <<<\n        echo \"Test file\" > test.txt\n    >>>\n    output {\n        Array[File]
        unmatched_files = glob(\"*.log\")\n    }\n}\n","root":"","options":"{\n  \"read_from_cache\":
        false,\n  \"workflow_failure_mode\": \"ContinueWhilePossible\",\n  \"write_to_cache\":
        false\n}","inputs":"{}","workflowUrl":"","labels":"{}"},"calls":{},"outputs":{},"status":"Submitted","id":"0cc0ad52-bbe5-4d9c-9495-fef866b07d8c","inputs":{},"labels":{"cromwell-workflow-id":"cromwell-0cc0ad52-bbe5-4d9c-9495-fef866b07d8c"},"submission":"2025-04-17T16:36:29.532Z"}'
    headers:
      Connection:
      - keep-alive
      Content-Type:
      - application/json
      Date:
      - Thu, 17 Apr 2025 16:42:25 GMT
      Server:
      - nginx/1.25.3
      Transfer-Encoding:
      - chunked
      content-length:
      - '771'
    status:
      code: 200
      message: OK
- request:
    body: ''
    headers:
      accept:
      - '*/*'
      accept-encoding:
      - gzip, deflate
      connection:
      - keep-alive
      host:
      - gizmok120.fhcrc.org:36633
      user-agent:
      - python-httpx/0.28.1
    method: GET
    uri: https://gizmok120.fhcrc.org:36633/api/workflows/v1/0cc0ad52-bbe5-4d9c-9495-fef866b07d8c/metadata?expandSubWorkflows=false&excludeKey=calls
  response:
    body:
      string: '{"submittedFiles":{"workflow":"version 1.0\n\nworkflow globNonmatching
        {\n    call create_files\n    output {\n        Array[File] unmatched_files
        = create_files.unmatched_files\n    }\n}\n\ntask create_files {\n    command
        <<<\n        echo \"Test file\" > test.txt\n    >>>\n    output {\n        Array[File]
        unmatched_files = glob(\"*.log\")\n    }\n}\n","root":"","options":"{\n  \"read_from_cache\":
        false,\n  \"workflow_failure_mode\": \"ContinueWhilePossible\",\n  \"write_to_cache\":
        false\n}","inputs":"{}","workflowUrl":"","labels":"{}"},"calls":{},"outputs":{},"status":"Submitted","id":"0cc0ad52-bbe5-4d9c-9495-fef866b07d8c","inputs":{},"labels":{"cromwell-workflow-id":"cromwell-0cc0ad52-bbe5-4d9c-9495-fef866b07d8c"},"submission":"2025-04-17T16:36:29.532Z"}'
    headers:
      Connection:
      - keep-alive
      Content-Type:
      - application/json
      Date:
      - Thu, 17 Apr 2025 16:42:30 GMT
      Server:
      - nginx/1.25.3
      Transfer-Encoding:
      - chunked
      content-length:
      - '771'
    status:
      code: 200
      message: OK
- request:
    body: ''
    headers:
      accept:
      - '*/*'
      accept-encoding:
      - gzip, deflate
      connection:
      - keep-alive
      host:
      - gizmok120.fhcrc.org:36633
      user-agent:
      - python-httpx/0.28.1
    method: GET
    uri: https://gizmok120.fhcrc.org:36633/api/workflows/v1/0cc0ad52-bbe5-4d9c-9495-fef866b07d8c/metadata?expandSubWorkflows=false&excludeKey=calls
  response:
    body:
      string: '{"submittedFiles":{"workflow":"version 1.0\n\nworkflow globNonmatching
        {\n    call create_files\n    output {\n        Array[File] unmatched_files
        = create_files.unmatched_files\n    }\n}\n\ntask create_files {\n    command
        <<<\n        echo \"Test file\" > test.txt\n    >>>\n    output {\n        Array[File]
        unmatched_files = glob(\"*.log\")\n    }\n}\n","root":"","options":"{\n  \"read_from_cache\":
        false,\n  \"workflow_failure_mode\": \"ContinueWhilePossible\",\n  \"write_to_cache\":
        false\n}","inputs":"{}","workflowUrl":"","labels":"{}"},"calls":{},"outputs":{},"status":"Submitted","id":"0cc0ad52-bbe5-4d9c-9495-fef866b07d8c","inputs":{},"labels":{"cromwell-workflow-id":"cromwell-0cc0ad52-bbe5-4d9c-9495-fef866b07d8c"},"submission":"2025-04-17T16:36:29.532Z"}'
    headers:
      Connection:
      - keep-alive
      Content-Type:
      - application/json
      Date:
      - Thu, 17 Apr 2025 16:42:35 GMT
      Server:
      - nginx/1.25.3
      Transfer-Encoding:
      - chunked
      content-length:
      - '771'
    status:
      code: 200
      message: OK
- request:
    body: ''
    headers:
      accept:
      - '*/*'
      accept-encoding:
      - gzip, deflate
      connection:
      - keep-alive
      host:
      - gizmok120.fhcrc.org:36633
      user-agent:
      - python-httpx/0.28.1
    method: GET
    uri: https://gizmok120.fhcrc.org:36633/api/workflows/v1/0cc0ad52-bbe5-4d9c-9495-fef866b07d8c/metadata?expandSubWorkflows=false&excludeKey=calls
  response:
    body:
      string: '{"submittedFiles":{"workflow":"version 1.0\n\nworkflow globNonmatching
        {\n    call create_files\n    output {\n        Array[File] unmatched_files
        = create_files.unmatched_files\n    }\n}\n\ntask create_files {\n    command
        <<<\n        echo \"Test file\" > test.txt\n    >>>\n    output {\n        Array[File]
        unmatched_files = glob(\"*.log\")\n    }\n}\n","root":"","options":"{\n  \"read_from_cache\":
        false,\n  \"workflow_failure_mode\": \"ContinueWhilePossible\",\n  \"write_to_cache\":
        false\n}","inputs":"{}","workflowUrl":"","labels":"{}"},"calls":{},"outputs":{},"status":"Submitted","id":"0cc0ad52-bbe5-4d9c-9495-fef866b07d8c","inputs":{},"labels":{"cromwell-workflow-id":"cromwell-0cc0ad52-bbe5-4d9c-9495-fef866b07d8c"},"submission":"2025-04-17T16:36:29.532Z"}'
    headers:
      Connection:
      - keep-alive
      Content-Type:
      - application/json
      Date:
      - Thu, 17 Apr 2025 16:42:40 GMT
      Server:
      - nginx/1.25.3
      Transfer-Encoding:
      - chunked
      content-length:
      - '771'
    status:
      code: 200
      message: OK
- request:
    body: ''
    headers:
      accept:
      - '*/*'
      accept-encoding:
      - gzip, deflate
      connection:
      - keep-alive
      host:
      - gizmok120.fhcrc.org:36633
      user-agent:
      - python-httpx/0.28.1
    method: GET
    uri: https://gizmok120.fhcrc.org:36633/api/workflows/v1/0cc0ad52-bbe5-4d9c-9495-fef866b07d8c/metadata?expandSubWorkflows=false&excludeKey=calls
  response:
    body:
      string: '{"submittedFiles":{"workflow":"version 1.0\n\nworkflow globNonmatching
        {\n    call create_files\n    output {\n        Array[File] unmatched_files
        = create_files.unmatched_files\n    }\n}\n\ntask create_files {\n    command
        <<<\n        echo \"Test file\" > test.txt\n    >>>\n    output {\n        Array[File]
        unmatched_files = glob(\"*.log\")\n    }\n}\n","root":"","options":"{\n  \"read_from_cache\":
        false,\n  \"workflow_failure_mode\": \"ContinueWhilePossible\",\n  \"write_to_cache\":
        false\n}","inputs":"{}","workflowUrl":"","labels":"{}"},"calls":{},"outputs":{},"status":"Submitted","id":"0cc0ad52-bbe5-4d9c-9495-fef866b07d8c","inputs":{},"labels":{"cromwell-workflow-id":"cromwell-0cc0ad52-bbe5-4d9c-9495-fef866b07d8c"},"submission":"2025-04-17T16:36:29.532Z"}'
    headers:
      Connection:
      - keep-alive
      Content-Type:
      - application/json
      Date:
      - Thu, 17 Apr 2025 16:42:45 GMT
      Server:
      - nginx/1.25.3
      Transfer-Encoding:
      - chunked
      content-length:
      - '771'
    status:
      code: 200
      message: OK
- request:
    body: ''
    headers:
      accept:
      - '*/*'
      accept-encoding:
      - gzip, deflate
      connection:
      - keep-alive
      host:
      - gizmok120.fhcrc.org:36633
      user-agent:
      - python-httpx/0.28.1
    method: GET
    uri: https://gizmok120.fhcrc.org:36633/api/workflows/v1/0cc0ad52-bbe5-4d9c-9495-fef866b07d8c/metadata?expandSubWorkflows=false&excludeKey=calls
  response:
    body:
      string: '{"submittedFiles":{"workflow":"version 1.0\n\nworkflow globNonmatching
        {\n    call create_files\n    output {\n        Array[File] unmatched_files
        = create_files.unmatched_files\n    }\n}\n\ntask create_files {\n    command
        <<<\n        echo \"Test file\" > test.txt\n    >>>\n    output {\n        Array[File]
        unmatched_files = glob(\"*.log\")\n    }\n}\n","root":"","options":"{\n  \"read_from_cache\":
        false,\n  \"workflow_failure_mode\": \"ContinueWhilePossible\",\n  \"write_to_cache\":
        false\n}","inputs":"{}","workflowUrl":"","labels":"{}"},"calls":{},"outputs":{},"status":"Submitted","id":"0cc0ad52-bbe5-4d9c-9495-fef866b07d8c","inputs":{},"labels":{"cromwell-workflow-id":"cromwell-0cc0ad52-bbe5-4d9c-9495-fef866b07d8c"},"submission":"2025-04-17T16:36:29.532Z"}'
    headers:
      Connection:
      - keep-alive
      Content-Type:
      - application/json
      Date:
      - Thu, 17 Apr 2025 16:42:50 GMT
      Server:
      - nginx/1.25.3
      Transfer-Encoding:
      - chunked
      content-length:
      - '771'
    status:
      code: 200
      message: OK
- request:
    body: ''
    headers:
      accept:
      - '*/*'
      accept-encoding:
      - gzip, deflate
      connection:
      - keep-alive
      host:
      - gizmok120.fhcrc.org:36633
      user-agent:
      - python-httpx/0.28.1
    method: GET
    uri: https://gizmok120.fhcrc.org:36633/api/workflows/v1/0cc0ad52-bbe5-4d9c-9495-fef866b07d8c/metadata?expandSubWorkflows=false&excludeKey=calls
  response:
    body:
      string: '{"submittedFiles":{"workflow":"version 1.0\n\nworkflow globNonmatching
        {\n    call create_files\n    output {\n        Array[File] unmatched_files
        = create_files.unmatched_files\n    }\n}\n\ntask create_files {\n    command
        <<<\n        echo \"Test file\" > test.txt\n    >>>\n    output {\n        Array[File]
        unmatched_files = glob(\"*.log\")\n    }\n}\n","root":"","options":"{\n  \"read_from_cache\":
        false,\n  \"workflow_failure_mode\": \"ContinueWhilePossible\",\n  \"write_to_cache\":
        false\n}","inputs":"{}","workflowUrl":"","labels":"{}"},"calls":{},"outputs":{},"status":"Submitted","id":"0cc0ad52-bbe5-4d9c-9495-fef866b07d8c","inputs":{},"labels":{"cromwell-workflow-id":"cromwell-0cc0ad52-bbe5-4d9c-9495-fef866b07d8c"},"submission":"2025-04-17T16:36:29.532Z"}'
    headers:
      Connection:
      - keep-alive
      Content-Type:
      - application/json
      Date:
      - Thu, 17 Apr 2025 16:42:55 GMT
      Server:
      - nginx/1.25.3
      Transfer-Encoding:
      - chunked
      content-length:
      - '771'
    status:
      code: 200
      message: OK
- request:
    body: ''
    headers:
      accept:
      - '*/*'
      accept-encoding:
      - gzip, deflate
      connection:
      - keep-alive
      host:
      - gizmok120.fhcrc.org:36633
      user-agent:
      - python-httpx/0.28.1
    method: GET
    uri: https://gizmok120.fhcrc.org:36633/api/workflows/v1/0cc0ad52-bbe5-4d9c-9495-fef866b07d8c/metadata?expandSubWorkflows=false&excludeKey=calls
  response:
    body:
      string: '{"submittedFiles":{"workflow":"version 1.0\n\nworkflow globNonmatching
        {\n    call create_files\n    output {\n        Array[File] unmatched_files
        = create_files.unmatched_files\n    }\n}\n\ntask create_files {\n    command
        <<<\n        echo \"Test file\" > test.txt\n    >>>\n    output {\n        Array[File]
        unmatched_files = glob(\"*.log\")\n    }\n}\n","root":"","options":"{\n  \"read_from_cache\":
        false,\n  \"workflow_failure_mode\": \"ContinueWhilePossible\",\n  \"write_to_cache\":
        false\n}","inputs":"{}","workflowUrl":"","labels":"{}"},"calls":{},"outputs":{},"status":"Submitted","id":"0cc0ad52-bbe5-4d9c-9495-fef866b07d8c","inputs":{},"labels":{"cromwell-workflow-id":"cromwell-0cc0ad52-bbe5-4d9c-9495-fef866b07d8c"},"submission":"2025-04-17T16:36:29.532Z"}'
    headers:
      Connection:
      - keep-alive
      Content-Type:
      - application/json
      Date:
      - Thu, 17 Apr 2025 16:43:00 GMT
      Server:
      - nginx/1.25.3
      Transfer-Encoding:
      - chunked
      content-length:
      - '771'
    status:
      code: 200
      message: OK
- request:
    body: ''
    headers:
      accept:
      - '*/*'
      accept-encoding:
      - gzip, deflate
      connection:
      - keep-alive
      host:
      - gizmok120.fhcrc.org:36633
      user-agent:
      - python-httpx/0.28.1
    method: GET
    uri: https://gizmok120.fhcrc.org:36633/api/workflows/v1/0cc0ad52-bbe5-4d9c-9495-fef866b07d8c/metadata?expandSubWorkflows=false&excludeKey=calls
  response:
    body:
      string: '{"submittedFiles":{"workflow":"version 1.0\n\nworkflow globNonmatching
        {\n    call create_files\n    output {\n        Array[File] unmatched_files
        = create_files.unmatched_files\n    }\n}\n\ntask create_files {\n    command
        <<<\n        echo \"Test file\" > test.txt\n    >>>\n    output {\n        Array[File]
        unmatched_files = glob(\"*.log\")\n    }\n}\n","root":"","options":"{\n  \"read_from_cache\":
        false,\n  \"workflow_failure_mode\": \"ContinueWhilePossible\",\n  \"write_to_cache\":
        false\n}","inputs":"{}","workflowUrl":"","labels":"{}"},"calls":{},"outputs":{},"status":"Submitted","id":"0cc0ad52-bbe5-4d9c-9495-fef866b07d8c","inputs":{},"labels":{"cromwell-workflow-id":"cromwell-0cc0ad52-bbe5-4d9c-9495-fef866b07d8c"},"submission":"2025-04-17T16:36:29.532Z"}'
    headers:
      Connection:
      - keep-alive
      Content-Type:
      - application/json
      Date:
      - Thu, 17 Apr 2025 16:43:05 GMT
      Server:
      - nginx/1.25.3
      Transfer-Encoding:
      - chunked
      content-length:
      - '771'
    status:
      code: 200
      message: OK
- request:
    body: ''
    headers:
      accept:
      - '*/*'
      accept-encoding:
      - gzip, deflate
      connection:
      - keep-alive
      host:
      - gizmok120.fhcrc.org:36633
      user-agent:
      - python-httpx/0.28.1
    method: GET
    uri: https://gizmok120.fhcrc.org:36633/api/workflows/v1/0cc0ad52-bbe5-4d9c-9495-fef866b07d8c/metadata?expandSubWorkflows=false&excludeKey=calls
  response:
    body:
      string: '{"submittedFiles":{"workflow":"version 1.0\n\nworkflow globNonmatching
        {\n    call create_files\n    output {\n        Array[File] unmatched_files
        = create_files.unmatched_files\n    }\n}\n\ntask create_files {\n    command
        <<<\n        echo \"Test file\" > test.txt\n    >>>\n    output {\n        Array[File]
        unmatched_files = glob(\"*.log\")\n    }\n}\n","root":"","options":"{\n  \"read_from_cache\":
        false,\n  \"workflow_failure_mode\": \"ContinueWhilePossible\",\n  \"write_to_cache\":
        false\n}","inputs":"{}","workflowUrl":"","labels":"{}"},"calls":{},"outputs":{},"status":"Submitted","id":"0cc0ad52-bbe5-4d9c-9495-fef866b07d8c","inputs":{},"labels":{"cromwell-workflow-id":"cromwell-0cc0ad52-bbe5-4d9c-9495-fef866b07d8c"},"submission":"2025-04-17T16:36:29.532Z"}'
    headers:
      Connection:
      - keep-alive
      Content-Type:
      - application/json
      Date:
      - Thu, 17 Apr 2025 16:43:10 GMT
      Server:
      - nginx/1.25.3
      Transfer-Encoding:
      - chunked
      content-length:
      - '771'
    status:
      code: 200
      message: OK
- request:
    body: ''
    headers:
      accept:
      - '*/*'
      accept-encoding:
      - gzip, deflate
      connection:
      - keep-alive
      host:
      - gizmok120.fhcrc.org:36633
      user-agent:
      - python-httpx/0.28.1
    method: GET
    uri: https://gizmok120.fhcrc.org:36633/api/workflows/v1/0cc0ad52-bbe5-4d9c-9495-fef866b07d8c/metadata?expandSubWorkflows=false&excludeKey=calls
  response:
    body:
      string: '{"submittedFiles":{"workflow":"version 1.0\n\nworkflow globNonmatching
        {\n    call create_files\n    output {\n        Array[File] unmatched_files
        = create_files.unmatched_files\n    }\n}\n\ntask create_files {\n    command
        <<<\n        echo \"Test file\" > test.txt\n    >>>\n    output {\n        Array[File]
        unmatched_files = glob(\"*.log\")\n    }\n}\n","root":"","options":"{\n  \"read_from_cache\":
        false,\n  \"workflow_failure_mode\": \"ContinueWhilePossible\",\n  \"write_to_cache\":
        false\n}","inputs":"{}","workflowUrl":"","labels":"{}"},"calls":{},"outputs":{},"status":"Submitted","id":"0cc0ad52-bbe5-4d9c-9495-fef866b07d8c","inputs":{},"labels":{"cromwell-workflow-id":"cromwell-0cc0ad52-bbe5-4d9c-9495-fef866b07d8c"},"submission":"2025-04-17T16:36:29.532Z"}'
    headers:
      Connection:
      - keep-alive
      Content-Type:
      - application/json
      Date:
      - Thu, 17 Apr 2025 16:43:15 GMT
      Server:
      - nginx/1.25.3
      Transfer-Encoding:
      - chunked
      content-length:
      - '771'
    status:
      code: 200
      message: OK
- request:
    body: ''
    headers:
      accept:
      - '*/*'
      accept-encoding:
      - gzip, deflate
      connection:
      - keep-alive
      host:
      - gizmok120.fhcrc.org:36633
      user-agent:
      - python-httpx/0.28.1
    method: GET
    uri: https://gizmok120.fhcrc.org:36633/api/workflows/v1/0cc0ad52-bbe5-4d9c-9495-fef866b07d8c/metadata?expandSubWorkflows=false&excludeKey=calls
  response:
    body:
      string: '{"submittedFiles":{"workflow":"version 1.0\n\nworkflow globNonmatching
        {\n    call create_files\n    output {\n        Array[File] unmatched_files
        = create_files.unmatched_files\n    }\n}\n\ntask create_files {\n    command
        <<<\n        echo \"Test file\" > test.txt\n    >>>\n    output {\n        Array[File]
        unmatched_files = glob(\"*.log\")\n    }\n}\n","root":"","options":"{\n  \"read_from_cache\":
        false,\n  \"workflow_failure_mode\": \"ContinueWhilePossible\",\n  \"write_to_cache\":
        false\n}","inputs":"{}","workflowUrl":"","labels":"{}"},"calls":{},"outputs":{},"status":"Submitted","id":"0cc0ad52-bbe5-4d9c-9495-fef866b07d8c","inputs":{},"labels":{"cromwell-workflow-id":"cromwell-0cc0ad52-bbe5-4d9c-9495-fef866b07d8c"},"submission":"2025-04-17T16:36:29.532Z"}'
    headers:
      Connection:
      - keep-alive
      Content-Type:
      - application/json
      Date:
      - Thu, 17 Apr 2025 16:43:21 GMT
      Server:
      - nginx/1.25.3
      Transfer-Encoding:
      - chunked
      content-length:
      - '771'
    status:
      code: 200
      message: OK
- request:
    body: ''
    headers:
      accept:
      - '*/*'
      accept-encoding:
      - gzip, deflate
      connection:
      - keep-alive
      host:
      - gizmok120.fhcrc.org:36633
      user-agent:
      - python-httpx/0.28.1
    method: GET
    uri: https://gizmok120.fhcrc.org:36633/api/workflows/v1/0cc0ad52-bbe5-4d9c-9495-fef866b07d8c/metadata?expandSubWorkflows=false&excludeKey=calls
  response:
    body:
      string: '{"submittedFiles":{"workflow":"version 1.0\n\nworkflow globNonmatching
        {\n    call create_files\n    output {\n        Array[File] unmatched_files
        = create_files.unmatched_files\n    }\n}\n\ntask create_files {\n    command
        <<<\n        echo \"Test file\" > test.txt\n    >>>\n    output {\n        Array[File]
        unmatched_files = glob(\"*.log\")\n    }\n}\n","root":"","options":"{\n  \"read_from_cache\":
        false,\n  \"workflow_failure_mode\": \"ContinueWhilePossible\",\n  \"write_to_cache\":
        false\n}","inputs":"{}","workflowUrl":"","labels":"{}"},"calls":{},"outputs":{},"status":"Submitted","id":"0cc0ad52-bbe5-4d9c-9495-fef866b07d8c","inputs":{},"labels":{"cromwell-workflow-id":"cromwell-0cc0ad52-bbe5-4d9c-9495-fef866b07d8c"},"submission":"2025-04-17T16:36:29.532Z"}'
    headers:
      Connection:
      - keep-alive
      Content-Type:
      - application/json
      Date:
      - Thu, 17 Apr 2025 16:43:26 GMT
      Server:
      - nginx/1.25.3
      Transfer-Encoding:
      - chunked
      content-length:
      - '771'
    status:
      code: 200
      message: OK
- request:
    body: ''
    headers:
      accept:
      - '*/*'
      accept-encoding:
      - gzip, deflate
      connection:
      - keep-alive
      host:
      - gizmok120.fhcrc.org:36633
      user-agent:
      - python-httpx/0.28.1
    method: GET
    uri: https://gizmok120.fhcrc.org:36633/api/workflows/v1/0cc0ad52-bbe5-4d9c-9495-fef866b07d8c/metadata?expandSubWorkflows=false&excludeKey=calls
  response:
    body:
      string: '{"submittedFiles":{"workflow":"version 1.0\n\nworkflow globNonmatching
        {\n    call create_files\n    output {\n        Array[File] unmatched_files
        = create_files.unmatched_files\n    }\n}\n\ntask create_files {\n    command
        <<<\n        echo \"Test file\" > test.txt\n    >>>\n    output {\n        Array[File]
        unmatched_files = glob(\"*.log\")\n    }\n}\n","root":"","options":"{\n  \"read_from_cache\":
        false,\n  \"workflow_failure_mode\": \"ContinueWhilePossible\",\n  \"write_to_cache\":
        false\n}","inputs":"{}","workflowUrl":"","labels":"{}"},"calls":{},"outputs":{},"status":"Submitted","id":"0cc0ad52-bbe5-4d9c-9495-fef866b07d8c","inputs":{},"labels":{"cromwell-workflow-id":"cromwell-0cc0ad52-bbe5-4d9c-9495-fef866b07d8c"},"submission":"2025-04-17T16:36:29.532Z"}'
    headers:
      Connection:
      - keep-alive
      Content-Type:
      - application/json
      Date:
      - Thu, 17 Apr 2025 16:43:31 GMT
      Server:
      - nginx/1.25.3
      Transfer-Encoding:
      - chunked
      content-length:
      - '771'
    status:
      code: 200
      message: OK
- request:
    body: ''
    headers:
      accept:
      - '*/*'
      accept-encoding:
      - gzip, deflate
      connection:
      - keep-alive
      host:
      - gizmok120.fhcrc.org:36633
      user-agent:
      - python-httpx/0.28.1
    method: GET
    uri: https://gizmok120.fhcrc.org:36633/api/workflows/v1/0cc0ad52-bbe5-4d9c-9495-fef866b07d8c/metadata?expandSubWorkflows=false&excludeKey=calls
  response:
    body:
      string: '{"submittedFiles":{"workflow":"version 1.0\n\nworkflow globNonmatching
        {\n    call create_files\n    output {\n        Array[File] unmatched_files
        = create_files.unmatched_files\n    }\n}\n\ntask create_files {\n    command
        <<<\n        echo \"Test file\" > test.txt\n    >>>\n    output {\n        Array[File]
        unmatched_files = glob(\"*.log\")\n    }\n}\n","root":"","options":"{\n  \"read_from_cache\":
        false,\n  \"workflow_failure_mode\": \"ContinueWhilePossible\",\n  \"write_to_cache\":
        false\n}","inputs":"{}","workflowUrl":"","labels":"{}"},"calls":{},"outputs":{},"status":"Submitted","id":"0cc0ad52-bbe5-4d9c-9495-fef866b07d8c","inputs":{},"labels":{"cromwell-workflow-id":"cromwell-0cc0ad52-bbe5-4d9c-9495-fef866b07d8c"},"submission":"2025-04-17T16:36:29.532Z"}'
    headers:
      Connection:
      - keep-alive
      Content-Type:
      - application/json
      Date:
      - Thu, 17 Apr 2025 16:43:36 GMT
      Server:
      - nginx/1.25.3
      Transfer-Encoding:
      - chunked
      content-length:
      - '771'
    status:
      code: 200
      message: OK
- request:
    body: ''
    headers:
      accept:
      - '*/*'
      accept-encoding:
      - gzip, deflate
      connection:
      - keep-alive
      host:
      - gizmok120.fhcrc.org:36633
      user-agent:
      - python-httpx/0.28.1
    method: GET
    uri: https://gizmok120.fhcrc.org:36633/api/workflows/v1/0cc0ad52-bbe5-4d9c-9495-fef866b07d8c/metadata?expandSubWorkflows=false&excludeKey=calls
  response:
    body:
      string: '{"workflowName":"globNonmatching","workflowProcessingEvents":[{"cromwellId":"cromid-3c9da38","description":"PickedUp","timestamp":"2025-04-17T16:43:40.428Z","cromwellVersion":"87"}],"actualWorkflowLanguageVersion":"1.0","submittedFiles":{"workflow":"version
        1.0\n\nworkflow globNonmatching {\n    call create_files\n    output {\n        Array[File]
        unmatched_files = create_files.unmatched_files\n    }\n}\n\ntask create_files
        {\n    command <<<\n        echo \"Test file\" > test.txt\n    >>>\n    output
        {\n        Array[File] unmatched_files = glob(\"*.log\")\n    }\n}\n","root":"","options":"{\n  \"read_from_cache\":
        false,\n  \"workflow_failure_mode\": \"ContinueWhilePossible\",\n  \"write_to_cache\":
        false\n}","inputs":"{}","workflowUrl":"","labels":"{}"},"calls":{},"outputs":{},"workflowRoot":"/redacted/_DaSL/user/svc_proof_test/cromwell-scratch/globNonmatching/0cc0ad52-bbe5-4d9c-9495-fef866b07d8c","actualWorkflowLanguage":"WDL","status":"Running","start":"2025-04-17T16:43:40.429Z","id":"0cc0ad52-bbe5-4d9c-9495-fef866b07d8c","inputs":{},"labels":{"cromwell-workflow-id":"cromwell-0cc0ad52-bbe5-4d9c-9495-fef866b07d8c"},"submission":"2025-04-17T16:36:29.532Z"}'
    headers:
      Connection:
      - keep-alive
      Content-Type:
      - application/json
      Date:
      - Thu, 17 Apr 2025 16:43:41 GMT
      Server:
      - nginx/1.25.3
      Transfer-Encoding:
      - chunked
      content-length:
      - '1177'
    status:
      code: 200
      message: OK
- request:
    body: ''
    headers:
      accept:
      - '*/*'
      accept-encoding:
      - gzip, deflate
      connection:
      - keep-alive
      host:
      - gizmok120.fhcrc.org:36633
      user-agent:
      - python-httpx/0.28.1
    method: GET
    uri: https://gizmok120.fhcrc.org:36633/api/workflows/v1/0cc0ad52-bbe5-4d9c-9495-fef866b07d8c/metadata?expandSubWorkflows=false&excludeKey=calls
  response:
    body:
      string: '{"workflowName":"globNonmatching","workflowProcessingEvents":[{"cromwellId":"cromid-3c9da38","description":"PickedUp","timestamp":"2025-04-17T16:43:40.428Z","cromwellVersion":"87"}],"actualWorkflowLanguageVersion":"1.0","submittedFiles":{"workflow":"version
        1.0\n\nworkflow globNonmatching {\n    call create_files\n    output {\n        Array[File]
        unmatched_files = create_files.unmatched_files\n    }\n}\n\ntask create_files
        {\n    command <<<\n        echo \"Test file\" > test.txt\n    >>>\n    output
        {\n        Array[File] unmatched_files = glob(\"*.log\")\n    }\n}\n","root":"","options":"{\n  \"read_from_cache\":
        false,\n  \"workflow_failure_mode\": \"ContinueWhilePossible\",\n  \"write_to_cache\":
        false\n}","inputs":"{}","workflowUrl":"","labels":"{}"},"calls":{},"outputs":{},"workflowRoot":"/redacted/_DaSL/user/svc_proof_test/cromwell-scratch/globNonmatching/0cc0ad52-bbe5-4d9c-9495-fef866b07d8c","actualWorkflowLanguage":"WDL","status":"Running","start":"2025-04-17T16:43:40.429Z","id":"0cc0ad52-bbe5-4d9c-9495-fef866b07d8c","inputs":{},"labels":{"cromwell-workflow-id":"cromwell-0cc0ad52-bbe5-4d9c-9495-fef866b07d8c"},"submission":"2025-04-17T16:36:29.532Z"}'
    headers:
      Connection:
      - keep-alive
      Content-Type:
      - application/json
      Date:
      - Thu, 17 Apr 2025 16:43:46 GMT
      Server:
      - nginx/1.25.3
      Transfer-Encoding:
      - chunked
      content-length:
      - '1177'
    status:
      code: 200
      message: OK
- request:
    body: ''
    headers:
      accept:
      - '*/*'
      accept-encoding:
      - gzip, deflate
      connection:
      - keep-alive
      host:
      - gizmok120.fhcrc.org:36633
      user-agent:
      - python-httpx/0.28.1
    method: GET
    uri: https://gizmok120.fhcrc.org:36633/api/workflows/v1/0cc0ad52-bbe5-4d9c-9495-fef866b07d8c/metadata?expandSubWorkflows=false&excludeKey=calls
  response:
    body:
      string: '{"workflowName":"globNonmatching","workflowProcessingEvents":[{"cromwellId":"cromid-3c9da38","description":"PickedUp","timestamp":"2025-04-17T16:43:40.428Z","cromwellVersion":"87"}],"actualWorkflowLanguageVersion":"1.0","submittedFiles":{"workflow":"version
        1.0\n\nworkflow globNonmatching {\n    call create_files\n    output {\n        Array[File]
        unmatched_files = create_files.unmatched_files\n    }\n}\n\ntask create_files
        {\n    command <<<\n        echo \"Test file\" > test.txt\n    >>>\n    output
        {\n        Array[File] unmatched_files = glob(\"*.log\")\n    }\n}\n","root":"","options":"{\n  \"read_from_cache\":
        false,\n  \"workflow_failure_mode\": \"ContinueWhilePossible\",\n  \"write_to_cache\":
        false\n}","inputs":"{}","workflowUrl":"","labels":"{}"},"calls":{},"outputs":{},"workflowRoot":"/redacted/_DaSL/user/svc_proof_test/cromwell-scratch/globNonmatching/0cc0ad52-bbe5-4d9c-9495-fef866b07d8c","actualWorkflowLanguage":"WDL","status":"Running","start":"2025-04-17T16:43:40.429Z","id":"0cc0ad52-bbe5-4d9c-9495-fef866b07d8c","inputs":{},"labels":{"cromwell-workflow-id":"cromwell-0cc0ad52-bbe5-4d9c-9495-fef866b07d8c"},"submission":"2025-04-17T16:36:29.532Z"}'
    headers:
      Connection:
      - keep-alive
      Content-Type:
      - application/json
      Date:
      - Thu, 17 Apr 2025 16:43:51 GMT
      Server:
      - nginx/1.25.3
      Transfer-Encoding:
      - chunked
      content-length:
      - '1177'
    status:
      code: 200
      message: OK
- request:
    body: ''
    headers:
      accept:
      - '*/*'
      accept-encoding:
      - gzip, deflate
      connection:
      - keep-alive
      host:
      - gizmok120.fhcrc.org:36633
      user-agent:
      - python-httpx/0.28.1
    method: GET
    uri: https://gizmok120.fhcrc.org:36633/api/workflows/v1/0cc0ad52-bbe5-4d9c-9495-fef866b07d8c/metadata?expandSubWorkflows=false&excludeKey=calls
  response:
    body:
      string: '{"workflowName":"globNonmatching","workflowProcessingEvents":[{"cromwellId":"cromid-3c9da38","description":"PickedUp","timestamp":"2025-04-17T16:43:40.428Z","cromwellVersion":"87"}],"actualWorkflowLanguageVersion":"1.0","submittedFiles":{"workflow":"version
        1.0\n\nworkflow globNonmatching {\n    call create_files\n    output {\n        Array[File]
        unmatched_files = create_files.unmatched_files\n    }\n}\n\ntask create_files
        {\n    command <<<\n        echo \"Test file\" > test.txt\n    >>>\n    output
        {\n        Array[File] unmatched_files = glob(\"*.log\")\n    }\n}\n","root":"","options":"{\n  \"read_from_cache\":
        false,\n  \"workflow_failure_mode\": \"ContinueWhilePossible\",\n  \"write_to_cache\":
        false\n}","inputs":"{}","workflowUrl":"","labels":"{}"},"calls":{},"outputs":{},"workflowRoot":"/redacted/_DaSL/user/svc_proof_test/cromwell-scratch/globNonmatching/0cc0ad52-bbe5-4d9c-9495-fef866b07d8c","actualWorkflowLanguage":"WDL","status":"Running","start":"2025-04-17T16:43:40.429Z","id":"0cc0ad52-bbe5-4d9c-9495-fef866b07d8c","inputs":{},"labels":{"cromwell-workflow-id":"cromwell-0cc0ad52-bbe5-4d9c-9495-fef866b07d8c"},"submission":"2025-04-17T16:36:29.532Z"}'
    headers:
      Connection:
      - keep-alive
      Content-Type:
      - application/json
      Date:
      - Thu, 17 Apr 2025 16:43:56 GMT
      Server:
      - nginx/1.25.3
      Transfer-Encoding:
      - chunked
      content-length:
      - '1177'
    status:
      code: 200
      message: OK
- request:
    body: ''
    headers:
      accept:
      - '*/*'
      accept-encoding:
      - gzip, deflate
      connection:
      - keep-alive
      host:
      - gizmok120.fhcrc.org:36633
      user-agent:
      - python-httpx/0.28.1
    method: GET
    uri: https://gizmok120.fhcrc.org:36633/api/workflows/v1/0cc0ad52-bbe5-4d9c-9495-fef866b07d8c/metadata?expandSubWorkflows=false&excludeKey=calls
  response:
    body:
      string: '{"workflowName":"globNonmatching","workflowProcessingEvents":[{"cromwellId":"cromid-3c9da38","description":"PickedUp","timestamp":"2025-04-17T16:43:40.428Z","cromwellVersion":"87"}],"actualWorkflowLanguageVersion":"1.0","submittedFiles":{"workflow":"version
        1.0\n\nworkflow globNonmatching {\n    call create_files\n    output {\n        Array[File]
        unmatched_files = create_files.unmatched_files\n    }\n}\n\ntask create_files
        {\n    command <<<\n        echo \"Test file\" > test.txt\n    >>>\n    output
        {\n        Array[File] unmatched_files = glob(\"*.log\")\n    }\n}\n","root":"","options":"{\n  \"read_from_cache\":
        false,\n  \"workflow_failure_mode\": \"ContinueWhilePossible\",\n  \"write_to_cache\":
        false\n}","inputs":"{}","workflowUrl":"","labels":"{}"},"calls":{},"outputs":{},"workflowRoot":"/redacted/_DaSL/user/svc_proof_test/cromwell-scratch/globNonmatching/0cc0ad52-bbe5-4d9c-9495-fef866b07d8c","actualWorkflowLanguage":"WDL","status":"Running","start":"2025-04-17T16:43:40.429Z","id":"0cc0ad52-bbe5-4d9c-9495-fef866b07d8c","inputs":{},"labels":{"cromwell-workflow-id":"cromwell-0cc0ad52-bbe5-4d9c-9495-fef866b07d8c"},"submission":"2025-04-17T16:36:29.532Z"}'
    headers:
      Connection:
      - keep-alive
      Content-Type:
      - application/json
      Date:
      - Thu, 17 Apr 2025 16:44:01 GMT
      Server:
      - nginx/1.25.3
      Transfer-Encoding:
      - chunked
      content-length:
      - '1177'
    status:
      code: 200
      message: OK
- request:
    body: ''
    headers:
      accept:
      - '*/*'
      accept-encoding:
      - gzip, deflate
      connection:
      - keep-alive
      host:
      - gizmok120.fhcrc.org:36633
      user-agent:
      - python-httpx/0.28.1
    method: GET
    uri: https://gizmok120.fhcrc.org:36633/api/workflows/v1/0cc0ad52-bbe5-4d9c-9495-fef866b07d8c/metadata?expandSubWorkflows=false&excludeKey=calls
  response:
    body:
      string: '{"workflowName":"globNonmatching","workflowProcessingEvents":[{"cromwellId":"cromid-3c9da38","description":"PickedUp","timestamp":"2025-04-17T16:43:40.428Z","cromwellVersion":"87"}],"actualWorkflowLanguageVersion":"1.0","submittedFiles":{"workflow":"version
        1.0\n\nworkflow globNonmatching {\n    call create_files\n    output {\n        Array[File]
        unmatched_files = create_files.unmatched_files\n    }\n}\n\ntask create_files
        {\n    command <<<\n        echo \"Test file\" > test.txt\n    >>>\n    output
        {\n        Array[File] unmatched_files = glob(\"*.log\")\n    }\n}\n","root":"","options":"{\n  \"read_from_cache\":
        false,\n  \"workflow_failure_mode\": \"ContinueWhilePossible\",\n  \"write_to_cache\":
        false\n}","inputs":"{}","workflowUrl":"","labels":"{}"},"calls":{},"outputs":{},"workflowRoot":"/redacted/_DaSL/user/svc_proof_test/cromwell-scratch/globNonmatching/0cc0ad52-bbe5-4d9c-9495-fef866b07d8c","actualWorkflowLanguage":"WDL","status":"Running","start":"2025-04-17T16:43:40.429Z","id":"0cc0ad52-bbe5-4d9c-9495-fef866b07d8c","inputs":{},"labels":{"cromwell-workflow-id":"cromwell-0cc0ad52-bbe5-4d9c-9495-fef866b07d8c"},"submission":"2025-04-17T16:36:29.532Z"}'
    headers:
      Connection:
      - keep-alive
      Content-Type:
      - application/json
      Date:
      - Thu, 17 Apr 2025 16:44:06 GMT
      Server:
      - nginx/1.25.3
      Transfer-Encoding:
      - chunked
      content-length:
      - '1177'
    status:
      code: 200
      message: OK
- request:
    body: ''
    headers:
      accept:
      - '*/*'
      accept-encoding:
      - gzip, deflate
      connection:
      - keep-alive
      host:
      - gizmok120.fhcrc.org:36633
      user-agent:
      - python-httpx/0.28.1
    method: GET
    uri: https://gizmok120.fhcrc.org:36633/api/workflows/v1/0cc0ad52-bbe5-4d9c-9495-fef866b07d8c/metadata?expandSubWorkflows=false&excludeKey=calls
  response:
    body:
      string: '{"workflowName":"globNonmatching","workflowProcessingEvents":[{"cromwellId":"cromid-3c9da38","description":"PickedUp","timestamp":"2025-04-17T16:43:40.428Z","cromwellVersion":"87"}],"actualWorkflowLanguageVersion":"1.0","submittedFiles":{"workflow":"version
        1.0\n\nworkflow globNonmatching {\n    call create_files\n    output {\n        Array[File]
        unmatched_files = create_files.unmatched_files\n    }\n}\n\ntask create_files
        {\n    command <<<\n        echo \"Test file\" > test.txt\n    >>>\n    output
        {\n        Array[File] unmatched_files = glob(\"*.log\")\n    }\n}\n","root":"","options":"{\n  \"read_from_cache\":
        false,\n  \"workflow_failure_mode\": \"ContinueWhilePossible\",\n  \"write_to_cache\":
        false\n}","inputs":"{}","workflowUrl":"","labels":"{}"},"calls":{},"outputs":{},"workflowRoot":"/redacted/_DaSL/user/svc_proof_test/cromwell-scratch/globNonmatching/0cc0ad52-bbe5-4d9c-9495-fef866b07d8c","actualWorkflowLanguage":"WDL","status":"Running","start":"2025-04-17T16:43:40.429Z","id":"0cc0ad52-bbe5-4d9c-9495-fef866b07d8c","inputs":{},"labels":{"cromwell-workflow-id":"cromwell-0cc0ad52-bbe5-4d9c-9495-fef866b07d8c"},"submission":"2025-04-17T16:36:29.532Z"}'
    headers:
      Connection:
      - keep-alive
      Content-Type:
      - application/json
      Date:
      - Thu, 17 Apr 2025 16:44:11 GMT
      Server:
      - nginx/1.25.3
      Transfer-Encoding:
      - chunked
      content-length:
      - '1177'
    status:
      code: 200
      message: OK
- request:
    body: ''
    headers:
      accept:
      - '*/*'
      accept-encoding:
      - gzip, deflate
      connection:
      - keep-alive
      host:
      - gizmok120.fhcrc.org:36633
      user-agent:
      - python-httpx/0.28.1
    method: GET
    uri: https://gizmok120.fhcrc.org:36633/api/workflows/v1/0cc0ad52-bbe5-4d9c-9495-fef866b07d8c/metadata?expandSubWorkflows=false&excludeKey=calls
  response:
    body:
      string: '{"workflowName":"globNonmatching","workflowProcessingEvents":[{"cromwellId":"cromid-3c9da38","description":"PickedUp","timestamp":"2025-04-17T16:43:40.428Z","cromwellVersion":"87"}],"actualWorkflowLanguageVersion":"1.0","submittedFiles":{"workflow":"version
        1.0\n\nworkflow globNonmatching {\n    call create_files\n    output {\n        Array[File]
        unmatched_files = create_files.unmatched_files\n    }\n}\n\ntask create_files
        {\n    command <<<\n        echo \"Test file\" > test.txt\n    >>>\n    output
        {\n        Array[File] unmatched_files = glob(\"*.log\")\n    }\n}\n","root":"","options":"{\n  \"read_from_cache\":
        false,\n  \"workflow_failure_mode\": \"ContinueWhilePossible\",\n  \"write_to_cache\":
        false\n}","inputs":"{}","workflowUrl":"","labels":"{}"},"calls":{},"outputs":{},"workflowRoot":"/redacted/_DaSL/user/svc_proof_test/cromwell-scratch/globNonmatching/0cc0ad52-bbe5-4d9c-9495-fef866b07d8c","actualWorkflowLanguage":"WDL","status":"Running","start":"2025-04-17T16:43:40.429Z","id":"0cc0ad52-bbe5-4d9c-9495-fef866b07d8c","inputs":{},"labels":{"cromwell-workflow-id":"cromwell-0cc0ad52-bbe5-4d9c-9495-fef866b07d8c"},"submission":"2025-04-17T16:36:29.532Z"}'
    headers:
      Connection:
      - keep-alive
      Content-Type:
      - application/json
      Date:
      - Thu, 17 Apr 2025 16:44:16 GMT
      Server:
      - nginx/1.25.3
      Transfer-Encoding:
      - chunked
      content-length:
      - '1177'
    status:
      code: 200
      message: OK
- request:
    body: ''
    headers:
      accept:
      - '*/*'
      accept-encoding:
      - gzip, deflate
      connection:
      - keep-alive
      host:
      - gizmok120.fhcrc.org:36633
      user-agent:
      - python-httpx/0.28.1
    method: GET
    uri: https://gizmok120.fhcrc.org:36633/api/workflows/v1/0cc0ad52-bbe5-4d9c-9495-fef866b07d8c/metadata?expandSubWorkflows=false&excludeKey=calls
  response:
    body:
      string: '{"workflowName":"globNonmatching","workflowProcessingEvents":[{"cromwellId":"cromid-3c9da38","description":"PickedUp","timestamp":"2025-04-17T16:43:40.428Z","cromwellVersion":"87"}],"actualWorkflowLanguageVersion":"1.0","submittedFiles":{"workflow":"version
        1.0\n\nworkflow globNonmatching {\n    call create_files\n    output {\n        Array[File]
        unmatched_files = create_files.unmatched_files\n    }\n}\n\ntask create_files
        {\n    command <<<\n        echo \"Test file\" > test.txt\n    >>>\n    output
        {\n        Array[File] unmatched_files = glob(\"*.log\")\n    }\n}\n","root":"","options":"{\n  \"read_from_cache\":
        false,\n  \"workflow_failure_mode\": \"ContinueWhilePossible\",\n  \"write_to_cache\":
        false\n}","inputs":"{}","workflowUrl":"","labels":"{}"},"calls":{},"outputs":{},"workflowRoot":"/redacted/_DaSL/user/svc_proof_test/cromwell-scratch/globNonmatching/0cc0ad52-bbe5-4d9c-9495-fef866b07d8c","actualWorkflowLanguage":"WDL","status":"Running","start":"2025-04-17T16:43:40.429Z","id":"0cc0ad52-bbe5-4d9c-9495-fef866b07d8c","inputs":{},"labels":{"cromwell-workflow-id":"cromwell-0cc0ad52-bbe5-4d9c-9495-fef866b07d8c"},"submission":"2025-04-17T16:36:29.532Z"}'
    headers:
      Connection:
      - keep-alive
      Content-Type:
      - application/json
      Date:
      - Thu, 17 Apr 2025 16:44:21 GMT
      Server:
      - nginx/1.25.3
      Transfer-Encoding:
      - chunked
      content-length:
      - '1177'
    status:
      code: 200
      message: OK
- request:
    body: ''
    headers:
      accept:
      - '*/*'
      accept-encoding:
      - gzip, deflate
      connection:
      - keep-alive
      host:
      - gizmok120.fhcrc.org:36633
      user-agent:
      - python-httpx/0.28.1
    method: GET
    uri: https://gizmok120.fhcrc.org:36633/api/workflows/v1/0cc0ad52-bbe5-4d9c-9495-fef866b07d8c/metadata?expandSubWorkflows=false&excludeKey=calls
  response:
    body:
      string: '{"workflowName":"globNonmatching","workflowProcessingEvents":[{"cromwellId":"cromid-3c9da38","description":"Finished","timestamp":"2025-04-17T16:44:21.250Z","cromwellVersion":"87"},{"cromwellId":"cromid-3c9da38","description":"PickedUp","timestamp":"2025-04-17T16:43:40.428Z","cromwellVersion":"87"}],"actualWorkflowLanguageVersion":"1.0","submittedFiles":{"workflow":"version
        1.0\n\nworkflow globNonmatching {\n    call create_files\n    output {\n        Array[File]
        unmatched_files = create_files.unmatched_files\n    }\n}\n\ntask create_files
        {\n    command <<<\n        echo \"Test file\" > test.txt\n    >>>\n    output
        {\n        Array[File] unmatched_files = glob(\"*.log\")\n    }\n}\n","root":"","options":"{\n  \"read_from_cache\":
        false,\n  \"workflow_failure_mode\": \"ContinueWhilePossible\",\n  \"write_to_cache\":
        false\n}","inputs":"{}","workflowUrl":"","labels":"{}"},"calls":{},"outputs":{"globNonmatching.unmatched_files":[]},"workflowRoot":"/redacted/_DaSL/user/svc_proof_test/cromwell-scratch/globNonmatching/0cc0ad52-bbe5-4d9c-9495-fef866b07d8c","actualWorkflowLanguage":"WDL","status":"Succeeded","end":"2025-04-17T16:44:21.250Z","start":"2025-04-17T16:43:40.429Z","id":"0cc0ad52-bbe5-4d9c-9495-fef866b07d8c","inputs":{},"labels":{"cromwell-workflow-id":"cromwell-0cc0ad52-bbe5-4d9c-9495-fef866b07d8c"},"submission":"2025-04-17T16:36:29.532Z"}'
    headers:
      Connection:
      - keep-alive
      Content-Type:
      - application/json
      Date:
      - Thu, 17 Apr 2025 16:44:26 GMT
      Server:
      - nginx/1.25.3
      Transfer-Encoding:
      - chunked
      content-length:
      - '1367'
    status:
      code: 200
      message: OK
version: 1
